
Compilazione completata.
    Avvisi: 0
    Errori: 0

Tempo trascorso 00:00:01.38
