
> @meepleai/web@ test D:\Repositories\meepleai-monorepo\apps\web
> jest --passWithNoTests

PASS src/__tests__/components/ExportChatModal.test.tsx
  ● Console

    console.error
      `DialogContent` requires a `DialogTitle` for the component to be accessible for screen reader users.
      
      If you want to hide the `DialogTitle`, you can wrap it with our VisuallyHidden component.
      
      For more information, see https://radix-ui.com/primitives/docs/components/dialog

    [0m [90m 373 |[39m       [36mreturn[39m[33m;[39m
     [90m 374 |[39m     }
    [31m[1m>[22m[39m[90m 375 |[39m     originalError[33m.[39mcall(console[33m,[39m [33m...[39margs)[33m;[39m
     [90m     |[39m                   [31m[1m^[22m[39m
     [90m 376 |[39m   }[33m;[39m
     [90m 377 |[39m })[33m;[39m
     [90m 378 |[39m[0m

      at console.call [as error] (jest.setup.js:375:19)
      at node_modules/.pnpm/@radix-ui+react-dialog@1.1._664b8f23a65f4708bb5cf27e5ff43c08/node_modules/@radix-ui/react-dialog/src/dialog.tsx:520:30
      at Object.react_stack_bottom_frame (node_modules/.pnpm/react-dom@19.2.0_react@19.2.0/node_modules/react-dom/cjs/react-dom-client.development.js:25989:20)
      at runWithFiberInDEV (node_modules/.pnpm/react-dom@19.2.0_react@19.2.0/node_modules/react-dom/cjs/react-dom-client.development.js:874:13)
      at commitHookEffectListMount (node_modules/.pnpm/react-dom@19.2.0_react@19.2.0/node_modules/react-dom/cjs/react-dom-client.development.js:13249:29)
      at commitHookPassiveMountEffects (node_modules/.pnpm/react-dom@19.2.0_react@19.2.0/node_modules/react-dom/cjs/react-dom-client.development.js:13336:11)
      at commitPassiveMountOnFiber (node_modules/.pnpm/react-dom@19.2.0_react@19.2.0/node_modules/react-dom/cjs/react-dom-client.development.js:15484:13)
      at recursivelyTraversePassiveMountEffects (node_modules/.pnpm/react-dom@19.2.0_react@19.2.0/node_modules/react-dom/cjs/react-dom-client.development.js:15439:11)
      at commitPassiveMountOnFiber (node_modules/.pnpm/react-dom@19.2.0_react@19.2.0/node_modules/react-dom/cjs/react-dom-client.development.js:15718:11)
      at recursivelyTraversePassiveMountEffects (node_modules/.pnpm/react-dom@19.2.0_react@19.2.0/node_modules/react-dom/cjs/react-dom-client.development.js:15439:11)
      at commitPassiveMountOnFiber (node_modules/.pnpm/react-dom@19.2.0_react@19.2.0/node_modules/react-dom/cjs/react-dom-client.development.js:15476:11)
      at recursivelyTraversePassiveMountEffects (node_modules/.pnpm/react-dom@19.2.0_react@19.2.0/node_modules/react-dom/cjs/react-dom-client.development.js:15439:11)
      at commitPassiveMountOnFiber (node_modules/.pnpm/react-dom@19.2.0_react@19.2.0/node_modules/react-dom/cjs/react-dom-client.development.js:15476:11)
      at recursivelyTraversePassiveMountEffects (node_modules/.pnpm/react-dom@19.2.0_react@19.2.0/node_modules/react-dom/cjs/react-dom-client.development.js:15439:11)
      at commitPassiveMountOnFiber (node_modules/.pnpm/react-dom@19.2.0_react@19.2.0/node_modules/react-dom/cjs/react-dom-client.development.js:15476:11)
      at recursivelyTraversePassiveMountEffects (node_modules/.pnpm/react-dom@19.2.0_react@19.2.0/node_modules/react-dom/cjs/react-dom-client.development.js:15439:11)
      at commitPassiveMountOnFiber (node_modules/.pnpm/react-dom@19.2.0_react@19.2.0/node_modules/react-dom/cjs/react-dom-client.development.js:15476:11)
      at recursivelyTraversePassiveMountEffects (node_modules/.pnpm/react-dom@19.2.0_react@19.2.0/node_modules/react-dom/cjs/react-dom-client.development.js:15439:11)
      at commitPassiveMountOnFiber (node_modules/.pnpm/react-dom@19.2.0_react@19.2.0/node_modules/react-dom/cjs/react-dom-client.development.js:15476:11)
      at recursivelyTraversePassiveMountEffects (node_modules/.pnpm/react-dom@19.2.0_react@19.2.0/node_modules/react-dom/cjs/react-dom-client.development.js:15439:11)
      at commitPassiveMountOnFiber (node_modules/.pnpm/react-dom@19.2.0_react@19.2.0/node_modules/react-dom/cjs/react-dom-client.development.js:15476:11)
      at recursivelyTraversePassiveMountEffects (node_modules/.pnpm/react-dom@19.2.0_react@19.2.0/node_modules/react-dom/cjs/react-dom-client.development.js:15439:11)
      at commitPassiveMountOnFiber (node_modules/.pnpm/react-dom@19.2.0_react@19.2.0/node_modules/react-dom/cjs/react-dom-client.development.js:15476:11)
      at recursivelyTraversePassiveMountEffects (node_modules/.pnpm/react-dom@19.2.0_react@19.2.0/node_modules/react-dom/cjs/react-dom-client.development.js:15439:11)
      at commitPassiveMountOnFiber (node_modules/.pnpm/react-dom@19.2.0_react@19.2.0/node_modules/react-dom/cjs/react-dom-client.development.js:15718:11)
      at recursivelyTraversePassiveMountEffects (node_modules/.pnpm/react-dom@19.2.0_react@19.2.0/node_modules/react-dom/cjs/react-dom-client.development.js:15439:11)
      at commitPassiveMountOnFiber (node_modules/.pnpm/react-dom@19.2.0_react@19.2.0/node_modules/react-dom/cjs/react-dom-client.development.js:15476:11)
      at recursivelyTraversePassiveMountEffects (node_modules/.pnpm/react-dom@19.2.0_react@19.2.0/node_modules/react-dom/cjs/react-dom-client.development.js:15439:11)
      at commitPassiveMountOnFiber (node_modules/.pnpm/react-dom@19.2.0_react@19.2.0/node_modules/react-dom/cjs/react-dom-client.development.js:15476:11)
      at recursivelyTraversePassiveMountEffects (node_modules/.pnpm/react-dom@19.2.0_react@19.2.0/node_modules/react-dom/cjs/react-dom-client.development.js:15439:11)
      at commitPassiveMountOnFiber (node_modules/.pnpm/react-dom@19.2.0_react@19.2.0/node_modules/react-dom/cjs/react-dom-client.development.js:15718:11)
      at recursivelyTraversePassiveMountEffects (node_modules/.pnpm/react-dom@19.2.0_react@19.2.0/node_modules/react-dom/cjs/react-dom-client.development.js:15439:11)
      at commitPassiveMountOnFiber (node_modules/.pnpm/react-dom@19.2.0_react@19.2.0/node_modules/react-dom/cjs/react-dom-client.development.js:15476:11)
      at recursivelyTraversePassiveMountEffects (node_modules/.pnpm/react-dom@19.2.0_react@19.2.0/node_modules/react-dom/cjs/react-dom-client.development.js:15439:11)
      at commitPassiveMountOnFiber (node_modules/.pnpm/react-dom@19.2.0_react@19.2.0/node_modules/react-dom/cjs/react-dom-client.development.js:15476:11)
      at recursivelyTraversePassiveMountEffects (node_modules/.pnpm/react-dom@19.2.0_react@19.2.0/node_modules/react-dom/cjs/react-dom-client.development.js:15439:11)
      at commitPassiveMountOnFiber (node_modules/.pnpm/react-dom@19.2.0_react@19.2.0/node_modules/react-dom/cjs/react-dom-client.development.js:15476:11)
      at recursivelyTraversePassiveMountEffects (node_modules/.pnpm/react-dom@19.2.0_react@19.2.0/node_modules/react-dom/cjs/react-dom-client.development.js:15439:11)
      at commitPassiveMountOnFiber (node_modules/.pnpm/react-dom@19.2.0_react@19.2.0/node_modules/react-dom/cjs/react-dom-client.development.js:15718:11)
      at recursivelyTraversePassiveMountEffects (node_modules/.pnpm/react-dom@19.2.0_react@19.2.0/node_modules/react-dom/cjs/react-dom-client.development.js:15439:11)
      at commitPassiveMountOnFiber (node_modules/.pnpm/react-dom@19.2.0_react@19.2.0/node_modules/react-dom/cjs/react-dom-client.development.js:15476:11)
      at recursivelyTraversePassiveMountEffects (node_modules/.pnpm/react-dom@19.2.0_react@19.2.0/node_modules/react-dom/cjs/react-dom-client.development.js:15439:11)
      at commitPassiveMountOnFiber (node_modules/.pnpm/react-dom@19.2.0_react@19.2.0/node_modules/react-dom/cjs/react-dom-client.development.js:15476:11)
      at recursivelyTraversePassiveMountEffects (node_modules/.pnpm/react-dom@19.2.0_react@19.2.0/node_modules/react-dom/cjs/react-dom-client.development.js:15439:11)
      at commitPassiveMountOnFiber (node_modules/.pnpm/react-dom@19.2.0_react@19.2.0/node_modules/react-dom/cjs/react-dom-client.development.js:15476:11)
      at recursivelyTraversePassiveMountEffects (node_modules/.pnpm/react-dom@19.2.0_react@19.2.0/node_modules/react-dom/cjs/react-dom-client.development.js:15439:11)
      at commitPassiveMountOnFiber (node_modules/.pnpm/react-dom@19.2.0_react@19.2.0/node_modules/react-dom/cjs/react-dom-client.development.js:15476:11)
      at recursivelyTraversePassiveMountEffects (node_modules/.pnpm/react-dom@19.2.0_react@19.2.0/node_modules/react-dom/cjs/react-dom-client.development.js:15439:11)
      at commitPassiveMountOnFiber (node_modules/.pnpm/react-dom@19.2.0_react@19.2.0/node_modules/react-dom/cjs/react-dom-client.development.js:15519:11)
      at flushPassiveEffects (node_modules/.pnpm/react-dom@19.2.0_react@19.2.0/node_modules/react-dom/cjs/react-dom-client.development.js:18432:9)
      at flushPendingEffects (node_modules/.pnpm/react-dom@19.2.0_react@19.2.0/node_modules/react-dom/cjs/react-dom-client.development.js:18358:14)
      at flushSpawnedWork (node_modules/.pnpm/react-dom@19.2.0_react@19.2.0/node_modules/react-dom/cjs/react-dom-client.development.js:18323:44)
      at commitRoot (node_modules/.pnpm/react-dom@19.2.0_react@19.2.0/node_modules/react-dom/cjs/react-dom-client.development.js:17955:9)
      at performWorkOnRoot (node_modules/.pnpm/react-dom@19.2.0_react@19.2.0/node_modules/react-dom/cjs/react-dom-client.development.js:16667:15)
      at performSyncWorkOnRoot (node_modules/.pnpm/react-dom@19.2.0_react@19.2.0/node_modules/react-dom/cjs/react-dom-client.development.js:18972:7)
      at flushSyncWorkAcrossRoots_impl (node_modules/.pnpm/react-dom@19.2.0_react@19.2.0/node_modules/react-dom/cjs/react-dom-client.development.js:18814:21)
      at flushSpawnedWork (node_modules/.pnpm/react-dom@19.2.0_react@19.2.0/node_modules/react-dom/cjs/react-dom-client.development.js:18334:9)
      at commitRoot (node_modules/.pnpm/react-dom@19.2.0_react@19.2.0/node_modules/react-dom/cjs/react-dom-client.development.js:17955:9)
      at performWorkOnRoot (node_modules/.pnpm/react-dom@19.2.0_react@19.2.0/node_modules/react-dom/cjs/react-dom-client.development.js:16667:15)
      at performWorkOnRootViaSchedulerTask (node_modules/.pnpm/react-dom@19.2.0_react@19.2.0/node_modules/react-dom/cjs/react-dom-client.development.js:18957:7)
      at flushActQueue (node_modules/.pnpm/react@19.2.0/node_modules/react/cjs/react.development.js:590:34)
      at process.env.NODE_ENV.exports.act (node_modules/.pnpm/react@19.2.0/node_modules/react/cjs/react.development.js:884:10)
      at node_modules/.pnpm/@testing-library+react@16.3_15d474de7481bb0af842c1b1705139a8/node_modules/@testing-library/react/dist/act-compat.js:47:25
      at renderRoot (node_modules/.pnpm/@testing-library+react@16.3_15d474de7481bb0af842c1b1705139a8/node_modules/@testing-library/react/dist/pure.js:190:26)
      at render (node_modules/.pnpm/@testing-library+react@16.3_15d474de7481bb0af842c1b1705139a8/node_modules/@testing-library/react/dist/pure.js:292:10)
      at Object.<anonymous> (src/__tests__/components/ExportChatModal.test.tsx:50:13)

    console.warn
      Warning: Missing `Description` or `aria-describedby={undefined}` for {DialogContent}.

    [0m [90m 48 |[39m   describe([32m'Basic Rendering'[39m[33m,[39m () [33m=>[39m {
     [90m 49 |[39m     it([32m'renders modal when isOpen is true'[39m[33m,[39m () [33m=>[39m {
    [31m[1m>[22m[39m[90m 50 |[39m       render([33m<[39m[33mExportChatModal[39m {[33m...[39mdefaultProps} [33m/[39m[33m>[39m)[33m;[39m
     [90m    |[39m             [31m[1m^[22m[39m
     [90m 51 |[39m
     [90m 52 |[39m       expect(screen[33m.[39mgetByText([32m'Esporta Chat'[39m))[33m.[39mtoBeInTheDocument()[33m;[39m
     [90m 53 |[39m       expect(screen[33m.[39mgetByText([35m/Esporta la conversazione per Chess/[39m))[33m.[39mtoBeInTheDocument()[33m;[39m[0m

      at node_modules/.pnpm/@radix-ui+react-dialog@1.1._664b8f23a65f4708bb5cf27e5ff43c08/node_modules/@radix-ui/react-dialog/src/dialog.tsx:543:36
      at Object.react_stack_bottom_frame (node_modules/.pnpm/react-dom@19.2.0_react@19.2.0/node_modules/react-dom/cjs/react-dom-client.development.js:25989:20)
      at runWithFiberInDEV (node_modules/.pnpm/react-dom@19.2.0_react@19.2.0/node_modules/react-dom/cjs/react-dom-client.development.js:874:13)
      at commitHookEffectListMount (node_modules/.pnpm/react-dom@19.2.0_react@19.2.0/node_modules/react-dom/cjs/react-dom-client.development.js:13249:29)
      at commitHookPassiveMountEffects (node_modules/.pnpm/react-dom@19.2.0_react@19.2.0/node_modules/react-dom/cjs/react-dom-client.development.js:13336:11)
      at commitPassiveMountOnFiber (node_modules/.pnpm/react-dom@19.2.0_react@19.2.0/node_modules/react-dom/cjs/react-dom-client.development.js:15484:13)
      at recursivelyTraversePassiveMountEffects (node_modules/.pnpm/react-dom@19.2.0_react@19.2.0/node_modules/react-dom/cjs/react-dom-client.development.js:15439:11)
      at commitPassiveMountOnFiber (node_modules/.pnpm/react-dom@19.2.0_react@19.2.0/node_modules/react-dom/cjs/react-dom-client.development.js:15718:11)
      at recursivelyTraversePassiveMountEffects (node_modules/.pnpm/react-dom@19.2.0_react@19.2.0/node_modules/react-dom/cjs/react-dom-client.development.js:15439:11)
      at commitPassiveMountOnFiber (node_modules/.pnpm/react-dom@19.2.0_react@19.2.0/node_modules/react-dom/cjs/react-dom-client.development.js:15476:11)
      at recursivelyTraversePassiveMountEffects (node_modules/.pnpm/react-dom@19.2.0_react@19.2.0/node_modules/react-dom/cjs/react-dom-client.development.js:15439:11)
      at commitPassiveMountOnFiber (node_modules/.pnpm/react-dom@19.2.0_react@19.2.0/node_modules/react-dom/cjs/react-dom-client.development.js:15476:11)
      at recursivelyTraversePassiveMountEffects (node_modules/.pnpm/react-dom@19.2.0_react@19.2.0/node_modules/react-dom/cjs/react-dom-client.development.js:15439:11)
      at commitPassiveMountOnFiber (node_modules/.pnpm/react-dom@19.2.0_react@19.2.0/node_modules/react-dom/cjs/react-dom-client.development.js:15476:11)
      at recursivelyTraversePassiveMountEffects (node_modules/.pnpm/react-dom@19.2.0_react@19.2.0/node_modules/react-dom/cjs/react-dom-client.development.js:15439:11)
      at commitPassiveMountOnFiber (node_modules/.pnpm/react-dom@19.2.0_react@19.2.0/node_modules/react-dom/cjs/react-dom-client.development.js:15476:11)
      at recursivelyTraversePassiveMountEffects (node_modules/.pnpm/react-dom@19.2.0_react@19.2.0/node_modules/react-dom/cjs/react-dom-client.development.js:15439:11)
      at commitPassiveMountOnFiber (node_modules/.pnpm/react-dom@19.2.0_react@19.2.0/node_modules/react-dom/cjs/react-dom-client.development.js:15476:11)
      at recursivelyTraversePassiveMountEffects (node_modules/.pnpm/react-dom@19.2.0_react@19.2.0/node_modules/react-dom/cjs/react-dom-client.development.js:15439:11)
      at commitPassiveMountOnFiber (node_modules/.pnpm/react-dom@19.2.0_react@19.2.0/node_modules/react-dom/cjs/react-dom-client.development.js:15476:11)
      at recursivelyTraversePassiveMountEffects (node_modules/.pnpm/react-dom@19.2.0_react@19.2.0/node_modules/react-dom/cjs/react-dom-client.development.js:15439:11)
      at commitPassiveMountOnFiber (node_modules/.pnpm/react-dom@19.2.0_react@19.2.0/node_modules/react-dom/cjs/react-dom-client.development.js:15476:11)
      at recursivelyTraversePassiveMountEffects (node_modules/.pnpm/react-dom@19.2.0_react@19.2.0/node_modules/react-dom/cjs/react-dom-client.development.js:15439:11)
      at commitPassiveMountOnFiber (node_modules/.pnpm/react-dom@19.2.0_react@19.2.0/node_modules/react-dom/cjs/react-dom-client.development.js:15718:11)
      at recursivelyTraversePassiveMountEffects (node_modules/.pnpm/react-dom@19.2.0_react@19.2.0/node_modules/react-dom/cjs/react-dom-client.development.js:15439:11)
      at commitPassiveMountOnFiber (node_modules/.pnpm/react-dom@19.2.0_react@19.2.0/node_modules/react-dom/cjs/react-dom-client.development.js:15476:11)
      at recursivelyTraversePassiveMountEffects (node_modules/.pnpm/react-dom@19.2.0_react@19.2.0/node_modules/react-dom/cjs/react-dom-client.development.js:15439:11)
      at commitPassiveMountOnFiber (node_modules/.pnpm/react-dom@19.2.0_react@19.2.0/node_modules/react-dom/cjs/react-dom-client.development.js:15476:11)
      at recursivelyTraversePassiveMountEffects (node_modules/.pnpm/react-dom@19.2.0_react@19.2.0/node_modules/react-dom/cjs/react-dom-client.development.js:15439:11)
      at commitPassiveMountOnFiber (node_modules/.pnpm/react-dom@19.2.0_react@19.2.0/node_modules/react-dom/cjs/react-dom-client.development.js:15718:11)
      at recursivelyTraversePassiveMountEffects (node_modules/.pnpm/react-dom@19.2.0_react@19.2.0/node_modules/react-dom/cjs/react-dom-client.development.js:15439:11)
      at commitPassiveMountOnFiber (node_modules/.pnpm/react-dom@19.2.0_react@19.2.0/node_modules/react-dom/cjs/react-dom-client.development.js:15476:11)
      at recursivelyTraversePassiveMountEffects (node_modules/.pnpm/react-dom@19.2.0_react@19.2.0/node_modules/react-dom/cjs/react-dom-client.development.js:15439:11)
      at commitPassiveMountOnFiber (node_modules/.pnpm/react-dom@19.2.0_react@19.2.0/node_modules/react-dom/cjs/react-dom-client.development.js:15476:11)
      at recursivelyTraversePassiveMountEffects (node_modules/.pnpm/react-dom@19.2.0_react@19.2.0/node_modules/react-dom/cjs/react-dom-client.development.js:15439:11)
      at commitPassiveMountOnFiber (node_modules/.pnpm/react-dom@19.2.0_react@19.2.0/node_modules/react-dom/cjs/react-dom-client.development.js:15476:11)
      at recursivelyTraversePassiveMountEffects (node_modules/.pnpm/react-dom@19.2.0_react@19.2.0/node_modules/react-dom/cjs/react-dom-client.development.js:15439:11)
      at commitPassiveMountOnFiber (node_modules/.pnpm/react-dom@19.2.0_react@19.2.0/node_modules/react-dom/cjs/react-dom-client.development.js:15718:11)
      at recursivelyTraversePassiveMountEffects (node_modules/.pnpm/react-dom@19.2.0_react@19.2.0/node_modules/react-dom/cjs/react-dom-client.development.js:15439:11)
      at commitPassiveMountOnFiber (node_modules/.pnpm/react-dom@19.2.0_react@19.2.0/node_modules/react-dom/cjs/react-dom-client.development.js:15476:11)
      at recursivelyTraversePassiveMountEffects (node_modules/.pnpm/react-dom@19.2.0_react@19.2.0/node_modules/react-dom/cjs/react-dom-client.development.js:15439:11)
      at commitPassiveMountOnFiber (node_modules/.pnpm/react-dom@19.2.0_react@19.2.0/node_modules/react-dom/cjs/react-dom-client.development.js:15476:11)
      at recursivelyTraversePassiveMountEffects (node_modules/.pnpm/react-dom@19.2.0_react@19.2.0/node_modules/react-dom/cjs/react-dom-client.development.js:15439:11)
      at commitPassiveMountOnFiber (node_modules/.pnpm/react-dom@19.2.0_react@19.2.0/node_modules/react-dom/cjs/react-dom-client.development.js:15476:11)
      at recursivelyTraversePassiveMountEffects (node_modules/.pnpm/react-dom@19.2.0_react@19.2.0/node_modules/react-dom/cjs/react-dom-client.development.js:15439:11)
      at commitPassiveMountOnFiber (node_modules/.pnpm/react-dom@19.2.0_react@19.2.0/node_modules/react-dom/cjs/react-dom-client.development.js:15476:11)
      at recursivelyTraversePassiveMountEffects (node_modules/.pnpm/react-dom@19.2.0_react@19.2.0/node_modules/react-dom/cjs/react-dom-client.development.js:15439:11)
      at commitPassiveMountOnFiber (node_modules/.pnpm/react-dom@19.2.0_react@19.2.0/node_modules/react-dom/cjs/react-dom-client.development.js:15519:11)
      at flushPassiveEffects (node_modules/.pnpm/react-dom@19.2.0_react@19.2.0/node_modules/react-dom/cjs/react-dom-client.development.js:18432:9)
      at flushPendingEffects (node_modules/.pnpm/react-dom@19.2.0_react@19.2.0/node_modules/react-dom/cjs/react-dom-client.development.js:18358:14)
      at flushSpawnedWork (node_modules/.pnpm/react-dom@19.2.0_react@19.2.0/node_modules/react-dom/cjs/react-dom-client.development.js:18323:44)
      at commitRoot (node_modules/.pnpm/react-dom@19.2.0_react@19.2.0/node_modules/react-dom/cjs/react-dom-client.development.js:17955:9)
      at performWorkOnRoot (node_modules/.pnpm/react-dom@19.2.0_react@19.2.0/node_modules/react-dom/cjs/react-dom-client.development.js:16667:15)
      at performSyncWorkOnRoot (node_modules/.pnpm/react-dom@19.2.0_react@19.2.0/node_modules/react-dom/cjs/react-dom-client.development.js:18972:7)
      at flushSyncWorkAcrossRoots_impl (node_modules/.pnpm/react-dom@19.2.0_react@19.2.0/node_modules/react-dom/cjs/react-dom-client.development.js:18814:21)
      at flushSpawnedWork (node_modules/.pnpm/react-dom@19.2.0_react@19.2.0/node_modules/react-dom/cjs/react-dom-client.development.js:18334:9)
      at commitRoot (node_modules/.pnpm/react-dom@19.2.0_react@19.2.0/node_modules/react-dom/cjs/react-dom-client.development.js:17955:9)
      at performWorkOnRoot (node_modules/.pnpm/react-dom@19.2.0_react@19.2.0/node_modules/react-dom/cjs/react-dom-client.development.js:16667:15)
      at performWorkOnRootViaSchedulerTask (node_modules/.pnpm/react-dom@19.2.0_react@19.2.0/node_modules/react-dom/cjs/react-dom-client.development.js:18957:7)
      at flushActQueue (node_modules/.pnpm/react@19.2.0/node_modules/react/cjs/react.development.js:590:34)
      at process.env.NODE_ENV.exports.act (node_modules/.pnpm/react@19.2.0/node_modules/react/cjs/react.development.js:884:10)
      at node_modules/.pnpm/@testing-library+react@16.3_15d474de7481bb0af842c1b1705139a8/node_modules/@testing-library/react/dist/act-compat.js:47:25
      at renderRoot (node_modules/.pnpm/@testing-library+react@16.3_15d474de7481bb0af842c1b1705139a8/node_modules/@testing-library/react/dist/pure.js:190:26)
      at render (node_modules/.pnpm/@testing-library+react@16.3_15d474de7481bb0af842c1b1705139a8/node_modules/@testing-library/react/dist/pure.js:292:10)
      at Object.<anonymous> (src/__tests__/components/ExportChatModal.test.tsx:50:13)

    console.error
      `DialogContent` requires a `DialogTitle` for the component to be accessible for screen reader users.
      
      If you want to hide the `DialogTitle`, you can wrap it with our VisuallyHidden component.
      
      For more information, see https://radix-ui.com/primitives/docs/components/dialog

    [0m [90m 373 |[39m       [36mreturn[39m[33m;[39m
     [90m 374 |[39m     }
    [31m[1m>[22m[39m[90m 375 |[39m     originalError[33m.[39mcall(console[33m,[39m [33m...[39margs)[33m;[39m
     [90m     |[39m                   [31m[1m^[22m[39m
     [90m 376 |[39m   }[33m;[39m
     [90m 377 |[39m })[33m;[39m
     [90m 378 |[39m[0m

      at console.call [as error] (jest.setup.js:375:19)
      at node_modules/.pnpm/@radix-ui+react-dialog@1.1._664b8f23a65f4708bb5cf27e5ff43c08/node_modules/@radix-ui/react-dialog/src/dialog.tsx:520:30
      at Object.react_stack_bottom_frame (node_modules/.pnpm/react-dom@19.2.0_react@19.2.0/node_modules/react-dom/cjs/react-dom-client.development.js:25989:20)
      at runWithFiberInDEV (node_modules/.pnpm/react-dom@19.2.0_react@19.2.0/node_modules/react-dom/cjs/react-dom-client.development.js:874:13)
      at commitHookEffectListMount (node_modules/.pnpm/react-dom@19.2.0_react@19.2.0/node_modules/react-dom/cjs/react-dom-client.development.js:13249:29)
      at commitHookPassiveMountEffects (node_modules/.pnpm/react-dom@19.2.0_react@19.2.0/node_modules/react-dom/cjs/react-dom-client.development.js:13336:11)
      at commitPassiveMountOnFiber (node_modules/.pnpm/react-dom@19.2.0_react@19.2.0/node_modules/react-dom/cjs/react-dom-client.development.js:15484:13)
      at recursivelyTraversePassiveMountEffects (node_modules/.pnpm/react-dom@19.2.0_react@19.2.0/node_modules/react-dom/cjs/react-dom-client.development.js:15439:11)
      at commitPassiveMountOnFiber (node_modules/.pnpm/react-dom@19.2.0_react@19.2.0/node_modules/react-dom/cjs/react-dom-client.development.js:15718:11)
      at recursivelyTraversePassiveMountEffects (node_modules/.pnpm/react-dom@19.2.0_react@19.2.0/node_modules/react-dom/cjs/react-dom-client.development.js:15439:11)
      at commitPassiveMountOnFiber (node_modules/.pnpm/react-dom@19.2.0_react@19.2.0/node_modules/react-dom/cjs/react-dom-client.development.js:15476:11)
      at recursivelyTraversePassiveMountEffects (node_modules/.pnpm/react-dom@19.2.0_react@19.2.0/node_modules/react-dom/cjs/react-dom-client.development.js:15439:11)
      at commitPassiveMountOnFiber (node_modules/.pnpm/react-dom@19.2.0_react@19.2.0/node_modules/react-dom/cjs/react-dom-client.development.js:15476:11)
      at recursivelyTraversePassiveMountEffects (node_modules/.pnpm/react-dom@19.2.0_react@19.2.0/node_modules/react-dom/cjs/react-dom-client.development.js:15439:11)
      at commitPassiveMountOnFiber (node_modules/.pnpm/react-dom@19.2.0_react@19.2.0/node_modules/react-dom/cjs/react-dom-client.development.js:15476:11)
      at recursivelyTraversePassiveMountEffects (node_modules/.pnpm/react-dom@19.2.0_react@19.2.0/node_modules/react-dom/cjs/react-dom-client.development.js:15439:11)
      at commitPassiveMountOnFiber (node_modules/.pnpm/react-dom@19.2.0_react@19.2.0/node_modules/react-dom/cjs/react-dom-client.development.js:15476:11)
      at recursivelyTraversePassiveMountEffects (node_modules/.pnpm/react-dom@19.2.0_react@19.2.0/node_modules/react-dom/cjs/react-dom-client.development.js:15439:11)
      at commitPassiveMountOnFiber (node_modules/.pnpm/react-dom@19.2.0_react@19.2.0/node_modules/react-dom/cjs/react-dom-client.development.js:15476:11)
      at recursivelyTraversePassiveMountEffects (node_modules/.pnpm/react-dom@19.2.0_react@19.2.0/node_modules/react-dom/cjs/react-dom-client.development.js:15439:11)
      at commitPassiveMountOnFiber (node_modules/.pnpm/react-dom@19.2.0_react@19.2.0/node_modules/react-dom/cjs/react-dom-client.development.js:15476:11)
      at recursivelyTraversePassiveMountEffects (node_modules/.pnpm/react-dom@19.2.0_react@19.2.0/node_modules/react-dom/cjs/react-dom-client.development.js:15439:11)
      at commitPassiveMountOnFiber (node_modules/.pnpm/react-dom@19.2.0_react@19.2.0/node_modules/react-dom/cjs/react-dom-client.development.js:15476:11)
      at recursivelyTraversePassiveMountEffects (node_modules/.pnpm/react-dom@19.2.0_react@19.2.0/node_modules/react-dom/cjs/react-dom-client.development.js:15439:11)
      at commitPassiveMountOnFiber (node_modules/.pnpm/react-dom@19.2.0_react@19.2.0/node_modules/react-dom/cjs/react-dom-client.development.js:15718:11)
      at recursivelyTraversePassiveMountEffects (node_modules/.pnpm/react-dom@19.2.0_react@19.2.0/node_modules/react-dom/cjs/react-dom-client.development.js:15439:11)
      at commitPassiveMountOnFiber (node_modules/.pnpm/react-dom@19.2.0_react@19.2.0/node_modules/react-dom/cjs/react-dom-client.development.js:15476:11)
      at recursivelyTraversePassiveMountEffects (node_modules/.pnpm/react-dom@19.2.0_react@19.2.0/node_modules/react-dom/cjs/react-dom-client.development.js:15439:11)
      at commitPassiveMountOnFiber (node_modules/.pnpm/react-dom@19.2.0_react@19.2.0/node_modules/react-dom/cjs/react-dom-client.development.js:15476:11)
      at recursivelyTraversePassiveMountEffects (node_modules/.pnpm/react-dom@19.2.0_react@19.2.0/node_modules/react-dom/cjs/react-dom-client.development.js:15439:11)
      at commitPassiveMountOnFiber (node_modules/.pnpm/react-dom@19.2.0_react@19.2.0/node_modules/react-dom/cjs/react-dom-client.development.js:15718:11)
      at recursivelyTraversePassiveMountEffects (node_modules/.pnpm/react-dom@19.2.0_react@19.2.0/node_modules/react-dom/cjs/react-dom-client.development.js:15439:11)
      at commitPassiveMountOnFiber (node_modules/.pnpm/react-dom@19.2.0_react@19.2.0/node_modules/react-dom/cjs/react-dom-client.development.js:15476:11)
      at recursivelyTraversePassiveMountEffects (node_modules/.pnpm/react-dom@19.2.0_react@19.2.0/node_modules/react-dom/cjs/react-dom-client.development.js:15439:11)
      at commitPassiveMountOnFiber (node_modules/.pnpm/react-dom@19.2.0_react@19.2.0/node_modules/react-dom/cjs/react-dom-client.development.js:15476:11)
      at recursivelyTraversePassiveMountEffects (node_modules/.pnpm/react-dom@19.2.0_react@19.2.0/node_modules/react-dom/cjs/react-dom-client.development.js:15439:11)
      at commitPassiveMountOnFiber (node_modules/.pnpm/react-dom@19.2.0_react@19.2.0/node_modules/react-dom/cjs/react-dom-client.development.js:15476:11)
      at recursivelyTraversePassiveMountEffects (node_modules/.pnpm/react-dom@19.2.0_react@19.2.0/node_modules/react-dom/cjs/react-dom-client.development.js:15439:11)
      at commitPassiveMountOnFiber (node_modules/.pnpm/react-dom@19.2.0_react@19.2.0/node_modules/react-dom/cjs/react-dom-client.development.js:15718:11)
      at recursivelyTraversePassiveMountEffects (node_modules/.pnpm/react-dom@19.2.0_react@19.2.0/node_modules/react-dom/cjs/react-dom-client.development.js:15439:11)
      at commitPassiveMountOnFiber (node_modules/.pnpm/react-dom@19.2.0_react@19.2.0/node_modules/react-dom/cjs/react-dom-client.development.js:15476:11)
      at recursivelyTraversePassiveMountEffects (node_modules/.pnpm/react-dom@19.2.0_react@19.2.0/node_modules/react-dom/cjs/react-dom-client.development.js:15439:11)
      at commitPassiveMountOnFiber (node_modules/.pnpm/react-dom@19.2.0_react@19.2.0/node_modules/react-dom/cjs/react-dom-client.development.js:15476:11)
      at recursivelyTraversePassiveMountEffects (node_modules/.pnpm/react-dom@19.2.0_react@19.2.0/node_modules/react-dom/cjs/react-dom-client.development.js:15439:11)
      at commitPassiveMountOnFiber (node_modules/.pnpm/react-dom@19.2.0_react@19.2.0/node_modules/react-dom/cjs/react-dom-client.development.js:15476:11)
      at recursivelyTraversePassiveMountEffects (node_modules/.pnpm/react-dom@19.2.0_react@19.2.0/node_modules/react-dom/cjs/react-dom-client.development.js:15439:11)
      at commitPassiveMountOnFiber (node_modules/.pnpm/react-dom@19.2.0_react@19.2.0/node_modules/react-dom/cjs/react-dom-client.development.js:15476:11)
      at recursivelyTraversePassiveMountEffects (node_modules/.pnpm/react-dom@19.2.0_react@19.2.0/node_modules/react-dom/cjs/react-dom-client.development.js:15439:11)
      at commitPassiveMountOnFiber (node_modules/.pnpm/react-dom@19.2.0_react@19.2.0/node_modules/react-dom/cjs/react-dom-client.development.js:15519:11)
      at flushPassiveEffects (node_modules/.pnpm/react-dom@19.2.0_react@19.2.0/node_modules/react-dom/cjs/react-dom-client.development.js:18432:9)
      at flushPendingEffects (node_modules/.pnpm/react-dom@19.2.0_react@19.2.0/node_modules/react-dom/cjs/react-dom-client.development.js:18358:14)
      at flushSpawnedWork (node_modules/.pnpm/react-dom@19.2.0_react@19.2.0/node_modules/react-dom/cjs/react-dom-client.development.js:18323:44)
      at commitRoot (node_modules/.pnpm/react-dom@19.2.0_react@19.2.0/node_modules/react-dom/cjs/react-dom-client.development.js:17955:9)
      at performWorkOnRoot (node_modules/.pnpm/react-dom@19.2.0_react@19.2.0/node_modules/react-dom/cjs/react-dom-client.development.js:16667:15)
      at performSyncWorkOnRoot (node_modules/.pnpm/react-dom@19.2.0_react@19.2.0/node_modules/react-dom/cjs/react-dom-client.development.js:18972:7)
      at flushSyncWorkAcrossRoots_impl (node_modules/.pnpm/react-dom@19.2.0_react@19.2.0/node_modules/react-dom/cjs/react-dom-client.development.js:18814:21)
      at flushSpawnedWork (node_modules/.pnpm/react-dom@19.2.0_react@19.2.0/node_modules/react-dom/cjs/react-dom-client.development.js:18334:9)
      at commitRoot (node_modules/.pnpm/react-dom@19.2.0_react@19.2.0/node_modules/react-dom/cjs/react-dom-client.development.js:17955:9)
      at performWorkOnRoot (node_modules/.pnpm/react-dom@19.2.0_react@19.2.0/node_modules/react-dom/cjs/react-dom-client.development.js:16667:15)
      at performWorkOnRootViaSchedulerTask (node_modules/.pnpm/react-dom@19.2.0_react@19.2.0/node_modules/react-dom/cjs/react-dom-client.development.js:18957:7)
      at flushActQueue (node_modules/.pnpm/react@19.2.0/node_modules/react/cjs/react.development.js:590:34)
      at process.env.NODE_ENV.exports.act (node_modules/.pnpm/react@19.2.0/node_modules/react/cjs/react.development.js:884:10)
      at node_modules/.pnpm/@testing-library+react@16.3_15d474de7481bb0af842c1b1705139a8/node_modules/@testing-library/react/dist/act-compat.js:47:25
      at renderRoot (node_modules/.pnpm/@testing-library+react@16.3_15d474de7481bb0af842c1b1705139a8/node_modules/@testing-library/react/dist/pure.js:190:26)
      at render (node_modules/.pnpm/@testing-library+react@16.3_15d474de7481bb0af842c1b1705139a8/node_modules/@testing-library/react/dist/pure.js:292:10)
      at Object.<anonymous> (src/__tests__/components/ExportChatModal.test.tsx:63:13)

    console.warn
      Warning: Missing `Description` or `aria-describedby={undefined}` for {DialogContent}.

    [0m [90m 61 |[39m
     [90m 62 |[39m     it([32m'displays game name in description'[39m[33m,[39m () [33m=>[39m {
    [31m[1m>[22m[39m[90m 63 |[39m       render([33m<[39m[33mExportChatModal[39m {[33m...[39mdefaultProps} gameName[33m=[39m[32m"Monopoly"[39m [33m/[39m[33m>[39m)[33m;[39m
     [90m    |[39m             [31m[1m^[22m[39m
     [90m 64 |[39m
     [90m 65 |[39m       expect(screen[33m.[39mgetByText([35m/Esporta la conversazione per Monopoly/[39m))[33m.[39mtoBeInTheDocument()[33m;[39m
     [90m 66 |[39m     })[33m;[39m[0m

      at node_modules/.pnpm/@radix-ui+react-dialog@1.1._664b8f23a65f4708bb5cf27e5ff43c08/node_modules/@radix-ui/react-dialog/src/dialog.tsx:543:36
      at Object.react_stack_bottom_frame (node_modules/.pnpm/react-dom@19.2.0_react@19.2.0/node_modules/react-dom/cjs/react-dom-client.development.js:25989:20)
      at runWithFiberInDEV (node_modules/.pnpm/react-dom@19.2.0_react@19.2.0/node_modules/react-dom/cjs/react-dom-client.development.js:874:13)
      at commitHookEffectListMount (node_modules/.pnpm/react-dom@19.2.0_react@19.2.0/node_modules/react-dom/cjs/react-dom-client.development.js:13249:29)
      at commitHookPassiveMountEffects (node_modules/.pnpm/react-dom@19.2.0_react@19.2.0/node_modules/react-dom/cjs/react-dom-client.development.js:13336:11)
      at commitPassiveMountOnFiber (node_modules/.pnpm/react-dom@19.2.0_react@19.2.0/node_modules/react-dom/cjs/react-dom-client.development.js:15484:13)
      at recursivelyTraversePassiveMountEffects (node_modules/.pnpm/react-dom@19.2.0_react@19.2.0/node_modules/react-dom/cjs/react-dom-client.development.js:15439:11)
      at commitPassiveMountOnFiber (node_modules/.pnpm/react-dom@19.2.0_react@19.2.0/node_modules/react-dom/cjs/react-dom-client.development.js:15718:11)
      at recursivelyTraversePassiveMountEffects (node_modules/.pnpm/react-dom@19.2.0_react@19.2.0/node_modules/react-dom/cjs/react-dom-client.development.js:15439:11)
      at commitPassiveMountOnFiber (node_modules/.pnpm/react-dom@19.2.0_react@19.2.0/node_modules/react-dom/cjs/react-dom-client.development.js:15476:11)
      at recursivelyTraversePassiveMountEffects (node_modules/.pnpm/react-dom@19.2.0_react@19.2.0/node_modules/react-dom/cjs/react-dom-client.development.js:15439:11)
      at commitPassiveMountOnFiber (node_modules/.pnpm/react-dom@19.2.0_react@19.2.0/node_modules/react-dom/cjs/react-dom-client.development.js:15476:11)
      at recursivelyTraversePassiveMountEffects (node_modules/.pnpm/react-dom@19.2.0_react@19.2.0/node_modules/react-dom/cjs/react-dom-client.development.js:15439:11)
      at commitPassiveMountOnFiber (node_modules/.pnpm/react-dom@19.2.0_react@19.2.0/node_modules/react-dom/cjs/react-dom-client.development.js:15476:11)
      at recursivelyTraversePassiveMountEffects (node_modules/.pnpm/react-dom@19.2.0_react@19.2.0/node_modules/react-dom/cjs/react-dom-client.development.js:15439:11)
      at commitPassiveMountOnFiber (node_modules/.pnpm/react-dom@19.2.0_react@19.2.0/node_modules/react-dom/cjs/react-dom-client.development.js:15476:11)
      at recursivelyTraversePassiveMountEffects (node_modules/.pnpm/react-dom@19.2.0_react@19.2.0/node_modules/react-dom/cjs/react-dom-client.development.js:15439:11)
      at commitPassiveMountOnFiber (node_modules/.pnpm/react-dom@19.2.0_react@19.2.0/node_modules/react-dom/cjs/react-dom-client.development.js:15476:11)
      at recursivelyTraversePassiveMountEffects (node_modules/.pnpm/react-dom@19.2.0_react@19.2.0/node_modules/react-dom/cjs/react-dom-client.development.js:15439:11)
      at commitPassiveMountOnFiber (node_modules/.pnpm/react-dom@19.2.0_react@19.2.0/node_modules/react-dom/cjs/react-dom-client.development.js:15476:11)
      at recursivelyTraversePassiveMountEffects (node_modules/.pnpm/react-dom@19.2.0_react@19.2.0/node_modules/react-dom/cjs/react-dom-client.development.js:15439:11)
      at commitPassiveMountOnFiber (node_modules/.pnpm/react-dom@19.2.0_react@19.2.0/node_modules/react-dom/cjs/react-dom-client.development.js:15476:11)
      at recursivelyTraversePassiveMountEffects (node_modules/.pnpm/react-dom@19.2.0_react@19.2.0/node_modules/react-dom/cjs/react-dom-client.development.js:15439:11)
      at commitPassiveMountOnFiber (node_modules/.pnpm/react-dom@19.2.0_react@19.2.0/node_modules/react-dom/cjs/react-dom-client.development.js:15718:11)
      at recursivelyTraversePassiveMountEffects (node_modules/.pnpm/react-dom@19.2.0_react@19.2.0/node_modules/react-dom/cjs/react-dom-client.development.js:15439:11)
      at commitPassiveMountOnFiber (node_modules/.pnpm/react-dom@19.2.0_react@19.2.0/node_modules/react-dom/cjs/react-dom-client.development.js:15476:11)
      at recursivelyTraversePassiveMountEffects (node_modules/.pnpm/react-dom@19.2.0_react@19.2.0/node_modules/react-dom/cjs/react-dom-client.development.js:15439:11)
      at commitPassiveMountOnFiber (node_modules/.pnpm/react-dom@19.2.0_react@19.2.0/node_modules/react-dom/cjs/react-dom-client.development.js:15476:11)
      at recursivelyTraversePassiveMountEffects (node_modules/.pnpm/react-dom@19.2.0_react@19.2.0/node_modules/react-dom/cjs/react-dom-client.development.js:15439:11)
      at commitPassiveMountOnFiber (node_modules/.pnpm/react-dom@19.2.0_react@19.2.0/node_modules/react-dom/cjs/react-dom-client.development.js:15718:11)
      at recursivelyTraversePassiveMountEffects (node_modules/.pnpm/react-dom@19.2.0_react@19.2.0/node_modules/react-dom/cjs/react-dom-client.development.js:15439:11)
      at commitPassiveMountOnFiber (node_modules/.pnpm/react-dom@19.2.0_react@19.2.0/node_modules/react-dom/cjs/react-dom-client.development.js:15476:11)
      at recursivelyTraversePassiveMountEffects (node_modules/.pnpm/react-dom@19.2.0_react@19.2.0/node_modules/react-dom/cjs/react-dom-client.development.js:15439:11)
      at commitPassiveMountOnFiber (node_modules/.pnpm/react-dom@19.2.0_react@19.2.0/node_modules/react-dom/cjs/react-dom-client.development.js:15476:11)
      at recursivelyTraversePassiveMountEffects (node_modules/.pnpm/react-dom@19.2.0_react@19.2.0/node_modules/react-dom/cjs/react-dom-client.development.js:15439:11)
      at commitPassiveMountOnFiber (node_modules/.pnpm/react-dom@19.2.0_react@19.2.0/node_modules/react-dom/cjs/react-dom-client.development.js:15476:11)
      at recursivelyTraversePassiveMountEffects (node_modules/.pnpm/react-dom@19.2.0_react@19.2.0/node_modules/react-dom/cjs/react-dom-client.development.js:15439:11)
      at commitPassiveMountOnFiber (node_modules/.pnpm/react-dom@19.2.0_react@19.2.0/node_modules/react-dom/cjs/react-dom-client.development.js:15718:11)
      at recursivelyTraversePassiveMountEffects (node_modules/.pnpm/react-dom@19.2.0_react@19.2.0/node_modules/react-dom/cjs/react-dom-client.development.js:15439:11)
      at commitPassiveMountOnFiber (node_modules/.pnpm/react-dom@19.2.0_react@19.2.0/node_modules/react-dom/cjs/react-dom-client.development.js:15476:11)
      at recursivelyTraversePassiveMountEffects (node_modules/.pnpm/react-dom@19.2.0_react@19.2.0/node_modules/react-dom/cjs/react-dom-client.development.js:15439:11)
      at commitPassiveMountOnFiber (node_modules/.pnpm/react-dom@19.2.0_react@19.2.0/node_modules/react-dom/cjs/react-dom-client.development.js:15476:11)
      at recursivelyTraversePassiveMountEffects (node_modules/.pnpm/react-dom@19.2.0_react@19.2.0/node_modules/react-dom/cjs/react-dom-client.development.js:15439:11)
      at commitPassiveMountOnFiber (node_modules/.pnpm/react-dom@19.2.0_react@19.2.0/node_modules/react-dom/cjs/react-dom-client.development.js:15476:11)
      at recursivelyTraversePassiveMountEffects (node_modules/.pnpm/react-dom@19.2.0_react@19.2.0/node_modules/react-dom/cjs/react-dom-client.development.js:15439:11)
      at commitPassiveMountOnFiber (node_modules/.pnpm/react-dom@19.2.0_react@19.2.0/node_modules/react-dom/cjs/react-dom-client.development.js:15476:11)
      at recursivelyTraversePassiveMountEffects (node_modules/.pnpm/react-dom@19.2.0_react@19.2.0/node_modules/react-dom/cjs/react-dom-client.development.js:15439:11)
      at commitPassiveMountOnFiber (node_modules/.pnpm/react-dom@19.2.0_react@19.2.0/node_modules/react-dom/cjs/react-dom-client.development.js:15519:11)
      at flushPassiveEffects (node_modules/.pnpm/react-dom@19.2.0_react@19.2.0/node_modules/react-dom/cjs/react-dom-client.development.js:18432:9)
      at flushPendingEffects (node_modules/.pnpm/react-dom@19.2.0_react@19.2.0/node_modules/react-dom/cjs/react-dom-client.development.js:18358:14)
      at flushSpawnedWork (node_modules/.pnpm/react-dom@19.2.0_react@19.2.0/node_modules/react-dom/cjs/react-dom-client.development.js:18323:44)
      at commitRoot (node_modules/.pnpm/react-dom@19.2.0_react@19.2.0/node_modules/react-dom/cjs/react-dom-client.development.js:17955:9)
      at performWorkOnRoot (node_modules/.pnpm/react-dom@19.2.0_react@19.2.0/node_modules/react-dom/cjs/react-dom-client.development.js:16667:15)
      at performSyncWorkOnRoot (node_modules/.pnpm/react-dom@19.2.0_react@19.2.0/node_modules/react-dom/cjs/react-dom-client.development.js:18972:7)
      at flushSyncWorkAcrossRoots_impl (node_modules/.pnpm/react-dom@19.2.0_react@19.2.0/node_modules/react-dom/cjs/react-dom-client.development.js:18814:21)
      at flushSpawnedWork (node_modules/.pnpm/react-dom@19.2.0_react@19.2.0/node_modules/react-dom/cjs/react-dom-client.development.js:18334:9)
      at commitRoot (node_modules/.pnpm/react-dom@19.2.0_react@19.2.0/node_modules/react-dom/cjs/react-dom-client.development.js:17955:9)
      at performWorkOnRoot (node_modules/.pnpm/react-dom@19.2.0_react@19.2.0/node_modules/react-dom/cjs/react-dom-client.development.js:16667:15)
      at performWorkOnRootViaSchedulerTask (node_modules/.pnpm/react-dom@19.2.0_react@19.2.0/node_modules/react-dom/cjs/react-dom-client.development.js:18957:7)
      at flushActQueue (node_modules/.pnpm/react@19.2.0/node_modules/react/cjs/react.development.js:590:34)
      at process.env.NODE_ENV.exports.act (node_modules/.pnpm/react@19.2.0/node_modules/react/cjs/react.development.js:884:10)
      at node_modules/.pnpm/@testing-library+react@16.3_15d474de7481bb0af842c1b1705139a8/node_modules/@testing-library/react/dist/act-compat.js:47:25
      at renderRoot (node_modules/.pnpm/@testing-library+react@16.3_15d474de7481bb0af842c1b1705139a8/node_modules/@testing-library/react/dist/pure.js:190:26)
      at render (node_modules/.pnpm/@testing-library+react@16.3_15d474de7481bb0af842c1b1705139a8/node_modules/@testing-library/react/dist/pure.js:292:10)
      at Object.<anonymous> (src/__tests__/components/ExportChatModal.test.tsx:63:13)

    console.error
      `DialogContent` requires a `DialogTitle` for the component to be accessible for screen reader users.
      
      If you want to hide the `DialogTitle`, you can wrap it with our VisuallyHidden component.
      
      For more information, see https://radix-ui.com/primitives/docs/components/dialog

    [0m [90m 373 |[39m       [36mreturn[39m[33m;[39m
     [90m 374 |[39m     }
    [31m[1m>[22m[39m[90m 375 |[39m     originalError[33m.[39mcall(console[33m,[39m [33m...[39margs)[33m;[39m
     [90m     |[39m                   [31m[1m^[22m[39m
     [90m 376 |[39m   }[33m;[39m
     [90m 377 |[39m })[33m;[39m
     [90m 378 |[39m[0m

      at console.call [as error] (jest.setup.js:375:19)
      at node_modules/.pnpm/@radix-ui+react-dialog@1.1._664b8f23a65f4708bb5cf27e5ff43c08/node_modules/@radix-ui/react-dialog/src/dialog.tsx:520:30
      at Object.react_stack_bottom_frame (node_modules/.pnpm/react-dom@19.2.0_react@19.2.0/node_modules/react-dom/cjs/react-dom-client.development.js:25989:20)
      at runWithFiberInDEV (node_modules/.pnpm/react-dom@19.2.0_react@19.2.0/node_modules/react-dom/cjs/react-dom-client.development.js:874:13)
      at commitHookEffectListMount (node_modules/.pnpm/react-dom@19.2.0_react@19.2.0/node_modules/react-dom/cjs/react-dom-client.development.js:13249:29)
      at commitHookPassiveMountEffects (node_modules/.pnpm/react-dom@19.2.0_react@19.2.0/node_modules/react-dom/cjs/react-dom-client.development.js:13336:11)
      at commitPassiveMountOnFiber (node_modules/.pnpm/react-dom@19.2.0_react@19.2.0/node_modules/react-dom/cjs/react-dom-client.development.js:15484:13)
      at recursivelyTraversePassiveMountEffects (node_modules/.pnpm/react-dom@19.2.0_react@19.2.0/node_modules/react-dom/cjs/react-dom-client.development.js:15439:11)
      at commitPassiveMountOnFiber (node_modules/.pnpm/react-dom@19.2.0_react@19.2.0/node_modules/react-dom/cjs/react-dom-client.development.js:15718:11)
      at recursivelyTraversePassiveMountEffects (node_modules/.pnpm/react-dom@19.2.0_react@19.2.0/node_modules/react-dom/cjs/react-dom-client.development.js:15439:11)
      at commitPassiveMountOnFiber (node_modules/.pnpm/react-dom@19.2.0_react@19.2.0/node_modules/react-dom/cjs/react-dom-client.development.js:15476:11)
      at recursivelyTraversePassiveMountEffects (node_modules/.pnpm/react-dom@19.2.0_react@19.2.0/node_modules/react-dom/cjs/react-dom-client.development.js:15439:11)
      at commitPassiveMountOnFiber (node_modules/.pnpm/react-dom@19.2.0_react@19.2.0/node_modules/react-dom/cjs/react-dom-client.development.js:15476:11)
      at recursivelyTraversePassiveMountEffects (node_modules/.pnpm/react-dom@19.2.0_react@19.2.0/node_modules/react-dom/cjs/react-dom-client.development.js:15439:11)
      at commitPassiveMountOnFiber (node_modules/.pnpm/react-dom@19.2.0_react@19.2.0/node_modules/react-dom/cjs/react-dom-client.development.js:15476:11)
      at recursivelyTraversePassiveMountEffects (node_modules/.pnpm/react-dom@19.2.0_react@19.2.0/node_modules/react-dom/cjs/react-dom-client.development.js:15439:11)
      at commitPassiveMountOnFiber (node_modules/.pnpm/react-dom@19.2.0_react@19.2.0/node_modules/react-dom/cjs/react-dom-client.development.js:15476:11)
      at recursivelyTraversePassiveMountEffects (node_modules/.pnpm/react-dom@19.2.0_react@19.2.0/node_modules/react-dom/cjs/react-dom-client.development.js:15439:11)
      at commitPassiveMountOnFiber (node_modules/.pnpm/react-dom@19.2.0_react@19.2.0/node_modules/react-dom/cjs/react-dom-client.development.js:15476:11)
      at recursivelyTraversePassiveMountEffects (node_modules/.pnpm/react-dom@19.2.0_react@19.2.0/node_modules/react-dom/cjs/react-dom-client.development.js:15439:11)
      at commitPassiveMountOnFiber (node_modules/.pnpm/react-dom@19.2.0_react@19.2.0/node_modules/react-dom/cjs/react-dom-client.development.js:15476:11)
      at recursivelyTraversePassiveMountEffects (node_modules/.pnpm/react-dom@19.2.0_react@19.2.0/node_modules/react-dom/cjs/react-dom-client.development.js:15439:11)
      at commitPassiveMountOnFiber (node_modules/.pnpm/react-dom@19.2.0_react@19.2.0/node_modules/react-dom/cjs/react-dom-client.development.js:15476:11)
      at recursivelyTraversePassiveMountEffects (node_modules/.pnpm/react-dom@19.2.0_react@19.2.0/node_modules/react-dom/cjs/react-dom-client.development.js:15439:11)
      at commitPassiveMountOnFiber (node_modules/.pnpm/react-dom@19.2.0_react@19.2.0/node_modules/react-dom/cjs/react-dom-client.development.js:15718:11)
      at recursivelyTraversePassiveMountEffects (node_modules/.pnpm/react-dom@19.2.0_react@19.2.0/node_modules/react-dom/cjs/react-dom-client.development.js:15439:11)
      at commitPassiveMountOnFiber (node_modules/.pnpm/react-dom@19.2.0_react@19.2.0/node_modules/react-dom/cjs/react-dom-client.development.js:15476:11)
      at recursivelyTraversePassiveMountEffects (node_modules/.pnpm/react-dom@19.2.0_react@19.2.0/node_modules/react-dom/cjs/react-dom-client.development.js:15439:11)
      at commitPassiveMountOnFiber (node_modules/.pnpm/react-dom@19.2.0_react@19.2.0/node_modules/react-dom/cjs/react-dom-client.development.js:15476:11)
      at recursivelyTraversePassiveMountEffects (node_modules/.pnpm/react-dom@19.2.0_react@19.2.0/node_modules/react-dom/cjs/react-dom-client.development.js:15439:11)
      at commitPassiveMountOnFiber (node_modules/.pnpm/react-dom@19.2.0_react@19.2.0/node_modules/react-dom/cjs/react-dom-client.development.js:15718:11)
      at recursivelyTraversePassiveMountEffects (node_modules/.pnpm/react-dom@19.2.0_react@19.2.0/node_modules/react-dom/cjs/react-dom-client.development.js:15439:11)
      at commitPassiveMountOnFiber (node_modules/.pnpm/react-dom@19.2.0_react@19.2.0/node_modules/react-dom/cjs/react-dom-client.development.js:15476:11)
      at recursivelyTraversePassiveMountEffects (node_modules/.pnpm/react-dom@19.2.0_react@19.2.0/node_modules/react-dom/cjs/react-dom-client.development.js:15439:11)
      at commitPassiveMountOnFiber (node_modules/.pnpm/react-dom@19.2.0_react@19.2.0/node_modules/react-dom/cjs/react-dom-client.development.js:15476:11)
      at recursivelyTraversePassiveMountEffects (node_modules/.pnpm/react-dom@19.2.0_react@19.2.0/node_modules/react-dom/cjs/react-dom-client.development.js:15439:11)
      at commitPassiveMountOnFiber (node_modules/.pnpm/react-dom@19.2.0_react@19.2.0/node_modules/react-dom/cjs/react-dom-client.development.js:15476:11)
      at recursivelyTraversePassiveMountEffects (node_modules/.pnpm/react-dom@19.2.0_react@19.2.0/node_modules/react-dom/cjs/react-dom-client.development.js:15439:11)
      at commitPassiveMountOnFiber (node_modules/.pnpm/react-dom@19.2.0_react@19.2.0/node_modules/react-dom/cjs/react-dom-client.development.js:15718:11)
      at recursivelyTraversePassiveMountEffects (node_modules/.pnpm/react-dom@19.2.0_react@19.2.0/node_modules/react-dom/cjs/react-dom-client.development.js:15439:11)
      at commitPassiveMountOnFiber (node_modules/.pnpm/react-dom@19.2.0_react@19.2.0/node_modules/react-dom/cjs/react-dom-client.development.js:15476:11)
      at recursivelyTraversePassiveMountEffects (node_modules/.pnpm/react-dom@19.2.0_react@19.2.0/node_modules/react-dom/cjs/react-dom-client.development.js:15439:11)
      at commitPassiveMountOnFiber (node_modules/.pnpm/react-dom@19.2.0_react@19.2.0/node_modules/react-dom/cjs/react-dom-client.development.js:15476:11)
      at recursivelyTraversePassiveMountEffects (node_modules/.pnpm/react-dom@19.2.0_react@19.2.0/node_modules/react-dom/cjs/react-dom-client.development.js:15439:11)
      at commitPassiveMountOnFiber (node_modules/.pnpm/react-dom@19.2.0_react@19.2.0/node_modules/react-dom/cjs/react-dom-client.development.js:15476:11)
      at recursivelyTraversePassiveMountEffects (node_modules/.pnpm/react-dom@19.2.0_react@19.2.0/node_modules/react-dom/cjs/react-dom-client.development.js:15439:11)
      at commitPassiveMountOnFiber (node_modules/.pnpm/react-dom@19.2.0_react@19.2.0/node_modules/react-dom/cjs/react-dom-client.development.js:15476:11)
      at recursivelyTraversePassiveMountEffects (node_modules/.pnpm/react-dom@19.2.0_react@19.2.0/node_modules/react-dom/cjs/react-dom-client.development.js:15439:11)
      at commitPassiveMountOnFiber (node_modules/.pnpm/react-dom@19.2.0_react@19.2.0/node_modules/react-dom/cjs/react-dom-client.development.js:15519:11)
      at flushPassiveEffects (node_modules/.pnpm/react-dom@19.2.0_react@19.2.0/node_modules/react-dom/cjs/react-dom-client.development.js:18432:9)
      at flushPendingEffects (node_modules/.pnpm/react-dom@19.2.0_react@19.2.0/node_modules/react-dom/cjs/react-dom-client.development.js:18358:14)
      at flushSpawnedWork (node_modules/.pnpm/react-dom@19.2.0_react@19.2.0/node_modules/react-dom/cjs/react-dom-client.development.js:18323:44)
      at commitRoot (node_modules/.pnpm/react-dom@19.2.0_react@19.2.0/node_modules/react-dom/cjs/react-dom-client.development.js:17955:9)
      at performWorkOnRoot (node_modules/.pnpm/react-dom@19.2.0_react@19.2.0/node_modules/react-dom/cjs/react-dom-client.development.js:16667:15)
      at performSyncWorkOnRoot (node_modules/.pnpm/react-dom@19.2.0_react@19.2.0/node_modules/react-dom/cjs/react-dom-client.development.js:18972:7)
      at flushSyncWorkAcrossRoots_impl (node_modules/.pnpm/react-dom@19.2.0_react@19.2.0/node_modules/react-dom/cjs/react-dom-client.development.js:18814:21)
      at flushSpawnedWork (node_modules/.pnpm/react-dom@19.2.0_react@19.2.0/node_modules/react-dom/cjs/react-dom-client.development.js:18334:9)
      at commitRoot (node_modules/.pnpm/react-dom@19.2.0_react@19.2.0/node_modules/react-dom/cjs/react-dom-client.development.js:17955:9)
      at performWorkOnRoot (node_modules/.pnpm/react-dom@19.2.0_react@19.2.0/node_modules/react-dom/cjs/react-dom-client.development.js:16667:15)
      at performWorkOnRootViaSchedulerTask (node_modules/.pnpm/react-dom@19.2.0_react@19.2.0/node_modules/react-dom/cjs/react-dom-client.development.js:18957:7)
      at flushActQueue (node_modules/.pnpm/react@19.2.0/node_modules/react/cjs/react.development.js:590:34)
      at process.env.NODE_ENV.exports.act (node_modules/.pnpm/react@19.2.0/node_modules/react/cjs/react.development.js:884:10)
      at node_modules/.pnpm/@testing-library+react@16.3_15d474de7481bb0af842c1b1705139a8/node_modules/@testing-library/react/dist/act-compat.js:47:25
      at renderRoot (node_modules/.pnpm/@testing-library+react@16.3_15d474de7481bb0af842c1b1705139a8/node_modules/@testing-library/react/dist/pure.js:190:26)
      at render (node_modules/.pnpm/@testing-library+react@16.3_15d474de7481bb0af842c1b1705139a8/node_modules/@testing-library/react/dist/pure.js:292:10)
      at Object.<anonymous> (src/__tests__/components/ExportChatModal.test.tsx:69:13)

    console.warn
      Warning: Missing `Description` or `aria-describedby={undefined}` for {DialogContent}.

    [0m [90m 67 |[39m
     [90m 68 |[39m     it([32m'renders all format options'[39m[33m,[39m () [33m=>[39m {
    [31m[1m>[22m[39m[90m 69 |[39m       render([33m<[39m[33mExportChatModal[39m {[33m...[39mdefaultProps} [33m/[39m[33m>[39m)[33m;[39m
     [90m    |[39m             [31m[1m^[22m[39m
     [90m 70 |[39m
     [90m 71 |[39m       expect(screen[33m.[39mgetByText([32m'PDF'[39m))[33m.[39mtoBeInTheDocument()[33m;[39m
     [90m 72 |[39m       expect(screen[33m.[39mgetByText([32m'Testo (TXT)'[39m))[33m.[39mtoBeInTheDocument()[33m;[39m[0m

      at node_modules/.pnpm/@radix-ui+react-dialog@1.1._664b8f23a65f4708bb5cf27e5ff43c08/node_modules/@radix-ui/react-dialog/src/dialog.tsx:543:36
      at Object.react_stack_bottom_frame (node_modules/.pnpm/react-dom@19.2.0_react@19.2.0/node_modules/react-dom/cjs/react-dom-client.development.js:25989:20)
      at runWithFiberInDEV (node_modules/.pnpm/react-dom@19.2.0_react@19.2.0/node_modules/react-dom/cjs/react-dom-client.development.js:874:13)
      at commitHookEffectListMount (node_modules/.pnpm/react-dom@19.2.0_react@19.2.0/node_modules/react-dom/cjs/react-dom-client.development.js:13249:29)
      at commitHookPassiveMountEffects (node_modules/.pnpm/react-dom@19.2.0_react@19.2.0/node_modules/react-dom/cjs/react-dom-client.development.js:13336:11)
      at commitPassiveMountOnFiber (node_modules/.pnpm/react-dom@19.2.0_react@19.2.0/node_modules/react-dom/cjs/react-dom-client.development.js:15484:13)
      at recursivelyTraversePassiveMountEffects (node_modules/.pnpm/react-dom@19.2.0_react@19.2.0/node_modules/react-dom/cjs/react-dom-client.development.js:15439:11)
      at commitPassiveMountOnFiber (node_modules/.pnpm/react-dom@19.2.0_react@19.2.0/node_modules/react-dom/cjs/react-dom-client.development.js:15718:11)
      at recursivelyTraversePassiveMountEffects (node_modules/.pnpm/react-dom@19.2.0_react@19.2.0/node_modules/react-dom/cjs/react-dom-client.development.js:15439:11)
      at commitPassiveMountOnFiber (node_modules/.pnpm/react-dom@19.2.0_react@19.2.0/node_modules/react-dom/cjs/react-dom-client.development.js:15476:11)
      at recursivelyTraversePassiveMountEffects (node_modules/.pnpm/react-dom@19.2.0_react@19.2.0/node_modules/react-dom/cjs/react-dom-client.development.js:15439:11)
      at commitPassiveMountOnFiber (node_modules/.pnpm/react-dom@19.2.0_react@19.2.0/node_modules/react-dom/cjs/react-dom-client.development.js:15476:11)
      at recursivelyTraversePassiveMountEffects (node_modules/.pnpm/react-dom@19.2.0_react@19.2.0/node_modules/react-dom/cjs/react-dom-client.development.js:15439:11)
      at commitPassiveMountOnFiber (node_modules/.pnpm/react-dom@19.2.0_react@19.2.0/node_modules/react-dom/cjs/react-dom-client.development.js:15476:11)
      at recursivelyTraversePassiveMountEffects (node_modules/.pnpm/react-dom@19.2.0_react@19.2.0/node_modules/react-dom/cjs/react-dom-client.development.js:15439:11)
      at commitPassiveMountOnFiber (node_modules/.pnpm/react-dom@19.2.0_react@19.2.0/node_modules/react-dom/cjs/react-dom-client.development.js:15476:11)
      at recursivelyTraversePassiveMountEffects (node_modules/.pnpm/react-dom@19.2.0_react@19.2.0/node_modules/react-dom/cjs/react-dom-client.development.js:15439:11)
      at commitPassiveMountOnFiber (node_modules/.pnpm/react-dom@19.2.0_react@19.2.0/node_modules/react-dom/cjs/react-dom-client.development.js:15476:11)
      at recursivelyTraversePassiveMountEffects (node_modules/.pnpm/react-dom@19.2.0_react@19.2.0/node_modules/react-dom/cjs/react-dom-client.development.js:15439:11)
      at commitPassiveMountOnFiber (node_modules/.pnpm/react-dom@19.2.0_react@19.2.0/node_modules/react-dom/cjs/react-dom-client.development.js:15476:11)
      at recursivelyTraversePassiveMountEffects (node_modules/.pnpm/react-dom@19.2.0_react@19.2.0/node_modules/react-dom/cjs/react-dom-client.development.js:15439:11)
      at commitPassiveMountOnFiber (node_modules/.pnpm/react-dom@19.2.0_react@19.2.0/node_modules/react-dom/cjs/react-dom-client.development.js:15476:11)
      at recursivelyTraversePassiveMountEffects (node_modules/.pnpm/react-dom@19.2.0_react@19.2.0/node_modules/react-dom/cjs/react-dom-client.development.js:15439:11)
      at commitPassiveMountOnFiber (node_modules/.pnpm/react-dom@19.2.0_react@19.2.0/node_modules/react-dom/cjs/react-dom-client.development.js:15718:11)
      at recursivelyTraversePassiveMountEffects (node_modules/.pnpm/react-dom@19.2.0_react@19.2.0/node_modules/react-dom/cjs/react-dom-client.development.js:15439:11)
      at commitPassiveMountOnFiber (node_modules/.pnpm/react-dom@19.2.0_react@19.2.0/node_modules/react-dom/cjs/react-dom-client.development.js:15476:11)
      at recursivelyTraversePassiveMountEffects (node_modules/.pnpm/react-dom@19.2.0_react@19.2.0/node_modules/react-dom/cjs/react-dom-client.development.js:15439:11)
      at commitPassiveMountOnFiber (node_modules/.pnpm/react-dom@19.2.0_react@19.2.0/node_modules/react-dom/cjs/react-dom-client.development.js:15476:11)
      at recursivelyTraversePassiveMountEffects (node_modules/.pnpm/react-dom@19.2.0_react@19.2.0/node_modules/react-dom/cjs/react-dom-client.development.js:15439:11)
      at commitPassiveMountOnFiber (node_modules/.pnpm/react-dom@19.2.0_react@19.2.0/node_modules/react-dom/cjs/react-dom-client.development.js:15718:11)
      at recursivelyTraversePassiveMountEffects (node_modules/.pnpm/react-dom@19.2.0_react@19.2.0/node_modules/react-dom/cjs/react-dom-client.development.js:15439:11)
      at commitPassiveMountOnFiber (node_modules/.pnpm/react-dom@19.2.0_react@19.2.0/node_modules/react-dom/cjs/react-dom-client.development.js:15476:11)
      at recursivelyTraversePassiveMountEffects (node_modules/.pnpm/react-dom@19.2.0_react@19.2.0/node_modules/react-dom/cjs/react-dom-client.development.js:15439:11)
      at commitPassiveMountOnFiber (node_modules/.pnpm/react-dom@19.2.0_react@19.2.0/node_modules/react-dom/cjs/react-dom-client.development.js:15476:11)
      at recursivelyTraversePassiveMountEffects (node_modules/.pnpm/react-dom@19.2.0_react@19.2.0/node_modules/react-dom/cjs/react-dom-client.development.js:15439:11)
      at commitPassiveMountOnFiber (node_modules/.pnpm/react-dom@19.2.0_react@19.2.0/node_modules/react-dom/cjs/react-dom-client.development.js:15476:11)
      at recursivelyTraversePassiveMountEffects (node_modules/.pnpm/react-dom@19.2.0_react@19.2.0/node_modules/react-dom/cjs/react-dom-client.development.js:15439:11)
      at commitPassiveMountOnFiber (node_modules/.pnpm/react-dom@19.2.0_react@19.2.0/node_modules/react-dom/cjs/react-dom-client.development.js:15718:11)
      at recursivelyTraversePassiveMountEffects (node_modules/.pnpm/react-dom@19.2.0_react@19.2.0/node_modules/react-dom/cjs/react-dom-client.development.js:15439:11)
      at commitPassiveMountOnFiber (node_modules/.pnpm/react-dom@19.2.0_react@19.2.0/node_modules/react-dom/cjs/react-dom-client.development.js:15476:11)
      at recursivelyTraversePassiveMountEffects (node_modules/.pnpm/react-dom@19.2.0_react@19.2.0/node_modules/react-dom/cjs/react-dom-client.development.js:15439:11)
      at commitPassiveMountOnFiber (node_modules/.pnpm/react-dom@19.2.0_react@19.2.0/node_modules/react-dom/cjs/react-dom-client.development.js:15476:11)
      at recursivelyTraversePassiveMountEffects (node_modules/.pnpm/react-dom@19.2.0_react@19.2.0/node_modules/react-dom/cjs/react-dom-client.development.js:15439:11)
      at commitPassiveMountOnFiber (node_modules/.pnpm/react-dom@19.2.0_react@19.2.0/node_modules/react-dom/cjs/react-dom-client.development.js:15476:11)
      at recursivelyTraversePassiveMountEffects (node_modules/.pnpm/react-dom@19.2.0_react@19.2.0/node_modules/react-dom/cjs/react-dom-client.development.js:15439:11)
      at commitPassiveMountOnFiber (node_modules/.pnpm/react-dom@19.2.0_react@19.2.0/node_modules/react-dom/cjs/react-dom-client.development.js:15476:11)
      at recursivelyTraversePassiveMountEffects (node_modules/.pnpm/react-dom@19.2.0_react@19.2.0/node_modules/react-dom/cjs/react-dom-client.development.js:15439:11)
      at commitPassiveMountOnFiber (node_modules/.pnpm/react-dom@19.2.0_react@19.2.0/node_modules/react-dom/cjs/react-dom-client.development.js:15519:11)
      at flushPassiveEffects (node_modules/.pnpm/react-dom@19.2.0_react@19.2.0/node_modules/react-dom/cjs/react-dom-client.development.js:18432:9)
      at flushPendingEffects (node_modules/.pnpm/react-dom@19.2.0_react@19.2.0/node_modules/react-dom/cjs/react-dom-client.development.js:18358:14)
      at flushSpawnedWork (node_modules/.pnpm/react-dom@19.2.0_react@19.2.0/node_modules/react-dom/cjs/react-dom-client.development.js:18323:44)
      at commitRoot (node_modules/.pnpm/react-dom@19.2.0_react@19.2.0/node_modules/react-dom/cjs/react-dom-client.development.js:17955:9)
      at performWorkOnRoot (node_modules/.pnpm/react-dom@19.2.0_react@19.2.0/node_modules/react-dom/cjs/react-dom-client.development.js:16667:15)
      at performSyncWorkOnRoot (node_modules/.pnpm/react-dom@19.2.0_react@19.2.0/node_modules/react-dom/cjs/react-dom-client.development.js:18972:7)
      at flushSyncWorkAcrossRoots_impl (node_modules/.pnpm/react-dom@19.2.0_react@19.2.0/node_modules/react-dom/cjs/react-dom-client.development.js:18814:21)
      at flushSpawnedWork (node_modules/.pnpm/react-dom@19.2.0_react@19.2.0/node_modules/react-dom/cjs/react-dom-client.development.js:18334:9)
      at commitRoot (node_modules/.pnpm/react-dom@19.2.0_react@19.2.0/node_modules/react-dom/cjs/react-dom-client.development.js:17955:9)
      at performWorkOnRoot (node_modules/.pnpm/react-dom@19.2.0_react@19.2.0/node_modules/react-dom/cjs/react-dom-client.development.js:16667:15)
      at performWorkOnRootViaSchedulerTask (node_modules/.pnpm/react-dom@19.2.0_react@19.2.0/node_modules/react-dom/cjs/react-dom-client.development.js:18957:7)
      at flushActQueue (node_modules/.pnpm/react@19.2.0/node_modules/react/cjs/react.development.js:590:34)
      at process.env.NODE_ENV.exports.act (node_modules/.pnpm/react@19.2.0/node_modules/react/cjs/react.development.js:884:10)
      at node_modules/.pnpm/@testing-library+react@16.3_15d474de7481bb0af842c1b1705139a8/node_modules/@testing-library/react/dist/act-compat.js:47:25
      at renderRoot (node_modules/.pnpm/@testing-library+react@16.3_15d474de7481bb0af842c1b1705139a8/node_modules/@testing-library/react/dist/pure.js:190:26)
      at render (node_modules/.pnpm/@testing-library+react@16.3_15d474de7481bb0af842c1b1705139a8/node_modules/@testing-library/react/dist/pure.js:292:10)
      at Object.<anonymous> (src/__tests__/components/ExportChatModal.test.tsx:69:13)

    console.error
      `DialogContent` requires a `DialogTitle` for the component to be accessible for screen reader users.
      
      If you want to hide the `DialogTitle`, you can wrap it with our VisuallyHidden component.
      
      For more information, see https://radix-ui.com/primitives/docs/components/dialog

    [0m [90m 373 |[39m       [36mreturn[39m[33m;[39m
     [90m 374 |[39m     }
    [31m[1m>[22m[39m[90m 375 |[39m     originalError[33m.[39mcall(console[33m,[39m [33m...[39margs)[33m;[39m
     [90m     |[39m                   [31m[1m^[22m[39m
     [90m 376 |[39m   }[33m;[39m
     [90m 377 |[39m })[33m;[39m
     [90m 378 |[39m[0m

      at console.call [as error] (jest.setup.js:375:19)
      at node_modules/.pnpm/@radix-ui+react-dialog@1.1._664b8f23a65f4708bb5cf27e5ff43c08/node_modules/@radix-ui/react-dialog/src/dialog.tsx:520:30
      at Object.react_stack_bottom_frame (node_modules/.pnpm/react-dom@19.2.0_react@19.2.0/node_modules/react-dom/cjs/react-dom-client.development.js:25989:20)
      at runWithFiberInDEV (node_modules/.pnpm/react-dom@19.2.0_react@19.2.0/node_modules/react-dom/cjs/react-dom-client.development.js:874:13)
      at commitHookEffectListMount (node_modules/.pnpm/react-dom@19.2.0_react@19.2.0/node_modules/react-dom/cjs/react-dom-client.development.js:13249:29)
      at commitHookPassiveMountEffects (node_modules/.pnpm/react-dom@19.2.0_react@19.2.0/node_modules/react-dom/cjs/react-dom-client.development.js:13336:11)
      at commitPassiveMountOnFiber (node_modules/.pnpm/react-dom@19.2.0_react@19.2.0/node_modules/react-dom/cjs/react-dom-client.development.js:15484:13)
      at recursivelyTraversePassiveMountEffects (node_modules/.pnpm/react-dom@19.2.0_react@19.2.0/node_modules/react-dom/cjs/react-dom-client.development.js:15439:11)
      at commitPassiveMountOnFiber (node_modules/.pnpm/react-dom@19.2.0_react@19.2.0/node_modules/react-dom/cjs/react-dom-client.development.js:15718:11)
      at recursivelyTraversePassiveMountEffects (node_modules/.pnpm/react-dom@19.2.0_react@19.2.0/node_modules/react-dom/cjs/react-dom-client.development.js:15439:11)
      at commitPassiveMountOnFiber (node_modules/.pnpm/react-dom@19.2.0_react@19.2.0/node_modules/react-dom/cjs/react-dom-client.development.js:15476:11)
      at recursivelyTraversePassiveMountEffects (node_modules/.pnpm/react-dom@19.2.0_react@19.2.0/node_modules/react-dom/cjs/react-dom-client.development.js:15439:11)
      at commitPassiveMountOnFiber (node_modules/.pnpm/react-dom@19.2.0_react@19.2.0/node_modules/react-dom/cjs/react-dom-client.development.js:15476:11)
      at recursivelyTraversePassiveMountEffects (node_modules/.pnpm/react-dom@19.2.0_react@19.2.0/node_modules/react-dom/cjs/react-dom-client.development.js:15439:11)
      at commitPassiveMountOnFiber (node_modules/.pnpm/react-dom@19.2.0_react@19.2.0/node_modules/react-dom/cjs/react-dom-client.development.js:15476:11)
      at recursivelyTraversePassiveMountEffects (node_modules/.pnpm/react-dom@19.2.0_react@19.2.0/node_modules/react-dom/cjs/react-dom-client.development.js:15439:11)
      at commitPassiveMountOnFiber (node_modules/.pnpm/react-dom@19.2.0_react@19.2.0/node_modules/react-dom/cjs/react-dom-client.development.js:15476:11)
      at recursivelyTraversePassiveMountEffects (node_modules/.pnpm/react-dom@19.2.0_react@19.2.0/node_modules/react-dom/cjs/react-dom-client.development.js:15439:11)
      at commitPassiveMountOnFiber (node_modules/.pnpm/react-dom@19.2.0_react@19.2.0/node_modules/react-dom/cjs/react-dom-client.development.js:15476:11)
      at recursivelyTraversePassiveMountEffects (node_modules/.pnpm/react-dom@19.2.0_react@19.2.0/node_modules/react-dom/cjs/react-dom-client.development.js:15439:11)
      at commitPassiveMountOnFiber (node_modules/.pnpm/react-dom@19.2.0_react@19.2.0/node_modules/react-dom/cjs/react-dom-client.development.js:15476:11)
      at recursivelyTraversePassiveMountEffects (node_modules/.pnpm/react-dom@19.2.0_react@19.2.0/node_modules/react-dom/cjs/react-dom-client.development.js:15439:11)
      at commitPassiveMountOnFiber (node_modules/.pnpm/react-dom@19.2.0_react@19.2.0/node_modules/react-dom/cjs/react-dom-client.development.js:15476:11)
      at recursivelyTraversePassiveMountEffects (node_modules/.pnpm/react-dom@19.2.0_react@19.2.0/node_modules/react-dom/cjs/react-dom-client.development.js:15439:11)
      at commitPassiveMountOnFiber (node_modules/.pnpm/react-dom@19.2.0_react@19.2.0/node_modules/react-dom/cjs/react-dom-client.development.js:15718:11)
      at recursivelyTraversePassiveMountEffects (node_modules/.pnpm/react-dom@19.2.0_react@19.2.0/node_modules/react-dom/cjs/react-dom-client.development.js:15439:11)
      at commitPassiveMountOnFiber (node_modules/.pnpm/react-dom@19.2.0_react@19.2.0/node_modules/react-dom/cjs/react-dom-client.development.js:15476:11)
      at recursivelyTraversePassiveMountEffects (node_modules/.pnpm/react-dom@19.2.0_react@19.2.0/node_modules/react-dom/cjs/react-dom-client.development.js:15439:11)
      at commitPassiveMountOnFiber (node_modules/.pnpm/react-dom@19.2.0_react@19.2.0/node_modules/react-dom/cjs/react-dom-client.development.js:15476:11)
      at recursivelyTraversePassiveMountEffects (node_modules/.pnpm/react-dom@19.2.0_react@19.2.0/node_modules/react-dom/cjs/react-dom-client.development.js:15439:11)
      at commitPassiveMountOnFiber (node_modules/.pnpm/react-dom@19.2.0_react@19.2.0/node_modules/react-dom/cjs/react-dom-client.development.js:15718:11)
      at recursivelyTraversePassiveMountEffects (node_modules/.pnpm/react-dom@19.2.0_react@19.2.0/node_modules/react-dom/cjs/react-dom-client.development.js:15439:11)
      at commitPassiveMountOnFiber (node_modules/.pnpm/react-dom@19.2.0_react@19.2.0/node_modules/react-dom/cjs/react-dom-client.development.js:15476:11)
      at recursivelyTraversePassiveMountEffects (node_modules/.pnpm/react-dom@19.2.0_react@19.2.0/node_modules/react-dom/cjs/react-dom-client.development.js:15439:11)
      at commitPassiveMountOnFiber (node_modules/.pnpm/react-dom@19.2.0_react@19.2.0/node_modules/react-dom/cjs/react-dom-client.development.js:15476:11)
      at recursivelyTraversePassiveMountEffects (node_modules/.pnpm/react-dom@19.2.0_react@19.2.0/node_modules/react-dom/cjs/react-dom-client.development.js:15439:11)
      at commitPassiveMountOnFiber (node_modules/.pnpm/react-dom@19.2.0_react@19.2.0/node_modules/react-dom/cjs/react-dom-client.development.js:15476:11)
      at recursivelyTraversePassiveMountEffects (node_modules/.pnpm/react-dom@19.2.0_react@19.2.0/node_modules/react-dom/cjs/react-dom-client.development.js:15439:11)
      at commitPassiveMountOnFiber (node_modules/.pnpm/react-dom@19.2.0_react@19.2.0/node_modules/react-dom/cjs/react-dom-client.development.js:15718:11)
      at recursivelyTraversePassiveMountEffects (node_modules/.pnpm/react-dom@19.2.0_react@19.2.0/node_modules/react-dom/cjs/react-dom-client.development.js:15439:11)
      at commitPassiveMountOnFiber (node_modules/.pnpm/react-dom@19.2.0_react@19.2.0/node_modules/react-dom/cjs/react-dom-client.development.js:15476:11)
      at recursivelyTraversePassiveMountEffects (node_modules/.pnpm/react-dom@19.2.0_react@19.2.0/node_modules/react-dom/cjs/react-dom-client.development.js:15439:11)
      at commitPassiveMountOnFiber (node_modules/.pnpm/react-dom@19.2.0_react@19.2.0/node_modules/react-dom/cjs/react-dom-client.development.js:15476:11)
      at recursivelyTraversePassiveMountEffects (node_modules/.pnpm/react-dom@19.2.0_react@19.2.0/node_modules/react-dom/cjs/react-dom-client.development.js:15439:11)
      at commitPassiveMountOnFiber (node_modules/.pnpm/react-dom@19.2.0_react@19.2.0/node_modules/react-dom/cjs/react-dom-client.development.js:15476:11)
      at recursivelyTraversePassiveMountEffects (node_modules/.pnpm/react-dom@19.2.0_react@19.2.0/node_modules/react-dom/cjs/react-dom-client.development.js:15439:11)
      at commitPassiveMountOnFiber (node_modules/.pnpm/react-dom@19.2.0_react@19.2.0/node_modules/react-dom/cjs/react-dom-client.development.js:15476:11)
      at recursivelyTraversePassiveMountEffects (node_modules/.pnpm/react-dom@19.2.0_react@19.2.0/node_modules/react-dom/cjs/react-dom-client.development.js:15439:11)
      at commitPassiveMountOnFiber (node_modules/.pnpm/react-dom@19.2.0_react@19.2.0/node_modules/react-dom/cjs/react-dom-client.development.js:15519:11)
      at flushPassiveEffects (node_modules/.pnpm/react-dom@19.2.0_react@19.2.0/node_modules/react-dom/cjs/react-dom-client.development.js:18432:9)
      at flushPendingEffects (node_modules/.pnpm/react-dom@19.2.0_react@19.2.0/node_modules/react-dom/cjs/react-dom-client.development.js:18358:14)
      at flushSpawnedWork (node_modules/.pnpm/react-dom@19.2.0_react@19.2.0/node_modules/react-dom/cjs/react-dom-client.development.js:18323:44)
      at commitRoot (node_modules/.pnpm/react-dom@19.2.0_react@19.2.0/node_modules/react-dom/cjs/react-dom-client.development.js:17955:9)
      at performWorkOnRoot (node_modules/.pnpm/react-dom@19.2.0_react@19.2.0/node_modules/react-dom/cjs/react-dom-client.development.js:16667:15)
      at performSyncWorkOnRoot (node_modules/.pnpm/react-dom@19.2.0_react@19.2.0/node_modules/react-dom/cjs/react-dom-client.development.js:18972:7)
      at flushSyncWorkAcrossRoots_impl (node_modules/.pnpm/react-dom@19.2.0_react@19.2.0/node_modules/react-dom/cjs/react-dom-client.development.js:18814:21)
      at flushSpawnedWork (node_modules/.pnpm/react-dom@19.2.0_react@19.2.0/node_modules/react-dom/cjs/react-dom-client.development.js:18334:9)
      at commitRoot (node_modules/.pnpm/react-dom@19.2.0_react@19.2.0/node_modules/react-dom/cjs/react-dom-client.development.js:17955:9)
      at performWorkOnRoot (node_modules/.pnpm/react-dom@19.2.0_react@19.2.0/node_modules/react-dom/cjs/react-dom-client.development.js:16667:15)
      at performWorkOnRootViaSchedulerTask (node_modules/.pnpm/react-dom@19.2.0_react@19.2.0/node_modules/react-dom/cjs/react-dom-client.development.js:18957:7)
      at flushActQueue (node_modules/.pnpm/react@19.2.0/node_modules/react/cjs/react.development.js:590:34)
      at process.env.NODE_ENV.exports.act (node_modules/.pnpm/react@19.2.0/node_modules/react/cjs/react.development.js:884:10)
      at node_modules/.pnpm/@testing-library+react@16.3_15d474de7481bb0af842c1b1705139a8/node_modules/@testing-library/react/dist/act-compat.js:47:25
      at renderRoot (node_modules/.pnpm/@testing-library+react@16.3_15d474de7481bb0af842c1b1705139a8/node_modules/@testing-library/react/dist/pure.js:190:26)
      at render (node_modules/.pnpm/@testing-library+react@16.3_15d474de7481bb0af842c1b1705139a8/node_modules/@testing-library/react/dist/pure.js:292:10)
      at Object.<anonymous> (src/__tests__/components/ExportChatModal.test.tsx:77:13)

    console.warn
      Warning: Missing `Description` or `aria-describedby={undefined}` for {DialogContent}.

    [0m [90m 75 |[39m
     [90m 76 |[39m     it([32m'renders action buttons'[39m[33m,[39m () [33m=>[39m {
    [31m[1m>[22m[39m[90m 77 |[39m       render([33m<[39m[33mExportChatModal[39m {[33m...[39mdefaultProps} [33m/[39m[33m>[39m)[33m;[39m
     [90m    |[39m             [31m[1m^[22m[39m
     [90m 78 |[39m
     [90m 79 |[39m       expect(screen[33m.[39mgetByRole([32m'button'[39m[33m,[39m { name[33m:[39m [35m/annulla/i[39m }))[33m.[39mtoBeInTheDocument()[33m;[39m
     [90m 80 |[39m       expect(screen[33m.[39mgetByRole([32m'button'[39m[33m,[39m { name[33m:[39m [35m/esporta/i[39m }))[33m.[39mtoBeInTheDocument()[33m;[39m[0m

      at node_modules/.pnpm/@radix-ui+react-dialog@1.1._664b8f23a65f4708bb5cf27e5ff43c08/node_modules/@radix-ui/react-dialog/src/dialog.tsx:543:36
      at Object.react_stack_bottom_frame (node_modules/.pnpm/react-dom@19.2.0_react@19.2.0/node_modules/react-dom/cjs/react-dom-client.development.js:25989:20)
      at runWithFiberInDEV (node_modules/.pnpm/react-dom@19.2.0_react@19.2.0/node_modules/react-dom/cjs/react-dom-client.development.js:874:13)
      at commitHookEffectListMount (node_modules/.pnpm/react-dom@19.2.0_react@19.2.0/node_modules/react-dom/cjs/react-dom-client.development.js:13249:29)
      at commitHookPassiveMountEffects (node_modules/.pnpm/react-dom@19.2.0_react@19.2.0/node_modules/react-dom/cjs/react-dom-client.development.js:13336:11)
      at commitPassiveMountOnFiber (node_modules/.pnpm/react-dom@19.2.0_react@19.2.0/node_modules/react-dom/cjs/react-dom-client.development.js:15484:13)
      at recursivelyTraversePassiveMountEffects (node_modules/.pnpm/react-dom@19.2.0_react@19.2.0/node_modules/react-dom/cjs/react-dom-client.development.js:15439:11)
      at commitPassiveMountOnFiber (node_modules/.pnpm/react-dom@19.2.0_react@19.2.0/node_modules/react-dom/cjs/react-dom-client.development.js:15718:11)
      at recursivelyTraversePassiveMountEffects (node_modules/.pnpm/react-dom@19.2.0_react@19.2.0/node_modules/react-dom/cjs/react-dom-client.development.js:15439:11)
      at commitPassiveMountOnFiber (node_modules/.pnpm/react-dom@19.2.0_react@19.2.0/node_modules/react-dom/cjs/react-dom-client.development.js:15476:11)
      at recursivelyTraversePassiveMountEffects (node_modules/.pnpm/react-dom@19.2.0_react@19.2.0/node_modules/react-dom/cjs/react-dom-client.development.js:15439:11)
      at commitPassiveMountOnFiber (node_modules/.pnpm/react-dom@19.2.0_react@19.2.0/node_modules/react-dom/cjs/react-dom-client.development.js:15476:11)
      at recursivelyTraversePassiveMountEffects (node_modules/.pnpm/react-dom@19.2.0_react@19.2.0/node_modules/react-dom/cjs/react-dom-client.development.js:15439:11)
      at commitPassiveMountOnFiber (node_modules/.pnpm/react-dom@19.2.0_react@19.2.0/node_modules/react-dom/cjs/react-dom-client.development.js:15476:11)
      at recursivelyTraversePassiveMountEffects (node_modules/.pnpm/react-dom@19.2.0_react@19.2.0/node_modules/react-dom/cjs/react-dom-client.development.js:15439:11)
      at commitPassiveMountOnFiber (node_modules/.pnpm/react-dom@19.2.0_react@19.2.0/node_modules/react-dom/cjs/react-dom-client.development.js:15476:11)
      at recursivelyTraversePassiveMountEffects (node_modules/.pnpm/react-dom@19.2.0_react@19.2.0/node_modules/react-dom/cjs/react-dom-client.development.js:15439:11)
      at commitPassiveMountOnFiber (node_modules/.pnpm/react-dom@19.2.0_react@19.2.0/node_modules/react-dom/cjs/react-dom-client.development.js:15476:11)
      at recursivelyTraversePassiveMountEffects (node_modules/.pnpm/react-dom@19.2.0_react@19.2.0/node_modules/react-dom/cjs/react-dom-client.development.js:15439:11)
      at commitPassiveMountOnFiber (node_modules/.pnpm/react-dom@19.2.0_react@19.2.0/node_modules/react-dom/cjs/react-dom-client.development.js:15476:11)
      at recursivelyTraversePassiveMountEffects (node_modules/.pnpm/react-dom@19.2.0_react@19.2.0/node_modules/react-dom/cjs/react-dom-client.development.js:15439:11)
      at commitPassiveMountOnFiber (node_modules/.pnpm/react-dom@19.2.0_react@19.2.0/node_modules/react-dom/cjs/react-dom-client.development.js:15476:11)
      at recursivelyTraversePassiveMountEffects (node_modules/.pnpm/react-dom@19.2.0_react@19.2.0/node_modules/react-dom/cjs/react-dom-client.development.js:15439:11)
      at commitPassiveMountOnFiber (node_modules/.pnpm/react-dom@19.2.0_react@19.2.0/node_modules/react-dom/cjs/react-dom-client.development.js:15718:11)
      at recursivelyTraversePassiveMountEffects (node_modules/.pnpm/react-dom@19.2.0_react@19.2.0/node_modules/react-dom/cjs/react-dom-client.development.js:15439:11)
      at commitPassiveMountOnFiber (node_modules/.pnpm/react-dom@19.2.0_react@19.2.0/node_modules/react-dom/cjs/react-dom-client.development.js:15476:11)
      at recursivelyTraversePassiveMountEffects (node_modules/.pnpm/react-dom@19.2.0_react@19.2.0/node_modules/react-dom/cjs/react-dom-client.development.js:15439:11)
      at commitPassiveMountOnFiber (node_modules/.pnpm/react-dom@19.2.0_react@19.2.0/node_modules/react-dom/cjs/react-dom-client.development.js:15476:11)
      at recursivelyTraversePassiveMountEffects (node_modules/.pnpm/react-dom@19.2.0_react@19.2.0/node_modules/react-dom/cjs/react-dom-client.development.js:15439:11)
      at commitPassiveMountOnFiber (node_modules/.pnpm/react-dom@19.2.0_react@19.2.0/node_modules/react-dom/cjs/react-dom-client.development.js:15718:11)
      at recursivelyTraversePassiveMountEffects (node_modules/.pnpm/react-dom@19.2.0_react@19.2.0/node_modules/react-dom/cjs/react-dom-client.development.js:15439:11)
      at commitPassiveMountOnFiber (node_modules/.pnpm/react-dom@19.2.0_react@19.2.0/node_modules/react-dom/cjs/react-dom-client.development.js:15476:11)
      at recursivelyTraversePassiveMountEffects (node_modules/.pnpm/react-dom@19.2.0_react@19.2.0/node_modules/react-dom/cjs/react-dom-client.development.js:15439:11)
      at commitPassiveMountOnFiber (node_modules/.pnpm/react-dom@19.2.0_react@19.2.0/node_modules/react-dom/cjs/react-dom-client.development.js:15476:11)
      at recursivelyTraversePassiveMountEffects (node_modules/.pnpm/react-dom@19.2.0_react@19.2.0/node_modules/react-dom/cjs/react-dom-client.development.js:15439:11)
      at commitPassiveMountOnFiber (node_modules/.pnpm/react-dom@19.2.0_react@19.2.0/node_modules/react-dom/cjs/react-dom-client.development.js:15476:11)
      at recursivelyTraversePassiveMountEffects (node_modules/.pnpm/react-dom@19.2.0_react@19.2.0/node_modules/react-dom/cjs/react-dom-client.development.js:15439:11)
      at commitPassiveMountOnFiber (node_modules/.pnpm/react-dom@19.2.0_react@19.2.0/node_modules/react-dom/cjs/react-dom-client.development.js:15718:11)
      at recursivelyTraversePassiveMountEffects (node_modules/.pnpm/react-dom@19.2.0_react@19.2.0/node_modules/react-dom/cjs/react-dom-client.development.js:15439:11)
      at commitPassiveMountOnFiber (node_modules/.pnpm/react-dom@19.2.0_react@19.2.0/node_modules/react-dom/cjs/react-dom-client.development.js:15476:11)
      at recursivelyTraversePassiveMountEffects (node_modules/.pnpm/react-dom@19.2.0_react@19.2.0/node_modules/react-dom/cjs/react-dom-client.development.js:15439:11)
      at commitPassiveMountOnFiber (node_modules/.pnpm/react-dom@19.2.0_react@19.2.0/node_modules/react-dom/cjs/react-dom-client.development.js:15476:11)
      at recursivelyTraversePassiveMountEffects (node_modules/.pnpm/react-dom@19.2.0_react@19.2.0/node_modules/react-dom/cjs/react-dom-client.development.js:15439:11)
      at commitPassiveMountOnFiber (node_modules/.pnpm/react-dom@19.2.0_react@19.2.0/node_modules/react-dom/cjs/react-dom-client.development.js:15476:11)
      at recursivelyTraversePassiveMountEffects (node_modules/.pnpm/react-dom@19.2.0_react@19.2.0/node_modules/react-dom/cjs/react-dom-client.development.js:15439:11)
      at commitPassiveMountOnFiber (node_modules/.pnpm/react-dom@19.2.0_react@19.2.0/node_modules/react-dom/cjs/react-dom-client.development.js:15476:11)
      at recursivelyTraversePassiveMountEffects (node_modules/.pnpm/react-dom@19.2.0_react@19.2.0/node_modules/react-dom/cjs/react-dom-client.development.js:15439:11)
      at commitPassiveMountOnFiber (node_modules/.pnpm/react-dom@19.2.0_react@19.2.0/node_modules/react-dom/cjs/react-dom-client.development.js:15519:11)
      at flushPassiveEffects (node_modules/.pnpm/react-dom@19.2.0_react@19.2.0/node_modules/react-dom/cjs/react-dom-client.development.js:18432:9)
      at flushPendingEffects (node_modules/.pnpm/react-dom@19.2.0_react@19.2.0/node_modules/react-dom/cjs/react-dom-client.development.js:18358:14)
      at flushSpawnedWork (node_modules/.pnpm/react-dom@19.2.0_react@19.2.0/node_modules/react-dom/cjs/react-dom-client.development.js:18323:44)
      at commitRoot (node_modules/.pnpm/react-dom@19.2.0_react@19.2.0/node_modules/react-dom/cjs/react-dom-client.development.js:17955:9)
      at performWorkOnRoot (node_modules/.pnpm/react-dom@19.2.0_react@19.2.0/node_modules/react-dom/cjs/react-dom-client.development.js:16667:15)
      at performSyncWorkOnRoot (node_modules/.pnpm/react-dom@19.2.0_react@19.2.0/node_modules/react-dom/cjs/react-dom-client.development.js:18972:7)
      at flushSyncWorkAcrossRoots_impl (node_modules/.pnpm/react-dom@19.2.0_react@19.2.0/node_modules/react-dom/cjs/react-dom-client.development.js:18814:21)
      at flushSpawnedWork (node_modules/.pnpm/react-dom@19.2.0_react@19.2.0/node_modules/react-dom/cjs/react-dom-client.development.js:18334:9)
      at commitRoot (node_modules/.pnpm/react-dom@19.2.0_react@19.2.0/node_modules/react-dom/cjs/react-dom-client.development.js:17955:9)
      at performWorkOnRoot (node_modules/.pnpm/react-dom@19.2.0_react@19.2.0/node_modules/react-dom/cjs/react-dom-client.development.js:16667:15)
      at performWorkOnRootViaSchedulerTask (node_modules/.pnpm/react-dom@19.2.0_react@19.2.0/node_modules/react-dom/cjs/react-dom-client.development.js:18957:7)
      at flushActQueue (node_modules/.pnpm/react@19.2.0/node_modules/react/cjs/react.development.js:590:34)
      at process.env.NODE_ENV.exports.act (node_modules/.pnpm/react@19.2.0/node_modules/react/cjs/react.development.js:884:10)
      at node_modules/.pnpm/@testing-library+react@16.3_15d474de7481bb0af842c1b1705139a8/node_modules/@testing-library/react/dist/act-compat.js:47:25
      at renderRoot (node_modules/.pnpm/@testing-library+react@16.3_15d474de7481bb0af842c1b1705139a8/node_modules/@testing-library/react/dist/pure.js:190:26)
      at render (node_modules/.pnpm/@testing-library+react@16.3_15d474de7481bb0af842c1b1705139a8/node_modules/@testing-library/react/dist/pure.js:292:10)
      at Object.<anonymous> (src/__tests__/components/ExportChatModal.test.tsx:77:13)

    console.error
      `DialogContent` requires a `DialogTitle` for the component to be accessible for screen reader users.
      
      If you want to hide the `DialogTitle`, you can wrap it with our VisuallyHidden component.
      
      For more information, see https://radix-ui.com/primitives/docs/components/dialog

    [0m [90m 373 |[39m       [36mreturn[39m[33m;[39m
     [90m 374 |[39m     }
    [31m[1m>[22m[39m[90m 375 |[39m     originalError[33m.[39mcall(console[33m,[39m [33m...[39margs)[33m;[39m
     [90m     |[39m                   [31m[1m^[22m[39m
     [90m 376 |[39m   }[33m;[39m
     [90m 377 |[39m })[33m;[39m
     [90m 378 |[39m[0m

      at console.call [as error] (jest.setup.js:375:19)
      at node_modules/.pnpm/@radix-ui+react-dialog@1.1._664b8f23a65f4708bb5cf27e5ff43c08/node_modules/@radix-ui/react-dialog/src/dialog.tsx:520:30
      at Object.react_stack_bottom_frame (node_modules/.pnpm/react-dom@19.2.0_react@19.2.0/node_modules/react-dom/cjs/react-dom-client.development.js:25989:20)
      at runWithFiberInDEV (node_modules/.pnpm/react-dom@19.2.0_react@19.2.0/node_modules/react-dom/cjs/react-dom-client.development.js:874:13)
      at commitHookEffectListMount (node_modules/.pnpm/react-dom@19.2.0_react@19.2.0/node_modules/react-dom/cjs/react-dom-client.development.js:13249:29)
      at commitHookPassiveMountEffects (node_modules/.pnpm/react-dom@19.2.0_react@19.2.0/node_modules/react-dom/cjs/react-dom-client.development.js:13336:11)
      at commitPassiveMountOnFiber (node_modules/.pnpm/react-dom@19.2.0_react@19.2.0/node_modules/react-dom/cjs/react-dom-client.development.js:15484:13)
      at recursivelyTraversePassiveMountEffects (node_modules/.pnpm/react-dom@19.2.0_react@19.2.0/node_modules/react-dom/cjs/react-dom-client.development.js:15439:11)
      at commitPassiveMountOnFiber (node_modules/.pnpm/react-dom@19.2.0_react@19.2.0/node_modules/react-dom/cjs/react-dom-client.development.js:15718:11)
      at recursivelyTraversePassiveMountEffects (node_modules/.pnpm/react-dom@19.2.0_react@19.2.0/node_modules/react-dom/cjs/react-dom-client.development.js:15439:11)
      at commitPassiveMountOnFiber (node_modules/.pnpm/react-dom@19.2.0_react@19.2.0/node_modules/react-dom/cjs/react-dom-client.development.js:15476:11)
      at recursivelyTraversePassiveMountEffects (node_modules/.pnpm/react-dom@19.2.0_react@19.2.0/node_modules/react-dom/cjs/react-dom-client.development.js:15439:11)
      at commitPassiveMountOnFiber (node_modules/.pnpm/react-dom@19.2.0_react@19.2.0/node_modules/react-dom/cjs/react-dom-client.development.js:15476:11)
      at recursivelyTraversePassiveMountEffects (node_modules/.pnpm/react-dom@19.2.0_react@19.2.0/node_modules/react-dom/cjs/react-dom-client.development.js:15439:11)
      at commitPassiveMountOnFiber (node_modules/.pnpm/react-dom@19.2.0_react@19.2.0/node_modules/react-dom/cjs/react-dom-client.development.js:15476:11)
      at recursivelyTraversePassiveMountEffects (node_modules/.pnpm/react-dom@19.2.0_react@19.2.0/node_modules/react-dom/cjs/react-dom-client.development.js:15439:11)
      at commitPassiveMountOnFiber (node_modules/.pnpm/react-dom@19.2.0_react@19.2.0/node_modules/react-dom/cjs/react-dom-client.development.js:15476:11)
      at recursivelyTraversePassiveMountEffects (node_modules/.pnpm/react-dom@19.2.0_react@19.2.0/node_modules/react-dom/cjs/react-dom-client.development.js:15439:11)
      at commitPassiveMountOnFiber (node_modules/.pnpm/react-dom@19.2.0_react@19.2.0/node_modules/react-dom/cjs/react-dom-client.development.js:15476:11)
      at recursivelyTraversePassiveMountEffects (node_modules/.pnpm/react-dom@19.2.0_react@19.2.0/node_modules/react-dom/cjs/react-dom-client.development.js:15439:11)
      at commitPassiveMountOnFiber (node_modules/.pnpm/react-dom@19.2.0_react@19.2.0/node_modules/react-dom/cjs/react-dom-client.development.js:15476:11)
      at recursivelyTraversePassiveMountEffects (node_modules/.pnpm/react-dom@19.2.0_react@19.2.0/node_modules/react-dom/cjs/react-dom-client.development.js:15439:11)
      at commitPassiveMountOnFiber (node_modules/.pnpm/react-dom@19.2.0_react@19.2.0/node_modules/react-dom/cjs/react-dom-client.development.js:15476:11)
      at recursivelyTraversePassiveMountEffects (node_modules/.pnpm/react-dom@19.2.0_react@19.2.0/node_modules/react-dom/cjs/react-dom-client.development.js:15439:11)
      at commitPassiveMountOnFiber (node_modules/.pnpm/react-dom@19.2.0_react@19.2.0/node_modules/react-dom/cjs/react-dom-client.development.js:15718:11)
      at recursivelyTraversePassiveMountEffects (node_modules/.pnpm/react-dom@19.2.0_react@19.2.0/node_modules/react-dom/cjs/react-dom-client.development.js:15439:11)
      at commitPassiveMountOnFiber (node_modules/.pnpm/react-dom@19.2.0_react@19.2.0/node_modules/react-dom/cjs/react-dom-client.development.js:15476:11)
      at recursivelyTraversePassiveMountEffects (node_modules/.pnpm/react-dom@19.2.0_react@19.2.0/node_modules/react-dom/cjs/react-dom-client.development.js:15439:11)
      at commitPassiveMountOnFiber (node_modules/.pnpm/react-dom@19.2.0_react@19.2.0/node_modules/react-dom/cjs/react-dom-client.development.js:15476:11)
      at recursivelyTraversePassiveMountEffects (node_modules/.pnpm/react-dom@19.2.0_react@19.2.0/node_modules/react-dom/cjs/react-dom-client.development.js:15439:11)
      at commitPassiveMountOnFiber (node_modules/.pnpm/react-dom@19.2.0_react@19.2.0/node_modules/react-dom/cjs/react-dom-client.development.js:15718:11)
      at recursivelyTraversePassiveMountEffects (node_modules/.pnpm/react-dom@19.2.0_react@19.2.0/node_modules/react-dom/cjs/react-dom-client.development.js:15439:11)
      at commitPassiveMountOnFiber (node_modules/.pnpm/react-dom@19.2.0_react@19.2.0/node_modules/react-dom/cjs/react-dom-client.development.js:15476:11)
      at recursivelyTraversePassiveMountEffects (node_modules/.pnpm/react-dom@19.2.0_react@19.2.0/node_modules/react-dom/cjs/react-dom-client.development.js:15439:11)
      at commitPassiveMountOnFiber (node_modules/.pnpm/react-dom@19.2.0_react@19.2.0/node_modules/react-dom/cjs/react-dom-client.development.js:15476:11)
      at recursivelyTraversePassiveMountEffects (node_modules/.pnpm/react-dom@19.2.0_react@19.2.0/node_modules/react-dom/cjs/react-dom-client.development.js:15439:11)
      at commitPassiveMountOnFiber (node_modules/.pnpm/react-dom@19.2.0_react@19.2.0/node_modules/react-dom/cjs/react-dom-client.development.js:15476:11)
      at recursivelyTraversePassiveMountEffects (node_modules/.pnpm/react-dom@19.2.0_react@19.2.0/node_modules/react-dom/cjs/react-dom-client.development.js:15439:11)
      at commitPassiveMountOnFiber (node_modules/.pnpm/react-dom@19.2.0_react@19.2.0/node_modules/react-dom/cjs/react-dom-client.development.js:15718:11)
      at recursivelyTraversePassiveMountEffects (node_modules/.pnpm/react-dom@19.2.0_react@19.2.0/node_modules/react-dom/cjs/react-dom-client.development.js:15439:11)
      at commitPassiveMountOnFiber (node_modules/.pnpm/react-dom@19.2.0_react@19.2.0/node_modules/react-dom/cjs/react-dom-client.development.js:15476:11)
      at recursivelyTraversePassiveMountEffects (node_modules/.pnpm/react-dom@19.2.0_react@19.2.0/node_modules/react-dom/cjs/react-dom-client.development.js:15439:11)
      at commitPassiveMountOnFiber (node_modules/.pnpm/react-dom@19.2.0_react@19.2.0/node_modules/react-dom/cjs/react-dom-client.development.js:15476:11)
      at recursivelyTraversePassiveMountEffects (node_modules/.pnpm/react-dom@19.2.0_react@19.2.0/node_modules/react-dom/cjs/react-dom-client.development.js:15439:11)
      at commitPassiveMountOnFiber (node_modules/.pnpm/react-dom@19.2.0_react@19.2.0/node_modules/react-dom/cjs/react-dom-client.development.js:15476:11)
      at recursivelyTraversePassiveMountEffects (node_modules/.pnpm/react-dom@19.2.0_react@19.2.0/node_modules/react-dom/cjs/react-dom-client.development.js:15439:11)
      at commitPassiveMountOnFiber (node_modules/.pnpm/react-dom@19.2.0_react@19.2.0/node_modules/react-dom/cjs/react-dom-client.development.js:15476:11)
      at recursivelyTraversePassiveMountEffects (node_modules/.pnpm/react-dom@19.2.0_react@19.2.0/node_modules/react-dom/cjs/react-dom-client.development.js:15439:11)
      at commitPassiveMountOnFiber (node_modules/.pnpm/react-dom@19.2.0_react@19.2.0/node_modules/react-dom/cjs/react-dom-client.development.js:15519:11)
      at flushPassiveEffects (node_modules/.pnpm/react-dom@19.2.0_react@19.2.0/node_modules/react-dom/cjs/react-dom-client.development.js:18432:9)
      at flushPendingEffects (node_modules/.pnpm/react-dom@19.2.0_react@19.2.0/node_modules/react-dom/cjs/react-dom-client.development.js:18358:14)
      at flushSpawnedWork (node_modules/.pnpm/react-dom@19.2.0_react@19.2.0/node_modules/react-dom/cjs/react-dom-client.development.js:18323:44)
      at commitRoot (node_modules/.pnpm/react-dom@19.2.0_react@19.2.0/node_modules/react-dom/cjs/react-dom-client.development.js:17955:9)
      at performWorkOnRoot (node_modules/.pnpm/react-dom@19.2.0_react@19.2.0/node_modules/react-dom/cjs/react-dom-client.development.js:16667:15)
      at performSyncWorkOnRoot (node_modules/.pnpm/react-dom@19.2.0_react@19.2.0/node_modules/react-dom/cjs/react-dom-client.development.js:18972:7)
      at flushSyncWorkAcrossRoots_impl (node_modules/.pnpm/react-dom@19.2.0_react@19.2.0/node_modules/react-dom/cjs/react-dom-client.development.js:18814:21)
      at flushSpawnedWork (node_modules/.pnpm/react-dom@19.2.0_react@19.2.0/node_modules/react-dom/cjs/react-dom-client.development.js:18334:9)
      at commitRoot (node_modules/.pnpm/react-dom@19.2.0_react@19.2.0/node_modules/react-dom/cjs/react-dom-client.development.js:17955:9)
      at performWorkOnRoot (node_modules/.pnpm/react-dom@19.2.0_react@19.2.0/node_modules/react-dom/cjs/react-dom-client.development.js:16667:15)
      at performWorkOnRootViaSchedulerTask (node_modules/.pnpm/react-dom@19.2.0_react@19.2.0/node_modules/react-dom/cjs/react-dom-client.development.js:18957:7)
      at flushActQueue (node_modules/.pnpm/react@19.2.0/node_modules/react/cjs/react.development.js:590:34)
      at process.env.NODE_ENV.exports.act (node_modules/.pnpm/react@19.2.0/node_modules/react/cjs/react.development.js:884:10)
      at node_modules/.pnpm/@testing-library+react@16.3_15d474de7481bb0af842c1b1705139a8/node_modules/@testing-library/react/dist/act-compat.js:47:25
      at renderRoot (node_modules/.pnpm/@testing-library+react@16.3_15d474de7481bb0af842c1b1705139a8/node_modules/@testing-library/react/dist/pure.js:190:26)
      at render (node_modules/.pnpm/@testing-library+react@16.3_15d474de7481bb0af842c1b1705139a8/node_modules/@testing-library/react/dist/pure.js:292:10)
      at Object.<anonymous> (src/__tests__/components/ExportChatModal.test.tsx:89:13)

    console.warn
      Warning: Missing `Description` or `aria-describedby={undefined}` for {DialogContent}.

    [0m [90m 87 |[39m   describe([32m'Format Selection'[39m[33m,[39m () [33m=>[39m {
     [90m 88 |[39m     it([32m'defaults to PDF format'[39m[33m,[39m () [33m=>[39m {
    [31m[1m>[22m[39m[90m 89 |[39m       render([33m<[39m[33mExportChatModal[39m {[33m...[39mdefaultProps} [33m/[39m[33m>[39m)[33m;[39m
     [90m    |[39m             [31m[1m^[22m[39m
     [90m 90 |[39m
     [90m 91 |[39m       [36mconst[39m pdfRadio [33m=[39m screen[33m.[39mgetByRole([32m'radio'[39m[33m,[39m { name[33m:[39m [35m/pdf/i[39m })[33m;[39m
     [90m 92 |[39m       expect(pdfRadio)[33m.[39mtoBeChecked()[33m;[39m[0m

      at node_modules/.pnpm/@radix-ui+react-dialog@1.1._664b8f23a65f4708bb5cf27e5ff43c08/node_modules/@radix-ui/react-dialog/src/dialog.tsx:543:36
      at Object.react_stack_bottom_frame (node_modules/.pnpm/react-dom@19.2.0_react@19.2.0/node_modules/react-dom/cjs/react-dom-client.development.js:25989:20)
      at runWithFiberInDEV (node_modules/.pnpm/react-dom@19.2.0_react@19.2.0/node_modules/react-dom/cjs/react-dom-client.development.js:874:13)
      at commitHookEffectListMount (node_modules/.pnpm/react-dom@19.2.0_react@19.2.0/node_modules/react-dom/cjs/react-dom-client.development.js:13249:29)
      at commitHookPassiveMountEffects (node_modules/.pnpm/react-dom@19.2.0_react@19.2.0/node_modules/react-dom/cjs/react-dom-client.development.js:13336:11)
      at commitPassiveMountOnFiber (node_modules/.pnpm/react-dom@19.2.0_react@19.2.0/node_modules/react-dom/cjs/react-dom-client.development.js:15484:13)
      at recursivelyTraversePassiveMountEffects (node_modules/.pnpm/react-dom@19.2.0_react@19.2.0/node_modules/react-dom/cjs/react-dom-client.development.js:15439:11)
      at commitPassiveMountOnFiber (node_modules/.pnpm/react-dom@19.2.0_react@19.2.0/node_modules/react-dom/cjs/react-dom-client.development.js:15718:11)
      at recursivelyTraversePassiveMountEffects (node_modules/.pnpm/react-dom@19.2.0_react@19.2.0/node_modules/react-dom/cjs/react-dom-client.development.js:15439:11)
      at commitPassiveMountOnFiber (node_modules/.pnpm/react-dom@19.2.0_react@19.2.0/node_modules/react-dom/cjs/react-dom-client.development.js:15476:11)
      at recursivelyTraversePassiveMountEffects (node_modules/.pnpm/react-dom@19.2.0_react@19.2.0/node_modules/react-dom/cjs/react-dom-client.development.js:15439:11)
      at commitPassiveMountOnFiber (node_modules/.pnpm/react-dom@19.2.0_react@19.2.0/node_modules/react-dom/cjs/react-dom-client.development.js:15476:11)
      at recursivelyTraversePassiveMountEffects (node_modules/.pnpm/react-dom@19.2.0_react@19.2.0/node_modules/react-dom/cjs/react-dom-client.development.js:15439:11)
      at commitPassiveMountOnFiber (node_modules/.pnpm/react-dom@19.2.0_react@19.2.0/node_modules/react-dom/cjs/react-dom-client.development.js:15476:11)
      at recursivelyTraversePassiveMountEffects (node_modules/.pnpm/react-dom@19.2.0_react@19.2.0/node_modules/react-dom/cjs/react-dom-client.development.js:15439:11)
      at commitPassiveMountOnFiber (node_modules/.pnpm/react-dom@19.2.0_react@19.2.0/node_modules/react-dom/cjs/react-dom-client.development.js:15476:11)
      at recursivelyTraversePassiveMountEffects (node_modules/.pnpm/react-dom@19.2.0_react@19.2.0/node_modules/react-dom/cjs/react-dom-client.development.js:15439:11)
      at commitPassiveMountOnFiber (node_modules/.pnpm/react-dom@19.2.0_react@19.2.0/node_modules/react-dom/cjs/react-dom-client.development.js:15476:11)
      at recursivelyTraversePassiveMountEffects (node_modules/.pnpm/react-dom@19.2.0_react@19.2.0/node_modules/react-dom/cjs/react-dom-client.development.js:15439:11)
      at commitPassiveMountOnFiber (node_modules/.pnpm/react-dom@19.2.0_react@19.2.0/node_modules/react-dom/cjs/react-dom-client.development.js:15476:11)
      at recursivelyTraversePassiveMountEffects (node_modules/.pnpm/react-dom@19.2.0_react@19.2.0/node_modules/react-dom/cjs/react-dom-client.development.js:15439:11)
      at commitPassiveMountOnFiber (node_modules/.pnpm/react-dom@19.2.0_react@19.2.0/node_modules/react-dom/cjs/react-dom-client.development.js:15476:11)
      at recursivelyTraversePassiveMountEffects (node_modules/.pnpm/react-dom@19.2.0_react@19.2.0/node_modules/react-dom/cjs/react-dom-client.development.js:15439:11)
      at commitPassiveMountOnFiber (node_modules/.pnpm/react-dom@19.2.0_react@19.2.0/node_modules/react-dom/cjs/react-dom-client.development.js:15718:11)
      at recursivelyTraversePassiveMountEffects (node_modules/.pnpm/react-dom@19.2.0_react@19.2.0/node_modules/react-dom/cjs/react-dom-client.development.js:15439:11)
      at commitPassiveMountOnFiber (node_modules/.pnpm/react-dom@19.2.0_react@19.2.0/node_modules/react-dom/cjs/react-dom-client.development.js:15476:11)
      at recursivelyTraversePassiveMountEffects (node_modules/.pnpm/react-dom@19.2.0_react@19.2.0/node_modules/react-dom/cjs/react-dom-client.development.js:15439:11)
      at commitPassiveMountOnFiber (node_modules/.pnpm/react-dom@19.2.0_react@19.2.0/node_modules/react-dom/cjs/react-dom-client.development.js:15476:11)
      at recursivelyTraversePassiveMountEffects (node_modules/.pnpm/react-dom@19.2.0_react@19.2.0/node_modules/react-dom/cjs/react-dom-client.development.js:15439:11)
      at commitPassiveMountOnFiber (node_modules/.pnpm/react-dom@19.2.0_react@19.2.0/node_modules/react-dom/cjs/react-dom-client.development.js:15718:11)
      at recursivelyTraversePassiveMountEffects (node_modules/.pnpm/react-dom@19.2.0_react@19.2.0/node_modules/react-dom/cjs/react-dom-client.development.js:15439:11)
      at commitPassiveMountOnFiber (node_modules/.pnpm/react-dom@19.2.0_react@19.2.0/node_modules/react-dom/cjs/react-dom-client.development.js:15476:11)
      at recursivelyTraversePassiveMountEffects (node_modules/.pnpm/react-dom@19.2.0_react@19.2.0/node_modules/react-dom/cjs/react-dom-client.development.js:15439:11)
      at commitPassiveMountOnFiber (node_modules/.pnpm/react-dom@19.2.0_react@19.2.0/node_modules/react-dom/cjs/react-dom-client.development.js:15476:11)
      at recursivelyTraversePassiveMountEffects (node_modules/.pnpm/react-dom@19.2.0_react@19.2.0/node_modules/react-dom/cjs/react-dom-client.development.js:15439:11)
      at commitPassiveMountOnFiber (node_modules/.pnpm/react-dom@19.2.0_react@19.2.0/node_modules/react-dom/cjs/react-dom-client.development.js:15476:11)
      at recursivelyTraversePassiveMountEffects (node_modules/.pnpm/react-dom@19.2.0_react@19.2.0/node_modules/react-dom/cjs/react-dom-client.development.js:15439:11)
      at commitPassiveMountOnFiber (node_modules/.pnpm/react-dom@19.2.0_react@19.2.0/node_modules/react-dom/cjs/react-dom-client.development.js:15718:11)
      at recursivelyTraversePassiveMountEffects (node_modules/.pnpm/react-dom@19.2.0_react@19.2.0/node_modules/react-dom/cjs/react-dom-client.development.js:15439:11)
      at commitPassiveMountOnFiber (node_modules/.pnpm/react-dom@19.2.0_react@19.2.0/node_modules/react-dom/cjs/react-dom-client.development.js:15476:11)
      at recursivelyTraversePassiveMountEffects (node_modules/.pnpm/react-dom@19.2.0_react@19.2.0/node_modules/react-dom/cjs/react-dom-client.development.js:15439:11)
      at commitPassiveMountOnFiber (node_modules/.pnpm/react-dom@19.2.0_react@19.2.0/node_modules/react-dom/cjs/react-dom-client.development.js:15476:11)
      at recursivelyTraversePassiveMountEffects (node_modules/.pnpm/react-dom@19.2.0_react@19.2.0/node_modules/react-dom/cjs/react-dom-client.development.js:15439:11)
      at commitPassiveMountOnFiber (node_modules/.pnpm/react-dom@19.2.0_react@19.2.0/node_modules/react-dom/cjs/react-dom-client.development.js:15476:11)
      at recursivelyTraversePassiveMountEffects (node_modules/.pnpm/react-dom@19.2.0_react@19.2.0/node_modules/react-dom/cjs/react-dom-client.development.js:15439:11)
      at commitPassiveMountOnFiber (node_modules/.pnpm/react-dom@19.2.0_react@19.2.0/node_modules/react-dom/cjs/react-dom-client.development.js:15476:11)
      at recursivelyTraversePassiveMountEffects (node_modules/.pnpm/react-dom@19.2.0_react@19.2.0/node_modules/react-dom/cjs/react-dom-client.development.js:15439:11)
      at commitPassiveMountOnFiber (node_modules/.pnpm/react-dom@19.2.0_react@19.2.0/node_modules/react-dom/cjs/react-dom-client.development.js:15519:11)
      at flushPassiveEffects (node_modules/.pnpm/react-dom@19.2.0_react@19.2.0/node_modules/react-dom/cjs/react-dom-client.development.js:18432:9)
      at flushPendingEffects (node_modules/.pnpm/react-dom@19.2.0_react@19.2.0/node_modules/react-dom/cjs/react-dom-client.development.js:18358:14)
      at flushSpawnedWork (node_modules/.pnpm/react-dom@19.2.0_react@19.2.0/node_modules/react-dom/cjs/react-dom-client.development.js:18323:44)
      at commitRoot (node_modules/.pnpm/react-dom@19.2.0_react@19.2.0/node_modules/react-dom/cjs/react-dom-client.development.js:17955:9)
      at performWorkOnRoot (node_modules/.pnpm/react-dom@19.2.0_react@19.2.0/node_modules/react-dom/cjs/react-dom-client.development.js:16667:15)
      at performSyncWorkOnRoot (node_modules/.pnpm/react-dom@19.2.0_react@19.2.0/node_modules/react-dom/cjs/react-dom-client.development.js:18972:7)
      at flushSyncWorkAcrossRoots_impl (node_modules/.pnpm/react-dom@19.2.0_react@19.2.0/node_modules/react-dom/cjs/react-dom-client.development.js:18814:21)
      at flushSpawnedWork (node_modules/.pnpm/react-dom@19.2.0_react@19.2.0/node_modules/react-dom/cjs/react-dom-client.development.js:18334:9)
      at commitRoot (node_modules/.pnpm/react-dom@19.2.0_react@19.2.0/node_modules/react-dom/cjs/react-dom-client.development.js:17955:9)
      at performWorkOnRoot (node_modules/.pnpm/react-dom@19.2.0_react@19.2.0/node_modules/react-dom/cjs/react-dom-client.development.js:16667:15)
      at performWorkOnRootViaSchedulerTask (node_modules/.pnpm/react-dom@19.2.0_react@19.2.0/node_modules/react-dom/cjs/react-dom-client.development.js:18957:7)
      at flushActQueue (node_modules/.pnpm/react@19.2.0/node_modules/react/cjs/react.development.js:590:34)
      at process.env.NODE_ENV.exports.act (node_modules/.pnpm/react@19.2.0/node_modules/react/cjs/react.development.js:884:10)
      at node_modules/.pnpm/@testing-library+react@16.3_15d474de7481bb0af842c1b1705139a8/node_modules/@testing-library/react/dist/act-compat.js:47:25
      at renderRoot (node_modules/.pnpm/@testing-library+react@16.3_15d474de7481bb0af842c1b1705139a8/node_modules/@testing-library/react/dist/pure.js:190:26)
      at render (node_modules/.pnpm/@testing-library+react@16.3_15d474de7481bb0af842c1b1705139a8/node_modules/@testing-library/react/dist/pure.js:292:10)
      at Object.<anonymous> (src/__tests__/components/ExportChatModal.test.tsx:89:13)

    console.error
      `DialogContent` requires a `DialogTitle` for the component to be accessible for screen reader users.
      
      If you want to hide the `DialogTitle`, you can wrap it with our VisuallyHidden component.
      
      For more information, see https://radix-ui.com/primitives/docs/components/dialog

    [0m [90m 373 |[39m       [36mreturn[39m[33m;[39m
     [90m 374 |[39m     }
    [31m[1m>[22m[39m[90m 375 |[39m     originalError[33m.[39mcall(console[33m,[39m [33m...[39margs)[33m;[39m
     [90m     |[39m                   [31m[1m^[22m[39m
     [90m 376 |[39m   }[33m;[39m
     [90m 377 |[39m })[33m;[39m
     [90m 378 |[39m[0m

      at console.call [as error] (jest.setup.js:375:19)
      at node_modules/.pnpm/@radix-ui+react-dialog@1.1._664b8f23a65f4708bb5cf27e5ff43c08/node_modules/@radix-ui/react-dialog/src/dialog.tsx:520:30
      at Object.react_stack_bottom_frame (node_modules/.pnpm/react-dom@19.2.0_react@19.2.0/node_modules/react-dom/cjs/react-dom-client.development.js:25989:20)
      at runWithFiberInDEV (node_modules/.pnpm/react-dom@19.2.0_react@19.2.0/node_modules/react-dom/cjs/react-dom-client.development.js:874:13)
      at commitHookEffectListMount (node_modules/.pnpm/react-dom@19.2.0_react@19.2.0/node_modules/react-dom/cjs/react-dom-client.development.js:13249:29)
      at commitHookPassiveMountEffects (node_modules/.pnpm/react-dom@19.2.0_react@19.2.0/node_modules/react-dom/cjs/react-dom-client.development.js:13336:11)
      at commitPassiveMountOnFiber (node_modules/.pnpm/react-dom@19.2.0_react@19.2.0/node_modules/react-dom/cjs/react-dom-client.development.js:15484:13)
      at recursivelyTraversePassiveMountEffects (node_modules/.pnpm/react-dom@19.2.0_react@19.2.0/node_modules/react-dom/cjs/react-dom-client.development.js:15439:11)
      at commitPassiveMountOnFiber (node_modules/.pnpm/react-dom@19.2.0_react@19.2.0/node_modules/react-dom/cjs/react-dom-client.development.js:15718:11)
      at recursivelyTraversePassiveMountEffects (node_modules/.pnpm/react-dom@19.2.0_react@19.2.0/node_modules/react-dom/cjs/react-dom-client.development.js:15439:11)
      at commitPassiveMountOnFiber (node_modules/.pnpm/react-dom@19.2.0_react@19.2.0/node_modules/react-dom/cjs/react-dom-client.development.js:15476:11)
      at recursivelyTraversePassiveMountEffects (node_modules/.pnpm/react-dom@19.2.0_react@19.2.0/node_modules/react-dom/cjs/react-dom-client.development.js:15439:11)
      at commitPassiveMountOnFiber (node_modules/.pnpm/react-dom@19.2.0_react@19.2.0/node_modules/react-dom/cjs/react-dom-client.development.js:15476:11)
      at recursivelyTraversePassiveMountEffects (node_modules/.pnpm/react-dom@19.2.0_react@19.2.0/node_modules/react-dom/cjs/react-dom-client.development.js:15439:11)
      at commitPassiveMountOnFiber (node_modules/.pnpm/react-dom@19.2.0_react@19.2.0/node_modules/react-dom/cjs/react-dom-client.development.js:15476:11)
      at recursivelyTraversePassiveMountEffects (node_modules/.pnpm/react-dom@19.2.0_react@19.2.0/node_modules/react-dom/cjs/react-dom-client.development.js:15439:11)
      at commitPassiveMountOnFiber (node_modules/.pnpm/react-dom@19.2.0_react@19.2.0/node_modules/react-dom/cjs/react-dom-client.development.js:15476:11)
      at recursivelyTraversePassiveMountEffects (node_modules/.pnpm/react-dom@19.2.0_react@19.2.0/node_modules/react-dom/cjs/react-dom-client.development.js:15439:11)
      at commitPassiveMountOnFiber (node_modules/.pnpm/react-dom@19.2.0_react@19.2.0/node_modules/react-dom/cjs/react-dom-client.development.js:15476:11)
      at recursivelyTraversePassiveMountEffects (node_modules/.pnpm/react-dom@19.2.0_react@19.2.0/node_modules/react-dom/cjs/react-dom-client.development.js:15439:11)
      at commitPassiveMountOnFiber (node_modules/.pnpm/react-dom@19.2.0_react@19.2.0/node_modules/react-dom/cjs/react-dom-client.development.js:15476:11)
      at recursivelyTraversePassiveMountEffects (node_modules/.pnpm/react-dom@19.2.0_react@19.2.0/node_modules/react-dom/cjs/react-dom-client.development.js:15439:11)
      at commitPassiveMountOnFiber (node_modules/.pnpm/react-dom@19.2.0_react@19.2.0/node_modules/react-dom/cjs/react-dom-client.development.js:15476:11)
      at recursivelyTraversePassiveMountEffects (node_modules/.pnpm/react-dom@19.2.0_react@19.2.0/node_modules/react-dom/cjs/react-dom-client.development.js:15439:11)
      at commitPassiveMountOnFiber (node_modules/.pnpm/react-dom@19.2.0_react@19.2.0/node_modules/react-dom/cjs/react-dom-client.development.js:15718:11)
      at recursivelyTraversePassiveMountEffects (node_modules/.pnpm/react-dom@19.2.0_react@19.2.0/node_modules/react-dom/cjs/react-dom-client.development.js:15439:11)
      at commitPassiveMountOnFiber (node_modules/.pnpm/react-dom@19.2.0_react@19.2.0/node_modules/react-dom/cjs/react-dom-client.development.js:15476:11)
      at recursivelyTraversePassiveMountEffects (node_modules/.pnpm/react-dom@19.2.0_react@19.2.0/node_modules/react-dom/cjs/react-dom-client.development.js:15439:11)
      at commitPassiveMountOnFiber (node_modules/.pnpm/react-dom@19.2.0_react@19.2.0/node_modules/react-dom/cjs/react-dom-client.development.js:15476:11)
      at recursivelyTraversePassiveMountEffects (node_modules/.pnpm/react-dom@19.2.0_react@19.2.0/node_modules/react-dom/cjs/react-dom-client.development.js:15439:11)
      at commitPassiveMountOnFiber (node_modules/.pnpm/react-dom@19.2.0_react@19.2.0/node_modules/react-dom/cjs/react-dom-client.development.js:15718:11)
      at recursivelyTraversePassiveMountEffects (node_modules/.pnpm/react-dom@19.2.0_react@19.2.0/node_modules/react-dom/cjs/react-dom-client.development.js:15439:11)
      at commitPassiveMountOnFiber (node_modules/.pnpm/react-dom@19.2.0_react@19.2.0/node_modules/react-dom/cjs/react-dom-client.development.js:15476:11)
      at recursivelyTraversePassiveMountEffects (node_modules/.pnpm/react-dom@19.2.0_react@19.2.0/node_modules/react-dom/cjs/react-dom-client.development.js:15439:11)
      at commitPassiveMountOnFiber (node_modules/.pnpm/react-dom@19.2.0_react@19.2.0/node_modules/react-dom/cjs/react-dom-client.development.js:15476:11)
      at recursivelyTraversePassiveMountEffects (node_modules/.pnpm/react-dom@19.2.0_react@19.2.0/node_modules/react-dom/cjs/react-dom-client.development.js:15439:11)
      at commitPassiveMountOnFiber (node_modules/.pnpm/react-dom@19.2.0_react@19.2.0/node_modules/react-dom/cjs/react-dom-client.development.js:15476:11)
      at recursivelyTraversePassiveMountEffects (node_modules/.pnpm/react-dom@19.2.0_react@19.2.0/node_modules/react-dom/cjs/react-dom-client.development.js:15439:11)
      at commitPassiveMountOnFiber (node_modules/.pnpm/react-dom@19.2.0_react@19.2.0/node_modules/react-dom/cjs/react-dom-client.development.js:15718:11)
      at recursivelyTraversePassiveMountEffects (node_modules/.pnpm/react-dom@19.2.0_react@19.2.0/node_modules/react-dom/cjs/react-dom-client.development.js:15439:11)
      at commitPassiveMountOnFiber (node_modules/.pnpm/react-dom@19.2.0_react@19.2.0/node_modules/react-dom/cjs/react-dom-client.development.js:15476:11)
      at recursivelyTraversePassiveMountEffects (node_modules/.pnpm/react-dom@19.2.0_react@19.2.0/node_modules/react-dom/cjs/react-dom-client.development.js:15439:11)
      at commitPassiveMountOnFiber (node_modules/.pnpm/react-dom@19.2.0_react@19.2.0/node_modules/react-dom/cjs/react-dom-client.development.js:15476:11)
      at recursivelyTraversePassiveMountEffects (node_modules/.pnpm/react-dom@19.2.0_react@19.2.0/node_modules/react-dom/cjs/react-dom-client.development.js:15439:11)
      at commitPassiveMountOnFiber (node_modules/.pnpm/react-dom@19.2.0_react@19.2.0/node_modules/react-dom/cjs/react-dom-client.development.js:15476:11)
      at recursivelyTraversePassiveMountEffects (node_modules/.pnpm/react-dom@19.2.0_react@19.2.0/node_modules/react-dom/cjs/react-dom-client.development.js:15439:11)
      at commitPassiveMountOnFiber (node_modules/.pnpm/react-dom@19.2.0_react@19.2.0/node_modules/react-dom/cjs/react-dom-client.development.js:15476:11)
      at recursivelyTraversePassiveMountEffects (node_modules/.pnpm/react-dom@19.2.0_react@19.2.0/node_modules/react-dom/cjs/react-dom-client.development.js:15439:11)
      at commitPassiveMountOnFiber (node_modules/.pnpm/react-dom@19.2.0_react@19.2.0/node_modules/react-dom/cjs/react-dom-client.development.js:15519:11)
      at flushPassiveEffects (node_modules/.pnpm/react-dom@19.2.0_react@19.2.0/node_modules/react-dom/cjs/react-dom-client.development.js:18432:9)
      at flushPendingEffects (node_modules/.pnpm/react-dom@19.2.0_react@19.2.0/node_modules/react-dom/cjs/react-dom-client.development.js:18358:14)
      at flushSpawnedWork (node_modules/.pnpm/react-dom@19.2.0_react@19.2.0/node_modules/react-dom/cjs/react-dom-client.development.js:18323:44)
      at commitRoot (node_modules/.pnpm/react-dom@19.2.0_react@19.2.0/node_modules/react-dom/cjs/react-dom-client.development.js:17955:9)
      at performWorkOnRoot (node_modules/.pnpm/react-dom@19.2.0_react@19.2.0/node_modules/react-dom/cjs/react-dom-client.development.js:16667:15)
      at performSyncWorkOnRoot (node_modules/.pnpm/react-dom@19.2.0_react@19.2.0/node_modules/react-dom/cjs/react-dom-client.development.js:18972:7)
      at flushSyncWorkAcrossRoots_impl (node_modules/.pnpm/react-dom@19.2.0_react@19.2.0/node_modules/react-dom/cjs/react-dom-client.development.js:18814:21)
      at flushSpawnedWork (node_modules/.pnpm/react-dom@19.2.0_react@19.2.0/node_modules/react-dom/cjs/react-dom-client.development.js:18334:9)
      at commitRoot (node_modules/.pnpm/react-dom@19.2.0_react@19.2.0/node_modules/react-dom/cjs/react-dom-client.development.js:17955:9)
      at performWorkOnRoot (node_modules/.pnpm/react-dom@19.2.0_react@19.2.0/node_modules/react-dom/cjs/react-dom-client.development.js:16667:15)
      at performWorkOnRootViaSchedulerTask (node_modules/.pnpm/react-dom@19.2.0_react@19.2.0/node_modules/react-dom/cjs/react-dom-client.development.js:18957:7)
      at flushActQueue (node_modules/.pnpm/react@19.2.0/node_modules/react/cjs/react.development.js:590:34)
      at process.env.NODE_ENV.exports.act (node_modules/.pnpm/react@19.2.0/node_modules/react/cjs/react.development.js:884:10)
      at node_modules/.pnpm/@testing-library+react@16.3_15d474de7481bb0af842c1b1705139a8/node_modules/@testing-library/react/dist/act-compat.js:47:25
      at renderRoot (node_modules/.pnpm/@testing-library+react@16.3_15d474de7481bb0af842c1b1705139a8/node_modules/@testing-library/react/dist/pure.js:190:26)
      at render (node_modules/.pnpm/@testing-library+react@16.3_15d474de7481bb0af842c1b1705139a8/node_modules/@testing-library/react/dist/pure.js:292:10)
      at Object.<anonymous> (src/__tests__/components/ExportChatModal.test.tsx:96:13)

    console.warn
      Warning: Missing `Description` or `aria-describedby={undefined}` for {DialogContent}.

    [0m [90m 94 |[39m
     [90m 95 |[39m     it([32m'allows selecting TXT format'[39m[33m,[39m () [33m=>[39m {
    [31m[1m>[22m[39m[90m 96 |[39m       render([33m<[39m[33mExportChatModal[39m {[33m...[39mdefaultProps} [33m/[39m[33m>[39m)[33m;[39m
     [90m    |[39m             [31m[1m^[22m[39m
     [90m 97 |[39m
     [90m 98 |[39m       [36mconst[39m txtRadio [33m=[39m screen[33m.[39mgetByRole([32m'radio'[39m[33m,[39m { name[33m:[39m [35m/testo \(txt\)/i[39m })[33m;[39m
     [90m 99 |[39m       fireEvent[33m.[39mclick(txtRadio)[33m;[39m[0m

      at node_modules/.pnpm/@radix-ui+react-dialog@1.1._664b8f23a65f4708bb5cf27e5ff43c08/node_modules/@radix-ui/react-dialog/src/dialog.tsx:543:36
      at Object.react_stack_bottom_frame (node_modules/.pnpm/react-dom@19.2.0_react@19.2.0/node_modules/react-dom/cjs/react-dom-client.development.js:25989:20)
      at runWithFiberInDEV (node_modules/.pnpm/react-dom@19.2.0_react@19.2.0/node_modules/react-dom/cjs/react-dom-client.development.js:874:13)
      at commitHookEffectListMount (node_modules/.pnpm/react-dom@19.2.0_react@19.2.0/node_modules/react-dom/cjs/react-dom-client.development.js:13249:29)
      at commitHookPassiveMountEffects (node_modules/.pnpm/react-dom@19.2.0_react@19.2.0/node_modules/react-dom/cjs/react-dom-client.development.js:13336:11)
      at commitPassiveMountOnFiber (node_modules/.pnpm/react-dom@19.2.0_react@19.2.0/node_modules/react-dom/cjs/react-dom-client.development.js:15484:13)
      at recursivelyTraversePassiveMountEffects (node_modules/.pnpm/react-dom@19.2.0_react@19.2.0/node_modules/react-dom/cjs/react-dom-client.development.js:15439:11)
      at commitPassiveMountOnFiber (node_modules/.pnpm/react-dom@19.2.0_react@19.2.0/node_modules/react-dom/cjs/react-dom-client.development.js:15718:11)
      at recursivelyTraversePassiveMountEffects (node_modules/.pnpm/react-dom@19.2.0_react@19.2.0/node_modules/react-dom/cjs/react-dom-client.development.js:15439:11)
      at commitPassiveMountOnFiber (node_modules/.pnpm/react-dom@19.2.0_react@19.2.0/node_modules/react-dom/cjs/react-dom-client.development.js:15476:11)
      at recursivelyTraversePassiveMountEffects (node_modules/.pnpm/react-dom@19.2.0_react@19.2.0/node_modules/react-dom/cjs/react-dom-client.development.js:15439:11)
      at commitPassiveMountOnFiber (node_modules/.pnpm/react-dom@19.2.0_react@19.2.0/node_modules/react-dom/cjs/react-dom-client.development.js:15476:11)
      at recursivelyTraversePassiveMountEffects (node_modules/.pnpm/react-dom@19.2.0_react@19.2.0/node_modules/react-dom/cjs/react-dom-client.development.js:15439:11)
      at commitPassiveMountOnFiber (node_modules/.pnpm/react-dom@19.2.0_react@19.2.0/node_modules/react-dom/cjs/react-dom-client.development.js:15476:11)
      at recursivelyTraversePassiveMountEffects (node_modules/.pnpm/react-dom@19.2.0_react@19.2.0/node_modules/react-dom/cjs/react-dom-client.development.js:15439:11)
      at commitPassiveMountOnFiber (node_modules/.pnpm/react-dom@19.2.0_react@19.2.0/node_modules/react-dom/cjs/react-dom-client.development.js:15476:11)
      at recursivelyTraversePassiveMountEffects (node_modules/.pnpm/react-dom@19.2.0_react@19.2.0/node_modules/react-dom/cjs/react-dom-client.development.js:15439:11)
      at commitPassiveMountOnFiber (node_modules/.pnpm/react-dom@19.2.0_react@19.2.0/node_modules/react-dom/cjs/react-dom-client.development.js:15476:11)
      at recursivelyTraversePassiveMountEffects (node_modules/.pnpm/react-dom@19.2.0_react@19.2.0/node_modules/react-dom/cjs/react-dom-client.development.js:15439:11)
      at commitPassiveMountOnFiber (node_modules/.pnpm/react-dom@19.2.0_react@19.2.0/node_modules/react-dom/cjs/react-dom-client.development.js:15476:11)
      at recursivelyTraversePassiveMountEffects (node_modules/.pnpm/react-dom@19.2.0_react@19.2.0/node_modules/react-dom/cjs/react-dom-client.development.js:15439:11)
      at commitPassiveMountOnFiber (node_modules/.pnpm/react-dom@19.2.0_react@19.2.0/node_modules/react-dom/cjs/react-dom-client.development.js:15476:11)
      at recursivelyTraversePassiveMountEffects (node_modules/.pnpm/react-dom@19.2.0_react@19.2.0/node_modules/react-dom/cjs/react-dom-client.development.js:15439:11)
      at commitPassiveMountOnFiber (node_modules/.pnpm/react-dom@19.2.0_react@19.2.0/node_modules/react-dom/cjs/react-dom-client.development.js:15718:11)
      at recursivelyTraversePassiveMountEffects (node_modules/.pnpm/react-dom@19.2.0_react@19.2.0/node_modules/react-dom/cjs/react-dom-client.development.js:15439:11)
      at commitPassiveMountOnFiber (node_modules/.pnpm/react-dom@19.2.0_react@19.2.0/node_modules/react-dom/cjs/react-dom-client.development.js:15476:11)
      at recursivelyTraversePassiveMountEffects (node_modules/.pnpm/react-dom@19.2.0_react@19.2.0/node_modules/react-dom/cjs/react-dom-client.development.js:15439:11)
      at commitPassiveMountOnFiber (node_modules/.pnpm/react-dom@19.2.0_react@19.2.0/node_modules/react-dom/cjs/react-dom-client.development.js:15476:11)
      at recursivelyTraversePassiveMountEffects (node_modules/.pnpm/react-dom@19.2.0_react@19.2.0/node_modules/react-dom/cjs/react-dom-client.development.js:15439:11)
      at commitPassiveMountOnFiber (node_modules/.pnpm/react-dom@19.2.0_react@19.2.0/node_modules/react-dom/cjs/react-dom-client.development.js:15718:11)
      at recursivelyTraversePassiveMountEffects (node_modules/.pnpm/react-dom@19.2.0_react@19.2.0/node_modules/react-dom/cjs/react-dom-client.development.js:15439:11)
      at commitPassiveMountOnFiber (node_modules/.pnpm/react-dom@19.2.0_react@19.2.0/node_modules/react-dom/cjs/react-dom-client.development.js:15476:11)
      at recursivelyTraversePassiveMountEffects (node_modules/.pnpm/react-dom@19.2.0_react@19.2.0/node_modules/react-dom/cjs/react-dom-client.development.js:15439:11)
      at commitPassiveMountOnFiber (node_modules/.pnpm/react-dom@19.2.0_react@19.2.0/node_modules/react-dom/cjs/react-dom-client.development.js:15476:11)
      at recursivelyTraversePassiveMountEffects (node_modules/.pnpm/react-dom@19.2.0_react@19.2.0/node_modules/react-dom/cjs/react-dom-client.development.js:15439:11)
      at commitPassiveMountOnFiber (node_modules/.pnpm/react-dom@19.2.0_react@19.2.0/node_modules/react-dom/cjs/react-dom-client.development.js:15476:11)
      at recursivelyTraversePassiveMountEffects (node_modules/.pnpm/react-dom@19.2.0_react@19.2.0/node_modules/react-dom/cjs/react-dom-client.development.js:15439:11)
      at commitPassiveMountOnFiber (node_modules/.pnpm/react-dom@19.2.0_react@19.2.0/node_modules/react-dom/cjs/react-dom-client.development.js:15718:11)
      at recursivelyTraversePassiveMountEffects (node_modules/.pnpm/react-dom@19.2.0_react@19.2.0/node_modules/react-dom/cjs/react-dom-client.development.js:15439:11)
      at commitPassiveMountOnFiber (node_modules/.pnpm/react-dom@19.2.0_react@19.2.0/node_modules/react-dom/cjs/react-dom-client.development.js:15476:11)
      at recursivelyTraversePassiveMountEffects (node_modules/.pnpm/react-dom@19.2.0_react@19.2.0/node_modules/react-dom/cjs/react-dom-client.development.js:15439:11)
      at commitPassiveMountOnFiber (node_modules/.pnpm/react-dom@19.2.0_react@19.2.0/node_modules/react-dom/cjs/react-dom-client.development.js:15476:11)
      at recursivelyTraversePassiveMountEffects (node_modules/.pnpm/react-dom@19.2.0_react@19.2.0/node_modules/react-dom/cjs/react-dom-client.development.js:15439:11)
      at commitPassiveMountOnFiber (node_modules/.pnpm/react-dom@19.2.0_react@19.2.0/node_modules/react-dom/cjs/react-dom-client.development.js:15476:11)
      at recursivelyTraversePassiveMountEffects (node_modules/.pnpm/react-dom@19.2.0_react@19.2.0/node_modules/react-dom/cjs/react-dom-client.development.js:15439:11)
      at commitPassiveMountOnFiber (node_modules/.pnpm/react-dom@19.2.0_react@19.2.0/node_modules/react-dom/cjs/react-dom-client.development.js:15476:11)
      at recursivelyTraversePassiveMountEffects (node_modules/.pnpm/react-dom@19.2.0_react@19.2.0/node_modules/react-dom/cjs/react-dom-client.development.js:15439:11)
      at commitPassiveMountOnFiber (node_modules/.pnpm/react-dom@19.2.0_react@19.2.0/node_modules/react-dom/cjs/react-dom-client.development.js:15519:11)
      at flushPassiveEffects (node_modules/.pnpm/react-dom@19.2.0_react@19.2.0/node_modules/react-dom/cjs/react-dom-client.development.js:18432:9)
      at flushPendingEffects (node_modules/.pnpm/react-dom@19.2.0_react@19.2.0/node_modules/react-dom/cjs/react-dom-client.development.js:18358:14)
      at flushSpawnedWork (node_modules/.pnpm/react-dom@19.2.0_react@19.2.0/node_modules/react-dom/cjs/react-dom-client.development.js:18323:44)
      at commitRoot (node_modules/.pnpm/react-dom@19.2.0_react@19.2.0/node_modules/react-dom/cjs/react-dom-client.development.js:17955:9)
      at performWorkOnRoot (node_modules/.pnpm/react-dom@19.2.0_react@19.2.0/node_modules/react-dom/cjs/react-dom-client.development.js:16667:15)
      at performSyncWorkOnRoot (node_modules/.pnpm/react-dom@19.2.0_react@19.2.0/node_modules/react-dom/cjs/react-dom-client.development.js:18972:7)
      at flushSyncWorkAcrossRoots_impl (node_modules/.pnpm/react-dom@19.2.0_react@19.2.0/node_modules/react-dom/cjs/react-dom-client.development.js:18814:21)
      at flushSpawnedWork (node_modules/.pnpm/react-dom@19.2.0_react@19.2.0/node_modules/react-dom/cjs/react-dom-client.development.js:18334:9)
      at commitRoot (node_modules/.pnpm/react-dom@19.2.0_react@19.2.0/node_modules/react-dom/cjs/react-dom-client.development.js:17955:9)
      at performWorkOnRoot (node_modules/.pnpm/react-dom@19.2.0_react@19.2.0/node_modules/react-dom/cjs/react-dom-client.development.js:16667:15)
      at performWorkOnRootViaSchedulerTask (node_modules/.pnpm/react-dom@19.2.0_react@19.2.0/node_modules/react-dom/cjs/react-dom-client.development.js:18957:7)
      at flushActQueue (node_modules/.pnpm/react@19.2.0/node_modules/react/cjs/react.development.js:590:34)
      at process.env.NODE_ENV.exports.act (node_modules/.pnpm/react@19.2.0/node_modules/react/cjs/react.development.js:884:10)
      at node_modules/.pnpm/@testing-library+react@16.3_15d474de7481bb0af842c1b1705139a8/node_modules/@testing-library/react/dist/act-compat.js:47:25
      at renderRoot (node_modules/.pnpm/@testing-library+react@16.3_15d474de7481bb0af842c1b1705139a8/node_modules/@testing-library/react/dist/pure.js:190:26)
      at render (node_modules/.pnpm/@testing-library+react@16.3_15d474de7481bb0af842c1b1705139a8/node_modules/@testing-library/react/dist/pure.js:292:10)
      at Object.<anonymous> (src/__tests__/components/ExportChatModal.test.tsx:96:13)

    console.error
      `DialogContent` requires a `DialogTitle` for the component to be accessible for screen reader users.
      
      If you want to hide the `DialogTitle`, you can wrap it with our VisuallyHidden component.
      
      For more information, see https://radix-ui.com/primitives/docs/components/dialog

    [0m [90m 373 |[39m       [36mreturn[39m[33m;[39m
     [90m 374 |[39m     }
    [31m[1m>[22m[39m[90m 375 |[39m     originalError[33m.[39mcall(console[33m,[39m [33m...[39margs)[33m;[39m
     [90m     |[39m                   [31m[1m^[22m[39m
     [90m 376 |[39m   }[33m;[39m
     [90m 377 |[39m })[33m;[39m
     [90m 378 |[39m[0m

      at console.call [as error] (jest.setup.js:375:19)
      at node_modules/.pnpm/@radix-ui+react-dialog@1.1._664b8f23a65f4708bb5cf27e5ff43c08/node_modules/@radix-ui/react-dialog/src/dialog.tsx:520:30
      at Object.react_stack_bottom_frame (node_modules/.pnpm/react-dom@19.2.0_react@19.2.0/node_modules/react-dom/cjs/react-dom-client.development.js:25989:20)
      at runWithFiberInDEV (node_modules/.pnpm/react-dom@19.2.0_react@19.2.0/node_modules/react-dom/cjs/react-dom-client.development.js:874:13)
      at commitHookEffectListMount (node_modules/.pnpm/react-dom@19.2.0_react@19.2.0/node_modules/react-dom/cjs/react-dom-client.development.js:13249:29)
      at commitHookPassiveMountEffects (node_modules/.pnpm/react-dom@19.2.0_react@19.2.0/node_modules/react-dom/cjs/react-dom-client.development.js:13336:11)
      at commitPassiveMountOnFiber (node_modules/.pnpm/react-dom@19.2.0_react@19.2.0/node_modules/react-dom/cjs/react-dom-client.development.js:15484:13)
      at recursivelyTraversePassiveMountEffects (node_modules/.pnpm/react-dom@19.2.0_react@19.2.0/node_modules/react-dom/cjs/react-dom-client.development.js:15439:11)
      at commitPassiveMountOnFiber (node_modules/.pnpm/react-dom@19.2.0_react@19.2.0/node_modules/react-dom/cjs/react-dom-client.development.js:15718:11)
      at recursivelyTraversePassiveMountEffects (node_modules/.pnpm/react-dom@19.2.0_react@19.2.0/node_modules/react-dom/cjs/react-dom-client.development.js:15439:11)
      at commitPassiveMountOnFiber (node_modules/.pnpm/react-dom@19.2.0_react@19.2.0/node_modules/react-dom/cjs/react-dom-client.development.js:15476:11)
      at recursivelyTraversePassiveMountEffects (node_modules/.pnpm/react-dom@19.2.0_react@19.2.0/node_modules/react-dom/cjs/react-dom-client.development.js:15439:11)
      at commitPassiveMountOnFiber (node_modules/.pnpm/react-dom@19.2.0_react@19.2.0/node_modules/react-dom/cjs/react-dom-client.development.js:15476:11)
      at recursivelyTraversePassiveMountEffects (node_modules/.pnpm/react-dom@19.2.0_react@19.2.0/node_modules/react-dom/cjs/react-dom-client.development.js:15439:11)
      at commitPassiveMountOnFiber (node_modules/.pnpm/react-dom@19.2.0_react@19.2.0/node_modules/react-dom/cjs/react-dom-client.development.js:15476:11)
      at recursivelyTraversePassiveMountEffects (node_modules/.pnpm/react-dom@19.2.0_react@19.2.0/node_modules/react-dom/cjs/react-dom-client.development.js:15439:11)
      at commitPassiveMountOnFiber (node_modules/.pnpm/react-dom@19.2.0_react@19.2.0/node_modules/react-dom/cjs/react-dom-client.development.js:15476:11)
      at recursivelyTraversePassiveMountEffects (node_modules/.pnpm/react-dom@19.2.0_react@19.2.0/node_modules/react-dom/cjs/react-dom-client.development.js:15439:11)
      at commitPassiveMountOnFiber (node_modules/.pnpm/react-dom@19.2.0_react@19.2.0/node_modules/react-dom/cjs/react-dom-client.development.js:15476:11)
      at recursivelyTraversePassiveMountEffects (node_modules/.pnpm/react-dom@19.2.0_react@19.2.0/node_modules/react-dom/cjs/react-dom-client.development.js:15439:11)
      at commitPassiveMountOnFiber (node_modules/.pnpm/react-dom@19.2.0_react@19.2.0/node_modules/react-dom/cjs/react-dom-client.development.js:15476:11)
      at recursivelyTraversePassiveMountEffects (node_modules/.pnpm/react-dom@19.2.0_react@19.2.0/node_modules/react-dom/cjs/react-dom-client.development.js:15439:11)
      at commitPassiveMountOnFiber (node_modules/.pnpm/react-dom@19.2.0_react@19.2.0/node_modules/react-dom/cjs/react-dom-client.development.js:15476:11)
      at recursivelyTraversePassiveMountEffects (node_modules/.pnpm/react-dom@19.2.0_react@19.2.0/node_modules/react-dom/cjs/react-dom-client.development.js:15439:11)
      at commitPassiveMountOnFiber (node_modules/.pnpm/react-dom@19.2.0_react@19.2.0/node_modules/react-dom/cjs/react-dom-client.development.js:15718:11)
      at recursivelyTraversePassiveMountEffects (node_modules/.pnpm/react-dom@19.2.0_react@19.2.0/node_modules/react-dom/cjs/react-dom-client.development.js:15439:11)
      at commitPassiveMountOnFiber (node_modules/.pnpm/react-dom@19.2.0_react@19.2.0/node_modules/react-dom/cjs/react-dom-client.development.js:15476:11)
      at recursivelyTraversePassiveMountEffects (node_modules/.pnpm/react-dom@19.2.0_react@19.2.0/node_modules/react-dom/cjs/react-dom-client.development.js:15439:11)
      at commitPassiveMountOnFiber (node_modules/.pnpm/react-dom@19.2.0_react@19.2.0/node_modules/react-dom/cjs/react-dom-client.development.js:15476:11)
      at recursivelyTraversePassiveMountEffects (node_modules/.pnpm/react-dom@19.2.0_react@19.2.0/node_modules/react-dom/cjs/react-dom-client.development.js:15439:11)
      at commitPassiveMountOnFiber (node_modules/.pnpm/react-dom@19.2.0_react@19.2.0/node_modules/react-dom/cjs/react-dom-client.development.js:15718:11)
      at recursivelyTraversePassiveMountEffects (node_modules/.pnpm/react-dom@19.2.0_react@19.2.0/node_modules/react-dom/cjs/react-dom-client.development.js:15439:11)
      at commitPassiveMountOnFiber (node_modules/.pnpm/react-dom@19.2.0_react@19.2.0/node_modules/react-dom/cjs/react-dom-client.development.js:15476:11)
      at recursivelyTraversePassiveMountEffects (node_modules/.pnpm/react-dom@19.2.0_react@19.2.0/node_modules/react-dom/cjs/react-dom-client.development.js:15439:11)
      at commitPassiveMountOnFiber (node_modules/.pnpm/react-dom@19.2.0_react@19.2.0/node_modules/react-dom/cjs/react-dom-client.development.js:15476:11)
      at recursivelyTraversePassiveMountEffects (node_modules/.pnpm/react-dom@19.2.0_react@19.2.0/node_modules/react-dom/cjs/react-dom-client.development.js:15439:11)
      at commitPassiveMountOnFiber (node_modules/.pnpm/react-dom@19.2.0_react@19.2.0/node_modules/react-dom/cjs/react-dom-client.development.js:15476:11)
      at recursivelyTraversePassiveMountEffects (node_modules/.pnpm/react-dom@19.2.0_react@19.2.0/node_modules/react-dom/cjs/react-dom-client.development.js:15439:11)
      at commitPassiveMountOnFiber (node_modules/.pnpm/react-dom@19.2.0_react@19.2.0/node_modules/react-dom/cjs/react-dom-client.development.js:15718:11)
      at recursivelyTraversePassiveMountEffects (node_modules/.pnpm/react-dom@19.2.0_react@19.2.0/node_modules/react-dom/cjs/react-dom-client.development.js:15439:11)
      at commitPassiveMountOnFiber (node_modules/.pnpm/react-dom@19.2.0_react@19.2.0/node_modules/react-dom/cjs/react-dom-client.development.js:15476:11)
      at recursivelyTraversePassiveMountEffects (node_modules/.pnpm/react-dom@19.2.0_react@19.2.0/node_modules/react-dom/cjs/react-dom-client.development.js:15439:11)
      at commitPassiveMountOnFiber (node_modules/.pnpm/react-dom@19.2.0_react@19.2.0/node_modules/react-dom/cjs/react-dom-client.development.js:15476:11)
      at recursivelyTraversePassiveMountEffects (node_modules/.pnpm/react-dom@19.2.0_react@19.2.0/node_modules/react-dom/cjs/react-dom-client.development.js:15439:11)
      at commitPassiveMountOnFiber (node_modules/.pnpm/react-dom@19.2.0_react@19.2.0/node_modules/react-dom/cjs/react-dom-client.development.js:15476:11)
      at recursivelyTraversePassiveMountEffects (node_modules/.pnpm/react-dom@19.2.0_react@19.2.0/node_modules/react-dom/cjs/react-dom-client.development.js:15439:11)
      at commitPassiveMountOnFiber (node_modules/.pnpm/react-dom@19.2.0_react@19.2.0/node_modules/react-dom/cjs/react-dom-client.development.js:15476:11)
      at recursivelyTraversePassiveMountEffects (node_modules/.pnpm/react-dom@19.2.0_react@19.2.0/node_modules/react-dom/cjs/react-dom-client.development.js:15439:11)
      at commitPassiveMountOnFiber (node_modules/.pnpm/react-dom@19.2.0_react@19.2.0/node_modules/react-dom/cjs/react-dom-client.development.js:15519:11)
      at flushPassiveEffects (node_modules/.pnpm/react-dom@19.2.0_react@19.2.0/node_modules/react-dom/cjs/react-dom-client.development.js:18432:9)
      at flushPendingEffects (node_modules/.pnpm/react-dom@19.2.0_react@19.2.0/node_modules/react-dom/cjs/react-dom-client.development.js:18358:14)
      at flushSpawnedWork (node_modules/.pnpm/react-dom@19.2.0_react@19.2.0/node_modules/react-dom/cjs/react-dom-client.development.js:18323:44)
      at commitRoot (node_modules/.pnpm/react-dom@19.2.0_react@19.2.0/node_modules/react-dom/cjs/react-dom-client.development.js:17955:9)
      at performWorkOnRoot (node_modules/.pnpm/react-dom@19.2.0_react@19.2.0/node_modules/react-dom/cjs/react-dom-client.development.js:16667:15)
      at performSyncWorkOnRoot (node_modules/.pnpm/react-dom@19.2.0_react@19.2.0/node_modules/react-dom/cjs/react-dom-client.development.js:18972:7)
      at flushSyncWorkAcrossRoots_impl (node_modules/.pnpm/react-dom@19.2.0_react@19.2.0/node_modules/react-dom/cjs/react-dom-client.development.js:18814:21)
      at flushSpawnedWork (node_modules/.pnpm/react-dom@19.2.0_react@19.2.0/node_modules/react-dom/cjs/react-dom-client.development.js:18334:9)
      at commitRoot (node_modules/.pnpm/react-dom@19.2.0_react@19.2.0/node_modules/react-dom/cjs/react-dom-client.development.js:17955:9)
      at performWorkOnRoot (node_modules/.pnpm/react-dom@19.2.0_react@19.2.0/node_modules/react-dom/cjs/react-dom-client.development.js:16667:15)
      at performWorkOnRootViaSchedulerTask (node_modules/.pnpm/react-dom@19.2.0_react@19.2.0/node_modules/react-dom/cjs/react-dom-client.development.js:18957:7)
      at flushActQueue (node_modules/.pnpm/react@19.2.0/node_modules/react/cjs/react.development.js:590:34)
      at process.env.NODE_ENV.exports.act (node_modules/.pnpm/react@19.2.0/node_modules/react/cjs/react.development.js:884:10)
      at node_modules/.pnpm/@testing-library+react@16.3_15d474de7481bb0af842c1b1705139a8/node_modules/@testing-library/react/dist/act-compat.js:47:25
      at renderRoot (node_modules/.pnpm/@testing-library+react@16.3_15d474de7481bb0af842c1b1705139a8/node_modules/@testing-library/react/dist/pure.js:190:26)
      at render (node_modules/.pnpm/@testing-library+react@16.3_15d474de7481bb0af842c1b1705139a8/node_modules/@testing-library/react/dist/pure.js:292:10)
      at Object.<anonymous> (src/__tests__/components/ExportChatModal.test.tsx:105:13)

    console.warn
      Warning: Missing `Description` or `aria-describedby={undefined}` for {DialogContent}.

    [0m [90m 103 |[39m
     [90m 104 |[39m     it([32m'allows selecting Markdown format'[39m[33m,[39m () [33m=>[39m {
    [31m[1m>[22m[39m[90m 105 |[39m       render([33m<[39m[33mExportChatModal[39m {[33m...[39mdefaultProps} [33m/[39m[33m>[39m)[33m;[39m
     [90m     |[39m             [31m[1m^[22m[39m
     [90m 106 |[39m
     [90m 107 |[39m       [36mconst[39m mdRadio [33m=[39m screen[33m.[39mgetByRole([32m'radio'[39m[33m,[39m { name[33m:[39m [35m/markdown/i[39m })[33m;[39m
     [90m 108 |[39m       fireEvent[33m.[39mclick(mdRadio)[33m;[39m[0m

      at node_modules/.pnpm/@radix-ui+react-dialog@1.1._664b8f23a65f4708bb5cf27e5ff43c08/node_modules/@radix-ui/react-dialog/src/dialog.tsx:543:36
      at Object.react_stack_bottom_frame (node_modules/.pnpm/react-dom@19.2.0_react@19.2.0/node_modules/react-dom/cjs/react-dom-client.development.js:25989:20)
      at runWithFiberInDEV (node_modules/.pnpm/react-dom@19.2.0_react@19.2.0/node_modules/react-dom/cjs/react-dom-client.development.js:874:13)
      at commitHookEffectListMount (node_modules/.pnpm/react-dom@19.2.0_react@19.2.0/node_modules/react-dom/cjs/react-dom-client.development.js:13249:29)
      at commitHookPassiveMountEffects (node_modules/.pnpm/react-dom@19.2.0_react@19.2.0/node_modules/react-dom/cjs/react-dom-client.development.js:13336:11)
      at commitPassiveMountOnFiber (node_modules/.pnpm/react-dom@19.2.0_react@19.2.0/node_modules/react-dom/cjs/react-dom-client.development.js:15484:13)
      at recursivelyTraversePassiveMountEffects (node_modules/.pnpm/react-dom@19.2.0_react@19.2.0/node_modules/react-dom/cjs/react-dom-client.development.js:15439:11)
      at commitPassiveMountOnFiber (node_modules/.pnpm/react-dom@19.2.0_react@19.2.0/node_modules/react-dom/cjs/react-dom-client.development.js:15718:11)
      at recursivelyTraversePassiveMountEffects (node_modules/.pnpm/react-dom@19.2.0_react@19.2.0/node_modules/react-dom/cjs/react-dom-client.development.js:15439:11)
      at commitPassiveMountOnFiber (node_modules/.pnpm/react-dom@19.2.0_react@19.2.0/node_modules/react-dom/cjs/react-dom-client.development.js:15476:11)
      at recursivelyTraversePassiveMountEffects (node_modules/.pnpm/react-dom@19.2.0_react@19.2.0/node_modules/react-dom/cjs/react-dom-client.development.js:15439:11)
      at commitPassiveMountOnFiber (node_modules/.pnpm/react-dom@19.2.0_react@19.2.0/node_modules/react-dom/cjs/react-dom-client.development.js:15476:11)
      at recursivelyTraversePassiveMountEffects (node_modules/.pnpm/react-dom@19.2.0_react@19.2.0/node_modules/react-dom/cjs/react-dom-client.development.js:15439:11)
      at commitPassiveMountOnFiber (node_modules/.pnpm/react-dom@19.2.0_react@19.2.0/node_modules/react-dom/cjs/react-dom-client.development.js:15476:11)
      at recursivelyTraversePassiveMountEffects (node_modules/.pnpm/react-dom@19.2.0_react@19.2.0/node_modules/react-dom/cjs/react-dom-client.development.js:15439:11)
      at commitPassiveMountOnFiber (node_modules/.pnpm/react-dom@19.2.0_react@19.2.0/node_modules/react-dom/cjs/react-dom-client.development.js:15476:11)
      at recursivelyTraversePassiveMountEffects (node_modules/.pnpm/react-dom@19.2.0_react@19.2.0/node_modules/react-dom/cjs/react-dom-client.development.js:15439:11)
      at commitPassiveMountOnFiber (node_modules/.pnpm/react-dom@19.2.0_react@19.2.0/node_modules/react-dom/cjs/react-dom-client.development.js:15476:11)
      at recursivelyTraversePassiveMountEffects (node_modules/.pnpm/react-dom@19.2.0_react@19.2.0/node_modules/react-dom/cjs/react-dom-client.development.js:15439:11)
      at commitPassiveMountOnFiber (node_modules/.pnpm/react-dom@19.2.0_react@19.2.0/node_modules/react-dom/cjs/react-dom-client.development.js:15476:11)
      at recursivelyTraversePassiveMountEffects (node_modules/.pnpm/react-dom@19.2.0_react@19.2.0/node_modules/react-dom/cjs/react-dom-client.development.js:15439:11)
      at commitPassiveMountOnFiber (node_modules/.pnpm/react-dom@19.2.0_react@19.2.0/node_modules/react-dom/cjs/react-dom-client.development.js:15476:11)
      at recursivelyTraversePassiveMountEffects (node_modules/.pnpm/react-dom@19.2.0_react@19.2.0/node_modules/react-dom/cjs/react-dom-client.development.js:15439:11)
      at commitPassiveMountOnFiber (node_modules/.pnpm/react-dom@19.2.0_react@19.2.0/node_modules/react-dom/cjs/react-dom-client.development.js:15718:11)
      at recursivelyTraversePassiveMountEffects (node_modules/.pnpm/react-dom@19.2.0_react@19.2.0/node_modules/react-dom/cjs/react-dom-client.development.js:15439:11)
      at commitPassiveMountOnFiber (node_modules/.pnpm/react-dom@19.2.0_react@19.2.0/node_modules/react-dom/cjs/react-dom-client.development.js:15476:11)
      at recursivelyTraversePassiveMountEffects (node_modules/.pnpm/react-dom@19.2.0_react@19.2.0/node_modules/react-dom/cjs/react-dom-client.development.js:15439:11)
      at commitPassiveMountOnFiber (node_modules/.pnpm/react-dom@19.2.0_react@19.2.0/node_modules/react-dom/cjs/react-dom-client.development.js:15476:11)
      at recursivelyTraversePassiveMountEffects (node_modules/.pnpm/react-dom@19.2.0_react@19.2.0/node_modules/react-dom/cjs/react-dom-client.development.js:15439:11)
      at commitPassiveMountOnFiber (node_modules/.pnpm/react-dom@19.2.0_react@19.2.0/node_modules/react-dom/cjs/react-dom-client.development.js:15718:11)
      at recursivelyTraversePassiveMountEffects (node_modules/.pnpm/react-dom@19.2.0_react@19.2.0/node_modules/react-dom/cjs/react-dom-client.development.js:15439:11)
      at commitPassiveMountOnFiber (node_modules/.pnpm/react-dom@19.2.0_react@19.2.0/node_modules/react-dom/cjs/react-dom-client.development.js:15476:11)
      at recursivelyTraversePassiveMountEffects (node_modules/.pnpm/react-dom@19.2.0_react@19.2.0/node_modules/react-dom/cjs/react-dom-client.development.js:15439:11)
      at commitPassiveMountOnFiber (node_modules/.pnpm/react-dom@19.2.0_react@19.2.0/node_modules/react-dom/cjs/react-dom-client.development.js:15476:11)
      at recursivelyTraversePassiveMountEffects (node_modules/.pnpm/react-dom@19.2.0_react@19.2.0/node_modules/react-dom/cjs/react-dom-client.development.js:15439:11)
      at commitPassiveMountOnFiber (node_modules/.pnpm/react-dom@19.2.0_react@19.2.0/node_modules/react-dom/cjs/react-dom-client.development.js:15476:11)
      at recursivelyTraversePassiveMountEffects (node_modules/.pnpm/react-dom@19.2.0_react@19.2.0/node_modules/react-dom/cjs/react-dom-client.development.js:15439:11)
      at commitPassiveMountOnFiber (node_modules/.pnpm/react-dom@19.2.0_react@19.2.0/node_modules/react-dom/cjs/react-dom-client.development.js:15718:11)
      at recursivelyTraversePassiveMountEffects (node_modules/.pnpm/react-dom@19.2.0_react@19.2.0/node_modules/react-dom/cjs/react-dom-client.development.js:15439:11)
      at commitPassiveMountOnFiber (node_modules/.pnpm/react-dom@19.2.0_react@19.2.0/node_modules/react-dom/cjs/react-dom-client.development.js:15476:11)
      at recursivelyTraversePassiveMountEffects (node_modules/.pnpm/react-dom@19.2.0_react@19.2.0/node_modules/react-dom/cjs/react-dom-client.development.js:15439:11)
      at commitPassiveMountOnFiber (node_modules/.pnpm/react-dom@19.2.0_react@19.2.0/node_modules/react-dom/cjs/react-dom-client.development.js:15476:11)
      at recursivelyTraversePassiveMountEffects (node_modules/.pnpm/react-dom@19.2.0_react@19.2.0/node_modules/react-dom/cjs/react-dom-client.development.js:15439:11)
      at commitPassiveMountOnFiber (node_modules/.pnpm/react-dom@19.2.0_react@19.2.0/node_modules/react-dom/cjs/react-dom-client.development.js:15476:11)
      at recursivelyTraversePassiveMountEffects (node_modules/.pnpm/react-dom@19.2.0_react@19.2.0/node_modules/react-dom/cjs/react-dom-client.development.js:15439:11)
      at commitPassiveMountOnFiber (node_modules/.pnpm/react-dom@19.2.0_react@19.2.0/node_modules/react-dom/cjs/react-dom-client.development.js:15476:11)
      at recursivelyTraversePassiveMountEffects (node_modules/.pnpm/react-dom@19.2.0_react@19.2.0/node_modules/react-dom/cjs/react-dom-client.development.js:15439:11)
      at commitPassiveMountOnFiber (node_modules/.pnpm/react-dom@19.2.0_react@19.2.0/node_modules/react-dom/cjs/react-dom-client.development.js:15519:11)
      at flushPassiveEffects (node_modules/.pnpm/react-dom@19.2.0_react@19.2.0/node_modules/react-dom/cjs/react-dom-client.development.js:18432:9)
      at flushPendingEffects (node_modules/.pnpm/react-dom@19.2.0_react@19.2.0/node_modules/react-dom/cjs/react-dom-client.development.js:18358:14)
      at flushSpawnedWork (node_modules/.pnpm/react-dom@19.2.0_react@19.2.0/node_modules/react-dom/cjs/react-dom-client.development.js:18323:44)
      at commitRoot (node_modules/.pnpm/react-dom@19.2.0_react@19.2.0/node_modules/react-dom/cjs/react-dom-client.development.js:17955:9)
      at performWorkOnRoot (node_modules/.pnpm/react-dom@19.2.0_react@19.2.0/node_modules/react-dom/cjs/react-dom-client.development.js:16667:15)
      at performSyncWorkOnRoot (node_modules/.pnpm/react-dom@19.2.0_react@19.2.0/node_modules/react-dom/cjs/react-dom-client.development.js:18972:7)
      at flushSyncWorkAcrossRoots_impl (node_modules/.pnpm/react-dom@19.2.0_react@19.2.0/node_modules/react-dom/cjs/react-dom-client.development.js:18814:21)
      at flushSpawnedWork (node_modules/.pnpm/react-dom@19.2.0_react@19.2.0/node_modules/react-dom/cjs/react-dom-client.development.js:18334:9)
      at commitRoot (node_modules/.pnpm/react-dom@19.2.0_react@19.2.0/node_modules/react-dom/cjs/react-dom-client.development.js:17955:9)
      at performWorkOnRoot (node_modules/.pnpm/react-dom@19.2.0_react@19.2.0/node_modules/react-dom/cjs/react-dom-client.development.js:16667:15)
      at performWorkOnRootViaSchedulerTask (node_modules/.pnpm/react-dom@19.2.0_react@19.2.0/node_modules/react-dom/cjs/react-dom-client.development.js:18957:7)
      at flushActQueue (node_modules/.pnpm/react@19.2.0/node_modules/react/cjs/react.development.js:590:34)
      at process.env.NODE_ENV.exports.act (node_modules/.pnpm/react@19.2.0/node_modules/react/cjs/react.development.js:884:10)
      at node_modules/.pnpm/@testing-library+react@16.3_15d474de7481bb0af842c1b1705139a8/node_modules/@testing-library/react/dist/act-compat.js:47:25
      at renderRoot (node_modules/.pnpm/@testing-library+react@16.3_15d474de7481bb0af842c1b1705139a8/node_modules/@testing-library/react/dist/pure.js:190:26)
      at render (node_modules/.pnpm/@testing-library+react@16.3_15d474de7481bb0af842c1b1705139a8/node_modules/@testing-library/react/dist/pure.js:292:10)
      at Object.<anonymous> (src/__tests__/components/ExportChatModal.test.tsx:105:13)

    console.error
      `DialogContent` requires a `DialogTitle` for the component to be accessible for screen reader users.
      
      If you want to hide the `DialogTitle`, you can wrap it with our VisuallyHidden component.
      
      For more information, see https://radix-ui.com/primitives/docs/components/dialog

    [0m [90m 373 |[39m       [36mreturn[39m[33m;[39m
     [90m 374 |[39m     }
    [31m[1m>[22m[39m[90m 375 |[39m     originalError[33m.[39mcall(console[33m,[39m [33m...[39margs)[33m;[39m
     [90m     |[39m                   [31m[1m^[22m[39m
     [90m 376 |[39m   }[33m;[39m
     [90m 377 |[39m })[33m;[39m
     [90m 378 |[39m[0m

      at console.call [as error] (jest.setup.js:375:19)
      at node_modules/.pnpm/@radix-ui+react-dialog@1.1._664b8f23a65f4708bb5cf27e5ff43c08/node_modules/@radix-ui/react-dialog/src/dialog.tsx:520:30
      at Object.react_stack_bottom_frame (node_modules/.pnpm/react-dom@19.2.0_react@19.2.0/node_modules/react-dom/cjs/react-dom-client.development.js:25989:20)
      at runWithFiberInDEV (node_modules/.pnpm/react-dom@19.2.0_react@19.2.0/node_modules/react-dom/cjs/react-dom-client.development.js:874:13)
      at commitHookEffectListMount (node_modules/.pnpm/react-dom@19.2.0_react@19.2.0/node_modules/react-dom/cjs/react-dom-client.development.js:13249:29)
      at commitHookPassiveMountEffects (node_modules/.pnpm/react-dom@19.2.0_react@19.2.0/node_modules/react-dom/cjs/react-dom-client.development.js:13336:11)
      at commitPassiveMountOnFiber (node_modules/.pnpm/react-dom@19.2.0_react@19.2.0/node_modules/react-dom/cjs/react-dom-client.development.js:15484:13)
      at recursivelyTraversePassiveMountEffects (node_modules/.pnpm/react-dom@19.2.0_react@19.2.0/node_modules/react-dom/cjs/react-dom-client.development.js:15439:11)
      at commitPassiveMountOnFiber (node_modules/.pnpm/react-dom@19.2.0_react@19.2.0/node_modules/react-dom/cjs/react-dom-client.development.js:15718:11)
      at recursivelyTraversePassiveMountEffects (node_modules/.pnpm/react-dom@19.2.0_react@19.2.0/node_modules/react-dom/cjs/react-dom-client.development.js:15439:11)
      at commitPassiveMountOnFiber (node_modules/.pnpm/react-dom@19.2.0_react@19.2.0/node_modules/react-dom/cjs/react-dom-client.development.js:15476:11)
      at recursivelyTraversePassiveMountEffects (node_modules/.pnpm/react-dom@19.2.0_react@19.2.0/node_modules/react-dom/cjs/react-dom-client.development.js:15439:11)
      at commitPassiveMountOnFiber (node_modules/.pnpm/react-dom@19.2.0_react@19.2.0/node_modules/react-dom/cjs/react-dom-client.development.js:15476:11)
      at recursivelyTraversePassiveMountEffects (node_modules/.pnpm/react-dom@19.2.0_react@19.2.0/node_modules/react-dom/cjs/react-dom-client.development.js:15439:11)
      at commitPassiveMountOnFiber (node_modules/.pnpm/react-dom@19.2.0_react@19.2.0/node_modules/react-dom/cjs/react-dom-client.development.js:15476:11)
      at recursivelyTraversePassiveMountEffects (node_modules/.pnpm/react-dom@19.2.0_react@19.2.0/node_modules/react-dom/cjs/react-dom-client.development.js:15439:11)
      at commitPassiveMountOnFiber (node_modules/.pnpm/react-dom@19.2.0_react@19.2.0/node_modules/react-dom/cjs/react-dom-client.development.js:15476:11)
      at recursivelyTraversePassiveMountEffects (node_modules/.pnpm/react-dom@19.2.0_react@19.2.0/node_modules/react-dom/cjs/react-dom-client.development.js:15439:11)
      at commitPassiveMountOnFiber (node_modules/.pnpm/react-dom@19.2.0_react@19.2.0/node_modules/react-dom/cjs/react-dom-client.development.js:15476:11)
      at recursivelyTraversePassiveMountEffects (node_modules/.pnpm/react-dom@19.2.0_react@19.2.0/node_modules/react-dom/cjs/react-dom-client.development.js:15439:11)
      at commitPassiveMountOnFiber (node_modules/.pnpm/react-dom@19.2.0_react@19.2.0/node_modules/react-dom/cjs/react-dom-client.development.js:15476:11)
      at recursivelyTraversePassiveMountEffects (node_modules/.pnpm/react-dom@19.2.0_react@19.2.0/node_modules/react-dom/cjs/react-dom-client.development.js:15439:11)
      at commitPassiveMountOnFiber (node_modules/.pnpm/react-dom@19.2.0_react@19.2.0/node_modules/react-dom/cjs/react-dom-client.development.js:15476:11)
      at recursivelyTraversePassiveMountEffects (node_modules/.pnpm/react-dom@19.2.0_react@19.2.0/node_modules/react-dom/cjs/react-dom-client.development.js:15439:11)
      at commitPassiveMountOnFiber (node_modules/.pnpm/react-dom@19.2.0_react@19.2.0/node_modules/react-dom/cjs/react-dom-client.development.js:15718:11)
      at recursivelyTraversePassiveMountEffects (node_modules/.pnpm/react-dom@19.2.0_react@19.2.0/node_modules/react-dom/cjs/react-dom-client.development.js:15439:11)
      at commitPassiveMountOnFiber (node_modules/.pnpm/react-dom@19.2.0_react@19.2.0/node_modules/react-dom/cjs/react-dom-client.development.js:15476:11)
      at recursivelyTraversePassiveMountEffects (node_modules/.pnpm/react-dom@19.2.0_react@19.2.0/node_modules/react-dom/cjs/react-dom-client.development.js:15439:11)
      at commitPassiveMountOnFiber (node_modules/.pnpm/react-dom@19.2.0_react@19.2.0/node_modules/react-dom/cjs/react-dom-client.development.js:15476:11)
      at recursivelyTraversePassiveMountEffects (node_modules/.pnpm/react-dom@19.2.0_react@19.2.0/node_modules/react-dom/cjs/react-dom-client.development.js:15439:11)
      at commitPassiveMountOnFiber (node_modules/.pnpm/react-dom@19.2.0_react@19.2.0/node_modules/react-dom/cjs/react-dom-client.development.js:15718:11)
      at recursivelyTraversePassiveMountEffects (node_modules/.pnpm/react-dom@19.2.0_react@19.2.0/node_modules/react-dom/cjs/react-dom-client.development.js:15439:11)
      at commitPassiveMountOnFiber (node_modules/.pnpm/react-dom@19.2.0_react@19.2.0/node_modules/react-dom/cjs/react-dom-client.development.js:15476:11)
      at recursivelyTraversePassiveMountEffects (node_modules/.pnpm/react-dom@19.2.0_react@19.2.0/node_modules/react-dom/cjs/react-dom-client.development.js:15439:11)
      at commitPassiveMountOnFiber (node_modules/.pnpm/react-dom@19.2.0_react@19.2.0/node_modules/react-dom/cjs/react-dom-client.development.js:15476:11)
      at recursivelyTraversePassiveMountEffects (node_modules/.pnpm/react-dom@19.2.0_react@19.2.0/node_modules/react-dom/cjs/react-dom-client.development.js:15439:11)
      at commitPassiveMountOnFiber (node_modules/.pnpm/react-dom@19.2.0_react@19.2.0/node_modules/react-dom/cjs/react-dom-client.development.js:15476:11)
      at recursivelyTraversePassiveMountEffects (node_modules/.pnpm/react-dom@19.2.0_react@19.2.0/node_modules/react-dom/cjs/react-dom-client.development.js:15439:11)
      at commitPassiveMountOnFiber (node_modules/.pnpm/react-dom@19.2.0_react@19.2.0/node_modules/react-dom/cjs/react-dom-client.development.js:15718:11)
      at recursivelyTraversePassiveMountEffects (node_modules/.pnpm/react-dom@19.2.0_react@19.2.0/node_modules/react-dom/cjs/react-dom-client.development.js:15439:11)
      at commitPassiveMountOnFiber (node_modules/.pnpm/react-dom@19.2.0_react@19.2.0/node_modules/react-dom/cjs/react-dom-client.development.js:15476:11)
      at recursivelyTraversePassiveMountEffects (node_modules/.pnpm/react-dom@19.2.0_react@19.2.0/node_modules/react-dom/cjs/react-dom-client.development.js:15439:11)
      at commitPassiveMountOnFiber (node_modules/.pnpm/react-dom@19.2.0_react@19.2.0/node_modules/react-dom/cjs/react-dom-client.development.js:15476:11)
      at recursivelyTraversePassiveMountEffects (node_modules/.pnpm/react-dom@19.2.0_react@19.2.0/node_modules/react-dom/cjs/react-dom-client.development.js:15439:11)
      at commitPassiveMountOnFiber (node_modules/.pnpm/react-dom@19.2.0_react@19.2.0/node_modules/react-dom/cjs/react-dom-client.development.js:15476:11)
      at recursivelyTraversePassiveMountEffects (node_modules/.pnpm/react-dom@19.2.0_react@19.2.0/node_modules/react-dom/cjs/react-dom-client.development.js:15439:11)
      at commitPassiveMountOnFiber (node_modules/.pnpm/react-dom@19.2.0_react@19.2.0/node_modules/react-dom/cjs/react-dom-client.development.js:15476:11)
      at recursivelyTraversePassiveMountEffects (node_modules/.pnpm/react-dom@19.2.0_react@19.2.0/node_modules/react-dom/cjs/react-dom-client.development.js:15439:11)
      at commitPassiveMountOnFiber (node_modules/.pnpm/react-dom@19.2.0_react@19.2.0/node_modules/react-dom/cjs/react-dom-client.development.js:15519:11)
      at flushPassiveEffects (node_modules/.pnpm/react-dom@19.2.0_react@19.2.0/node_modules/react-dom/cjs/react-dom-client.development.js:18432:9)
      at flushPendingEffects (node_modules/.pnpm/react-dom@19.2.0_react@19.2.0/node_modules/react-dom/cjs/react-dom-client.development.js:18358:14)
      at flushSpawnedWork (node_modules/.pnpm/react-dom@19.2.0_react@19.2.0/node_modules/react-dom/cjs/react-dom-client.development.js:18323:44)
      at commitRoot (node_modules/.pnpm/react-dom@19.2.0_react@19.2.0/node_modules/react-dom/cjs/react-dom-client.development.js:17955:9)
      at performWorkOnRoot (node_modules/.pnpm/react-dom@19.2.0_react@19.2.0/node_modules/react-dom/cjs/react-dom-client.development.js:16667:15)
      at performSyncWorkOnRoot (node_modules/.pnpm/react-dom@19.2.0_react@19.2.0/node_modules/react-dom/cjs/react-dom-client.development.js:18972:7)
      at flushSyncWorkAcrossRoots_impl (node_modules/.pnpm/react-dom@19.2.0_react@19.2.0/node_modules/react-dom/cjs/react-dom-client.development.js:18814:21)
      at flushSpawnedWork (node_modules/.pnpm/react-dom@19.2.0_react@19.2.0/node_modules/react-dom/cjs/react-dom-client.development.js:18334:9)
      at commitRoot (node_modules/.pnpm/react-dom@19.2.0_react@19.2.0/node_modules/react-dom/cjs/react-dom-client.development.js:17955:9)
      at performWorkOnRoot (node_modules/.pnpm/react-dom@19.2.0_react@19.2.0/node_modules/react-dom/cjs/react-dom-client.development.js:16667:15)
      at performWorkOnRootViaSchedulerTask (node_modules/.pnpm/react-dom@19.2.0_react@19.2.0/node_modules/react-dom/cjs/react-dom-client.development.js:18957:7)
      at flushActQueue (node_modules/.pnpm/react@19.2.0/node_modules/react/cjs/react.development.js:590:34)
      at process.env.NODE_ENV.exports.act (node_modules/.pnpm/react@19.2.0/node_modules/react/cjs/react.development.js:884:10)
      at node_modules/.pnpm/@testing-library+react@16.3_15d474de7481bb0af842c1b1705139a8/node_modules/@testing-library/react/dist/act-compat.js:47:25
      at renderRoot (node_modules/.pnpm/@testing-library+react@16.3_15d474de7481bb0af842c1b1705139a8/node_modules/@testing-library/react/dist/pure.js:190:26)
      at render (node_modules/.pnpm/@testing-library+react@16.3_15d474de7481bb0af842c1b1705139a8/node_modules/@testing-library/react/dist/pure.js:292:10)
      at Object.<anonymous> (src/__tests__/components/ExportChatModal.test.tsx:114:13)

    console.warn
      Warning: Missing `Description` or `aria-describedby={undefined}` for {DialogContent}.

    [0m [90m 112 |[39m
     [90m 113 |[39m     it([32m'switches between formats'[39m[33m,[39m () [33m=>[39m {
    [31m[1m>[22m[39m[90m 114 |[39m       render([33m<[39m[33mExportChatModal[39m {[33m...[39mdefaultProps} [33m/[39m[33m>[39m)[33m;[39m
     [90m     |[39m             [31m[1m^[22m[39m
     [90m 115 |[39m
     [90m 116 |[39m       [36mconst[39m pdfRadio [33m=[39m screen[33m.[39mgetByRole([32m'radio'[39m[33m,[39m { name[33m:[39m [35m/pdf/i[39m })[33m;[39m
     [90m 117 |[39m       [36mconst[39m txtRadio [33m=[39m screen[33m.[39mgetByRole([32m'radio'[39m[33m,[39m { name[33m:[39m [35m/testo \(txt\)/i[39m })[33m;[39m[0m

      at node_modules/.pnpm/@radix-ui+react-dialog@1.1._664b8f23a65f4708bb5cf27e5ff43c08/node_modules/@radix-ui/react-dialog/src/dialog.tsx:543:36
      at Object.react_stack_bottom_frame (node_modules/.pnpm/react-dom@19.2.0_react@19.2.0/node_modules/react-dom/cjs/react-dom-client.development.js:25989:20)
      at runWithFiberInDEV (node_modules/.pnpm/react-dom@19.2.0_react@19.2.0/node_modules/react-dom/cjs/react-dom-client.development.js:874:13)
      at commitHookEffectListMount (node_modules/.pnpm/react-dom@19.2.0_react@19.2.0/node_modules/react-dom/cjs/react-dom-client.development.js:13249:29)
      at commitHookPassiveMountEffects (node_modules/.pnpm/react-dom@19.2.0_react@19.2.0/node_modules/react-dom/cjs/react-dom-client.development.js:13336:11)
      at commitPassiveMountOnFiber (node_modules/.pnpm/react-dom@19.2.0_react@19.2.0/node_modules/react-dom/cjs/react-dom-client.development.js:15484:13)
      at recursivelyTraversePassiveMountEffects (node_modules/.pnpm/react-dom@19.2.0_react@19.2.0/node_modules/react-dom/cjs/react-dom-client.development.js:15439:11)
      at commitPassiveMountOnFiber (node_modules/.pnpm/react-dom@19.2.0_react@19.2.0/node_modules/react-dom/cjs/react-dom-client.development.js:15718:11)
      at recursivelyTraversePassiveMountEffects (node_modules/.pnpm/react-dom@19.2.0_react@19.2.0/node_modules/react-dom/cjs/react-dom-client.development.js:15439:11)
      at commitPassiveMountOnFiber (node_modules/.pnpm/react-dom@19.2.0_react@19.2.0/node_modules/react-dom/cjs/react-dom-client.development.js:15476:11)
      at recursivelyTraversePassiveMountEffects (node_modules/.pnpm/react-dom@19.2.0_react@19.2.0/node_modules/react-dom/cjs/react-dom-client.development.js:15439:11)
      at commitPassiveMountOnFiber (node_modules/.pnpm/react-dom@19.2.0_react@19.2.0/node_modules/react-dom/cjs/react-dom-client.development.js:15476:11)
      at recursivelyTraversePassiveMountEffects (node_modules/.pnpm/react-dom@19.2.0_react@19.2.0/node_modules/react-dom/cjs/react-dom-client.development.js:15439:11)
      at commitPassiveMountOnFiber (node_modules/.pnpm/react-dom@19.2.0_react@19.2.0/node_modules/react-dom/cjs/react-dom-client.development.js:15476:11)
      at recursivelyTraversePassiveMountEffects (node_modules/.pnpm/react-dom@19.2.0_react@19.2.0/node_modules/react-dom/cjs/react-dom-client.development.js:15439:11)
      at commitPassiveMountOnFiber (node_modules/.pnpm/react-dom@19.2.0_react@19.2.0/node_modules/react-dom/cjs/react-dom-client.development.js:15476:11)
      at recursivelyTraversePassiveMountEffects (node_modules/.pnpm/react-dom@19.2.0_react@19.2.0/node_modules/react-dom/cjs/react-dom-client.development.js:15439:11)
      at commitPassiveMountOnFiber (node_modules/.pnpm/react-dom@19.2.0_react@19.2.0/node_modules/react-dom/cjs/react-dom-client.development.js:15476:11)
      at recursivelyTraversePassiveMountEffects (node_modules/.pnpm/react-dom@19.2.0_react@19.2.0/node_modules/react-dom/cjs/react-dom-client.development.js:15439:11)
      at commitPassiveMountOnFiber (node_modules/.pnpm/react-dom@19.2.0_react@19.2.0/node_modules/react-dom/cjs/react-dom-client.development.js:15476:11)
      at recursivelyTraversePassiveMountEffects (node_modules/.pnpm/react-dom@19.2.0_react@19.2.0/node_modules/react-dom/cjs/react-dom-client.development.js:15439:11)
      at commitPassiveMountOnFiber (node_modules/.pnpm/react-dom@19.2.0_react@19.2.0/node_modules/react-dom/cjs/react-dom-client.development.js:15476:11)
      at recursivelyTraversePassiveMountEffects (node_modules/.pnpm/react-dom@19.2.0_react@19.2.0/node_modules/react-dom/cjs/react-dom-client.development.js:15439:11)
      at commitPassiveMountOnFiber (node_modules/.pnpm/react-dom@19.2.0_react@19.2.0/node_modules/react-dom/cjs/react-dom-client.development.js:15718:11)
      at recursivelyTraversePassiveMountEffects (node_modules/.pnpm/react-dom@19.2.0_react@19.2.0/node_modules/react-dom/cjs/react-dom-client.development.js:15439:11)
      at commitPassiveMountOnFiber (node_modules/.pnpm/react-dom@19.2.0_react@19.2.0/node_modules/react-dom/cjs/react-dom-client.development.js:15476:11)
      at recursivelyTraversePassiveMountEffects (node_modules/.pnpm/react-dom@19.2.0_react@19.2.0/node_modules/react-dom/cjs/react-dom-client.development.js:15439:11)
      at commitPassiveMountOnFiber (node_modules/.pnpm/react-dom@19.2.0_react@19.2.0/node_modules/react-dom/cjs/react-dom-client.development.js:15476:11)
      at recursivelyTraversePassiveMountEffects (node_modules/.pnpm/react-dom@19.2.0_react@19.2.0/node_modules/react-dom/cjs/react-dom-client.development.js:15439:11)
      at commitPassiveMountOnFiber (node_modules/.pnpm/react-dom@19.2.0_react@19.2.0/node_modules/react-dom/cjs/react-dom-client.development.js:15718:11)
      at recursivelyTraversePassiveMountEffects (node_modules/.pnpm/react-dom@19.2.0_react@19.2.0/node_modules/react-dom/cjs/react-dom-client.development.js:15439:11)
      at commitPassiveMountOnFiber (node_modules/.pnpm/react-dom@19.2.0_react@19.2.0/node_modules/react-dom/cjs/react-dom-client.development.js:15476:11)
      at recursivelyTraversePassiveMountEffects (node_modules/.pnpm/react-dom@19.2.0_react@19.2.0/node_modules/react-dom/cjs/react-dom-client.development.js:15439:11)
      at commitPassiveMountOnFiber (node_modules/.pnpm/react-dom@19.2.0_react@19.2.0/node_modules/react-dom/cjs/react-dom-client.development.js:15476:11)
      at recursivelyTraversePassiveMountEffects (node_modules/.pnpm/react-dom@19.2.0_react@19.2.0/node_modules/react-dom/cjs/react-dom-client.development.js:15439:11)
      at commitPassiveMountOnFiber (node_modules/.pnpm/react-dom@19.2.0_react@19.2.0/node_modules/react-dom/cjs/react-dom-client.development.js:15476:11)
      at recursivelyTraversePassiveMountEffects (node_modules/.pnpm/react-dom@19.2.0_react@19.2.0/node_modules/react-dom/cjs/react-dom-client.development.js:15439:11)
      at commitPassiveMountOnFiber (node_modules/.pnpm/react-dom@19.2.0_react@19.2.0/node_modules/react-dom/cjs/react-dom-client.development.js:15718:11)
      at recursivelyTraversePassiveMountEffects (node_modules/.pnpm/react-dom@19.2.0_react@19.2.0/node_modules/react-dom/cjs/react-dom-client.development.js:15439:11)
      at commitPassiveMountOnFiber (node_modules/.pnpm/react-dom@19.2.0_react@19.2.0/node_modules/react-dom/cjs/react-dom-client.development.js:15476:11)
      at recursivelyTraversePassiveMountEffects (node_modules/.pnpm/react-dom@19.2.0_react@19.2.0/node_modules/react-dom/cjs/react-dom-client.development.js:15439:11)
      at commitPassiveMountOnFiber (node_modules/.pnpm/react-dom@19.2.0_react@19.2.0/node_modules/react-dom/cjs/react-dom-client.development.js:15476:11)
      at recursivelyTraversePassiveMountEffects (node_modules/.pnpm/react-dom@19.2.0_react@19.2.0/node_modules/react-dom/cjs/react-dom-client.development.js:15439:11)
      at commitPassiveMountOnFiber (node_modules/.pnpm/react-dom@19.2.0_react@19.2.0/node_modules/react-dom/cjs/react-dom-client.development.js:15476:11)
      at recursivelyTraversePassiveMountEffects (node_modules/.pnpm/react-dom@19.2.0_react@19.2.0/node_modules/react-dom/cjs/react-dom-client.development.js:15439:11)
      at commitPassiveMountOnFiber (node_modules/.pnpm/react-dom@19.2.0_react@19.2.0/node_modules/react-dom/cjs/react-dom-client.development.js:15476:11)
      at recursivelyTraversePassiveMountEffects (node_modules/.pnpm/react-dom@19.2.0_react@19.2.0/node_modules/react-dom/cjs/react-dom-client.development.js:15439:11)
      at commitPassiveMountOnFiber (node_modules/.pnpm/react-dom@19.2.0_react@19.2.0/node_modules/react-dom/cjs/react-dom-client.development.js:15519:11)
      at flushPassiveEffects (node_modules/.pnpm/react-dom@19.2.0_react@19.2.0/node_modules/react-dom/cjs/react-dom-client.development.js:18432:9)
      at flushPendingEffects (node_modules/.pnpm/react-dom@19.2.0_react@19.2.0/node_modules/react-dom/cjs/react-dom-client.development.js:18358:14)
      at flushSpawnedWork (node_modules/.pnpm/react-dom@19.2.0_react@19.2.0/node_modules/react-dom/cjs/react-dom-client.development.js:18323:44)
      at commitRoot (node_modules/.pnpm/react-dom@19.2.0_react@19.2.0/node_modules/react-dom/cjs/react-dom-client.development.js:17955:9)
      at performWorkOnRoot (node_modules/.pnpm/react-dom@19.2.0_react@19.2.0/node_modules/react-dom/cjs/react-dom-client.development.js:16667:15)
      at performSyncWorkOnRoot (node_modules/.pnpm/react-dom@19.2.0_react@19.2.0/node_modules/react-dom/cjs/react-dom-client.development.js:18972:7)
      at flushSyncWorkAcrossRoots_impl (node_modules/.pnpm/react-dom@19.2.0_react@19.2.0/node_modules/react-dom/cjs/react-dom-client.development.js:18814:21)
      at flushSpawnedWork (node_modules/.pnpm/react-dom@19.2.0_react@19.2.0/node_modules/react-dom/cjs/react-dom-client.development.js:18334:9)
      at commitRoot (node_modules/.pnpm/react-dom@19.2.0_react@19.2.0/node_modules/react-dom/cjs/react-dom-client.development.js:17955:9)
      at performWorkOnRoot (node_modules/.pnpm/react-dom@19.2.0_react@19.2.0/node_modules/react-dom/cjs/react-dom-client.development.js:16667:15)
      at performWorkOnRootViaSchedulerTask (node_modules/.pnpm/react-dom@19.2.0_react@19.2.0/node_modules/react-dom/cjs/react-dom-client.development.js:18957:7)
      at flushActQueue (node_modules/.pnpm/react@19.2.0/node_modules/react/cjs/react.development.js:590:34)
      at process.env.NODE_ENV.exports.act (node_modules/.pnpm/react@19.2.0/node_modules/react/cjs/react.development.js:884:10)
      at node_modules/.pnpm/@testing-library+react@16.3_15d474de7481bb0af842c1b1705139a8/node_modules/@testing-library/react/dist/act-compat.js:47:25
      at renderRoot (node_modules/.pnpm/@testing-library+react@16.3_15d474de7481bb0af842c1b1705139a8/node_modules/@testing-library/react/dist/pure.js:190:26)
      at render (node_modules/.pnpm/@testing-library+react@16.3_15d474de7481bb0af842c1b1705139a8/node_modules/@testing-library/react/dist/pure.js:292:10)
      at Object.<anonymous> (src/__tests__/components/ExportChatModal.test.tsx:114:13)

    console.error
      `DialogContent` requires a `DialogTitle` for the component to be accessible for screen reader users.
      
      If you want to hide the `DialogTitle`, you can wrap it with our VisuallyHidden component.
      
      For more information, see https://radix-ui.com/primitives/docs/components/dialog

    [0m [90m 373 |[39m       [36mreturn[39m[33m;[39m
     [90m 374 |[39m     }
    [31m[1m>[22m[39m[90m 375 |[39m     originalError[33m.[39mcall(console[33m,[39m [33m...[39margs)[33m;[39m
     [90m     |[39m                   [31m[1m^[22m[39m
     [90m 376 |[39m   }[33m;[39m
     [90m 377 |[39m })[33m;[39m
     [90m 378 |[39m[0m

      at console.call [as error] (jest.setup.js:375:19)
      at node_modules/.pnpm/@radix-ui+react-dialog@1.1._664b8f23a65f4708bb5cf27e5ff43c08/node_modules/@radix-ui/react-dialog/src/dialog.tsx:520:30
      at Object.react_stack_bottom_frame (node_modules/.pnpm/react-dom@19.2.0_react@19.2.0/node_modules/react-dom/cjs/react-dom-client.development.js:25989:20)
      at runWithFiberInDEV (node_modules/.pnpm/react-dom@19.2.0_react@19.2.0/node_modules/react-dom/cjs/react-dom-client.development.js:874:13)
      at commitHookEffectListMount (node_modules/.pnpm/react-dom@19.2.0_react@19.2.0/node_modules/react-dom/cjs/react-dom-client.development.js:13249:29)
      at commitHookPassiveMountEffects (node_modules/.pnpm/react-dom@19.2.0_react@19.2.0/node_modules/react-dom/cjs/react-dom-client.development.js:13336:11)
      at commitPassiveMountOnFiber (node_modules/.pnpm/react-dom@19.2.0_react@19.2.0/node_modules/react-dom/cjs/react-dom-client.development.js:15484:13)
      at recursivelyTraversePassiveMountEffects (node_modules/.pnpm/react-dom@19.2.0_react@19.2.0/node_modules/react-dom/cjs/react-dom-client.development.js:15439:11)
      at commitPassiveMountOnFiber (node_modules/.pnpm/react-dom@19.2.0_react@19.2.0/node_modules/react-dom/cjs/react-dom-client.development.js:15718:11)
      at recursivelyTraversePassiveMountEffects (node_modules/.pnpm/react-dom@19.2.0_react@19.2.0/node_modules/react-dom/cjs/react-dom-client.development.js:15439:11)
      at commitPassiveMountOnFiber (node_modules/.pnpm/react-dom@19.2.0_react@19.2.0/node_modules/react-dom/cjs/react-dom-client.development.js:15476:11)
      at recursivelyTraversePassiveMountEffects (node_modules/.pnpm/react-dom@19.2.0_react@19.2.0/node_modules/react-dom/cjs/react-dom-client.development.js:15439:11)
      at commitPassiveMountOnFiber (node_modules/.pnpm/react-dom@19.2.0_react@19.2.0/node_modules/react-dom/cjs/react-dom-client.development.js:15476:11)
      at recursivelyTraversePassiveMountEffects (node_modules/.pnpm/react-dom@19.2.0_react@19.2.0/node_modules/react-dom/cjs/react-dom-client.development.js:15439:11)
      at commitPassiveMountOnFiber (node_modules/.pnpm/react-dom@19.2.0_react@19.2.0/node_modules/react-dom/cjs/react-dom-client.development.js:15476:11)
      at recursivelyTraversePassiveMountEffects (node_modules/.pnpm/react-dom@19.2.0_react@19.2.0/node_modules/react-dom/cjs/react-dom-client.development.js:15439:11)
      at commitPassiveMountOnFiber (node_modules/.pnpm/react-dom@19.2.0_react@19.2.0/node_modules/react-dom/cjs/react-dom-client.development.js:15476:11)
      at recursivelyTraversePassiveMountEffects (node_modules/.pnpm/react-dom@19.2.0_react@19.2.0/node_modules/react-dom/cjs/react-dom-client.development.js:15439:11)
      at commitPassiveMountOnFiber (node_modules/.pnpm/react-dom@19.2.0_react@19.2.0/node_modules/react-dom/cjs/react-dom-client.development.js:15476:11)
      at recursivelyTraversePassiveMountEffects (node_modules/.pnpm/react-dom@19.2.0_react@19.2.0/node_modules/react-dom/cjs/react-dom-client.development.js:15439:11)
      at commitPassiveMountOnFiber (node_modules/.pnpm/react-dom@19.2.0_react@19.2.0/node_modules/react-dom/cjs/react-dom-client.development.js:15476:11)
      at recursivelyTraversePassiveMountEffects (node_modules/.pnpm/react-dom@19.2.0_react@19.2.0/node_modules/react-dom/cjs/react-dom-client.development.js:15439:11)
      at commitPassiveMountOnFiber (node_modules/.pnpm/react-dom@19.2.0_react@19.2.0/node_modules/react-dom/cjs/react-dom-client.development.js:15476:11)
      at recursivelyTraversePassiveMountEffects (node_modules/.pnpm/react-dom@19.2.0_react@19.2.0/node_modules/react-dom/cjs/react-dom-client.development.js:15439:11)
      at commitPassiveMountOnFiber (node_modules/.pnpm/react-dom@19.2.0_react@19.2.0/node_modules/react-dom/cjs/react-dom-client.development.js:15718:11)
      at recursivelyTraversePassiveMountEffects (node_modules/.pnpm/react-dom@19.2.0_react@19.2.0/node_modules/react-dom/cjs/react-dom-client.development.js:15439:11)
      at commitPassiveMountOnFiber (node_modules/.pnpm/react-dom@19.2.0_react@19.2.0/node_modules/react-dom/cjs/react-dom-client.development.js:15476:11)
      at recursivelyTraversePassiveMountEffects (node_modules/.pnpm/react-dom@19.2.0_react@19.2.0/node_modules/react-dom/cjs/react-dom-client.development.js:15439:11)
      at commitPassiveMountOnFiber (node_modules/.pnpm/react-dom@19.2.0_react@19.2.0/node_modules/react-dom/cjs/react-dom-client.development.js:15476:11)
      at recursivelyTraversePassiveMountEffects (node_modules/.pnpm/react-dom@19.2.0_react@19.2.0/node_modules/react-dom/cjs/react-dom-client.development.js:15439:11)
      at commitPassiveMountOnFiber (node_modules/.pnpm/react-dom@19.2.0_react@19.2.0/node_modules/react-dom/cjs/react-dom-client.development.js:15718:11)
      at recursivelyTraversePassiveMountEffects (node_modules/.pnpm/react-dom@19.2.0_react@19.2.0/node_modules/react-dom/cjs/react-dom-client.development.js:15439:11)
      at commitPassiveMountOnFiber (node_modules/.pnpm/react-dom@19.2.0_react@19.2.0/node_modules/react-dom/cjs/react-dom-client.development.js:15476:11)
      at recursivelyTraversePassiveMountEffects (node_modules/.pnpm/react-dom@19.2.0_react@19.2.0/node_modules/react-dom/cjs/react-dom-client.development.js:15439:11)
      at commitPassiveMountOnFiber (node_modules/.pnpm/react-dom@19.2.0_react@19.2.0/node_modules/react-dom/cjs/react-dom-client.development.js:15476:11)
      at recursivelyTraversePassiveMountEffects (node_modules/.pnpm/react-dom@19.2.0_react@19.2.0/node_modules/react-dom/cjs/react-dom-client.development.js:15439:11)
      at commitPassiveMountOnFiber (node_modules/.pnpm/react-dom@19.2.0_react@19.2.0/node_modules/react-dom/cjs/react-dom-client.development.js:15476:11)
      at recursivelyTraversePassiveMountEffects (node_modules/.pnpm/react-dom@19.2.0_react@19.2.0/node_modules/react-dom/cjs/react-dom-client.development.js:15439:11)
      at commitPassiveMountOnFiber (node_modules/.pnpm/react-dom@19.2.0_react@19.2.0/node_modules/react-dom/cjs/react-dom-client.development.js:15718:11)
      at recursivelyTraversePassiveMountEffects (node_modules/.pnpm/react-dom@19.2.0_react@19.2.0/node_modules/react-dom/cjs/react-dom-client.development.js:15439:11)
      at commitPassiveMountOnFiber (node_modules/.pnpm/react-dom@19.2.0_react@19.2.0/node_modules/react-dom/cjs/react-dom-client.development.js:15476:11)
      at recursivelyTraversePassiveMountEffects (node_modules/.pnpm/react-dom@19.2.0_react@19.2.0/node_modules/react-dom/cjs/react-dom-client.development.js:15439:11)
      at commitPassiveMountOnFiber (node_modules/.pnpm/react-dom@19.2.0_react@19.2.0/node_modules/react-dom/cjs/react-dom-client.development.js:15476:11)
      at recursivelyTraversePassiveMountEffects (node_modules/.pnpm/react-dom@19.2.0_react@19.2.0/node_modules/react-dom/cjs/react-dom-client.development.js:15439:11)
      at commitPassiveMountOnFiber (node_modules/.pnpm/react-dom@19.2.0_react@19.2.0/node_modules/react-dom/cjs/react-dom-client.development.js:15476:11)
      at recursivelyTraversePassiveMountEffects (node_modules/.pnpm/react-dom@19.2.0_react@19.2.0/node_modules/react-dom/cjs/react-dom-client.development.js:15439:11)
      at commitPassiveMountOnFiber (node_modules/.pnpm/react-dom@19.2.0_react@19.2.0/node_modules/react-dom/cjs/react-dom-client.development.js:15476:11)
      at recursivelyTraversePassiveMountEffects (node_modules/.pnpm/react-dom@19.2.0_react@19.2.0/node_modules/react-dom/cjs/react-dom-client.development.js:15439:11)
      at commitPassiveMountOnFiber (node_modules/.pnpm/react-dom@19.2.0_react@19.2.0/node_modules/react-dom/cjs/react-dom-client.development.js:15519:11)
      at flushPassiveEffects (node_modules/.pnpm/react-dom@19.2.0_react@19.2.0/node_modules/react-dom/cjs/react-dom-client.development.js:18432:9)
      at flushPendingEffects (node_modules/.pnpm/react-dom@19.2.0_react@19.2.0/node_modules/react-dom/cjs/react-dom-client.development.js:18358:14)
      at flushSpawnedWork (node_modules/.pnpm/react-dom@19.2.0_react@19.2.0/node_modules/react-dom/cjs/react-dom-client.development.js:18323:44)
      at commitRoot (node_modules/.pnpm/react-dom@19.2.0_react@19.2.0/node_modules/react-dom/cjs/react-dom-client.development.js:17955:9)
      at performWorkOnRoot (node_modules/.pnpm/react-dom@19.2.0_react@19.2.0/node_modules/react-dom/cjs/react-dom-client.development.js:16667:15)
      at performSyncWorkOnRoot (node_modules/.pnpm/react-dom@19.2.0_react@19.2.0/node_modules/react-dom/cjs/react-dom-client.development.js:18972:7)
      at flushSyncWorkAcrossRoots_impl (node_modules/.pnpm/react-dom@19.2.0_react@19.2.0/node_modules/react-dom/cjs/react-dom-client.development.js:18814:21)
      at flushSpawnedWork (node_modules/.pnpm/react-dom@19.2.0_react@19.2.0/node_modules/react-dom/cjs/react-dom-client.development.js:18334:9)
      at commitRoot (node_modules/.pnpm/react-dom@19.2.0_react@19.2.0/node_modules/react-dom/cjs/react-dom-client.development.js:17955:9)
      at performWorkOnRoot (node_modules/.pnpm/react-dom@19.2.0_react@19.2.0/node_modules/react-dom/cjs/react-dom-client.development.js:16667:15)
      at performWorkOnRootViaSchedulerTask (node_modules/.pnpm/react-dom@19.2.0_react@19.2.0/node_modules/react-dom/cjs/react-dom-client.development.js:18957:7)
      at flushActQueue (node_modules/.pnpm/react@19.2.0/node_modules/react/cjs/react.development.js:590:34)
      at process.env.NODE_ENV.exports.act (node_modules/.pnpm/react@19.2.0/node_modules/react/cjs/react.development.js:884:10)
      at node_modules/.pnpm/@testing-library+react@16.3_15d474de7481bb0af842c1b1705139a8/node_modules/@testing-library/react/dist/act-compat.js:47:25
      at renderRoot (node_modules/.pnpm/@testing-library+react@16.3_15d474de7481bb0af842c1b1705139a8/node_modules/@testing-library/react/dist/pure.js:190:26)
      at render (node_modules/.pnpm/@testing-library+react@16.3_15d474de7481bb0af842c1b1705139a8/node_modules/@testing-library/react/dist/pure.js:292:10)
      at Object.<anonymous> (src/__tests__/components/ExportChatModal.test.tsx:131:13)

    console.warn
      Warning: Missing `Description` or `aria-describedby={undefined}` for {DialogContent}.

    [0m [90m 129 |[39m
     [90m 130 |[39m     it([32m'displays format descriptions'[39m[33m,[39m () [33m=>[39m {
    [31m[1m>[22m[39m[90m 131 |[39m       render([33m<[39m[33mExportChatModal[39m {[33m...[39mdefaultProps} [33m/[39m[33m>[39m)[33m;[39m
     [90m     |[39m             [31m[1m^[22m[39m
     [90m 132 |[39m
     [90m 133 |[39m       expect(screen[33m.[39mgetByText([32m'Documento formattato per la stampa'[39m))[33m.[39mtoBeInTheDocument()[33m;[39m
     [90m 134 |[39m       expect(screen[33m.[39mgetByText([32m'Testo semplice senza formattazione'[39m))[33m.[39mtoBeInTheDocument()[33m;[39m[0m

      at node_modules/.pnpm/@radix-ui+react-dialog@1.1._664b8f23a65f4708bb5cf27e5ff43c08/node_modules/@radix-ui/react-dialog/src/dialog.tsx:543:36
      at Object.react_stack_bottom_frame (node_modules/.pnpm/react-dom@19.2.0_react@19.2.0/node_modules/react-dom/cjs/react-dom-client.development.js:25989:20)
      at runWithFiberInDEV (node_modules/.pnpm/react-dom@19.2.0_react@19.2.0/node_modules/react-dom/cjs/react-dom-client.development.js:874:13)
      at commitHookEffectListMount (node_modules/.pnpm/react-dom@19.2.0_react@19.2.0/node_modules/react-dom/cjs/react-dom-client.development.js:13249:29)
      at commitHookPassiveMountEffects (node_modules/.pnpm/react-dom@19.2.0_react@19.2.0/node_modules/react-dom/cjs/react-dom-client.development.js:13336:11)
      at commitPassiveMountOnFiber (node_modules/.pnpm/react-dom@19.2.0_react@19.2.0/node_modules/react-dom/cjs/react-dom-client.development.js:15484:13)
      at recursivelyTraversePassiveMountEffects (node_modules/.pnpm/react-dom@19.2.0_react@19.2.0/node_modules/react-dom/cjs/react-dom-client.development.js:15439:11)
      at commitPassiveMountOnFiber (node_modules/.pnpm/react-dom@19.2.0_react@19.2.0/node_modules/react-dom/cjs/react-dom-client.development.js:15718:11)
      at recursivelyTraversePassiveMountEffects (node_modules/.pnpm/react-dom@19.2.0_react@19.2.0/node_modules/react-dom/cjs/react-dom-client.development.js:15439:11)
      at commitPassiveMountOnFiber (node_modules/.pnpm/react-dom@19.2.0_react@19.2.0/node_modules/react-dom/cjs/react-dom-client.development.js:15476:11)
      at recursivelyTraversePassiveMountEffects (node_modules/.pnpm/react-dom@19.2.0_react@19.2.0/node_modules/react-dom/cjs/react-dom-client.development.js:15439:11)
      at commitPassiveMountOnFiber (node_modules/.pnpm/react-dom@19.2.0_react@19.2.0/node_modules/react-dom/cjs/react-dom-client.development.js:15476:11)
      at recursivelyTraversePassiveMountEffects (node_modules/.pnpm/react-dom@19.2.0_react@19.2.0/node_modules/react-dom/cjs/react-dom-client.development.js:15439:11)
      at commitPassiveMountOnFiber (node_modules/.pnpm/react-dom@19.2.0_react@19.2.0/node_modules/react-dom/cjs/react-dom-client.development.js:15476:11)
      at recursivelyTraversePassiveMountEffects (node_modules/.pnpm/react-dom@19.2.0_react@19.2.0/node_modules/react-dom/cjs/react-dom-client.development.js:15439:11)
      at commitPassiveMountOnFiber (node_modules/.pnpm/react-dom@19.2.0_react@19.2.0/node_modules/react-dom/cjs/react-dom-client.development.js:15476:11)
      at recursivelyTraversePassiveMountEffects (node_modules/.pnpm/react-dom@19.2.0_react@19.2.0/node_modules/react-dom/cjs/react-dom-client.development.js:15439:11)
      at commitPassiveMountOnFiber (node_modules/.pnpm/react-dom@19.2.0_react@19.2.0/node_modules/react-dom/cjs/react-dom-client.development.js:15476:11)
      at recursivelyTraversePassiveMountEffects (node_modules/.pnpm/react-dom@19.2.0_react@19.2.0/node_modules/react-dom/cjs/react-dom-client.development.js:15439:11)
      at commitPassiveMountOnFiber (node_modules/.pnpm/react-dom@19.2.0_react@19.2.0/node_modules/react-dom/cjs/react-dom-client.development.js:15476:11)
      at recursivelyTraversePassiveMountEffects (node_modules/.pnpm/react-dom@19.2.0_react@19.2.0/node_modules/react-dom/cjs/react-dom-client.development.js:15439:11)
      at commitPassiveMountOnFiber (node_modules/.pnpm/react-dom@19.2.0_react@19.2.0/node_modules/react-dom/cjs/react-dom-client.development.js:15476:11)
      at recursivelyTraversePassiveMountEffects (node_modules/.pnpm/react-dom@19.2.0_react@19.2.0/node_modules/react-dom/cjs/react-dom-client.development.js:15439:11)
      at commitPassiveMountOnFiber (node_modules/.pnpm/react-dom@19.2.0_react@19.2.0/node_modules/react-dom/cjs/react-dom-client.development.js:15718:11)
      at recursivelyTraversePassiveMountEffects (node_modules/.pnpm/react-dom@19.2.0_react@19.2.0/node_modules/react-dom/cjs/react-dom-client.development.js:15439:11)
      at commitPassiveMountOnFiber (node_modules/.pnpm/react-dom@19.2.0_react@19.2.0/node_modules/react-dom/cjs/react-dom-client.development.js:15476:11)
      at recursivelyTraversePassiveMountEffects (node_modules/.pnpm/react-dom@19.2.0_react@19.2.0/node_modules/react-dom/cjs/react-dom-client.development.js:15439:11)
      at commitPassiveMountOnFiber (node_modules/.pnpm/react-dom@19.2.0_react@19.2.0/node_modules/react-dom/cjs/react-dom-client.development.js:15476:11)
      at recursivelyTraversePassiveMountEffects (node_modules/.pnpm/react-dom@19.2.0_react@19.2.0/node_modules/react-dom/cjs/react-dom-client.development.js:15439:11)
      at commitPassiveMountOnFiber (node_modules/.pnpm/react-dom@19.2.0_react@19.2.0/node_modules/react-dom/cjs/react-dom-client.development.js:15718:11)
      at recursivelyTraversePassiveMountEffects (node_modules/.pnpm/react-dom@19.2.0_react@19.2.0/node_modules/react-dom/cjs/react-dom-client.development.js:15439:11)
      at commitPassiveMountOnFiber (node_modules/.pnpm/react-dom@19.2.0_react@19.2.0/node_modules/react-dom/cjs/react-dom-client.development.js:15476:11)
      at recursivelyTraversePassiveMountEffects (node_modules/.pnpm/react-dom@19.2.0_react@19.2.0/node_modules/react-dom/cjs/react-dom-client.development.js:15439:11)
      at commitPassiveMountOnFiber (node_modules/.pnpm/react-dom@19.2.0_react@19.2.0/node_modules/react-dom/cjs/react-dom-client.development.js:15476:11)
      at recursivelyTraversePassiveMountEffects (node_modules/.pnpm/react-dom@19.2.0_react@19.2.0/node_modules/react-dom/cjs/react-dom-client.development.js:15439:11)
      at commitPassiveMountOnFiber (node_modules/.pnpm/react-dom@19.2.0_react@19.2.0/node_modules/react-dom/cjs/react-dom-client.development.js:15476:11)
      at recursivelyTraversePassiveMountEffects (node_modules/.pnpm/react-dom@19.2.0_react@19.2.0/node_modules/react-dom/cjs/react-dom-client.development.js:15439:11)
      at commitPassiveMountOnFiber (node_modules/.pnpm/react-dom@19.2.0_react@19.2.0/node_modules/react-dom/cjs/react-dom-client.development.js:15718:11)
      at recursivelyTraversePassiveMountEffects (node_modules/.pnpm/react-dom@19.2.0_react@19.2.0/node_modules/react-dom/cjs/react-dom-client.development.js:15439:11)
      at commitPassiveMountOnFiber (node_modules/.pnpm/react-dom@19.2.0_react@19.2.0/node_modules/react-dom/cjs/react-dom-client.development.js:15476:11)
      at recursivelyTraversePassiveMountEffects (node_modules/.pnpm/react-dom@19.2.0_react@19.2.0/node_modules/react-dom/cjs/react-dom-client.development.js:15439:11)
      at commitPassiveMountOnFiber (node_modules/.pnpm/react-dom@19.2.0_react@19.2.0/node_modules/react-dom/cjs/react-dom-client.development.js:15476:11)
      at recursivelyTraversePassiveMountEffects (node_modules/.pnpm/react-dom@19.2.0_react@19.2.0/node_modules/react-dom/cjs/react-dom-client.development.js:15439:11)
      at commitPassiveMountOnFiber (node_modules/.pnpm/react-dom@19.2.0_react@19.2.0/node_modules/react-dom/cjs/react-dom-client.development.js:15476:11)
      at recursivelyTraversePassiveMountEffects (node_modules/.pnpm/react-dom@19.2.0_react@19.2.0/node_modules/react-dom/cjs/react-dom-client.development.js:15439:11)
      at commitPassiveMountOnFiber (node_modules/.pnpm/react-dom@19.2.0_react@19.2.0/node_modules/react-dom/cjs/react-dom-client.development.js:15476:11)
      at recursivelyTraversePassiveMountEffects (node_modules/.pnpm/react-dom@19.2.0_react@19.2.0/node_modules/react-dom/cjs/react-dom-client.development.js:15439:11)
      at commitPassiveMountOnFiber (node_modules/.pnpm/react-dom@19.2.0_react@19.2.0/node_modules/react-dom/cjs/react-dom-client.development.js:15519:11)
      at flushPassiveEffects (node_modules/.pnpm/react-dom@19.2.0_react@19.2.0/node_modules/react-dom/cjs/react-dom-client.development.js:18432:9)
      at flushPendingEffects (node_modules/.pnpm/react-dom@19.2.0_react@19.2.0/node_modules/react-dom/cjs/react-dom-client.development.js:18358:14)
      at flushSpawnedWork (node_modules/.pnpm/react-dom@19.2.0_react@19.2.0/node_modules/react-dom/cjs/react-dom-client.development.js:18323:44)
      at commitRoot (node_modules/.pnpm/react-dom@19.2.0_react@19.2.0/node_modules/react-dom/cjs/react-dom-client.development.js:17955:9)
      at performWorkOnRoot (node_modules/.pnpm/react-dom@19.2.0_react@19.2.0/node_modules/react-dom/cjs/react-dom-client.development.js:16667:15)
      at performSyncWorkOnRoot (node_modules/.pnpm/react-dom@19.2.0_react@19.2.0/node_modules/react-dom/cjs/react-dom-client.development.js:18972:7)
      at flushSyncWorkAcrossRoots_impl (node_modules/.pnpm/react-dom@19.2.0_react@19.2.0/node_modules/react-dom/cjs/react-dom-client.development.js:18814:21)
      at flushSpawnedWork (node_modules/.pnpm/react-dom@19.2.0_react@19.2.0/node_modules/react-dom/cjs/react-dom-client.development.js:18334:9)
      at commitRoot (node_modules/.pnpm/react-dom@19.2.0_react@19.2.0/node_modules/react-dom/cjs/react-dom-client.development.js:17955:9)
      at performWorkOnRoot (node_modules/.pnpm/react-dom@19.2.0_react@19.2.0/node_modules/react-dom/cjs/react-dom-client.development.js:16667:15)
      at performWorkOnRootViaSchedulerTask (node_modules/.pnpm/react-dom@19.2.0_react@19.2.0/node_modules/react-dom/cjs/react-dom-client.development.js:18957:7)
      at flushActQueue (node_modules/.pnpm/react@19.2.0/node_modules/react/cjs/react.development.js:590:34)
      at process.env.NODE_ENV.exports.act (node_modules/.pnpm/react@19.2.0/node_modules/react/cjs/react.development.js:884:10)
      at node_modules/.pnpm/@testing-library+react@16.3_15d474de7481bb0af842c1b1705139a8/node_modules/@testing-library/react/dist/act-compat.js:47:25
      at renderRoot (node_modules/.pnpm/@testing-library+react@16.3_15d474de7481bb0af842c1b1705139a8/node_modules/@testing-library/react/dist/pure.js:190:26)
      at render (node_modules/.pnpm/@testing-library+react@16.3_15d474de7481bb0af842c1b1705139a8/node_modules/@testing-library/react/dist/pure.js:292:10)
      at Object.<anonymous> (src/__tests__/components/ExportChatModal.test.tsx:131:13)

    console.error
      `DialogContent` requires a `DialogTitle` for the component to be accessible for screen reader users.
      
      If you want to hide the `DialogTitle`, you can wrap it with our VisuallyHidden component.
      
      For more information, see https://radix-ui.com/primitives/docs/components/dialog

    [0m [90m 373 |[39m       [36mreturn[39m[33m;[39m
     [90m 374 |[39m     }
    [31m[1m>[22m[39m[90m 375 |[39m     originalError[33m.[39mcall(console[33m,[39m [33m...[39margs)[33m;[39m
     [90m     |[39m                   [31m[1m^[22m[39m
     [90m 376 |[39m   }[33m;[39m
     [90m 377 |[39m })[33m;[39m
     [90m 378 |[39m[0m

      at console.call [as error] (jest.setup.js:375:19)
      at node_modules/.pnpm/@radix-ui+react-dialog@1.1._664b8f23a65f4708bb5cf27e5ff43c08/node_modules/@radix-ui/react-dialog/src/dialog.tsx:520:30
      at Object.react_stack_bottom_frame (node_modules/.pnpm/react-dom@19.2.0_react@19.2.0/node_modules/react-dom/cjs/react-dom-client.development.js:25989:20)
      at runWithFiberInDEV (node_modules/.pnpm/react-dom@19.2.0_react@19.2.0/node_modules/react-dom/cjs/react-dom-client.development.js:874:13)
      at commitHookEffectListMount (node_modules/.pnpm/react-dom@19.2.0_react@19.2.0/node_modules/react-dom/cjs/react-dom-client.development.js:13249:29)
      at commitHookPassiveMountEffects (node_modules/.pnpm/react-dom@19.2.0_react@19.2.0/node_modules/react-dom/cjs/react-dom-client.development.js:13336:11)
      at commitPassiveMountOnFiber (node_modules/.pnpm/react-dom@19.2.0_react@19.2.0/node_modules/react-dom/cjs/react-dom-client.development.js:15484:13)
      at recursivelyTraversePassiveMountEffects (node_modules/.pnpm/react-dom@19.2.0_react@19.2.0/node_modules/react-dom/cjs/react-dom-client.development.js:15439:11)
      at commitPassiveMountOnFiber (node_modules/.pnpm/react-dom@19.2.0_react@19.2.0/node_modules/react-dom/cjs/react-dom-client.development.js:15718:11)
      at recursivelyTraversePassiveMountEffects (node_modules/.pnpm/react-dom@19.2.0_react@19.2.0/node_modules/react-dom/cjs/react-dom-client.development.js:15439:11)
      at commitPassiveMountOnFiber (node_modules/.pnpm/react-dom@19.2.0_react@19.2.0/node_modules/react-dom/cjs/react-dom-client.development.js:15476:11)
      at recursivelyTraversePassiveMountEffects (node_modules/.pnpm/react-dom@19.2.0_react@19.2.0/node_modules/react-dom/cjs/react-dom-client.development.js:15439:11)
      at commitPassiveMountOnFiber (node_modules/.pnpm/react-dom@19.2.0_react@19.2.0/node_modules/react-dom/cjs/react-dom-client.development.js:15476:11)
      at recursivelyTraversePassiveMountEffects (node_modules/.pnpm/react-dom@19.2.0_react@19.2.0/node_modules/react-dom/cjs/react-dom-client.development.js:15439:11)
      at commitPassiveMountOnFiber (node_modules/.pnpm/react-dom@19.2.0_react@19.2.0/node_modules/react-dom/cjs/react-dom-client.development.js:15476:11)
      at recursivelyTraversePassiveMountEffects (node_modules/.pnpm/react-dom@19.2.0_react@19.2.0/node_modules/react-dom/cjs/react-dom-client.development.js:15439:11)
      at commitPassiveMountOnFiber (node_modules/.pnpm/react-dom@19.2.0_react@19.2.0/node_modules/react-dom/cjs/react-dom-client.development.js:15476:11)
      at recursivelyTraversePassiveMountEffects (node_modules/.pnpm/react-dom@19.2.0_react@19.2.0/node_modules/react-dom/cjs/react-dom-client.development.js:15439:11)
      at commitPassiveMountOnFiber (node_modules/.pnpm/react-dom@19.2.0_react@19.2.0/node_modules/react-dom/cjs/react-dom-client.development.js:15476:11)
      at recursivelyTraversePassiveMountEffects (node_modules/.pnpm/react-dom@19.2.0_react@19.2.0/node_modules/react-dom/cjs/react-dom-client.development.js:15439:11)
      at commitPassiveMountOnFiber (node_modules/.pnpm/react-dom@19.2.0_react@19.2.0/node_modules/react-dom/cjs/react-dom-client.development.js:15476:11)
      at recursivelyTraversePassiveMountEffects (node_modules/.pnpm/react-dom@19.2.0_react@19.2.0/node_modules/react-dom/cjs/react-dom-client.development.js:15439:11)
      at commitPassiveMountOnFiber (node_modules/.pnpm/react-dom@19.2.0_react@19.2.0/node_modules/react-dom/cjs/react-dom-client.development.js:15476:11)
      at recursivelyTraversePassiveMountEffects (node_modules/.pnpm/react-dom@19.2.0_react@19.2.0/node_modules/react-dom/cjs/react-dom-client.development.js:15439:11)
      at commitPassiveMountOnFiber (node_modules/.pnpm/react-dom@19.2.0_react@19.2.0/node_modules/react-dom/cjs/react-dom-client.development.js:15718:11)
      at recursivelyTraversePassiveMountEffects (node_modules/.pnpm/react-dom@19.2.0_react@19.2.0/node_modules/react-dom/cjs/react-dom-client.development.js:15439:11)
      at commitPassiveMountOnFiber (node_modules/.pnpm/react-dom@19.2.0_react@19.2.0/node_modules/react-dom/cjs/react-dom-client.development.js:15476:11)
      at recursivelyTraversePassiveMountEffects (node_modules/.pnpm/react-dom@19.2.0_react@19.2.0/node_modules/react-dom/cjs/react-dom-client.development.js:15439:11)
      at commitPassiveMountOnFiber (node_modules/.pnpm/react-dom@19.2.0_react@19.2.0/node_modules/react-dom/cjs/react-dom-client.development.js:15476:11)
      at recursivelyTraversePassiveMountEffects (node_modules/.pnpm/react-dom@19.2.0_react@19.2.0/node_modules/react-dom/cjs/react-dom-client.development.js:15439:11)
      at commitPassiveMountOnFiber (node_modules/.pnpm/react-dom@19.2.0_react@19.2.0/node_modules/react-dom/cjs/react-dom-client.development.js:15718:11)
      at recursivelyTraversePassiveMountEffects (node_modules/.pnpm/react-dom@19.2.0_react@19.2.0/node_modules/react-dom/cjs/react-dom-client.development.js:15439:11)
      at commitPassiveMountOnFiber (node_modules/.pnpm/react-dom@19.2.0_react@19.2.0/node_modules/react-dom/cjs/react-dom-client.development.js:15476:11)
      at recursivelyTraversePassiveMountEffects (node_modules/.pnpm/react-dom@19.2.0_react@19.2.0/node_modules/react-dom/cjs/react-dom-client.development.js:15439:11)
      at commitPassiveMountOnFiber (node_modules/.pnpm/react-dom@19.2.0_react@19.2.0/node_modules/react-dom/cjs/react-dom-client.development.js:15476:11)
      at recursivelyTraversePassiveMountEffects (node_modules/.pnpm/react-dom@19.2.0_react@19.2.0/node_modules/react-dom/cjs/react-dom-client.development.js:15439:11)
      at commitPassiveMountOnFiber (node_modules/.pnpm/react-dom@19.2.0_react@19.2.0/node_modules/react-dom/cjs/react-dom-client.development.js:15476:11)
      at recursivelyTraversePassiveMountEffects (node_modules/.pnpm/react-dom@19.2.0_react@19.2.0/node_modules/react-dom/cjs/react-dom-client.development.js:15439:11)
      at commitPassiveMountOnFiber (node_modules/.pnpm/react-dom@19.2.0_react@19.2.0/node_modules/react-dom/cjs/react-dom-client.development.js:15718:11)
      at recursivelyTraversePassiveMountEffects (node_modules/.pnpm/react-dom@19.2.0_react@19.2.0/node_modules/react-dom/cjs/react-dom-client.development.js:15439:11)
      at commitPassiveMountOnFiber (node_modules/.pnpm/react-dom@19.2.0_react@19.2.0/node_modules/react-dom/cjs/react-dom-client.development.js:15476:11)
      at recursivelyTraversePassiveMountEffects (node_modules/.pnpm/react-dom@19.2.0_react@19.2.0/node_modules/react-dom/cjs/react-dom-client.development.js:15439:11)
      at commitPassiveMountOnFiber (node_modules/.pnpm/react-dom@19.2.0_react@19.2.0/node_modules/react-dom/cjs/react-dom-client.development.js:15476:11)
      at recursivelyTraversePassiveMountEffects (node_modules/.pnpm/react-dom@19.2.0_react@19.2.0/node_modules/react-dom/cjs/react-dom-client.development.js:15439:11)
      at commitPassiveMountOnFiber (node_modules/.pnpm/react-dom@19.2.0_react@19.2.0/node_modules/react-dom/cjs/react-dom-client.development.js:15476:11)
      at recursivelyTraversePassiveMountEffects (node_modules/.pnpm/react-dom@19.2.0_react@19.2.0/node_modules/react-dom/cjs/react-dom-client.development.js:15439:11)
      at commitPassiveMountOnFiber (node_modules/.pnpm/react-dom@19.2.0_react@19.2.0/node_modules/react-dom/cjs/react-dom-client.development.js:15476:11)
      at recursivelyTraversePassiveMountEffects (node_modules/.pnpm/react-dom@19.2.0_react@19.2.0/node_modules/react-dom/cjs/react-dom-client.development.js:15439:11)
      at commitPassiveMountOnFiber (node_modules/.pnpm/react-dom@19.2.0_react@19.2.0/node_modules/react-dom/cjs/react-dom-client.development.js:15519:11)
      at flushPassiveEffects (node_modules/.pnpm/react-dom@19.2.0_react@19.2.0/node_modules/react-dom/cjs/react-dom-client.development.js:18432:9)
      at flushPendingEffects (node_modules/.pnpm/react-dom@19.2.0_react@19.2.0/node_modules/react-dom/cjs/react-dom-client.development.js:18358:14)
      at flushSpawnedWork (node_modules/.pnpm/react-dom@19.2.0_react@19.2.0/node_modules/react-dom/cjs/react-dom-client.development.js:18323:44)
      at commitRoot (node_modules/.pnpm/react-dom@19.2.0_react@19.2.0/node_modules/react-dom/cjs/react-dom-client.development.js:17955:9)
      at performWorkOnRoot (node_modules/.pnpm/react-dom@19.2.0_react@19.2.0/node_modules/react-dom/cjs/react-dom-client.development.js:16667:15)
      at performSyncWorkOnRoot (node_modules/.pnpm/react-dom@19.2.0_react@19.2.0/node_modules/react-dom/cjs/react-dom-client.development.js:18972:7)
      at flushSyncWorkAcrossRoots_impl (node_modules/.pnpm/react-dom@19.2.0_react@19.2.0/node_modules/react-dom/cjs/react-dom-client.development.js:18814:21)
      at flushSpawnedWork (node_modules/.pnpm/react-dom@19.2.0_react@19.2.0/node_modules/react-dom/cjs/react-dom-client.development.js:18334:9)
      at commitRoot (node_modules/.pnpm/react-dom@19.2.0_react@19.2.0/node_modules/react-dom/cjs/react-dom-client.development.js:17955:9)
      at performWorkOnRoot (node_modules/.pnpm/react-dom@19.2.0_react@19.2.0/node_modules/react-dom/cjs/react-dom-client.development.js:16667:15)
      at performWorkOnRootViaSchedulerTask (node_modules/.pnpm/react-dom@19.2.0_react@19.2.0/node_modules/react-dom/cjs/react-dom-client.development.js:18957:7)
      at flushActQueue (node_modules/.pnpm/react@19.2.0/node_modules/react/cjs/react.development.js:590:34)
      at process.env.NODE_ENV.exports.act (node_modules/.pnpm/react@19.2.0/node_modules/react/cjs/react.development.js:884:10)
      at node_modules/.pnpm/@testing-library+react@16.3_15d474de7481bb0af842c1b1705139a8/node_modules/@testing-library/react/dist/act-compat.js:47:25
      at renderRoot (node_modules/.pnpm/@testing-library+react@16.3_15d474de7481bb0af842c1b1705139a8/node_modules/@testing-library/react/dist/pure.js:190:26)
      at render (node_modules/.pnpm/@testing-library+react@16.3_15d474de7481bb0af842c1b1705139a8/node_modules/@testing-library/react/dist/pure.js:292:10)
      at Object.<anonymous> (src/__tests__/components/ExportChatModal.test.tsx:144:13)

    console.warn
      Warning: Missing `Description` or `aria-describedby={undefined}` for {DialogContent}.

    [0m [90m 142 |[39m   describe([32m'Date Range Filter'[39m[33m,[39m () [33m=>[39m {
     [90m 143 |[39m     it([32m'renders date filter inputs'[39m[33m,[39m () [33m=>[39m {
    [31m[1m>[22m[39m[90m 144 |[39m       render([33m<[39m[33mExportChatModal[39m {[33m...[39mdefaultProps} [33m/[39m[33m>[39m)[33m;[39m
     [90m     |[39m             [31m[1m^[22m[39m
     [90m 145 |[39m
     [90m 146 |[39m       expect(screen[33m.[39mgetByLabelText([32m'Da'[39m))[33m.[39mtoBeInTheDocument()[33m;[39m
     [90m 147 |[39m       expect(screen[33m.[39mgetByLabelText([32m'A'[39m))[33m.[39mtoBeInTheDocument()[33m;[39m[0m

      at node_modules/.pnpm/@radix-ui+react-dialog@1.1._664b8f23a65f4708bb5cf27e5ff43c08/node_modules/@radix-ui/react-dialog/src/dialog.tsx:543:36
      at Object.react_stack_bottom_frame (node_modules/.pnpm/react-dom@19.2.0_react@19.2.0/node_modules/react-dom/cjs/react-dom-client.development.js:25989:20)
      at runWithFiberInDEV (node_modules/.pnpm/react-dom@19.2.0_react@19.2.0/node_modules/react-dom/cjs/react-dom-client.development.js:874:13)
      at commitHookEffectListMount (node_modules/.pnpm/react-dom@19.2.0_react@19.2.0/node_modules/react-dom/cjs/react-dom-client.development.js:13249:29)
      at commitHookPassiveMountEffects (node_modules/.pnpm/react-dom@19.2.0_react@19.2.0/node_modules/react-dom/cjs/react-dom-client.development.js:13336:11)
      at commitPassiveMountOnFiber (node_modules/.pnpm/react-dom@19.2.0_react@19.2.0/node_modules/react-dom/cjs/react-dom-client.development.js:15484:13)
      at recursivelyTraversePassiveMountEffects (node_modules/.pnpm/react-dom@19.2.0_react@19.2.0/node_modules/react-dom/cjs/react-dom-client.development.js:15439:11)
      at commitPassiveMountOnFiber (node_modules/.pnpm/react-dom@19.2.0_react@19.2.0/node_modules/react-dom/cjs/react-dom-client.development.js:15718:11)
      at recursivelyTraversePassiveMountEffects (node_modules/.pnpm/react-dom@19.2.0_react@19.2.0/node_modules/react-dom/cjs/react-dom-client.development.js:15439:11)
      at commitPassiveMountOnFiber (node_modules/.pnpm/react-dom@19.2.0_react@19.2.0/node_modules/react-dom/cjs/react-dom-client.development.js:15476:11)
      at recursivelyTraversePassiveMountEffects (node_modules/.pnpm/react-dom@19.2.0_react@19.2.0/node_modules/react-dom/cjs/react-dom-client.development.js:15439:11)
      at commitPassiveMountOnFiber (node_modules/.pnpm/react-dom@19.2.0_react@19.2.0/node_modules/react-dom/cjs/react-dom-client.development.js:15476:11)
      at recursivelyTraversePassiveMountEffects (node_modules/.pnpm/react-dom@19.2.0_react@19.2.0/node_modules/react-dom/cjs/react-dom-client.development.js:15439:11)
      at commitPassiveMountOnFiber (node_modules/.pnpm/react-dom@19.2.0_react@19.2.0/node_modules/react-dom/cjs/react-dom-client.development.js:15476:11)
      at recursivelyTraversePassiveMountEffects (node_modules/.pnpm/react-dom@19.2.0_react@19.2.0/node_modules/react-dom/cjs/react-dom-client.development.js:15439:11)
      at commitPassiveMountOnFiber (node_modules/.pnpm/react-dom@19.2.0_react@19.2.0/node_modules/react-dom/cjs/react-dom-client.development.js:15476:11)
      at recursivelyTraversePassiveMountEffects (node_modules/.pnpm/react-dom@19.2.0_react@19.2.0/node_modules/react-dom/cjs/react-dom-client.development.js:15439:11)
      at commitPassiveMountOnFiber (node_modules/.pnpm/react-dom@19.2.0_react@19.2.0/node_modules/react-dom/cjs/react-dom-client.development.js:15476:11)
      at recursivelyTraversePassiveMountEffects (node_modules/.pnpm/react-dom@19.2.0_react@19.2.0/node_modules/react-dom/cjs/react-dom-client.development.js:15439:11)
      at commitPassiveMountOnFiber (node_modules/.pnpm/react-dom@19.2.0_react@19.2.0/node_modules/react-dom/cjs/react-dom-client.development.js:15476:11)
      at recursivelyTraversePassiveMountEffects (node_modules/.pnpm/react-dom@19.2.0_react@19.2.0/node_modules/react-dom/cjs/react-dom-client.development.js:15439:11)
      at commitPassiveMountOnFiber (node_modules/.pnpm/react-dom@19.2.0_react@19.2.0/node_modules/react-dom/cjs/react-dom-client.development.js:15476:11)
      at recursivelyTraversePassiveMountEffects (node_modules/.pnpm/react-dom@19.2.0_react@19.2.0/node_modules/react-dom/cjs/react-dom-client.development.js:15439:11)
      at commitPassiveMountOnFiber (node_modules/.pnpm/react-dom@19.2.0_react@19.2.0/node_modules/react-dom/cjs/react-dom-client.development.js:15718:11)
      at recursivelyTraversePassiveMountEffects (node_modules/.pnpm/react-dom@19.2.0_react@19.2.0/node_modules/react-dom/cjs/react-dom-client.development.js:15439:11)
      at commitPassiveMountOnFiber (node_modules/.pnpm/react-dom@19.2.0_react@19.2.0/node_modules/react-dom/cjs/react-dom-client.development.js:15476:11)
      at recursivelyTraversePassiveMountEffects (node_modules/.pnpm/react-dom@19.2.0_react@19.2.0/node_modules/react-dom/cjs/react-dom-client.development.js:15439:11)
      at commitPassiveMountOnFiber (node_modules/.pnpm/react-dom@19.2.0_react@19.2.0/node_modules/react-dom/cjs/react-dom-client.development.js:15476:11)
      at recursivelyTraversePassiveMountEffects (node_modules/.pnpm/react-dom@19.2.0_react@19.2.0/node_modules/react-dom/cjs/react-dom-client.development.js:15439:11)
      at commitPassiveMountOnFiber (node_modules/.pnpm/react-dom@19.2.0_react@19.2.0/node_modules/react-dom/cjs/react-dom-client.development.js:15718:11)
      at recursivelyTraversePassiveMountEffects (node_modules/.pnpm/react-dom@19.2.0_react@19.2.0/node_modules/react-dom/cjs/react-dom-client.development.js:15439:11)
      at commitPassiveMountOnFiber (node_modules/.pnpm/react-dom@19.2.0_react@19.2.0/node_modules/react-dom/cjs/react-dom-client.development.js:15476:11)
      at recursivelyTraversePassiveMountEffects (node_modules/.pnpm/react-dom@19.2.0_react@19.2.0/node_modules/react-dom/cjs/react-dom-client.development.js:15439:11)
      at commitPassiveMountOnFiber (node_modules/.pnpm/react-dom@19.2.0_react@19.2.0/node_modules/react-dom/cjs/react-dom-client.development.js:15476:11)
      at recursivelyTraversePassiveMountEffects (node_modules/.pnpm/react-dom@19.2.0_react@19.2.0/node_modules/react-dom/cjs/react-dom-client.development.js:15439:11)
      at commitPassiveMountOnFiber (node_modules/.pnpm/react-dom@19.2.0_react@19.2.0/node_modules/react-dom/cjs/react-dom-client.development.js:15476:11)
      at recursivelyTraversePassiveMountEffects (node_modules/.pnpm/react-dom@19.2.0_react@19.2.0/node_modules/react-dom/cjs/react-dom-client.development.js:15439:11)
      at commitPassiveMountOnFiber (node_modules/.pnpm/react-dom@19.2.0_react@19.2.0/node_modules/react-dom/cjs/react-dom-client.development.js:15718:11)
      at recursivelyTraversePassiveMountEffects (node_modules/.pnpm/react-dom@19.2.0_react@19.2.0/node_modules/react-dom/cjs/react-dom-client.development.js:15439:11)
      at commitPassiveMountOnFiber (node_modules/.pnpm/react-dom@19.2.0_react@19.2.0/node_modules/react-dom/cjs/react-dom-client.development.js:15476:11)
      at recursivelyTraversePassiveMountEffects (node_modules/.pnpm/react-dom@19.2.0_react@19.2.0/node_modules/react-dom/cjs/react-dom-client.development.js:15439:11)
      at commitPassiveMountOnFiber (node_modules/.pnpm/react-dom@19.2.0_react@19.2.0/node_modules/react-dom/cjs/react-dom-client.development.js:15476:11)
      at recursivelyTraversePassiveMountEffects (node_modules/.pnpm/react-dom@19.2.0_react@19.2.0/node_modules/react-dom/cjs/react-dom-client.development.js:15439:11)
      at commitPassiveMountOnFiber (node_modules/.pnpm/react-dom@19.2.0_react@19.2.0/node_modules/react-dom/cjs/react-dom-client.development.js:15476:11)
      at recursivelyTraversePassiveMountEffects (node_modules/.pnpm/react-dom@19.2.0_react@19.2.0/node_modules/react-dom/cjs/react-dom-client.development.js:15439:11)
      at commitPassiveMountOnFiber (node_modules/.pnpm/react-dom@19.2.0_react@19.2.0/node_modules/react-dom/cjs/react-dom-client.development.js:15476:11)
      at recursivelyTraversePassiveMountEffects (node_modules/.pnpm/react-dom@19.2.0_react@19.2.0/node_modules/react-dom/cjs/react-dom-client.development.js:15439:11)
      at commitPassiveMountOnFiber (node_modules/.pnpm/react-dom@19.2.0_react@19.2.0/node_modules/react-dom/cjs/react-dom-client.development.js:15519:11)
      at flushPassiveEffects (node_modules/.pnpm/react-dom@19.2.0_react@19.2.0/node_modules/react-dom/cjs/react-dom-client.development.js:18432:9)
      at flushPendingEffects (node_modules/.pnpm/react-dom@19.2.0_react@19.2.0/node_modules/react-dom/cjs/react-dom-client.development.js:18358:14)
      at flushSpawnedWork (node_modules/.pnpm/react-dom@19.2.0_react@19.2.0/node_modules/react-dom/cjs/react-dom-client.development.js:18323:44)
      at commitRoot (node_modules/.pnpm/react-dom@19.2.0_react@19.2.0/node_modules/react-dom/cjs/react-dom-client.development.js:17955:9)
      at performWorkOnRoot (node_modules/.pnpm/react-dom@19.2.0_react@19.2.0/node_modules/react-dom/cjs/react-dom-client.development.js:16667:15)
      at performSyncWorkOnRoot (node_modules/.pnpm/react-dom@19.2.0_react@19.2.0/node_modules/react-dom/cjs/react-dom-client.development.js:18972:7)
      at flushSyncWorkAcrossRoots_impl (node_modules/.pnpm/react-dom@19.2.0_react@19.2.0/node_modules/react-dom/cjs/react-dom-client.development.js:18814:21)
      at flushSpawnedWork (node_modules/.pnpm/react-dom@19.2.0_react@19.2.0/node_modules/react-dom/cjs/react-dom-client.development.js:18334:9)
      at commitRoot (node_modules/.pnpm/react-dom@19.2.0_react@19.2.0/node_modules/react-dom/cjs/react-dom-client.development.js:17955:9)
      at performWorkOnRoot (node_modules/.pnpm/react-dom@19.2.0_react@19.2.0/node_modules/react-dom/cjs/react-dom-client.development.js:16667:15)
      at performWorkOnRootViaSchedulerTask (node_modules/.pnpm/react-dom@19.2.0_react@19.2.0/node_modules/react-dom/cjs/react-dom-client.development.js:18957:7)
      at flushActQueue (node_modules/.pnpm/react@19.2.0/node_modules/react/cjs/react.development.js:590:34)
      at process.env.NODE_ENV.exports.act (node_modules/.pnpm/react@19.2.0/node_modules/react/cjs/react.development.js:884:10)
      at node_modules/.pnpm/@testing-library+react@16.3_15d474de7481bb0af842c1b1705139a8/node_modules/@testing-library/react/dist/act-compat.js:47:25
      at renderRoot (node_modules/.pnpm/@testing-library+react@16.3_15d474de7481bb0af842c1b1705139a8/node_modules/@testing-library/react/dist/pure.js:190:26)
      at render (node_modules/.pnpm/@testing-library+react@16.3_15d474de7481bb0af842c1b1705139a8/node_modules/@testing-library/react/dist/pure.js:292:10)
      at Object.<anonymous> (src/__tests__/components/ExportChatModal.test.tsx:144:13)

    console.error
      `DialogContent` requires a `DialogTitle` for the component to be accessible for screen reader users.
      
      If you want to hide the `DialogTitle`, you can wrap it with our VisuallyHidden component.
      
      For more information, see https://radix-ui.com/primitives/docs/components/dialog

    [0m [90m 373 |[39m       [36mreturn[39m[33m;[39m
     [90m 374 |[39m     }
    [31m[1m>[22m[39m[90m 375 |[39m     originalError[33m.[39mcall(console[33m,[39m [33m...[39margs)[33m;[39m
     [90m     |[39m                   [31m[1m^[22m[39m
     [90m 376 |[39m   }[33m;[39m
     [90m 377 |[39m })[33m;[39m
     [90m 378 |[39m[0m

      at console.call [as error] (jest.setup.js:375:19)
      at node_modules/.pnpm/@radix-ui+react-dialog@1.1._664b8f23a65f4708bb5cf27e5ff43c08/node_modules/@radix-ui/react-dialog/src/dialog.tsx:520:30
      at Object.react_stack_bottom_frame (node_modules/.pnpm/react-dom@19.2.0_react@19.2.0/node_modules/react-dom/cjs/react-dom-client.development.js:25989:20)
      at runWithFiberInDEV (node_modules/.pnpm/react-dom@19.2.0_react@19.2.0/node_modules/react-dom/cjs/react-dom-client.development.js:874:13)
      at commitHookEffectListMount (node_modules/.pnpm/react-dom@19.2.0_react@19.2.0/node_modules/react-dom/cjs/react-dom-client.development.js:13249:29)
      at commitHookPassiveMountEffects (node_modules/.pnpm/react-dom@19.2.0_react@19.2.0/node_modules/react-dom/cjs/react-dom-client.development.js:13336:11)
      at commitPassiveMountOnFiber (node_modules/.pnpm/react-dom@19.2.0_react@19.2.0/node_modules/react-dom/cjs/react-dom-client.development.js:15484:13)
      at recursivelyTraversePassiveMountEffects (node_modules/.pnpm/react-dom@19.2.0_react@19.2.0/node_modules/react-dom/cjs/react-dom-client.development.js:15439:11)
      at commitPassiveMountOnFiber (node_modules/.pnpm/react-dom@19.2.0_react@19.2.0/node_modules/react-dom/cjs/react-dom-client.development.js:15718:11)
      at recursivelyTraversePassiveMountEffects (node_modules/.pnpm/react-dom@19.2.0_react@19.2.0/node_modules/react-dom/cjs/react-dom-client.development.js:15439:11)
      at commitPassiveMountOnFiber (node_modules/.pnpm/react-dom@19.2.0_react@19.2.0/node_modules/react-dom/cjs/react-dom-client.development.js:15476:11)
      at recursivelyTraversePassiveMountEffects (node_modules/.pnpm/react-dom@19.2.0_react@19.2.0/node_modules/react-dom/cjs/react-dom-client.development.js:15439:11)
      at commitPassiveMountOnFiber (node_modules/.pnpm/react-dom@19.2.0_react@19.2.0/node_modules/react-dom/cjs/react-dom-client.development.js:15476:11)
      at recursivelyTraversePassiveMountEffects (node_modules/.pnpm/react-dom@19.2.0_react@19.2.0/node_modules/react-dom/cjs/react-dom-client.development.js:15439:11)
      at commitPassiveMountOnFiber (node_modules/.pnpm/react-dom@19.2.0_react@19.2.0/node_modules/react-dom/cjs/react-dom-client.development.js:15476:11)
      at recursivelyTraversePassiveMountEffects (node_modules/.pnpm/react-dom@19.2.0_react@19.2.0/node_modules/react-dom/cjs/react-dom-client.development.js:15439:11)
      at commitPassiveMountOnFiber (node_modules/.pnpm/react-dom@19.2.0_react@19.2.0/node_modules/react-dom/cjs/react-dom-client.development.js:15476:11)
      at recursivelyTraversePassiveMountEffects (node_modules/.pnpm/react-dom@19.2.0_react@19.2.0/node_modules/react-dom/cjs/react-dom-client.development.js:15439:11)
      at commitPassiveMountOnFiber (node_modules/.pnpm/react-dom@19.2.0_react@19.2.0/node_modules/react-dom/cjs/react-dom-client.development.js:15476:11)
      at recursivelyTraversePassiveMountEffects (node_modules/.pnpm/react-dom@19.2.0_react@19.2.0/node_modules/react-dom/cjs/react-dom-client.development.js:15439:11)
      at commitPassiveMountOnFiber (node_modules/.pnpm/react-dom@19.2.0_react@19.2.0/node_modules/react-dom/cjs/react-dom-client.development.js:15476:11)
      at recursivelyTraversePassiveMountEffects (node_modules/.pnpm/react-dom@19.2.0_react@19.2.0/node_modules/react-dom/cjs/react-dom-client.development.js:15439:11)
      at commitPassiveMountOnFiber (node_modules/.pnpm/react-dom@19.2.0_react@19.2.0/node_modules/react-dom/cjs/react-dom-client.development.js:15476:11)
      at recursivelyTraversePassiveMountEffects (node_modules/.pnpm/react-dom@19.2.0_react@19.2.0/node_modules/react-dom/cjs/react-dom-client.development.js:15439:11)
      at commitPassiveMountOnFiber (node_modules/.pnpm/react-dom@19.2.0_react@19.2.0/node_modules/react-dom/cjs/react-dom-client.development.js:15718:11)
      at recursivelyTraversePassiveMountEffects (node_modules/.pnpm/react-dom@19.2.0_react@19.2.0/node_modules/react-dom/cjs/react-dom-client.development.js:15439:11)
      at commitPassiveMountOnFiber (node_modules/.pnpm/react-dom@19.2.0_react@19.2.0/node_modules/react-dom/cjs/react-dom-client.development.js:15476:11)
      at recursivelyTraversePassiveMountEffects (node_modules/.pnpm/react-dom@19.2.0_react@19.2.0/node_modules/react-dom/cjs/react-dom-client.development.js:15439:11)
      at commitPassiveMountOnFiber (node_modules/.pnpm/react-dom@19.2.0_react@19.2.0/node_modules/react-dom/cjs/react-dom-client.development.js:15476:11)
      at recursivelyTraversePassiveMountEffects (node_modules/.pnpm/react-dom@19.2.0_react@19.2.0/node_modules/react-dom/cjs/react-dom-client.development.js:15439:11)
      at commitPassiveMountOnFiber (node_modules/.pnpm/react-dom@19.2.0_react@19.2.0/node_modules/react-dom/cjs/react-dom-client.development.js:15718:11)
      at recursivelyTraversePassiveMountEffects (node_modules/.pnpm/react-dom@19.2.0_react@19.2.0/node_modules/react-dom/cjs/react-dom-client.development.js:15439:11)
      at commitPassiveMountOnFiber (node_modules/.pnpm/react-dom@19.2.0_react@19.2.0/node_modules/react-dom/cjs/react-dom-client.development.js:15476:11)
      at recursivelyTraversePassiveMountEffects (node_modules/.pnpm/react-dom@19.2.0_react@19.2.0/node_modules/react-dom/cjs/react-dom-client.development.js:15439:11)
      at commitPassiveMountOnFiber (node_modules/.pnpm/react-dom@19.2.0_react@19.2.0/node_modules/react-dom/cjs/react-dom-client.development.js:15476:11)
      at recursivelyTraversePassiveMountEffects (node_modules/.pnpm/react-dom@19.2.0_react@19.2.0/node_modules/react-dom/cjs/react-dom-client.development.js:15439:11)
      at commitPassiveMountOnFiber (node_modules/.pnpm/react-dom@19.2.0_react@19.2.0/node_modules/react-dom/cjs/react-dom-client.development.js:15476:11)
      at recursivelyTraversePassiveMountEffects (node_modules/.pnpm/react-dom@19.2.0_react@19.2.0/node_modules/react-dom/cjs/react-dom-client.development.js:15439:11)
      at commitPassiveMountOnFiber (node_modules/.pnpm/react-dom@19.2.0_react@19.2.0/node_modules/react-dom/cjs/react-dom-client.development.js:15718:11)
      at recursivelyTraversePassiveMountEffects (node_modules/.pnpm/react-dom@19.2.0_react@19.2.0/node_modules/react-dom/cjs/react-dom-client.development.js:15439:11)
      at commitPassiveMountOnFiber (node_modules/.pnpm/react-dom@19.2.0_react@19.2.0/node_modules/react-dom/cjs/react-dom-client.development.js:15476:11)
      at recursivelyTraversePassiveMountEffects (node_modules/.pnpm/react-dom@19.2.0_react@19.2.0/node_modules/react-dom/cjs/react-dom-client.development.js:15439:11)
      at commitPassiveMountOnFiber (node_modules/.pnpm/react-dom@19.2.0_react@19.2.0/node_modules/react-dom/cjs/react-dom-client.development.js:15476:11)
      at recursivelyTraversePassiveMountEffects (node_modules/.pnpm/react-dom@19.2.0_react@19.2.0/node_modules/react-dom/cjs/react-dom-client.development.js:15439:11)
      at commitPassiveMountOnFiber (node_modules/.pnpm/react-dom@19.2.0_react@19.2.0/node_modules/react-dom/cjs/react-dom-client.development.js:15476:11)
      at recursivelyTraversePassiveMountEffects (node_modules/.pnpm/react-dom@19.2.0_react@19.2.0/node_modules/react-dom/cjs/react-dom-client.development.js:15439:11)
      at commitPassiveMountOnFiber (node_modules/.pnpm/react-dom@19.2.0_react@19.2.0/node_modules/react-dom/cjs/react-dom-client.development.js:15476:11)
      at recursivelyTraversePassiveMountEffects (node_modules/.pnpm/react-dom@19.2.0_react@19.2.0/node_modules/react-dom/cjs/react-dom-client.development.js:15439:11)
      at commitPassiveMountOnFiber (node_modules/.pnpm/react-dom@19.2.0_react@19.2.0/node_modules/react-dom/cjs/react-dom-client.development.js:15519:11)
      at flushPassiveEffects (node_modules/.pnpm/react-dom@19.2.0_react@19.2.0/node_modules/react-dom/cjs/react-dom-client.development.js:18432:9)
      at flushPendingEffects (node_modules/.pnpm/react-dom@19.2.0_react@19.2.0/node_modules/react-dom/cjs/react-dom-client.development.js:18358:14)
      at flushSpawnedWork (node_modules/.pnpm/react-dom@19.2.0_react@19.2.0/node_modules/react-dom/cjs/react-dom-client.development.js:18323:44)
      at commitRoot (node_modules/.pnpm/react-dom@19.2.0_react@19.2.0/node_modules/react-dom/cjs/react-dom-client.development.js:17955:9)
      at performWorkOnRoot (node_modules/.pnpm/react-dom@19.2.0_react@19.2.0/node_modules/react-dom/cjs/react-dom-client.development.js:16667:15)
      at performSyncWorkOnRoot (node_modules/.pnpm/react-dom@19.2.0_react@19.2.0/node_modules/react-dom/cjs/react-dom-client.development.js:18972:7)
      at flushSyncWorkAcrossRoots_impl (node_modules/.pnpm/react-dom@19.2.0_react@19.2.0/node_modules/react-dom/cjs/react-dom-client.development.js:18814:21)
      at flushSpawnedWork (node_modules/.pnpm/react-dom@19.2.0_react@19.2.0/node_modules/react-dom/cjs/react-dom-client.development.js:18334:9)
      at commitRoot (node_modules/.pnpm/react-dom@19.2.0_react@19.2.0/node_modules/react-dom/cjs/react-dom-client.development.js:17955:9)
      at performWorkOnRoot (node_modules/.pnpm/react-dom@19.2.0_react@19.2.0/node_modules/react-dom/cjs/react-dom-client.development.js:16667:15)
      at performWorkOnRootViaSchedulerTask (node_modules/.pnpm/react-dom@19.2.0_react@19.2.0/node_modules/react-dom/cjs/react-dom-client.development.js:18957:7)
      at flushActQueue (node_modules/.pnpm/react@19.2.0/node_modules/react/cjs/react.development.js:590:34)
      at process.env.NODE_ENV.exports.act (node_modules/.pnpm/react@19.2.0/node_modules/react/cjs/react.development.js:884:10)
      at node_modules/.pnpm/@testing-library+react@16.3_15d474de7481bb0af842c1b1705139a8/node_modules/@testing-library/react/dist/act-compat.js:47:25
      at renderRoot (node_modules/.pnpm/@testing-library+react@16.3_15d474de7481bb0af842c1b1705139a8/node_modules/@testing-library/react/dist/pure.js:190:26)
      at render (node_modules/.pnpm/@testing-library+react@16.3_15d474de7481bb0af842c1b1705139a8/node_modules/@testing-library/react/dist/pure.js:292:10)
      at Object.<anonymous> (src/__tests__/components/ExportChatModal.test.tsx:151:13)

    console.warn
      Warning: Missing `Description` or `aria-describedby={undefined}` for {DialogContent}.

    [0m [90m 149 |[39m
     [90m 150 |[39m     it([32m'allows entering date from'[39m[33m,[39m () [33m=>[39m {
    [31m[1m>[22m[39m[90m 151 |[39m       render([33m<[39m[33mExportChatModal[39m {[33m...[39mdefaultProps} [33m/[39m[33m>[39m)[33m;[39m
     [90m     |[39m             [31m[1m^[22m[39m
     [90m 152 |[39m
     [90m 153 |[39m       [36mconst[39m dateFromInput [33m=[39m screen[33m.[39mgetByLabelText([32m'Da'[39m)[33m;[39m
     [90m 154 |[39m       fireEvent[33m.[39mchange(dateFromInput[33m,[39m { target[33m:[39m { value[33m:[39m [32m'2025-01-01'[39m } })[33m;[39m[0m

      at node_modules/.pnpm/@radix-ui+react-dialog@1.1._664b8f23a65f4708bb5cf27e5ff43c08/node_modules/@radix-ui/react-dialog/src/dialog.tsx:543:36
      at Object.react_stack_bottom_frame (node_modules/.pnpm/react-dom@19.2.0_react@19.2.0/node_modules/react-dom/cjs/react-dom-client.development.js:25989:20)
      at runWithFiberInDEV (node_modules/.pnpm/react-dom@19.2.0_react@19.2.0/node_modules/react-dom/cjs/react-dom-client.development.js:874:13)
      at commitHookEffectListMount (node_modules/.pnpm/react-dom@19.2.0_react@19.2.0/node_modules/react-dom/cjs/react-dom-client.development.js:13249:29)
      at commitHookPassiveMountEffects (node_modules/.pnpm/react-dom@19.2.0_react@19.2.0/node_modules/react-dom/cjs/react-dom-client.development.js:13336:11)
      at commitPassiveMountOnFiber (node_modules/.pnpm/react-dom@19.2.0_react@19.2.0/node_modules/react-dom/cjs/react-dom-client.development.js:15484:13)
      at recursivelyTraversePassiveMountEffects (node_modules/.pnpm/react-dom@19.2.0_react@19.2.0/node_modules/react-dom/cjs/react-dom-client.development.js:15439:11)
      at commitPassiveMountOnFiber (node_modules/.pnpm/react-dom@19.2.0_react@19.2.0/node_modules/react-dom/cjs/react-dom-client.development.js:15718:11)
      at recursivelyTraversePassiveMountEffects (node_modules/.pnpm/react-dom@19.2.0_react@19.2.0/node_modules/react-dom/cjs/react-dom-client.development.js:15439:11)
      at commitPassiveMountOnFiber (node_modules/.pnpm/react-dom@19.2.0_react@19.2.0/node_modules/react-dom/cjs/react-dom-client.development.js:15476:11)
      at recursivelyTraversePassiveMountEffects (node_modules/.pnpm/react-dom@19.2.0_react@19.2.0/node_modules/react-dom/cjs/react-dom-client.development.js:15439:11)
      at commitPassiveMountOnFiber (node_modules/.pnpm/react-dom@19.2.0_react@19.2.0/node_modules/react-dom/cjs/react-dom-client.development.js:15476:11)
      at recursivelyTraversePassiveMountEffects (node_modules/.pnpm/react-dom@19.2.0_react@19.2.0/node_modules/react-dom/cjs/react-dom-client.development.js:15439:11)
      at commitPassiveMountOnFiber (node_modules/.pnpm/react-dom@19.2.0_react@19.2.0/node_modules/react-dom/cjs/react-dom-client.development.js:15476:11)
      at recursivelyTraversePassiveMountEffects (node_modules/.pnpm/react-dom@19.2.0_react@19.2.0/node_modules/react-dom/cjs/react-dom-client.development.js:15439:11)
      at commitPassiveMountOnFiber (node_modules/.pnpm/react-dom@19.2.0_react@19.2.0/node_modules/react-dom/cjs/react-dom-client.development.js:15476:11)
      at recursivelyTraversePassiveMountEffects (node_modules/.pnpm/react-dom@19.2.0_react@19.2.0/node_modules/react-dom/cjs/react-dom-client.development.js:15439:11)
      at commitPassiveMountOnFiber (node_modules/.pnpm/react-dom@19.2.0_react@19.2.0/node_modules/react-dom/cjs/react-dom-client.development.js:15476:11)
      at recursivelyTraversePassiveMountEffects (node_modules/.pnpm/react-dom@19.2.0_react@19.2.0/node_modules/react-dom/cjs/react-dom-client.development.js:15439:11)
      at commitPassiveMountOnFiber (node_modules/.pnpm/react-dom@19.2.0_react@19.2.0/node_modules/react-dom/cjs/react-dom-client.development.js:15476:11)
      at recursivelyTraversePassiveMountEffects (node_modules/.pnpm/react-dom@19.2.0_react@19.2.0/node_modules/react-dom/cjs/react-dom-client.development.js:15439:11)
      at commitPassiveMountOnFiber (node_modules/.pnpm/react-dom@19.2.0_react@19.2.0/node_modules/react-dom/cjs/react-dom-client.development.js:15476:11)
      at recursivelyTraversePassiveMountEffects (node_modules/.pnpm/react-dom@19.2.0_react@19.2.0/node_modules/react-dom/cjs/react-dom-client.development.js:15439:11)
      at commitPassiveMountOnFiber (node_modules/.pnpm/react-dom@19.2.0_react@19.2.0/node_modules/react-dom/cjs/react-dom-client.development.js:15718:11)
      at recursivelyTraversePassiveMountEffects (node_modules/.pnpm/react-dom@19.2.0_react@19.2.0/node_modules/react-dom/cjs/react-dom-client.development.js:15439:11)
      at commitPassiveMountOnFiber (node_modules/.pnpm/react-dom@19.2.0_react@19.2.0/node_modules/react-dom/cjs/react-dom-client.development.js:15476:11)
      at recursivelyTraversePassiveMountEffects (node_modules/.pnpm/react-dom@19.2.0_react@19.2.0/node_modules/react-dom/cjs/react-dom-client.development.js:15439:11)
      at commitPassiveMountOnFiber (node_modules/.pnpm/react-dom@19.2.0_react@19.2.0/node_modules/react-dom/cjs/react-dom-client.development.js:15476:11)
      at recursivelyTraversePassiveMountEffects (node_modules/.pnpm/react-dom@19.2.0_react@19.2.0/node_modules/react-dom/cjs/react-dom-client.development.js:15439:11)
      at commitPassiveMountOnFiber (node_modules/.pnpm/react-dom@19.2.0_react@19.2.0/node_modules/react-dom/cjs/react-dom-client.development.js:15718:11)
      at recursivelyTraversePassiveMountEffects (node_modules/.pnpm/react-dom@19.2.0_react@19.2.0/node_modules/react-dom/cjs/react-dom-client.development.js:15439:11)
      at commitPassiveMountOnFiber (node_modules/.pnpm/react-dom@19.2.0_react@19.2.0/node_modules/react-dom/cjs/react-dom-client.development.js:15476:11)
      at recursivelyTraversePassiveMountEffects (node_modules/.pnpm/react-dom@19.2.0_react@19.2.0/node_modules/react-dom/cjs/react-dom-client.development.js:15439:11)
      at commitPassiveMountOnFiber (node_modules/.pnpm/react-dom@19.2.0_react@19.2.0/node_modules/react-dom/cjs/react-dom-client.development.js:15476:11)
      at recursivelyTraversePassiveMountEffects (node_modules/.pnpm/react-dom@19.2.0_react@19.2.0/node_modules/react-dom/cjs/react-dom-client.development.js:15439:11)
      at commitPassiveMountOnFiber (node_modules/.pnpm/react-dom@19.2.0_react@19.2.0/node_modules/react-dom/cjs/react-dom-client.development.js:15476:11)
      at recursivelyTraversePassiveMountEffects (node_modules/.pnpm/react-dom@19.2.0_react@19.2.0/node_modules/react-dom/cjs/react-dom-client.development.js:15439:11)
      at commitPassiveMountOnFiber (node_modules/.pnpm/react-dom@19.2.0_react@19.2.0/node_modules/react-dom/cjs/react-dom-client.development.js:15718:11)
      at recursivelyTraversePassiveMountEffects (node_modules/.pnpm/react-dom@19.2.0_react@19.2.0/node_modules/react-dom/cjs/react-dom-client.development.js:15439:11)
      at commitPassiveMountOnFiber (node_modules/.pnpm/react-dom@19.2.0_react@19.2.0/node_modules/react-dom/cjs/react-dom-client.development.js:15476:11)
      at recursivelyTraversePassiveMountEffects (node_modules/.pnpm/react-dom@19.2.0_react@19.2.0/node_modules/react-dom/cjs/react-dom-client.development.js:15439:11)
      at commitPassiveMountOnFiber (node_modules/.pnpm/react-dom@19.2.0_react@19.2.0/node_modules/react-dom/cjs/react-dom-client.development.js:15476:11)
      at recursivelyTraversePassiveMountEffects (node_modules/.pnpm/react-dom@19.2.0_react@19.2.0/node_modules/react-dom/cjs/react-dom-client.development.js:15439:11)
      at commitPassiveMountOnFiber (node_modules/.pnpm/react-dom@19.2.0_react@19.2.0/node_modules/react-dom/cjs/react-dom-client.development.js:15476:11)
      at recursivelyTraversePassiveMountEffects (node_modules/.pnpm/react-dom@19.2.0_react@19.2.0/node_modules/react-dom/cjs/react-dom-client.development.js:15439:11)
      at commitPassiveMountOnFiber (node_modules/.pnpm/react-dom@19.2.0_react@19.2.0/node_modules/react-dom/cjs/react-dom-client.development.js:15476:11)
      at recursivelyTraversePassiveMountEffects (node_modules/.pnpm/react-dom@19.2.0_react@19.2.0/node_modules/react-dom/cjs/react-dom-client.development.js:15439:11)
      at commitPassiveMountOnFiber (node_modules/.pnpm/react-dom@19.2.0_react@19.2.0/node_modules/react-dom/cjs/react-dom-client.development.js:15519:11)
      at flushPassiveEffects (node_modules/.pnpm/react-dom@19.2.0_react@19.2.0/node_modules/react-dom/cjs/react-dom-client.development.js:18432:9)
      at flushPendingEffects (node_modules/.pnpm/react-dom@19.2.0_react@19.2.0/node_modules/react-dom/cjs/react-dom-client.development.js:18358:14)
      at flushSpawnedWork (node_modules/.pnpm/react-dom@19.2.0_react@19.2.0/node_modules/react-dom/cjs/react-dom-client.development.js:18323:44)
      at commitRoot (node_modules/.pnpm/react-dom@19.2.0_react@19.2.0/node_modules/react-dom/cjs/react-dom-client.development.js:17955:9)
      at performWorkOnRoot (node_modules/.pnpm/react-dom@19.2.0_react@19.2.0/node_modules/react-dom/cjs/react-dom-client.development.js:16667:15)
      at performSyncWorkOnRoot (node_modules/.pnpm/react-dom@19.2.0_react@19.2.0/node_modules/react-dom/cjs/react-dom-client.development.js:18972:7)
      at flushSyncWorkAcrossRoots_impl (node_modules/.pnpm/react-dom@19.2.0_react@19.2.0/node_modules/react-dom/cjs/react-dom-client.development.js:18814:21)
      at flushSpawnedWork (node_modules/.pnpm/react-dom@19.2.0_react@19.2.0/node_modules/react-dom/cjs/react-dom-client.development.js:18334:9)
      at commitRoot (node_modules/.pnpm/react-dom@19.2.0_react@19.2.0/node_modules/react-dom/cjs/react-dom-client.development.js:17955:9)
      at performWorkOnRoot (node_modules/.pnpm/react-dom@19.2.0_react@19.2.0/node_modules/react-dom/cjs/react-dom-client.development.js:16667:15)
      at performWorkOnRootViaSchedulerTask (node_modules/.pnpm/react-dom@19.2.0_react@19.2.0/node_modules/react-dom/cjs/react-dom-client.development.js:18957:7)
      at flushActQueue (node_modules/.pnpm/react@19.2.0/node_modules/react/cjs/react.development.js:590:34)
      at process.env.NODE_ENV.exports.act (node_modules/.pnpm/react@19.2.0/node_modules/react/cjs/react.development.js:884:10)
      at node_modules/.pnpm/@testing-library+react@16.3_15d474de7481bb0af842c1b1705139a8/node_modules/@testing-library/react/dist/act-compat.js:47:25
      at renderRoot (node_modules/.pnpm/@testing-library+react@16.3_15d474de7481bb0af842c1b1705139a8/node_modules/@testing-library/react/dist/pure.js:190:26)
      at render (node_modules/.pnpm/@testing-library+react@16.3_15d474de7481bb0af842c1b1705139a8/node_modules/@testing-library/react/dist/pure.js:292:10)
      at Object.<anonymous> (src/__tests__/components/ExportChatModal.test.tsx:151:13)

    console.error
      `DialogContent` requires a `DialogTitle` for the component to be accessible for screen reader users.
      
      If you want to hide the `DialogTitle`, you can wrap it with our VisuallyHidden component.
      
      For more information, see https://radix-ui.com/primitives/docs/components/dialog

    [0m [90m 373 |[39m       [36mreturn[39m[33m;[39m
     [90m 374 |[39m     }
    [31m[1m>[22m[39m[90m 375 |[39m     originalError[33m.[39mcall(console[33m,[39m [33m...[39margs)[33m;[39m
     [90m     |[39m                   [31m[1m^[22m[39m
     [90m 376 |[39m   }[33m;[39m
     [90m 377 |[39m })[33m;[39m
     [90m 378 |[39m[0m

      at console.call [as error] (jest.setup.js:375:19)
      at node_modules/.pnpm/@radix-ui+react-dialog@1.1._664b8f23a65f4708bb5cf27e5ff43c08/node_modules/@radix-ui/react-dialog/src/dialog.tsx:520:30
      at Object.react_stack_bottom_frame (node_modules/.pnpm/react-dom@19.2.0_react@19.2.0/node_modules/react-dom/cjs/react-dom-client.development.js:25989:20)
      at runWithFiberInDEV (node_modules/.pnpm/react-dom@19.2.0_react@19.2.0/node_modules/react-dom/cjs/react-dom-client.development.js:874:13)
      at commitHookEffectListMount (node_modules/.pnpm/react-dom@19.2.0_react@19.2.0/node_modules/react-dom/cjs/react-dom-client.development.js:13249:29)
      at commitHookPassiveMountEffects (node_modules/.pnpm/react-dom@19.2.0_react@19.2.0/node_modules/react-dom/cjs/react-dom-client.development.js:13336:11)
      at commitPassiveMountOnFiber (node_modules/.pnpm/react-dom@19.2.0_react@19.2.0/node_modules/react-dom/cjs/react-dom-client.development.js:15484:13)
      at recursivelyTraversePassiveMountEffects (node_modules/.pnpm/react-dom@19.2.0_react@19.2.0/node_modules/react-dom/cjs/react-dom-client.development.js:15439:11)
      at commitPassiveMountOnFiber (node_modules/.pnpm/react-dom@19.2.0_react@19.2.0/node_modules/react-dom/cjs/react-dom-client.development.js:15718:11)
      at recursivelyTraversePassiveMountEffects (node_modules/.pnpm/react-dom@19.2.0_react@19.2.0/node_modules/react-dom/cjs/react-dom-client.development.js:15439:11)
      at commitPassiveMountOnFiber (node_modules/.pnpm/react-dom@19.2.0_react@19.2.0/node_modules/react-dom/cjs/react-dom-client.development.js:15476:11)
      at recursivelyTraversePassiveMountEffects (node_modules/.pnpm/react-dom@19.2.0_react@19.2.0/node_modules/react-dom/cjs/react-dom-client.development.js:15439:11)
      at commitPassiveMountOnFiber (node_modules/.pnpm/react-dom@19.2.0_react@19.2.0/node_modules/react-dom/cjs/react-dom-client.development.js:15476:11)
      at recursivelyTraversePassiveMountEffects (node_modules/.pnpm/react-dom@19.2.0_react@19.2.0/node_modules/react-dom/cjs/react-dom-client.development.js:15439:11)
      at commitPassiveMountOnFiber (node_modules/.pnpm/react-dom@19.2.0_react@19.2.0/node_modules/react-dom/cjs/react-dom-client.development.js:15476:11)
      at recursivelyTraversePassiveMountEffects (node_modules/.pnpm/react-dom@19.2.0_react@19.2.0/node_modules/react-dom/cjs/react-dom-client.development.js:15439:11)
      at commitPassiveMountOnFiber (node_modules/.pnpm/react-dom@19.2.0_react@19.2.0/node_modules/react-dom/cjs/react-dom-client.development.js:15476:11)
      at recursivelyTraversePassiveMountEffects (node_modules/.pnpm/react-dom@19.2.0_react@19.2.0/node_modules/react-dom/cjs/react-dom-client.development.js:15439:11)
      at commitPassiveMountOnFiber (node_modules/.pnpm/react-dom@19.2.0_react@19.2.0/node_modules/react-dom/cjs/react-dom-client.development.js:15476:11)
      at recursivelyTraversePassiveMountEffects (node_modules/.pnpm/react-dom@19.2.0_react@19.2.0/node_modules/react-dom/cjs/react-dom-client.development.js:15439:11)
      at commitPassiveMountOnFiber (node_modules/.pnpm/react-dom@19.2.0_react@19.2.0/node_modules/react-dom/cjs/react-dom-client.development.js:15476:11)
      at recursivelyTraversePassiveMountEffects (node_modules/.pnpm/react-dom@19.2.0_react@19.2.0/node_modules/react-dom/cjs/react-dom-client.development.js:15439:11)
      at commitPassiveMountOnFiber (node_modules/.pnpm/react-dom@19.2.0_react@19.2.0/node_modules/react-dom/cjs/react-dom-client.development.js:15476:11)
      at recursivelyTraversePassiveMountEffects (node_modules/.pnpm/react-dom@19.2.0_react@19.2.0/node_modules/react-dom/cjs/react-dom-client.development.js:15439:11)
      at commitPassiveMountOnFiber (node_modules/.pnpm/react-dom@19.2.0_react@19.2.0/node_modules/react-dom/cjs/react-dom-client.development.js:15718:11)
      at recursivelyTraversePassiveMountEffects (node_modules/.pnpm/react-dom@19.2.0_react@19.2.0/node_modules/react-dom/cjs/react-dom-client.development.js:15439:11)
      at commitPassiveMountOnFiber (node_modules/.pnpm/react-dom@19.2.0_react@19.2.0/node_modules/react-dom/cjs/react-dom-client.development.js:15476:11)
      at recursivelyTraversePassiveMountEffects (node_modules/.pnpm/react-dom@19.2.0_react@19.2.0/node_modules/react-dom/cjs/react-dom-client.development.js:15439:11)
      at commitPassiveMountOnFiber (node_modules/.pnpm/react-dom@19.2.0_react@19.2.0/node_modules/react-dom/cjs/react-dom-client.development.js:15476:11)
      at recursivelyTraversePassiveMountEffects (node_modules/.pnpm/react-dom@19.2.0_react@19.2.0/node_modules/react-dom/cjs/react-dom-client.development.js:15439:11)
      at commitPassiveMountOnFiber (node_modules/.pnpm/react-dom@19.2.0_react@19.2.0/node_modules/react-dom/cjs/react-dom-client.development.js:15718:11)
      at recursivelyTraversePassiveMountEffects (node_modules/.pnpm/react-dom@19.2.0_react@19.2.0/node_modules/react-dom/cjs/react-dom-client.development.js:15439:11)
      at commitPassiveMountOnFiber (node_modules/.pnpm/react-dom@19.2.0_react@19.2.0/node_modules/react-dom/cjs/react-dom-client.development.js:15476:11)
      at recursivelyTraversePassiveMountEffects (node_modules/.pnpm/react-dom@19.2.0_react@19.2.0/node_modules/react-dom/cjs/react-dom-client.development.js:15439:11)
      at commitPassiveMountOnFiber (node_modules/.pnpm/react-dom@19.2.0_react@19.2.0/node_modules/react-dom/cjs/react-dom-client.development.js:15476:11)
      at recursivelyTraversePassiveMountEffects (node_modules/.pnpm/react-dom@19.2.0_react@19.2.0/node_modules/react-dom/cjs/react-dom-client.development.js:15439:11)
      at commitPassiveMountOnFiber (node_modules/.pnpm/react-dom@19.2.0_react@19.2.0/node_modules/react-dom/cjs/react-dom-client.development.js:15476:11)
      at recursivelyTraversePassiveMountEffects (node_modules/.pnpm/react-dom@19.2.0_react@19.2.0/node_modules/react-dom/cjs/react-dom-client.development.js:15439:11)
      at commitPassiveMountOnFiber (node_modules/.pnpm/react-dom@19.2.0_react@19.2.0/node_modules/react-dom/cjs/react-dom-client.development.js:15718:11)
      at recursivelyTraversePassiveMountEffects (node_modules/.pnpm/react-dom@19.2.0_react@19.2.0/node_modules/react-dom/cjs/react-dom-client.development.js:15439:11)
      at commitPassiveMountOnFiber (node_modules/.pnpm/react-dom@19.2.0_react@19.2.0/node_modules/react-dom/cjs/react-dom-client.development.js:15476:11)
      at recursivelyTraversePassiveMountEffects (node_modules/.pnpm/react-dom@19.2.0_react@19.2.0/node_modules/react-dom/cjs/react-dom-client.development.js:15439:11)
      at commitPassiveMountOnFiber (node_modules/.pnpm/react-dom@19.2.0_react@19.2.0/node_modules/react-dom/cjs/react-dom-client.development.js:15476:11)
      at recursivelyTraversePassiveMountEffects (node_modules/.pnpm/react-dom@19.2.0_react@19.2.0/node_modules/react-dom/cjs/react-dom-client.development.js:15439:11)
      at commitPassiveMountOnFiber (node_modules/.pnpm/react-dom@19.2.0_react@19.2.0/node_modules/react-dom/cjs/react-dom-client.development.js:15476:11)
      at recursivelyTraversePassiveMountEffects (node_modules/.pnpm/react-dom@19.2.0_react@19.2.0/node_modules/react-dom/cjs/react-dom-client.development.js:15439:11)
      at commitPassiveMountOnFiber (node_modules/.pnpm/react-dom@19.2.0_react@19.2.0/node_modules/react-dom/cjs/react-dom-client.development.js:15476:11)
      at recursivelyTraversePassiveMountEffects (node_modules/.pnpm/react-dom@19.2.0_react@19.2.0/node_modules/react-dom/cjs/react-dom-client.development.js:15439:11)
      at commitPassiveMountOnFiber (node_modules/.pnpm/react-dom@19.2.0_react@19.2.0/node_modules/react-dom/cjs/react-dom-client.development.js:15519:11)
      at flushPassiveEffects (node_modules/.pnpm/react-dom@19.2.0_react@19.2.0/node_modules/react-dom/cjs/react-dom-client.development.js:18432:9)
      at flushPendingEffects (node_modules/.pnpm/react-dom@19.2.0_react@19.2.0/node_modules/react-dom/cjs/react-dom-client.development.js:18358:14)
      at flushSpawnedWork (node_modules/.pnpm/react-dom@19.2.0_react@19.2.0/node_modules/react-dom/cjs/react-dom-client.development.js:18323:44)
      at commitRoot (node_modules/.pnpm/react-dom@19.2.0_react@19.2.0/node_modules/react-dom/cjs/react-dom-client.development.js:17955:9)
      at performWorkOnRoot (node_modules/.pnpm/react-dom@19.2.0_react@19.2.0/node_modules/react-dom/cjs/react-dom-client.development.js:16667:15)
      at performSyncWorkOnRoot (node_modules/.pnpm/react-dom@19.2.0_react@19.2.0/node_modules/react-dom/cjs/react-dom-client.development.js:18972:7)
      at flushSyncWorkAcrossRoots_impl (node_modules/.pnpm/react-dom@19.2.0_react@19.2.0/node_modules/react-dom/cjs/react-dom-client.development.js:18814:21)
      at flushSpawnedWork (node_modules/.pnpm/react-dom@19.2.0_react@19.2.0/node_modules/react-dom/cjs/react-dom-client.development.js:18334:9)
      at commitRoot (node_modules/.pnpm/react-dom@19.2.0_react@19.2.0/node_modules/react-dom/cjs/react-dom-client.development.js:17955:9)
      at performWorkOnRoot (node_modules/.pnpm/react-dom@19.2.0_react@19.2.0/node_modules/react-dom/cjs/react-dom-client.development.js:16667:15)
      at performWorkOnRootViaSchedulerTask (node_modules/.pnpm/react-dom@19.2.0_react@19.2.0/node_modules/react-dom/cjs/react-dom-client.development.js:18957:7)
      at flushActQueue (node_modules/.pnpm/react@19.2.0/node_modules/react/cjs/react.development.js:590:34)
      at process.env.NODE_ENV.exports.act (node_modules/.pnpm/react@19.2.0/node_modules/react/cjs/react.development.js:884:10)
      at node_modules/.pnpm/@testing-library+react@16.3_15d474de7481bb0af842c1b1705139a8/node_modules/@testing-library/react/dist/act-compat.js:47:25
      at renderRoot (node_modules/.pnpm/@testing-library+react@16.3_15d474de7481bb0af842c1b1705139a8/node_modules/@testing-library/react/dist/pure.js:190:26)
      at render (node_modules/.pnpm/@testing-library+react@16.3_15d474de7481bb0af842c1b1705139a8/node_modules/@testing-library/react/dist/pure.js:292:10)
      at Object.<anonymous> (src/__tests__/components/ExportChatModal.test.tsx:160:13)

    console.warn
      Warning: Missing `Description` or `aria-describedby={undefined}` for {DialogContent}.

    [0m [90m 158 |[39m
     [90m 159 |[39m     it([32m'allows entering date to'[39m[33m,[39m () [33m=>[39m {
    [31m[1m>[22m[39m[90m 160 |[39m       render([33m<[39m[33mExportChatModal[39m {[33m...[39mdefaultProps} [33m/[39m[33m>[39m)[33m;[39m
     [90m     |[39m             [31m[1m^[22m[39m
     [90m 161 |[39m
     [90m 162 |[39m       [36mconst[39m dateToInput [33m=[39m screen[33m.[39mgetByLabelText([32m'A'[39m)[33m;[39m
     [90m 163 |[39m       fireEvent[33m.[39mchange(dateToInput[33m,[39m { target[33m:[39m { value[33m:[39m [32m'2025-01-31'[39m } })[33m;[39m[0m

      at node_modules/.pnpm/@radix-ui+react-dialog@1.1._664b8f23a65f4708bb5cf27e5ff43c08/node_modules/@radix-ui/react-dialog/src/dialog.tsx:543:36
      at Object.react_stack_bottom_frame (node_modules/.pnpm/react-dom@19.2.0_react@19.2.0/node_modules/react-dom/cjs/react-dom-client.development.js:25989:20)
      at runWithFiberInDEV (node_modules/.pnpm/react-dom@19.2.0_react@19.2.0/node_modules/react-dom/cjs/react-dom-client.development.js:874:13)
      at commitHookEffectListMount (node_modules/.pnpm/react-dom@19.2.0_react@19.2.0/node_modules/react-dom/cjs/react-dom-client.development.js:13249:29)
      at commitHookPassiveMountEffects (node_modules/.pnpm/react-dom@19.2.0_react@19.2.0/node_modules/react-dom/cjs/react-dom-client.development.js:13336:11)
      at commitPassiveMountOnFiber (node_modules/.pnpm/react-dom@19.2.0_react@19.2.0/node_modules/react-dom/cjs/react-dom-client.development.js:15484:13)
      at recursivelyTraversePassiveMountEffects (node_modules/.pnpm/react-dom@19.2.0_react@19.2.0/node_modules/react-dom/cjs/react-dom-client.development.js:15439:11)
      at commitPassiveMountOnFiber (node_modules/.pnpm/react-dom@19.2.0_react@19.2.0/node_modules/react-dom/cjs/react-dom-client.development.js:15718:11)
      at recursivelyTraversePassiveMountEffects (node_modules/.pnpm/react-dom@19.2.0_react@19.2.0/node_modules/react-dom/cjs/react-dom-client.development.js:15439:11)
      at commitPassiveMountOnFiber (node_modules/.pnpm/react-dom@19.2.0_react@19.2.0/node_modules/react-dom/cjs/react-dom-client.development.js:15476:11)
      at recursivelyTraversePassiveMountEffects (node_modules/.pnpm/react-dom@19.2.0_react@19.2.0/node_modules/react-dom/cjs/react-dom-client.development.js:15439:11)
      at commitPassiveMountOnFiber (node_modules/.pnpm/react-dom@19.2.0_react@19.2.0/node_modules/react-dom/cjs/react-dom-client.development.js:15476:11)
      at recursivelyTraversePassiveMountEffects (node_modules/.pnpm/react-dom@19.2.0_react@19.2.0/node_modules/react-dom/cjs/react-dom-client.development.js:15439:11)
      at commitPassiveMountOnFiber (node_modules/.pnpm/react-dom@19.2.0_react@19.2.0/node_modules/react-dom/cjs/react-dom-client.development.js:15476:11)
      at recursivelyTraversePassiveMountEffects (node_modules/.pnpm/react-dom@19.2.0_react@19.2.0/node_modules/react-dom/cjs/react-dom-client.development.js:15439:11)
      at commitPassiveMountOnFiber (node_modules/.pnpm/react-dom@19.2.0_react@19.2.0/node_modules/react-dom/cjs/react-dom-client.development.js:15476:11)
      at recursivelyTraversePassiveMountEffects (node_modules/.pnpm/react-dom@19.2.0_react@19.2.0/node_modules/react-dom/cjs/react-dom-client.development.js:15439:11)
      at commitPassiveMountOnFiber (node_modules/.pnpm/react-dom@19.2.0_react@19.2.0/node_modules/react-dom/cjs/react-dom-client.development.js:15476:11)
      at recursivelyTraversePassiveMountEffects (node_modules/.pnpm/react-dom@19.2.0_react@19.2.0/node_modules/react-dom/cjs/react-dom-client.development.js:15439:11)
      at commitPassiveMountOnFiber (node_modules/.pnpm/react-dom@19.2.0_react@19.2.0/node_modules/react-dom/cjs/react-dom-client.development.js:15476:11)
      at recursivelyTraversePassiveMountEffects (node_modules/.pnpm/react-dom@19.2.0_react@19.2.0/node_modules/react-dom/cjs/react-dom-client.development.js:15439:11)
      at commitPassiveMountOnFiber (node_modules/.pnpm/react-dom@19.2.0_react@19.2.0/node_modules/react-dom/cjs/react-dom-client.development.js:15476:11)
      at recursivelyTraversePassiveMountEffects (node_modules/.pnpm/react-dom@19.2.0_react@19.2.0/node_modules/react-dom/cjs/react-dom-client.development.js:15439:11)
      at commitPassiveMountOnFiber (node_modules/.pnpm/react-dom@19.2.0_react@19.2.0/node_modules/react-dom/cjs/react-dom-client.development.js:15718:11)
      at recursivelyTraversePassiveMountEffects (node_modules/.pnpm/react-dom@19.2.0_react@19.2.0/node_modules/react-dom/cjs/react-dom-client.development.js:15439:11)
      at commitPassiveMountOnFiber (node_modules/.pnpm/react-dom@19.2.0_react@19.2.0/node_modules/react-dom/cjs/react-dom-client.development.js:15476:11)
      at recursivelyTraversePassiveMountEffects (node_modules/.pnpm/react-dom@19.2.0_react@19.2.0/node_modules/react-dom/cjs/react-dom-client.development.js:15439:11)
      at commitPassiveMountOnFiber (node_modules/.pnpm/react-dom@19.2.0_react@19.2.0/node_modules/react-dom/cjs/react-dom-client.development.js:15476:11)
      at recursivelyTraversePassiveMountEffects (node_modules/.pnpm/react-dom@19.2.0_react@19.2.0/node_modules/react-dom/cjs/react-dom-client.development.js:15439:11)
      at commitPassiveMountOnFiber (node_modules/.pnpm/react-dom@19.2.0_react@19.2.0/node_modules/react-dom/cjs/react-dom-client.development.js:15718:11)
      at recursivelyTraversePassiveMountEffects (node_modules/.pnpm/react-dom@19.2.0_react@19.2.0/node_modules/react-dom/cjs/react-dom-client.development.js:15439:11)
      at commitPassiveMountOnFiber (node_modules/.pnpm/react-dom@19.2.0_react@19.2.0/node_modules/react-dom/cjs/react-dom-client.development.js:15476:11)
      at recursivelyTraversePassiveMountEffects (node_modules/.pnpm/react-dom@19.2.0_react@19.2.0/node_modules/react-dom/cjs/react-dom-client.development.js:15439:11)
      at commitPassiveMountOnFiber (node_modules/.pnpm/react-dom@19.2.0_react@19.2.0/node_modules/react-dom/cjs/react-dom-client.development.js:15476:11)
      at recursivelyTraversePassiveMountEffects (node_modules/.pnpm/react-dom@19.2.0_react@19.2.0/node_modules/react-dom/cjs/react-dom-client.development.js:15439:11)
      at commitPassiveMountOnFiber (node_modules/.pnpm/react-dom@19.2.0_react@19.2.0/node_modules/react-dom/cjs/react-dom-client.development.js:15476:11)
      at recursivelyTraversePassiveMountEffects (node_modules/.pnpm/react-dom@19.2.0_react@19.2.0/node_modules/react-dom/cjs/react-dom-client.development.js:15439:11)
      at commitPassiveMountOnFiber (node_modules/.pnpm/react-dom@19.2.0_react@19.2.0/node_modules/react-dom/cjs/react-dom-client.development.js:15718:11)
      at recursivelyTraversePassiveMountEffects (node_modules/.pnpm/react-dom@19.2.0_react@19.2.0/node_modules/react-dom/cjs/react-dom-client.development.js:15439:11)
      at commitPassiveMountOnFiber (node_modules/.pnpm/react-dom@19.2.0_react@19.2.0/node_modules/react-dom/cjs/react-dom-client.development.js:15476:11)
      at recursivelyTraversePassiveMountEffects (node_modules/.pnpm/react-dom@19.2.0_react@19.2.0/node_modules/react-dom/cjs/react-dom-client.development.js:15439:11)
      at commitPassiveMountOnFiber (node_modules/.pnpm/react-dom@19.2.0_react@19.2.0/node_modules/react-dom/cjs/react-dom-client.development.js:15476:11)
      at recursivelyTraversePassiveMountEffects (node_modules/.pnpm/react-dom@19.2.0_react@19.2.0/node_modules/react-dom/cjs/react-dom-client.development.js:15439:11)
      at commitPassiveMountOnFiber (node_modules/.pnpm/react-dom@19.2.0_react@19.2.0/node_modules/react-dom/cjs/react-dom-client.development.js:15476:11)
      at recursivelyTraversePassiveMountEffects (node_modules/.pnpm/react-dom@19.2.0_react@19.2.0/node_modules/react-dom/cjs/react-dom-client.development.js:15439:11)
      at commitPassiveMountOnFiber (node_modules/.pnpm/react-dom@19.2.0_react@19.2.0/node_modules/react-dom/cjs/react-dom-client.development.js:15476:11)
      at recursivelyTraversePassiveMountEffects (node_modules/.pnpm/react-dom@19.2.0_react@19.2.0/node_modules/react-dom/cjs/react-dom-client.development.js:15439:11)
      at commitPassiveMountOnFiber (node_modules/.pnpm/react-dom@19.2.0_react@19.2.0/node_modules/react-dom/cjs/react-dom-client.development.js:15519:11)
      at flushPassiveEffects (node_modules/.pnpm/react-dom@19.2.0_react@19.2.0/node_modules/react-dom/cjs/react-dom-client.development.js:18432:9)
      at flushPendingEffects (node_modules/.pnpm/react-dom@19.2.0_react@19.2.0/node_modules/react-dom/cjs/react-dom-client.development.js:18358:14)
      at flushSpawnedWork (node_modules/.pnpm/react-dom@19.2.0_react@19.2.0/node_modules/react-dom/cjs/react-dom-client.development.js:18323:44)
      at commitRoot (node_modules/.pnpm/react-dom@19.2.0_react@19.2.0/node_modules/react-dom/cjs/react-dom-client.development.js:17955:9)
      at performWorkOnRoot (node_modules/.pnpm/react-dom@19.2.0_react@19.2.0/node_modules/react-dom/cjs/react-dom-client.development.js:16667:15)
      at performSyncWorkOnRoot (node_modules/.pnpm/react-dom@19.2.0_react@19.2.0/node_modules/react-dom/cjs/react-dom-client.development.js:18972:7)
      at flushSyncWorkAcrossRoots_impl (node_modules/.pnpm/react-dom@19.2.0_react@19.2.0/node_modules/react-dom/cjs/react-dom-client.development.js:18814:21)
      at flushSpawnedWork (node_modules/.pnpm/react-dom@19.2.0_react@19.2.0/node_modules/react-dom/cjs/react-dom-client.development.js:18334:9)
      at commitRoot (node_modules/.pnpm/react-dom@19.2.0_react@19.2.0/node_modules/react-dom/cjs/react-dom-client.development.js:17955:9)
      at performWorkOnRoot (node_modules/.pnpm/react-dom@19.2.0_react@19.2.0/node_modules/react-dom/cjs/react-dom-client.development.js:16667:15)
      at performWorkOnRootViaSchedulerTask (node_modules/.pnpm/react-dom@19.2.0_react@19.2.0/node_modules/react-dom/cjs/react-dom-client.development.js:18957:7)
      at flushActQueue (node_modules/.pnpm/react@19.2.0/node_modules/react/cjs/react.development.js:590:34)
      at process.env.NODE_ENV.exports.act (node_modules/.pnpm/react@19.2.0/node_modules/react/cjs/react.development.js:884:10)
      at node_modules/.pnpm/@testing-library+react@16.3_15d474de7481bb0af842c1b1705139a8/node_modules/@testing-library/react/dist/act-compat.js:47:25
      at renderRoot (node_modules/.pnpm/@testing-library+react@16.3_15d474de7481bb0af842c1b1705139a8/node_modules/@testing-library/react/dist/pure.js:190:26)
      at render (node_modules/.pnpm/@testing-library+react@16.3_15d474de7481bb0af842c1b1705139a8/node_modules/@testing-library/react/dist/pure.js:292:10)
      at Object.<anonymous> (src/__tests__/components/ExportChatModal.test.tsx:160:13)

    console.error
      `DialogContent` requires a `DialogTitle` for the component to be accessible for screen reader users.
      
      If you want to hide the `DialogTitle`, you can wrap it with our VisuallyHidden component.
      
      For more information, see https://radix-ui.com/primitives/docs/components/dialog

    [0m [90m 373 |[39m       [36mreturn[39m[33m;[39m
     [90m 374 |[39m     }
    [31m[1m>[22m[39m[90m 375 |[39m     originalError[33m.[39mcall(console[33m,[39m [33m...[39margs)[33m;[39m
     [90m     |[39m                   [31m[1m^[22m[39m
     [90m 376 |[39m   }[33m;[39m
     [90m 377 |[39m })[33m;[39m
     [90m 378 |[39m[0m

      at console.call [as error] (jest.setup.js:375:19)
      at node_modules/.pnpm/@radix-ui+react-dialog@1.1._664b8f23a65f4708bb5cf27e5ff43c08/node_modules/@radix-ui/react-dialog/src/dialog.tsx:520:30
      at Object.react_stack_bottom_frame (node_modules/.pnpm/react-dom@19.2.0_react@19.2.0/node_modules/react-dom/cjs/react-dom-client.development.js:25989:20)
      at runWithFiberInDEV (node_modules/.pnpm/react-dom@19.2.0_react@19.2.0/node_modules/react-dom/cjs/react-dom-client.development.js:874:13)
      at commitHookEffectListMount (node_modules/.pnpm/react-dom@19.2.0_react@19.2.0/node_modules/react-dom/cjs/react-dom-client.development.js:13249:29)
      at commitHookPassiveMountEffects (node_modules/.pnpm/react-dom@19.2.0_react@19.2.0/node_modules/react-dom/cjs/react-dom-client.development.js:13336:11)
      at commitPassiveMountOnFiber (node_modules/.pnpm/react-dom@19.2.0_react@19.2.0/node_modules/react-dom/cjs/react-dom-client.development.js:15484:13)
      at recursivelyTraversePassiveMountEffects (node_modules/.pnpm/react-dom@19.2.0_react@19.2.0/node_modules/react-dom/cjs/react-dom-client.development.js:15439:11)
      at commitPassiveMountOnFiber (node_modules/.pnpm/react-dom@19.2.0_react@19.2.0/node_modules/react-dom/cjs/react-dom-client.development.js:15718:11)
      at recursivelyTraversePassiveMountEffects (node_modules/.pnpm/react-dom@19.2.0_react@19.2.0/node_modules/react-dom/cjs/react-dom-client.development.js:15439:11)
      at commitPassiveMountOnFiber (node_modules/.pnpm/react-dom@19.2.0_react@19.2.0/node_modules/react-dom/cjs/react-dom-client.development.js:15476:11)
      at recursivelyTraversePassiveMountEffects (node_modules/.pnpm/react-dom@19.2.0_react@19.2.0/node_modules/react-dom/cjs/react-dom-client.development.js:15439:11)
      at commitPassiveMountOnFiber (node_modules/.pnpm/react-dom@19.2.0_react@19.2.0/node_modules/react-dom/cjs/react-dom-client.development.js:15476:11)
      at recursivelyTraversePassiveMountEffects (node_modules/.pnpm/react-dom@19.2.0_react@19.2.0/node_modules/react-dom/cjs/react-dom-client.development.js:15439:11)
      at commitPassiveMountOnFiber (node_modules/.pnpm/react-dom@19.2.0_react@19.2.0/node_modules/react-dom/cjs/react-dom-client.development.js:15476:11)
      at recursivelyTraversePassiveMountEffects (node_modules/.pnpm/react-dom@19.2.0_react@19.2.0/node_modules/react-dom/cjs/react-dom-client.development.js:15439:11)
      at commitPassiveMountOnFiber (node_modules/.pnpm/react-dom@19.2.0_react@19.2.0/node_modules/react-dom/cjs/react-dom-client.development.js:15476:11)
      at recursivelyTraversePassiveMountEffects (node_modules/.pnpm/react-dom@19.2.0_react@19.2.0/node_modules/react-dom/cjs/react-dom-client.development.js:15439:11)
      at commitPassiveMountOnFiber (node_modules/.pnpm/react-dom@19.2.0_react@19.2.0/node_modules/react-dom/cjs/react-dom-client.development.js:15476:11)
      at recursivelyTraversePassiveMountEffects (node_modules/.pnpm/react-dom@19.2.0_react@19.2.0/node_modules/react-dom/cjs/react-dom-client.development.js:15439:11)
      at commitPassiveMountOnFiber (node_modules/.pnpm/react-dom@19.2.0_react@19.2.0/node_modules/react-dom/cjs/react-dom-client.development.js:15476:11)
      at recursivelyTraversePassiveMountEffects (node_modules/.pnpm/react-dom@19.2.0_react@19.2.0/node_modules/react-dom/cjs/react-dom-client.development.js:15439:11)
      at commitPassiveMountOnFiber (node_modules/.pnpm/react-dom@19.2.0_react@19.2.0/node_modules/react-dom/cjs/react-dom-client.development.js:15476:11)
      at recursivelyTraversePassiveMountEffects (node_modules/.pnpm/react-dom@19.2.0_react@19.2.0/node_modules/react-dom/cjs/react-dom-client.development.js:15439:11)
      at commitPassiveMountOnFiber (node_modules/.pnpm/react-dom@19.2.0_react@19.2.0/node_modules/react-dom/cjs/react-dom-client.development.js:15718:11)
      at recursivelyTraversePassiveMountEffects (node_modules/.pnpm/react-dom@19.2.0_react@19.2.0/node_modules/react-dom/cjs/react-dom-client.development.js:15439:11)
      at commitPassiveMountOnFiber (node_modules/.pnpm/react-dom@19.2.0_react@19.2.0/node_modules/react-dom/cjs/react-dom-client.development.js:15476:11)
      at recursivelyTraversePassiveMountEffects (node_modules/.pnpm/react-dom@19.2.0_react@19.2.0/node_modules/react-dom/cjs/react-dom-client.development.js:15439:11)
      at commitPassiveMountOnFiber (node_modules/.pnpm/react-dom@19.2.0_react@19.2.0/node_modules/react-dom/cjs/react-dom-client.development.js:15476:11)
      at recursivelyTraversePassiveMountEffects (node_modules/.pnpm/react-dom@19.2.0_react@19.2.0/node_modules/react-dom/cjs/react-dom-client.development.js:15439:11)
      at commitPassiveMountOnFiber (node_modules/.pnpm/react-dom@19.2.0_react@19.2.0/node_modules/react-dom/cjs/react-dom-client.development.js:15718:11)
      at recursivelyTraversePassiveMountEffects (node_modules/.pnpm/react-dom@19.2.0_react@19.2.0/node_modules/react-dom/cjs/react-dom-client.development.js:15439:11)
      at commitPassiveMountOnFiber (node_modules/.pnpm/react-dom@19.2.0_react@19.2.0/node_modules/react-dom/cjs/react-dom-client.development.js:15476:11)
      at recursivelyTraversePassiveMountEffects (node_modules/.pnpm/react-dom@19.2.0_react@19.2.0/node_modules/react-dom/cjs/react-dom-client.development.js:15439:11)
      at commitPassiveMountOnFiber (node_modules/.pnpm/react-dom@19.2.0_react@19.2.0/node_modules/react-dom/cjs/react-dom-client.development.js:15476:11)
      at recursivelyTraversePassiveMountEffects (node_modules/.pnpm/react-dom@19.2.0_react@19.2.0/node_modules/react-dom/cjs/react-dom-client.development.js:15439:11)
      at commitPassiveMountOnFiber (node_modules/.pnpm/react-dom@19.2.0_react@19.2.0/node_modules/react-dom/cjs/react-dom-client.development.js:15476:11)
      at recursivelyTraversePassiveMountEffects (node_modules/.pnpm/react-dom@19.2.0_react@19.2.0/node_modules/react-dom/cjs/react-dom-client.development.js:15439:11)
      at commitPassiveMountOnFiber (node_modules/.pnpm/react-dom@19.2.0_react@19.2.0/node_modules/react-dom/cjs/react-dom-client.development.js:15718:11)
      at recursivelyTraversePassiveMountEffects (node_modules/.pnpm/react-dom@19.2.0_react@19.2.0/node_modules/react-dom/cjs/react-dom-client.development.js:15439:11)
      at commitPassiveMountOnFiber (node_modules/.pnpm/react-dom@19.2.0_react@19.2.0/node_modules/react-dom/cjs/react-dom-client.development.js:15476:11)
      at recursivelyTraversePassiveMountEffects (node_modules/.pnpm/react-dom@19.2.0_react@19.2.0/node_modules/react-dom/cjs/react-dom-client.development.js:15439:11)
      at commitPassiveMountOnFiber (node_modules/.pnpm/react-dom@19.2.0_react@19.2.0/node_modules/react-dom/cjs/react-dom-client.development.js:15476:11)
      at recursivelyTraversePassiveMountEffects (node_modules/.pnpm/react-dom@19.2.0_react@19.2.0/node_modules/react-dom/cjs/react-dom-client.development.js:15439:11)
      at commitPassiveMountOnFiber (node_modules/.pnpm/react-dom@19.2.0_react@19.2.0/node_modules/react-dom/cjs/react-dom-client.development.js:15476:11)
      at recursivelyTraversePassiveMountEffects (node_modules/.pnpm/react-dom@19.2.0_react@19.2.0/node_modules/react-dom/cjs/react-dom-client.development.js:15439:11)
      at commitPassiveMountOnFiber (node_modules/.pnpm/react-dom@19.2.0_react@19.2.0/node_modules/react-dom/cjs/react-dom-client.development.js:15476:11)
      at recursivelyTraversePassiveMountEffects (node_modules/.pnpm/react-dom@19.2.0_react@19.2.0/node_modules/react-dom/cjs/react-dom-client.development.js:15439:11)
      at commitPassiveMountOnFiber (node_modules/.pnpm/react-dom@19.2.0_react@19.2.0/node_modules/react-dom/cjs/react-dom-client.development.js:15519:11)
      at flushPassiveEffects (node_modules/.pnpm/react-dom@19.2.0_react@19.2.0/node_modules/react-dom/cjs/react-dom-client.development.js:18432:9)
      at flushPendingEffects (node_modules/.pnpm/react-dom@19.2.0_react@19.2.0/node_modules/react-dom/cjs/react-dom-client.development.js:18358:14)
      at flushSpawnedWork (node_modules/.pnpm/react-dom@19.2.0_react@19.2.0/node_modules/react-dom/cjs/react-dom-client.development.js:18323:44)
      at commitRoot (node_modules/.pnpm/react-dom@19.2.0_react@19.2.0/node_modules/react-dom/cjs/react-dom-client.development.js:17955:9)
      at performWorkOnRoot (node_modules/.pnpm/react-dom@19.2.0_react@19.2.0/node_modules/react-dom/cjs/react-dom-client.development.js:16667:15)
      at performSyncWorkOnRoot (node_modules/.pnpm/react-dom@19.2.0_react@19.2.0/node_modules/react-dom/cjs/react-dom-client.development.js:18972:7)
      at flushSyncWorkAcrossRoots_impl (node_modules/.pnpm/react-dom@19.2.0_react@19.2.0/node_modules/react-dom/cjs/react-dom-client.development.js:18814:21)
      at flushSpawnedWork (node_modules/.pnpm/react-dom@19.2.0_react@19.2.0/node_modules/react-dom/cjs/react-dom-client.development.js:18334:9)
      at commitRoot (node_modules/.pnpm/react-dom@19.2.0_react@19.2.0/node_modules/react-dom/cjs/react-dom-client.development.js:17955:9)
      at performWorkOnRoot (node_modules/.pnpm/react-dom@19.2.0_react@19.2.0/node_modules/react-dom/cjs/react-dom-client.development.js:16667:15)
      at performWorkOnRootViaSchedulerTask (node_modules/.pnpm/react-dom@19.2.0_react@19.2.0/node_modules/react-dom/cjs/react-dom-client.development.js:18957:7)
      at flushActQueue (node_modules/.pnpm/react@19.2.0/node_modules/react/cjs/react.development.js:590:34)
      at process.env.NODE_ENV.exports.act (node_modules/.pnpm/react@19.2.0/node_modules/react/cjs/react.development.js:884:10)
      at node_modules/.pnpm/@testing-library+react@16.3_15d474de7481bb0af842c1b1705139a8/node_modules/@testing-library/react/dist/act-compat.js:47:25
      at renderRoot (node_modules/.pnpm/@testing-library+react@16.3_15d474de7481bb0af842c1b1705139a8/node_modules/@testing-library/react/dist/pure.js:190:26)
      at render (node_modules/.pnpm/@testing-library+react@16.3_15d474de7481bb0af842c1b1705139a8/node_modules/@testing-library/react/dist/pure.js:292:10)
      at Object.<anonymous> (src/__tests__/components/ExportChatModal.test.tsx:169:13)

    console.warn
      Warning: Missing `Description` or `aria-describedby={undefined}` for {DialogContent}.

    [0m [90m 167 |[39m
     [90m 168 |[39m     it([32m'displays helper text for date filter'[39m[33m,[39m () [33m=>[39m {
    [31m[1m>[22m[39m[90m 169 |[39m       render([33m<[39m[33mExportChatModal[39m {[33m...[39mdefaultProps} [33m/[39m[33m>[39m)[33m;[39m
     [90m     |[39m             [31m[1m^[22m[39m
     [90m 170 |[39m
     [90m 171 |[39m       expect(screen[33m.[39mgetByText([32m'Lascia vuoto per esportare tutti i messaggi'[39m))[33m.[39mtoBeInTheDocument()[33m;[39m
     [90m 172 |[39m     })[33m;[39m[0m

      at node_modules/.pnpm/@radix-ui+react-dialog@1.1._664b8f23a65f4708bb5cf27e5ff43c08/node_modules/@radix-ui/react-dialog/src/dialog.tsx:543:36
      at Object.react_stack_bottom_frame (node_modules/.pnpm/react-dom@19.2.0_react@19.2.0/node_modules/react-dom/cjs/react-dom-client.development.js:25989:20)
      at runWithFiberInDEV (node_modules/.pnpm/react-dom@19.2.0_react@19.2.0/node_modules/react-dom/cjs/react-dom-client.development.js:874:13)
      at commitHookEffectListMount (node_modules/.pnpm/react-dom@19.2.0_react@19.2.0/node_modules/react-dom/cjs/react-dom-client.development.js:13249:29)
      at commitHookPassiveMountEffects (node_modules/.pnpm/react-dom@19.2.0_react@19.2.0/node_modules/react-dom/cjs/react-dom-client.development.js:13336:11)
      at commitPassiveMountOnFiber (node_modules/.pnpm/react-dom@19.2.0_react@19.2.0/node_modules/react-dom/cjs/react-dom-client.development.js:15484:13)
      at recursivelyTraversePassiveMountEffects (node_modules/.pnpm/react-dom@19.2.0_react@19.2.0/node_modules/react-dom/cjs/react-dom-client.development.js:15439:11)
      at commitPassiveMountOnFiber (node_modules/.pnpm/react-dom@19.2.0_react@19.2.0/node_modules/react-dom/cjs/react-dom-client.development.js:15718:11)
      at recursivelyTraversePassiveMountEffects (node_modules/.pnpm/react-dom@19.2.0_react@19.2.0/node_modules/react-dom/cjs/react-dom-client.development.js:15439:11)
      at commitPassiveMountOnFiber (node_modules/.pnpm/react-dom@19.2.0_react@19.2.0/node_modules/react-dom/cjs/react-dom-client.development.js:15476:11)
      at recursivelyTraversePassiveMountEffects (node_modules/.pnpm/react-dom@19.2.0_react@19.2.0/node_modules/react-dom/cjs/react-dom-client.development.js:15439:11)
      at commitPassiveMountOnFiber (node_modules/.pnpm/react-dom@19.2.0_react@19.2.0/node_modules/react-dom/cjs/react-dom-client.development.js:15476:11)
      at recursivelyTraversePassiveMountEffects (node_modules/.pnpm/react-dom@19.2.0_react@19.2.0/node_modules/react-dom/cjs/react-dom-client.development.js:15439:11)
      at commitPassiveMountOnFiber (node_modules/.pnpm/react-dom@19.2.0_react@19.2.0/node_modules/react-dom/cjs/react-dom-client.development.js:15476:11)
      at recursivelyTraversePassiveMountEffects (node_modules/.pnpm/react-dom@19.2.0_react@19.2.0/node_modules/react-dom/cjs/react-dom-client.development.js:15439:11)
      at commitPassiveMountOnFiber (node_modules/.pnpm/react-dom@19.2.0_react@19.2.0/node_modules/react-dom/cjs/react-dom-client.development.js:15476:11)
      at recursivelyTraversePassiveMountEffects (node_modules/.pnpm/react-dom@19.2.0_react@19.2.0/node_modules/react-dom/cjs/react-dom-client.development.js:15439:11)
      at commitPassiveMountOnFiber (node_modules/.pnpm/react-dom@19.2.0_react@19.2.0/node_modules/react-dom/cjs/react-dom-client.development.js:15476:11)
      at recursivelyTraversePassiveMountEffects (node_modules/.pnpm/react-dom@19.2.0_react@19.2.0/node_modules/react-dom/cjs/react-dom-client.development.js:15439:11)
      at commitPassiveMountOnFiber (node_modules/.pnpm/react-dom@19.2.0_react@19.2.0/node_modules/react-dom/cjs/react-dom-client.development.js:15476:11)
      at recursivelyTraversePassiveMountEffects (node_modules/.pnpm/react-dom@19.2.0_react@19.2.0/node_modules/react-dom/cjs/react-dom-client.development.js:15439:11)
      at commitPassiveMountOnFiber (node_modules/.pnpm/react-dom@19.2.0_react@19.2.0/node_modules/react-dom/cjs/react-dom-client.development.js:15476:11)
      at recursivelyTraversePassiveMountEffects (node_modules/.pnpm/react-dom@19.2.0_react@19.2.0/node_modules/react-dom/cjs/react-dom-client.development.js:15439:11)
      at commitPassiveMountOnFiber (node_modules/.pnpm/react-dom@19.2.0_react@19.2.0/node_modules/react-dom/cjs/react-dom-client.development.js:15718:11)
      at recursivelyTraversePassiveMountEffects (node_modules/.pnpm/react-dom@19.2.0_react@19.2.0/node_modules/react-dom/cjs/react-dom-client.development.js:15439:11)
      at commitPassiveMountOnFiber (node_modules/.pnpm/react-dom@19.2.0_react@19.2.0/node_modules/react-dom/cjs/react-dom-client.development.js:15476:11)
      at recursivelyTraversePassiveMountEffects (node_modules/.pnpm/react-dom@19.2.0_react@19.2.0/node_modules/react-dom/cjs/react-dom-client.development.js:15439:11)
      at commitPassiveMountOnFiber (node_modules/.pnpm/react-dom@19.2.0_react@19.2.0/node_modules/react-dom/cjs/react-dom-client.development.js:15476:11)
      at recursivelyTraversePassiveMountEffects (node_modules/.pnpm/react-dom@19.2.0_react@19.2.0/node_modules/react-dom/cjs/react-dom-client.development.js:15439:11)
      at commitPassiveMountOnFiber (node_modules/.pnpm/react-dom@19.2.0_react@19.2.0/node_modules/react-dom/cjs/react-dom-client.development.js:15718:11)
      at recursivelyTraversePassiveMountEffects (node_modules/.pnpm/react-dom@19.2.0_react@19.2.0/node_modules/react-dom/cjs/react-dom-client.development.js:15439:11)
      at commitPassiveMountOnFiber (node_modules/.pnpm/react-dom@19.2.0_react@19.2.0/node_modules/react-dom/cjs/react-dom-client.development.js:15476:11)
      at recursivelyTraversePassiveMountEffects (node_modules/.pnpm/react-dom@19.2.0_react@19.2.0/node_modules/react-dom/cjs/react-dom-client.development.js:15439:11)
      at commitPassiveMountOnFiber (node_modules/.pnpm/react-dom@19.2.0_react@19.2.0/node_modules/react-dom/cjs/react-dom-client.development.js:15476:11)
      at recursivelyTraversePassiveMountEffects (node_modules/.pnpm/react-dom@19.2.0_react@19.2.0/node_modules/react-dom/cjs/react-dom-client.development.js:15439:11)
      at commitPassiveMountOnFiber (node_modules/.pnpm/react-dom@19.2.0_react@19.2.0/node_modules/react-dom/cjs/react-dom-client.development.js:15476:11)
      at recursivelyTraversePassiveMountEffects (node_modules/.pnpm/react-dom@19.2.0_react@19.2.0/node_modules/react-dom/cjs/react-dom-client.development.js:15439:11)
      at commitPassiveMountOnFiber (node_modules/.pnpm/react-dom@19.2.0_react@19.2.0/node_modules/react-dom/cjs/react-dom-client.development.js:15718:11)
      at recursivelyTraversePassiveMountEffects (node_modules/.pnpm/react-dom@19.2.0_react@19.2.0/node_modules/react-dom/cjs/react-dom-client.development.js:15439:11)
      at commitPassiveMountOnFiber (node_modules/.pnpm/react-dom@19.2.0_react@19.2.0/node_modules/react-dom/cjs/react-dom-client.development.js:15476:11)
      at recursivelyTraversePassiveMountEffects (node_modules/.pnpm/react-dom@19.2.0_react@19.2.0/node_modules/react-dom/cjs/react-dom-client.development.js:15439:11)
      at commitPassiveMountOnFiber (node_modules/.pnpm/react-dom@19.2.0_react@19.2.0/node_modules/react-dom/cjs/react-dom-client.development.js:15476:11)
      at recursivelyTraversePassiveMountEffects (node_modules/.pnpm/react-dom@19.2.0_react@19.2.0/node_modules/react-dom/cjs/react-dom-client.development.js:15439:11)
      at commitPassiveMountOnFiber (node_modules/.pnpm/react-dom@19.2.0_react@19.2.0/node_modules/react-dom/cjs/react-dom-client.development.js:15476:11)
      at recursivelyTraversePassiveMountEffects (node_modules/.pnpm/react-dom@19.2.0_react@19.2.0/node_modules/react-dom/cjs/react-dom-client.development.js:15439:11)
      at commitPassiveMountOnFiber (node_modules/.pnpm/react-dom@19.2.0_react@19.2.0/node_modules/react-dom/cjs/react-dom-client.development.js:15476:11)
      at recursivelyTraversePassiveMountEffects (node_modules/.pnpm/react-dom@19.2.0_react@19.2.0/node_modules/react-dom/cjs/react-dom-client.development.js:15439:11)
      at commitPassiveMountOnFiber (node_modules/.pnpm/react-dom@19.2.0_react@19.2.0/node_modules/react-dom/cjs/react-dom-client.development.js:15519:11)
      at flushPassiveEffects (node_modules/.pnpm/react-dom@19.2.0_react@19.2.0/node_modules/react-dom/cjs/react-dom-client.development.js:18432:9)
      at flushPendingEffects (node_modules/.pnpm/react-dom@19.2.0_react@19.2.0/node_modules/react-dom/cjs/react-dom-client.development.js:18358:14)
      at flushSpawnedWork (node_modules/.pnpm/react-dom@19.2.0_react@19.2.0/node_modules/react-dom/cjs/react-dom-client.development.js:18323:44)
      at commitRoot (node_modules/.pnpm/react-dom@19.2.0_react@19.2.0/node_modules/react-dom/cjs/react-dom-client.development.js:17955:9)
      at performWorkOnRoot (node_modules/.pnpm/react-dom@19.2.0_react@19.2.0/node_modules/react-dom/cjs/react-dom-client.development.js:16667:15)
      at performSyncWorkOnRoot (node_modules/.pnpm/react-dom@19.2.0_react@19.2.0/node_modules/react-dom/cjs/react-dom-client.development.js:18972:7)
      at flushSyncWorkAcrossRoots_impl (node_modules/.pnpm/react-dom@19.2.0_react@19.2.0/node_modules/react-dom/cjs/react-dom-client.development.js:18814:21)
      at flushSpawnedWork (node_modules/.pnpm/react-dom@19.2.0_react@19.2.0/node_modules/react-dom/cjs/react-dom-client.development.js:18334:9)
      at commitRoot (node_modules/.pnpm/react-dom@19.2.0_react@19.2.0/node_modules/react-dom/cjs/react-dom-client.development.js:17955:9)
      at performWorkOnRoot (node_modules/.pnpm/react-dom@19.2.0_react@19.2.0/node_modules/react-dom/cjs/react-dom-client.development.js:16667:15)
      at performWorkOnRootViaSchedulerTask (node_modules/.pnpm/react-dom@19.2.0_react@19.2.0/node_modules/react-dom/cjs/react-dom-client.development.js:18957:7)
      at flushActQueue (node_modules/.pnpm/react@19.2.0/node_modules/react/cjs/react.development.js:590:34)
      at process.env.NODE_ENV.exports.act (node_modules/.pnpm/react@19.2.0/node_modules/react/cjs/react.development.js:884:10)
      at node_modules/.pnpm/@testing-library+react@16.3_15d474de7481bb0af842c1b1705139a8/node_modules/@testing-library/react/dist/act-compat.js:47:25
      at renderRoot (node_modules/.pnpm/@testing-library+react@16.3_15d474de7481bb0af842c1b1705139a8/node_modules/@testing-library/react/dist/pure.js:190:26)
      at render (node_modules/.pnpm/@testing-library+react@16.3_15d474de7481bb0af842c1b1705139a8/node_modules/@testing-library/react/dist/pure.js:292:10)
      at Object.<anonymous> (src/__tests__/components/ExportChatModal.test.tsx:169:13)

    console.error
      `DialogContent` requires a `DialogTitle` for the component to be accessible for screen reader users.
      
      If you want to hide the `DialogTitle`, you can wrap it with our VisuallyHidden component.
      
      For more information, see https://radix-ui.com/primitives/docs/components/dialog

    [0m [90m 373 |[39m       [36mreturn[39m[33m;[39m
     [90m 374 |[39m     }
    [31m[1m>[22m[39m[90m 375 |[39m     originalError[33m.[39mcall(console[33m,[39m [33m...[39margs)[33m;[39m
     [90m     |[39m                   [31m[1m^[22m[39m
     [90m 376 |[39m   }[33m;[39m
     [90m 377 |[39m })[33m;[39m
     [90m 378 |[39m[0m

      at console.call [as error] (jest.setup.js:375:19)
      at node_modules/.pnpm/@radix-ui+react-dialog@1.1._664b8f23a65f4708bb5cf27e5ff43c08/node_modules/@radix-ui/react-dialog/src/dialog.tsx:520:30
      at Object.react_stack_bottom_frame (node_modules/.pnpm/react-dom@19.2.0_react@19.2.0/node_modules/react-dom/cjs/react-dom-client.development.js:25989:20)
      at runWithFiberInDEV (node_modules/.pnpm/react-dom@19.2.0_react@19.2.0/node_modules/react-dom/cjs/react-dom-client.development.js:874:13)
      at commitHookEffectListMount (node_modules/.pnpm/react-dom@19.2.0_react@19.2.0/node_modules/react-dom/cjs/react-dom-client.development.js:13249:29)
      at commitHookPassiveMountEffects (node_modules/.pnpm/react-dom@19.2.0_react@19.2.0/node_modules/react-dom/cjs/react-dom-client.development.js:13336:11)
      at commitPassiveMountOnFiber (node_modules/.pnpm/react-dom@19.2.0_react@19.2.0/node_modules/react-dom/cjs/react-dom-client.development.js:15484:13)
      at recursivelyTraversePassiveMountEffects (node_modules/.pnpm/react-dom@19.2.0_react@19.2.0/node_modules/react-dom/cjs/react-dom-client.development.js:15439:11)
      at commitPassiveMountOnFiber (node_modules/.pnpm/react-dom@19.2.0_react@19.2.0/node_modules/react-dom/cjs/react-dom-client.development.js:15718:11)
      at recursivelyTraversePassiveMountEffects (node_modules/.pnpm/react-dom@19.2.0_react@19.2.0/node_modules/react-dom/cjs/react-dom-client.development.js:15439:11)
      at commitPassiveMountOnFiber (node_modules/.pnpm/react-dom@19.2.0_react@19.2.0/node_modules/react-dom/cjs/react-dom-client.development.js:15476:11)
      at recursivelyTraversePassiveMountEffects (node_modules/.pnpm/react-dom@19.2.0_react@19.2.0/node_modules/react-dom/cjs/react-dom-client.development.js:15439:11)
      at commitPassiveMountOnFiber (node_modules/.pnpm/react-dom@19.2.0_react@19.2.0/node_modules/react-dom/cjs/react-dom-client.development.js:15476:11)
      at recursivelyTraversePassiveMountEffects (node_modules/.pnpm/react-dom@19.2.0_react@19.2.0/node_modules/react-dom/cjs/react-dom-client.development.js:15439:11)
      at commitPassiveMountOnFiber (node_modules/.pnpm/react-dom@19.2.0_react@19.2.0/node_modules/react-dom/cjs/react-dom-client.development.js:15476:11)
      at recursivelyTraversePassiveMountEffects (node_modules/.pnpm/react-dom@19.2.0_react@19.2.0/node_modules/react-dom/cjs/react-dom-client.development.js:15439:11)
      at commitPassiveMountOnFiber (node_modules/.pnpm/react-dom@19.2.0_react@19.2.0/node_modules/react-dom/cjs/react-dom-client.development.js:15476:11)
      at recursivelyTraversePassiveMountEffects (node_modules/.pnpm/react-dom@19.2.0_react@19.2.0/node_modules/react-dom/cjs/react-dom-client.development.js:15439:11)
      at commitPassiveMountOnFiber (node_modules/.pnpm/react-dom@19.2.0_react@19.2.0/node_modules/react-dom/cjs/react-dom-client.development.js:15476:11)
      at recursivelyTraversePassiveMountEffects (node_modules/.pnpm/react-dom@19.2.0_react@19.2.0/node_modules/react-dom/cjs/react-dom-client.development.js:15439:11)
      at commitPassiveMountOnFiber (node_modules/.pnpm/react-dom@19.2.0_react@19.2.0/node_modules/react-dom/cjs/react-dom-client.development.js:15476:11)
      at recursivelyTraversePassiveMountEffects (node_modules/.pnpm/react-dom@19.2.0_react@19.2.0/node_modules/react-dom/cjs/react-dom-client.development.js:15439:11)
      at commitPassiveMountOnFiber (node_modules/.pnpm/react-dom@19.2.0_react@19.2.0/node_modules/react-dom/cjs/react-dom-client.development.js:15476:11)
      at recursivelyTraversePassiveMountEffects (node_modules/.pnpm/react-dom@19.2.0_react@19.2.0/node_modules/react-dom/cjs/react-dom-client.development.js:15439:11)
      at commitPassiveMountOnFiber (node_modules/.pnpm/react-dom@19.2.0_react@19.2.0/node_modules/react-dom/cjs/react-dom-client.development.js:15718:11)
      at recursivelyTraversePassiveMountEffects (node_modules/.pnpm/react-dom@19.2.0_react@19.2.0/node_modules/react-dom/cjs/react-dom-client.development.js:15439:11)
      at commitPassiveMountOnFiber (node_modules/.pnpm/react-dom@19.2.0_react@19.2.0/node_modules/react-dom/cjs/react-dom-client.development.js:15476:11)
      at recursivelyTraversePassiveMountEffects (node_modules/.pnpm/react-dom@19.2.0_react@19.2.0/node_modules/react-dom/cjs/react-dom-client.development.js:15439:11)
      at commitPassiveMountOnFiber (node_modules/.pnpm/react-dom@19.2.0_react@19.2.0/node_modules/react-dom/cjs/react-dom-client.development.js:15476:11)
      at recursivelyTraversePassiveMountEffects (node_modules/.pnpm/react-dom@19.2.0_react@19.2.0/node_modules/react-dom/cjs/react-dom-client.development.js:15439:11)
      at commitPassiveMountOnFiber (node_modules/.pnpm/react-dom@19.2.0_react@19.2.0/node_modules/react-dom/cjs/react-dom-client.development.js:15718:11)
      at recursivelyTraversePassiveMountEffects (node_modules/.pnpm/react-dom@19.2.0_react@19.2.0/node_modules/react-dom/cjs/react-dom-client.development.js:15439:11)
      at commitPassiveMountOnFiber (node_modules/.pnpm/react-dom@19.2.0_react@19.2.0/node_modules/react-dom/cjs/react-dom-client.development.js:15476:11)
      at recursivelyTraversePassiveMountEffects (node_modules/.pnpm/react-dom@19.2.0_react@19.2.0/node_modules/react-dom/cjs/react-dom-client.development.js:15439:11)
      at commitPassiveMountOnFiber (node_modules/.pnpm/react-dom@19.2.0_react@19.2.0/node_modules/react-dom/cjs/react-dom-client.development.js:15476:11)
      at recursivelyTraversePassiveMountEffects (node_modules/.pnpm/react-dom@19.2.0_react@19.2.0/node_modules/react-dom/cjs/react-dom-client.development.js:15439:11)
      at commitPassiveMountOnFiber (node_modules/.pnpm/react-dom@19.2.0_react@19.2.0/node_modules/react-dom/cjs/react-dom-client.development.js:15476:11)
      at recursivelyTraversePassiveMountEffects (node_modules/.pnpm/react-dom@19.2.0_react@19.2.0/node_modules/react-dom/cjs/react-dom-client.development.js:15439:11)
      at commitPassiveMountOnFiber (node_modules/.pnpm/react-dom@19.2.0_react@19.2.0/node_modules/react-dom/cjs/react-dom-client.development.js:15718:11)
      at recursivelyTraversePassiveMountEffects (node_modules/.pnpm/react-dom@19.2.0_react@19.2.0/node_modules/react-dom/cjs/react-dom-client.development.js:15439:11)
      at commitPassiveMountOnFiber (node_modules/.pnpm/react-dom@19.2.0_react@19.2.0/node_modules/react-dom/cjs/react-dom-client.development.js:15476:11)
      at recursivelyTraversePassiveMountEffects (node_modules/.pnpm/react-dom@19.2.0_react@19.2.0/node_modules/react-dom/cjs/react-dom-client.development.js:15439:11)
      at commitPassiveMountOnFiber (node_modules/.pnpm/react-dom@19.2.0_react@19.2.0/node_modules/react-dom/cjs/react-dom-client.development.js:15476:11)
      at recursivelyTraversePassiveMountEffects (node_modules/.pnpm/react-dom@19.2.0_react@19.2.0/node_modules/react-dom/cjs/react-dom-client.development.js:15439:11)
      at commitPassiveMountOnFiber (node_modules/.pnpm/react-dom@19.2.0_react@19.2.0/node_modules/react-dom/cjs/react-dom-client.development.js:15476:11)
      at recursivelyTraversePassiveMountEffects (node_modules/.pnpm/react-dom@19.2.0_react@19.2.0/node_modules/react-dom/cjs/react-dom-client.development.js:15439:11)
      at commitPassiveMountOnFiber (node_modules/.pnpm/react-dom@19.2.0_react@19.2.0/node_modules/react-dom/cjs/react-dom-client.development.js:15476:11)
      at recursivelyTraversePassiveMountEffects (node_modules/.pnpm/react-dom@19.2.0_react@19.2.0/node_modules/react-dom/cjs/react-dom-client.development.js:15439:11)
      at commitPassiveMountOnFiber (node_modules/.pnpm/react-dom@19.2.0_react@19.2.0/node_modules/react-dom/cjs/react-dom-client.development.js:15519:11)
      at flushPassiveEffects (node_modules/.pnpm/react-dom@19.2.0_react@19.2.0/node_modules/react-dom/cjs/react-dom-client.development.js:18432:9)
      at flushPendingEffects (node_modules/.pnpm/react-dom@19.2.0_react@19.2.0/node_modules/react-dom/cjs/react-dom-client.development.js:18358:14)
      at flushSpawnedWork (node_modules/.pnpm/react-dom@19.2.0_react@19.2.0/node_modules/react-dom/cjs/react-dom-client.development.js:18323:44)
      at commitRoot (node_modules/.pnpm/react-dom@19.2.0_react@19.2.0/node_modules/react-dom/cjs/react-dom-client.development.js:17955:9)
      at performWorkOnRoot (node_modules/.pnpm/react-dom@19.2.0_react@19.2.0/node_modules/react-dom/cjs/react-dom-client.development.js:16667:15)
      at performSyncWorkOnRoot (node_modules/.pnpm/react-dom@19.2.0_react@19.2.0/node_modules/react-dom/cjs/react-dom-client.development.js:18972:7)
      at flushSyncWorkAcrossRoots_impl (node_modules/.pnpm/react-dom@19.2.0_react@19.2.0/node_modules/react-dom/cjs/react-dom-client.development.js:18814:21)
      at flushSpawnedWork (node_modules/.pnpm/react-dom@19.2.0_react@19.2.0/node_modules/react-dom/cjs/react-dom-client.development.js:18334:9)
      at commitRoot (node_modules/.pnpm/react-dom@19.2.0_react@19.2.0/node_modules/react-dom/cjs/react-dom-client.development.js:17955:9)
      at performWorkOnRoot (node_modules/.pnpm/react-dom@19.2.0_react@19.2.0/node_modules/react-dom/cjs/react-dom-client.development.js:16667:15)
      at performWorkOnRootViaSchedulerTask (node_modules/.pnpm/react-dom@19.2.0_react@19.2.0/node_modules/react-dom/cjs/react-dom-client.development.js:18957:7)
      at flushActQueue (node_modules/.pnpm/react@19.2.0/node_modules/react/cjs/react.development.js:590:34)
      at process.env.NODE_ENV.exports.act (node_modules/.pnpm/react@19.2.0/node_modules/react/cjs/react.development.js:884:10)
      at node_modules/.pnpm/@testing-library+react@16.3_15d474de7481bb0af842c1b1705139a8/node_modules/@testing-library/react/dist/act-compat.js:47:25
      at renderRoot (node_modules/.pnpm/@testing-library+react@16.3_15d474de7481bb0af842c1b1705139a8/node_modules/@testing-library/react/dist/pure.js:190:26)
      at render (node_modules/.pnpm/@testing-library+react@16.3_15d474de7481bb0af842c1b1705139a8/node_modules/@testing-library/react/dist/pure.js:292:10)
      at Object.<anonymous> (src/__tests__/components/ExportChatModal.test.tsx:180:13)

    console.warn
      Warning: Missing `Description` or `aria-describedby={undefined}` for {DialogContent}.

    [0m [90m 178 |[39m   describe([32m'Export Functionality'[39m[33m,[39m () [33m=>[39m {
     [90m 179 |[39m     it([32m'calls exportChat with correct parameters when exporting PDF'[39m[33m,[39m [36masync[39m () [33m=>[39m {
    [31m[1m>[22m[39m[90m 180 |[39m       render([33m<[39m[33mExportChatModal[39m {[33m...[39mdefaultProps} [33m/[39m[33m>[39m)[33m;[39m
     [90m     |[39m             [31m[1m^[22m[39m
     [90m 181 |[39m
     [90m 182 |[39m       [36mconst[39m exportButton [33m=[39m screen[33m.[39mgetByRole([32m'button'[39m[33m,[39m { name[33m:[39m [35m/esporta/i[39m })[33m;[39m
     [90m 183 |[39m       fireEvent[33m.[39mclick(exportButton)[33m;[39m[0m

      at node_modules/.pnpm/@radix-ui+react-dialog@1.1._664b8f23a65f4708bb5cf27e5ff43c08/node_modules/@radix-ui/react-dialog/src/dialog.tsx:543:36
      at Object.react_stack_bottom_frame (node_modules/.pnpm/react-dom@19.2.0_react@19.2.0/node_modules/react-dom/cjs/react-dom-client.development.js:25989:20)
      at runWithFiberInDEV (node_modules/.pnpm/react-dom@19.2.0_react@19.2.0/node_modules/react-dom/cjs/react-dom-client.development.js:874:13)
      at commitHookEffectListMount (node_modules/.pnpm/react-dom@19.2.0_react@19.2.0/node_modules/react-dom/cjs/react-dom-client.development.js:13249:29)
      at commitHookPassiveMountEffects (node_modules/.pnpm/react-dom@19.2.0_react@19.2.0/node_modules/react-dom/cjs/react-dom-client.development.js:13336:11)
      at commitPassiveMountOnFiber (node_modules/.pnpm/react-dom@19.2.0_react@19.2.0/node_modules/react-dom/cjs/react-dom-client.development.js:15484:13)
      at recursivelyTraversePassiveMountEffects (node_modules/.pnpm/react-dom@19.2.0_react@19.2.0/node_modules/react-dom/cjs/react-dom-client.development.js:15439:11)
      at commitPassiveMountOnFiber (node_modules/.pnpm/react-dom@19.2.0_react@19.2.0/node_modules/react-dom/cjs/react-dom-client.development.js:15718:11)
      at recursivelyTraversePassiveMountEffects (node_modules/.pnpm/react-dom@19.2.0_react@19.2.0/node_modules/react-dom/cjs/react-dom-client.development.js:15439:11)
      at commitPassiveMountOnFiber (node_modules/.pnpm/react-dom@19.2.0_react@19.2.0/node_modules/react-dom/cjs/react-dom-client.development.js:15476:11)
      at recursivelyTraversePassiveMountEffects (node_modules/.pnpm/react-dom@19.2.0_react@19.2.0/node_modules/react-dom/cjs/react-dom-client.development.js:15439:11)
      at commitPassiveMountOnFiber (node_modules/.pnpm/react-dom@19.2.0_react@19.2.0/node_modules/react-dom/cjs/react-dom-client.development.js:15476:11)
      at recursivelyTraversePassiveMountEffects (node_modules/.pnpm/react-dom@19.2.0_react@19.2.0/node_modules/react-dom/cjs/react-dom-client.development.js:15439:11)
      at commitPassiveMountOnFiber (node_modules/.pnpm/react-dom@19.2.0_react@19.2.0/node_modules/react-dom/cjs/react-dom-client.development.js:15476:11)
      at recursivelyTraversePassiveMountEffects (node_modules/.pnpm/react-dom@19.2.0_react@19.2.0/node_modules/react-dom/cjs/react-dom-client.development.js:15439:11)
      at commitPassiveMountOnFiber (node_modules/.pnpm/react-dom@19.2.0_react@19.2.0/node_modules/react-dom/cjs/react-dom-client.development.js:15476:11)
      at recursivelyTraversePassiveMountEffects (node_modules/.pnpm/react-dom@19.2.0_react@19.2.0/node_modules/react-dom/cjs/react-dom-client.development.js:15439:11)
      at commitPassiveMountOnFiber (node_modules/.pnpm/react-dom@19.2.0_react@19.2.0/node_modules/react-dom/cjs/react-dom-client.development.js:15476:11)
      at recursivelyTraversePassiveMountEffects (node_modules/.pnpm/react-dom@19.2.0_react@19.2.0/node_modules/react-dom/cjs/react-dom-client.development.js:15439:11)
      at commitPassiveMountOnFiber (node_modules/.pnpm/react-dom@19.2.0_react@19.2.0/node_modules/react-dom/cjs/react-dom-client.development.js:15476:11)
      at recursivelyTraversePassiveMountEffects (node_modules/.pnpm/react-dom@19.2.0_react@19.2.0/node_modules/react-dom/cjs/react-dom-client.development.js:15439:11)
      at commitPassiveMountOnFiber (node_modules/.pnpm/react-dom@19.2.0_react@19.2.0/node_modules/react-dom/cjs/react-dom-client.development.js:15476:11)
      at recursivelyTraversePassiveMountEffects (node_modules/.pnpm/react-dom@19.2.0_react@19.2.0/node_modules/react-dom/cjs/react-dom-client.development.js:15439:11)
      at commitPassiveMountOnFiber (node_modules/.pnpm/react-dom@19.2.0_react@19.2.0/node_modules/react-dom/cjs/react-dom-client.development.js:15718:11)
      at recursivelyTraversePassiveMountEffects (node_modules/.pnpm/react-dom@19.2.0_react@19.2.0/node_modules/react-dom/cjs/react-dom-client.development.js:15439:11)
      at commitPassiveMountOnFiber (node_modules/.pnpm/react-dom@19.2.0_react@19.2.0/node_modules/react-dom/cjs/react-dom-client.development.js:15476:11)
      at recursivelyTraversePassiveMountEffects (node_modules/.pnpm/react-dom@19.2.0_react@19.2.0/node_modules/react-dom/cjs/react-dom-client.development.js:15439:11)
      at commitPassiveMountOnFiber (node_modules/.pnpm/react-dom@19.2.0_react@19.2.0/node_modules/react-dom/cjs/react-dom-client.development.js:15476:11)
      at recursivelyTraversePassiveMountEffects (node_modules/.pnpm/react-dom@19.2.0_react@19.2.0/node_modules/react-dom/cjs/react-dom-client.development.js:15439:11)
      at commitPassiveMountOnFiber (node_modules/.pnpm/react-dom@19.2.0_react@19.2.0/node_modules/react-dom/cjs/react-dom-client.development.js:15718:11)
      at recursivelyTraversePassiveMountEffects (node_modules/.pnpm/react-dom@19.2.0_react@19.2.0/node_modules/react-dom/cjs/react-dom-client.development.js:15439:11)
      at commitPassiveMountOnFiber (node_modules/.pnpm/react-dom@19.2.0_react@19.2.0/node_modules/react-dom/cjs/react-dom-client.development.js:15476:11)
      at recursivelyTraversePassiveMountEffects (node_modules/.pnpm/react-dom@19.2.0_react@19.2.0/node_modules/react-dom/cjs/react-dom-client.development.js:15439:11)
      at commitPassiveMountOnFiber (node_modules/.pnpm/react-dom@19.2.0_react@19.2.0/node_modules/react-dom/cjs/react-dom-client.development.js:15476:11)
      at recursivelyTraversePassiveMountEffects (node_modules/.pnpm/react-dom@19.2.0_react@19.2.0/node_modules/react-dom/cjs/react-dom-client.development.js:15439:11)
      at commitPassiveMountOnFiber (node_modules/.pnpm/react-dom@19.2.0_react@19.2.0/node_modules/react-dom/cjs/react-dom-client.development.js:15476:11)
      at recursivelyTraversePassiveMountEffects (node_modules/.pnpm/react-dom@19.2.0_react@19.2.0/node_modules/react-dom/cjs/react-dom-client.development.js:15439:11)
      at commitPassiveMountOnFiber (node_modules/.pnpm/react-dom@19.2.0_react@19.2.0/node_modules/react-dom/cjs/react-dom-client.development.js:15718:11)
      at recursivelyTraversePassiveMountEffects (node_modules/.pnpm/react-dom@19.2.0_react@19.2.0/node_modules/react-dom/cjs/react-dom-client.development.js:15439:11)
      at commitPassiveMountOnFiber (node_modules/.pnpm/react-dom@19.2.0_react@19.2.0/node_modules/react-dom/cjs/react-dom-client.development.js:15476:11)
      at recursivelyTraversePassiveMountEffects (node_modules/.pnpm/react-dom@19.2.0_react@19.2.0/node_modules/react-dom/cjs/react-dom-client.development.js:15439:11)
      at commitPassiveMountOnFiber (node_modules/.pnpm/react-dom@19.2.0_react@19.2.0/node_modules/react-dom/cjs/react-dom-client.development.js:15476:11)
      at recursivelyTraversePassiveMountEffects (node_modules/.pnpm/react-dom@19.2.0_react@19.2.0/node_modules/react-dom/cjs/react-dom-client.development.js:15439:11)
      at commitPassiveMountOnFiber (node_modules/.pnpm/react-dom@19.2.0_react@19.2.0/node_modules/react-dom/cjs/react-dom-client.development.js:15476:11)
      at recursivelyTraversePassiveMountEffects (node_modules/.pnpm/react-dom@19.2.0_react@19.2.0/node_modules/react-dom/cjs/react-dom-client.development.js:15439:11)
      at commitPassiveMountOnFiber (node_modules/.pnpm/react-dom@19.2.0_react@19.2.0/node_modules/react-dom/cjs/react-dom-client.development.js:15476:11)
      at recursivelyTraversePassiveMountEffects (node_modules/.pnpm/react-dom@19.2.0_react@19.2.0/node_modules/react-dom/cjs/react-dom-client.development.js:15439:11)
      at commitPassiveMountOnFiber (node_modules/.pnpm/react-dom@19.2.0_react@19.2.0/node_modules/react-dom/cjs/react-dom-client.development.js:15519:11)
      at flushPassiveEffects (node_modules/.pnpm/react-dom@19.2.0_react@19.2.0/node_modules/react-dom/cjs/react-dom-client.development.js:18432:9)
      at flushPendingEffects (node_modules/.pnpm/react-dom@19.2.0_react@19.2.0/node_modules/react-dom/cjs/react-dom-client.development.js:18358:14)
      at flushSpawnedWork (node_modules/.pnpm/react-dom@19.2.0_react@19.2.0/node_modules/react-dom/cjs/react-dom-client.development.js:18323:44)
      at commitRoot (node_modules/.pnpm/react-dom@19.2.0_react@19.2.0/node_modules/react-dom/cjs/react-dom-client.development.js:17955:9)
      at performWorkOnRoot (node_modules/.pnpm/react-dom@19.2.0_react@19.2.0/node_modules/react-dom/cjs/react-dom-client.development.js:16667:15)
      at performSyncWorkOnRoot (node_modules/.pnpm/react-dom@19.2.0_react@19.2.0/node_modules/react-dom/cjs/react-dom-client.development.js:18972:7)
      at flushSyncWorkAcrossRoots_impl (node_modules/.pnpm/react-dom@19.2.0_react@19.2.0/node_modules/react-dom/cjs/react-dom-client.development.js:18814:21)
      at flushSpawnedWork (node_modules/.pnpm/react-dom@19.2.0_react@19.2.0/node_modules/react-dom/cjs/react-dom-client.development.js:18334:9)
      at commitRoot (node_modules/.pnpm/react-dom@19.2.0_react@19.2.0/node_modules/react-dom/cjs/react-dom-client.development.js:17955:9)
      at performWorkOnRoot (node_modules/.pnpm/react-dom@19.2.0_react@19.2.0/node_modules/react-dom/cjs/react-dom-client.development.js:16667:15)
      at performWorkOnRootViaSchedulerTask (node_modules/.pnpm/react-dom@19.2.0_react@19.2.0/node_modules/react-dom/cjs/react-dom-client.development.js:18957:7)
      at flushActQueue (node_modules/.pnpm/react@19.2.0/node_modules/react/cjs/react.development.js:590:34)
      at process.env.NODE_ENV.exports.act (node_modules/.pnpm/react@19.2.0/node_modules/react/cjs/react.development.js:884:10)
      at node_modules/.pnpm/@testing-library+react@16.3_15d474de7481bb0af842c1b1705139a8/node_modules/@testing-library/react/dist/act-compat.js:47:25
      at renderRoot (node_modules/.pnpm/@testing-library+react@16.3_15d474de7481bb0af842c1b1705139a8/node_modules/@testing-library/react/dist/pure.js:190:26)
      at render (node_modules/.pnpm/@testing-library+react@16.3_15d474de7481bb0af842c1b1705139a8/node_modules/@testing-library/react/dist/pure.js:292:10)
      at Object.<anonymous> (src/__tests__/components/ExportChatModal.test.tsx:180:13)

    console.error
      `DialogContent` requires a `DialogTitle` for the component to be accessible for screen reader users.
      
      If you want to hide the `DialogTitle`, you can wrap it with our VisuallyHidden component.
      
      For more information, see https://radix-ui.com/primitives/docs/components/dialog

    [0m [90m 373 |[39m       [36mreturn[39m[33m;[39m
     [90m 374 |[39m     }
    [31m[1m>[22m[39m[90m 375 |[39m     originalError[33m.[39mcall(console[33m,[39m [33m...[39margs)[33m;[39m
     [90m     |[39m                   [31m[1m^[22m[39m
     [90m 376 |[39m   }[33m;[39m
     [90m 377 |[39m })[33m;[39m
     [90m 378 |[39m[0m

      at console.call [as error] (jest.setup.js:375:19)
      at node_modules/.pnpm/@radix-ui+react-dialog@1.1._664b8f23a65f4708bb5cf27e5ff43c08/node_modules/@radix-ui/react-dialog/src/dialog.tsx:520:30
      at Object.react_stack_bottom_frame (node_modules/.pnpm/react-dom@19.2.0_react@19.2.0/node_modules/react-dom/cjs/react-dom-client.development.js:25989:20)
      at runWithFiberInDEV (node_modules/.pnpm/react-dom@19.2.0_react@19.2.0/node_modules/react-dom/cjs/react-dom-client.development.js:874:13)
      at commitHookEffectListMount (node_modules/.pnpm/react-dom@19.2.0_react@19.2.0/node_modules/react-dom/cjs/react-dom-client.development.js:13249:29)
      at commitHookPassiveMountEffects (node_modules/.pnpm/react-dom@19.2.0_react@19.2.0/node_modules/react-dom/cjs/react-dom-client.development.js:13336:11)
      at commitPassiveMountOnFiber (node_modules/.pnpm/react-dom@19.2.0_react@19.2.0/node_modules/react-dom/cjs/react-dom-client.development.js:15484:13)
      at recursivelyTraversePassiveMountEffects (node_modules/.pnpm/react-dom@19.2.0_react@19.2.0/node_modules/react-dom/cjs/react-dom-client.development.js:15439:11)
      at commitPassiveMountOnFiber (node_modules/.pnpm/react-dom@19.2.0_react@19.2.0/node_modules/react-dom/cjs/react-dom-client.development.js:15718:11)
      at recursivelyTraversePassiveMountEffects (node_modules/.pnpm/react-dom@19.2.0_react@19.2.0/node_modules/react-dom/cjs/react-dom-client.development.js:15439:11)
      at commitPassiveMountOnFiber (node_modules/.pnpm/react-dom@19.2.0_react@19.2.0/node_modules/react-dom/cjs/react-dom-client.development.js:15476:11)
      at recursivelyTraversePassiveMountEffects (node_modules/.pnpm/react-dom@19.2.0_react@19.2.0/node_modules/react-dom/cjs/react-dom-client.development.js:15439:11)
      at commitPassiveMountOnFiber (node_modules/.pnpm/react-dom@19.2.0_react@19.2.0/node_modules/react-dom/cjs/react-dom-client.development.js:15476:11)
      at recursivelyTraversePassiveMountEffects (node_modules/.pnpm/react-dom@19.2.0_react@19.2.0/node_modules/react-dom/cjs/react-dom-client.development.js:15439:11)
      at commitPassiveMountOnFiber (node_modules/.pnpm/react-dom@19.2.0_react@19.2.0/node_modules/react-dom/cjs/react-dom-client.development.js:15476:11)
      at recursivelyTraversePassiveMountEffects (node_modules/.pnpm/react-dom@19.2.0_react@19.2.0/node_modules/react-dom/cjs/react-dom-client.development.js:15439:11)
      at commitPassiveMountOnFiber (node_modules/.pnpm/react-dom@19.2.0_react@19.2.0/node_modules/react-dom/cjs/react-dom-client.development.js:15476:11)
      at recursivelyTraversePassiveMountEffects (node_modules/.pnpm/react-dom@19.2.0_react@19.2.0/node_modules/react-dom/cjs/react-dom-client.development.js:15439:11)
      at commitPassiveMountOnFiber (node_modules/.pnpm/react-dom@19.2.0_react@19.2.0/node_modules/react-dom/cjs/react-dom-client.development.js:15476:11)
      at recursivelyTraversePassiveMountEffects (node_modules/.pnpm/react-dom@19.2.0_react@19.2.0/node_modules/react-dom/cjs/react-dom-client.development.js:15439:11)
      at commitPassiveMountOnFiber (node_modules/.pnpm/react-dom@19.2.0_react@19.2.0/node_modules/react-dom/cjs/react-dom-client.development.js:15476:11)
      at recursivelyTraversePassiveMountEffects (node_modules/.pnpm/react-dom@19.2.0_react@19.2.0/node_modules/react-dom/cjs/react-dom-client.development.js:15439:11)
      at commitPassiveMountOnFiber (node_modules/.pnpm/react-dom@19.2.0_react@19.2.0/node_modules/react-dom/cjs/react-dom-client.development.js:15476:11)
      at recursivelyTraversePassiveMountEffects (node_modules/.pnpm/react-dom@19.2.0_react@19.2.0/node_modules/react-dom/cjs/react-dom-client.development.js:15439:11)
      at commitPassiveMountOnFiber (node_modules/.pnpm/react-dom@19.2.0_react@19.2.0/node_modules/react-dom/cjs/react-dom-client.development.js:15718:11)
      at recursivelyTraversePassiveMountEffects (node_modules/.pnpm/react-dom@19.2.0_react@19.2.0/node_modules/react-dom/cjs/react-dom-client.development.js:15439:11)
      at commitPassiveMountOnFiber (node_modules/.pnpm/react-dom@19.2.0_react@19.2.0/node_modules/react-dom/cjs/react-dom-client.development.js:15476:11)
      at recursivelyTraversePassiveMountEffects (node_modules/.pnpm/react-dom@19.2.0_react@19.2.0/node_modules/react-dom/cjs/react-dom-client.development.js:15439:11)
      at commitPassiveMountOnFiber (node_modules/.pnpm/react-dom@19.2.0_react@19.2.0/node_modules/react-dom/cjs/react-dom-client.development.js:15476:11)
      at recursivelyTraversePassiveMountEffects (node_modules/.pnpm/react-dom@19.2.0_react@19.2.0/node_modules/react-dom/cjs/react-dom-client.development.js:15439:11)
      at commitPassiveMountOnFiber (node_modules/.pnpm/react-dom@19.2.0_react@19.2.0/node_modules/react-dom/cjs/react-dom-client.development.js:15718:11)
      at recursivelyTraversePassiveMountEffects (node_modules/.pnpm/react-dom@19.2.0_react@19.2.0/node_modules/react-dom/cjs/react-dom-client.development.js:15439:11)
      at commitPassiveMountOnFiber (node_modules/.pnpm/react-dom@19.2.0_react@19.2.0/node_modules/react-dom/cjs/react-dom-client.development.js:15476:11)
      at recursivelyTraversePassiveMountEffects (node_modules/.pnpm/react-dom@19.2.0_react@19.2.0/node_modules/react-dom/cjs/react-dom-client.development.js:15439:11)
      at commitPassiveMountOnFiber (node_modules/.pnpm/react-dom@19.2.0_react@19.2.0/node_modules/react-dom/cjs/react-dom-client.development.js:15476:11)
      at recursivelyTraversePassiveMountEffects (node_modules/.pnpm/react-dom@19.2.0_react@19.2.0/node_modules/react-dom/cjs/react-dom-client.development.js:15439:11)
      at commitPassiveMountOnFiber (node_modules/.pnpm/react-dom@19.2.0_react@19.2.0/node_modules/react-dom/cjs/react-dom-client.development.js:15476:11)
      at recursivelyTraversePassiveMountEffects (node_modules/.pnpm/react-dom@19.2.0_react@19.2.0/node_modules/react-dom/cjs/react-dom-client.development.js:15439:11)
      at commitPassiveMountOnFiber (node_modules/.pnpm/react-dom@19.2.0_react@19.2.0/node_modules/react-dom/cjs/react-dom-client.development.js:15718:11)
      at recursivelyTraversePassiveMountEffects (node_modules/.pnpm/react-dom@19.2.0_react@19.2.0/node_modules/react-dom/cjs/react-dom-client.development.js:15439:11)
      at commitPassiveMountOnFiber (node_modules/.pnpm/react-dom@19.2.0_react@19.2.0/node_modules/react-dom/cjs/react-dom-client.development.js:15476:11)
      at recursivelyTraversePassiveMountEffects (node_modules/.pnpm/react-dom@19.2.0_react@19.2.0/node_modules/react-dom/cjs/react-dom-client.development.js:15439:11)
      at commitPassiveMountOnFiber (node_modules/.pnpm/react-dom@19.2.0_react@19.2.0/node_modules/react-dom/cjs/react-dom-client.development.js:15476:11)
      at recursivelyTraversePassiveMountEffects (node_modules/.pnpm/react-dom@19.2.0_react@19.2.0/node_modules/react-dom/cjs/react-dom-client.development.js:15439:11)
      at commitPassiveMountOnFiber (node_modules/.pnpm/react-dom@19.2.0_react@19.2.0/node_modules/react-dom/cjs/react-dom-client.development.js:15476:11)
      at recursivelyTraversePassiveMountEffects (node_modules/.pnpm/react-dom@19.2.0_react@19.2.0/node_modules/react-dom/cjs/react-dom-client.development.js:15439:11)
      at commitPassiveMountOnFiber (node_modules/.pnpm/react-dom@19.2.0_react@19.2.0/node_modules/react-dom/cjs/react-dom-client.development.js:15476:11)
      at recursivelyTraversePassiveMountEffects (node_modules/.pnpm/react-dom@19.2.0_react@19.2.0/node_modules/react-dom/cjs/react-dom-client.development.js:15439:11)
      at commitPassiveMountOnFiber (node_modules/.pnpm/react-dom@19.2.0_react@19.2.0/node_modules/react-dom/cjs/react-dom-client.development.js:15519:11)
      at flushPassiveEffects (node_modules/.pnpm/react-dom@19.2.0_react@19.2.0/node_modules/react-dom/cjs/react-dom-client.development.js:18432:9)
      at flushPendingEffects (node_modules/.pnpm/react-dom@19.2.0_react@19.2.0/node_modules/react-dom/cjs/react-dom-client.development.js:18358:14)
      at flushSpawnedWork (node_modules/.pnpm/react-dom@19.2.0_react@19.2.0/node_modules/react-dom/cjs/react-dom-client.development.js:18323:44)
      at commitRoot (node_modules/.pnpm/react-dom@19.2.0_react@19.2.0/node_modules/react-dom/cjs/react-dom-client.development.js:17955:9)
      at performWorkOnRoot (node_modules/.pnpm/react-dom@19.2.0_react@19.2.0/node_modules/react-dom/cjs/react-dom-client.development.js:16667:15)
      at performSyncWorkOnRoot (node_modules/.pnpm/react-dom@19.2.0_react@19.2.0/node_modules/react-dom/cjs/react-dom-client.development.js:18972:7)
      at flushSyncWorkAcrossRoots_impl (node_modules/.pnpm/react-dom@19.2.0_react@19.2.0/node_modules/react-dom/cjs/react-dom-client.development.js:18814:21)
      at flushSpawnedWork (node_modules/.pnpm/react-dom@19.2.0_react@19.2.0/node_modules/react-dom/cjs/react-dom-client.development.js:18334:9)
      at commitRoot (node_modules/.pnpm/react-dom@19.2.0_react@19.2.0/node_modules/react-dom/cjs/react-dom-client.development.js:17955:9)
      at performWorkOnRoot (node_modules/.pnpm/react-dom@19.2.0_react@19.2.0/node_modules/react-dom/cjs/react-dom-client.development.js:16667:15)
      at performWorkOnRootViaSchedulerTask (node_modules/.pnpm/react-dom@19.2.0_react@19.2.0/node_modules/react-dom/cjs/react-dom-client.development.js:18957:7)
      at flushActQueue (node_modules/.pnpm/react@19.2.0/node_modules/react/cjs/react.development.js:590:34)
      at process.env.NODE_ENV.exports.act (node_modules/.pnpm/react@19.2.0/node_modules/react/cjs/react.development.js:884:10)
      at node_modules/.pnpm/@testing-library+react@16.3_15d474de7481bb0af842c1b1705139a8/node_modules/@testing-library/react/dist/act-compat.js:47:25
      at renderRoot (node_modules/.pnpm/@testing-library+react@16.3_15d474de7481bb0af842c1b1705139a8/node_modules/@testing-library/react/dist/pure.js:190:26)
      at render (node_modules/.pnpm/@testing-library+react@16.3_15d474de7481bb0af842c1b1705139a8/node_modules/@testing-library/react/dist/pure.js:292:10)
      at Object.<anonymous> (src/__tests__/components/ExportChatModal.test.tsx:195:13)

    console.warn
      Warning: Missing `Description` or `aria-describedby={undefined}` for {DialogContent}.

    [0m [90m 193 |[39m
     [90m 194 |[39m     it([32m'calls exportChat with selected format'[39m[33m,[39m [36masync[39m () [33m=>[39m {
    [31m[1m>[22m[39m[90m 195 |[39m       render([33m<[39m[33mExportChatModal[39m {[33m...[39mdefaultProps} [33m/[39m[33m>[39m)[33m;[39m
     [90m     |[39m             [31m[1m^[22m[39m
     [90m 196 |[39m
     [90m 197 |[39m       [36mconst[39m mdRadio [33m=[39m screen[33m.[39mgetByRole([32m'radio'[39m[33m,[39m { name[33m:[39m [35m/markdown/i[39m })[33m;[39m
     [90m 198 |[39m       fireEvent[33m.[39mclick(mdRadio)[33m;[39m[0m

      at node_modules/.pnpm/@radix-ui+react-dialog@1.1._664b8f23a65f4708bb5cf27e5ff43c08/node_modules/@radix-ui/react-dialog/src/dialog.tsx:543:36
      at Object.react_stack_bottom_frame (node_modules/.pnpm/react-dom@19.2.0_react@19.2.0/node_modules/react-dom/cjs/react-dom-client.development.js:25989:20)
      at runWithFiberInDEV (node_modules/.pnpm/react-dom@19.2.0_react@19.2.0/node_modules/react-dom/cjs/react-dom-client.development.js:874:13)
      at commitHookEffectListMount (node_modules/.pnpm/react-dom@19.2.0_react@19.2.0/node_modules/react-dom/cjs/react-dom-client.development.js:13249:29)
      at commitHookPassiveMountEffects (node_modules/.pnpm/react-dom@19.2.0_react@19.2.0/node_modules/react-dom/cjs/react-dom-client.development.js:13336:11)
      at commitPassiveMountOnFiber (node_modules/.pnpm/react-dom@19.2.0_react@19.2.0/node_modules/react-dom/cjs/react-dom-client.development.js:15484:13)
      at recursivelyTraversePassiveMountEffects (node_modules/.pnpm/react-dom@19.2.0_react@19.2.0/node_modules/react-dom/cjs/react-dom-client.development.js:15439:11)
      at commitPassiveMountOnFiber (node_modules/.pnpm/react-dom@19.2.0_react@19.2.0/node_modules/react-dom/cjs/react-dom-client.development.js:15718:11)
      at recursivelyTraversePassiveMountEffects (node_modules/.pnpm/react-dom@19.2.0_react@19.2.0/node_modules/react-dom/cjs/react-dom-client.development.js:15439:11)
      at commitPassiveMountOnFiber (node_modules/.pnpm/react-dom@19.2.0_react@19.2.0/node_modules/react-dom/cjs/react-dom-client.development.js:15476:11)
      at recursivelyTraversePassiveMountEffects (node_modules/.pnpm/react-dom@19.2.0_react@19.2.0/node_modules/react-dom/cjs/react-dom-client.development.js:15439:11)
      at commitPassiveMountOnFiber (node_modules/.pnpm/react-dom@19.2.0_react@19.2.0/node_modules/react-dom/cjs/react-dom-client.development.js:15476:11)
      at recursivelyTraversePassiveMountEffects (node_modules/.pnpm/react-dom@19.2.0_react@19.2.0/node_modules/react-dom/cjs/react-dom-client.development.js:15439:11)
      at commitPassiveMountOnFiber (node_modules/.pnpm/react-dom@19.2.0_react@19.2.0/node_modules/react-dom/cjs/react-dom-client.development.js:15476:11)
      at recursivelyTraversePassiveMountEffects (node_modules/.pnpm/react-dom@19.2.0_react@19.2.0/node_modules/react-dom/cjs/react-dom-client.development.js:15439:11)
      at commitPassiveMountOnFiber (node_modules/.pnpm/react-dom@19.2.0_react@19.2.0/node_modules/react-dom/cjs/react-dom-client.development.js:15476:11)
      at recursivelyTraversePassiveMountEffects (node_modules/.pnpm/react-dom@19.2.0_react@19.2.0/node_modules/react-dom/cjs/react-dom-client.development.js:15439:11)
      at commitPassiveMountOnFiber (node_modules/.pnpm/react-dom@19.2.0_react@19.2.0/node_modules/react-dom/cjs/react-dom-client.development.js:15476:11)
      at recursivelyTraversePassiveMountEffects (node_modules/.pnpm/react-dom@19.2.0_react@19.2.0/node_modules/react-dom/cjs/react-dom-client.development.js:15439:11)
      at commitPassiveMountOnFiber (node_modules/.pnpm/react-dom@19.2.0_react@19.2.0/node_modules/react-dom/cjs/react-dom-client.development.js:15476:11)
      at recursivelyTraversePassiveMountEffects (node_modules/.pnpm/react-dom@19.2.0_react@19.2.0/node_modules/react-dom/cjs/react-dom-client.development.js:15439:11)
      at commitPassiveMountOnFiber (node_modules/.pnpm/react-dom@19.2.0_react@19.2.0/node_modules/react-dom/cjs/react-dom-client.development.js:15476:11)
      at recursivelyTraversePassiveMountEffects (node_modules/.pnpm/react-dom@19.2.0_react@19.2.0/node_modules/react-dom/cjs/react-dom-client.development.js:15439:11)
      at commitPassiveMountOnFiber (node_modules/.pnpm/react-dom@19.2.0_react@19.2.0/node_modules/react-dom/cjs/react-dom-client.development.js:15718:11)
      at recursivelyTraversePassiveMountEffects (node_modules/.pnpm/react-dom@19.2.0_react@19.2.0/node_modules/react-dom/cjs/react-dom-client.development.js:15439:11)
      at commitPassiveMountOnFiber (node_modules/.pnpm/react-dom@19.2.0_react@19.2.0/node_modules/react-dom/cjs/react-dom-client.development.js:15476:11)
      at recursivelyTraversePassiveMountEffects (node_modules/.pnpm/react-dom@19.2.0_react@19.2.0/node_modules/react-dom/cjs/react-dom-client.development.js:15439:11)
      at commitPassiveMountOnFiber (node_modules/.pnpm/react-dom@19.2.0_react@19.2.0/node_modules/react-dom/cjs/react-dom-client.development.js:15476:11)
      at recursivelyTraversePassiveMountEffects (node_modules/.pnpm/react-dom@19.2.0_react@19.2.0/node_modules/react-dom/cjs/react-dom-client.development.js:15439:11)
      at commitPassiveMountOnFiber (node_modules/.pnpm/react-dom@19.2.0_react@19.2.0/node_modules/react-dom/cjs/react-dom-client.development.js:15718:11)
      at recursivelyTraversePassiveMountEffects (node_modules/.pnpm/react-dom@19.2.0_react@19.2.0/node_modules/react-dom/cjs/react-dom-client.development.js:15439:11)
      at commitPassiveMountOnFiber (node_modules/.pnpm/react-dom@19.2.0_react@19.2.0/node_modules/react-dom/cjs/react-dom-client.development.js:15476:11)
      at recursivelyTraversePassiveMountEffects (node_modules/.pnpm/react-dom@19.2.0_react@19.2.0/node_modules/react-dom/cjs/react-dom-client.development.js:15439:11)
      at commitPassiveMountOnFiber (node_modules/.pnpm/react-dom@19.2.0_react@19.2.0/node_modules/react-dom/cjs/react-dom-client.development.js:15476:11)
      at recursivelyTraversePassiveMountEffects (node_modules/.pnpm/react-dom@19.2.0_react@19.2.0/node_modules/react-dom/cjs/react-dom-client.development.js:15439:11)
      at commitPassiveMountOnFiber (node_modules/.pnpm/react-dom@19.2.0_react@19.2.0/node_modules/react-dom/cjs/react-dom-client.development.js:15476:11)
      at recursivelyTraversePassiveMountEffects (node_modules/.pnpm/react-dom@19.2.0_react@19.2.0/node_modules/react-dom/cjs/react-dom-client.development.js:15439:11)
      at commitPassiveMountOnFiber (node_modules/.pnpm/react-dom@19.2.0_react@19.2.0/node_modules/react-dom/cjs/react-dom-client.development.js:15718:11)
      at recursivelyTraversePassiveMountEffects (node_modules/.pnpm/react-dom@19.2.0_react@19.2.0/node_modules/react-dom/cjs/react-dom-client.development.js:15439:11)
      at commitPassiveMountOnFiber (node_modules/.pnpm/react-dom@19.2.0_react@19.2.0/node_modules/react-dom/cjs/react-dom-client.development.js:15476:11)
      at recursivelyTraversePassiveMountEffects (node_modules/.pnpm/react-dom@19.2.0_react@19.2.0/node_modules/react-dom/cjs/react-dom-client.development.js:15439:11)
      at commitPassiveMountOnFiber (node_modules/.pnpm/react-dom@19.2.0_react@19.2.0/node_modules/react-dom/cjs/react-dom-client.development.js:15476:11)
      at recursivelyTraversePassiveMountEffects (node_modules/.pnpm/react-dom@19.2.0_react@19.2.0/node_modules/react-dom/cjs/react-dom-client.development.js:15439:11)
      at commitPassiveMountOnFiber (node_modules/.pnpm/react-dom@19.2.0_react@19.2.0/node_modules/react-dom/cjs/react-dom-client.development.js:15476:11)
      at recursivelyTraversePassiveMountEffects (node_modules/.pnpm/react-dom@19.2.0_react@19.2.0/node_modules/react-dom/cjs/react-dom-client.development.js:15439:11)
      at commitPassiveMountOnFiber (node_modules/.pnpm/react-dom@19.2.0_react@19.2.0/node_modules/react-dom/cjs/react-dom-client.development.js:15476:11)
      at recursivelyTraversePassiveMountEffects (node_modules/.pnpm/react-dom@19.2.0_react@19.2.0/node_modules/react-dom/cjs/react-dom-client.development.js:15439:11)
      at commitPassiveMountOnFiber (node_modules/.pnpm/react-dom@19.2.0_react@19.2.0/node_modules/react-dom/cjs/react-dom-client.development.js:15519:11)
      at flushPassiveEffects (node_modules/.pnpm/react-dom@19.2.0_react@19.2.0/node_modules/react-dom/cjs/react-dom-client.development.js:18432:9)
      at flushPendingEffects (node_modules/.pnpm/react-dom@19.2.0_react@19.2.0/node_modules/react-dom/cjs/react-dom-client.development.js:18358:14)
      at flushSpawnedWork (node_modules/.pnpm/react-dom@19.2.0_react@19.2.0/node_modules/react-dom/cjs/react-dom-client.development.js:18323:44)
      at commitRoot (node_modules/.pnpm/react-dom@19.2.0_react@19.2.0/node_modules/react-dom/cjs/react-dom-client.development.js:17955:9)
      at performWorkOnRoot (node_modules/.pnpm/react-dom@19.2.0_react@19.2.0/node_modules/react-dom/cjs/react-dom-client.development.js:16667:15)
      at performSyncWorkOnRoot (node_modules/.pnpm/react-dom@19.2.0_react@19.2.0/node_modules/react-dom/cjs/react-dom-client.development.js:18972:7)
      at flushSyncWorkAcrossRoots_impl (node_modules/.pnpm/react-dom@19.2.0_react@19.2.0/node_modules/react-dom/cjs/react-dom-client.development.js:18814:21)
      at flushSpawnedWork (node_modules/.pnpm/react-dom@19.2.0_react@19.2.0/node_modules/react-dom/cjs/react-dom-client.development.js:18334:9)
      at commitRoot (node_modules/.pnpm/react-dom@19.2.0_react@19.2.0/node_modules/react-dom/cjs/react-dom-client.development.js:17955:9)
      at performWorkOnRoot (node_modules/.pnpm/react-dom@19.2.0_react@19.2.0/node_modules/react-dom/cjs/react-dom-client.development.js:16667:15)
      at performWorkOnRootViaSchedulerTask (node_modules/.pnpm/react-dom@19.2.0_react@19.2.0/node_modules/react-dom/cjs/react-dom-client.development.js:18957:7)
      at flushActQueue (node_modules/.pnpm/react@19.2.0/node_modules/react/cjs/react.development.js:590:34)
      at process.env.NODE_ENV.exports.act (node_modules/.pnpm/react@19.2.0/node_modules/react/cjs/react.development.js:884:10)
      at node_modules/.pnpm/@testing-library+react@16.3_15d474de7481bb0af842c1b1705139a8/node_modules/@testing-library/react/dist/act-compat.js:47:25
      at renderRoot (node_modules/.pnpm/@testing-library+react@16.3_15d474de7481bb0af842c1b1705139a8/node_modules/@testing-library/react/dist/pure.js:190:26)
      at render (node_modules/.pnpm/@testing-library+react@16.3_15d474de7481bb0af842c1b1705139a8/node_modules/@testing-library/react/dist/pure.js:292:10)
      at Object.<anonymous> (src/__tests__/components/ExportChatModal.test.tsx:195:13)

    console.error
      `DialogContent` requires a `DialogTitle` for the component to be accessible for screen reader users.
      
      If you want to hide the `DialogTitle`, you can wrap it with our VisuallyHidden component.
      
      For more information, see https://radix-ui.com/primitives/docs/components/dialog

    [0m [90m 373 |[39m       [36mreturn[39m[33m;[39m
     [90m 374 |[39m     }
    [31m[1m>[22m[39m[90m 375 |[39m     originalError[33m.[39mcall(console[33m,[39m [33m...[39margs)[33m;[39m
     [90m     |[39m                   [31m[1m^[22m[39m
     [90m 376 |[39m   }[33m;[39m
     [90m 377 |[39m })[33m;[39m
     [90m 378 |[39m[0m

      at console.call [as error] (jest.setup.js:375:19)
      at node_modules/.pnpm/@radix-ui+react-dialog@1.1._664b8f23a65f4708bb5cf27e5ff43c08/node_modules/@radix-ui/react-dialog/src/dialog.tsx:520:30
      at Object.react_stack_bottom_frame (node_modules/.pnpm/react-dom@19.2.0_react@19.2.0/node_modules/react-dom/cjs/react-dom-client.development.js:25989:20)
      at runWithFiberInDEV (node_modules/.pnpm/react-dom@19.2.0_react@19.2.0/node_modules/react-dom/cjs/react-dom-client.development.js:874:13)
      at commitHookEffectListMount (node_modules/.pnpm/react-dom@19.2.0_react@19.2.0/node_modules/react-dom/cjs/react-dom-client.development.js:13249:29)
      at commitHookPassiveMountEffects (node_modules/.pnpm/react-dom@19.2.0_react@19.2.0/node_modules/react-dom/cjs/react-dom-client.development.js:13336:11)
      at commitPassiveMountOnFiber (node_modules/.pnpm/react-dom@19.2.0_react@19.2.0/node_modules/react-dom/cjs/react-dom-client.development.js:15484:13)
      at recursivelyTraversePassiveMountEffects (node_modules/.pnpm/react-dom@19.2.0_react@19.2.0/node_modules/react-dom/cjs/react-dom-client.development.js:15439:11)
      at commitPassiveMountOnFiber (node_modules/.pnpm/react-dom@19.2.0_react@19.2.0/node_modules/react-dom/cjs/react-dom-client.development.js:15718:11)
      at recursivelyTraversePassiveMountEffects (node_modules/.pnpm/react-dom@19.2.0_react@19.2.0/node_modules/react-dom/cjs/react-dom-client.development.js:15439:11)
      at commitPassiveMountOnFiber (node_modules/.pnpm/react-dom@19.2.0_react@19.2.0/node_modules/react-dom/cjs/react-dom-client.development.js:15476:11)
      at recursivelyTraversePassiveMountEffects (node_modules/.pnpm/react-dom@19.2.0_react@19.2.0/node_modules/react-dom/cjs/react-dom-client.development.js:15439:11)
      at commitPassiveMountOnFiber (node_modules/.pnpm/react-dom@19.2.0_react@19.2.0/node_modules/react-dom/cjs/react-dom-client.development.js:15476:11)
      at recursivelyTraversePassiveMountEffects (node_modules/.pnpm/react-dom@19.2.0_react@19.2.0/node_modules/react-dom/cjs/react-dom-client.development.js:15439:11)
      at commitPassiveMountOnFiber (node_modules/.pnpm/react-dom@19.2.0_react@19.2.0/node_modules/react-dom/cjs/react-dom-client.development.js:15476:11)
      at recursivelyTraversePassiveMountEffects (node_modules/.pnpm/react-dom@19.2.0_react@19.2.0/node_modules/react-dom/cjs/react-dom-client.development.js:15439:11)
      at commitPassiveMountOnFiber (node_modules/.pnpm/react-dom@19.2.0_react@19.2.0/node_modules/react-dom/cjs/react-dom-client.development.js:15476:11)
      at recursivelyTraversePassiveMountEffects (node_modules/.pnpm/react-dom@19.2.0_react@19.2.0/node_modules/react-dom/cjs/react-dom-client.development.js:15439:11)
      at commitPassiveMountOnFiber (node_modules/.pnpm/react-dom@19.2.0_react@19.2.0/node_modules/react-dom/cjs/react-dom-client.development.js:15476:11)
      at recursivelyTraversePassiveMountEffects (node_modules/.pnpm/react-dom@19.2.0_react@19.2.0/node_modules/react-dom/cjs/react-dom-client.development.js:15439:11)
      at commitPassiveMountOnFiber (node_modules/.pnpm/react-dom@19.2.0_react@19.2.0/node_modules/react-dom/cjs/react-dom-client.development.js:15476:11)
      at recursivelyTraversePassiveMountEffects (node_modules/.pnpm/react-dom@19.2.0_react@19.2.0/node_modules/react-dom/cjs/react-dom-client.development.js:15439:11)
      at commitPassiveMountOnFiber (node_modules/.pnpm/react-dom@19.2.0_react@19.2.0/node_modules/react-dom/cjs/react-dom-client.development.js:15476:11)
      at recursivelyTraversePassiveMountEffects (node_modules/.pnpm/react-dom@19.2.0_react@19.2.0/node_modules/react-dom/cjs/react-dom-client.development.js:15439:11)
      at commitPassiveMountOnFiber (node_modules/.pnpm/react-dom@19.2.0_react@19.2.0/node_modules/react-dom/cjs/react-dom-client.development.js:15718:11)
      at recursivelyTraversePassiveMountEffects (node_modules/.pnpm/react-dom@19.2.0_react@19.2.0/node_modules/react-dom/cjs/react-dom-client.development.js:15439:11)
      at commitPassiveMountOnFiber (node_modules/.pnpm/react-dom@19.2.0_react@19.2.0/node_modules/react-dom/cjs/react-dom-client.development.js:15476:11)
      at recursivelyTraversePassiveMountEffects (node_modules/.pnpm/react-dom@19.2.0_react@19.2.0/node_modules/react-dom/cjs/react-dom-client.development.js:15439:11)
      at commitPassiveMountOnFiber (node_modules/.pnpm/react-dom@19.2.0_react@19.2.0/node_modules/react-dom/cjs/react-dom-client.development.js:15476:11)
      at recursivelyTraversePassiveMountEffects (node_modules/.pnpm/react-dom@19.2.0_react@19.2.0/node_modules/react-dom/cjs/react-dom-client.development.js:15439:11)
      at commitPassiveMountOnFiber (node_modules/.pnpm/react-dom@19.2.0_react@19.2.0/node_modules/react-dom/cjs/react-dom-client.development.js:15718:11)
      at recursivelyTraversePassiveMountEffects (node_modules/.pnpm/react-dom@19.2.0_react@19.2.0/node_modules/react-dom/cjs/react-dom-client.development.js:15439:11)
      at commitPassiveMountOnFiber (node_modules/.pnpm/react-dom@19.2.0_react@19.2.0/node_modules/react-dom/cjs/react-dom-client.development.js:15476:11)
      at recursivelyTraversePassiveMountEffects (node_modules/.pnpm/react-dom@19.2.0_react@19.2.0/node_modules/react-dom/cjs/react-dom-client.development.js:15439:11)
      at commitPassiveMountOnFiber (node_modules/.pnpm/react-dom@19.2.0_react@19.2.0/node_modules/react-dom/cjs/react-dom-client.development.js:15476:11)
      at recursivelyTraversePassiveMountEffects (node_modules/.pnpm/react-dom@19.2.0_react@19.2.0/node_modules/react-dom/cjs/react-dom-client.development.js:15439:11)
      at commitPassiveMountOnFiber (node_modules/.pnpm/react-dom@19.2.0_react@19.2.0/node_modules/react-dom/cjs/react-dom-client.development.js:15476:11)
      at recursivelyTraversePassiveMountEffects (node_modules/.pnpm/react-dom@19.2.0_react@19.2.0/node_modules/react-dom/cjs/react-dom-client.development.js:15439:11)
      at commitPassiveMountOnFiber (node_modules/.pnpm/react-dom@19.2.0_react@19.2.0/node_modules/react-dom/cjs/react-dom-client.development.js:15718:11)
      at recursivelyTraversePassiveMountEffects (node_modules/.pnpm/react-dom@19.2.0_react@19.2.0/node_modules/react-dom/cjs/react-dom-client.development.js:15439:11)
      at commitPassiveMountOnFiber (node_modules/.pnpm/react-dom@19.2.0_react@19.2.0/node_modules/react-dom/cjs/react-dom-client.development.js:15476:11)
      at recursivelyTraversePassiveMountEffects (node_modules/.pnpm/react-dom@19.2.0_react@19.2.0/node_modules/react-dom/cjs/react-dom-client.development.js:15439:11)
      at commitPassiveMountOnFiber (node_modules/.pnpm/react-dom@19.2.0_react@19.2.0/node_modules/react-dom/cjs/react-dom-client.development.js:15476:11)
      at recursivelyTraversePassiveMountEffects (node_modules/.pnpm/react-dom@19.2.0_react@19.2.0/node_modules/react-dom/cjs/react-dom-client.development.js:15439:11)
      at commitPassiveMountOnFiber (node_modules/.pnpm/react-dom@19.2.0_react@19.2.0/node_modules/react-dom/cjs/react-dom-client.development.js:15476:11)
      at recursivelyTraversePassiveMountEffects (node_modules/.pnpm/react-dom@19.2.0_react@19.2.0/node_modules/react-dom/cjs/react-dom-client.development.js:15439:11)
      at commitPassiveMountOnFiber (node_modules/.pnpm/react-dom@19.2.0_react@19.2.0/node_modules/react-dom/cjs/react-dom-client.development.js:15476:11)
      at recursivelyTraversePassiveMountEffects (node_modules/.pnpm/react-dom@19.2.0_react@19.2.0/node_modules/react-dom/cjs/react-dom-client.development.js:15439:11)
      at commitPassiveMountOnFiber (node_modules/.pnpm/react-dom@19.2.0_react@19.2.0/node_modules/react-dom/cjs/react-dom-client.development.js:15519:11)
      at flushPassiveEffects (node_modules/.pnpm/react-dom@19.2.0_react@19.2.0/node_modules/react-dom/cjs/react-dom-client.development.js:18432:9)
      at flushPendingEffects (node_modules/.pnpm/react-dom@19.2.0_react@19.2.0/node_modules/react-dom/cjs/react-dom-client.development.js:18358:14)
      at flushSpawnedWork (node_modules/.pnpm/react-dom@19.2.0_react@19.2.0/node_modules/react-dom/cjs/react-dom-client.development.js:18323:44)
      at commitRoot (node_modules/.pnpm/react-dom@19.2.0_react@19.2.0/node_modules/react-dom/cjs/react-dom-client.development.js:17955:9)
      at performWorkOnRoot (node_modules/.pnpm/react-dom@19.2.0_react@19.2.0/node_modules/react-dom/cjs/react-dom-client.development.js:16667:15)
      at performSyncWorkOnRoot (node_modules/.pnpm/react-dom@19.2.0_react@19.2.0/node_modules/react-dom/cjs/react-dom-client.development.js:18972:7)
      at flushSyncWorkAcrossRoots_impl (node_modules/.pnpm/react-dom@19.2.0_react@19.2.0/node_modules/react-dom/cjs/react-dom-client.development.js:18814:21)
      at flushSpawnedWork (node_modules/.pnpm/react-dom@19.2.0_react@19.2.0/node_modules/react-dom/cjs/react-dom-client.development.js:18334:9)
      at commitRoot (node_modules/.pnpm/react-dom@19.2.0_react@19.2.0/node_modules/react-dom/cjs/react-dom-client.development.js:17955:9)
      at performWorkOnRoot (node_modules/.pnpm/react-dom@19.2.0_react@19.2.0/node_modules/react-dom/cjs/react-dom-client.development.js:16667:15)
      at performWorkOnRootViaSchedulerTask (node_modules/.pnpm/react-dom@19.2.0_react@19.2.0/node_modules/react-dom/cjs/react-dom-client.development.js:18957:7)
      at flushActQueue (node_modules/.pnpm/react@19.2.0/node_modules/react/cjs/react.development.js:590:34)
      at process.env.NODE_ENV.exports.act (node_modules/.pnpm/react@19.2.0/node_modules/react/cjs/react.development.js:884:10)
      at node_modules/.pnpm/@testing-library+react@16.3_15d474de7481bb0af842c1b1705139a8/node_modules/@testing-library/react/dist/act-compat.js:47:25
      at renderRoot (node_modules/.pnpm/@testing-library+react@16.3_15d474de7481bb0af842c1b1705139a8/node_modules/@testing-library/react/dist/pure.js:190:26)
      at render (node_modules/.pnpm/@testing-library+react@16.3_15d474de7481bb0af842c1b1705139a8/node_modules/@testing-library/react/dist/pure.js:292:10)
      at Object.<anonymous> (src/__tests__/components/ExportChatModal.test.tsx:213:13)

    console.warn
      Warning: Missing `Description` or `aria-describedby={undefined}` for {DialogContent}.

    [0m [90m 211 |[39m
     [90m 212 |[39m     it([32m'includes date range in export request'[39m[33m,[39m [36masync[39m () [33m=>[39m {
    [31m[1m>[22m[39m[90m 213 |[39m       render([33m<[39m[33mExportChatModal[39m {[33m...[39mdefaultProps} [33m/[39m[33m>[39m)[33m;[39m
     [90m     |[39m             [31m[1m^[22m[39m
     [90m 214 |[39m
     [90m 215 |[39m       [36mconst[39m dateFromInput [33m=[39m screen[33m.[39mgetByLabelText([32m'Da'[39m)[33m;[39m
     [90m 216 |[39m       [36mconst[39m dateToInput [33m=[39m screen[33m.[39mgetByLabelText([32m'A'[39m)[33m;[39m[0m

      at node_modules/.pnpm/@radix-ui+react-dialog@1.1._664b8f23a65f4708bb5cf27e5ff43c08/node_modules/@radix-ui/react-dialog/src/dialog.tsx:543:36
      at Object.react_stack_bottom_frame (node_modules/.pnpm/react-dom@19.2.0_react@19.2.0/node_modules/react-dom/cjs/react-dom-client.development.js:25989:20)
      at runWithFiberInDEV (node_modules/.pnpm/react-dom@19.2.0_react@19.2.0/node_modules/react-dom/cjs/react-dom-client.development.js:874:13)
      at commitHookEffectListMount (node_modules/.pnpm/react-dom@19.2.0_react@19.2.0/node_modules/react-dom/cjs/react-dom-client.development.js:13249:29)
      at commitHookPassiveMountEffects (node_modules/.pnpm/react-dom@19.2.0_react@19.2.0/node_modules/react-dom/cjs/react-dom-client.development.js:13336:11)
      at commitPassiveMountOnFiber (node_modules/.pnpm/react-dom@19.2.0_react@19.2.0/node_modules/react-dom/cjs/react-dom-client.development.js:15484:13)
      at recursivelyTraversePassiveMountEffects (node_modules/.pnpm/react-dom@19.2.0_react@19.2.0/node_modules/react-dom/cjs/react-dom-client.development.js:15439:11)
      at commitPassiveMountOnFiber (node_modules/.pnpm/react-dom@19.2.0_react@19.2.0/node_modules/react-dom/cjs/react-dom-client.development.js:15718:11)
      at recursivelyTraversePassiveMountEffects (node_modules/.pnpm/react-dom@19.2.0_react@19.2.0/node_modules/react-dom/cjs/react-dom-client.development.js:15439:11)
      at commitPassiveMountOnFiber (node_modules/.pnpm/react-dom@19.2.0_react@19.2.0/node_modules/react-dom/cjs/react-dom-client.development.js:15476:11)
      at recursivelyTraversePassiveMountEffects (node_modules/.pnpm/react-dom@19.2.0_react@19.2.0/node_modules/react-dom/cjs/react-dom-client.development.js:15439:11)
      at commitPassiveMountOnFiber (node_modules/.pnpm/react-dom@19.2.0_react@19.2.0/node_modules/react-dom/cjs/react-dom-client.development.js:15476:11)
      at recursivelyTraversePassiveMountEffects (node_modules/.pnpm/react-dom@19.2.0_react@19.2.0/node_modules/react-dom/cjs/react-dom-client.development.js:15439:11)
      at commitPassiveMountOnFiber (node_modules/.pnpm/react-dom@19.2.0_react@19.2.0/node_modules/react-dom/cjs/react-dom-client.development.js:15476:11)
      at recursivelyTraversePassiveMountEffects (node_modules/.pnpm/react-dom@19.2.0_react@19.2.0/node_modules/react-dom/cjs/react-dom-client.development.js:15439:11)
      at commitPassiveMountOnFiber (node_modules/.pnpm/react-dom@19.2.0_react@19.2.0/node_modules/react-dom/cjs/react-dom-client.development.js:15476:11)
      at recursivelyTraversePassiveMountEffects (node_modules/.pnpm/react-dom@19.2.0_react@19.2.0/node_modules/react-dom/cjs/react-dom-client.development.js:15439:11)
      at commitPassiveMountOnFiber (node_modules/.pnpm/react-dom@19.2.0_react@19.2.0/node_modules/react-dom/cjs/react-dom-client.development.js:15476:11)
      at recursivelyTraversePassiveMountEffects (node_modules/.pnpm/react-dom@19.2.0_react@19.2.0/node_modules/react-dom/cjs/react-dom-client.development.js:15439:11)
      at commitPassiveMountOnFiber (node_modules/.pnpm/react-dom@19.2.0_react@19.2.0/node_modules/react-dom/cjs/react-dom-client.development.js:15476:11)
      at recursivelyTraversePassiveMountEffects (node_modules/.pnpm/react-dom@19.2.0_react@19.2.0/node_modules/react-dom/cjs/react-dom-client.development.js:15439:11)
      at commitPassiveMountOnFiber (node_modules/.pnpm/react-dom@19.2.0_react@19.2.0/node_modules/react-dom/cjs/react-dom-client.development.js:15476:11)
      at recursivelyTraversePassiveMountEffects (node_modules/.pnpm/react-dom@19.2.0_react@19.2.0/node_modules/react-dom/cjs/react-dom-client.development.js:15439:11)
      at commitPassiveMountOnFiber (node_modules/.pnpm/react-dom@19.2.0_react@19.2.0/node_modules/react-dom/cjs/react-dom-client.development.js:15718:11)
      at recursivelyTraversePassiveMountEffects (node_modules/.pnpm/react-dom@19.2.0_react@19.2.0/node_modules/react-dom/cjs/react-dom-client.development.js:15439:11)
      at commitPassiveMountOnFiber (node_modules/.pnpm/react-dom@19.2.0_react@19.2.0/node_modules/react-dom/cjs/react-dom-client.development.js:15476:11)
      at recursivelyTraversePassiveMountEffects (node_modules/.pnpm/react-dom@19.2.0_react@19.2.0/node_modules/react-dom/cjs/react-dom-client.development.js:15439:11)
      at commitPassiveMountOnFiber (node_modules/.pnpm/react-dom@19.2.0_react@19.2.0/node_modules/react-dom/cjs/react-dom-client.development.js:15476:11)
      at recursivelyTraversePassiveMountEffects (node_modules/.pnpm/react-dom@19.2.0_react@19.2.0/node_modules/react-dom/cjs/react-dom-client.development.js:15439:11)
      at commitPassiveMountOnFiber (node_modules/.pnpm/react-dom@19.2.0_react@19.2.0/node_modules/react-dom/cjs/react-dom-client.development.js:15718:11)
      at recursivelyTraversePassiveMountEffects (node_modules/.pnpm/react-dom@19.2.0_react@19.2.0/node_modules/react-dom/cjs/react-dom-client.development.js:15439:11)
      at commitPassiveMountOnFiber (node_modules/.pnpm/react-dom@19.2.0_react@19.2.0/node_modules/react-dom/cjs/react-dom-client.development.js:15476:11)
      at recursivelyTraversePassiveMountEffects (node_modules/.pnpm/react-dom@19.2.0_react@19.2.0/node_modules/react-dom/cjs/react-dom-client.development.js:15439:11)
      at commitPassiveMountOnFiber (node_modules/.pnpm/react-dom@19.2.0_react@19.2.0/node_modules/react-dom/cjs/react-dom-client.development.js:15476:11)
      at recursivelyTraversePassiveMountEffects (node_modules/.pnpm/react-dom@19.2.0_react@19.2.0/node_modules/react-dom/cjs/react-dom-client.development.js:15439:11)
      at commitPassiveMountOnFiber (node_modules/.pnpm/react-dom@19.2.0_react@19.2.0/node_modules/react-dom/cjs/react-dom-client.development.js:15476:11)
      at recursivelyTraversePassiveMountEffects (node_modules/.pnpm/react-dom@19.2.0_react@19.2.0/node_modules/react-dom/cjs/react-dom-client.development.js:15439:11)
      at commitPassiveMountOnFiber (node_modules/.pnpm/react-dom@19.2.0_react@19.2.0/node_modules/react-dom/cjs/react-dom-client.development.js:15718:11)
      at recursivelyTraversePassiveMountEffects (node_modules/.pnpm/react-dom@19.2.0_react@19.2.0/node_modules/react-dom/cjs/react-dom-client.development.js:15439:11)
      at commitPassiveMountOnFiber (node_modules/.pnpm/react-dom@19.2.0_react@19.2.0/node_modules/react-dom/cjs/react-dom-client.development.js:15476:11)
      at recursivelyTraversePassiveMountEffects (node_modules/.pnpm/react-dom@19.2.0_react@19.2.0/node_modules/react-dom/cjs/react-dom-client.development.js:15439:11)
      at commitPassiveMountOnFiber (node_modules/.pnpm/react-dom@19.2.0_react@19.2.0/node_modules/react-dom/cjs/react-dom-client.development.js:15476:11)
      at recursivelyTraversePassiveMountEffects (node_modules/.pnpm/react-dom@19.2.0_react@19.2.0/node_modules/react-dom/cjs/react-dom-client.development.js:15439:11)
      at commitPassiveMountOnFiber (node_modules/.pnpm/react-dom@19.2.0_react@19.2.0/node_modules/react-dom/cjs/react-dom-client.development.js:15476:11)
      at recursivelyTraversePassiveMountEffects (node_modules/.pnpm/react-dom@19.2.0_react@19.2.0/node_modules/react-dom/cjs/react-dom-client.development.js:15439:11)
      at commitPassiveMountOnFiber (node_modules/.pnpm/react-dom@19.2.0_react@19.2.0/node_modules/react-dom/cjs/react-dom-client.development.js:15476:11)
      at recursivelyTraversePassiveMountEffects (node_modules/.pnpm/react-dom@19.2.0_react@19.2.0/node_modules/react-dom/cjs/react-dom-client.development.js:15439:11)
      at commitPassiveMountOnFiber (node_modules/.pnpm/react-dom@19.2.0_react@19.2.0/node_modules/react-dom/cjs/react-dom-client.development.js:15519:11)
      at flushPassiveEffects (node_modules/.pnpm/react-dom@19.2.0_react@19.2.0/node_modules/react-dom/cjs/react-dom-client.development.js:18432:9)
      at flushPendingEffects (node_modules/.pnpm/react-dom@19.2.0_react@19.2.0/node_modules/react-dom/cjs/react-dom-client.development.js:18358:14)
      at flushSpawnedWork (node_modules/.pnpm/react-dom@19.2.0_react@19.2.0/node_modules/react-dom/cjs/react-dom-client.development.js:18323:44)
      at commitRoot (node_modules/.pnpm/react-dom@19.2.0_react@19.2.0/node_modules/react-dom/cjs/react-dom-client.development.js:17955:9)
      at performWorkOnRoot (node_modules/.pnpm/react-dom@19.2.0_react@19.2.0/node_modules/react-dom/cjs/react-dom-client.development.js:16667:15)
      at performSyncWorkOnRoot (node_modules/.pnpm/react-dom@19.2.0_react@19.2.0/node_modules/react-dom/cjs/react-dom-client.development.js:18972:7)
      at flushSyncWorkAcrossRoots_impl (node_modules/.pnpm/react-dom@19.2.0_react@19.2.0/node_modules/react-dom/cjs/react-dom-client.development.js:18814:21)
      at flushSpawnedWork (node_modules/.pnpm/react-dom@19.2.0_react@19.2.0/node_modules/react-dom/cjs/react-dom-client.development.js:18334:9)
      at commitRoot (node_modules/.pnpm/react-dom@19.2.0_react@19.2.0/node_modules/react-dom/cjs/react-dom-client.development.js:17955:9)
      at performWorkOnRoot (node_modules/.pnpm/react-dom@19.2.0_react@19.2.0/node_modules/react-dom/cjs/react-dom-client.development.js:16667:15)
      at performWorkOnRootViaSchedulerTask (node_modules/.pnpm/react-dom@19.2.0_react@19.2.0/node_modules/react-dom/cjs/react-dom-client.development.js:18957:7)
      at flushActQueue (node_modules/.pnpm/react@19.2.0/node_modules/react/cjs/react.development.js:590:34)
      at process.env.NODE_ENV.exports.act (node_modules/.pnpm/react@19.2.0/node_modules/react/cjs/react.development.js:884:10)
      at node_modules/.pnpm/@testing-library+react@16.3_15d474de7481bb0af842c1b1705139a8/node_modules/@testing-library/react/dist/act-compat.js:47:25
      at renderRoot (node_modules/.pnpm/@testing-library+react@16.3_15d474de7481bb0af842c1b1705139a8/node_modules/@testing-library/react/dist/pure.js:190:26)
      at render (node_modules/.pnpm/@testing-library+react@16.3_15d474de7481bb0af842c1b1705139a8/node_modules/@testing-library/react/dist/pure.js:292:10)
      at Object.<anonymous> (src/__tests__/components/ExportChatModal.test.tsx:213:13)

    console.error
      `DialogContent` requires a `DialogTitle` for the component to be accessible for screen reader users.
      
      If you want to hide the `DialogTitle`, you can wrap it with our VisuallyHidden component.
      
      For more information, see https://radix-ui.com/primitives/docs/components/dialog

    [0m [90m 373 |[39m       [36mreturn[39m[33m;[39m
     [90m 374 |[39m     }
    [31m[1m>[22m[39m[90m 375 |[39m     originalError[33m.[39mcall(console[33m,[39m [33m...[39margs)[33m;[39m
     [90m     |[39m                   [31m[1m^[22m[39m
     [90m 376 |[39m   }[33m;[39m
     [90m 377 |[39m })[33m;[39m
     [90m 378 |[39m[0m

      at console.call [as error] (jest.setup.js:375:19)
      at node_modules/.pnpm/@radix-ui+react-dialog@1.1._664b8f23a65f4708bb5cf27e5ff43c08/node_modules/@radix-ui/react-dialog/src/dialog.tsx:520:30
      at Object.react_stack_bottom_frame (node_modules/.pnpm/react-dom@19.2.0_react@19.2.0/node_modules/react-dom/cjs/react-dom-client.development.js:25989:20)
      at runWithFiberInDEV (node_modules/.pnpm/react-dom@19.2.0_react@19.2.0/node_modules/react-dom/cjs/react-dom-client.development.js:874:13)
      at commitHookEffectListMount (node_modules/.pnpm/react-dom@19.2.0_react@19.2.0/node_modules/react-dom/cjs/react-dom-client.development.js:13249:29)
      at commitHookPassiveMountEffects (node_modules/.pnpm/react-dom@19.2.0_react@19.2.0/node_modules/react-dom/cjs/react-dom-client.development.js:13336:11)
      at commitPassiveMountOnFiber (node_modules/.pnpm/react-dom@19.2.0_react@19.2.0/node_modules/react-dom/cjs/react-dom-client.development.js:15484:13)
      at recursivelyTraversePassiveMountEffects (node_modules/.pnpm/react-dom@19.2.0_react@19.2.0/node_modules/react-dom/cjs/react-dom-client.development.js:15439:11)
      at commitPassiveMountOnFiber (node_modules/.pnpm/react-dom@19.2.0_react@19.2.0/node_modules/react-dom/cjs/react-dom-client.development.js:15718:11)
      at recursivelyTraversePassiveMountEffects (node_modules/.pnpm/react-dom@19.2.0_react@19.2.0/node_modules/react-dom/cjs/react-dom-client.development.js:15439:11)
      at commitPassiveMountOnFiber (node_modules/.pnpm/react-dom@19.2.0_react@19.2.0/node_modules/react-dom/cjs/react-dom-client.development.js:15476:11)
      at recursivelyTraversePassiveMountEffects (node_modules/.pnpm/react-dom@19.2.0_react@19.2.0/node_modules/react-dom/cjs/react-dom-client.development.js:15439:11)
      at commitPassiveMountOnFiber (node_modules/.pnpm/react-dom@19.2.0_react@19.2.0/node_modules/react-dom/cjs/react-dom-client.development.js:15476:11)
      at recursivelyTraversePassiveMountEffects (node_modules/.pnpm/react-dom@19.2.0_react@19.2.0/node_modules/react-dom/cjs/react-dom-client.development.js:15439:11)
      at commitPassiveMountOnFiber (node_modules/.pnpm/react-dom@19.2.0_react@19.2.0/node_modules/react-dom/cjs/react-dom-client.development.js:15476:11)
      at recursivelyTraversePassiveMountEffects (node_modules/.pnpm/react-dom@19.2.0_react@19.2.0/node_modules/react-dom/cjs/react-dom-client.development.js:15439:11)
      at commitPassiveMountOnFiber (node_modules/.pnpm/react-dom@19.2.0_react@19.2.0/node_modules/react-dom/cjs/react-dom-client.development.js:15476:11)
      at recursivelyTraversePassiveMountEffects (node_modules/.pnpm/react-dom@19.2.0_react@19.2.0/node_modules/react-dom/cjs/react-dom-client.development.js:15439:11)
      at commitPassiveMountOnFiber (node_modules/.pnpm/react-dom@19.2.0_react@19.2.0/node_modules/react-dom/cjs/react-dom-client.development.js:15476:11)
      at recursivelyTraversePassiveMountEffects (node_modules/.pnpm/react-dom@19.2.0_react@19.2.0/node_modules/react-dom/cjs/react-dom-client.development.js:15439:11)
      at commitPassiveMountOnFiber (node_modules/.pnpm/react-dom@19.2.0_react@19.2.0/node_modules/react-dom/cjs/react-dom-client.development.js:15476:11)
      at recursivelyTraversePassiveMountEffects (node_modules/.pnpm/react-dom@19.2.0_react@19.2.0/node_modules/react-dom/cjs/react-dom-client.development.js:15439:11)
      at commitPassiveMountOnFiber (node_modules/.pnpm/react-dom@19.2.0_react@19.2.0/node_modules/react-dom/cjs/react-dom-client.development.js:15476:11)
      at recursivelyTraversePassiveMountEffects (node_modules/.pnpm/react-dom@19.2.0_react@19.2.0/node_modules/react-dom/cjs/react-dom-client.development.js:15439:11)
      at commitPassiveMountOnFiber (node_modules/.pnpm/react-dom@19.2.0_react@19.2.0/node_modules/react-dom/cjs/react-dom-client.development.js:15718:11)
      at recursivelyTraversePassiveMountEffects (node_modules/.pnpm/react-dom@19.2.0_react@19.2.0/node_modules/react-dom/cjs/react-dom-client.development.js:15439:11)
      at commitPassiveMountOnFiber (node_modules/.pnpm/react-dom@19.2.0_react@19.2.0/node_modules/react-dom/cjs/react-dom-client.development.js:15476:11)
      at recursivelyTraversePassiveMountEffects (node_modules/.pnpm/react-dom@19.2.0_react@19.2.0/node_modules/react-dom/cjs/react-dom-client.development.js:15439:11)
      at commitPassiveMountOnFiber (node_modules/.pnpm/react-dom@19.2.0_react@19.2.0/node_modules/react-dom/cjs/react-dom-client.development.js:15476:11)
      at recursivelyTraversePassiveMountEffects (node_modules/.pnpm/react-dom@19.2.0_react@19.2.0/node_modules/react-dom/cjs/react-dom-client.development.js:15439:11)
      at commitPassiveMountOnFiber (node_modules/.pnpm/react-dom@19.2.0_react@19.2.0/node_modules/react-dom/cjs/react-dom-client.development.js:15718:11)
      at recursivelyTraversePassiveMountEffects (node_modules/.pnpm/react-dom@19.2.0_react@19.2.0/node_modules/react-dom/cjs/react-dom-client.development.js:15439:11)
      at commitPassiveMountOnFiber (node_modules/.pnpm/react-dom@19.2.0_react@19.2.0/node_modules/react-dom/cjs/react-dom-client.development.js:15476:11)
      at recursivelyTraversePassiveMountEffects (node_modules/.pnpm/react-dom@19.2.0_react@19.2.0/node_modules/react-dom/cjs/react-dom-client.development.js:15439:11)
      at commitPassiveMountOnFiber (node_modules/.pnpm/react-dom@19.2.0_react@19.2.0/node_modules/react-dom/cjs/react-dom-client.development.js:15476:11)
      at recursivelyTraversePassiveMountEffects (node_modules/.pnpm/react-dom@19.2.0_react@19.2.0/node_modules/react-dom/cjs/react-dom-client.development.js:15439:11)
      at commitPassiveMountOnFiber (node_modules/.pnpm/react-dom@19.2.0_react@19.2.0/node_modules/react-dom/cjs/react-dom-client.development.js:15476:11)
      at recursivelyTraversePassiveMountEffects (node_modules/.pnpm/react-dom@19.2.0_react@19.2.0/node_modules/react-dom/cjs/react-dom-client.development.js:15439:11)
      at commitPassiveMountOnFiber (node_modules/.pnpm/react-dom@19.2.0_react@19.2.0/node_modules/react-dom/cjs/react-dom-client.development.js:15718:11)
      at recursivelyTraversePassiveMountEffects (node_modules/.pnpm/react-dom@19.2.0_react@19.2.0/node_modules/react-dom/cjs/react-dom-client.development.js:15439:11)
      at commitPassiveMountOnFiber (node_modules/.pnpm/react-dom@19.2.0_react@19.2.0/node_modules/react-dom/cjs/react-dom-client.development.js:15476:11)
      at recursivelyTraversePassiveMountEffects (node_modules/.pnpm/react-dom@19.2.0_react@19.2.0/node_modules/react-dom/cjs/react-dom-client.development.js:15439:11)
      at commitPassiveMountOnFiber (node_modules/.pnpm/react-dom@19.2.0_react@19.2.0/node_modules/react-dom/cjs/react-dom-client.development.js:15476:11)
      at recursivelyTraversePassiveMountEffects (node_modules/.pnpm/react-dom@19.2.0_react@19.2.0/node_modules/react-dom/cjs/react-dom-client.development.js:15439:11)
      at commitPassiveMountOnFiber (node_modules/.pnpm/react-dom@19.2.0_react@19.2.0/node_modules/react-dom/cjs/react-dom-client.development.js:15476:11)
      at recursivelyTraversePassiveMountEffects (node_modules/.pnpm/react-dom@19.2.0_react@19.2.0/node_modules/react-dom/cjs/react-dom-client.development.js:15439:11)
      at commitPassiveMountOnFiber (node_modules/.pnpm/react-dom@19.2.0_react@19.2.0/node_modules/react-dom/cjs/react-dom-client.development.js:15476:11)
      at recursivelyTraversePassiveMountEffects (node_modules/.pnpm/react-dom@19.2.0_react@19.2.0/node_modules/react-dom/cjs/react-dom-client.development.js:15439:11)
      at commitPassiveMountOnFiber (node_modules/.pnpm/react-dom@19.2.0_react@19.2.0/node_modules/react-dom/cjs/react-dom-client.development.js:15519:11)
      at flushPassiveEffects (node_modules/.pnpm/react-dom@19.2.0_react@19.2.0/node_modules/react-dom/cjs/react-dom-client.development.js:18432:9)
      at flushPendingEffects (node_modules/.pnpm/react-dom@19.2.0_react@19.2.0/node_modules/react-dom/cjs/react-dom-client.development.js:18358:14)
      at flushSpawnedWork (node_modules/.pnpm/react-dom@19.2.0_react@19.2.0/node_modules/react-dom/cjs/react-dom-client.development.js:18323:44)
      at commitRoot (node_modules/.pnpm/react-dom@19.2.0_react@19.2.0/node_modules/react-dom/cjs/react-dom-client.development.js:17955:9)
      at performWorkOnRoot (node_modules/.pnpm/react-dom@19.2.0_react@19.2.0/node_modules/react-dom/cjs/react-dom-client.development.js:16667:15)
      at performSyncWorkOnRoot (node_modules/.pnpm/react-dom@19.2.0_react@19.2.0/node_modules/react-dom/cjs/react-dom-client.development.js:18972:7)
      at flushSyncWorkAcrossRoots_impl (node_modules/.pnpm/react-dom@19.2.0_react@19.2.0/node_modules/react-dom/cjs/react-dom-client.development.js:18814:21)
      at flushSpawnedWork (node_modules/.pnpm/react-dom@19.2.0_react@19.2.0/node_modules/react-dom/cjs/react-dom-client.development.js:18334:9)
      at commitRoot (node_modules/.pnpm/react-dom@19.2.0_react@19.2.0/node_modules/react-dom/cjs/react-dom-client.development.js:17955:9)
      at performWorkOnRoot (node_modules/.pnpm/react-dom@19.2.0_react@19.2.0/node_modules/react-dom/cjs/react-dom-client.development.js:16667:15)
      at performWorkOnRootViaSchedulerTask (node_modules/.pnpm/react-dom@19.2.0_react@19.2.0/node_modules/react-dom/cjs/react-dom-client.development.js:18957:7)
      at flushActQueue (node_modules/.pnpm/react@19.2.0/node_modules/react/cjs/react.development.js:590:34)
      at process.env.NODE_ENV.exports.act (node_modules/.pnpm/react@19.2.0/node_modules/react/cjs/react.development.js:884:10)
      at node_modules/.pnpm/@testing-library+react@16.3_15d474de7481bb0af842c1b1705139a8/node_modules/@testing-library/react/dist/act-compat.js:47:25
      at renderRoot (node_modules/.pnpm/@testing-library+react@16.3_15d474de7481bb0af842c1b1705139a8/node_modules/@testing-library/react/dist/pure.js:190:26)
      at render (node_modules/.pnpm/@testing-library+react@16.3_15d474de7481bb0af842c1b1705139a8/node_modules/@testing-library/react/dist/pure.js:292:10)
      at Object.<anonymous> (src/__tests__/components/ExportChatModal.test.tsx:234:13)

    console.warn
      Warning: Missing `Description` or `aria-describedby={undefined}` for {DialogContent}.

    [0m [90m 232 |[39m
     [90m 233 |[39m     it([32m'closes modal on successful export'[39m[33m,[39m [36masync[39m () [33m=>[39m {
    [31m[1m>[22m[39m[90m 234 |[39m       render([33m<[39m[33mExportChatModal[39m {[33m...[39mdefaultProps} [33m/[39m[33m>[39m)[33m;[39m
     [90m     |[39m             [31m[1m^[22m[39m
     [90m 235 |[39m
     [90m 236 |[39m       [36mconst[39m exportButton [33m=[39m screen[33m.[39mgetByRole([32m'button'[39m[33m,[39m { name[33m:[39m [35m/esporta/i[39m })[33m;[39m
     [90m 237 |[39m       fireEvent[33m.[39mclick(exportButton)[33m;[39m[0m

      at node_modules/.pnpm/@radix-ui+react-dialog@1.1._664b8f23a65f4708bb5cf27e5ff43c08/node_modules/@radix-ui/react-dialog/src/dialog.tsx:543:36
      at Object.react_stack_bottom_frame (node_modules/.pnpm/react-dom@19.2.0_react@19.2.0/node_modules/react-dom/cjs/react-dom-client.development.js:25989:20)
      at runWithFiberInDEV (node_modules/.pnpm/react-dom@19.2.0_react@19.2.0/node_modules/react-dom/cjs/react-dom-client.development.js:874:13)
      at commitHookEffectListMount (node_modules/.pnpm/react-dom@19.2.0_react@19.2.0/node_modules/react-dom/cjs/react-dom-client.development.js:13249:29)
      at commitHookPassiveMountEffects (node_modules/.pnpm/react-dom@19.2.0_react@19.2.0/node_modules/react-dom/cjs/react-dom-client.development.js:13336:11)
      at commitPassiveMountOnFiber (node_modules/.pnpm/react-dom@19.2.0_react@19.2.0/node_modules/react-dom/cjs/react-dom-client.development.js:15484:13)
      at recursivelyTraversePassiveMountEffects (node_modules/.pnpm/react-dom@19.2.0_react@19.2.0/node_modules/react-dom/cjs/react-dom-client.development.js:15439:11)
      at commitPassiveMountOnFiber (node_modules/.pnpm/react-dom@19.2.0_react@19.2.0/node_modules/react-dom/cjs/react-dom-client.development.js:15718:11)
      at recursivelyTraversePassiveMountEffects (node_modules/.pnpm/react-dom@19.2.0_react@19.2.0/node_modules/react-dom/cjs/react-dom-client.development.js:15439:11)
      at commitPassiveMountOnFiber (node_modules/.pnpm/react-dom@19.2.0_react@19.2.0/node_modules/react-dom/cjs/react-dom-client.development.js:15476:11)
      at recursivelyTraversePassiveMountEffects (node_modules/.pnpm/react-dom@19.2.0_react@19.2.0/node_modules/react-dom/cjs/react-dom-client.development.js:15439:11)
      at commitPassiveMountOnFiber (node_modules/.pnpm/react-dom@19.2.0_react@19.2.0/node_modules/react-dom/cjs/react-dom-client.development.js:15476:11)
      at recursivelyTraversePassiveMountEffects (node_modules/.pnpm/react-dom@19.2.0_react@19.2.0/node_modules/react-dom/cjs/react-dom-client.development.js:15439:11)
      at commitPassiveMountOnFiber (node_modules/.pnpm/react-dom@19.2.0_react@19.2.0/node_modules/react-dom/cjs/react-dom-client.development.js:15476:11)
      at recursivelyTraversePassiveMountEffects (node_modules/.pnpm/react-dom@19.2.0_react@19.2.0/node_modules/react-dom/cjs/react-dom-client.development.js:15439:11)
      at commitPassiveMountOnFiber (node_modules/.pnpm/react-dom@19.2.0_react@19.2.0/node_modules/react-dom/cjs/react-dom-client.development.js:15476:11)
      at recursivelyTraversePassiveMountEffects (node_modules/.pnpm/react-dom@19.2.0_react@19.2.0/node_modules/react-dom/cjs/react-dom-client.development.js:15439:11)
      at commitPassiveMountOnFiber (node_modules/.pnpm/react-dom@19.2.0_react@19.2.0/node_modules/react-dom/cjs/react-dom-client.development.js:15476:11)
      at recursivelyTraversePassiveMountEffects (node_modules/.pnpm/react-dom@19.2.0_react@19.2.0/node_modules/react-dom/cjs/react-dom-client.development.js:15439:11)
      at commitPassiveMountOnFiber (node_modules/.pnpm/react-dom@19.2.0_react@19.2.0/node_modules/react-dom/cjs/react-dom-client.development.js:15476:11)
      at recursivelyTraversePassiveMountEffects (node_modules/.pnpm/react-dom@19.2.0_react@19.2.0/node_modules/react-dom/cjs/react-dom-client.development.js:15439:11)
      at commitPassiveMountOnFiber (node_modules/.pnpm/react-dom@19.2.0_react@19.2.0/node_modules/react-dom/cjs/react-dom-client.development.js:15476:11)
      at recursivelyTraversePassiveMountEffects (node_modules/.pnpm/react-dom@19.2.0_react@19.2.0/node_modules/react-dom/cjs/react-dom-client.development.js:15439:11)
      at commitPassiveMountOnFiber (node_modules/.pnpm/react-dom@19.2.0_react@19.2.0/node_modules/react-dom/cjs/react-dom-client.development.js:15718:11)
      at recursivelyTraversePassiveMountEffects (node_modules/.pnpm/react-dom@19.2.0_react@19.2.0/node_modules/react-dom/cjs/react-dom-client.development.js:15439:11)
      at commitPassiveMountOnFiber (node_modules/.pnpm/react-dom@19.2.0_react@19.2.0/node_modules/react-dom/cjs/react-dom-client.development.js:15476:11)
      at recursivelyTraversePassiveMountEffects (node_modules/.pnpm/react-dom@19.2.0_react@19.2.0/node_modules/react-dom/cjs/react-dom-client.development.js:15439:11)
      at commitPassiveMountOnFiber (node_modules/.pnpm/react-dom@19.2.0_react@19.2.0/node_modules/react-dom/cjs/react-dom-client.development.js:15476:11)
      at recursivelyTraversePassiveMountEffects (node_modules/.pnpm/react-dom@19.2.0_react@19.2.0/node_modules/react-dom/cjs/react-dom-client.development.js:15439:11)
      at commitPassiveMountOnFiber (node_modules/.pnpm/react-dom@19.2.0_react@19.2.0/node_modules/react-dom/cjs/react-dom-client.development.js:15718:11)
      at recursivelyTraversePassiveMountEffects (node_modules/.pnpm/react-dom@19.2.0_react@19.2.0/node_modules/react-dom/cjs/react-dom-client.development.js:15439:11)
      at commitPassiveMountOnFiber (node_modules/.pnpm/react-dom@19.2.0_react@19.2.0/node_modules/react-dom/cjs/react-dom-client.development.js:15476:11)
      at recursivelyTraversePassiveMountEffects (node_modules/.pnpm/react-dom@19.2.0_react@19.2.0/node_modules/react-dom/cjs/react-dom-client.development.js:15439:11)
      at commitPassiveMountOnFiber (node_modules/.pnpm/react-dom@19.2.0_react@19.2.0/node_modules/react-dom/cjs/react-dom-client.development.js:15476:11)
      at recursivelyTraversePassiveMountEffects (node_modules/.pnpm/react-dom@19.2.0_react@19.2.0/node_modules/react-dom/cjs/react-dom-client.development.js:15439:11)
      at commitPassiveMountOnFiber (node_modules/.pnpm/react-dom@19.2.0_react@19.2.0/node_modules/react-dom/cjs/react-dom-client.development.js:15476:11)
      at recursivelyTraversePassiveMountEffects (node_modules/.pnpm/react-dom@19.2.0_react@19.2.0/node_modules/react-dom/cjs/react-dom-client.development.js:15439:11)
      at commitPassiveMountOnFiber (node_modules/.pnpm/react-dom@19.2.0_react@19.2.0/node_modules/react-dom/cjs/react-dom-client.development.js:15718:11)
      at recursivelyTraversePassiveMountEffects (node_modules/.pnpm/react-dom@19.2.0_react@19.2.0/node_modules/react-dom/cjs/react-dom-client.development.js:15439:11)
      at commitPassiveMountOnFiber (node_modules/.pnpm/react-dom@19.2.0_react@19.2.0/node_modules/react-dom/cjs/react-dom-client.development.js:15476:11)
      at recursivelyTraversePassiveMountEffects (node_modules/.pnpm/react-dom@19.2.0_react@19.2.0/node_modules/react-dom/cjs/react-dom-client.development.js:15439:11)
      at commitPassiveMountOnFiber (node_modules/.pnpm/react-dom@19.2.0_react@19.2.0/node_modules/react-dom/cjs/react-dom-client.development.js:15476:11)
      at recursivelyTraversePassiveMountEffects (node_modules/.pnpm/react-dom@19.2.0_react@19.2.0/node_modules/react-dom/cjs/react-dom-client.development.js:15439:11)
      at commitPassiveMountOnFiber (node_modules/.pnpm/react-dom@19.2.0_react@19.2.0/node_modules/react-dom/cjs/react-dom-client.development.js:15476:11)
      at recursivelyTraversePassiveMountEffects (node_modules/.pnpm/react-dom@19.2.0_react@19.2.0/node_modules/react-dom/cjs/react-dom-client.development.js:15439:11)
      at commitPassiveMountOnFiber (node_modules/.pnpm/react-dom@19.2.0_react@19.2.0/node_modules/react-dom/cjs/react-dom-client.development.js:15476:11)
      at recursivelyTraversePassiveMountEffects (node_modules/.pnpm/react-dom@19.2.0_react@19.2.0/node_modules/react-dom/cjs/react-dom-client.development.js:15439:11)
      at commitPassiveMountOnFiber (node_modules/.pnpm/react-dom@19.2.0_react@19.2.0/node_modules/react-dom/cjs/react-dom-client.development.js:15519:11)
      at flushPassiveEffects (node_modules/.pnpm/react-dom@19.2.0_react@19.2.0/node_modules/react-dom/cjs/react-dom-client.development.js:18432:9)
      at flushPendingEffects (node_modules/.pnpm/react-dom@19.2.0_react@19.2.0/node_modules/react-dom/cjs/react-dom-client.development.js:18358:14)
      at flushSpawnedWork (node_modules/.pnpm/react-dom@19.2.0_react@19.2.0/node_modules/react-dom/cjs/react-dom-client.development.js:18323:44)
      at commitRoot (node_modules/.pnpm/react-dom@19.2.0_react@19.2.0/node_modules/react-dom/cjs/react-dom-client.development.js:17955:9)
      at performWorkOnRoot (node_modules/.pnpm/react-dom@19.2.0_react@19.2.0/node_modules/react-dom/cjs/react-dom-client.development.js:16667:15)
      at performSyncWorkOnRoot (node_modules/.pnpm/react-dom@19.2.0_react@19.2.0/node_modules/react-dom/cjs/react-dom-client.development.js:18972:7)
      at flushSyncWorkAcrossRoots_impl (node_modules/.pnpm/react-dom@19.2.0_react@19.2.0/node_modules/react-dom/cjs/react-dom-client.development.js:18814:21)
      at flushSpawnedWork (node_modules/.pnpm/react-dom@19.2.0_react@19.2.0/node_modules/react-dom/cjs/react-dom-client.development.js:18334:9)
      at commitRoot (node_modules/.pnpm/react-dom@19.2.0_react@19.2.0/node_modules/react-dom/cjs/react-dom-client.development.js:17955:9)
      at performWorkOnRoot (node_modules/.pnpm/react-dom@19.2.0_react@19.2.0/node_modules/react-dom/cjs/react-dom-client.development.js:16667:15)
      at performWorkOnRootViaSchedulerTask (node_modules/.pnpm/react-dom@19.2.0_react@19.2.0/node_modules/react-dom/cjs/react-dom-client.development.js:18957:7)
      at flushActQueue (node_modules/.pnpm/react@19.2.0/node_modules/react/cjs/react.development.js:590:34)
      at process.env.NODE_ENV.exports.act (node_modules/.pnpm/react@19.2.0/node_modules/react/cjs/react.development.js:884:10)
      at node_modules/.pnpm/@testing-library+react@16.3_15d474de7481bb0af842c1b1705139a8/node_modules/@testing-library/react/dist/act-compat.js:47:25
      at renderRoot (node_modules/.pnpm/@testing-library+react@16.3_15d474de7481bb0af842c1b1705139a8/node_modules/@testing-library/react/dist/pure.js:190:26)
      at render (node_modules/.pnpm/@testing-library+react@16.3_15d474de7481bb0af842c1b1705139a8/node_modules/@testing-library/react/dist/pure.js:292:10)
      at Object.<anonymous> (src/__tests__/components/ExportChatModal.test.tsx:234:13)

    console.error
      `DialogContent` requires a `DialogTitle` for the component to be accessible for screen reader users.
      
      If you want to hide the `DialogTitle`, you can wrap it with our VisuallyHidden component.
      
      For more information, see https://radix-ui.com/primitives/docs/components/dialog

    [0m [90m 373 |[39m       [36mreturn[39m[33m;[39m
     [90m 374 |[39m     }
    [31m[1m>[22m[39m[90m 375 |[39m     originalError[33m.[39mcall(console[33m,[39m [33m...[39margs)[33m;[39m
     [90m     |[39m                   [31m[1m^[22m[39m
     [90m 376 |[39m   }[33m;[39m
     [90m 377 |[39m })[33m;[39m
     [90m 378 |[39m[0m

      at console.call [as error] (jest.setup.js:375:19)
      at node_modules/.pnpm/@radix-ui+react-dialog@1.1._664b8f23a65f4708bb5cf27e5ff43c08/node_modules/@radix-ui/react-dialog/src/dialog.tsx:520:30
      at Object.react_stack_bottom_frame (node_modules/.pnpm/react-dom@19.2.0_react@19.2.0/node_modules/react-dom/cjs/react-dom-client.development.js:25989:20)
      at runWithFiberInDEV (node_modules/.pnpm/react-dom@19.2.0_react@19.2.0/node_modules/react-dom/cjs/react-dom-client.development.js:874:13)
      at commitHookEffectListMount (node_modules/.pnpm/react-dom@19.2.0_react@19.2.0/node_modules/react-dom/cjs/react-dom-client.development.js:13249:29)
      at commitHookPassiveMountEffects (node_modules/.pnpm/react-dom@19.2.0_react@19.2.0/node_modules/react-dom/cjs/react-dom-client.development.js:13336:11)
      at commitPassiveMountOnFiber (node_modules/.pnpm/react-dom@19.2.0_react@19.2.0/node_modules/react-dom/cjs/react-dom-client.development.js:15484:13)
      at recursivelyTraversePassiveMountEffects (node_modules/.pnpm/react-dom@19.2.0_react@19.2.0/node_modules/react-dom/cjs/react-dom-client.development.js:15439:11)
      at commitPassiveMountOnFiber (node_modules/.pnpm/react-dom@19.2.0_react@19.2.0/node_modules/react-dom/cjs/react-dom-client.development.js:15718:11)
      at recursivelyTraversePassiveMountEffects (node_modules/.pnpm/react-dom@19.2.0_react@19.2.0/node_modules/react-dom/cjs/react-dom-client.development.js:15439:11)
      at commitPassiveMountOnFiber (node_modules/.pnpm/react-dom@19.2.0_react@19.2.0/node_modules/react-dom/cjs/react-dom-client.development.js:15476:11)
      at recursivelyTraversePassiveMountEffects (node_modules/.pnpm/react-dom@19.2.0_react@19.2.0/node_modules/react-dom/cjs/react-dom-client.development.js:15439:11)
      at commitPassiveMountOnFiber (node_modules/.pnpm/react-dom@19.2.0_react@19.2.0/node_modules/react-dom/cjs/react-dom-client.development.js:15476:11)
      at recursivelyTraversePassiveMountEffects (node_modules/.pnpm/react-dom@19.2.0_react@19.2.0/node_modules/react-dom/cjs/react-dom-client.development.js:15439:11)
      at commitPassiveMountOnFiber (node_modules/.pnpm/react-dom@19.2.0_react@19.2.0/node_modules/react-dom/cjs/react-dom-client.development.js:15476:11)
      at recursivelyTraversePassiveMountEffects (node_modules/.pnpm/react-dom@19.2.0_react@19.2.0/node_modules/react-dom/cjs/react-dom-client.development.js:15439:11)
      at commitPassiveMountOnFiber (node_modules/.pnpm/react-dom@19.2.0_react@19.2.0/node_modules/react-dom/cjs/react-dom-client.development.js:15476:11)
      at recursivelyTraversePassiveMountEffects (node_modules/.pnpm/react-dom@19.2.0_react@19.2.0/node_modules/react-dom/cjs/react-dom-client.development.js:15439:11)
      at commitPassiveMountOnFiber (node_modules/.pnpm/react-dom@19.2.0_react@19.2.0/node_modules/react-dom/cjs/react-dom-client.development.js:15476:11)
      at recursivelyTraversePassiveMountEffects (node_modules/.pnpm/react-dom@19.2.0_react@19.2.0/node_modules/react-dom/cjs/react-dom-client.development.js:15439:11)
      at commitPassiveMountOnFiber (node_modules/.pnpm/react-dom@19.2.0_react@19.2.0/node_modules/react-dom/cjs/react-dom-client.development.js:15476:11)
      at recursivelyTraversePassiveMountEffects (node_modules/.pnpm/react-dom@19.2.0_react@19.2.0/node_modules/react-dom/cjs/react-dom-client.development.js:15439:11)
      at commitPassiveMountOnFiber (node_modules/.pnpm/react-dom@19.2.0_react@19.2.0/node_modules/react-dom/cjs/react-dom-client.development.js:15476:11)
      at recursivelyTraversePassiveMountEffects (node_modules/.pnpm/react-dom@19.2.0_react@19.2.0/node_modules/react-dom/cjs/react-dom-client.development.js:15439:11)
      at commitPassiveMountOnFiber (node_modules/.pnpm/react-dom@19.2.0_react@19.2.0/node_modules/react-dom/cjs/react-dom-client.development.js:15718:11)
      at recursivelyTraversePassiveMountEffects (node_modules/.pnpm/react-dom@19.2.0_react@19.2.0/node_modules/react-dom/cjs/react-dom-client.development.js:15439:11)
      at commitPassiveMountOnFiber (node_modules/.pnpm/react-dom@19.2.0_react@19.2.0/node_modules/react-dom/cjs/react-dom-client.development.js:15476:11)
      at recursivelyTraversePassiveMountEffects (node_modules/.pnpm/react-dom@19.2.0_react@19.2.0/node_modules/react-dom/cjs/react-dom-client.development.js:15439:11)
      at commitPassiveMountOnFiber (node_modules/.pnpm/react-dom@19.2.0_react@19.2.0/node_modules/react-dom/cjs/react-dom-client.development.js:15476:11)
      at recursivelyTraversePassiveMountEffects (node_modules/.pnpm/react-dom@19.2.0_react@19.2.0/node_modules/react-dom/cjs/react-dom-client.development.js:15439:11)
      at commitPassiveMountOnFiber (node_modules/.pnpm/react-dom@19.2.0_react@19.2.0/node_modules/react-dom/cjs/react-dom-client.development.js:15718:11)
      at recursivelyTraversePassiveMountEffects (node_modules/.pnpm/react-dom@19.2.0_react@19.2.0/node_modules/react-dom/cjs/react-dom-client.development.js:15439:11)
      at commitPassiveMountOnFiber (node_modules/.pnpm/react-dom@19.2.0_react@19.2.0/node_modules/react-dom/cjs/react-dom-client.development.js:15476:11)
      at recursivelyTraversePassiveMountEffects (node_modules/.pnpm/react-dom@19.2.0_react@19.2.0/node_modules/react-dom/cjs/react-dom-client.development.js:15439:11)
      at commitPassiveMountOnFiber (node_modules/.pnpm/react-dom@19.2.0_react@19.2.0/node_modules/react-dom/cjs/react-dom-client.development.js:15476:11)
      at recursivelyTraversePassiveMountEffects (node_modules/.pnpm/react-dom@19.2.0_react@19.2.0/node_modules/react-dom/cjs/react-dom-client.development.js:15439:11)
      at commitPassiveMountOnFiber (node_modules/.pnpm/react-dom@19.2.0_react@19.2.0/node_modules/react-dom/cjs/react-dom-client.development.js:15476:11)
      at recursivelyTraversePassiveMountEffects (node_modules/.pnpm/react-dom@19.2.0_react@19.2.0/node_modules/react-dom/cjs/react-dom-client.development.js:15439:11)
      at commitPassiveMountOnFiber (node_modules/.pnpm/react-dom@19.2.0_react@19.2.0/node_modules/react-dom/cjs/react-dom-client.development.js:15718:11)
      at recursivelyTraversePassiveMountEffects (node_modules/.pnpm/react-dom@19.2.0_react@19.2.0/node_modules/react-dom/cjs/react-dom-client.development.js:15439:11)
      at commitPassiveMountOnFiber (node_modules/.pnpm/react-dom@19.2.0_react@19.2.0/node_modules/react-dom/cjs/react-dom-client.development.js:15476:11)
      at recursivelyTraversePassiveMountEffects (node_modules/.pnpm/react-dom@19.2.0_react@19.2.0/node_modules/react-dom/cjs/react-dom-client.development.js:15439:11)
      at commitPassiveMountOnFiber (node_modules/.pnpm/react-dom@19.2.0_react@19.2.0/node_modules/react-dom/cjs/react-dom-client.development.js:15476:11)
      at recursivelyTraversePassiveMountEffects (node_modules/.pnpm/react-dom@19.2.0_react@19.2.0/node_modules/react-dom/cjs/react-dom-client.development.js:15439:11)
      at commitPassiveMountOnFiber (node_modules/.pnpm/react-dom@19.2.0_react@19.2.0/node_modules/react-dom/cjs/react-dom-client.development.js:15476:11)
      at recursivelyTraversePassiveMountEffects (node_modules/.pnpm/react-dom@19.2.0_react@19.2.0/node_modules/react-dom/cjs/react-dom-client.development.js:15439:11)
      at commitPassiveMountOnFiber (node_modules/.pnpm/react-dom@19.2.0_react@19.2.0/node_modules/react-dom/cjs/react-dom-client.development.js:15476:11)
      at recursivelyTraversePassiveMountEffects (node_modules/.pnpm/react-dom@19.2.0_react@19.2.0/node_modules/react-dom/cjs/react-dom-client.development.js:15439:11)
      at commitPassiveMountOnFiber (node_modules/.pnpm/react-dom@19.2.0_react@19.2.0/node_modules/react-dom/cjs/react-dom-client.development.js:15519:11)
      at flushPassiveEffects (node_modules/.pnpm/react-dom@19.2.0_react@19.2.0/node_modules/react-dom/cjs/react-dom-client.development.js:18432:9)
      at flushPendingEffects (node_modules/.pnpm/react-dom@19.2.0_react@19.2.0/node_modules/react-dom/cjs/react-dom-client.development.js:18358:14)
      at flushSpawnedWork (node_modules/.pnpm/react-dom@19.2.0_react@19.2.0/node_modules/react-dom/cjs/react-dom-client.development.js:18323:44)
      at commitRoot (node_modules/.pnpm/react-dom@19.2.0_react@19.2.0/node_modules/react-dom/cjs/react-dom-client.development.js:17955:9)
      at performWorkOnRoot (node_modules/.pnpm/react-dom@19.2.0_react@19.2.0/node_modules/react-dom/cjs/react-dom-client.development.js:16667:15)
      at performSyncWorkOnRoot (node_modules/.pnpm/react-dom@19.2.0_react@19.2.0/node_modules/react-dom/cjs/react-dom-client.development.js:18972:7)
      at flushSyncWorkAcrossRoots_impl (node_modules/.pnpm/react-dom@19.2.0_react@19.2.0/node_modules/react-dom/cjs/react-dom-client.development.js:18814:21)
      at flushSpawnedWork (node_modules/.pnpm/react-dom@19.2.0_react@19.2.0/node_modules/react-dom/cjs/react-dom-client.development.js:18334:9)
      at commitRoot (node_modules/.pnpm/react-dom@19.2.0_react@19.2.0/node_modules/react-dom/cjs/react-dom-client.development.js:17955:9)
      at performWorkOnRoot (node_modules/.pnpm/react-dom@19.2.0_react@19.2.0/node_modules/react-dom/cjs/react-dom-client.development.js:16667:15)
      at performWorkOnRootViaSchedulerTask (node_modules/.pnpm/react-dom@19.2.0_react@19.2.0/node_modules/react-dom/cjs/react-dom-client.development.js:18957:7)
      at flushActQueue (node_modules/.pnpm/react@19.2.0/node_modules/react/cjs/react.development.js:590:34)
      at process.env.NODE_ENV.exports.act (node_modules/.pnpm/react@19.2.0/node_modules/react/cjs/react.development.js:884:10)
      at node_modules/.pnpm/@testing-library+react@16.3_15d474de7481bb0af842c1b1705139a8/node_modules/@testing-library/react/dist/act-compat.js:47:25
      at renderRoot (node_modules/.pnpm/@testing-library+react@16.3_15d474de7481bb0af842c1b1705139a8/node_modules/@testing-library/react/dist/pure.js:190:26)
      at render (node_modules/.pnpm/@testing-library+react@16.3_15d474de7481bb0af842c1b1705139a8/node_modules/@testing-library/react/dist/pure.js:292:10)
      at Object.<anonymous> (src/__tests__/components/ExportChatModal.test.tsx:245:13)

    console.warn
      Warning: Missing `Description` or `aria-describedby={undefined}` for {DialogContent}.

    [0m [90m 243 |[39m
     [90m 244 |[39m     it([32m'resets form state after successful export'[39m[33m,[39m [36masync[39m () [33m=>[39m {
    [31m[1m>[22m[39m[90m 245 |[39m       render([33m<[39m[33mExportChatModal[39m {[33m...[39mdefaultProps} [33m/[39m[33m>[39m)[33m;[39m
     [90m     |[39m             [31m[1m^[22m[39m
     [90m 246 |[39m
     [90m 247 |[39m       [90m// Change format and dates[39m
     [90m 248 |[39m       [36mconst[39m txtRadio [33m=[39m screen[33m.[39mgetByRole([32m'radio'[39m[33m,[39m { name[33m:[39m [35m/testo \(txt\)/i[39m })[33m;[39m[0m

      at node_modules/.pnpm/@radix-ui+react-dialog@1.1._664b8f23a65f4708bb5cf27e5ff43c08/node_modules/@radix-ui/react-dialog/src/dialog.tsx:543:36
      at Object.react_stack_bottom_frame (node_modules/.pnpm/react-dom@19.2.0_react@19.2.0/node_modules/react-dom/cjs/react-dom-client.development.js:25989:20)
      at runWithFiberInDEV (node_modules/.pnpm/react-dom@19.2.0_react@19.2.0/node_modules/react-dom/cjs/react-dom-client.development.js:874:13)
      at commitHookEffectListMount (node_modules/.pnpm/react-dom@19.2.0_react@19.2.0/node_modules/react-dom/cjs/react-dom-client.development.js:13249:29)
      at commitHookPassiveMountEffects (node_modules/.pnpm/react-dom@19.2.0_react@19.2.0/node_modules/react-dom/cjs/react-dom-client.development.js:13336:11)
      at commitPassiveMountOnFiber (node_modules/.pnpm/react-dom@19.2.0_react@19.2.0/node_modules/react-dom/cjs/react-dom-client.development.js:15484:13)
      at recursivelyTraversePassiveMountEffects (node_modules/.pnpm/react-dom@19.2.0_react@19.2.0/node_modules/react-dom/cjs/react-dom-client.development.js:15439:11)
      at commitPassiveMountOnFiber (node_modules/.pnpm/react-dom@19.2.0_react@19.2.0/node_modules/react-dom/cjs/react-dom-client.development.js:15718:11)
      at recursivelyTraversePassiveMountEffects (node_modules/.pnpm/react-dom@19.2.0_react@19.2.0/node_modules/react-dom/cjs/react-dom-client.development.js:15439:11)
      at commitPassiveMountOnFiber (node_modules/.pnpm/react-dom@19.2.0_react@19.2.0/node_modules/react-dom/cjs/react-dom-client.development.js:15476:11)
      at recursivelyTraversePassiveMountEffects (node_modules/.pnpm/react-dom@19.2.0_react@19.2.0/node_modules/react-dom/cjs/react-dom-client.development.js:15439:11)
      at commitPassiveMountOnFiber (node_modules/.pnpm/react-dom@19.2.0_react@19.2.0/node_modules/react-dom/cjs/react-dom-client.development.js:15476:11)
      at recursivelyTraversePassiveMountEffects (node_modules/.pnpm/react-dom@19.2.0_react@19.2.0/node_modules/react-dom/cjs/react-dom-client.development.js:15439:11)
      at commitPassiveMountOnFiber (node_modules/.pnpm/react-dom@19.2.0_react@19.2.0/node_modules/react-dom/cjs/react-dom-client.development.js:15476:11)
      at recursivelyTraversePassiveMountEffects (node_modules/.pnpm/react-dom@19.2.0_react@19.2.0/node_modules/react-dom/cjs/react-dom-client.development.js:15439:11)
      at commitPassiveMountOnFiber (node_modules/.pnpm/react-dom@19.2.0_react@19.2.0/node_modules/react-dom/cjs/react-dom-client.development.js:15476:11)
      at recursivelyTraversePassiveMountEffects (node_modules/.pnpm/react-dom@19.2.0_react@19.2.0/node_modules/react-dom/cjs/react-dom-client.development.js:15439:11)
      at commitPassiveMountOnFiber (node_modules/.pnpm/react-dom@19.2.0_react@19.2.0/node_modules/react-dom/cjs/react-dom-client.development.js:15476:11)
      at recursivelyTraversePassiveMountEffects (node_modules/.pnpm/react-dom@19.2.0_react@19.2.0/node_modules/react-dom/cjs/react-dom-client.development.js:15439:11)
      at commitPassiveMountOnFiber (node_modules/.pnpm/react-dom@19.2.0_react@19.2.0/node_modules/react-dom/cjs/react-dom-client.development.js:15476:11)
      at recursivelyTraversePassiveMountEffects (node_modules/.pnpm/react-dom@19.2.0_react@19.2.0/node_modules/react-dom/cjs/react-dom-client.development.js:15439:11)
      at commitPassiveMountOnFiber (node_modules/.pnpm/react-dom@19.2.0_react@19.2.0/node_modules/react-dom/cjs/react-dom-client.development.js:15476:11)
      at recursivelyTraversePassiveMountEffects (node_modules/.pnpm/react-dom@19.2.0_react@19.2.0/node_modules/react-dom/cjs/react-dom-client.development.js:15439:11)
      at commitPassiveMountOnFiber (node_modules/.pnpm/react-dom@19.2.0_react@19.2.0/node_modules/react-dom/cjs/react-dom-client.development.js:15718:11)
      at recursivelyTraversePassiveMountEffects (node_modules/.pnpm/react-dom@19.2.0_react@19.2.0/node_modules/react-dom/cjs/react-dom-client.development.js:15439:11)
      at commitPassiveMountOnFiber (node_modules/.pnpm/react-dom@19.2.0_react@19.2.0/node_modules/react-dom/cjs/react-dom-client.development.js:15476:11)
      at recursivelyTraversePassiveMountEffects (node_modules/.pnpm/react-dom@19.2.0_react@19.2.0/node_modules/react-dom/cjs/react-dom-client.development.js:15439:11)
      at commitPassiveMountOnFiber (node_modules/.pnpm/react-dom@19.2.0_react@19.2.0/node_modules/react-dom/cjs/react-dom-client.development.js:15476:11)
      at recursivelyTraversePassiveMountEffects (node_modules/.pnpm/react-dom@19.2.0_react@19.2.0/node_modules/react-dom/cjs/react-dom-client.development.js:15439:11)
      at commitPassiveMountOnFiber (node_modules/.pnpm/react-dom@19.2.0_react@19.2.0/node_modules/react-dom/cjs/react-dom-client.development.js:15718:11)
      at recursivelyTraversePassiveMountEffects (node_modules/.pnpm/react-dom@19.2.0_react@19.2.0/node_modules/react-dom/cjs/react-dom-client.development.js:15439:11)
      at commitPassiveMountOnFiber (node_modules/.pnpm/react-dom@19.2.0_react@19.2.0/node_modules/react-dom/cjs/react-dom-client.development.js:15476:11)
      at recursivelyTraversePassiveMountEffects (node_modules/.pnpm/react-dom@19.2.0_react@19.2.0/node_modules/react-dom/cjs/react-dom-client.development.js:15439:11)
      at commitPassiveMountOnFiber (node_modules/.pnpm/react-dom@19.2.0_react@19.2.0/node_modules/react-dom/cjs/react-dom-client.development.js:15476:11)
      at recursivelyTraversePassiveMountEffects (node_modules/.pnpm/react-dom@19.2.0_react@19.2.0/node_modules/react-dom/cjs/react-dom-client.development.js:15439:11)
      at commitPassiveMountOnFiber (node_modules/.pnpm/react-dom@19.2.0_react@19.2.0/node_modules/react-dom/cjs/react-dom-client.development.js:15476:11)
      at recursivelyTraversePassiveMountEffects (node_modules/.pnpm/react-dom@19.2.0_react@19.2.0/node_modules/react-dom/cjs/react-dom-client.development.js:15439:11)
      at commitPassiveMountOnFiber (node_modules/.pnpm/react-dom@19.2.0_react@19.2.0/node_modules/react-dom/cjs/react-dom-client.development.js:15718:11)
      at recursivelyTraversePassiveMountEffects (node_modules/.pnpm/react-dom@19.2.0_react@19.2.0/node_modules/react-dom/cjs/react-dom-client.development.js:15439:11)
      at commitPassiveMountOnFiber (node_modules/.pnpm/react-dom@19.2.0_react@19.2.0/node_modules/react-dom/cjs/react-dom-client.development.js:15476:11)
      at recursivelyTraversePassiveMountEffects (node_modules/.pnpm/react-dom@19.2.0_react@19.2.0/node_modules/react-dom/cjs/react-dom-client.development.js:15439:11)
      at commitPassiveMountOnFiber (node_modules/.pnpm/react-dom@19.2.0_react@19.2.0/node_modules/react-dom/cjs/react-dom-client.development.js:15476:11)
      at recursivelyTraversePassiveMountEffects (node_modules/.pnpm/react-dom@19.2.0_react@19.2.0/node_modules/react-dom/cjs/react-dom-client.development.js:15439:11)
      at commitPassiveMountOnFiber (node_modules/.pnpm/react-dom@19.2.0_react@19.2.0/node_modules/react-dom/cjs/react-dom-client.development.js:15476:11)
      at recursivelyTraversePassiveMountEffects (node_modules/.pnpm/react-dom@19.2.0_react@19.2.0/node_modules/react-dom/cjs/react-dom-client.development.js:15439:11)
      at commitPassiveMountOnFiber (node_modules/.pnpm/react-dom@19.2.0_react@19.2.0/node_modules/react-dom/cjs/react-dom-client.development.js:15476:11)
      at recursivelyTraversePassiveMountEffects (node_modules/.pnpm/react-dom@19.2.0_react@19.2.0/node_modules/react-dom/cjs/react-dom-client.development.js:15439:11)
      at commitPassiveMountOnFiber (node_modules/.pnpm/react-dom@19.2.0_react@19.2.0/node_modules/react-dom/cjs/react-dom-client.development.js:15519:11)
      at flushPassiveEffects (node_modules/.pnpm/react-dom@19.2.0_react@19.2.0/node_modules/react-dom/cjs/react-dom-client.development.js:18432:9)
      at flushPendingEffects (node_modules/.pnpm/react-dom@19.2.0_react@19.2.0/node_modules/react-dom/cjs/react-dom-client.development.js:18358:14)
      at flushSpawnedWork (node_modules/.pnpm/react-dom@19.2.0_react@19.2.0/node_modules/react-dom/cjs/react-dom-client.development.js:18323:44)
      at commitRoot (node_modules/.pnpm/react-dom@19.2.0_react@19.2.0/node_modules/react-dom/cjs/react-dom-client.development.js:17955:9)
      at performWorkOnRoot (node_modules/.pnpm/react-dom@19.2.0_react@19.2.0/node_modules/react-dom/cjs/react-dom-client.development.js:16667:15)
      at performSyncWorkOnRoot (node_modules/.pnpm/react-dom@19.2.0_react@19.2.0/node_modules/react-dom/cjs/react-dom-client.development.js:18972:7)
      at flushSyncWorkAcrossRoots_impl (node_modules/.pnpm/react-dom@19.2.0_react@19.2.0/node_modules/react-dom/cjs/react-dom-client.development.js:18814:21)
      at flushSpawnedWork (node_modules/.pnpm/react-dom@19.2.0_react@19.2.0/node_modules/react-dom/cjs/react-dom-client.development.js:18334:9)
      at commitRoot (node_modules/.pnpm/react-dom@19.2.0_react@19.2.0/node_modules/react-dom/cjs/react-dom-client.development.js:17955:9)
      at performWorkOnRoot (node_modules/.pnpm/react-dom@19.2.0_react@19.2.0/node_modules/react-dom/cjs/react-dom-client.development.js:16667:15)
      at performWorkOnRootViaSchedulerTask (node_modules/.pnpm/react-dom@19.2.0_react@19.2.0/node_modules/react-dom/cjs/react-dom-client.development.js:18957:7)
      at flushActQueue (node_modules/.pnpm/react@19.2.0/node_modules/react/cjs/react.development.js:590:34)
      at process.env.NODE_ENV.exports.act (node_modules/.pnpm/react@19.2.0/node_modules/react/cjs/react.development.js:884:10)
      at node_modules/.pnpm/@testing-library+react@16.3_15d474de7481bb0af842c1b1705139a8/node_modules/@testing-library/react/dist/act-compat.js:47:25
      at renderRoot (node_modules/.pnpm/@testing-library+react@16.3_15d474de7481bb0af842c1b1705139a8/node_modules/@testing-library/react/dist/pure.js:190:26)
      at render (node_modules/.pnpm/@testing-library+react@16.3_15d474de7481bb0af842c1b1705139a8/node_modules/@testing-library/react/dist/pure.js:292:10)
      at Object.<anonymous> (src/__tests__/components/ExportChatModal.test.tsx:245:13)

    console.error
      `DialogContent` requires a `DialogTitle` for the component to be accessible for screen reader users.
      
      If you want to hide the `DialogTitle`, you can wrap it with our VisuallyHidden component.
      
      For more information, see https://radix-ui.com/primitives/docs/components/dialog

    [0m [90m 373 |[39m       [36mreturn[39m[33m;[39m
     [90m 374 |[39m     }
    [31m[1m>[22m[39m[90m 375 |[39m     originalError[33m.[39mcall(console[33m,[39m [33m...[39margs)[33m;[39m
     [90m     |[39m                   [31m[1m^[22m[39m
     [90m 376 |[39m   }[33m;[39m
     [90m 377 |[39m })[33m;[39m
     [90m 378 |[39m[0m

      at console.call [as error] (jest.setup.js:375:19)
      at node_modules/.pnpm/@radix-ui+react-dialog@1.1._664b8f23a65f4708bb5cf27e5ff43c08/node_modules/@radix-ui/react-dialog/src/dialog.tsx:520:30
      at Object.react_stack_bottom_frame (node_modules/.pnpm/react-dom@19.2.0_react@19.2.0/node_modules/react-dom/cjs/react-dom-client.development.js:25989:20)
      at runWithFiberInDEV (node_modules/.pnpm/react-dom@19.2.0_react@19.2.0/node_modules/react-dom/cjs/react-dom-client.development.js:874:13)
      at commitHookEffectListMount (node_modules/.pnpm/react-dom@19.2.0_react@19.2.0/node_modules/react-dom/cjs/react-dom-client.development.js:13249:29)
      at commitHookPassiveMountEffects (node_modules/.pnpm/react-dom@19.2.0_react@19.2.0/node_modules/react-dom/cjs/react-dom-client.development.js:13336:11)
      at commitPassiveMountOnFiber (node_modules/.pnpm/react-dom@19.2.0_react@19.2.0/node_modules/react-dom/cjs/react-dom-client.development.js:15484:13)
      at recursivelyTraversePassiveMountEffects (node_modules/.pnpm/react-dom@19.2.0_react@19.2.0/node_modules/react-dom/cjs/react-dom-client.development.js:15439:11)
      at commitPassiveMountOnFiber (node_modules/.pnpm/react-dom@19.2.0_react@19.2.0/node_modules/react-dom/cjs/react-dom-client.development.js:15718:11)
      at recursivelyTraversePassiveMountEffects (node_modules/.pnpm/react-dom@19.2.0_react@19.2.0/node_modules/react-dom/cjs/react-dom-client.development.js:15439:11)
      at commitPassiveMountOnFiber (node_modules/.pnpm/react-dom@19.2.0_react@19.2.0/node_modules/react-dom/cjs/react-dom-client.development.js:15476:11)
      at recursivelyTraversePassiveMountEffects (node_modules/.pnpm/react-dom@19.2.0_react@19.2.0/node_modules/react-dom/cjs/react-dom-client.development.js:15439:11)
      at commitPassiveMountOnFiber (node_modules/.pnpm/react-dom@19.2.0_react@19.2.0/node_modules/react-dom/cjs/react-dom-client.development.js:15476:11)
      at recursivelyTraversePassiveMountEffects (node_modules/.pnpm/react-dom@19.2.0_react@19.2.0/node_modules/react-dom/cjs/react-dom-client.development.js:15439:11)
      at commitPassiveMountOnFiber (node_modules/.pnpm/react-dom@19.2.0_react@19.2.0/node_modules/react-dom/cjs/react-dom-client.development.js:15476:11)
      at recursivelyTraversePassiveMountEffects (node_modules/.pnpm/react-dom@19.2.0_react@19.2.0/node_modules/react-dom/cjs/react-dom-client.development.js:15439:11)
      at commitPassiveMountOnFiber (node_modules/.pnpm/react-dom@19.2.0_react@19.2.0/node_modules/react-dom/cjs/react-dom-client.development.js:15476:11)
      at recursivelyTraversePassiveMountEffects (node_modules/.pnpm/react-dom@19.2.0_react@19.2.0/node_modules/react-dom/cjs/react-dom-client.development.js:15439:11)
      at commitPassiveMountOnFiber (node_modules/.pnpm/react-dom@19.2.0_react@19.2.0/node_modules/react-dom/cjs/react-dom-client.development.js:15476:11)
      at recursivelyTraversePassiveMountEffects (node_modules/.pnpm/react-dom@19.2.0_react@19.2.0/node_modules/react-dom/cjs/react-dom-client.development.js:15439:11)
      at commitPassiveMountOnFiber (node_modules/.pnpm/react-dom@19.2.0_react@19.2.0/node_modules/react-dom/cjs/react-dom-client.development.js:15476:11)
      at recursivelyTraversePassiveMountEffects (node_modules/.pnpm/react-dom@19.2.0_react@19.2.0/node_modules/react-dom/cjs/react-dom-client.development.js:15439:11)
      at commitPassiveMountOnFiber (node_modules/.pnpm/react-dom@19.2.0_react@19.2.0/node_modules/react-dom/cjs/react-dom-client.development.js:15476:11)
      at recursivelyTraversePassiveMountEffects (node_modules/.pnpm/react-dom@19.2.0_react@19.2.0/node_modules/react-dom/cjs/react-dom-client.development.js:15439:11)
      at commitPassiveMountOnFiber (node_modules/.pnpm/react-dom@19.2.0_react@19.2.0/node_modules/react-dom/cjs/react-dom-client.development.js:15718:11)
      at recursivelyTraversePassiveMountEffects (node_modules/.pnpm/react-dom@19.2.0_react@19.2.0/node_modules/react-dom/cjs/react-dom-client.development.js:15439:11)
      at commitPassiveMountOnFiber (node_modules/.pnpm/react-dom@19.2.0_react@19.2.0/node_modules/react-dom/cjs/react-dom-client.development.js:15476:11)
      at recursivelyTraversePassiveMountEffects (node_modules/.pnpm/react-dom@19.2.0_react@19.2.0/node_modules/react-dom/cjs/react-dom-client.development.js:15439:11)
      at commitPassiveMountOnFiber (node_modules/.pnpm/react-dom@19.2.0_react@19.2.0/node_modules/react-dom/cjs/react-dom-client.development.js:15476:11)
      at recursivelyTraversePassiveMountEffects (node_modules/.pnpm/react-dom@19.2.0_react@19.2.0/node_modules/react-dom/cjs/react-dom-client.development.js:15439:11)
      at commitPassiveMountOnFiber (node_modules/.pnpm/react-dom@19.2.0_react@19.2.0/node_modules/react-dom/cjs/react-dom-client.development.js:15718:11)
      at recursivelyTraversePassiveMountEffects (node_modules/.pnpm/react-dom@19.2.0_react@19.2.0/node_modules/react-dom/cjs/react-dom-client.development.js:15439:11)
      at commitPassiveMountOnFiber (node_modules/.pnpm/react-dom@19.2.0_react@19.2.0/node_modules/react-dom/cjs/react-dom-client.development.js:15476:11)
      at recursivelyTraversePassiveMountEffects (node_modules/.pnpm/react-dom@19.2.0_react@19.2.0/node_modules/react-dom/cjs/react-dom-client.development.js:15439:11)
      at commitPassiveMountOnFiber (node_modules/.pnpm/react-dom@19.2.0_react@19.2.0/node_modules/react-dom/cjs/react-dom-client.development.js:15476:11)
      at recursivelyTraversePassiveMountEffects (node_modules/.pnpm/react-dom@19.2.0_react@19.2.0/node_modules/react-dom/cjs/react-dom-client.development.js:15439:11)
      at commitPassiveMountOnFiber (node_modules/.pnpm/react-dom@19.2.0_react@19.2.0/node_modules/react-dom/cjs/react-dom-client.development.js:15476:11)
      at recursivelyTraversePassiveMountEffects (node_modules/.pnpm/react-dom@19.2.0_react@19.2.0/node_modules/react-dom/cjs/react-dom-client.development.js:15439:11)
      at commitPassiveMountOnFiber (node_modules/.pnpm/react-dom@19.2.0_react@19.2.0/node_modules/react-dom/cjs/react-dom-client.development.js:15718:11)
      at recursivelyTraversePassiveMountEffects (node_modules/.pnpm/react-dom@19.2.0_react@19.2.0/node_modules/react-dom/cjs/react-dom-client.development.js:15439:11)
      at commitPassiveMountOnFiber (node_modules/.pnpm/react-dom@19.2.0_react@19.2.0/node_modules/react-dom/cjs/react-dom-client.development.js:15476:11)
      at recursivelyTraversePassiveMountEffects (node_modules/.pnpm/react-dom@19.2.0_react@19.2.0/node_modules/react-dom/cjs/react-dom-client.development.js:15439:11)
      at commitPassiveMountOnFiber (node_modules/.pnpm/react-dom@19.2.0_react@19.2.0/node_modules/react-dom/cjs/react-dom-client.development.js:15476:11)
      at recursivelyTraversePassiveMountEffects (node_modules/.pnpm/react-dom@19.2.0_react@19.2.0/node_modules/react-dom/cjs/react-dom-client.development.js:15439:11)
      at commitPassiveMountOnFiber (node_modules/.pnpm/react-dom@19.2.0_react@19.2.0/node_modules/react-dom/cjs/react-dom-client.development.js:15476:11)
      at recursivelyTraversePassiveMountEffects (node_modules/.pnpm/react-dom@19.2.0_react@19.2.0/node_modules/react-dom/cjs/react-dom-client.development.js:15439:11)
      at commitPassiveMountOnFiber (node_modules/.pnpm/react-dom@19.2.0_react@19.2.0/node_modules/react-dom/cjs/react-dom-client.development.js:15476:11)
      at recursivelyTraversePassiveMountEffects (node_modules/.pnpm/react-dom@19.2.0_react@19.2.0/node_modules/react-dom/cjs/react-dom-client.development.js:15439:11)
      at commitPassiveMountOnFiber (node_modules/.pnpm/react-dom@19.2.0_react@19.2.0/node_modules/react-dom/cjs/react-dom-client.development.js:15519:11)
      at flushPassiveEffects (node_modules/.pnpm/react-dom@19.2.0_react@19.2.0/node_modules/react-dom/cjs/react-dom-client.development.js:18432:9)
      at flushPendingEffects (node_modules/.pnpm/react-dom@19.2.0_react@19.2.0/node_modules/react-dom/cjs/react-dom-client.development.js:18358:14)
      at flushSpawnedWork (node_modules/.pnpm/react-dom@19.2.0_react@19.2.0/node_modules/react-dom/cjs/react-dom-client.development.js:18323:44)
      at commitRoot (node_modules/.pnpm/react-dom@19.2.0_react@19.2.0/node_modules/react-dom/cjs/react-dom-client.development.js:17955:9)
      at performWorkOnRoot (node_modules/.pnpm/react-dom@19.2.0_react@19.2.0/node_modules/react-dom/cjs/react-dom-client.development.js:16667:15)
      at performSyncWorkOnRoot (node_modules/.pnpm/react-dom@19.2.0_react@19.2.0/node_modules/react-dom/cjs/react-dom-client.development.js:18972:7)
      at flushSyncWorkAcrossRoots_impl (node_modules/.pnpm/react-dom@19.2.0_react@19.2.0/node_modules/react-dom/cjs/react-dom-client.development.js:18814:21)
      at flushSpawnedWork (node_modules/.pnpm/react-dom@19.2.0_react@19.2.0/node_modules/react-dom/cjs/react-dom-client.development.js:18334:9)
      at commitRoot (node_modules/.pnpm/react-dom@19.2.0_react@19.2.0/node_modules/react-dom/cjs/react-dom-client.development.js:17955:9)
      at performWorkOnRoot (node_modules/.pnpm/react-dom@19.2.0_react@19.2.0/node_modules/react-dom/cjs/react-dom-client.development.js:16667:15)
      at performWorkOnRootViaSchedulerTask (node_modules/.pnpm/react-dom@19.2.0_react@19.2.0/node_modules/react-dom/cjs/react-dom-client.development.js:18957:7)
      at flushActQueue (node_modules/.pnpm/react@19.2.0/node_modules/react/cjs/react.development.js:590:34)
      at process.env.NODE_ENV.exports.act (node_modules/.pnpm/react@19.2.0/node_modules/react/cjs/react.development.js:884:10)
      at node_modules/.pnpm/@testing-library+react@16.3_15d474de7481bb0af842c1b1705139a8/node_modules/@testing-library/react/dist/act-compat.js:47:25
      at renderRoot (node_modules/.pnpm/@testing-library+react@16.3_15d474de7481bb0af842c1b1705139a8/node_modules/@testing-library/react/dist/pure.js:190:26)
      at render (node_modules/.pnpm/@testing-library+react@16.3_15d474de7481bb0af842c1b1705139a8/node_modules/@testing-library/react/dist/pure.js:292:10)
      at Object.<anonymous> (src/__tests__/components/ExportChatModal.test.tsx:268:13)

    console.warn
      Warning: Missing `Description` or `aria-describedby={undefined}` for {DialogContent}.

    [0m [90m 266 |[39m   describe([32m'Error Handling'[39m[33m,[39m () [33m=>[39m {
     [90m 267 |[39m     it([32m'displays error when date from is after date to'[39m[33m,[39m [36masync[39m () [33m=>[39m {
    [31m[1m>[22m[39m[90m 268 |[39m       render([33m<[39m[33mExportChatModal[39m {[33m...[39mdefaultProps} [33m/[39m[33m>[39m)[33m;[39m
     [90m     |[39m             [31m[1m^[22m[39m
     [90m 269 |[39m
     [90m 270 |[39m       [36mconst[39m dateFromInput [33m=[39m screen[33m.[39mgetByLabelText([32m'Da'[39m)[33m;[39m
     [90m 271 |[39m       [36mconst[39m dateToInput [33m=[39m screen[33m.[39mgetByLabelText([32m'A'[39m)[33m;[39m[0m

      at node_modules/.pnpm/@radix-ui+react-dialog@1.1._664b8f23a65f4708bb5cf27e5ff43c08/node_modules/@radix-ui/react-dialog/src/dialog.tsx:543:36
      at Object.react_stack_bottom_frame (node_modules/.pnpm/react-dom@19.2.0_react@19.2.0/node_modules/react-dom/cjs/react-dom-client.development.js:25989:20)
      at runWithFiberInDEV (node_modules/.pnpm/react-dom@19.2.0_react@19.2.0/node_modules/react-dom/cjs/react-dom-client.development.js:874:13)
      at commitHookEffectListMount (node_modules/.pnpm/react-dom@19.2.0_react@19.2.0/node_modules/react-dom/cjs/react-dom-client.development.js:13249:29)
      at commitHookPassiveMountEffects (node_modules/.pnpm/react-dom@19.2.0_react@19.2.0/node_modules/react-dom/cjs/react-dom-client.development.js:13336:11)
      at commitPassiveMountOnFiber (node_modules/.pnpm/react-dom@19.2.0_react@19.2.0/node_modules/react-dom/cjs/react-dom-client.development.js:15484:13)
      at recursivelyTraversePassiveMountEffects (node_modules/.pnpm/react-dom@19.2.0_react@19.2.0/node_modules/react-dom/cjs/react-dom-client.development.js:15439:11)
      at commitPassiveMountOnFiber (node_modules/.pnpm/react-dom@19.2.0_react@19.2.0/node_modules/react-dom/cjs/react-dom-client.development.js:15718:11)
      at recursivelyTraversePassiveMountEffects (node_modules/.pnpm/react-dom@19.2.0_react@19.2.0/node_modules/react-dom/cjs/react-dom-client.development.js:15439:11)
      at commitPassiveMountOnFiber (node_modules/.pnpm/react-dom@19.2.0_react@19.2.0/node_modules/react-dom/cjs/react-dom-client.development.js:15476:11)
      at recursivelyTraversePassiveMountEffects (node_modules/.pnpm/react-dom@19.2.0_react@19.2.0/node_modules/react-dom/cjs/react-dom-client.development.js:15439:11)
      at commitPassiveMountOnFiber (node_modules/.pnpm/react-dom@19.2.0_react@19.2.0/node_modules/react-dom/cjs/react-dom-client.development.js:15476:11)
      at recursivelyTraversePassiveMountEffects (node_modules/.pnpm/react-dom@19.2.0_react@19.2.0/node_modules/react-dom/cjs/react-dom-client.development.js:15439:11)
      at commitPassiveMountOnFiber (node_modules/.pnpm/react-dom@19.2.0_react@19.2.0/node_modules/react-dom/cjs/react-dom-client.development.js:15476:11)
      at recursivelyTraversePassiveMountEffects (node_modules/.pnpm/react-dom@19.2.0_react@19.2.0/node_modules/react-dom/cjs/react-dom-client.development.js:15439:11)
      at commitPassiveMountOnFiber (node_modules/.pnpm/react-dom@19.2.0_react@19.2.0/node_modules/react-dom/cjs/react-dom-client.development.js:15476:11)
      at recursivelyTraversePassiveMountEffects (node_modules/.pnpm/react-dom@19.2.0_react@19.2.0/node_modules/react-dom/cjs/react-dom-client.development.js:15439:11)
      at commitPassiveMountOnFiber (node_modules/.pnpm/react-dom@19.2.0_react@19.2.0/node_modules/react-dom/cjs/react-dom-client.development.js:15476:11)
      at recursivelyTraversePassiveMountEffects (node_modules/.pnpm/react-dom@19.2.0_react@19.2.0/node_modules/react-dom/cjs/react-dom-client.development.js:15439:11)
      at commitPassiveMountOnFiber (node_modules/.pnpm/react-dom@19.2.0_react@19.2.0/node_modules/react-dom/cjs/react-dom-client.development.js:15476:11)
      at recursivelyTraversePassiveMountEffects (node_modules/.pnpm/react-dom@19.2.0_react@19.2.0/node_modules/react-dom/cjs/react-dom-client.development.js:15439:11)
      at commitPassiveMountOnFiber (node_modules/.pnpm/react-dom@19.2.0_react@19.2.0/node_modules/react-dom/cjs/react-dom-client.development.js:15476:11)
      at recursivelyTraversePassiveMountEffects (node_modules/.pnpm/react-dom@19.2.0_react@19.2.0/node_modules/react-dom/cjs/react-dom-client.development.js:15439:11)
      at commitPassiveMountOnFiber (node_modules/.pnpm/react-dom@19.2.0_react@19.2.0/node_modules/react-dom/cjs/react-dom-client.development.js:15718:11)
      at recursivelyTraversePassiveMountEffects (node_modules/.pnpm/react-dom@19.2.0_react@19.2.0/node_modules/react-dom/cjs/react-dom-client.development.js:15439:11)
      at commitPassiveMountOnFiber (node_modules/.pnpm/react-dom@19.2.0_react@19.2.0/node_modules/react-dom/cjs/react-dom-client.development.js:15476:11)
      at recursivelyTraversePassiveMountEffects (node_modules/.pnpm/react-dom@19.2.0_react@19.2.0/node_modules/react-dom/cjs/react-dom-client.development.js:15439:11)
      at commitPassiveMountOnFiber (node_modules/.pnpm/react-dom@19.2.0_react@19.2.0/node_modules/react-dom/cjs/react-dom-client.development.js:15476:11)
      at recursivelyTraversePassiveMountEffects (node_modules/.pnpm/react-dom@19.2.0_react@19.2.0/node_modules/react-dom/cjs/react-dom-client.development.js:15439:11)
      at commitPassiveMountOnFiber (node_modules/.pnpm/react-dom@19.2.0_react@19.2.0/node_modules/react-dom/cjs/react-dom-client.development.js:15718:11)
      at recursivelyTraversePassiveMountEffects (node_modules/.pnpm/react-dom@19.2.0_react@19.2.0/node_modules/react-dom/cjs/react-dom-client.development.js:15439:11)
      at commitPassiveMountOnFiber (node_modules/.pnpm/react-dom@19.2.0_react@19.2.0/node_modules/react-dom/cjs/react-dom-client.development.js:15476:11)
      at recursivelyTraversePassiveMountEffects (node_modules/.pnpm/react-dom@19.2.0_react@19.2.0/node_modules/react-dom/cjs/react-dom-client.development.js:15439:11)
      at commitPassiveMountOnFiber (node_modules/.pnpm/react-dom@19.2.0_react@19.2.0/node_modules/react-dom/cjs/react-dom-client.development.js:15476:11)
      at recursivelyTraversePassiveMountEffects (node_modules/.pnpm/react-dom@19.2.0_react@19.2.0/node_modules/react-dom/cjs/react-dom-client.development.js:15439:11)
      at commitPassiveMountOnFiber (node_modules/.pnpm/react-dom@19.2.0_react@19.2.0/node_modules/react-dom/cjs/react-dom-client.development.js:15476:11)
      at recursivelyTraversePassiveMountEffects (node_modules/.pnpm/react-dom@19.2.0_react@19.2.0/node_modules/react-dom/cjs/react-dom-client.development.js:15439:11)
      at commitPassiveMountOnFiber (node_modules/.pnpm/react-dom@19.2.0_react@19.2.0/node_modules/react-dom/cjs/react-dom-client.development.js:15718:11)
      at recursivelyTraversePassiveMountEffects (node_modules/.pnpm/react-dom@19.2.0_react@19.2.0/node_modules/react-dom/cjs/react-dom-client.development.js:15439:11)
      at commitPassiveMountOnFiber (node_modules/.pnpm/react-dom@19.2.0_react@19.2.0/node_modules/react-dom/cjs/react-dom-client.development.js:15476:11)
      at recursivelyTraversePassiveMountEffects (node_modules/.pnpm/react-dom@19.2.0_react@19.2.0/node_modules/react-dom/cjs/react-dom-client.development.js:15439:11)
      at commitPassiveMountOnFiber (node_modules/.pnpm/react-dom@19.2.0_react@19.2.0/node_modules/react-dom/cjs/react-dom-client.development.js:15476:11)
      at recursivelyTraversePassiveMountEffects (node_modules/.pnpm/react-dom@19.2.0_react@19.2.0/node_modules/react-dom/cjs/react-dom-client.development.js:15439:11)
      at commitPassiveMountOnFiber (node_modules/.pnpm/react-dom@19.2.0_react@19.2.0/node_modules/react-dom/cjs/react-dom-client.development.js:15476:11)
      at recursivelyTraversePassiveMountEffects (node_modules/.pnpm/react-dom@19.2.0_react@19.2.0/node_modules/react-dom/cjs/react-dom-client.development.js:15439:11)
      at commitPassiveMountOnFiber (node_modules/.pnpm/react-dom@19.2.0_react@19.2.0/node_modules/react-dom/cjs/react-dom-client.development.js:15476:11)
      at recursivelyTraversePassiveMountEffects (node_modules/.pnpm/react-dom@19.2.0_react@19.2.0/node_modules/react-dom/cjs/react-dom-client.development.js:15439:11)
      at commitPassiveMountOnFiber (node_modules/.pnpm/react-dom@19.2.0_react@19.2.0/node_modules/react-dom/cjs/react-dom-client.development.js:15519:11)
      at flushPassiveEffects (node_modules/.pnpm/react-dom@19.2.0_react@19.2.0/node_modules/react-dom/cjs/react-dom-client.development.js:18432:9)
      at flushPendingEffects (node_modules/.pnpm/react-dom@19.2.0_react@19.2.0/node_modules/react-dom/cjs/react-dom-client.development.js:18358:14)
      at flushSpawnedWork (node_modules/.pnpm/react-dom@19.2.0_react@19.2.0/node_modules/react-dom/cjs/react-dom-client.development.js:18323:44)
      at commitRoot (node_modules/.pnpm/react-dom@19.2.0_react@19.2.0/node_modules/react-dom/cjs/react-dom-client.development.js:17955:9)
      at performWorkOnRoot (node_modules/.pnpm/react-dom@19.2.0_react@19.2.0/node_modules/react-dom/cjs/react-dom-client.development.js:16667:15)
      at performSyncWorkOnRoot (node_modules/.pnpm/react-dom@19.2.0_react@19.2.0/node_modules/react-dom/cjs/react-dom-client.development.js:18972:7)
      at flushSyncWorkAcrossRoots_impl (node_modules/.pnpm/react-dom@19.2.0_react@19.2.0/node_modules/react-dom/cjs/react-dom-client.development.js:18814:21)
      at flushSpawnedWork (node_modules/.pnpm/react-dom@19.2.0_react@19.2.0/node_modules/react-dom/cjs/react-dom-client.development.js:18334:9)
      at commitRoot (node_modules/.pnpm/react-dom@19.2.0_react@19.2.0/node_modules/react-dom/cjs/react-dom-client.development.js:17955:9)
      at performWorkOnRoot (node_modules/.pnpm/react-dom@19.2.0_react@19.2.0/node_modules/react-dom/cjs/react-dom-client.development.js:16667:15)
      at performWorkOnRootViaSchedulerTask (node_modules/.pnpm/react-dom@19.2.0_react@19.2.0/node_modules/react-dom/cjs/react-dom-client.development.js:18957:7)
      at flushActQueue (node_modules/.pnpm/react@19.2.0/node_modules/react/cjs/react.development.js:590:34)
      at process.env.NODE_ENV.exports.act (node_modules/.pnpm/react@19.2.0/node_modules/react/cjs/react.development.js:884:10)
      at node_modules/.pnpm/@testing-library+react@16.3_15d474de7481bb0af842c1b1705139a8/node_modules/@testing-library/react/dist/act-compat.js:47:25
      at renderRoot (node_modules/.pnpm/@testing-library+react@16.3_15d474de7481bb0af842c1b1705139a8/node_modules/@testing-library/react/dist/pure.js:190:26)
      at render (node_modules/.pnpm/@testing-library+react@16.3_15d474de7481bb0af842c1b1705139a8/node_modules/@testing-library/react/dist/pure.js:292:10)
      at Object.<anonymous> (src/__tests__/components/ExportChatModal.test.tsx:268:13)

    console.error
      `DialogContent` requires a `DialogTitle` for the component to be accessible for screen reader users.
      
      If you want to hide the `DialogTitle`, you can wrap it with our VisuallyHidden component.
      
      For more information, see https://radix-ui.com/primitives/docs/components/dialog

    [0m [90m 373 |[39m       [36mreturn[39m[33m;[39m
     [90m 374 |[39m     }
    [31m[1m>[22m[39m[90m 375 |[39m     originalError[33m.[39mcall(console[33m,[39m [33m...[39margs)[33m;[39m
     [90m     |[39m                   [31m[1m^[22m[39m
     [90m 376 |[39m   }[33m;[39m
     [90m 377 |[39m })[33m;[39m
     [90m 378 |[39m[0m

      at console.call [as error] (jest.setup.js:375:19)
      at node_modules/.pnpm/@radix-ui+react-dialog@1.1._664b8f23a65f4708bb5cf27e5ff43c08/node_modules/@radix-ui/react-dialog/src/dialog.tsx:520:30
      at Object.react_stack_bottom_frame (node_modules/.pnpm/react-dom@19.2.0_react@19.2.0/node_modules/react-dom/cjs/react-dom-client.development.js:25989:20)
      at runWithFiberInDEV (node_modules/.pnpm/react-dom@19.2.0_react@19.2.0/node_modules/react-dom/cjs/react-dom-client.development.js:874:13)
      at commitHookEffectListMount (node_modules/.pnpm/react-dom@19.2.0_react@19.2.0/node_modules/react-dom/cjs/react-dom-client.development.js:13249:29)
      at commitHookPassiveMountEffects (node_modules/.pnpm/react-dom@19.2.0_react@19.2.0/node_modules/react-dom/cjs/react-dom-client.development.js:13336:11)
      at commitPassiveMountOnFiber (node_modules/.pnpm/react-dom@19.2.0_react@19.2.0/node_modules/react-dom/cjs/react-dom-client.development.js:15484:13)
      at recursivelyTraversePassiveMountEffects (node_modules/.pnpm/react-dom@19.2.0_react@19.2.0/node_modules/react-dom/cjs/react-dom-client.development.js:15439:11)
      at commitPassiveMountOnFiber (node_modules/.pnpm/react-dom@19.2.0_react@19.2.0/node_modules/react-dom/cjs/react-dom-client.development.js:15718:11)
      at recursivelyTraversePassiveMountEffects (node_modules/.pnpm/react-dom@19.2.0_react@19.2.0/node_modules/react-dom/cjs/react-dom-client.development.js:15439:11)
      at commitPassiveMountOnFiber (node_modules/.pnpm/react-dom@19.2.0_react@19.2.0/node_modules/react-dom/cjs/react-dom-client.development.js:15476:11)
      at recursivelyTraversePassiveMountEffects (node_modules/.pnpm/react-dom@19.2.0_react@19.2.0/node_modules/react-dom/cjs/react-dom-client.development.js:15439:11)
      at commitPassiveMountOnFiber (node_modules/.pnpm/react-dom@19.2.0_react@19.2.0/node_modules/react-dom/cjs/react-dom-client.development.js:15476:11)
      at recursivelyTraversePassiveMountEffects (node_modules/.pnpm/react-dom@19.2.0_react@19.2.0/node_modules/react-dom/cjs/react-dom-client.development.js:15439:11)
      at commitPassiveMountOnFiber (node_modules/.pnpm/react-dom@19.2.0_react@19.2.0/node_modules/react-dom/cjs/react-dom-client.development.js:15476:11)
      at recursivelyTraversePassiveMountEffects (node_modules/.pnpm/react-dom@19.2.0_react@19.2.0/node_modules/react-dom/cjs/react-dom-client.development.js:15439:11)
      at commitPassiveMountOnFiber (node_modules/.pnpm/react-dom@19.2.0_react@19.2.0/node_modules/react-dom/cjs/react-dom-client.development.js:15476:11)
      at recursivelyTraversePassiveMountEffects (node_modules/.pnpm/react-dom@19.2.0_react@19.2.0/node_modules/react-dom/cjs/react-dom-client.development.js:15439:11)
      at commitPassiveMountOnFiber (node_modules/.pnpm/react-dom@19.2.0_react@19.2.0/node_modules/react-dom/cjs/react-dom-client.development.js:15476:11)
      at recursivelyTraversePassiveMountEffects (node_modules/.pnpm/react-dom@19.2.0_react@19.2.0/node_modules/react-dom/cjs/react-dom-client.development.js:15439:11)
      at commitPassiveMountOnFiber (node_modules/.pnpm/react-dom@19.2.0_react@19.2.0/node_modules/react-dom/cjs/react-dom-client.development.js:15476:11)
      at recursivelyTraversePassiveMountEffects (node_modules/.pnpm/react-dom@19.2.0_react@19.2.0/node_modules/react-dom/cjs/react-dom-client.development.js:15439:11)
      at commitPassiveMountOnFiber (node_modules/.pnpm/react-dom@19.2.0_react@19.2.0/node_modules/react-dom/cjs/react-dom-client.development.js:15476:11)
      at recursivelyTraversePassiveMountEffects (node_modules/.pnpm/react-dom@19.2.0_react@19.2.0/node_modules/react-dom/cjs/react-dom-client.development.js:15439:11)
      at commitPassiveMountOnFiber (node_modules/.pnpm/react-dom@19.2.0_react@19.2.0/node_modules/react-dom/cjs/react-dom-client.development.js:15718:11)
      at recursivelyTraversePassiveMountEffects (node_modules/.pnpm/react-dom@19.2.0_react@19.2.0/node_modules/react-dom/cjs/react-dom-client.development.js:15439:11)
      at commitPassiveMountOnFiber (node_modules/.pnpm/react-dom@19.2.0_react@19.2.0/node_modules/react-dom/cjs/react-dom-client.development.js:15476:11)
      at recursivelyTraversePassiveMountEffects (node_modules/.pnpm/react-dom@19.2.0_react@19.2.0/node_modules/react-dom/cjs/react-dom-client.development.js:15439:11)
      at commitPassiveMountOnFiber (node_modules/.pnpm/react-dom@19.2.0_react@19.2.0/node_modules/react-dom/cjs/react-dom-client.development.js:15476:11)
      at recursivelyTraversePassiveMountEffects (node_modules/.pnpm/react-dom@19.2.0_react@19.2.0/node_modules/react-dom/cjs/react-dom-client.development.js:15439:11)
      at commitPassiveMountOnFiber (node_modules/.pnpm/react-dom@19.2.0_react@19.2.0/node_modules/react-dom/cjs/react-dom-client.development.js:15718:11)
      at recursivelyTraversePassiveMountEffects (node_modules/.pnpm/react-dom@19.2.0_react@19.2.0/node_modules/react-dom/cjs/react-dom-client.development.js:15439:11)
      at commitPassiveMountOnFiber (node_modules/.pnpm/react-dom@19.2.0_react@19.2.0/node_modules/react-dom/cjs/react-dom-client.development.js:15476:11)
      at recursivelyTraversePassiveMountEffects (node_modules/.pnpm/react-dom@19.2.0_react@19.2.0/node_modules/react-dom/cjs/react-dom-client.development.js:15439:11)
      at commitPassiveMountOnFiber (node_modules/.pnpm/react-dom@19.2.0_react@19.2.0/node_modules/react-dom/cjs/react-dom-client.development.js:15476:11)
      at recursivelyTraversePassiveMountEffects (node_modules/.pnpm/react-dom@19.2.0_react@19.2.0/node_modules/react-dom/cjs/react-dom-client.development.js:15439:11)
      at commitPassiveMountOnFiber (node_modules/.pnpm/react-dom@19.2.0_react@19.2.0/node_modules/react-dom/cjs/react-dom-client.development.js:15476:11)
      at recursivelyTraversePassiveMountEffects (node_modules/.pnpm/react-dom@19.2.0_react@19.2.0/node_modules/react-dom/cjs/react-dom-client.development.js:15439:11)
      at commitPassiveMountOnFiber (node_modules/.pnpm/react-dom@19.2.0_react@19.2.0/node_modules/react-dom/cjs/react-dom-client.development.js:15718:11)
      at recursivelyTraversePassiveMountEffects (node_modules/.pnpm/react-dom@19.2.0_react@19.2.0/node_modules/react-dom/cjs/react-dom-client.development.js:15439:11)
      at commitPassiveMountOnFiber (node_modules/.pnpm/react-dom@19.2.0_react@19.2.0/node_modules/react-dom/cjs/react-dom-client.development.js:15476:11)
      at recursivelyTraversePassiveMountEffects (node_modules/.pnpm/react-dom@19.2.0_react@19.2.0/node_modules/react-dom/cjs/react-dom-client.development.js:15439:11)
      at commitPassiveMountOnFiber (node_modules/.pnpm/react-dom@19.2.0_react@19.2.0/node_modules/react-dom/cjs/react-dom-client.development.js:15476:11)
      at recursivelyTraversePassiveMountEffects (node_modules/.pnpm/react-dom@19.2.0_react@19.2.0/node_modules/react-dom/cjs/react-dom-client.development.js:15439:11)
      at commitPassiveMountOnFiber (node_modules/.pnpm/react-dom@19.2.0_react@19.2.0/node_modules/react-dom/cjs/react-dom-client.development.js:15476:11)
      at recursivelyTraversePassiveMountEffects (node_modules/.pnpm/react-dom@19.2.0_react@19.2.0/node_modules/react-dom/cjs/react-dom-client.development.js:15439:11)
      at commitPassiveMountOnFiber (node_modules/.pnpm/react-dom@19.2.0_react@19.2.0/node_modules/react-dom/cjs/react-dom-client.development.js:15476:11)
      at recursivelyTraversePassiveMountEffects (node_modules/.pnpm/react-dom@19.2.0_react@19.2.0/node_modules/react-dom/cjs/react-dom-client.development.js:15439:11)
      at commitPassiveMountOnFiber (node_modules/.pnpm/react-dom@19.2.0_react@19.2.0/node_modules/react-dom/cjs/react-dom-client.development.js:15519:11)
      at flushPassiveEffects (node_modules/.pnpm/react-dom@19.2.0_react@19.2.0/node_modules/react-dom/cjs/react-dom-client.development.js:18432:9)
      at flushPendingEffects (node_modules/.pnpm/react-dom@19.2.0_react@19.2.0/node_modules/react-dom/cjs/react-dom-client.development.js:18358:14)
      at flushSpawnedWork (node_modules/.pnpm/react-dom@19.2.0_react@19.2.0/node_modules/react-dom/cjs/react-dom-client.development.js:18323:44)
      at commitRoot (node_modules/.pnpm/react-dom@19.2.0_react@19.2.0/node_modules/react-dom/cjs/react-dom-client.development.js:17955:9)
      at performWorkOnRoot (node_modules/.pnpm/react-dom@19.2.0_react@19.2.0/node_modules/react-dom/cjs/react-dom-client.development.js:16667:15)
      at performSyncWorkOnRoot (node_modules/.pnpm/react-dom@19.2.0_react@19.2.0/node_modules/react-dom/cjs/react-dom-client.development.js:18972:7)
      at flushSyncWorkAcrossRoots_impl (node_modules/.pnpm/react-dom@19.2.0_react@19.2.0/node_modules/react-dom/cjs/react-dom-client.development.js:18814:21)
      at flushSpawnedWork (node_modules/.pnpm/react-dom@19.2.0_react@19.2.0/node_modules/react-dom/cjs/react-dom-client.development.js:18334:9)
      at commitRoot (node_modules/.pnpm/react-dom@19.2.0_react@19.2.0/node_modules/react-dom/cjs/react-dom-client.development.js:17955:9)
      at performWorkOnRoot (node_modules/.pnpm/react-dom@19.2.0_react@19.2.0/node_modules/react-dom/cjs/react-dom-client.development.js:16667:15)
      at performWorkOnRootViaSchedulerTask (node_modules/.pnpm/react-dom@19.2.0_react@19.2.0/node_modules/react-dom/cjs/react-dom-client.development.js:18957:7)
      at flushActQueue (node_modules/.pnpm/react@19.2.0/node_modules/react/cjs/react.development.js:590:34)
      at process.env.NODE_ENV.exports.act (node_modules/.pnpm/react@19.2.0/node_modules/react/cjs/react.development.js:884:10)
      at node_modules/.pnpm/@testing-library+react@16.3_15d474de7481bb0af842c1b1705139a8/node_modules/@testing-library/react/dist/act-compat.js:47:25
      at renderRoot (node_modules/.pnpm/@testing-library+react@16.3_15d474de7481bb0af842c1b1705139a8/node_modules/@testing-library/react/dist/pure.js:190:26)
      at render (node_modules/.pnpm/@testing-library+react@16.3_15d474de7481bb0af842c1b1705139a8/node_modules/@testing-library/react/dist/pure.js:292:10)
      at Object.<anonymous> (src/__tests__/components/ExportChatModal.test.tsx:285:13)

    console.warn
      Warning: Missing `Description` or `aria-describedby={undefined}` for {DialogContent}.

    [0m [90m 283 |[39m     it([32m'displays error when export fails'[39m[33m,[39m [36masync[39m () [33m=>[39m {
     [90m 284 |[39m       (mockApi[33m.[39mchat[33m.[39mexportChat [36mas[39m jest[33m.[39m[33mMock[39m)[33m.[39mmockRejectedValue([36mnew[39m [33mError[39m([32m'Network error'[39m))[33m;[39m
    [31m[1m>[22m[39m[90m 285 |[39m       render([33m<[39m[33mExportChatModal[39m {[33m...[39mdefaultProps} [33m/[39m[33m>[39m)[33m;[39m
     [90m     |[39m             [31m[1m^[22m[39m
     [90m 286 |[39m
     [90m 287 |[39m       [36mconst[39m exportButton [33m=[39m screen[33m.[39mgetByRole([32m'button'[39m[33m,[39m { name[33m:[39m [35m/esporta/i[39m })[33m;[39m
     [90m 288 |[39m       fireEvent[33m.[39mclick(exportButton)[33m;[39m[0m

      at node_modules/.pnpm/@radix-ui+react-dialog@1.1._664b8f23a65f4708bb5cf27e5ff43c08/node_modules/@radix-ui/react-dialog/src/dialog.tsx:543:36
      at Object.react_stack_bottom_frame (node_modules/.pnpm/react-dom@19.2.0_react@19.2.0/node_modules/react-dom/cjs/react-dom-client.development.js:25989:20)
      at runWithFiberInDEV (node_modules/.pnpm/react-dom@19.2.0_react@19.2.0/node_modules/react-dom/cjs/react-dom-client.development.js:874:13)
      at commitHookEffectListMount (node_modules/.pnpm/react-dom@19.2.0_react@19.2.0/node_modules/react-dom/cjs/react-dom-client.development.js:13249:29)
      at commitHookPassiveMountEffects (node_modules/.pnpm/react-dom@19.2.0_react@19.2.0/node_modules/react-dom/cjs/react-dom-client.development.js:13336:11)
      at commitPassiveMountOnFiber (node_modules/.pnpm/react-dom@19.2.0_react@19.2.0/node_modules/react-dom/cjs/react-dom-client.development.js:15484:13)
      at recursivelyTraversePassiveMountEffects (node_modules/.pnpm/react-dom@19.2.0_react@19.2.0/node_modules/react-dom/cjs/react-dom-client.development.js:15439:11)
      at commitPassiveMountOnFiber (node_modules/.pnpm/react-dom@19.2.0_react@19.2.0/node_modules/react-dom/cjs/react-dom-client.development.js:15718:11)
      at recursivelyTraversePassiveMountEffects (node_modules/.pnpm/react-dom@19.2.0_react@19.2.0/node_modules/react-dom/cjs/react-dom-client.development.js:15439:11)
      at commitPassiveMountOnFiber (node_modules/.pnpm/react-dom@19.2.0_react@19.2.0/node_modules/react-dom/cjs/react-dom-client.development.js:15476:11)
      at recursivelyTraversePassiveMountEffects (node_modules/.pnpm/react-dom@19.2.0_react@19.2.0/node_modules/react-dom/cjs/react-dom-client.development.js:15439:11)
      at commitPassiveMountOnFiber (node_modules/.pnpm/react-dom@19.2.0_react@19.2.0/node_modules/react-dom/cjs/react-dom-client.development.js:15476:11)
      at recursivelyTraversePassiveMountEffects (node_modules/.pnpm/react-dom@19.2.0_react@19.2.0/node_modules/react-dom/cjs/react-dom-client.development.js:15439:11)
      at commitPassiveMountOnFiber (node_modules/.pnpm/react-dom@19.2.0_react@19.2.0/node_modules/react-dom/cjs/react-dom-client.development.js:15476:11)
      at recursivelyTraversePassiveMountEffects (node_modules/.pnpm/react-dom@19.2.0_react@19.2.0/node_modules/react-dom/cjs/react-dom-client.development.js:15439:11)
      at commitPassiveMountOnFiber (node_modules/.pnpm/react-dom@19.2.0_react@19.2.0/node_modules/react-dom/cjs/react-dom-client.development.js:15476:11)
      at recursivelyTraversePassiveMountEffects (node_modules/.pnpm/react-dom@19.2.0_react@19.2.0/node_modules/react-dom/cjs/react-dom-client.development.js:15439:11)
      at commitPassiveMountOnFiber (node_modules/.pnpm/react-dom@19.2.0_react@19.2.0/node_modules/react-dom/cjs/react-dom-client.development.js:15476:11)
      at recursivelyTraversePassiveMountEffects (node_modules/.pnpm/react-dom@19.2.0_react@19.2.0/node_modules/react-dom/cjs/react-dom-client.development.js:15439:11)
      at commitPassiveMountOnFiber (node_modules/.pnpm/react-dom@19.2.0_react@19.2.0/node_modules/react-dom/cjs/react-dom-client.development.js:15476:11)
      at recursivelyTraversePassiveMountEffects (node_modules/.pnpm/react-dom@19.2.0_react@19.2.0/node_modules/react-dom/cjs/react-dom-client.development.js:15439:11)
      at commitPassiveMountOnFiber (node_modules/.pnpm/react-dom@19.2.0_react@19.2.0/node_modules/react-dom/cjs/react-dom-client.development.js:15476:11)
      at recursivelyTraversePassiveMountEffects (node_modules/.pnpm/react-dom@19.2.0_react@19.2.0/node_modules/react-dom/cjs/react-dom-client.development.js:15439:11)
      at commitPassiveMountOnFiber (node_modules/.pnpm/react-dom@19.2.0_react@19.2.0/node_modules/react-dom/cjs/react-dom-client.development.js:15718:11)
      at recursivelyTraversePassiveMountEffects (node_modules/.pnpm/react-dom@19.2.0_react@19.2.0/node_modules/react-dom/cjs/react-dom-client.development.js:15439:11)
      at commitPassiveMountOnFiber (node_modules/.pnpm/react-dom@19.2.0_react@19.2.0/node_modules/react-dom/cjs/react-dom-client.development.js:15476:11)
      at recursivelyTraversePassiveMountEffects (node_modules/.pnpm/react-dom@19.2.0_react@19.2.0/node_modules/react-dom/cjs/react-dom-client.development.js:15439:11)
      at commitPassiveMountOnFiber (node_modules/.pnpm/react-dom@19.2.0_react@19.2.0/node_modules/react-dom/cjs/react-dom-client.development.js:15476:11)
      at recursivelyTraversePassiveMountEffects (node_modules/.pnpm/react-dom@19.2.0_react@19.2.0/node_modules/react-dom/cjs/react-dom-client.development.js:15439:11)
      at commitPassiveMountOnFiber (node_modules/.pnpm/react-dom@19.2.0_react@19.2.0/node_modules/react-dom/cjs/react-dom-client.development.js:15718:11)
      at recursivelyTraversePassiveMountEffects (node_modules/.pnpm/react-dom@19.2.0_react@19.2.0/node_modules/react-dom/cjs/react-dom-client.development.js:15439:11)
      at commitPassiveMountOnFiber (node_modules/.pnpm/react-dom@19.2.0_react@19.2.0/node_modules/react-dom/cjs/react-dom-client.development.js:15476:11)
      at recursivelyTraversePassiveMountEffects (node_modules/.pnpm/react-dom@19.2.0_react@19.2.0/node_modules/react-dom/cjs/react-dom-client.development.js:15439:11)
      at commitPassiveMountOnFiber (node_modules/.pnpm/react-dom@19.2.0_react@19.2.0/node_modules/react-dom/cjs/react-dom-client.development.js:15476:11)
      at recursivelyTraversePassiveMountEffects (node_modules/.pnpm/react-dom@19.2.0_react@19.2.0/node_modules/react-dom/cjs/react-dom-client.development.js:15439:11)
      at commitPassiveMountOnFiber (node_modules/.pnpm/react-dom@19.2.0_react@19.2.0/node_modules/react-dom/cjs/react-dom-client.development.js:15476:11)
      at recursivelyTraversePassiveMountEffects (node_modules/.pnpm/react-dom@19.2.0_react@19.2.0/node_modules/react-dom/cjs/react-dom-client.development.js:15439:11)
      at commitPassiveMountOnFiber (node_modules/.pnpm/react-dom@19.2.0_react@19.2.0/node_modules/react-dom/cjs/react-dom-client.development.js:15718:11)
      at recursivelyTraversePassiveMountEffects (node_modules/.pnpm/react-dom@19.2.0_react@19.2.0/node_modules/react-dom/cjs/react-dom-client.development.js:15439:11)
      at commitPassiveMountOnFiber (node_modules/.pnpm/react-dom@19.2.0_react@19.2.0/node_modules/react-dom/cjs/react-dom-client.development.js:15476:11)
      at recursivelyTraversePassiveMountEffects (node_modules/.pnpm/react-dom@19.2.0_react@19.2.0/node_modules/react-dom/cjs/react-dom-client.development.js:15439:11)
      at commitPassiveMountOnFiber (node_modules/.pnpm/react-dom@19.2.0_react@19.2.0/node_modules/react-dom/cjs/react-dom-client.development.js:15476:11)
      at recursivelyTraversePassiveMountEffects (node_modules/.pnpm/react-dom@19.2.0_react@19.2.0/node_modules/react-dom/cjs/react-dom-client.development.js:15439:11)
      at commitPassiveMountOnFiber (node_modules/.pnpm/react-dom@19.2.0_react@19.2.0/node_modules/react-dom/cjs/react-dom-client.development.js:15476:11)
      at recursivelyTraversePassiveMountEffects (node_modules/.pnpm/react-dom@19.2.0_react@19.2.0/node_modules/react-dom/cjs/react-dom-client.development.js:15439:11)
      at commitPassiveMountOnFiber (node_modules/.pnpm/react-dom@19.2.0_react@19.2.0/node_modules/react-dom/cjs/react-dom-client.development.js:15476:11)
      at recursivelyTraversePassiveMountEffects (node_modules/.pnpm/react-dom@19.2.0_react@19.2.0/node_modules/react-dom/cjs/react-dom-client.development.js:15439:11)
      at commitPassiveMountOnFiber (node_modules/.pnpm/react-dom@19.2.0_react@19.2.0/node_modules/react-dom/cjs/react-dom-client.development.js:15519:11)
      at flushPassiveEffects (node_modules/.pnpm/react-dom@19.2.0_react@19.2.0/node_modules/react-dom/cjs/react-dom-client.development.js:18432:9)
      at flushPendingEffects (node_modules/.pnpm/react-dom@19.2.0_react@19.2.0/node_modules/react-dom/cjs/react-dom-client.development.js:18358:14)
      at flushSpawnedWork (node_modules/.pnpm/react-dom@19.2.0_react@19.2.0/node_modules/react-dom/cjs/react-dom-client.development.js:18323:44)
      at commitRoot (node_modules/.pnpm/react-dom@19.2.0_react@19.2.0/node_modules/react-dom/cjs/react-dom-client.development.js:17955:9)
      at performWorkOnRoot (node_modules/.pnpm/react-dom@19.2.0_react@19.2.0/node_modules/react-dom/cjs/react-dom-client.development.js:16667:15)
      at performSyncWorkOnRoot (node_modules/.pnpm/react-dom@19.2.0_react@19.2.0/node_modules/react-dom/cjs/react-dom-client.development.js:18972:7)
      at flushSyncWorkAcrossRoots_impl (node_modules/.pnpm/react-dom@19.2.0_react@19.2.0/node_modules/react-dom/cjs/react-dom-client.development.js:18814:21)
      at flushSpawnedWork (node_modules/.pnpm/react-dom@19.2.0_react@19.2.0/node_modules/react-dom/cjs/react-dom-client.development.js:18334:9)
      at commitRoot (node_modules/.pnpm/react-dom@19.2.0_react@19.2.0/node_modules/react-dom/cjs/react-dom-client.development.js:17955:9)
      at performWorkOnRoot (node_modules/.pnpm/react-dom@19.2.0_react@19.2.0/node_modules/react-dom/cjs/react-dom-client.development.js:16667:15)
      at performWorkOnRootViaSchedulerTask (node_modules/.pnpm/react-dom@19.2.0_react@19.2.0/node_modules/react-dom/cjs/react-dom-client.development.js:18957:7)
      at flushActQueue (node_modules/.pnpm/react@19.2.0/node_modules/react/cjs/react.development.js:590:34)
      at process.env.NODE_ENV.exports.act (node_modules/.pnpm/react@19.2.0/node_modules/react/cjs/react.development.js:884:10)
      at node_modules/.pnpm/@testing-library+react@16.3_15d474de7481bb0af842c1b1705139a8/node_modules/@testing-library/react/dist/act-compat.js:47:25
      at renderRoot (node_modules/.pnpm/@testing-library+react@16.3_15d474de7481bb0af842c1b1705139a8/node_modules/@testing-library/react/dist/pure.js:190:26)
      at render (node_modules/.pnpm/@testing-library+react@16.3_15d474de7481bb0af842c1b1705139a8/node_modules/@testing-library/react/dist/pure.js:292:10)
      at Object.<anonymous> (src/__tests__/components/ExportChatModal.test.tsx:285:13)

    console.error
      Error exporting chat: Error: Network error
          at Object.<anonymous> (D:\Repositories\meepleai-monorepo\apps\web\src\__tests__\components\ExportChatModal.test.tsx:284:64)
          at Promise.finally.completed (D:\Repositories\meepleai-monorepo\apps\web\node_modules\.pnpm\jest-circus@30.2.0\node_modules\jest-circus\build\jestAdapterInit.js:1557:28)
          at new Promise (<anonymous>)
          at callAsyncCircusFn (D:\Repositories\meepleai-monorepo\apps\web\node_modules\.pnpm\jest-circus@30.2.0\node_modules\jest-circus\build\jestAdapterInit.js:1497:10)
          at _callCircusTest (D:\Repositories\meepleai-monorepo\apps\web\node_modules\.pnpm\jest-circus@30.2.0\node_modules\jest-circus\build\jestAdapterInit.js:1007:40)
          at _runTest (D:\Repositories\meepleai-monorepo\apps\web\node_modules\.pnpm\jest-circus@30.2.0\node_modules\jest-circus\build\jestAdapterInit.js:947:3)
          at D:\Repositories\meepleai-monorepo\apps\web\node_modules\.pnpm\jest-circus@30.2.0\node_modules\jest-circus\build\jestAdapterInit.js:849:7
          at _runTestsForDescribeBlock (D:\Repositories\meepleai-monorepo\apps\web\node_modules\.pnpm\jest-circus@30.2.0\node_modules\jest-circus\build\jestAdapterInit.js:862:11)
          at _runTestsForDescribeBlock (D:\Repositories\meepleai-monorepo\apps\web\node_modules\.pnpm\jest-circus@30.2.0\node_modules\jest-circus\build\jestAdapterInit.js:857:11)
          at _runTestsForDescribeBlock (D:\Repositories\meepleai-monorepo\apps\web\node_modules\.pnpm\jest-circus@30.2.0\node_modules\jest-circus\build\jestAdapterInit.js:857:11)
          at run (D:\Repositories\meepleai-monorepo\apps\web\node_modules\.pnpm\jest-circus@30.2.0\node_modules\jest-circus\build\jestAdapterInit.js:761:3)
          at runAndTransformResultsToJestFormat (D:\Repositories\meepleai-monorepo\apps\web\node_modules\.pnpm\jest-circus@30.2.0\node_modules\jest-circus\build\jestAdapterInit.js:1918:21)
          at jestAdapter (D:\Repositories\meepleai-monorepo\apps\web\node_modules\.pnpm\jest-circus@30.2.0\node_modules\jest-circus\build\runner.js:101:19)
          at runTestInternal (D:\Repositories\meepleai-monorepo\apps\web\node_modules\.pnpm\jest-runner@30.2.0\node_modules\jest-runner\build\testWorker.js:275:16)
          at runTest (D:\Repositories\meepleai-monorepo\apps\web\node_modules\.pnpm\jest-runner@30.2.0\node_modules\jest-runner\build\testWorker.js:343:7)
          at Object.worker (D:\Repositories\meepleai-monorepo\apps\web\node_modules\.pnpm\jest-runner@30.2.0\node_modules\jest-runner\build\testWorker.js:497:12)

    [0m [90m 373 |[39m       [36mreturn[39m[33m;[39m
     [90m 374 |[39m     }
    [31m[1m>[22m[39m[90m 375 |[39m     originalError[33m.[39mcall(console[33m,[39m [33m...[39margs)[33m;[39m
     [90m     |[39m                   [31m[1m^[22m[39m
     [90m 376 |[39m   }[33m;[39m
     [90m 377 |[39m })[33m;[39m
     [90m 378 |[39m[0m

      at console.call [as error] (jest.setup.js:375:19)
      at error (src/components/ExportChatModal.tsx:98:15)

    console.error
      `DialogContent` requires a `DialogTitle` for the component to be accessible for screen reader users.
      
      If you want to hide the `DialogTitle`, you can wrap it with our VisuallyHidden component.
      
      For more information, see https://radix-ui.com/primitives/docs/components/dialog

    [0m [90m 373 |[39m       [36mreturn[39m[33m;[39m
     [90m 374 |[39m     }
    [31m[1m>[22m[39m[90m 375 |[39m     originalError[33m.[39mcall(console[33m,[39m [33m...[39margs)[33m;[39m
     [90m     |[39m                   [31m[1m^[22m[39m
     [90m 376 |[39m   }[33m;[39m
     [90m 377 |[39m })[33m;[39m
     [90m 378 |[39m[0m

      at console.call [as error] (jest.setup.js:375:19)
      at node_modules/.pnpm/@radix-ui+react-dialog@1.1._664b8f23a65f4708bb5cf27e5ff43c08/node_modules/@radix-ui/react-dialog/src/dialog.tsx:520:30
      at Object.react_stack_bottom_frame (node_modules/.pnpm/react-dom@19.2.0_react@19.2.0/node_modules/react-dom/cjs/react-dom-client.development.js:25989:20)
      at runWithFiberInDEV (node_modules/.pnpm/react-dom@19.2.0_react@19.2.0/node_modules/react-dom/cjs/react-dom-client.development.js:874:13)
      at commitHookEffectListMount (node_modules/.pnpm/react-dom@19.2.0_react@19.2.0/node_modules/react-dom/cjs/react-dom-client.development.js:13249:29)
      at commitHookPassiveMountEffects (node_modules/.pnpm/react-dom@19.2.0_react@19.2.0/node_modules/react-dom/cjs/react-dom-client.development.js:13336:11)
      at commitPassiveMountOnFiber (node_modules/.pnpm/react-dom@19.2.0_react@19.2.0/node_modules/react-dom/cjs/react-dom-client.development.js:15484:13)
      at recursivelyTraversePassiveMountEffects (node_modules/.pnpm/react-dom@19.2.0_react@19.2.0/node_modules/react-dom/cjs/react-dom-client.development.js:15439:11)
      at commitPassiveMountOnFiber (node_modules/.pnpm/react-dom@19.2.0_react@19.2.0/node_modules/react-dom/cjs/react-dom-client.development.js:15718:11)
      at recursivelyTraversePassiveMountEffects (node_modules/.pnpm/react-dom@19.2.0_react@19.2.0/node_modules/react-dom/cjs/react-dom-client.development.js:15439:11)
      at commitPassiveMountOnFiber (node_modules/.pnpm/react-dom@19.2.0_react@19.2.0/node_modules/react-dom/cjs/react-dom-client.development.js:15476:11)
      at recursivelyTraversePassiveMountEffects (node_modules/.pnpm/react-dom@19.2.0_react@19.2.0/node_modules/react-dom/cjs/react-dom-client.development.js:15439:11)
      at commitPassiveMountOnFiber (node_modules/.pnpm/react-dom@19.2.0_react@19.2.0/node_modules/react-dom/cjs/react-dom-client.development.js:15476:11)
      at recursivelyTraversePassiveMountEffects (node_modules/.pnpm/react-dom@19.2.0_react@19.2.0/node_modules/react-dom/cjs/react-dom-client.development.js:15439:11)
      at commitPassiveMountOnFiber (node_modules/.pnpm/react-dom@19.2.0_react@19.2.0/node_modules/react-dom/cjs/react-dom-client.development.js:15476:11)
      at recursivelyTraversePassiveMountEffects (node_modules/.pnpm/react-dom@19.2.0_react@19.2.0/node_modules/react-dom/cjs/react-dom-client.development.js:15439:11)
      at commitPassiveMountOnFiber (node_modules/.pnpm/react-dom@19.2.0_react@19.2.0/node_modules/react-dom/cjs/react-dom-client.development.js:15476:11)
      at recursivelyTraversePassiveMountEffects (node_modules/.pnpm/react-dom@19.2.0_react@19.2.0/node_modules/react-dom/cjs/react-dom-client.development.js:15439:11)
      at commitPassiveMountOnFiber (node_modules/.pnpm/react-dom@19.2.0_react@19.2.0/node_modules/react-dom/cjs/react-dom-client.development.js:15476:11)
      at recursivelyTraversePassiveMountEffects (node_modules/.pnpm/react-dom@19.2.0_react@19.2.0/node_modules/react-dom/cjs/react-dom-client.development.js:15439:11)
      at commitPassiveMountOnFiber (node_modules/.pnpm/react-dom@19.2.0_react@19.2.0/node_modules/react-dom/cjs/react-dom-client.development.js:15476:11)
      at recursivelyTraversePassiveMountEffects (node_modules/.pnpm/react-dom@19.2.0_react@19.2.0/node_modules/react-dom/cjs/react-dom-client.development.js:15439:11)
      at commitPassiveMountOnFiber (node_modules/.pnpm/react-dom@19.2.0_react@19.2.0/node_modules/react-dom/cjs/react-dom-client.development.js:15476:11)
      at recursivelyTraversePassiveMountEffects (node_modules/.pnpm/react-dom@19.2.0_react@19.2.0/node_modules/react-dom/cjs/react-dom-client.development.js:15439:11)
      at commitPassiveMountOnFiber (node_modules/.pnpm/react-dom@19.2.0_react@19.2.0/node_modules/react-dom/cjs/react-dom-client.development.js:15718:11)
      at recursivelyTraversePassiveMountEffects (node_modules/.pnpm/react-dom@19.2.0_react@19.2.0/node_modules/react-dom/cjs/react-dom-client.development.js:15439:11)
      at commitPassiveMountOnFiber (node_modules/.pnpm/react-dom@19.2.0_react@19.2.0/node_modules/react-dom/cjs/react-dom-client.development.js:15476:11)
      at recursivelyTraversePassiveMountEffects (node_modules/.pnpm/react-dom@19.2.0_react@19.2.0/node_modules/react-dom/cjs/react-dom-client.development.js:15439:11)
      at commitPassiveMountOnFiber (node_modules/.pnpm/react-dom@19.2.0_react@19.2.0/node_modules/react-dom/cjs/react-dom-client.development.js:15476:11)
      at recursivelyTraversePassiveMountEffects (node_modules/.pnpm/react-dom@19.2.0_react@19.2.0/node_modules/react-dom/cjs/react-dom-client.development.js:15439:11)
      at commitPassiveMountOnFiber (node_modules/.pnpm/react-dom@19.2.0_react@19.2.0/node_modules/react-dom/cjs/react-dom-client.development.js:15718:11)
      at recursivelyTraversePassiveMountEffects (node_modules/.pnpm/react-dom@19.2.0_react@19.2.0/node_modules/react-dom/cjs/react-dom-client.development.js:15439:11)
      at commitPassiveMountOnFiber (node_modules/.pnpm/react-dom@19.2.0_react@19.2.0/node_modules/react-dom/cjs/react-dom-client.development.js:15476:11)
      at recursivelyTraversePassiveMountEffects (node_modules/.pnpm/react-dom@19.2.0_react@19.2.0/node_modules/react-dom/cjs/react-dom-client.development.js:15439:11)
      at commitPassiveMountOnFiber (node_modules/.pnpm/react-dom@19.2.0_react@19.2.0/node_modules/react-dom/cjs/react-dom-client.development.js:15476:11)
      at recursivelyTraversePassiveMountEffects (node_modules/.pnpm/react-dom@19.2.0_react@19.2.0/node_modules/react-dom/cjs/react-dom-client.development.js:15439:11)
      at commitPassiveMountOnFiber (node_modules/.pnpm/react-dom@19.2.0_react@19.2.0/node_modules/react-dom/cjs/react-dom-client.development.js:15476:11)
      at recursivelyTraversePassiveMountEffects (node_modules/.pnpm/react-dom@19.2.0_react@19.2.0/node_modules/react-dom/cjs/react-dom-client.development.js:15439:11)
      at commitPassiveMountOnFiber (node_modules/.pnpm/react-dom@19.2.0_react@19.2.0/node_modules/react-dom/cjs/react-dom-client.development.js:15718:11)
      at recursivelyTraversePassiveMountEffects (node_modules/.pnpm/react-dom@19.2.0_react@19.2.0/node_modules/react-dom/cjs/react-dom-client.development.js:15439:11)
      at commitPassiveMountOnFiber (node_modules/.pnpm/react-dom@19.2.0_react@19.2.0/node_modules/react-dom/cjs/react-dom-client.development.js:15476:11)
      at recursivelyTraversePassiveMountEffects (node_modules/.pnpm/react-dom@19.2.0_react@19.2.0/node_modules/react-dom/cjs/react-dom-client.development.js:15439:11)
      at commitPassiveMountOnFiber (node_modules/.pnpm/react-dom@19.2.0_react@19.2.0/node_modules/react-dom/cjs/react-dom-client.development.js:15476:11)
      at recursivelyTraversePassiveMountEffects (node_modules/.pnpm/react-dom@19.2.0_react@19.2.0/node_modules/react-dom/cjs/react-dom-client.development.js:15439:11)
      at commitPassiveMountOnFiber (node_modules/.pnpm/react-dom@19.2.0_react@19.2.0/node_modules/react-dom/cjs/react-dom-client.development.js:15476:11)
      at recursivelyTraversePassiveMountEffects (node_modules/.pnpm/react-dom@19.2.0_react@19.2.0/node_modules/react-dom/cjs/react-dom-client.development.js:15439:11)
      at commitPassiveMountOnFiber (node_modules/.pnpm/react-dom@19.2.0_react@19.2.0/node_modules/react-dom/cjs/react-dom-client.development.js:15476:11)
      at recursivelyTraversePassiveMountEffects (node_modules/.pnpm/react-dom@19.2.0_react@19.2.0/node_modules/react-dom/cjs/react-dom-client.development.js:15439:11)
      at commitPassiveMountOnFiber (node_modules/.pnpm/react-dom@19.2.0_react@19.2.0/node_modules/react-dom/cjs/react-dom-client.development.js:15519:11)
      at flushPassiveEffects (node_modules/.pnpm/react-dom@19.2.0_react@19.2.0/node_modules/react-dom/cjs/react-dom-client.development.js:18432:9)
      at flushPendingEffects (node_modules/.pnpm/react-dom@19.2.0_react@19.2.0/node_modules/react-dom/cjs/react-dom-client.development.js:18358:14)
      at flushSpawnedWork (node_modules/.pnpm/react-dom@19.2.0_react@19.2.0/node_modules/react-dom/cjs/react-dom-client.development.js:18323:44)
      at commitRoot (node_modules/.pnpm/react-dom@19.2.0_react@19.2.0/node_modules/react-dom/cjs/react-dom-client.development.js:17955:9)
      at performWorkOnRoot (node_modules/.pnpm/react-dom@19.2.0_react@19.2.0/node_modules/react-dom/cjs/react-dom-client.development.js:16667:15)
      at performSyncWorkOnRoot (node_modules/.pnpm/react-dom@19.2.0_react@19.2.0/node_modules/react-dom/cjs/react-dom-client.development.js:18972:7)
      at flushSyncWorkAcrossRoots_impl (node_modules/.pnpm/react-dom@19.2.0_react@19.2.0/node_modules/react-dom/cjs/react-dom-client.development.js:18814:21)
      at flushSpawnedWork (node_modules/.pnpm/react-dom@19.2.0_react@19.2.0/node_modules/react-dom/cjs/react-dom-client.development.js:18334:9)
      at commitRoot (node_modules/.pnpm/react-dom@19.2.0_react@19.2.0/node_modules/react-dom/cjs/react-dom-client.development.js:17955:9)
      at performWorkOnRoot (node_modules/.pnpm/react-dom@19.2.0_react@19.2.0/node_modules/react-dom/cjs/react-dom-client.development.js:16667:15)
      at performWorkOnRootViaSchedulerTask (node_modules/.pnpm/react-dom@19.2.0_react@19.2.0/node_modules/react-dom/cjs/react-dom-client.development.js:18957:7)
      at flushActQueue (node_modules/.pnpm/react@19.2.0/node_modules/react/cjs/react.development.js:590:34)
      at process.env.NODE_ENV.exports.act (node_modules/.pnpm/react@19.2.0/node_modules/react/cjs/react.development.js:884:10)
      at node_modules/.pnpm/@testing-library+react@16.3_15d474de7481bb0af842c1b1705139a8/node_modules/@testing-library/react/dist/act-compat.js:47:25
      at renderRoot (node_modules/.pnpm/@testing-library+react@16.3_15d474de7481bb0af842c1b1705139a8/node_modules/@testing-library/react/dist/pure.js:190:26)
      at render (node_modules/.pnpm/@testing-library+react@16.3_15d474de7481bb0af842c1b1705139a8/node_modules/@testing-library/react/dist/pure.js:292:10)
      at Object.<anonymous> (src/__tests__/components/ExportChatModal.test.tsx:295:13)

    console.warn
      Warning: Missing `Description` or `aria-describedby={undefined}` for {DialogContent}.

    [0m [90m 293 |[39m     it([32m'displays generic error message for unknown errors'[39m[33m,[39m [36masync[39m () [33m=>[39m {
     [90m 294 |[39m       (mockApi[33m.[39mchat[33m.[39mexportChat [36mas[39m jest[33m.[39m[33mMock[39m)[33m.[39mmockRejectedValue([32m'Unknown error'[39m)[33m;[39m
    [31m[1m>[22m[39m[90m 295 |[39m       render([33m<[39m[33mExportChatModal[39m {[33m...[39mdefaultProps} [33m/[39m[33m>[39m)[33m;[39m
     [90m     |[39m             [31m[1m^[22m[39m
     [90m 296 |[39m
     [90m 297 |[39m       [36mconst[39m exportButton [33m=[39m screen[33m.[39mgetByRole([32m'button'[39m[33m,[39m { name[33m:[39m [35m/esporta/i[39m })[33m;[39m
     [90m 298 |[39m       fireEvent[33m.[39mclick(exportButton)[33m;[39m[0m

      at node_modules/.pnpm/@radix-ui+react-dialog@1.1._664b8f23a65f4708bb5cf27e5ff43c08/node_modules/@radix-ui/react-dialog/src/dialog.tsx:543:36
      at Object.react_stack_bottom_frame (node_modules/.pnpm/react-dom@19.2.0_react@19.2.0/node_modules/react-dom/cjs/react-dom-client.development.js:25989:20)
      at runWithFiberInDEV (node_modules/.pnpm/react-dom@19.2.0_react@19.2.0/node_modules/react-dom/cjs/react-dom-client.development.js:874:13)
      at commitHookEffectListMount (node_modules/.pnpm/react-dom@19.2.0_react@19.2.0/node_modules/react-dom/cjs/react-dom-client.development.js:13249:29)
      at commitHookPassiveMountEffects (node_modules/.pnpm/react-dom@19.2.0_react@19.2.0/node_modules/react-dom/cjs/react-dom-client.development.js:13336:11)
      at commitPassiveMountOnFiber (node_modules/.pnpm/react-dom@19.2.0_react@19.2.0/node_modules/react-dom/cjs/react-dom-client.development.js:15484:13)
      at recursivelyTraversePassiveMountEffects (node_modules/.pnpm/react-dom@19.2.0_react@19.2.0/node_modules/react-dom/cjs/react-dom-client.development.js:15439:11)
      at commitPassiveMountOnFiber (node_modules/.pnpm/react-dom@19.2.0_react@19.2.0/node_modules/react-dom/cjs/react-dom-client.development.js:15718:11)
      at recursivelyTraversePassiveMountEffects (node_modules/.pnpm/react-dom@19.2.0_react@19.2.0/node_modules/react-dom/cjs/react-dom-client.development.js:15439:11)
      at commitPassiveMountOnFiber (node_modules/.pnpm/react-dom@19.2.0_react@19.2.0/node_modules/react-dom/cjs/react-dom-client.development.js:15476:11)
      at recursivelyTraversePassiveMountEffects (node_modules/.pnpm/react-dom@19.2.0_react@19.2.0/node_modules/react-dom/cjs/react-dom-client.development.js:15439:11)
      at commitPassiveMountOnFiber (node_modules/.pnpm/react-dom@19.2.0_react@19.2.0/node_modules/react-dom/cjs/react-dom-client.development.js:15476:11)
      at recursivelyTraversePassiveMountEffects (node_modules/.pnpm/react-dom@19.2.0_react@19.2.0/node_modules/react-dom/cjs/react-dom-client.development.js:15439:11)
      at commitPassiveMountOnFiber (node_modules/.pnpm/react-dom@19.2.0_react@19.2.0/node_modules/react-dom/cjs/react-dom-client.development.js:15476:11)
      at recursivelyTraversePassiveMountEffects (node_modules/.pnpm/react-dom@19.2.0_react@19.2.0/node_modules/react-dom/cjs/react-dom-client.development.js:15439:11)
      at commitPassiveMountOnFiber (node_modules/.pnpm/react-dom@19.2.0_react@19.2.0/node_modules/react-dom/cjs/react-dom-client.development.js:15476:11)
      at recursivelyTraversePassiveMountEffects (node_modules/.pnpm/react-dom@19.2.0_react@19.2.0/node_modules/react-dom/cjs/react-dom-client.development.js:15439:11)
      at commitPassiveMountOnFiber (node_modules/.pnpm/react-dom@19.2.0_react@19.2.0/node_modules/react-dom/cjs/react-dom-client.development.js:15476:11)
      at recursivelyTraversePassiveMountEffects (node_modules/.pnpm/react-dom@19.2.0_react@19.2.0/node_modules/react-dom/cjs/react-dom-client.development.js:15439:11)
      at commitPassiveMountOnFiber (node_modules/.pnpm/react-dom@19.2.0_react@19.2.0/node_modules/react-dom/cjs/react-dom-client.development.js:15476:11)
      at recursivelyTraversePassiveMountEffects (node_modules/.pnpm/react-dom@19.2.0_react@19.2.0/node_modules/react-dom/cjs/react-dom-client.development.js:15439:11)
      at commitPassiveMountOnFiber (node_modules/.pnpm/react-dom@19.2.0_react@19.2.0/node_modules/react-dom/cjs/react-dom-client.development.js:15476:11)
      at recursivelyTraversePassiveMountEffects (node_modules/.pnpm/react-dom@19.2.0_react@19.2.0/node_modules/react-dom/cjs/react-dom-client.development.js:15439:11)
      at commitPassiveMountOnFiber (node_modules/.pnpm/react-dom@19.2.0_react@19.2.0/node_modules/react-dom/cjs/react-dom-client.development.js:15718:11)
      at recursivelyTraversePassiveMountEffects (node_modules/.pnpm/react-dom@19.2.0_react@19.2.0/node_modules/react-dom/cjs/react-dom-client.development.js:15439:11)
      at commitPassiveMountOnFiber (node_modules/.pnpm/react-dom@19.2.0_react@19.2.0/node_modules/react-dom/cjs/react-dom-client.development.js:15476:11)
      at recursivelyTraversePassiveMountEffects (node_modules/.pnpm/react-dom@19.2.0_react@19.2.0/node_modules/react-dom/cjs/react-dom-client.development.js:15439:11)
      at commitPassiveMountOnFiber (node_modules/.pnpm/react-dom@19.2.0_react@19.2.0/node_modules/react-dom/cjs/react-dom-client.development.js:15476:11)
      at recursivelyTraversePassiveMountEffects (node_modules/.pnpm/react-dom@19.2.0_react@19.2.0/node_modules/react-dom/cjs/react-dom-client.development.js:15439:11)
      at commitPassiveMountOnFiber (node_modules/.pnpm/react-dom@19.2.0_react@19.2.0/node_modules/react-dom/cjs/react-dom-client.development.js:15718:11)
      at recursivelyTraversePassiveMountEffects (node_modules/.pnpm/react-dom@19.2.0_react@19.2.0/node_modules/react-dom/cjs/react-dom-client.development.js:15439:11)
      at commitPassiveMountOnFiber (node_modules/.pnpm/react-dom@19.2.0_react@19.2.0/node_modules/react-dom/cjs/react-dom-client.development.js:15476:11)
      at recursivelyTraversePassiveMountEffects (node_modules/.pnpm/react-dom@19.2.0_react@19.2.0/node_modules/react-dom/cjs/react-dom-client.development.js:15439:11)
      at commitPassiveMountOnFiber (node_modules/.pnpm/react-dom@19.2.0_react@19.2.0/node_modules/react-dom/cjs/react-dom-client.development.js:15476:11)
      at recursivelyTraversePassiveMountEffects (node_modules/.pnpm/react-dom@19.2.0_react@19.2.0/node_modules/react-dom/cjs/react-dom-client.development.js:15439:11)
      at commitPassiveMountOnFiber (node_modules/.pnpm/react-dom@19.2.0_react@19.2.0/node_modules/react-dom/cjs/react-dom-client.development.js:15476:11)
      at recursivelyTraversePassiveMountEffects (node_modules/.pnpm/react-dom@19.2.0_react@19.2.0/node_modules/react-dom/cjs/react-dom-client.development.js:15439:11)
      at commitPassiveMountOnFiber (node_modules/.pnpm/react-dom@19.2.0_react@19.2.0/node_modules/react-dom/cjs/react-dom-client.development.js:15718:11)
      at recursivelyTraversePassiveMountEffects (node_modules/.pnpm/react-dom@19.2.0_react@19.2.0/node_modules/react-dom/cjs/react-dom-client.development.js:15439:11)
      at commitPassiveMountOnFiber (node_modules/.pnpm/react-dom@19.2.0_react@19.2.0/node_modules/react-dom/cjs/react-dom-client.development.js:15476:11)
      at recursivelyTraversePassiveMountEffects (node_modules/.pnpm/react-dom@19.2.0_react@19.2.0/node_modules/react-dom/cjs/react-dom-client.development.js:15439:11)
      at commitPassiveMountOnFiber (node_modules/.pnpm/react-dom@19.2.0_react@19.2.0/node_modules/react-dom/cjs/react-dom-client.development.js:15476:11)
      at recursivelyTraversePassiveMountEffects (node_modules/.pnpm/react-dom@19.2.0_react@19.2.0/node_modules/react-dom/cjs/react-dom-client.development.js:15439:11)
      at commitPassiveMountOnFiber (node_modules/.pnpm/react-dom@19.2.0_react@19.2.0/node_modules/react-dom/cjs/react-dom-client.development.js:15476:11)
      at recursivelyTraversePassiveMountEffects (node_modules/.pnpm/react-dom@19.2.0_react@19.2.0/node_modules/react-dom/cjs/react-dom-client.development.js:15439:11)
      at commitPassiveMountOnFiber (node_modules/.pnpm/react-dom@19.2.0_react@19.2.0/node_modules/react-dom/cjs/react-dom-client.development.js:15476:11)
      at recursivelyTraversePassiveMountEffects (node_modules/.pnpm/react-dom@19.2.0_react@19.2.0/node_modules/react-dom/cjs/react-dom-client.development.js:15439:11)
      at commitPassiveMountOnFiber (node_modules/.pnpm/react-dom@19.2.0_react@19.2.0/node_modules/react-dom/cjs/react-dom-client.development.js:15519:11)
      at flushPassiveEffects (node_modules/.pnpm/react-dom@19.2.0_react@19.2.0/node_modules/react-dom/cjs/react-dom-client.development.js:18432:9)
      at flushPendingEffects (node_modules/.pnpm/react-dom@19.2.0_react@19.2.0/node_modules/react-dom/cjs/react-dom-client.development.js:18358:14)
      at flushSpawnedWork (node_modules/.pnpm/react-dom@19.2.0_react@19.2.0/node_modules/react-dom/cjs/react-dom-client.development.js:18323:44)
      at commitRoot (node_modules/.pnpm/react-dom@19.2.0_react@19.2.0/node_modules/react-dom/cjs/react-dom-client.development.js:17955:9)
      at performWorkOnRoot (node_modules/.pnpm/react-dom@19.2.0_react@19.2.0/node_modules/react-dom/cjs/react-dom-client.development.js:16667:15)
      at performSyncWorkOnRoot (node_modules/.pnpm/react-dom@19.2.0_react@19.2.0/node_modules/react-dom/cjs/react-dom-client.development.js:18972:7)
      at flushSyncWorkAcrossRoots_impl (node_modules/.pnpm/react-dom@19.2.0_react@19.2.0/node_modules/react-dom/cjs/react-dom-client.development.js:18814:21)
      at flushSpawnedWork (node_modules/.pnpm/react-dom@19.2.0_react@19.2.0/node_modules/react-dom/cjs/react-dom-client.development.js:18334:9)
      at commitRoot (node_modules/.pnpm/react-dom@19.2.0_react@19.2.0/node_modules/react-dom/cjs/react-dom-client.development.js:17955:9)
      at performWorkOnRoot (node_modules/.pnpm/react-dom@19.2.0_react@19.2.0/node_modules/react-dom/cjs/react-dom-client.development.js:16667:15)
      at performWorkOnRootViaSchedulerTask (node_modules/.pnpm/react-dom@19.2.0_react@19.2.0/node_modules/react-dom/cjs/react-dom-client.development.js:18957:7)
      at flushActQueue (node_modules/.pnpm/react@19.2.0/node_modules/react/cjs/react.development.js:590:34)
      at process.env.NODE_ENV.exports.act (node_modules/.pnpm/react@19.2.0/node_modules/react/cjs/react.development.js:884:10)
      at node_modules/.pnpm/@testing-library+react@16.3_15d474de7481bb0af842c1b1705139a8/node_modules/@testing-library/react/dist/act-compat.js:47:25
      at renderRoot (node_modules/.pnpm/@testing-library+react@16.3_15d474de7481bb0af842c1b1705139a8/node_modules/@testing-library/react/dist/pure.js:190:26)
      at render (node_modules/.pnpm/@testing-library+react@16.3_15d474de7481bb0af842c1b1705139a8/node_modules/@testing-library/react/dist/pure.js:292:10)
      at Object.<anonymous> (src/__tests__/components/ExportChatModal.test.tsx:295:13)

    console.error
      Error exporting chat: Unknown error

    [0m [90m 373 |[39m       [36mreturn[39m[33m;[39m
     [90m 374 |[39m     }
    [31m[1m>[22m[39m[90m 375 |[39m     originalError[33m.[39mcall(console[33m,[39m [33m...[39margs)[33m;[39m
     [90m     |[39m                   [31m[1m^[22m[39m
     [90m 376 |[39m   }[33m;[39m
     [90m 377 |[39m })[33m;[39m
     [90m 378 |[39m[0m

      at console.call [as error] (jest.setup.js:375:19)
      at error (src/components/ExportChatModal.tsx:98:15)

    console.error
      `DialogContent` requires a `DialogTitle` for the component to be accessible for screen reader users.
      
      If you want to hide the `DialogTitle`, you can wrap it with our VisuallyHidden component.
      
      For more information, see https://radix-ui.com/primitives/docs/components/dialog

    [0m [90m 373 |[39m       [36mreturn[39m[33m;[39m
     [90m 374 |[39m     }
    [31m[1m>[22m[39m[90m 375 |[39m     originalError[33m.[39mcall(console[33m,[39m [33m...[39margs)[33m;[39m
     [90m     |[39m                   [31m[1m^[22m[39m
     [90m 376 |[39m   }[33m;[39m
     [90m 377 |[39m })[33m;[39m
     [90m 378 |[39m[0m

      at console.call [as error] (jest.setup.js:375:19)
      at node_modules/.pnpm/@radix-ui+react-dialog@1.1._664b8f23a65f4708bb5cf27e5ff43c08/node_modules/@radix-ui/react-dialog/src/dialog.tsx:520:30
      at Object.react_stack_bottom_frame (node_modules/.pnpm/react-dom@19.2.0_react@19.2.0/node_modules/react-dom/cjs/react-dom-client.development.js:25989:20)
      at runWithFiberInDEV (node_modules/.pnpm/react-dom@19.2.0_react@19.2.0/node_modules/react-dom/cjs/react-dom-client.development.js:874:13)
      at commitHookEffectListMount (node_modules/.pnpm/react-dom@19.2.0_react@19.2.0/node_modules/react-dom/cjs/react-dom-client.development.js:13249:29)
      at commitHookPassiveMountEffects (node_modules/.pnpm/react-dom@19.2.0_react@19.2.0/node_modules/react-dom/cjs/react-dom-client.development.js:13336:11)
      at commitPassiveMountOnFiber (node_modules/.pnpm/react-dom@19.2.0_react@19.2.0/node_modules/react-dom/cjs/react-dom-client.development.js:15484:13)
      at recursivelyTraversePassiveMountEffects (node_modules/.pnpm/react-dom@19.2.0_react@19.2.0/node_modules/react-dom/cjs/react-dom-client.development.js:15439:11)
      at commitPassiveMountOnFiber (node_modules/.pnpm/react-dom@19.2.0_react@19.2.0/node_modules/react-dom/cjs/react-dom-client.development.js:15718:11)
      at recursivelyTraversePassiveMountEffects (node_modules/.pnpm/react-dom@19.2.0_react@19.2.0/node_modules/react-dom/cjs/react-dom-client.development.js:15439:11)
      at commitPassiveMountOnFiber (node_modules/.pnpm/react-dom@19.2.0_react@19.2.0/node_modules/react-dom/cjs/react-dom-client.development.js:15476:11)
      at recursivelyTraversePassiveMountEffects (node_modules/.pnpm/react-dom@19.2.0_react@19.2.0/node_modules/react-dom/cjs/react-dom-client.development.js:15439:11)
      at commitPassiveMountOnFiber (node_modules/.pnpm/react-dom@19.2.0_react@19.2.0/node_modules/react-dom/cjs/react-dom-client.development.js:15476:11)
      at recursivelyTraversePassiveMountEffects (node_modules/.pnpm/react-dom@19.2.0_react@19.2.0/node_modules/react-dom/cjs/react-dom-client.development.js:15439:11)
      at commitPassiveMountOnFiber (node_modules/.pnpm/react-dom@19.2.0_react@19.2.0/node_modules/react-dom/cjs/react-dom-client.development.js:15476:11)
      at recursivelyTraversePassiveMountEffects (node_modules/.pnpm/react-dom@19.2.0_react@19.2.0/node_modules/react-dom/cjs/react-dom-client.development.js:15439:11)
      at commitPassiveMountOnFiber (node_modules/.pnpm/react-dom@19.2.0_react@19.2.0/node_modules/react-dom/cjs/react-dom-client.development.js:15476:11)
      at recursivelyTraversePassiveMountEffects (node_modules/.pnpm/react-dom@19.2.0_react@19.2.0/node_modules/react-dom/cjs/react-dom-client.development.js:15439:11)
      at commitPassiveMountOnFiber (node_modules/.pnpm/react-dom@19.2.0_react@19.2.0/node_modules/react-dom/cjs/react-dom-client.development.js:15476:11)
      at recursivelyTraversePassiveMountEffects (node_modules/.pnpm/react-dom@19.2.0_react@19.2.0/node_modules/react-dom/cjs/react-dom-client.development.js:15439:11)
      at commitPassiveMountOnFiber (node_modules/.pnpm/react-dom@19.2.0_react@19.2.0/node_modules/react-dom/cjs/react-dom-client.development.js:15476:11)
      at recursivelyTraversePassiveMountEffects (node_modules/.pnpm/react-dom@19.2.0_react@19.2.0/node_modules/react-dom/cjs/react-dom-client.development.js:15439:11)
      at commitPassiveMountOnFiber (node_modules/.pnpm/react-dom@19.2.0_react@19.2.0/node_modules/react-dom/cjs/react-dom-client.development.js:15476:11)
      at recursivelyTraversePassiveMountEffects (node_modules/.pnpm/react-dom@19.2.0_react@19.2.0/node_modules/react-dom/cjs/react-dom-client.development.js:15439:11)
      at commitPassiveMountOnFiber (node_modules/.pnpm/react-dom@19.2.0_react@19.2.0/node_modules/react-dom/cjs/react-dom-client.development.js:15718:11)
      at recursivelyTraversePassiveMountEffects (node_modules/.pnpm/react-dom@19.2.0_react@19.2.0/node_modules/react-dom/cjs/react-dom-client.development.js:15439:11)
      at commitPassiveMountOnFiber (node_modules/.pnpm/react-dom@19.2.0_react@19.2.0/node_modules/react-dom/cjs/react-dom-client.development.js:15476:11)
      at recursivelyTraversePassiveMountEffects (node_modules/.pnpm/react-dom@19.2.0_react@19.2.0/node_modules/react-dom/cjs/react-dom-client.development.js:15439:11)
      at commitPassiveMountOnFiber (node_modules/.pnpm/react-dom@19.2.0_react@19.2.0/node_modules/react-dom/cjs/react-dom-client.development.js:15476:11)
      at recursivelyTraversePassiveMountEffects (node_modules/.pnpm/react-dom@19.2.0_react@19.2.0/node_modules/react-dom/cjs/react-dom-client.development.js:15439:11)
      at commitPassiveMountOnFiber (node_modules/.pnpm/react-dom@19.2.0_react@19.2.0/node_modules/react-dom/cjs/react-dom-client.development.js:15718:11)
      at recursivelyTraversePassiveMountEffects (node_modules/.pnpm/react-dom@19.2.0_react@19.2.0/node_modules/react-dom/cjs/react-dom-client.development.js:15439:11)
      at commitPassiveMountOnFiber (node_modules/.pnpm/react-dom@19.2.0_react@19.2.0/node_modules/react-dom/cjs/react-dom-client.development.js:15476:11)
      at recursivelyTraversePassiveMountEffects (node_modules/.pnpm/react-dom@19.2.0_react@19.2.0/node_modules/react-dom/cjs/react-dom-client.development.js:15439:11)
      at commitPassiveMountOnFiber (node_modules/.pnpm/react-dom@19.2.0_react@19.2.0/node_modules/react-dom/cjs/react-dom-client.development.js:15476:11)
      at recursivelyTraversePassiveMountEffects (node_modules/.pnpm/react-dom@19.2.0_react@19.2.0/node_modules/react-dom/cjs/react-dom-client.development.js:15439:11)
      at commitPassiveMountOnFiber (node_modules/.pnpm/react-dom@19.2.0_react@19.2.0/node_modules/react-dom/cjs/react-dom-client.development.js:15476:11)
      at recursivelyTraversePassiveMountEffects (node_modules/.pnpm/react-dom@19.2.0_react@19.2.0/node_modules/react-dom/cjs/react-dom-client.development.js:15439:11)
      at commitPassiveMountOnFiber (node_modules/.pnpm/react-dom@19.2.0_react@19.2.0/node_modules/react-dom/cjs/react-dom-client.development.js:15718:11)
      at recursivelyTraversePassiveMountEffects (node_modules/.pnpm/react-dom@19.2.0_react@19.2.0/node_modules/react-dom/cjs/react-dom-client.development.js:15439:11)
      at commitPassiveMountOnFiber (node_modules/.pnpm/react-dom@19.2.0_react@19.2.0/node_modules/react-dom/cjs/react-dom-client.development.js:15476:11)
      at recursivelyTraversePassiveMountEffects (node_modules/.pnpm/react-dom@19.2.0_react@19.2.0/node_modules/react-dom/cjs/react-dom-client.development.js:15439:11)
      at commitPassiveMountOnFiber (node_modules/.pnpm/react-dom@19.2.0_react@19.2.0/node_modules/react-dom/cjs/react-dom-client.development.js:15476:11)
      at recursivelyTraversePassiveMountEffects (node_modules/.pnpm/react-dom@19.2.0_react@19.2.0/node_modules/react-dom/cjs/react-dom-client.development.js:15439:11)
      at commitPassiveMountOnFiber (node_modules/.pnpm/react-dom@19.2.0_react@19.2.0/node_modules/react-dom/cjs/react-dom-client.development.js:15476:11)
      at recursivelyTraversePassiveMountEffects (node_modules/.pnpm/react-dom@19.2.0_react@19.2.0/node_modules/react-dom/cjs/react-dom-client.development.js:15439:11)
      at commitPassiveMountOnFiber (node_modules/.pnpm/react-dom@19.2.0_react@19.2.0/node_modules/react-dom/cjs/react-dom-client.development.js:15476:11)
      at recursivelyTraversePassiveMountEffects (node_modules/.pnpm/react-dom@19.2.0_react@19.2.0/node_modules/react-dom/cjs/react-dom-client.development.js:15439:11)
      at commitPassiveMountOnFiber (node_modules/.pnpm/react-dom@19.2.0_react@19.2.0/node_modules/react-dom/cjs/react-dom-client.development.js:15519:11)
      at flushPassiveEffects (node_modules/.pnpm/react-dom@19.2.0_react@19.2.0/node_modules/react-dom/cjs/react-dom-client.development.js:18432:9)
      at flushPendingEffects (node_modules/.pnpm/react-dom@19.2.0_react@19.2.0/node_modules/react-dom/cjs/react-dom-client.development.js:18358:14)
      at flushSpawnedWork (node_modules/.pnpm/react-dom@19.2.0_react@19.2.0/node_modules/react-dom/cjs/react-dom-client.development.js:18323:44)
      at commitRoot (node_modules/.pnpm/react-dom@19.2.0_react@19.2.0/node_modules/react-dom/cjs/react-dom-client.development.js:17955:9)
      at performWorkOnRoot (node_modules/.pnpm/react-dom@19.2.0_react@19.2.0/node_modules/react-dom/cjs/react-dom-client.development.js:16667:15)
      at performSyncWorkOnRoot (node_modules/.pnpm/react-dom@19.2.0_react@19.2.0/node_modules/react-dom/cjs/react-dom-client.development.js:18972:7)
      at flushSyncWorkAcrossRoots_impl (node_modules/.pnpm/react-dom@19.2.0_react@19.2.0/node_modules/react-dom/cjs/react-dom-client.development.js:18814:21)
      at flushSpawnedWork (node_modules/.pnpm/react-dom@19.2.0_react@19.2.0/node_modules/react-dom/cjs/react-dom-client.development.js:18334:9)
      at commitRoot (node_modules/.pnpm/react-dom@19.2.0_react@19.2.0/node_modules/react-dom/cjs/react-dom-client.development.js:17955:9)
      at performWorkOnRoot (node_modules/.pnpm/react-dom@19.2.0_react@19.2.0/node_modules/react-dom/cjs/react-dom-client.development.js:16667:15)
      at performWorkOnRootViaSchedulerTask (node_modules/.pnpm/react-dom@19.2.0_react@19.2.0/node_modules/react-dom/cjs/react-dom-client.development.js:18957:7)
      at flushActQueue (node_modules/.pnpm/react@19.2.0/node_modules/react/cjs/react.development.js:590:34)
      at process.env.NODE_ENV.exports.act (node_modules/.pnpm/react@19.2.0/node_modules/react/cjs/react.development.js:884:10)
      at node_modules/.pnpm/@testing-library+react@16.3_15d474de7481bb0af842c1b1705139a8/node_modules/@testing-library/react/dist/act-compat.js:47:25
      at renderRoot (node_modules/.pnpm/@testing-library+react@16.3_15d474de7481bb0af842c1b1705139a8/node_modules/@testing-library/react/dist/pure.js:190:26)
      at render (node_modules/.pnpm/@testing-library+react@16.3_15d474de7481bb0af842c1b1705139a8/node_modules/@testing-library/react/dist/pure.js:292:10)
      at Object.<anonymous> (src/__tests__/components/ExportChatModal.test.tsx:305:13)

    console.warn
      Warning: Missing `Description` or `aria-describedby={undefined}` for {DialogContent}.

    [0m [90m 303 |[39m     it([32m'does not close modal when export fails'[39m[33m,[39m [36masync[39m () [33m=>[39m {
     [90m 304 |[39m       (mockApi[33m.[39mchat[33m.[39mexportChat [36mas[39m jest[33m.[39m[33mMock[39m)[33m.[39mmockRejectedValue([36mnew[39m [33mError[39m([32m'Export failed'[39m))[33m;[39m
    [31m[1m>[22m[39m[90m 305 |[39m       render([33m<[39m[33mExportChatModal[39m {[33m...[39mdefaultProps} [33m/[39m[33m>[39m)[33m;[39m
     [90m     |[39m             [31m[1m^[22m[39m
     [90m 306 |[39m
     [90m 307 |[39m       [36mconst[39m exportButton [33m=[39m screen[33m.[39mgetByRole([32m'button'[39m[33m,[39m { name[33m:[39m [35m/esporta/i[39m })[33m;[39m
     [90m 308 |[39m       fireEvent[33m.[39mclick(exportButton)[33m;[39m[0m

      at node_modules/.pnpm/@radix-ui+react-dialog@1.1._664b8f23a65f4708bb5cf27e5ff43c08/node_modules/@radix-ui/react-dialog/src/dialog.tsx:543:36
      at Object.react_stack_bottom_frame (node_modules/.pnpm/react-dom@19.2.0_react@19.2.0/node_modules/react-dom/cjs/react-dom-client.development.js:25989:20)
      at runWithFiberInDEV (node_modules/.pnpm/react-dom@19.2.0_react@19.2.0/node_modules/react-dom/cjs/react-dom-client.development.js:874:13)
      at commitHookEffectListMount (node_modules/.pnpm/react-dom@19.2.0_react@19.2.0/node_modules/react-dom/cjs/react-dom-client.development.js:13249:29)
      at commitHookPassiveMountEffects (node_modules/.pnpm/react-dom@19.2.0_react@19.2.0/node_modules/react-dom/cjs/react-dom-client.development.js:13336:11)
      at commitPassiveMountOnFiber (node_modules/.pnpm/react-dom@19.2.0_react@19.2.0/node_modules/react-dom/cjs/react-dom-client.development.js:15484:13)
      at recursivelyTraversePassiveMountEffects (node_modules/.pnpm/react-dom@19.2.0_react@19.2.0/node_modules/react-dom/cjs/react-dom-client.development.js:15439:11)
      at commitPassiveMountOnFiber (node_modules/.pnpm/react-dom@19.2.0_react@19.2.0/node_modules/react-dom/cjs/react-dom-client.development.js:15718:11)
      at recursivelyTraversePassiveMountEffects (node_modules/.pnpm/react-dom@19.2.0_react@19.2.0/node_modules/react-dom/cjs/react-dom-client.development.js:15439:11)
      at commitPassiveMountOnFiber (node_modules/.pnpm/react-dom@19.2.0_react@19.2.0/node_modules/react-dom/cjs/react-dom-client.development.js:15476:11)
      at recursivelyTraversePassiveMountEffects (node_modules/.pnpm/react-dom@19.2.0_react@19.2.0/node_modules/react-dom/cjs/react-dom-client.development.js:15439:11)
      at commitPassiveMountOnFiber (node_modules/.pnpm/react-dom@19.2.0_react@19.2.0/node_modules/react-dom/cjs/react-dom-client.development.js:15476:11)
      at recursivelyTraversePassiveMountEffects (node_modules/.pnpm/react-dom@19.2.0_react@19.2.0/node_modules/react-dom/cjs/react-dom-client.development.js:15439:11)
      at commitPassiveMountOnFiber (node_modules/.pnpm/react-dom@19.2.0_react@19.2.0/node_modules/react-dom/cjs/react-dom-client.development.js:15476:11)
      at recursivelyTraversePassiveMountEffects (node_modules/.pnpm/react-dom@19.2.0_react@19.2.0/node_modules/react-dom/cjs/react-dom-client.development.js:15439:11)
      at commitPassiveMountOnFiber (node_modules/.pnpm/react-dom@19.2.0_react@19.2.0/node_modules/react-dom/cjs/react-dom-client.development.js:15476:11)
      at recursivelyTraversePassiveMountEffects (node_modules/.pnpm/react-dom@19.2.0_react@19.2.0/node_modules/react-dom/cjs/react-dom-client.development.js:15439:11)
      at commitPassiveMountOnFiber (node_modules/.pnpm/react-dom@19.2.0_react@19.2.0/node_modules/react-dom/cjs/react-dom-client.development.js:15476:11)
      at recursivelyTraversePassiveMountEffects (node_modules/.pnpm/react-dom@19.2.0_react@19.2.0/node_modules/react-dom/cjs/react-dom-client.development.js:15439:11)
      at commitPassiveMountOnFiber (node_modules/.pnpm/react-dom@19.2.0_react@19.2.0/node_modules/react-dom/cjs/react-dom-client.development.js:15476:11)
      at recursivelyTraversePassiveMountEffects (node_modules/.pnpm/react-dom@19.2.0_react@19.2.0/node_modules/react-dom/cjs/react-dom-client.development.js:15439:11)
      at commitPassiveMountOnFiber (node_modules/.pnpm/react-dom@19.2.0_react@19.2.0/node_modules/react-dom/cjs/react-dom-client.development.js:15476:11)
      at recursivelyTraversePassiveMountEffects (node_modules/.pnpm/react-dom@19.2.0_react@19.2.0/node_modules/react-dom/cjs/react-dom-client.development.js:15439:11)
      at commitPassiveMountOnFiber (node_modules/.pnpm/react-dom@19.2.0_react@19.2.0/node_modules/react-dom/cjs/react-dom-client.development.js:15718:11)
      at recursivelyTraversePassiveMountEffects (node_modules/.pnpm/react-dom@19.2.0_react@19.2.0/node_modules/react-dom/cjs/react-dom-client.development.js:15439:11)
      at commitPassiveMountOnFiber (node_modules/.pnpm/react-dom@19.2.0_react@19.2.0/node_modules/react-dom/cjs/react-dom-client.development.js:15476:11)
      at recursivelyTraversePassiveMountEffects (node_modules/.pnpm/react-dom@19.2.0_react@19.2.0/node_modules/react-dom/cjs/react-dom-client.development.js:15439:11)
      at commitPassiveMountOnFiber (node_modules/.pnpm/react-dom@19.2.0_react@19.2.0/node_modules/react-dom/cjs/react-dom-client.development.js:15476:11)
      at recursivelyTraversePassiveMountEffects (node_modules/.pnpm/react-dom@19.2.0_react@19.2.0/node_modules/react-dom/cjs/react-dom-client.development.js:15439:11)
      at commitPassiveMountOnFiber (node_modules/.pnpm/react-dom@19.2.0_react@19.2.0/node_modules/react-dom/cjs/react-dom-client.development.js:15718:11)
      at recursivelyTraversePassiveMountEffects (node_modules/.pnpm/react-dom@19.2.0_react@19.2.0/node_modules/react-dom/cjs/react-dom-client.development.js:15439:11)
      at commitPassiveMountOnFiber (node_modules/.pnpm/react-dom@19.2.0_react@19.2.0/node_modules/react-dom/cjs/react-dom-client.development.js:15476:11)
      at recursivelyTraversePassiveMountEffects (node_modules/.pnpm/react-dom@19.2.0_react@19.2.0/node_modules/react-dom/cjs/react-dom-client.development.js:15439:11)
      at commitPassiveMountOnFiber (node_modules/.pnpm/react-dom@19.2.0_react@19.2.0/node_modules/react-dom/cjs/react-dom-client.development.js:15476:11)
      at recursivelyTraversePassiveMountEffects (node_modules/.pnpm/react-dom@19.2.0_react@19.2.0/node_modules/react-dom/cjs/react-dom-client.development.js:15439:11)
      at commitPassiveMountOnFiber (node_modules/.pnpm/react-dom@19.2.0_react@19.2.0/node_modules/react-dom/cjs/react-dom-client.development.js:15476:11)
      at recursivelyTraversePassiveMountEffects (node_modules/.pnpm/react-dom@19.2.0_react@19.2.0/node_modules/react-dom/cjs/react-dom-client.development.js:15439:11)
      at commitPassiveMountOnFiber (node_modules/.pnpm/react-dom@19.2.0_react@19.2.0/node_modules/react-dom/cjs/react-dom-client.development.js:15718:11)
      at recursivelyTraversePassiveMountEffects (node_modules/.pnpm/react-dom@19.2.0_react@19.2.0/node_modules/react-dom/cjs/react-dom-client.development.js:15439:11)
      at commitPassiveMountOnFiber (node_modules/.pnpm/react-dom@19.2.0_react@19.2.0/node_modules/react-dom/cjs/react-dom-client.development.js:15476:11)
      at recursivelyTraversePassiveMountEffects (node_modules/.pnpm/react-dom@19.2.0_react@19.2.0/node_modules/react-dom/cjs/react-dom-client.development.js:15439:11)
      at commitPassiveMountOnFiber (node_modules/.pnpm/react-dom@19.2.0_react@19.2.0/node_modules/react-dom/cjs/react-dom-client.development.js:15476:11)
      at recursivelyTraversePassiveMountEffects (node_modules/.pnpm/react-dom@19.2.0_react@19.2.0/node_modules/react-dom/cjs/react-dom-client.development.js:15439:11)
      at commitPassiveMountOnFiber (node_modules/.pnpm/react-dom@19.2.0_react@19.2.0/node_modules/react-dom/cjs/react-dom-client.development.js:15476:11)
      at recursivelyTraversePassiveMountEffects (node_modules/.pnpm/react-dom@19.2.0_react@19.2.0/node_modules/react-dom/cjs/react-dom-client.development.js:15439:11)
      at commitPassiveMountOnFiber (node_modules/.pnpm/react-dom@19.2.0_react@19.2.0/node_modules/react-dom/cjs/react-dom-client.development.js:15476:11)
      at recursivelyTraversePassiveMountEffects (node_modules/.pnpm/react-dom@19.2.0_react@19.2.0/node_modules/react-dom/cjs/react-dom-client.development.js:15439:11)
      at commitPassiveMountOnFiber (node_modules/.pnpm/react-dom@19.2.0_react@19.2.0/node_modules/react-dom/cjs/react-dom-client.development.js:15519:11)
      at flushPassiveEffects (node_modules/.pnpm/react-dom@19.2.0_react@19.2.0/node_modules/react-dom/cjs/react-dom-client.development.js:18432:9)
      at flushPendingEffects (node_modules/.pnpm/react-dom@19.2.0_react@19.2.0/node_modules/react-dom/cjs/react-dom-client.development.js:18358:14)
      at flushSpawnedWork (node_modules/.pnpm/react-dom@19.2.0_react@19.2.0/node_modules/react-dom/cjs/react-dom-client.development.js:18323:44)
      at commitRoot (node_modules/.pnpm/react-dom@19.2.0_react@19.2.0/node_modules/react-dom/cjs/react-dom-client.development.js:17955:9)
      at performWorkOnRoot (node_modules/.pnpm/react-dom@19.2.0_react@19.2.0/node_modules/react-dom/cjs/react-dom-client.development.js:16667:15)
      at performSyncWorkOnRoot (node_modules/.pnpm/react-dom@19.2.0_react@19.2.0/node_modules/react-dom/cjs/react-dom-client.development.js:18972:7)
      at flushSyncWorkAcrossRoots_impl (node_modules/.pnpm/react-dom@19.2.0_react@19.2.0/node_modules/react-dom/cjs/react-dom-client.development.js:18814:21)
      at flushSpawnedWork (node_modules/.pnpm/react-dom@19.2.0_react@19.2.0/node_modules/react-dom/cjs/react-dom-client.development.js:18334:9)
      at commitRoot (node_modules/.pnpm/react-dom@19.2.0_react@19.2.0/node_modules/react-dom/cjs/react-dom-client.development.js:17955:9)
      at performWorkOnRoot (node_modules/.pnpm/react-dom@19.2.0_react@19.2.0/node_modules/react-dom/cjs/react-dom-client.development.js:16667:15)
      at performWorkOnRootViaSchedulerTask (node_modules/.pnpm/react-dom@19.2.0_react@19.2.0/node_modules/react-dom/cjs/react-dom-client.development.js:18957:7)
      at flushActQueue (node_modules/.pnpm/react@19.2.0/node_modules/react/cjs/react.development.js:590:34)
      at process.env.NODE_ENV.exports.act (node_modules/.pnpm/react@19.2.0/node_modules/react/cjs/react.development.js:884:10)
      at node_modules/.pnpm/@testing-library+react@16.3_15d474de7481bb0af842c1b1705139a8/node_modules/@testing-library/react/dist/act-compat.js:47:25
      at renderRoot (node_modules/.pnpm/@testing-library+react@16.3_15d474de7481bb0af842c1b1705139a8/node_modules/@testing-library/react/dist/pure.js:190:26)
      at render (node_modules/.pnpm/@testing-library+react@16.3_15d474de7481bb0af842c1b1705139a8/node_modules/@testing-library/react/dist/pure.js:292:10)
      at Object.<anonymous> (src/__tests__/components/ExportChatModal.test.tsx:305:13)

    console.error
      Error exporting chat: Error: Export failed
          at Object.<anonymous> (D:\Repositories\meepleai-monorepo\apps\web\src\__tests__\components\ExportChatModal.test.tsx:304:64)
          at Promise.finally.completed (D:\Repositories\meepleai-monorepo\apps\web\node_modules\.pnpm\jest-circus@30.2.0\node_modules\jest-circus\build\jestAdapterInit.js:1557:28)
          at new Promise (<anonymous>)
          at callAsyncCircusFn (D:\Repositories\meepleai-monorepo\apps\web\node_modules\.pnpm\jest-circus@30.2.0\node_modules\jest-circus\build\jestAdapterInit.js:1497:10)
          at _callCircusTest (D:\Repositories\meepleai-monorepo\apps\web\node_modules\.pnpm\jest-circus@30.2.0\node_modules\jest-circus\build\jestAdapterInit.js:1007:40)
          at _runTest (D:\Repositories\meepleai-monorepo\apps\web\node_modules\.pnpm\jest-circus@30.2.0\node_modules\jest-circus\build\jestAdapterInit.js:947:3)
          at D:\Repositories\meepleai-monorepo\apps\web\node_modules\.pnpm\jest-circus@30.2.0\node_modules\jest-circus\build\jestAdapterInit.js:849:7
          at _runTestsForDescribeBlock (D:\Repositories\meepleai-monorepo\apps\web\node_modules\.pnpm\jest-circus@30.2.0\node_modules\jest-circus\build\jestAdapterInit.js:862:11)
          at _runTestsForDescribeBlock (D:\Repositories\meepleai-monorepo\apps\web\node_modules\.pnpm\jest-circus@30.2.0\node_modules\jest-circus\build\jestAdapterInit.js:857:11)
          at _runTestsForDescribeBlock (D:\Repositories\meepleai-monorepo\apps\web\node_modules\.pnpm\jest-circus@30.2.0\node_modules\jest-circus\build\jestAdapterInit.js:857:11)
          at run (D:\Repositories\meepleai-monorepo\apps\web\node_modules\.pnpm\jest-circus@30.2.0\node_modules\jest-circus\build\jestAdapterInit.js:761:3)
          at runAndTransformResultsToJestFormat (D:\Repositories\meepleai-monorepo\apps\web\node_modules\.pnpm\jest-circus@30.2.0\node_modules\jest-circus\build\jestAdapterInit.js:1918:21)
          at jestAdapter (D:\Repositories\meepleai-monorepo\apps\web\node_modules\.pnpm\jest-circus@30.2.0\node_modules\jest-circus\build\runner.js:101:19)
          at runTestInternal (D:\Repositories\meepleai-monorepo\apps\web\node_modules\.pnpm\jest-runner@30.2.0\node_modules\jest-runner\build\testWorker.js:275:16)
          at runTest (D:\Repositories\meepleai-monorepo\apps\web\node_modules\.pnpm\jest-runner@30.2.0\node_modules\jest-runner\build\testWorker.js:343:7)
          at Object.worker (D:\Repositories\meepleai-monorepo\apps\web\node_modules\.pnpm\jest-runner@30.2.0\node_modules\jest-runner\build\testWorker.js:497:12)

    [0m [90m 373 |[39m       [36mreturn[39m[33m;[39m
     [90m 374 |[39m     }
    [31m[1m>[22m[39m[90m 375 |[39m     originalError[33m.[39mcall(console[33m,[39m [33m...[39margs)[33m;[39m
     [90m     |[39m                   [31m[1m^[22m[39m
     [90m 376 |[39m   }[33m;[39m
     [90m 377 |[39m })[33m;[39m
     [90m 378 |[39m[0m

      at console.call [as error] (jest.setup.js:375:19)
      at error (src/components/ExportChatModal.tsx:98:15)

    console.error
      `DialogContent` requires a `DialogTitle` for the component to be accessible for screen reader users.
      
      If you want to hide the `DialogTitle`, you can wrap it with our VisuallyHidden component.
      
      For more information, see https://radix-ui.com/primitives/docs/components/dialog

    [0m [90m 373 |[39m       [36mreturn[39m[33m;[39m
     [90m 374 |[39m     }
    [31m[1m>[22m[39m[90m 375 |[39m     originalError[33m.[39mcall(console[33m,[39m [33m...[39margs)[33m;[39m
     [90m     |[39m                   [31m[1m^[22m[39m
     [90m 376 |[39m   }[33m;[39m
     [90m 377 |[39m })[33m;[39m
     [90m 378 |[39m[0m

      at console.call [as error] (jest.setup.js:375:19)
      at node_modules/.pnpm/@radix-ui+react-dialog@1.1._664b8f23a65f4708bb5cf27e5ff43c08/node_modules/@radix-ui/react-dialog/src/dialog.tsx:520:30
      at Object.react_stack_bottom_frame (node_modules/.pnpm/react-dom@19.2.0_react@19.2.0/node_modules/react-dom/cjs/react-dom-client.development.js:25989:20)
      at runWithFiberInDEV (node_modules/.pnpm/react-dom@19.2.0_react@19.2.0/node_modules/react-dom/cjs/react-dom-client.development.js:874:13)
      at commitHookEffectListMount (node_modules/.pnpm/react-dom@19.2.0_react@19.2.0/node_modules/react-dom/cjs/react-dom-client.development.js:13249:29)
      at commitHookPassiveMountEffects (node_modules/.pnpm/react-dom@19.2.0_react@19.2.0/node_modules/react-dom/cjs/react-dom-client.development.js:13336:11)
      at commitPassiveMountOnFiber (node_modules/.pnpm/react-dom@19.2.0_react@19.2.0/node_modules/react-dom/cjs/react-dom-client.development.js:15484:13)
      at recursivelyTraversePassiveMountEffects (node_modules/.pnpm/react-dom@19.2.0_react@19.2.0/node_modules/react-dom/cjs/react-dom-client.development.js:15439:11)
      at commitPassiveMountOnFiber (node_modules/.pnpm/react-dom@19.2.0_react@19.2.0/node_modules/react-dom/cjs/react-dom-client.development.js:15718:11)
      at recursivelyTraversePassiveMountEffects (node_modules/.pnpm/react-dom@19.2.0_react@19.2.0/node_modules/react-dom/cjs/react-dom-client.development.js:15439:11)
      at commitPassiveMountOnFiber (node_modules/.pnpm/react-dom@19.2.0_react@19.2.0/node_modules/react-dom/cjs/react-dom-client.development.js:15476:11)
      at recursivelyTraversePassiveMountEffects (node_modules/.pnpm/react-dom@19.2.0_react@19.2.0/node_modules/react-dom/cjs/react-dom-client.development.js:15439:11)
      at commitPassiveMountOnFiber (node_modules/.pnpm/react-dom@19.2.0_react@19.2.0/node_modules/react-dom/cjs/react-dom-client.development.js:15476:11)
      at recursivelyTraversePassiveMountEffects (node_modules/.pnpm/react-dom@19.2.0_react@19.2.0/node_modules/react-dom/cjs/react-dom-client.development.js:15439:11)
      at commitPassiveMountOnFiber (node_modules/.pnpm/react-dom@19.2.0_react@19.2.0/node_modules/react-dom/cjs/react-dom-client.development.js:15476:11)
      at recursivelyTraversePassiveMountEffects (node_modules/.pnpm/react-dom@19.2.0_react@19.2.0/node_modules/react-dom/cjs/react-dom-client.development.js:15439:11)
      at commitPassiveMountOnFiber (node_modules/.pnpm/react-dom@19.2.0_react@19.2.0/node_modules/react-dom/cjs/react-dom-client.development.js:15476:11)
      at recursivelyTraversePassiveMountEffects (node_modules/.pnpm/react-dom@19.2.0_react@19.2.0/node_modules/react-dom/cjs/react-dom-client.development.js:15439:11)
      at commitPassiveMountOnFiber (node_modules/.pnpm/react-dom@19.2.0_react@19.2.0/node_modules/react-dom/cjs/react-dom-client.development.js:15476:11)
      at recursivelyTraversePassiveMountEffects (node_modules/.pnpm/react-dom@19.2.0_react@19.2.0/node_modules/react-dom/cjs/react-dom-client.development.js:15439:11)
      at commitPassiveMountOnFiber (node_modules/.pnpm/react-dom@19.2.0_react@19.2.0/node_modules/react-dom/cjs/react-dom-client.development.js:15476:11)
      at recursivelyTraversePassiveMountEffects (node_modules/.pnpm/react-dom@19.2.0_react@19.2.0/node_modules/react-dom/cjs/react-dom-client.development.js:15439:11)
      at commitPassiveMountOnFiber (node_modules/.pnpm/react-dom@19.2.0_react@19.2.0/node_modules/react-dom/cjs/react-dom-client.development.js:15476:11)
      at recursivelyTraversePassiveMountEffects (node_modules/.pnpm/react-dom@19.2.0_react@19.2.0/node_modules/react-dom/cjs/react-dom-client.development.js:15439:11)
      at commitPassiveMountOnFiber (node_modules/.pnpm/react-dom@19.2.0_react@19.2.0/node_modules/react-dom/cjs/react-dom-client.development.js:15718:11)
      at recursivelyTraversePassiveMountEffects (node_modules/.pnpm/react-dom@19.2.0_react@19.2.0/node_modules/react-dom/cjs/react-dom-client.development.js:15439:11)
      at commitPassiveMountOnFiber (node_modules/.pnpm/react-dom@19.2.0_react@19.2.0/node_modules/react-dom/cjs/react-dom-client.development.js:15476:11)
      at recursivelyTraversePassiveMountEffects (node_modules/.pnpm/react-dom@19.2.0_react@19.2.0/node_modules/react-dom/cjs/react-dom-client.development.js:15439:11)
      at commitPassiveMountOnFiber (node_modules/.pnpm/react-dom@19.2.0_react@19.2.0/node_modules/react-dom/cjs/react-dom-client.development.js:15476:11)
      at recursivelyTraversePassiveMountEffects (node_modules/.pnpm/react-dom@19.2.0_react@19.2.0/node_modules/react-dom/cjs/react-dom-client.development.js:15439:11)
      at commitPassiveMountOnFiber (node_modules/.pnpm/react-dom@19.2.0_react@19.2.0/node_modules/react-dom/cjs/react-dom-client.development.js:15718:11)
      at recursivelyTraversePassiveMountEffects (node_modules/.pnpm/react-dom@19.2.0_react@19.2.0/node_modules/react-dom/cjs/react-dom-client.development.js:15439:11)
      at commitPassiveMountOnFiber (node_modules/.pnpm/react-dom@19.2.0_react@19.2.0/node_modules/react-dom/cjs/react-dom-client.development.js:15476:11)
      at recursivelyTraversePassiveMountEffects (node_modules/.pnpm/react-dom@19.2.0_react@19.2.0/node_modules/react-dom/cjs/react-dom-client.development.js:15439:11)
      at commitPassiveMountOnFiber (node_modules/.pnpm/react-dom@19.2.0_react@19.2.0/node_modules/react-dom/cjs/react-dom-client.development.js:15476:11)
      at recursivelyTraversePassiveMountEffects (node_modules/.pnpm/react-dom@19.2.0_react@19.2.0/node_modules/react-dom/cjs/react-dom-client.development.js:15439:11)
      at commitPassiveMountOnFiber (node_modules/.pnpm/react-dom@19.2.0_react@19.2.0/node_modules/react-dom/cjs/react-dom-client.development.js:15476:11)
      at recursivelyTraversePassiveMountEffects (node_modules/.pnpm/react-dom@19.2.0_react@19.2.0/node_modules/react-dom/cjs/react-dom-client.development.js:15439:11)
      at commitPassiveMountOnFiber (node_modules/.pnpm/react-dom@19.2.0_react@19.2.0/node_modules/react-dom/cjs/react-dom-client.development.js:15718:11)
      at recursivelyTraversePassiveMountEffects (node_modules/.pnpm/react-dom@19.2.0_react@19.2.0/node_modules/react-dom/cjs/react-dom-client.development.js:15439:11)
      at commitPassiveMountOnFiber (node_modules/.pnpm/react-dom@19.2.0_react@19.2.0/node_modules/react-dom/cjs/react-dom-client.development.js:15476:11)
      at recursivelyTraversePassiveMountEffects (node_modules/.pnpm/react-dom@19.2.0_react@19.2.0/node_modules/react-dom/cjs/react-dom-client.development.js:15439:11)
      at commitPassiveMountOnFiber (node_modules/.pnpm/react-dom@19.2.0_react@19.2.0/node_modules/react-dom/cjs/react-dom-client.development.js:15476:11)
      at recursivelyTraversePassiveMountEffects (node_modules/.pnpm/react-dom@19.2.0_react@19.2.0/node_modules/react-dom/cjs/react-dom-client.development.js:15439:11)
      at commitPassiveMountOnFiber (node_modules/.pnpm/react-dom@19.2.0_react@19.2.0/node_modules/react-dom/cjs/react-dom-client.development.js:15476:11)
      at recursivelyTraversePassiveMountEffects (node_modules/.pnpm/react-dom@19.2.0_react@19.2.0/node_modules/react-dom/cjs/react-dom-client.development.js:15439:11)
      at commitPassiveMountOnFiber (node_modules/.pnpm/react-dom@19.2.0_react@19.2.0/node_modules/react-dom/cjs/react-dom-client.development.js:15476:11)
      at recursivelyTraversePassiveMountEffects (node_modules/.pnpm/react-dom@19.2.0_react@19.2.0/node_modules/react-dom/cjs/react-dom-client.development.js:15439:11)
      at commitPassiveMountOnFiber (node_modules/.pnpm/react-dom@19.2.0_react@19.2.0/node_modules/react-dom/cjs/react-dom-client.development.js:15519:11)
      at flushPassiveEffects (node_modules/.pnpm/react-dom@19.2.0_react@19.2.0/node_modules/react-dom/cjs/react-dom-client.development.js:18432:9)
      at flushPendingEffects (node_modules/.pnpm/react-dom@19.2.0_react@19.2.0/node_modules/react-dom/cjs/react-dom-client.development.js:18358:14)
      at flushSpawnedWork (node_modules/.pnpm/react-dom@19.2.0_react@19.2.0/node_modules/react-dom/cjs/react-dom-client.development.js:18323:44)
      at commitRoot (node_modules/.pnpm/react-dom@19.2.0_react@19.2.0/node_modules/react-dom/cjs/react-dom-client.development.js:17955:9)
      at performWorkOnRoot (node_modules/.pnpm/react-dom@19.2.0_react@19.2.0/node_modules/react-dom/cjs/react-dom-client.development.js:16667:15)
      at performSyncWorkOnRoot (node_modules/.pnpm/react-dom@19.2.0_react@19.2.0/node_modules/react-dom/cjs/react-dom-client.development.js:18972:7)
      at flushSyncWorkAcrossRoots_impl (node_modules/.pnpm/react-dom@19.2.0_react@19.2.0/node_modules/react-dom/cjs/react-dom-client.development.js:18814:21)
      at flushSpawnedWork (node_modules/.pnpm/react-dom@19.2.0_react@19.2.0/node_modules/react-dom/cjs/react-dom-client.development.js:18334:9)
      at commitRoot (node_modules/.pnpm/react-dom@19.2.0_react@19.2.0/node_modules/react-dom/cjs/react-dom-client.development.js:17955:9)
      at performWorkOnRoot (node_modules/.pnpm/react-dom@19.2.0_react@19.2.0/node_modules/react-dom/cjs/react-dom-client.development.js:16667:15)
      at performWorkOnRootViaSchedulerTask (node_modules/.pnpm/react-dom@19.2.0_react@19.2.0/node_modules/react-dom/cjs/react-dom-client.development.js:18957:7)
      at flushActQueue (node_modules/.pnpm/react@19.2.0/node_modules/react/cjs/react.development.js:590:34)
      at process.env.NODE_ENV.exports.act (node_modules/.pnpm/react@19.2.0/node_modules/react/cjs/react.development.js:884:10)
      at node_modules/.pnpm/@testing-library+react@16.3_15d474de7481bb0af842c1b1705139a8/node_modules/@testing-library/react/dist/act-compat.js:47:25
      at renderRoot (node_modules/.pnpm/@testing-library+react@16.3_15d474de7481bb0af842c1b1705139a8/node_modules/@testing-library/react/dist/pure.js:190:26)
      at render (node_modules/.pnpm/@testing-library+react@16.3_15d474de7481bb0af842c1b1705139a8/node_modules/@testing-library/react/dist/pure.js:292:10)
      at Object.<anonymous> (src/__tests__/components/ExportChatModal.test.tsx:322:13)

    console.warn
      Warning: Missing `Description` or `aria-describedby={undefined}` for {DialogContent}.

    [0m [90m 320 |[39m         [33m.[39mmockResolvedValueOnce(undefined)[33m;[39m
     [90m 321 |[39m
    [31m[1m>[22m[39m[90m 322 |[39m       render([33m<[39m[33mExportChatModal[39m {[33m...[39mdefaultProps} [33m/[39m[33m>[39m)[33m;[39m
     [90m     |[39m             [31m[1m^[22m[39m
     [90m 323 |[39m
     [90m 324 |[39m       [36mconst[39m exportButton [33m=[39m screen[33m.[39mgetByRole([32m'button'[39m[33m,[39m { name[33m:[39m [35m/esporta/i[39m })[33m;[39m
     [90m 325 |[39m[0m

      at node_modules/.pnpm/@radix-ui+react-dialog@1.1._664b8f23a65f4708bb5cf27e5ff43c08/node_modules/@radix-ui/react-dialog/src/dialog.tsx:543:36
      at Object.react_stack_bottom_frame (node_modules/.pnpm/react-dom@19.2.0_react@19.2.0/node_modules/react-dom/cjs/react-dom-client.development.js:25989:20)
      at runWithFiberInDEV (node_modules/.pnpm/react-dom@19.2.0_react@19.2.0/node_modules/react-dom/cjs/react-dom-client.development.js:874:13)
      at commitHookEffectListMount (node_modules/.pnpm/react-dom@19.2.0_react@19.2.0/node_modules/react-dom/cjs/react-dom-client.development.js:13249:29)
      at commitHookPassiveMountEffects (node_modules/.pnpm/react-dom@19.2.0_react@19.2.0/node_modules/react-dom/cjs/react-dom-client.development.js:13336:11)
      at commitPassiveMountOnFiber (node_modules/.pnpm/react-dom@19.2.0_react@19.2.0/node_modules/react-dom/cjs/react-dom-client.development.js:15484:13)
      at recursivelyTraversePassiveMountEffects (node_modules/.pnpm/react-dom@19.2.0_react@19.2.0/node_modules/react-dom/cjs/react-dom-client.development.js:15439:11)
      at commitPassiveMountOnFiber (node_modules/.pnpm/react-dom@19.2.0_react@19.2.0/node_modules/react-dom/cjs/react-dom-client.development.js:15718:11)
      at recursivelyTraversePassiveMountEffects (node_modules/.pnpm/react-dom@19.2.0_react@19.2.0/node_modules/react-dom/cjs/react-dom-client.development.js:15439:11)
      at commitPassiveMountOnFiber (node_modules/.pnpm/react-dom@19.2.0_react@19.2.0/node_modules/react-dom/cjs/react-dom-client.development.js:15476:11)
      at recursivelyTraversePassiveMountEffects (node_modules/.pnpm/react-dom@19.2.0_react@19.2.0/node_modules/react-dom/cjs/react-dom-client.development.js:15439:11)
      at commitPassiveMountOnFiber (node_modules/.pnpm/react-dom@19.2.0_react@19.2.0/node_modules/react-dom/cjs/react-dom-client.development.js:15476:11)
      at recursivelyTraversePassiveMountEffects (node_modules/.pnpm/react-dom@19.2.0_react@19.2.0/node_modules/react-dom/cjs/react-dom-client.development.js:15439:11)
      at commitPassiveMountOnFiber (node_modules/.pnpm/react-dom@19.2.0_react@19.2.0/node_modules/react-dom/cjs/react-dom-client.development.js:15476:11)
      at recursivelyTraversePassiveMountEffects (node_modules/.pnpm/react-dom@19.2.0_react@19.2.0/node_modules/react-dom/cjs/react-dom-client.development.js:15439:11)
      at commitPassiveMountOnFiber (node_modules/.pnpm/react-dom@19.2.0_react@19.2.0/node_modules/react-dom/cjs/react-dom-client.development.js:15476:11)
      at recursivelyTraversePassiveMountEffects (node_modules/.pnpm/react-dom@19.2.0_react@19.2.0/node_modules/react-dom/cjs/react-dom-client.development.js:15439:11)
      at commitPassiveMountOnFiber (node_modules/.pnpm/react-dom@19.2.0_react@19.2.0/node_modules/react-dom/cjs/react-dom-client.development.js:15476:11)
      at recursivelyTraversePassiveMountEffects (node_modules/.pnpm/react-dom@19.2.0_react@19.2.0/node_modules/react-dom/cjs/react-dom-client.development.js:15439:11)
      at commitPassiveMountOnFiber (node_modules/.pnpm/react-dom@19.2.0_react@19.2.0/node_modules/react-dom/cjs/react-dom-client.development.js:15476:11)
      at recursivelyTraversePassiveMountEffects (node_modules/.pnpm/react-dom@19.2.0_react@19.2.0/node_modules/react-dom/cjs/react-dom-client.development.js:15439:11)
      at commitPassiveMountOnFiber (node_modules/.pnpm/react-dom@19.2.0_react@19.2.0/node_modules/react-dom/cjs/react-dom-client.development.js:15476:11)
      at recursivelyTraversePassiveMountEffects (node_modules/.pnpm/react-dom@19.2.0_react@19.2.0/node_modules/react-dom/cjs/react-dom-client.development.js:15439:11)
      at commitPassiveMountOnFiber (node_modules/.pnpm/react-dom@19.2.0_react@19.2.0/node_modules/react-dom/cjs/react-dom-client.development.js:15718:11)
      at recursivelyTraversePassiveMountEffects (node_modules/.pnpm/react-dom@19.2.0_react@19.2.0/node_modules/react-dom/cjs/react-dom-client.development.js:15439:11)
      at commitPassiveMountOnFiber (node_modules/.pnpm/react-dom@19.2.0_react@19.2.0/node_modules/react-dom/cjs/react-dom-client.development.js:15476:11)
      at recursivelyTraversePassiveMountEffects (node_modules/.pnpm/react-dom@19.2.0_react@19.2.0/node_modules/react-dom/cjs/react-dom-client.development.js:15439:11)
      at commitPassiveMountOnFiber (node_modules/.pnpm/react-dom@19.2.0_react@19.2.0/node_modules/react-dom/cjs/react-dom-client.development.js:15476:11)
      at recursivelyTraversePassiveMountEffects (node_modules/.pnpm/react-dom@19.2.0_react@19.2.0/node_modules/react-dom/cjs/react-dom-client.development.js:15439:11)
      at commitPassiveMountOnFiber (node_modules/.pnpm/react-dom@19.2.0_react@19.2.0/node_modules/react-dom/cjs/react-dom-client.development.js:15718:11)
      at recursivelyTraversePassiveMountEffects (node_modules/.pnpm/react-dom@19.2.0_react@19.2.0/node_modules/react-dom/cjs/react-dom-client.development.js:15439:11)
      at commitPassiveMountOnFiber (node_modules/.pnpm/react-dom@19.2.0_react@19.2.0/node_modules/react-dom/cjs/react-dom-client.development.js:15476:11)
      at recursivelyTraversePassiveMountEffects (node_modules/.pnpm/react-dom@19.2.0_react@19.2.0/node_modules/react-dom/cjs/react-dom-client.development.js:15439:11)
      at commitPassiveMountOnFiber (node_modules/.pnpm/react-dom@19.2.0_react@19.2.0/node_modules/react-dom/cjs/react-dom-client.development.js:15476:11)
      at recursivelyTraversePassiveMountEffects (node_modules/.pnpm/react-dom@19.2.0_react@19.2.0/node_modules/react-dom/cjs/react-dom-client.development.js:15439:11)
      at commitPassiveMountOnFiber (node_modules/.pnpm/react-dom@19.2.0_react@19.2.0/node_modules/react-dom/cjs/react-dom-client.development.js:15476:11)
      at recursivelyTraversePassiveMountEffects (node_modules/.pnpm/react-dom@19.2.0_react@19.2.0/node_modules/react-dom/cjs/react-dom-client.development.js:15439:11)
      at commitPassiveMountOnFiber (node_modules/.pnpm/react-dom@19.2.0_react@19.2.0/node_modules/react-dom/cjs/react-dom-client.development.js:15718:11)
      at recursivelyTraversePassiveMountEffects (node_modules/.pnpm/react-dom@19.2.0_react@19.2.0/node_modules/react-dom/cjs/react-dom-client.development.js:15439:11)
      at commitPassiveMountOnFiber (node_modules/.pnpm/react-dom@19.2.0_react@19.2.0/node_modules/react-dom/cjs/react-dom-client.development.js:15476:11)
      at recursivelyTraversePassiveMountEffects (node_modules/.pnpm/react-dom@19.2.0_react@19.2.0/node_modules/react-dom/cjs/react-dom-client.development.js:15439:11)
      at commitPassiveMountOnFiber (node_modules/.pnpm/react-dom@19.2.0_react@19.2.0/node_modules/react-dom/cjs/react-dom-client.development.js:15476:11)
      at recursivelyTraversePassiveMountEffects (node_modules/.pnpm/react-dom@19.2.0_react@19.2.0/node_modules/react-dom/cjs/react-dom-client.development.js:15439:11)
      at commitPassiveMountOnFiber (node_modules/.pnpm/react-dom@19.2.0_react@19.2.0/node_modules/react-dom/cjs/react-dom-client.development.js:15476:11)
      at recursivelyTraversePassiveMountEffects (node_modules/.pnpm/react-dom@19.2.0_react@19.2.0/node_modules/react-dom/cjs/react-dom-client.development.js:15439:11)
      at commitPassiveMountOnFiber (node_modules/.pnpm/react-dom@19.2.0_react@19.2.0/node_modules/react-dom/cjs/react-dom-client.development.js:15476:11)
      at recursivelyTraversePassiveMountEffects (node_modules/.pnpm/react-dom@19.2.0_react@19.2.0/node_modules/react-dom/cjs/react-dom-client.development.js:15439:11)
      at commitPassiveMountOnFiber (node_modules/.pnpm/react-dom@19.2.0_react@19.2.0/node_modules/react-dom/cjs/react-dom-client.development.js:15519:11)
      at flushPassiveEffects (node_modules/.pnpm/react-dom@19.2.0_react@19.2.0/node_modules/react-dom/cjs/react-dom-client.development.js:18432:9)
      at flushPendingEffects (node_modules/.pnpm/react-dom@19.2.0_react@19.2.0/node_modules/react-dom/cjs/react-dom-client.development.js:18358:14)
      at flushSpawnedWork (node_modules/.pnpm/react-dom@19.2.0_react@19.2.0/node_modules/react-dom/cjs/react-dom-client.development.js:18323:44)
      at commitRoot (node_modules/.pnpm/react-dom@19.2.0_react@19.2.0/node_modules/react-dom/cjs/react-dom-client.development.js:17955:9)
      at performWorkOnRoot (node_modules/.pnpm/react-dom@19.2.0_react@19.2.0/node_modules/react-dom/cjs/react-dom-client.development.js:16667:15)
      at performSyncWorkOnRoot (node_modules/.pnpm/react-dom@19.2.0_react@19.2.0/node_modules/react-dom/cjs/react-dom-client.development.js:18972:7)
      at flushSyncWorkAcrossRoots_impl (node_modules/.pnpm/react-dom@19.2.0_react@19.2.0/node_modules/react-dom/cjs/react-dom-client.development.js:18814:21)
      at flushSpawnedWork (node_modules/.pnpm/react-dom@19.2.0_react@19.2.0/node_modules/react-dom/cjs/react-dom-client.development.js:18334:9)
      at commitRoot (node_modules/.pnpm/react-dom@19.2.0_react@19.2.0/node_modules/react-dom/cjs/react-dom-client.development.js:17955:9)
      at performWorkOnRoot (node_modules/.pnpm/react-dom@19.2.0_react@19.2.0/node_modules/react-dom/cjs/react-dom-client.development.js:16667:15)
      at performWorkOnRootViaSchedulerTask (node_modules/.pnpm/react-dom@19.2.0_react@19.2.0/node_modules/react-dom/cjs/react-dom-client.development.js:18957:7)
      at flushActQueue (node_modules/.pnpm/react@19.2.0/node_modules/react/cjs/react.development.js:590:34)
      at process.env.NODE_ENV.exports.act (node_modules/.pnpm/react@19.2.0/node_modules/react/cjs/react.development.js:884:10)
      at node_modules/.pnpm/@testing-library+react@16.3_15d474de7481bb0af842c1b1705139a8/node_modules/@testing-library/react/dist/act-compat.js:47:25
      at renderRoot (node_modules/.pnpm/@testing-library+react@16.3_15d474de7481bb0af842c1b1705139a8/node_modules/@testing-library/react/dist/pure.js:190:26)
      at render (node_modules/.pnpm/@testing-library+react@16.3_15d474de7481bb0af842c1b1705139a8/node_modules/@testing-library/react/dist/pure.js:292:10)
      at Object.<anonymous> (src/__tests__/components/ExportChatModal.test.tsx:322:13)

    console.error
      Error exporting chat: Error: First error
          at Object.<anonymous> (D:\Repositories\meepleai-monorepo\apps\web\src\__tests__\components\ExportChatModal.test.tsx:319:32)
          at Promise.finally.completed (D:\Repositories\meepleai-monorepo\apps\web\node_modules\.pnpm\jest-circus@30.2.0\node_modules\jest-circus\build\jestAdapterInit.js:1557:28)
          at new Promise (<anonymous>)
          at callAsyncCircusFn (D:\Repositories\meepleai-monorepo\apps\web\node_modules\.pnpm\jest-circus@30.2.0\node_modules\jest-circus\build\jestAdapterInit.js:1497:10)
          at _callCircusTest (D:\Repositories\meepleai-monorepo\apps\web\node_modules\.pnpm\jest-circus@30.2.0\node_modules\jest-circus\build\jestAdapterInit.js:1007:40)
          at _runTest (D:\Repositories\meepleai-monorepo\apps\web\node_modules\.pnpm\jest-circus@30.2.0\node_modules\jest-circus\build\jestAdapterInit.js:947:3)
          at D:\Repositories\meepleai-monorepo\apps\web\node_modules\.pnpm\jest-circus@30.2.0\node_modules\jest-circus\build\jestAdapterInit.js:849:7
          at _runTestsForDescribeBlock (D:\Repositories\meepleai-monorepo\apps\web\node_modules\.pnpm\jest-circus@30.2.0\node_modules\jest-circus\build\jestAdapterInit.js:862:11)
          at _runTestsForDescribeBlock (D:\Repositories\meepleai-monorepo\apps\web\node_modules\.pnpm\jest-circus@30.2.0\node_modules\jest-circus\build\jestAdapterInit.js:857:11)
          at _runTestsForDescribeBlock (D:\Repositories\meepleai-monorepo\apps\web\node_modules\.pnpm\jest-circus@30.2.0\node_modules\jest-circus\build\jestAdapterInit.js:857:11)
          at run (D:\Repositories\meepleai-monorepo\apps\web\node_modules\.pnpm\jest-circus@30.2.0\node_modules\jest-circus\build\jestAdapterInit.js:761:3)
          at runAndTransformResultsToJestFormat (D:\Repositories\meepleai-monorepo\apps\web\node_modules\.pnpm\jest-circus@30.2.0\node_modules\jest-circus\build\jestAdapterInit.js:1918:21)
          at jestAdapter (D:\Repositories\meepleai-monorepo\apps\web\node_modules\.pnpm\jest-circus@30.2.0\node_modules\jest-circus\build\runner.js:101:19)
          at runTestInternal (D:\Repositories\meepleai-monorepo\apps\web\node_modules\.pnpm\jest-runner@30.2.0\node_modules\jest-runner\build\testWorker.js:275:16)
          at runTest (D:\Repositories\meepleai-monorepo\apps\web\node_modules\.pnpm\jest-runner@30.2.0\node_modules\jest-runner\build\testWorker.js:343:7)
          at Object.worker (D:\Repositories\meepleai-monorepo\apps\web\node_modules\.pnpm\jest-runner@30.2.0\node_modules\jest-runner\build\testWorker.js:497:12)

    [0m [90m 373 |[39m       [36mreturn[39m[33m;[39m
     [90m 374 |[39m     }
    [31m[1m>[22m[39m[90m 375 |[39m     originalError[33m.[39mcall(console[33m,[39m [33m...[39margs)[33m;[39m
     [90m     |[39m                   [31m[1m^[22m[39m
     [90m 376 |[39m   }[33m;[39m
     [90m 377 |[39m })[33m;[39m
     [90m 378 |[39m[0m

      at console.call [as error] (jest.setup.js:375:19)
      at error (src/components/ExportChatModal.tsx:98:15)

    console.error
      `DialogContent` requires a `DialogTitle` for the component to be accessible for screen reader users.
      
      If you want to hide the `DialogTitle`, you can wrap it with our VisuallyHidden component.
      
      For more information, see https://radix-ui.com/primitives/docs/components/dialog

    [0m [90m 373 |[39m       [36mreturn[39m[33m;[39m
     [90m 374 |[39m     }
    [31m[1m>[22m[39m[90m 375 |[39m     originalError[33m.[39mcall(console[33m,[39m [33m...[39margs)[33m;[39m
     [90m     |[39m                   [31m[1m^[22m[39m
     [90m 376 |[39m   }[33m;[39m
     [90m 377 |[39m })[33m;[39m
     [90m 378 |[39m[0m

      at console.call [as error] (jest.setup.js:375:19)
      at node_modules/.pnpm/@radix-ui+react-dialog@1.1._664b8f23a65f4708bb5cf27e5ff43c08/node_modules/@radix-ui/react-dialog/src/dialog.tsx:520:30
      at Object.react_stack_bottom_frame (node_modules/.pnpm/react-dom@19.2.0_react@19.2.0/node_modules/react-dom/cjs/react-dom-client.development.js:25989:20)
      at runWithFiberInDEV (node_modules/.pnpm/react-dom@19.2.0_react@19.2.0/node_modules/react-dom/cjs/react-dom-client.development.js:874:13)
      at commitHookEffectListMount (node_modules/.pnpm/react-dom@19.2.0_react@19.2.0/node_modules/react-dom/cjs/react-dom-client.development.js:13249:29)
      at commitHookPassiveMountEffects (node_modules/.pnpm/react-dom@19.2.0_react@19.2.0/node_modules/react-dom/cjs/react-dom-client.development.js:13336:11)
      at commitPassiveMountOnFiber (node_modules/.pnpm/react-dom@19.2.0_react@19.2.0/node_modules/react-dom/cjs/react-dom-client.development.js:15484:13)
      at recursivelyTraversePassiveMountEffects (node_modules/.pnpm/react-dom@19.2.0_react@19.2.0/node_modules/react-dom/cjs/react-dom-client.development.js:15439:11)
      at commitPassiveMountOnFiber (node_modules/.pnpm/react-dom@19.2.0_react@19.2.0/node_modules/react-dom/cjs/react-dom-client.development.js:15718:11)
      at recursivelyTraversePassiveMountEffects (node_modules/.pnpm/react-dom@19.2.0_react@19.2.0/node_modules/react-dom/cjs/react-dom-client.development.js:15439:11)
      at commitPassiveMountOnFiber (node_modules/.pnpm/react-dom@19.2.0_react@19.2.0/node_modules/react-dom/cjs/react-dom-client.development.js:15476:11)
      at recursivelyTraversePassiveMountEffects (node_modules/.pnpm/react-dom@19.2.0_react@19.2.0/node_modules/react-dom/cjs/react-dom-client.development.js:15439:11)
      at commitPassiveMountOnFiber (node_modules/.pnpm/react-dom@19.2.0_react@19.2.0/node_modules/react-dom/cjs/react-dom-client.development.js:15476:11)
      at recursivelyTraversePassiveMountEffects (node_modules/.pnpm/react-dom@19.2.0_react@19.2.0/node_modules/react-dom/cjs/react-dom-client.development.js:15439:11)
      at commitPassiveMountOnFiber (node_modules/.pnpm/react-dom@19.2.0_react@19.2.0/node_modules/react-dom/cjs/react-dom-client.development.js:15476:11)
      at recursivelyTraversePassiveMountEffects (node_modules/.pnpm/react-dom@19.2.0_react@19.2.0/node_modules/react-dom/cjs/react-dom-client.development.js:15439:11)
      at commitPassiveMountOnFiber (node_modules/.pnpm/react-dom@19.2.0_react@19.2.0/node_modules/react-dom/cjs/react-dom-client.development.js:15476:11)
      at recursivelyTraversePassiveMountEffects (node_modules/.pnpm/react-dom@19.2.0_react@19.2.0/node_modules/react-dom/cjs/react-dom-client.development.js:15439:11)
      at commitPassiveMountOnFiber (node_modules/.pnpm/react-dom@19.2.0_react@19.2.0/node_modules/react-dom/cjs/react-dom-client.development.js:15476:11)
      at recursivelyTraversePassiveMountEffects (node_modules/.pnpm/react-dom@19.2.0_react@19.2.0/node_modules/react-dom/cjs/react-dom-client.development.js:15439:11)
      at commitPassiveMountOnFiber (node_modules/.pnpm/react-dom@19.2.0_react@19.2.0/node_modules/react-dom/cjs/react-dom-client.development.js:15476:11)
      at recursivelyTraversePassiveMountEffects (node_modules/.pnpm/react-dom@19.2.0_react@19.2.0/node_modules/react-dom/cjs/react-dom-client.development.js:15439:11)
      at commitPassiveMountOnFiber (node_modules/.pnpm/react-dom@19.2.0_react@19.2.0/node_modules/react-dom/cjs/react-dom-client.development.js:15476:11)
      at recursivelyTraversePassiveMountEffects (node_modules/.pnpm/react-dom@19.2.0_react@19.2.0/node_modules/react-dom/cjs/react-dom-client.development.js:15439:11)
      at commitPassiveMountOnFiber (node_modules/.pnpm/react-dom@19.2.0_react@19.2.0/node_modules/react-dom/cjs/react-dom-client.development.js:15718:11)
      at recursivelyTraversePassiveMountEffects (node_modules/.pnpm/react-dom@19.2.0_react@19.2.0/node_modules/react-dom/cjs/react-dom-client.development.js:15439:11)
      at commitPassiveMountOnFiber (node_modules/.pnpm/react-dom@19.2.0_react@19.2.0/node_modules/react-dom/cjs/react-dom-client.development.js:15476:11)
      at recursivelyTraversePassiveMountEffects (node_modules/.pnpm/react-dom@19.2.0_react@19.2.0/node_modules/react-dom/cjs/react-dom-client.development.js:15439:11)
      at commitPassiveMountOnFiber (node_modules/.pnpm/react-dom@19.2.0_react@19.2.0/node_modules/react-dom/cjs/react-dom-client.development.js:15476:11)
      at recursivelyTraversePassiveMountEffects (node_modules/.pnpm/react-dom@19.2.0_react@19.2.0/node_modules/react-dom/cjs/react-dom-client.development.js:15439:11)
      at commitPassiveMountOnFiber (node_modules/.pnpm/react-dom@19.2.0_react@19.2.0/node_modules/react-dom/cjs/react-dom-client.development.js:15718:11)
      at recursivelyTraversePassiveMountEffects (node_modules/.pnpm/react-dom@19.2.0_react@19.2.0/node_modules/react-dom/cjs/react-dom-client.development.js:15439:11)
      at commitPassiveMountOnFiber (node_modules/.pnpm/react-dom@19.2.0_react@19.2.0/node_modules/react-dom/cjs/react-dom-client.development.js:15476:11)
      at recursivelyTraversePassiveMountEffects (node_modules/.pnpm/react-dom@19.2.0_react@19.2.0/node_modules/react-dom/cjs/react-dom-client.development.js:15439:11)
      at commitPassiveMountOnFiber (node_modules/.pnpm/react-dom@19.2.0_react@19.2.0/node_modules/react-dom/cjs/react-dom-client.development.js:15476:11)
      at recursivelyTraversePassiveMountEffects (node_modules/.pnpm/react-dom@19.2.0_react@19.2.0/node_modules/react-dom/cjs/react-dom-client.development.js:15439:11)
      at commitPassiveMountOnFiber (node_modules/.pnpm/react-dom@19.2.0_react@19.2.0/node_modules/react-dom/cjs/react-dom-client.development.js:15476:11)
      at recursivelyTraversePassiveMountEffects (node_modules/.pnpm/react-dom@19.2.0_react@19.2.0/node_modules/react-dom/cjs/react-dom-client.development.js:15439:11)
      at commitPassiveMountOnFiber (node_modules/.pnpm/react-dom@19.2.0_react@19.2.0/node_modules/react-dom/cjs/react-dom-client.development.js:15718:11)
      at recursivelyTraversePassiveMountEffects (node_modules/.pnpm/react-dom@19.2.0_react@19.2.0/node_modules/react-dom/cjs/react-dom-client.development.js:15439:11)
      at commitPassiveMountOnFiber (node_modules/.pnpm/react-dom@19.2.0_react@19.2.0/node_modules/react-dom/cjs/react-dom-client.development.js:15476:11)
      at recursivelyTraversePassiveMountEffects (node_modules/.pnpm/react-dom@19.2.0_react@19.2.0/node_modules/react-dom/cjs/react-dom-client.development.js:15439:11)
      at commitPassiveMountOnFiber (node_modules/.pnpm/react-dom@19.2.0_react@19.2.0/node_modules/react-dom/cjs/react-dom-client.development.js:15476:11)
      at recursivelyTraversePassiveMountEffects (node_modules/.pnpm/react-dom@19.2.0_react@19.2.0/node_modules/react-dom/cjs/react-dom-client.development.js:15439:11)
      at commitPassiveMountOnFiber (node_modules/.pnpm/react-dom@19.2.0_react@19.2.0/node_modules/react-dom/cjs/react-dom-client.development.js:15476:11)
      at recursivelyTraversePassiveMountEffects (node_modules/.pnpm/react-dom@19.2.0_react@19.2.0/node_modules/react-dom/cjs/react-dom-client.development.js:15439:11)
      at commitPassiveMountOnFiber (node_modules/.pnpm/react-dom@19.2.0_react@19.2.0/node_modules/react-dom/cjs/react-dom-client.development.js:15476:11)
      at recursivelyTraversePassiveMountEffects (node_modules/.pnpm/react-dom@19.2.0_react@19.2.0/node_modules/react-dom/cjs/react-dom-client.development.js:15439:11)
      at commitPassiveMountOnFiber (node_modules/.pnpm/react-dom@19.2.0_react@19.2.0/node_modules/react-dom/cjs/react-dom-client.development.js:15519:11)
      at flushPassiveEffects (node_modules/.pnpm/react-dom@19.2.0_react@19.2.0/node_modules/react-dom/cjs/react-dom-client.development.js:18432:9)
      at flushPendingEffects (node_modules/.pnpm/react-dom@19.2.0_react@19.2.0/node_modules/react-dom/cjs/react-dom-client.development.js:18358:14)
      at flushSpawnedWork (node_modules/.pnpm/react-dom@19.2.0_react@19.2.0/node_modules/react-dom/cjs/react-dom-client.development.js:18323:44)
      at commitRoot (node_modules/.pnpm/react-dom@19.2.0_react@19.2.0/node_modules/react-dom/cjs/react-dom-client.development.js:17955:9)
      at performWorkOnRoot (node_modules/.pnpm/react-dom@19.2.0_react@19.2.0/node_modules/react-dom/cjs/react-dom-client.development.js:16667:15)
      at performSyncWorkOnRoot (node_modules/.pnpm/react-dom@19.2.0_react@19.2.0/node_modules/react-dom/cjs/react-dom-client.development.js:18972:7)
      at flushSyncWorkAcrossRoots_impl (node_modules/.pnpm/react-dom@19.2.0_react@19.2.0/node_modules/react-dom/cjs/react-dom-client.development.js:18814:21)
      at flushSpawnedWork (node_modules/.pnpm/react-dom@19.2.0_react@19.2.0/node_modules/react-dom/cjs/react-dom-client.development.js:18334:9)
      at commitRoot (node_modules/.pnpm/react-dom@19.2.0_react@19.2.0/node_modules/react-dom/cjs/react-dom-client.development.js:17955:9)
      at performWorkOnRoot (node_modules/.pnpm/react-dom@19.2.0_react@19.2.0/node_modules/react-dom/cjs/react-dom-client.development.js:16667:15)
      at performWorkOnRootViaSchedulerTask (node_modules/.pnpm/react-dom@19.2.0_react@19.2.0/node_modules/react-dom/cjs/react-dom-client.development.js:18957:7)
      at flushActQueue (node_modules/.pnpm/react@19.2.0/node_modules/react/cjs/react.development.js:590:34)
      at process.env.NODE_ENV.exports.act (node_modules/.pnpm/react@19.2.0/node_modules/react/cjs/react.development.js:884:10)
      at node_modules/.pnpm/@testing-library+react@16.3_15d474de7481bb0af842c1b1705139a8/node_modules/@testing-library/react/dist/act-compat.js:47:25
      at renderRoot (node_modules/.pnpm/@testing-library+react@16.3_15d474de7481bb0af842c1b1705139a8/node_modules/@testing-library/react/dist/pure.js:190:26)
      at render (node_modules/.pnpm/@testing-library+react@16.3_15d474de7481bb0af842c1b1705139a8/node_modules/@testing-library/react/dist/pure.js:292:10)
      at Object.<anonymous> (src/__tests__/components/ExportChatModal.test.tsx:348:13)

    console.warn
      Warning: Missing `Description` or `aria-describedby={undefined}` for {DialogContent}.

    [0m [90m 346 |[39m       )[33m;[39m
     [90m 347 |[39m
    [31m[1m>[22m[39m[90m 348 |[39m       render([33m<[39m[33mExportChatModal[39m {[33m...[39mdefaultProps} [33m/[39m[33m>[39m)[33m;[39m
     [90m     |[39m             [31m[1m^[22m[39m
     [90m 349 |[39m
     [90m 350 |[39m       [36mconst[39m exportButton [33m=[39m screen[33m.[39mgetByRole([32m'button'[39m[33m,[39m { name[33m:[39m [35m/esporta/i[39m })[33m;[39m
     [90m 351 |[39m       fireEvent[33m.[39mclick(exportButton)[33m;[39m[0m

      at node_modules/.pnpm/@radix-ui+react-dialog@1.1._664b8f23a65f4708bb5cf27e5ff43c08/node_modules/@radix-ui/react-dialog/src/dialog.tsx:543:36
      at Object.react_stack_bottom_frame (node_modules/.pnpm/react-dom@19.2.0_react@19.2.0/node_modules/react-dom/cjs/react-dom-client.development.js:25989:20)
      at runWithFiberInDEV (node_modules/.pnpm/react-dom@19.2.0_react@19.2.0/node_modules/react-dom/cjs/react-dom-client.development.js:874:13)
      at commitHookEffectListMount (node_modules/.pnpm/react-dom@19.2.0_react@19.2.0/node_modules/react-dom/cjs/react-dom-client.development.js:13249:29)
      at commitHookPassiveMountEffects (node_modules/.pnpm/react-dom@19.2.0_react@19.2.0/node_modules/react-dom/cjs/react-dom-client.development.js:13336:11)
      at commitPassiveMountOnFiber (node_modules/.pnpm/react-dom@19.2.0_react@19.2.0/node_modules/react-dom/cjs/react-dom-client.development.js:15484:13)
      at recursivelyTraversePassiveMountEffects (node_modules/.pnpm/react-dom@19.2.0_react@19.2.0/node_modules/react-dom/cjs/react-dom-client.development.js:15439:11)
      at commitPassiveMountOnFiber (node_modules/.pnpm/react-dom@19.2.0_react@19.2.0/node_modules/react-dom/cjs/react-dom-client.development.js:15718:11)
      at recursivelyTraversePassiveMountEffects (node_modules/.pnpm/react-dom@19.2.0_react@19.2.0/node_modules/react-dom/cjs/react-dom-client.development.js:15439:11)
      at commitPassiveMountOnFiber (node_modules/.pnpm/react-dom@19.2.0_react@19.2.0/node_modules/react-dom/cjs/react-dom-client.development.js:15476:11)
      at recursivelyTraversePassiveMountEffects (node_modules/.pnpm/react-dom@19.2.0_react@19.2.0/node_modules/react-dom/cjs/react-dom-client.development.js:15439:11)
      at commitPassiveMountOnFiber (node_modules/.pnpm/react-dom@19.2.0_react@19.2.0/node_modules/react-dom/cjs/react-dom-client.development.js:15476:11)
      at recursivelyTraversePassiveMountEffects (node_modules/.pnpm/react-dom@19.2.0_react@19.2.0/node_modules/react-dom/cjs/react-dom-client.development.js:15439:11)
      at commitPassiveMountOnFiber (node_modules/.pnpm/react-dom@19.2.0_react@19.2.0/node_modules/react-dom/cjs/react-dom-client.development.js:15476:11)
      at recursivelyTraversePassiveMountEffects (node_modules/.pnpm/react-dom@19.2.0_react@19.2.0/node_modules/react-dom/cjs/react-dom-client.development.js:15439:11)
      at commitPassiveMountOnFiber (node_modules/.pnpm/react-dom@19.2.0_react@19.2.0/node_modules/react-dom/cjs/react-dom-client.development.js:15476:11)
      at recursivelyTraversePassiveMountEffects (node_modules/.pnpm/react-dom@19.2.0_react@19.2.0/node_modules/react-dom/cjs/react-dom-client.development.js:15439:11)
      at commitPassiveMountOnFiber (node_modules/.pnpm/react-dom@19.2.0_react@19.2.0/node_modules/react-dom/cjs/react-dom-client.development.js:15476:11)
      at recursivelyTraversePassiveMountEffects (node_modules/.pnpm/react-dom@19.2.0_react@19.2.0/node_modules/react-dom/cjs/react-dom-client.development.js:15439:11)
      at commitPassiveMountOnFiber (node_modules/.pnpm/react-dom@19.2.0_react@19.2.0/node_modules/react-dom/cjs/react-dom-client.development.js:15476:11)
      at recursivelyTraversePassiveMountEffects (node_modules/.pnpm/react-dom@19.2.0_react@19.2.0/node_modules/react-dom/cjs/react-dom-client.development.js:15439:11)
      at commitPassiveMountOnFiber (node_modules/.pnpm/react-dom@19.2.0_react@19.2.0/node_modules/react-dom/cjs/react-dom-client.development.js:15476:11)
      at recursivelyTraversePassiveMountEffects (node_modules/.pnpm/react-dom@19.2.0_react@19.2.0/node_modules/react-dom/cjs/react-dom-client.development.js:15439:11)
      at commitPassiveMountOnFiber (node_modules/.pnpm/react-dom@19.2.0_react@19.2.0/node_modules/react-dom/cjs/react-dom-client.development.js:15718:11)
      at recursivelyTraversePassiveMountEffects (node_modules/.pnpm/react-dom@19.2.0_react@19.2.0/node_modules/react-dom/cjs/react-dom-client.development.js:15439:11)
      at commitPassiveMountOnFiber (node_modules/.pnpm/react-dom@19.2.0_react@19.2.0/node_modules/react-dom/cjs/react-dom-client.development.js:15476:11)
      at recursivelyTraversePassiveMountEffects (node_modules/.pnpm/react-dom@19.2.0_react@19.2.0/node_modules/react-dom/cjs/react-dom-client.development.js:15439:11)
      at commitPassiveMountOnFiber (node_modules/.pnpm/react-dom@19.2.0_react@19.2.0/node_modules/react-dom/cjs/react-dom-client.development.js:15476:11)
      at recursivelyTraversePassiveMountEffects (node_modules/.pnpm/react-dom@19.2.0_react@19.2.0/node_modules/react-dom/cjs/react-dom-client.development.js:15439:11)
      at commitPassiveMountOnFiber (node_modules/.pnpm/react-dom@19.2.0_react@19.2.0/node_modules/react-dom/cjs/react-dom-client.development.js:15718:11)
      at recursivelyTraversePassiveMountEffects (node_modules/.pnpm/react-dom@19.2.0_react@19.2.0/node_modules/react-dom/cjs/react-dom-client.development.js:15439:11)
      at commitPassiveMountOnFiber (node_modules/.pnpm/react-dom@19.2.0_react@19.2.0/node_modules/react-dom/cjs/react-dom-client.development.js:15476:11)
      at recursivelyTraversePassiveMountEffects (node_modules/.pnpm/react-dom@19.2.0_react@19.2.0/node_modules/react-dom/cjs/react-dom-client.development.js:15439:11)
      at commitPassiveMountOnFiber (node_modules/.pnpm/react-dom@19.2.0_react@19.2.0/node_modules/react-dom/cjs/react-dom-client.development.js:15476:11)
      at recursivelyTraversePassiveMountEffects (node_modules/.pnpm/react-dom@19.2.0_react@19.2.0/node_modules/react-dom/cjs/react-dom-client.development.js:15439:11)
      at commitPassiveMountOnFiber (node_modules/.pnpm/react-dom@19.2.0_react@19.2.0/node_modules/react-dom/cjs/react-dom-client.development.js:15476:11)
      at recursivelyTraversePassiveMountEffects (node_modules/.pnpm/react-dom@19.2.0_react@19.2.0/node_modules/react-dom/cjs/react-dom-client.development.js:15439:11)
      at commitPassiveMountOnFiber (node_modules/.pnpm/react-dom@19.2.0_react@19.2.0/node_modules/react-dom/cjs/react-dom-client.development.js:15718:11)
      at recursivelyTraversePassiveMountEffects (node_modules/.pnpm/react-dom@19.2.0_react@19.2.0/node_modules/react-dom/cjs/react-dom-client.development.js:15439:11)
      at commitPassiveMountOnFiber (node_modules/.pnpm/react-dom@19.2.0_react@19.2.0/node_modules/react-dom/cjs/react-dom-client.development.js:15476:11)
      at recursivelyTraversePassiveMountEffects (node_modules/.pnpm/react-dom@19.2.0_react@19.2.0/node_modules/react-dom/cjs/react-dom-client.development.js:15439:11)
      at commitPassiveMountOnFiber (node_modules/.pnpm/react-dom@19.2.0_react@19.2.0/node_modules/react-dom/cjs/react-dom-client.development.js:15476:11)
      at recursivelyTraversePassiveMountEffects (node_modules/.pnpm/react-dom@19.2.0_react@19.2.0/node_modules/react-dom/cjs/react-dom-client.development.js:15439:11)
      at commitPassiveMountOnFiber (node_modules/.pnpm/react-dom@19.2.0_react@19.2.0/node_modules/react-dom/cjs/react-dom-client.development.js:15476:11)
      at recursivelyTraversePassiveMountEffects (node_modules/.pnpm/react-dom@19.2.0_react@19.2.0/node_modules/react-dom/cjs/react-dom-client.development.js:15439:11)
      at commitPassiveMountOnFiber (node_modules/.pnpm/react-dom@19.2.0_react@19.2.0/node_modules/react-dom/cjs/react-dom-client.development.js:15476:11)
      at recursivelyTraversePassiveMountEffects (node_modules/.pnpm/react-dom@19.2.0_react@19.2.0/node_modules/react-dom/cjs/react-dom-client.development.js:15439:11)
      at commitPassiveMountOnFiber (node_modules/.pnpm/react-dom@19.2.0_react@19.2.0/node_modules/react-dom/cjs/react-dom-client.development.js:15519:11)
      at flushPassiveEffects (node_modules/.pnpm/react-dom@19.2.0_react@19.2.0/node_modules/react-dom/cjs/react-dom-client.development.js:18432:9)
      at flushPendingEffects (node_modules/.pnpm/react-dom@19.2.0_react@19.2.0/node_modules/react-dom/cjs/react-dom-client.development.js:18358:14)
      at flushSpawnedWork (node_modules/.pnpm/react-dom@19.2.0_react@19.2.0/node_modules/react-dom/cjs/react-dom-client.development.js:18323:44)
      at commitRoot (node_modules/.pnpm/react-dom@19.2.0_react@19.2.0/node_modules/react-dom/cjs/react-dom-client.development.js:17955:9)
      at performWorkOnRoot (node_modules/.pnpm/react-dom@19.2.0_react@19.2.0/node_modules/react-dom/cjs/react-dom-client.development.js:16667:15)
      at performSyncWorkOnRoot (node_modules/.pnpm/react-dom@19.2.0_react@19.2.0/node_modules/react-dom/cjs/react-dom-client.development.js:18972:7)
      at flushSyncWorkAcrossRoots_impl (node_modules/.pnpm/react-dom@19.2.0_react@19.2.0/node_modules/react-dom/cjs/react-dom-client.development.js:18814:21)
      at flushSpawnedWork (node_modules/.pnpm/react-dom@19.2.0_react@19.2.0/node_modules/react-dom/cjs/react-dom-client.development.js:18334:9)
      at commitRoot (node_modules/.pnpm/react-dom@19.2.0_react@19.2.0/node_modules/react-dom/cjs/react-dom-client.development.js:17955:9)
      at performWorkOnRoot (node_modules/.pnpm/react-dom@19.2.0_react@19.2.0/node_modules/react-dom/cjs/react-dom-client.development.js:16667:15)
      at performWorkOnRootViaSchedulerTask (node_modules/.pnpm/react-dom@19.2.0_react@19.2.0/node_modules/react-dom/cjs/react-dom-client.development.js:18957:7)
      at flushActQueue (node_modules/.pnpm/react@19.2.0/node_modules/react/cjs/react.development.js:590:34)
      at process.env.NODE_ENV.exports.act (node_modules/.pnpm/react@19.2.0/node_modules/react/cjs/react.development.js:884:10)
      at node_modules/.pnpm/@testing-library+react@16.3_15d474de7481bb0af842c1b1705139a8/node_modules/@testing-library/react/dist/act-compat.js:47:25
      at renderRoot (node_modules/.pnpm/@testing-library+react@16.3_15d474de7481bb0af842c1b1705139a8/node_modules/@testing-library/react/dist/pure.js:190:26)
      at render (node_modules/.pnpm/@testing-library+react@16.3_15d474de7481bb0af842c1b1705139a8/node_modules/@testing-library/react/dist/pure.js:292:10)
      at Object.<anonymous> (src/__tests__/components/ExportChatModal.test.tsx:348:13)

    console.error
      `DialogContent` requires a `DialogTitle` for the component to be accessible for screen reader users.
      
      If you want to hide the `DialogTitle`, you can wrap it with our VisuallyHidden component.
      
      For more information, see https://radix-ui.com/primitives/docs/components/dialog

    [0m [90m 373 |[39m       [36mreturn[39m[33m;[39m
     [90m 374 |[39m     }
    [31m[1m>[22m[39m[90m 375 |[39m     originalError[33m.[39mcall(console[33m,[39m [33m...[39margs)[33m;[39m
     [90m     |[39m                   [31m[1m^[22m[39m
     [90m 376 |[39m   }[33m;[39m
     [90m 377 |[39m })[33m;[39m
     [90m 378 |[39m[0m

      at console.call [as error] (jest.setup.js:375:19)
      at node_modules/.pnpm/@radix-ui+react-dialog@1.1._664b8f23a65f4708bb5cf27e5ff43c08/node_modules/@radix-ui/react-dialog/src/dialog.tsx:520:30
      at Object.react_stack_bottom_frame (node_modules/.pnpm/react-dom@19.2.0_react@19.2.0/node_modules/react-dom/cjs/react-dom-client.development.js:25989:20)
      at runWithFiberInDEV (node_modules/.pnpm/react-dom@19.2.0_react@19.2.0/node_modules/react-dom/cjs/react-dom-client.development.js:874:13)
      at commitHookEffectListMount (node_modules/.pnpm/react-dom@19.2.0_react@19.2.0/node_modules/react-dom/cjs/react-dom-client.development.js:13249:29)
      at commitHookPassiveMountEffects (node_modules/.pnpm/react-dom@19.2.0_react@19.2.0/node_modules/react-dom/cjs/react-dom-client.development.js:13336:11)
      at commitPassiveMountOnFiber (node_modules/.pnpm/react-dom@19.2.0_react@19.2.0/node_modules/react-dom/cjs/react-dom-client.development.js:15484:13)
      at recursivelyTraversePassiveMountEffects (node_modules/.pnpm/react-dom@19.2.0_react@19.2.0/node_modules/react-dom/cjs/react-dom-client.development.js:15439:11)
      at commitPassiveMountOnFiber (node_modules/.pnpm/react-dom@19.2.0_react@19.2.0/node_modules/react-dom/cjs/react-dom-client.development.js:15718:11)
      at recursivelyTraversePassiveMountEffects (node_modules/.pnpm/react-dom@19.2.0_react@19.2.0/node_modules/react-dom/cjs/react-dom-client.development.js:15439:11)
      at commitPassiveMountOnFiber (node_modules/.pnpm/react-dom@19.2.0_react@19.2.0/node_modules/react-dom/cjs/react-dom-client.development.js:15476:11)
      at recursivelyTraversePassiveMountEffects (node_modules/.pnpm/react-dom@19.2.0_react@19.2.0/node_modules/react-dom/cjs/react-dom-client.development.js:15439:11)
      at commitPassiveMountOnFiber (node_modules/.pnpm/react-dom@19.2.0_react@19.2.0/node_modules/react-dom/cjs/react-dom-client.development.js:15476:11)
      at recursivelyTraversePassiveMountEffects (node_modules/.pnpm/react-dom@19.2.0_react@19.2.0/node_modules/react-dom/cjs/react-dom-client.development.js:15439:11)
      at commitPassiveMountOnFiber (node_modules/.pnpm/react-dom@19.2.0_react@19.2.0/node_modules/react-dom/cjs/react-dom-client.development.js:15476:11)
      at recursivelyTraversePassiveMountEffects (node_modules/.pnpm/react-dom@19.2.0_react@19.2.0/node_modules/react-dom/cjs/react-dom-client.development.js:15439:11)
      at commitPassiveMountOnFiber (node_modules/.pnpm/react-dom@19.2.0_react@19.2.0/node_modules/react-dom/cjs/react-dom-client.development.js:15476:11)
      at recursivelyTraversePassiveMountEffects (node_modules/.pnpm/react-dom@19.2.0_react@19.2.0/node_modules/react-dom/cjs/react-dom-client.development.js:15439:11)
      at commitPassiveMountOnFiber (node_modules/.pnpm/react-dom@19.2.0_react@19.2.0/node_modules/react-dom/cjs/react-dom-client.development.js:15476:11)
      at recursivelyTraversePassiveMountEffects (node_modules/.pnpm/react-dom@19.2.0_react@19.2.0/node_modules/react-dom/cjs/react-dom-client.development.js:15439:11)
      at commitPassiveMountOnFiber (node_modules/.pnpm/react-dom@19.2.0_react@19.2.0/node_modules/react-dom/cjs/react-dom-client.development.js:15476:11)
      at recursivelyTraversePassiveMountEffects (node_modules/.pnpm/react-dom@19.2.0_react@19.2.0/node_modules/react-dom/cjs/react-dom-client.development.js:15439:11)
      at commitPassiveMountOnFiber (node_modules/.pnpm/react-dom@19.2.0_react@19.2.0/node_modules/react-dom/cjs/react-dom-client.development.js:15476:11)
      at recursivelyTraversePassiveMountEffects (node_modules/.pnpm/react-dom@19.2.0_react@19.2.0/node_modules/react-dom/cjs/react-dom-client.development.js:15439:11)
      at commitPassiveMountOnFiber (node_modules/.pnpm/react-dom@19.2.0_react@19.2.0/node_modules/react-dom/cjs/react-dom-client.development.js:15718:11)
      at recursivelyTraversePassiveMountEffects (node_modules/.pnpm/react-dom@19.2.0_react@19.2.0/node_modules/react-dom/cjs/react-dom-client.development.js:15439:11)
      at commitPassiveMountOnFiber (node_modules/.pnpm/react-dom@19.2.0_react@19.2.0/node_modules/react-dom/cjs/react-dom-client.development.js:15476:11)
      at recursivelyTraversePassiveMountEffects (node_modules/.pnpm/react-dom@19.2.0_react@19.2.0/node_modules/react-dom/cjs/react-dom-client.development.js:15439:11)
      at commitPassiveMountOnFiber (node_modules/.pnpm/react-dom@19.2.0_react@19.2.0/node_modules/react-dom/cjs/react-dom-client.development.js:15476:11)
      at recursivelyTraversePassiveMountEffects (node_modules/.pnpm/react-dom@19.2.0_react@19.2.0/node_modules/react-dom/cjs/react-dom-client.development.js:15439:11)
      at commitPassiveMountOnFiber (node_modules/.pnpm/react-dom@19.2.0_react@19.2.0/node_modules/react-dom/cjs/react-dom-client.development.js:15718:11)
      at recursivelyTraversePassiveMountEffects (node_modules/.pnpm/react-dom@19.2.0_react@19.2.0/node_modules/react-dom/cjs/react-dom-client.development.js:15439:11)
      at commitPassiveMountOnFiber (node_modules/.pnpm/react-dom@19.2.0_react@19.2.0/node_modules/react-dom/cjs/react-dom-client.development.js:15476:11)
      at recursivelyTraversePassiveMountEffects (node_modules/.pnpm/react-dom@19.2.0_react@19.2.0/node_modules/react-dom/cjs/react-dom-client.development.js:15439:11)
      at commitPassiveMountOnFiber (node_modules/.pnpm/react-dom@19.2.0_react@19.2.0/node_modules/react-dom/cjs/react-dom-client.development.js:15476:11)
      at recursivelyTraversePassiveMountEffects (node_modules/.pnpm/react-dom@19.2.0_react@19.2.0/node_modules/react-dom/cjs/react-dom-client.development.js:15439:11)
      at commitPassiveMountOnFiber (node_modules/.pnpm/react-dom@19.2.0_react@19.2.0/node_modules/react-dom/cjs/react-dom-client.development.js:15476:11)
      at recursivelyTraversePassiveMountEffects (node_modules/.pnpm/react-dom@19.2.0_react@19.2.0/node_modules/react-dom/cjs/react-dom-client.development.js:15439:11)
      at commitPassiveMountOnFiber (node_modules/.pnpm/react-dom@19.2.0_react@19.2.0/node_modules/react-dom/cjs/react-dom-client.development.js:15718:11)
      at recursivelyTraversePassiveMountEffects (node_modules/.pnpm/react-dom@19.2.0_react@19.2.0/node_modules/react-dom/cjs/react-dom-client.development.js:15439:11)
      at commitPassiveMountOnFiber (node_modules/.pnpm/react-dom@19.2.0_react@19.2.0/node_modules/react-dom/cjs/react-dom-client.development.js:15476:11)
      at recursivelyTraversePassiveMountEffects (node_modules/.pnpm/react-dom@19.2.0_react@19.2.0/node_modules/react-dom/cjs/react-dom-client.development.js:15439:11)
      at commitPassiveMountOnFiber (node_modules/.pnpm/react-dom@19.2.0_react@19.2.0/node_modules/react-dom/cjs/react-dom-client.development.js:15476:11)
      at recursivelyTraversePassiveMountEffects (node_modules/.pnpm/react-dom@19.2.0_react@19.2.0/node_modules/react-dom/cjs/react-dom-client.development.js:15439:11)
      at commitPassiveMountOnFiber (node_modules/.pnpm/react-dom@19.2.0_react@19.2.0/node_modules/react-dom/cjs/react-dom-client.development.js:15476:11)
      at recursivelyTraversePassiveMountEffects (node_modules/.pnpm/react-dom@19.2.0_react@19.2.0/node_modules/react-dom/cjs/react-dom-client.development.js:15439:11)
      at commitPassiveMountOnFiber (node_modules/.pnpm/react-dom@19.2.0_react@19.2.0/node_modules/react-dom/cjs/react-dom-client.development.js:15476:11)
      at recursivelyTraversePassiveMountEffects (node_modules/.pnpm/react-dom@19.2.0_react@19.2.0/node_modules/react-dom/cjs/react-dom-client.development.js:15439:11)
      at commitPassiveMountOnFiber (node_modules/.pnpm/react-dom@19.2.0_react@19.2.0/node_modules/react-dom/cjs/react-dom-client.development.js:15519:11)
      at flushPassiveEffects (node_modules/.pnpm/react-dom@19.2.0_react@19.2.0/node_modules/react-dom/cjs/react-dom-client.development.js:18432:9)
      at flushPendingEffects (node_modules/.pnpm/react-dom@19.2.0_react@19.2.0/node_modules/react-dom/cjs/react-dom-client.development.js:18358:14)
      at flushSpawnedWork (node_modules/.pnpm/react-dom@19.2.0_react@19.2.0/node_modules/react-dom/cjs/react-dom-client.development.js:18323:44)
      at commitRoot (node_modules/.pnpm/react-dom@19.2.0_react@19.2.0/node_modules/react-dom/cjs/react-dom-client.development.js:17955:9)
      at performWorkOnRoot (node_modules/.pnpm/react-dom@19.2.0_react@19.2.0/node_modules/react-dom/cjs/react-dom-client.development.js:16667:15)
      at performSyncWorkOnRoot (node_modules/.pnpm/react-dom@19.2.0_react@19.2.0/node_modules/react-dom/cjs/react-dom-client.development.js:18972:7)
      at flushSyncWorkAcrossRoots_impl (node_modules/.pnpm/react-dom@19.2.0_react@19.2.0/node_modules/react-dom/cjs/react-dom-client.development.js:18814:21)
      at flushSpawnedWork (node_modules/.pnpm/react-dom@19.2.0_react@19.2.0/node_modules/react-dom/cjs/react-dom-client.development.js:18334:9)
      at commitRoot (node_modules/.pnpm/react-dom@19.2.0_react@19.2.0/node_modules/react-dom/cjs/react-dom-client.development.js:17955:9)
      at performWorkOnRoot (node_modules/.pnpm/react-dom@19.2.0_react@19.2.0/node_modules/react-dom/cjs/react-dom-client.development.js:16667:15)
      at performWorkOnRootViaSchedulerTask (node_modules/.pnpm/react-dom@19.2.0_react@19.2.0/node_modules/react-dom/cjs/react-dom-client.development.js:18957:7)
      at flushActQueue (node_modules/.pnpm/react@19.2.0/node_modules/react/cjs/react.development.js:590:34)
      at process.env.NODE_ENV.exports.act (node_modules/.pnpm/react@19.2.0/node_modules/react/cjs/react.development.js:884:10)
      at node_modules/.pnpm/@testing-library+react@16.3_15d474de7481bb0af842c1b1705139a8/node_modules/@testing-library/react/dist/act-compat.js:47:25
      at renderRoot (node_modules/.pnpm/@testing-library+react@16.3_15d474de7481bb0af842c1b1705139a8/node_modules/@testing-library/react/dist/pure.js:190:26)
      at render (node_modules/.pnpm/@testing-library+react@16.3_15d474de7481bb0af842c1b1705139a8/node_modules/@testing-library/react/dist/pure.js:292:10)
      at Object.<anonymous> (src/__tests__/components/ExportChatModal.test.tsx:361:13)

    console.warn
      Warning: Missing `Description` or `aria-describedby={undefined}` for {DialogContent}.

    [0m [90m 359 |[39m       )[33m;[39m
     [90m 360 |[39m
    [31m[1m>[22m[39m[90m 361 |[39m       render([33m<[39m[33mExportChatModal[39m {[33m...[39mdefaultProps} [33m/[39m[33m>[39m)[33m;[39m
     [90m     |[39m             [31m[1m^[22m[39m
     [90m 362 |[39m
     [90m 363 |[39m       [36mconst[39m exportButton [33m=[39m screen[33m.[39mgetByRole([32m'button'[39m[33m,[39m { name[33m:[39m [35m/esporta/i[39m })[33m;[39m
     [90m 364 |[39m       [36mconst[39m cancelButton [33m=[39m screen[33m.[39mgetByRole([32m'button'[39m[33m,[39m { name[33m:[39m [35m/annulla/i[39m })[33m;[39m[0m

      at node_modules/.pnpm/@radix-ui+react-dialog@1.1._664b8f23a65f4708bb5cf27e5ff43c08/node_modules/@radix-ui/react-dialog/src/dialog.tsx:543:36
      at Object.react_stack_bottom_frame (node_modules/.pnpm/react-dom@19.2.0_react@19.2.0/node_modules/react-dom/cjs/react-dom-client.development.js:25989:20)
      at runWithFiberInDEV (node_modules/.pnpm/react-dom@19.2.0_react@19.2.0/node_modules/react-dom/cjs/react-dom-client.development.js:874:13)
      at commitHookEffectListMount (node_modules/.pnpm/react-dom@19.2.0_react@19.2.0/node_modules/react-dom/cjs/react-dom-client.development.js:13249:29)
      at commitHookPassiveMountEffects (node_modules/.pnpm/react-dom@19.2.0_react@19.2.0/node_modules/react-dom/cjs/react-dom-client.development.js:13336:11)
      at commitPassiveMountOnFiber (node_modules/.pnpm/react-dom@19.2.0_react@19.2.0/node_modules/react-dom/cjs/react-dom-client.development.js:15484:13)
      at recursivelyTraversePassiveMountEffects (node_modules/.pnpm/react-dom@19.2.0_react@19.2.0/node_modules/react-dom/cjs/react-dom-client.development.js:15439:11)
      at commitPassiveMountOnFiber (node_modules/.pnpm/react-dom@19.2.0_react@19.2.0/node_modules/react-dom/cjs/react-dom-client.development.js:15718:11)
      at recursivelyTraversePassiveMountEffects (node_modules/.pnpm/react-dom@19.2.0_react@19.2.0/node_modules/react-dom/cjs/react-dom-client.development.js:15439:11)
      at commitPassiveMountOnFiber (node_modules/.pnpm/react-dom@19.2.0_react@19.2.0/node_modules/react-dom/cjs/react-dom-client.development.js:15476:11)
      at recursivelyTraversePassiveMountEffects (node_modules/.pnpm/react-dom@19.2.0_react@19.2.0/node_modules/react-dom/cjs/react-dom-client.development.js:15439:11)
      at commitPassiveMountOnFiber (node_modules/.pnpm/react-dom@19.2.0_react@19.2.0/node_modules/react-dom/cjs/react-dom-client.development.js:15476:11)
      at recursivelyTraversePassiveMountEffects (node_modules/.pnpm/react-dom@19.2.0_react@19.2.0/node_modules/react-dom/cjs/react-dom-client.development.js:15439:11)
      at commitPassiveMountOnFiber (node_modules/.pnpm/react-dom@19.2.0_react@19.2.0/node_modules/react-dom/cjs/react-dom-client.development.js:15476:11)
      at recursivelyTraversePassiveMountEffects (node_modules/.pnpm/react-dom@19.2.0_react@19.2.0/node_modules/react-dom/cjs/react-dom-client.development.js:15439:11)
      at commitPassiveMountOnFiber (node_modules/.pnpm/react-dom@19.2.0_react@19.2.0/node_modules/react-dom/cjs/react-dom-client.development.js:15476:11)
      at recursivelyTraversePassiveMountEffects (node_modules/.pnpm/react-dom@19.2.0_react@19.2.0/node_modules/react-dom/cjs/react-dom-client.development.js:15439:11)
      at commitPassiveMountOnFiber (node_modules/.pnpm/react-dom@19.2.0_react@19.2.0/node_modules/react-dom/cjs/react-dom-client.development.js:15476:11)
      at recursivelyTraversePassiveMountEffects (node_modules/.pnpm/react-dom@19.2.0_react@19.2.0/node_modules/react-dom/cjs/react-dom-client.development.js:15439:11)
      at commitPassiveMountOnFiber (node_modules/.pnpm/react-dom@19.2.0_react@19.2.0/node_modules/react-dom/cjs/react-dom-client.development.js:15476:11)
      at recursivelyTraversePassiveMountEffects (node_modules/.pnpm/react-dom@19.2.0_react@19.2.0/node_modules/react-dom/cjs/react-dom-client.development.js:15439:11)
      at commitPassiveMountOnFiber (node_modules/.pnpm/react-dom@19.2.0_react@19.2.0/node_modules/react-dom/cjs/react-dom-client.development.js:15476:11)
      at recursivelyTraversePassiveMountEffects (node_modules/.pnpm/react-dom@19.2.0_react@19.2.0/node_modules/react-dom/cjs/react-dom-client.development.js:15439:11)
      at commitPassiveMountOnFiber (node_modules/.pnpm/react-dom@19.2.0_react@19.2.0/node_modules/react-dom/cjs/react-dom-client.development.js:15718:11)
      at recursivelyTraversePassiveMountEffects (node_modules/.pnpm/react-dom@19.2.0_react@19.2.0/node_modules/react-dom/cjs/react-dom-client.development.js:15439:11)
      at commitPassiveMountOnFiber (node_modules/.pnpm/react-dom@19.2.0_react@19.2.0/node_modules/react-dom/cjs/react-dom-client.development.js:15476:11)
      at recursivelyTraversePassiveMountEffects (node_modules/.pnpm/react-dom@19.2.0_react@19.2.0/node_modules/react-dom/cjs/react-dom-client.development.js:15439:11)
      at commitPassiveMountOnFiber (node_modules/.pnpm/react-dom@19.2.0_react@19.2.0/node_modules/react-dom/cjs/react-dom-client.development.js:15476:11)
      at recursivelyTraversePassiveMountEffects (node_modules/.pnpm/react-dom@19.2.0_react@19.2.0/node_modules/react-dom/cjs/react-dom-client.development.js:15439:11)
      at commitPassiveMountOnFiber (node_modules/.pnpm/react-dom@19.2.0_react@19.2.0/node_modules/react-dom/cjs/react-dom-client.development.js:15718:11)
      at recursivelyTraversePassiveMountEffects (node_modules/.pnpm/react-dom@19.2.0_react@19.2.0/node_modules/react-dom/cjs/react-dom-client.development.js:15439:11)
      at commitPassiveMountOnFiber (node_modules/.pnpm/react-dom@19.2.0_react@19.2.0/node_modules/react-dom/cjs/react-dom-client.development.js:15476:11)
      at recursivelyTraversePassiveMountEffects (node_modules/.pnpm/react-dom@19.2.0_react@19.2.0/node_modules/react-dom/cjs/react-dom-client.development.js:15439:11)
      at commitPassiveMountOnFiber (node_modules/.pnpm/react-dom@19.2.0_react@19.2.0/node_modules/react-dom/cjs/react-dom-client.development.js:15476:11)
      at recursivelyTraversePassiveMountEffects (node_modules/.pnpm/react-dom@19.2.0_react@19.2.0/node_modules/react-dom/cjs/react-dom-client.development.js:15439:11)
      at commitPassiveMountOnFiber (node_modules/.pnpm/react-dom@19.2.0_react@19.2.0/node_modules/react-dom/cjs/react-dom-client.development.js:15476:11)
      at recursivelyTraversePassiveMountEffects (node_modules/.pnpm/react-dom@19.2.0_react@19.2.0/node_modules/react-dom/cjs/react-dom-client.development.js:15439:11)
      at commitPassiveMountOnFiber (node_modules/.pnpm/react-dom@19.2.0_react@19.2.0/node_modules/react-dom/cjs/react-dom-client.development.js:15718:11)
      at recursivelyTraversePassiveMountEffects (node_modules/.pnpm/react-dom@19.2.0_react@19.2.0/node_modules/react-dom/cjs/react-dom-client.development.js:15439:11)
      at commitPassiveMountOnFiber (node_modules/.pnpm/react-dom@19.2.0_react@19.2.0/node_modules/react-dom/cjs/react-dom-client.development.js:15476:11)
      at recursivelyTraversePassiveMountEffects (node_modules/.pnpm/react-dom@19.2.0_react@19.2.0/node_modules/react-dom/cjs/react-dom-client.development.js:15439:11)
      at commitPassiveMountOnFiber (node_modules/.pnpm/react-dom@19.2.0_react@19.2.0/node_modules/react-dom/cjs/react-dom-client.development.js:15476:11)
      at recursivelyTraversePassiveMountEffects (node_modules/.pnpm/react-dom@19.2.0_react@19.2.0/node_modules/react-dom/cjs/react-dom-client.development.js:15439:11)
      at commitPassiveMountOnFiber (node_modules/.pnpm/react-dom@19.2.0_react@19.2.0/node_modules/react-dom/cjs/react-dom-client.development.js:15476:11)
      at recursivelyTraversePassiveMountEffects (node_modules/.pnpm/react-dom@19.2.0_react@19.2.0/node_modules/react-dom/cjs/react-dom-client.development.js:15439:11)
      at commitPassiveMountOnFiber (node_modules/.pnpm/react-dom@19.2.0_react@19.2.0/node_modules/react-dom/cjs/react-dom-client.development.js:15476:11)
      at recursivelyTraversePassiveMountEffects (node_modules/.pnpm/react-dom@19.2.0_react@19.2.0/node_modules/react-dom/cjs/react-dom-client.development.js:15439:11)
      at commitPassiveMountOnFiber (node_modules/.pnpm/react-dom@19.2.0_react@19.2.0/node_modules/react-dom/cjs/react-dom-client.development.js:15519:11)
      at flushPassiveEffects (node_modules/.pnpm/react-dom@19.2.0_react@19.2.0/node_modules/react-dom/cjs/react-dom-client.development.js:18432:9)
      at flushPendingEffects (node_modules/.pnpm/react-dom@19.2.0_react@19.2.0/node_modules/react-dom/cjs/react-dom-client.development.js:18358:14)
      at flushSpawnedWork (node_modules/.pnpm/react-dom@19.2.0_react@19.2.0/node_modules/react-dom/cjs/react-dom-client.development.js:18323:44)
      at commitRoot (node_modules/.pnpm/react-dom@19.2.0_react@19.2.0/node_modules/react-dom/cjs/react-dom-client.development.js:17955:9)
      at performWorkOnRoot (node_modules/.pnpm/react-dom@19.2.0_react@19.2.0/node_modules/react-dom/cjs/react-dom-client.development.js:16667:15)
      at performSyncWorkOnRoot (node_modules/.pnpm/react-dom@19.2.0_react@19.2.0/node_modules/react-dom/cjs/react-dom-client.development.js:18972:7)
      at flushSyncWorkAcrossRoots_impl (node_modules/.pnpm/react-dom@19.2.0_react@19.2.0/node_modules/react-dom/cjs/react-dom-client.development.js:18814:21)
      at flushSpawnedWork (node_modules/.pnpm/react-dom@19.2.0_react@19.2.0/node_modules/react-dom/cjs/react-dom-client.development.js:18334:9)
      at commitRoot (node_modules/.pnpm/react-dom@19.2.0_react@19.2.0/node_modules/react-dom/cjs/react-dom-client.development.js:17955:9)
      at performWorkOnRoot (node_modules/.pnpm/react-dom@19.2.0_react@19.2.0/node_modules/react-dom/cjs/react-dom-client.development.js:16667:15)
      at performWorkOnRootViaSchedulerTask (node_modules/.pnpm/react-dom@19.2.0_react@19.2.0/node_modules/react-dom/cjs/react-dom-client.development.js:18957:7)
      at flushActQueue (node_modules/.pnpm/react@19.2.0/node_modules/react/cjs/react.development.js:590:34)
      at process.env.NODE_ENV.exports.act (node_modules/.pnpm/react@19.2.0/node_modules/react/cjs/react.development.js:884:10)
      at node_modules/.pnpm/@testing-library+react@16.3_15d474de7481bb0af842c1b1705139a8/node_modules/@testing-library/react/dist/act-compat.js:47:25
      at renderRoot (node_modules/.pnpm/@testing-library+react@16.3_15d474de7481bb0af842c1b1705139a8/node_modules/@testing-library/react/dist/pure.js:190:26)
      at render (node_modules/.pnpm/@testing-library+react@16.3_15d474de7481bb0af842c1b1705139a8/node_modules/@testing-library/react/dist/pure.js:292:10)
      at Object.<anonymous> (src/__tests__/components/ExportChatModal.test.tsx:361:13)

    console.error
      `DialogContent` requires a `DialogTitle` for the component to be accessible for screen reader users.
      
      If you want to hide the `DialogTitle`, you can wrap it with our VisuallyHidden component.
      
      For more information, see https://radix-ui.com/primitives/docs/components/dialog

    [0m [90m 373 |[39m       [36mreturn[39m[33m;[39m
     [90m 374 |[39m     }
    [31m[1m>[22m[39m[90m 375 |[39m     originalError[33m.[39mcall(console[33m,[39m [33m...[39margs)[33m;[39m
     [90m     |[39m                   [31m[1m^[22m[39m
     [90m 376 |[39m   }[33m;[39m
     [90m 377 |[39m })[33m;[39m
     [90m 378 |[39m[0m

      at console.call [as error] (jest.setup.js:375:19)
      at node_modules/.pnpm/@radix-ui+react-dialog@1.1._664b8f23a65f4708bb5cf27e5ff43c08/node_modules/@radix-ui/react-dialog/src/dialog.tsx:520:30
      at Object.react_stack_bottom_frame (node_modules/.pnpm/react-dom@19.2.0_react@19.2.0/node_modules/react-dom/cjs/react-dom-client.development.js:25989:20)
      at runWithFiberInDEV (node_modules/.pnpm/react-dom@19.2.0_react@19.2.0/node_modules/react-dom/cjs/react-dom-client.development.js:874:13)
      at commitHookEffectListMount (node_modules/.pnpm/react-dom@19.2.0_react@19.2.0/node_modules/react-dom/cjs/react-dom-client.development.js:13249:29)
      at commitHookPassiveMountEffects (node_modules/.pnpm/react-dom@19.2.0_react@19.2.0/node_modules/react-dom/cjs/react-dom-client.development.js:13336:11)
      at commitPassiveMountOnFiber (node_modules/.pnpm/react-dom@19.2.0_react@19.2.0/node_modules/react-dom/cjs/react-dom-client.development.js:15484:13)
      at recursivelyTraversePassiveMountEffects (node_modules/.pnpm/react-dom@19.2.0_react@19.2.0/node_modules/react-dom/cjs/react-dom-client.development.js:15439:11)
      at commitPassiveMountOnFiber (node_modules/.pnpm/react-dom@19.2.0_react@19.2.0/node_modules/react-dom/cjs/react-dom-client.development.js:15718:11)
      at recursivelyTraversePassiveMountEffects (node_modules/.pnpm/react-dom@19.2.0_react@19.2.0/node_modules/react-dom/cjs/react-dom-client.development.js:15439:11)
      at commitPassiveMountOnFiber (node_modules/.pnpm/react-dom@19.2.0_react@19.2.0/node_modules/react-dom/cjs/react-dom-client.development.js:15476:11)
      at recursivelyTraversePassiveMountEffects (node_modules/.pnpm/react-dom@19.2.0_react@19.2.0/node_modules/react-dom/cjs/react-dom-client.development.js:15439:11)
      at commitPassiveMountOnFiber (node_modules/.pnpm/react-dom@19.2.0_react@19.2.0/node_modules/react-dom/cjs/react-dom-client.development.js:15476:11)
      at recursivelyTraversePassiveMountEffects (node_modules/.pnpm/react-dom@19.2.0_react@19.2.0/node_modules/react-dom/cjs/react-dom-client.development.js:15439:11)
      at commitPassiveMountOnFiber (node_modules/.pnpm/react-dom@19.2.0_react@19.2.0/node_modules/react-dom/cjs/react-dom-client.development.js:15476:11)
      at recursivelyTraversePassiveMountEffects (node_modules/.pnpm/react-dom@19.2.0_react@19.2.0/node_modules/react-dom/cjs/react-dom-client.development.js:15439:11)
      at commitPassiveMountOnFiber (node_modules/.pnpm/react-dom@19.2.0_react@19.2.0/node_modules/react-dom/cjs/react-dom-client.development.js:15476:11)
      at recursivelyTraversePassiveMountEffects (node_modules/.pnpm/react-dom@19.2.0_react@19.2.0/node_modules/react-dom/cjs/react-dom-client.development.js:15439:11)
      at commitPassiveMountOnFiber (node_modules/.pnpm/react-dom@19.2.0_react@19.2.0/node_modules/react-dom/cjs/react-dom-client.development.js:15476:11)
      at recursivelyTraversePassiveMountEffects (node_modules/.pnpm/react-dom@19.2.0_react@19.2.0/node_modules/react-dom/cjs/react-dom-client.development.js:15439:11)
      at commitPassiveMountOnFiber (node_modules/.pnpm/react-dom@19.2.0_react@19.2.0/node_modules/react-dom/cjs/react-dom-client.development.js:15476:11)
      at recursivelyTraversePassiveMountEffects (node_modules/.pnpm/react-dom@19.2.0_react@19.2.0/node_modules/react-dom/cjs/react-dom-client.development.js:15439:11)
      at commitPassiveMountOnFiber (node_modules/.pnpm/react-dom@19.2.0_react@19.2.0/node_modules/react-dom/cjs/react-dom-client.development.js:15476:11)
      at recursivelyTraversePassiveMountEffects (node_modules/.pnpm/react-dom@19.2.0_react@19.2.0/node_modules/react-dom/cjs/react-dom-client.development.js:15439:11)
      at commitPassiveMountOnFiber (node_modules/.pnpm/react-dom@19.2.0_react@19.2.0/node_modules/react-dom/cjs/react-dom-client.development.js:15718:11)
      at recursivelyTraversePassiveMountEffects (node_modules/.pnpm/react-dom@19.2.0_react@19.2.0/node_modules/react-dom/cjs/react-dom-client.development.js:15439:11)
      at commitPassiveMountOnFiber (node_modules/.pnpm/react-dom@19.2.0_react@19.2.0/node_modules/react-dom/cjs/react-dom-client.development.js:15476:11)
      at recursivelyTraversePassiveMountEffects (node_modules/.pnpm/react-dom@19.2.0_react@19.2.0/node_modules/react-dom/cjs/react-dom-client.development.js:15439:11)
      at commitPassiveMountOnFiber (node_modules/.pnpm/react-dom@19.2.0_react@19.2.0/node_modules/react-dom/cjs/react-dom-client.development.js:15476:11)
      at recursivelyTraversePassiveMountEffects (node_modules/.pnpm/react-dom@19.2.0_react@19.2.0/node_modules/react-dom/cjs/react-dom-client.development.js:15439:11)
      at commitPassiveMountOnFiber (node_modules/.pnpm/react-dom@19.2.0_react@19.2.0/node_modules/react-dom/cjs/react-dom-client.development.js:15718:11)
      at recursivelyTraversePassiveMountEffects (node_modules/.pnpm/react-dom@19.2.0_react@19.2.0/node_modules/react-dom/cjs/react-dom-client.development.js:15439:11)
      at commitPassiveMountOnFiber (node_modules/.pnpm/react-dom@19.2.0_react@19.2.0/node_modules/react-dom/cjs/react-dom-client.development.js:15476:11)
      at recursivelyTraversePassiveMountEffects (node_modules/.pnpm/react-dom@19.2.0_react@19.2.0/node_modules/react-dom/cjs/react-dom-client.development.js:15439:11)
      at commitPassiveMountOnFiber (node_modules/.pnpm/react-dom@19.2.0_react@19.2.0/node_modules/react-dom/cjs/react-dom-client.development.js:15476:11)
      at recursivelyTraversePassiveMountEffects (node_modules/.pnpm/react-dom@19.2.0_react@19.2.0/node_modules/react-dom/cjs/react-dom-client.development.js:15439:11)
      at commitPassiveMountOnFiber (node_modules/.pnpm/react-dom@19.2.0_react@19.2.0/node_modules/react-dom/cjs/react-dom-client.development.js:15476:11)
      at recursivelyTraversePassiveMountEffects (node_modules/.pnpm/react-dom@19.2.0_react@19.2.0/node_modules/react-dom/cjs/react-dom-client.development.js:15439:11)
      at commitPassiveMountOnFiber (node_modules/.pnpm/react-dom@19.2.0_react@19.2.0/node_modules/react-dom/cjs/react-dom-client.development.js:15718:11)
      at recursivelyTraversePassiveMountEffects (node_modules/.pnpm/react-dom@19.2.0_react@19.2.0/node_modules/react-dom/cjs/react-dom-client.development.js:15439:11)
      at commitPassiveMountOnFiber (node_modules/.pnpm/react-dom@19.2.0_react@19.2.0/node_modules/react-dom/cjs/react-dom-client.development.js:15476:11)
      at recursivelyTraversePassiveMountEffects (node_modules/.pnpm/react-dom@19.2.0_react@19.2.0/node_modules/react-dom/cjs/react-dom-client.development.js:15439:11)
      at commitPassiveMountOnFiber (node_modules/.pnpm/react-dom@19.2.0_react@19.2.0/node_modules/react-dom/cjs/react-dom-client.development.js:15476:11)
      at recursivelyTraversePassiveMountEffects (node_modules/.pnpm/react-dom@19.2.0_react@19.2.0/node_modules/react-dom/cjs/react-dom-client.development.js:15439:11)
      at commitPassiveMountOnFiber (node_modules/.pnpm/react-dom@19.2.0_react@19.2.0/node_modules/react-dom/cjs/react-dom-client.development.js:15476:11)
      at recursivelyTraversePassiveMountEffects (node_modules/.pnpm/react-dom@19.2.0_react@19.2.0/node_modules/react-dom/cjs/react-dom-client.development.js:15439:11)
      at commitPassiveMountOnFiber (node_modules/.pnpm/react-dom@19.2.0_react@19.2.0/node_modules/react-dom/cjs/react-dom-client.development.js:15476:11)
      at recursivelyTraversePassiveMountEffects (node_modules/.pnpm/react-dom@19.2.0_react@19.2.0/node_modules/react-dom/cjs/react-dom-client.development.js:15439:11)
      at commitPassiveMountOnFiber (node_modules/.pnpm/react-dom@19.2.0_react@19.2.0/node_modules/react-dom/cjs/react-dom-client.development.js:15519:11)
      at flushPassiveEffects (node_modules/.pnpm/react-dom@19.2.0_react@19.2.0/node_modules/react-dom/cjs/react-dom-client.development.js:18432:9)
      at flushPendingEffects (node_modules/.pnpm/react-dom@19.2.0_react@19.2.0/node_modules/react-dom/cjs/react-dom-client.development.js:18358:14)
      at flushSpawnedWork (node_modules/.pnpm/react-dom@19.2.0_react@19.2.0/node_modules/react-dom/cjs/react-dom-client.development.js:18323:44)
      at commitRoot (node_modules/.pnpm/react-dom@19.2.0_react@19.2.0/node_modules/react-dom/cjs/react-dom-client.development.js:17955:9)
      at performWorkOnRoot (node_modules/.pnpm/react-dom@19.2.0_react@19.2.0/node_modules/react-dom/cjs/react-dom-client.development.js:16667:15)
      at performSyncWorkOnRoot (node_modules/.pnpm/react-dom@19.2.0_react@19.2.0/node_modules/react-dom/cjs/react-dom-client.development.js:18972:7)
      at flushSyncWorkAcrossRoots_impl (node_modules/.pnpm/react-dom@19.2.0_react@19.2.0/node_modules/react-dom/cjs/react-dom-client.development.js:18814:21)
      at flushSpawnedWork (node_modules/.pnpm/react-dom@19.2.0_react@19.2.0/node_modules/react-dom/cjs/react-dom-client.development.js:18334:9)
      at commitRoot (node_modules/.pnpm/react-dom@19.2.0_react@19.2.0/node_modules/react-dom/cjs/react-dom-client.development.js:17955:9)
      at performWorkOnRoot (node_modules/.pnpm/react-dom@19.2.0_react@19.2.0/node_modules/react-dom/cjs/react-dom-client.development.js:16667:15)
      at performWorkOnRootViaSchedulerTask (node_modules/.pnpm/react-dom@19.2.0_react@19.2.0/node_modules/react-dom/cjs/react-dom-client.development.js:18957:7)
      at flushActQueue (node_modules/.pnpm/react@19.2.0/node_modules/react/cjs/react.development.js:590:34)
      at process.env.NODE_ENV.exports.act (node_modules/.pnpm/react@19.2.0/node_modules/react/cjs/react.development.js:884:10)
      at node_modules/.pnpm/@testing-library+react@16.3_15d474de7481bb0af842c1b1705139a8/node_modules/@testing-library/react/dist/act-compat.js:47:25
      at renderRoot (node_modules/.pnpm/@testing-library+react@16.3_15d474de7481bb0af842c1b1705139a8/node_modules/@testing-library/react/dist/pure.js:190:26)
      at render (node_modules/.pnpm/@testing-library+react@16.3_15d474de7481bb0af842c1b1705139a8/node_modules/@testing-library/react/dist/pure.js:292:10)
      at Object.<anonymous> (src/__tests__/components/ExportChatModal.test.tsx:379:13)

    console.warn
      Warning: Missing `Description` or `aria-describedby={undefined}` for {DialogContent}.

    [0m [90m 377 |[39m       )[33m;[39m
     [90m 378 |[39m
    [31m[1m>[22m[39m[90m 379 |[39m       render([33m<[39m[33mExportChatModal[39m {[33m...[39mdefaultProps} [33m/[39m[33m>[39m)[33m;[39m
     [90m     |[39m             [31m[1m^[22m[39m
     [90m 380 |[39m
     [90m 381 |[39m       [36mconst[39m exportButton [33m=[39m screen[33m.[39mgetByRole([32m'button'[39m[33m,[39m { name[33m:[39m [35m/esporta/i[39m })[33m;[39m
     [90m 382 |[39m       fireEvent[33m.[39mclick(exportButton)[33m;[39m[0m

      at node_modules/.pnpm/@radix-ui+react-dialog@1.1._664b8f23a65f4708bb5cf27e5ff43c08/node_modules/@radix-ui/react-dialog/src/dialog.tsx:543:36
      at Object.react_stack_bottom_frame (node_modules/.pnpm/react-dom@19.2.0_react@19.2.0/node_modules/react-dom/cjs/react-dom-client.development.js:25989:20)
      at runWithFiberInDEV (node_modules/.pnpm/react-dom@19.2.0_react@19.2.0/node_modules/react-dom/cjs/react-dom-client.development.js:874:13)
      at commitHookEffectListMount (node_modules/.pnpm/react-dom@19.2.0_react@19.2.0/node_modules/react-dom/cjs/react-dom-client.development.js:13249:29)
      at commitHookPassiveMountEffects (node_modules/.pnpm/react-dom@19.2.0_react@19.2.0/node_modules/react-dom/cjs/react-dom-client.development.js:13336:11)
      at commitPassiveMountOnFiber (node_modules/.pnpm/react-dom@19.2.0_react@19.2.0/node_modules/react-dom/cjs/react-dom-client.development.js:15484:13)
      at recursivelyTraversePassiveMountEffects (node_modules/.pnpm/react-dom@19.2.0_react@19.2.0/node_modules/react-dom/cjs/react-dom-client.development.js:15439:11)
      at commitPassiveMountOnFiber (node_modules/.pnpm/react-dom@19.2.0_react@19.2.0/node_modules/react-dom/cjs/react-dom-client.development.js:15718:11)
      at recursivelyTraversePassiveMountEffects (node_modules/.pnpm/react-dom@19.2.0_react@19.2.0/node_modules/react-dom/cjs/react-dom-client.development.js:15439:11)
      at commitPassiveMountOnFiber (node_modules/.pnpm/react-dom@19.2.0_react@19.2.0/node_modules/react-dom/cjs/react-dom-client.development.js:15476:11)
      at recursivelyTraversePassiveMountEffects (node_modules/.pnpm/react-dom@19.2.0_react@19.2.0/node_modules/react-dom/cjs/react-dom-client.development.js:15439:11)
      at commitPassiveMountOnFiber (node_modules/.pnpm/react-dom@19.2.0_react@19.2.0/node_modules/react-dom/cjs/react-dom-client.development.js:15476:11)
      at recursivelyTraversePassiveMountEffects (node_modules/.pnpm/react-dom@19.2.0_react@19.2.0/node_modules/react-dom/cjs/react-dom-client.development.js:15439:11)
      at commitPassiveMountOnFiber (node_modules/.pnpm/react-dom@19.2.0_react@19.2.0/node_modules/react-dom/cjs/react-dom-client.development.js:15476:11)
      at recursivelyTraversePassiveMountEffects (node_modules/.pnpm/react-dom@19.2.0_react@19.2.0/node_modules/react-dom/cjs/react-dom-client.development.js:15439:11)
      at commitPassiveMountOnFiber (node_modules/.pnpm/react-dom@19.2.0_react@19.2.0/node_modules/react-dom/cjs/react-dom-client.development.js:15476:11)
      at recursivelyTraversePassiveMountEffects (node_modules/.pnpm/react-dom@19.2.0_react@19.2.0/node_modules/react-dom/cjs/react-dom-client.development.js:15439:11)
      at commitPassiveMountOnFiber (node_modules/.pnpm/react-dom@19.2.0_react@19.2.0/node_modules/react-dom/cjs/react-dom-client.development.js:15476:11)
      at recursivelyTraversePassiveMountEffects (node_modules/.pnpm/react-dom@19.2.0_react@19.2.0/node_modules/react-dom/cjs/react-dom-client.development.js:15439:11)
      at commitPassiveMountOnFiber (node_modules/.pnpm/react-dom@19.2.0_react@19.2.0/node_modules/react-dom/cjs/react-dom-client.development.js:15476:11)
      at recursivelyTraversePassiveMountEffects (node_modules/.pnpm/react-dom@19.2.0_react@19.2.0/node_modules/react-dom/cjs/react-dom-client.development.js:15439:11)
      at commitPassiveMountOnFiber (node_modules/.pnpm/react-dom@19.2.0_react@19.2.0/node_modules/react-dom/cjs/react-dom-client.development.js:15476:11)
      at recursivelyTraversePassiveMountEffects (node_modules/.pnpm/react-dom@19.2.0_react@19.2.0/node_modules/react-dom/cjs/react-dom-client.development.js:15439:11)
      at commitPassiveMountOnFiber (node_modules/.pnpm/react-dom@19.2.0_react@19.2.0/node_modules/react-dom/cjs/react-dom-client.development.js:15718:11)
      at recursivelyTraversePassiveMountEffects (node_modules/.pnpm/react-dom@19.2.0_react@19.2.0/node_modules/react-dom/cjs/react-dom-client.development.js:15439:11)
      at commitPassiveMountOnFiber (node_modules/.pnpm/react-dom@19.2.0_react@19.2.0/node_modules/react-dom/cjs/react-dom-client.development.js:15476:11)
      at recursivelyTraversePassiveMountEffects (node_modules/.pnpm/react-dom@19.2.0_react@19.2.0/node_modules/react-dom/cjs/react-dom-client.development.js:15439:11)
      at commitPassiveMountOnFiber (node_modules/.pnpm/react-dom@19.2.0_react@19.2.0/node_modules/react-dom/cjs/react-dom-client.development.js:15476:11)
      at recursivelyTraversePassiveMountEffects (node_modules/.pnpm/react-dom@19.2.0_react@19.2.0/node_modules/react-dom/cjs/react-dom-client.development.js:15439:11)
      at commitPassiveMountOnFiber (node_modules/.pnpm/react-dom@19.2.0_react@19.2.0/node_modules/react-dom/cjs/react-dom-client.development.js:15718:11)
      at recursivelyTraversePassiveMountEffects (node_modules/.pnpm/react-dom@19.2.0_react@19.2.0/node_modules/react-dom/cjs/react-dom-client.development.js:15439:11)
      at commitPassiveMountOnFiber (node_modules/.pnpm/react-dom@19.2.0_react@19.2.0/node_modules/react-dom/cjs/react-dom-client.development.js:15476:11)
      at recursivelyTraversePassiveMountEffects (node_modules/.pnpm/react-dom@19.2.0_react@19.2.0/node_modules/react-dom/cjs/react-dom-client.development.js:15439:11)
      at commitPassiveMountOnFiber (node_modules/.pnpm/react-dom@19.2.0_react@19.2.0/node_modules/react-dom/cjs/react-dom-client.development.js:15476:11)
      at recursivelyTraversePassiveMountEffects (node_modules/.pnpm/react-dom@19.2.0_react@19.2.0/node_modules/react-dom/cjs/react-dom-client.development.js:15439:11)
      at commitPassiveMountOnFiber (node_modules/.pnpm/react-dom@19.2.0_react@19.2.0/node_modules/react-dom/cjs/react-dom-client.development.js:15476:11)
      at recursivelyTraversePassiveMountEffects (node_modules/.pnpm/react-dom@19.2.0_react@19.2.0/node_modules/react-dom/cjs/react-dom-client.development.js:15439:11)
      at commitPassiveMountOnFiber (node_modules/.pnpm/react-dom@19.2.0_react@19.2.0/node_modules/react-dom/cjs/react-dom-client.development.js:15718:11)
      at recursivelyTraversePassiveMountEffects (node_modules/.pnpm/react-dom@19.2.0_react@19.2.0/node_modules/react-dom/cjs/react-dom-client.development.js:15439:11)
      at commitPassiveMountOnFiber (node_modules/.pnpm/react-dom@19.2.0_react@19.2.0/node_modules/react-dom/cjs/react-dom-client.development.js:15476:11)
      at recursivelyTraversePassiveMountEffects (node_modules/.pnpm/react-dom@19.2.0_react@19.2.0/node_modules/react-dom/cjs/react-dom-client.development.js:15439:11)
      at commitPassiveMountOnFiber (node_modules/.pnpm/react-dom@19.2.0_react@19.2.0/node_modules/react-dom/cjs/react-dom-client.development.js:15476:11)
      at recursivelyTraversePassiveMountEffects (node_modules/.pnpm/react-dom@19.2.0_react@19.2.0/node_modules/react-dom/cjs/react-dom-client.development.js:15439:11)
      at commitPassiveMountOnFiber (node_modules/.pnpm/react-dom@19.2.0_react@19.2.0/node_modules/react-dom/cjs/react-dom-client.development.js:15476:11)
      at recursivelyTraversePassiveMountEffects (node_modules/.pnpm/react-dom@19.2.0_react@19.2.0/node_modules/react-dom/cjs/react-dom-client.development.js:15439:11)
      at commitPassiveMountOnFiber (node_modules/.pnpm/react-dom@19.2.0_react@19.2.0/node_modules/react-dom/cjs/react-dom-client.development.js:15476:11)
      at recursivelyTraversePassiveMountEffects (node_modules/.pnpm/react-dom@19.2.0_react@19.2.0/node_modules/react-dom/cjs/react-dom-client.development.js:15439:11)
      at commitPassiveMountOnFiber (node_modules/.pnpm/react-dom@19.2.0_react@19.2.0/node_modules/react-dom/cjs/react-dom-client.development.js:15519:11)
      at flushPassiveEffects (node_modules/.pnpm/react-dom@19.2.0_react@19.2.0/node_modules/react-dom/cjs/react-dom-client.development.js:18432:9)
      at flushPendingEffects (node_modules/.pnpm/react-dom@19.2.0_react@19.2.0/node_modules/react-dom/cjs/react-dom-client.development.js:18358:14)
      at flushSpawnedWork (node_modules/.pnpm/react-dom@19.2.0_react@19.2.0/node_modules/react-dom/cjs/react-dom-client.development.js:18323:44)
      at commitRoot (node_modules/.pnpm/react-dom@19.2.0_react@19.2.0/node_modules/react-dom/cjs/react-dom-client.development.js:17955:9)
      at performWorkOnRoot (node_modules/.pnpm/react-dom@19.2.0_react@19.2.0/node_modules/react-dom/cjs/react-dom-client.development.js:16667:15)
      at performSyncWorkOnRoot (node_modules/.pnpm/react-dom@19.2.0_react@19.2.0/node_modules/react-dom/cjs/react-dom-client.development.js:18972:7)
      at flushSyncWorkAcrossRoots_impl (node_modules/.pnpm/react-dom@19.2.0_react@19.2.0/node_modules/react-dom/cjs/react-dom-client.development.js:18814:21)
      at flushSpawnedWork (node_modules/.pnpm/react-dom@19.2.0_react@19.2.0/node_modules/react-dom/cjs/react-dom-client.development.js:18334:9)
      at commitRoot (node_modules/.pnpm/react-dom@19.2.0_react@19.2.0/node_modules/react-dom/cjs/react-dom-client.development.js:17955:9)
      at performWorkOnRoot (node_modules/.pnpm/react-dom@19.2.0_react@19.2.0/node_modules/react-dom/cjs/react-dom-client.development.js:16667:15)
      at performWorkOnRootViaSchedulerTask (node_modules/.pnpm/react-dom@19.2.0_react@19.2.0/node_modules/react-dom/cjs/react-dom-client.development.js:18957:7)
      at flushActQueue (node_modules/.pnpm/react@19.2.0/node_modules/react/cjs/react.development.js:590:34)
      at process.env.NODE_ENV.exports.act (node_modules/.pnpm/react@19.2.0/node_modules/react/cjs/react.development.js:884:10)
      at node_modules/.pnpm/@testing-library+react@16.3_15d474de7481bb0af842c1b1705139a8/node_modules/@testing-library/react/dist/act-compat.js:47:25
      at renderRoot (node_modules/.pnpm/@testing-library+react@16.3_15d474de7481bb0af842c1b1705139a8/node_modules/@testing-library/react/dist/pure.js:190:26)
      at render (node_modules/.pnpm/@testing-library+react@16.3_15d474de7481bb0af842c1b1705139a8/node_modules/@testing-library/react/dist/pure.js:292:10)
      at Object.<anonymous> (src/__tests__/components/ExportChatModal.test.tsx:379:13)

    console.error
      `DialogContent` requires a `DialogTitle` for the component to be accessible for screen reader users.
      
      If you want to hide the `DialogTitle`, you can wrap it with our VisuallyHidden component.
      
      For more information, see https://radix-ui.com/primitives/docs/components/dialog

    [0m [90m 373 |[39m       [36mreturn[39m[33m;[39m
     [90m 374 |[39m     }
    [31m[1m>[22m[39m[90m 375 |[39m     originalError[33m.[39mcall(console[33m,[39m [33m...[39margs)[33m;[39m
     [90m     |[39m                   [31m[1m^[22m[39m
     [90m 376 |[39m   }[33m;[39m
     [90m 377 |[39m })[33m;[39m
     [90m 378 |[39m[0m

      at console.call [as error] (jest.setup.js:375:19)
      at node_modules/.pnpm/@radix-ui+react-dialog@1.1._664b8f23a65f4708bb5cf27e5ff43c08/node_modules/@radix-ui/react-dialog/src/dialog.tsx:520:30
      at Object.react_stack_bottom_frame (node_modules/.pnpm/react-dom@19.2.0_react@19.2.0/node_modules/react-dom/cjs/react-dom-client.development.js:25989:20)
      at runWithFiberInDEV (node_modules/.pnpm/react-dom@19.2.0_react@19.2.0/node_modules/react-dom/cjs/react-dom-client.development.js:874:13)
      at commitHookEffectListMount (node_modules/.pnpm/react-dom@19.2.0_react@19.2.0/node_modules/react-dom/cjs/react-dom-client.development.js:13249:29)
      at commitHookPassiveMountEffects (node_modules/.pnpm/react-dom@19.2.0_react@19.2.0/node_modules/react-dom/cjs/react-dom-client.development.js:13336:11)
      at commitPassiveMountOnFiber (node_modules/.pnpm/react-dom@19.2.0_react@19.2.0/node_modules/react-dom/cjs/react-dom-client.development.js:15484:13)
      at recursivelyTraversePassiveMountEffects (node_modules/.pnpm/react-dom@19.2.0_react@19.2.0/node_modules/react-dom/cjs/react-dom-client.development.js:15439:11)
      at commitPassiveMountOnFiber (node_modules/.pnpm/react-dom@19.2.0_react@19.2.0/node_modules/react-dom/cjs/react-dom-client.development.js:15718:11)
      at recursivelyTraversePassiveMountEffects (node_modules/.pnpm/react-dom@19.2.0_react@19.2.0/node_modules/react-dom/cjs/react-dom-client.development.js:15439:11)
      at commitPassiveMountOnFiber (node_modules/.pnpm/react-dom@19.2.0_react@19.2.0/node_modules/react-dom/cjs/react-dom-client.development.js:15476:11)
      at recursivelyTraversePassiveMountEffects (node_modules/.pnpm/react-dom@19.2.0_react@19.2.0/node_modules/react-dom/cjs/react-dom-client.development.js:15439:11)
      at commitPassiveMountOnFiber (node_modules/.pnpm/react-dom@19.2.0_react@19.2.0/node_modules/react-dom/cjs/react-dom-client.development.js:15476:11)
      at recursivelyTraversePassiveMountEffects (node_modules/.pnpm/react-dom@19.2.0_react@19.2.0/node_modules/react-dom/cjs/react-dom-client.development.js:15439:11)
      at commitPassiveMountOnFiber (node_modules/.pnpm/react-dom@19.2.0_react@19.2.0/node_modules/react-dom/cjs/react-dom-client.development.js:15476:11)
      at recursivelyTraversePassiveMountEffects (node_modules/.pnpm/react-dom@19.2.0_react@19.2.0/node_modules/react-dom/cjs/react-dom-client.development.js:15439:11)
      at commitPassiveMountOnFiber (node_modules/.pnpm/react-dom@19.2.0_react@19.2.0/node_modules/react-dom/cjs/react-dom-client.development.js:15476:11)
      at recursivelyTraversePassiveMountEffects (node_modules/.pnpm/react-dom@19.2.0_react@19.2.0/node_modules/react-dom/cjs/react-dom-client.development.js:15439:11)
      at commitPassiveMountOnFiber (node_modules/.pnpm/react-dom@19.2.0_react@19.2.0/node_modules/react-dom/cjs/react-dom-client.development.js:15476:11)
      at recursivelyTraversePassiveMountEffects (node_modules/.pnpm/react-dom@19.2.0_react@19.2.0/node_modules/react-dom/cjs/react-dom-client.development.js:15439:11)
      at commitPassiveMountOnFiber (node_modules/.pnpm/react-dom@19.2.0_react@19.2.0/node_modules/react-dom/cjs/react-dom-client.development.js:15476:11)
      at recursivelyTraversePassiveMountEffects (node_modules/.pnpm/react-dom@19.2.0_react@19.2.0/node_modules/react-dom/cjs/react-dom-client.development.js:15439:11)
      at commitPassiveMountOnFiber (node_modules/.pnpm/react-dom@19.2.0_react@19.2.0/node_modules/react-dom/cjs/react-dom-client.development.js:15476:11)
      at recursivelyTraversePassiveMountEffects (node_modules/.pnpm/react-dom@19.2.0_react@19.2.0/node_modules/react-dom/cjs/react-dom-client.development.js:15439:11)
      at commitPassiveMountOnFiber (node_modules/.pnpm/react-dom@19.2.0_react@19.2.0/node_modules/react-dom/cjs/react-dom-client.development.js:15718:11)
      at recursivelyTraversePassiveMountEffects (node_modules/.pnpm/react-dom@19.2.0_react@19.2.0/node_modules/react-dom/cjs/react-dom-client.development.js:15439:11)
      at commitPassiveMountOnFiber (node_modules/.pnpm/react-dom@19.2.0_react@19.2.0/node_modules/react-dom/cjs/react-dom-client.development.js:15476:11)
      at recursivelyTraversePassiveMountEffects (node_modules/.pnpm/react-dom@19.2.0_react@19.2.0/node_modules/react-dom/cjs/react-dom-client.development.js:15439:11)
      at commitPassiveMountOnFiber (node_modules/.pnpm/react-dom@19.2.0_react@19.2.0/node_modules/react-dom/cjs/react-dom-client.development.js:15476:11)
      at recursivelyTraversePassiveMountEffects (node_modules/.pnpm/react-dom@19.2.0_react@19.2.0/node_modules/react-dom/cjs/react-dom-client.development.js:15439:11)
      at commitPassiveMountOnFiber (node_modules/.pnpm/react-dom@19.2.0_react@19.2.0/node_modules/react-dom/cjs/react-dom-client.development.js:15718:11)
      at recursivelyTraversePassiveMountEffects (node_modules/.pnpm/react-dom@19.2.0_react@19.2.0/node_modules/react-dom/cjs/react-dom-client.development.js:15439:11)
      at commitPassiveMountOnFiber (node_modules/.pnpm/react-dom@19.2.0_react@19.2.0/node_modules/react-dom/cjs/react-dom-client.development.js:15476:11)
      at recursivelyTraversePassiveMountEffects (node_modules/.pnpm/react-dom@19.2.0_react@19.2.0/node_modules/react-dom/cjs/react-dom-client.development.js:15439:11)
      at commitPassiveMountOnFiber (node_modules/.pnpm/react-dom@19.2.0_react@19.2.0/node_modules/react-dom/cjs/react-dom-client.development.js:15476:11)
      at recursivelyTraversePassiveMountEffects (node_modules/.pnpm/react-dom@19.2.0_react@19.2.0/node_modules/react-dom/cjs/react-dom-client.development.js:15439:11)
      at commitPassiveMountOnFiber (node_modules/.pnpm/react-dom@19.2.0_react@19.2.0/node_modules/react-dom/cjs/react-dom-client.development.js:15476:11)
      at recursivelyTraversePassiveMountEffects (node_modules/.pnpm/react-dom@19.2.0_react@19.2.0/node_modules/react-dom/cjs/react-dom-client.development.js:15439:11)
      at commitPassiveMountOnFiber (node_modules/.pnpm/react-dom@19.2.0_react@19.2.0/node_modules/react-dom/cjs/react-dom-client.development.js:15718:11)
      at recursivelyTraversePassiveMountEffects (node_modules/.pnpm/react-dom@19.2.0_react@19.2.0/node_modules/react-dom/cjs/react-dom-client.development.js:15439:11)
      at commitPassiveMountOnFiber (node_modules/.pnpm/react-dom@19.2.0_react@19.2.0/node_modules/react-dom/cjs/react-dom-client.development.js:15476:11)
      at recursivelyTraversePassiveMountEffects (node_modules/.pnpm/react-dom@19.2.0_react@19.2.0/node_modules/react-dom/cjs/react-dom-client.development.js:15439:11)
      at commitPassiveMountOnFiber (node_modules/.pnpm/react-dom@19.2.0_react@19.2.0/node_modules/react-dom/cjs/react-dom-client.development.js:15476:11)
      at recursivelyTraversePassiveMountEffects (node_modules/.pnpm/react-dom@19.2.0_react@19.2.0/node_modules/react-dom/cjs/react-dom-client.development.js:15439:11)
      at commitPassiveMountOnFiber (node_modules/.pnpm/react-dom@19.2.0_react@19.2.0/node_modules/react-dom/cjs/react-dom-client.development.js:15476:11)
      at recursivelyTraversePassiveMountEffects (node_modules/.pnpm/react-dom@19.2.0_react@19.2.0/node_modules/react-dom/cjs/react-dom-client.development.js:15439:11)
      at commitPassiveMountOnFiber (node_modules/.pnpm/react-dom@19.2.0_react@19.2.0/node_modules/react-dom/cjs/react-dom-client.development.js:15476:11)
      at recursivelyTraversePassiveMountEffects (node_modules/.pnpm/react-dom@19.2.0_react@19.2.0/node_modules/react-dom/cjs/react-dom-client.development.js:15439:11)
      at commitPassiveMountOnFiber (node_modules/.pnpm/react-dom@19.2.0_react@19.2.0/node_modules/react-dom/cjs/react-dom-client.development.js:15519:11)
      at flushPassiveEffects (node_modules/.pnpm/react-dom@19.2.0_react@19.2.0/node_modules/react-dom/cjs/react-dom-client.development.js:18432:9)
      at flushPendingEffects (node_modules/.pnpm/react-dom@19.2.0_react@19.2.0/node_modules/react-dom/cjs/react-dom-client.development.js:18358:14)
      at flushSpawnedWork (node_modules/.pnpm/react-dom@19.2.0_react@19.2.0/node_modules/react-dom/cjs/react-dom-client.development.js:18323:44)
      at commitRoot (node_modules/.pnpm/react-dom@19.2.0_react@19.2.0/node_modules/react-dom/cjs/react-dom-client.development.js:17955:9)
      at performWorkOnRoot (node_modules/.pnpm/react-dom@19.2.0_react@19.2.0/node_modules/react-dom/cjs/react-dom-client.development.js:16667:15)
      at performSyncWorkOnRoot (node_modules/.pnpm/react-dom@19.2.0_react@19.2.0/node_modules/react-dom/cjs/react-dom-client.development.js:18972:7)
      at flushSyncWorkAcrossRoots_impl (node_modules/.pnpm/react-dom@19.2.0_react@19.2.0/node_modules/react-dom/cjs/react-dom-client.development.js:18814:21)
      at flushSpawnedWork (node_modules/.pnpm/react-dom@19.2.0_react@19.2.0/node_modules/react-dom/cjs/react-dom-client.development.js:18334:9)
      at commitRoot (node_modules/.pnpm/react-dom@19.2.0_react@19.2.0/node_modules/react-dom/cjs/react-dom-client.development.js:17955:9)
      at performWorkOnRoot (node_modules/.pnpm/react-dom@19.2.0_react@19.2.0/node_modules/react-dom/cjs/react-dom-client.development.js:16667:15)
      at performWorkOnRootViaSchedulerTask (node_modules/.pnpm/react-dom@19.2.0_react@19.2.0/node_modules/react-dom/cjs/react-dom-client.development.js:18957:7)
      at flushActQueue (node_modules/.pnpm/react@19.2.0/node_modules/react/cjs/react.development.js:590:34)
      at process.env.NODE_ENV.exports.act (node_modules/.pnpm/react@19.2.0/node_modules/react/cjs/react.development.js:884:10)
      at node_modules/.pnpm/@testing-library+react@16.3_15d474de7481bb0af842c1b1705139a8/node_modules/@testing-library/react/dist/act-compat.js:47:25
      at renderRoot (node_modules/.pnpm/@testing-library+react@16.3_15d474de7481bb0af842c1b1705139a8/node_modules/@testing-library/react/dist/pure.js:190:26)
      at render (node_modules/.pnpm/@testing-library+react@16.3_15d474de7481bb0af842c1b1705139a8/node_modules/@testing-library/react/dist/pure.js:292:10)
      at Object.<anonymous> (src/__tests__/components/ExportChatModal.test.tsx:397:13)

    console.warn
      Warning: Missing `Description` or `aria-describedby={undefined}` for {DialogContent}.

    [0m [90m 395 |[39m       )[33m;[39m
     [90m 396 |[39m
    [31m[1m>[22m[39m[90m 397 |[39m       render([33m<[39m[33mExportChatModal[39m {[33m...[39mdefaultProps} [33m/[39m[33m>[39m)[33m;[39m
     [90m     |[39m             [31m[1m^[22m[39m
     [90m 398 |[39m
     [90m 399 |[39m       [36mconst[39m exportButton [33m=[39m screen[33m.[39mgetByRole([32m'button'[39m[33m,[39m { name[33m:[39m [35m/esporta/i[39m })[33m;[39m
     [90m 400 |[39m       fireEvent[33m.[39mclick(exportButton)[33m;[39m[0m

      at node_modules/.pnpm/@radix-ui+react-dialog@1.1._664b8f23a65f4708bb5cf27e5ff43c08/node_modules/@radix-ui/react-dialog/src/dialog.tsx:543:36
      at Object.react_stack_bottom_frame (node_modules/.pnpm/react-dom@19.2.0_react@19.2.0/node_modules/react-dom/cjs/react-dom-client.development.js:25989:20)
      at runWithFiberInDEV (node_modules/.pnpm/react-dom@19.2.0_react@19.2.0/node_modules/react-dom/cjs/react-dom-client.development.js:874:13)
      at commitHookEffectListMount (node_modules/.pnpm/react-dom@19.2.0_react@19.2.0/node_modules/react-dom/cjs/react-dom-client.development.js:13249:29)
      at commitHookPassiveMountEffects (node_modules/.pnpm/react-dom@19.2.0_react@19.2.0/node_modules/react-dom/cjs/react-dom-client.development.js:13336:11)
      at commitPassiveMountOnFiber (node_modules/.pnpm/react-dom@19.2.0_react@19.2.0/node_modules/react-dom/cjs/react-dom-client.development.js:15484:13)
      at recursivelyTraversePassiveMountEffects (node_modules/.pnpm/react-dom@19.2.0_react@19.2.0/node_modules/react-dom/cjs/react-dom-client.development.js:15439:11)
      at commitPassiveMountOnFiber (node_modules/.pnpm/react-dom@19.2.0_react@19.2.0/node_modules/react-dom/cjs/react-dom-client.development.js:15718:11)
      at recursivelyTraversePassiveMountEffects (node_modules/.pnpm/react-dom@19.2.0_react@19.2.0/node_modules/react-dom/cjs/react-dom-client.development.js:15439:11)
      at commitPassiveMountOnFiber (node_modules/.pnpm/react-dom@19.2.0_react@19.2.0/node_modules/react-dom/cjs/react-dom-client.development.js:15476:11)
      at recursivelyTraversePassiveMountEffects (node_modules/.pnpm/react-dom@19.2.0_react@19.2.0/node_modules/react-dom/cjs/react-dom-client.development.js:15439:11)
      at commitPassiveMountOnFiber (node_modules/.pnpm/react-dom@19.2.0_react@19.2.0/node_modules/react-dom/cjs/react-dom-client.development.js:15476:11)
      at recursivelyTraversePassiveMountEffects (node_modules/.pnpm/react-dom@19.2.0_react@19.2.0/node_modules/react-dom/cjs/react-dom-client.development.js:15439:11)
      at commitPassiveMountOnFiber (node_modules/.pnpm/react-dom@19.2.0_react@19.2.0/node_modules/react-dom/cjs/react-dom-client.development.js:15476:11)
      at recursivelyTraversePassiveMountEffects (node_modules/.pnpm/react-dom@19.2.0_react@19.2.0/node_modules/react-dom/cjs/react-dom-client.development.js:15439:11)
      at commitPassiveMountOnFiber (node_modules/.pnpm/react-dom@19.2.0_react@19.2.0/node_modules/react-dom/cjs/react-dom-client.development.js:15476:11)
      at recursivelyTraversePassiveMountEffects (node_modules/.pnpm/react-dom@19.2.0_react@19.2.0/node_modules/react-dom/cjs/react-dom-client.development.js:15439:11)
      at commitPassiveMountOnFiber (node_modules/.pnpm/react-dom@19.2.0_react@19.2.0/node_modules/react-dom/cjs/react-dom-client.development.js:15476:11)
      at recursivelyTraversePassiveMountEffects (node_modules/.pnpm/react-dom@19.2.0_react@19.2.0/node_modules/react-dom/cjs/react-dom-client.development.js:15439:11)
      at commitPassiveMountOnFiber (node_modules/.pnpm/react-dom@19.2.0_react@19.2.0/node_modules/react-dom/cjs/react-dom-client.development.js:15476:11)
      at recursivelyTraversePassiveMountEffects (node_modules/.pnpm/react-dom@19.2.0_react@19.2.0/node_modules/react-dom/cjs/react-dom-client.development.js:15439:11)
      at commitPassiveMountOnFiber (node_modules/.pnpm/react-dom@19.2.0_react@19.2.0/node_modules/react-dom/cjs/react-dom-client.development.js:15476:11)
      at recursivelyTraversePassiveMountEffects (node_modules/.pnpm/react-dom@19.2.0_react@19.2.0/node_modules/react-dom/cjs/react-dom-client.development.js:15439:11)
      at commitPassiveMountOnFiber (node_modules/.pnpm/react-dom@19.2.0_react@19.2.0/node_modules/react-dom/cjs/react-dom-client.development.js:15718:11)
      at recursivelyTraversePassiveMountEffects (node_modules/.pnpm/react-dom@19.2.0_react@19.2.0/node_modules/react-dom/cjs/react-dom-client.development.js:15439:11)
      at commitPassiveMountOnFiber (node_modules/.pnpm/react-dom@19.2.0_react@19.2.0/node_modules/react-dom/cjs/react-dom-client.development.js:15476:11)
      at recursivelyTraversePassiveMountEffects (node_modules/.pnpm/react-dom@19.2.0_react@19.2.0/node_modules/react-dom/cjs/react-dom-client.development.js:15439:11)
      at commitPassiveMountOnFiber (node_modules/.pnpm/react-dom@19.2.0_react@19.2.0/node_modules/react-dom/cjs/react-dom-client.development.js:15476:11)
      at recursivelyTraversePassiveMountEffects (node_modules/.pnpm/react-dom@19.2.0_react@19.2.0/node_modules/react-dom/cjs/react-dom-client.development.js:15439:11)
      at commitPassiveMountOnFiber (node_modules/.pnpm/react-dom@19.2.0_react@19.2.0/node_modules/react-dom/cjs/react-dom-client.development.js:15718:11)
      at recursivelyTraversePassiveMountEffects (node_modules/.pnpm/react-dom@19.2.0_react@19.2.0/node_modules/react-dom/cjs/react-dom-client.development.js:15439:11)
      at commitPassiveMountOnFiber (node_modules/.pnpm/react-dom@19.2.0_react@19.2.0/node_modules/react-dom/cjs/react-dom-client.development.js:15476:11)
      at recursivelyTraversePassiveMountEffects (node_modules/.pnpm/react-dom@19.2.0_react@19.2.0/node_modules/react-dom/cjs/react-dom-client.development.js:15439:11)
      at commitPassiveMountOnFiber (node_modules/.pnpm/react-dom@19.2.0_react@19.2.0/node_modules/react-dom/cjs/react-dom-client.development.js:15476:11)
      at recursivelyTraversePassiveMountEffects (node_modules/.pnpm/react-dom@19.2.0_react@19.2.0/node_modules/react-dom/cjs/react-dom-client.development.js:15439:11)
      at commitPassiveMountOnFiber (node_modules/.pnpm/react-dom@19.2.0_react@19.2.0/node_modules/react-dom/cjs/react-dom-client.development.js:15476:11)
      at recursivelyTraversePassiveMountEffects (node_modules/.pnpm/react-dom@19.2.0_react@19.2.0/node_modules/react-dom/cjs/react-dom-client.development.js:15439:11)
      at commitPassiveMountOnFiber (node_modules/.pnpm/react-dom@19.2.0_react@19.2.0/node_modules/react-dom/cjs/react-dom-client.development.js:15718:11)
      at recursivelyTraversePassiveMountEffects (node_modules/.pnpm/react-dom@19.2.0_react@19.2.0/node_modules/react-dom/cjs/react-dom-client.development.js:15439:11)
      at commitPassiveMountOnFiber (node_modules/.pnpm/react-dom@19.2.0_react@19.2.0/node_modules/react-dom/cjs/react-dom-client.development.js:15476:11)
      at recursivelyTraversePassiveMountEffects (node_modules/.pnpm/react-dom@19.2.0_react@19.2.0/node_modules/react-dom/cjs/react-dom-client.development.js:15439:11)
      at commitPassiveMountOnFiber (node_modules/.pnpm/react-dom@19.2.0_react@19.2.0/node_modules/react-dom/cjs/react-dom-client.development.js:15476:11)
      at recursivelyTraversePassiveMountEffects (node_modules/.pnpm/react-dom@19.2.0_react@19.2.0/node_modules/react-dom/cjs/react-dom-client.development.js:15439:11)
      at commitPassiveMountOnFiber (node_modules/.pnpm/react-dom@19.2.0_react@19.2.0/node_modules/react-dom/cjs/react-dom-client.development.js:15476:11)
      at recursivelyTraversePassiveMountEffects (node_modules/.pnpm/react-dom@19.2.0_react@19.2.0/node_modules/react-dom/cjs/react-dom-client.development.js:15439:11)
      at commitPassiveMountOnFiber (node_modules/.pnpm/react-dom@19.2.0_react@19.2.0/node_modules/react-dom/cjs/react-dom-client.development.js:15476:11)
      at recursivelyTraversePassiveMountEffects (node_modules/.pnpm/react-dom@19.2.0_react@19.2.0/node_modules/react-dom/cjs/react-dom-client.development.js:15439:11)
      at commitPassiveMountOnFiber (node_modules/.pnpm/react-dom@19.2.0_react@19.2.0/node_modules/react-dom/cjs/react-dom-client.development.js:15519:11)
      at flushPassiveEffects (node_modules/.pnpm/react-dom@19.2.0_react@19.2.0/node_modules/react-dom/cjs/react-dom-client.development.js:18432:9)
      at flushPendingEffects (node_modules/.pnpm/react-dom@19.2.0_react@19.2.0/node_modules/react-dom/cjs/react-dom-client.development.js:18358:14)
      at flushSpawnedWork (node_modules/.pnpm/react-dom@19.2.0_react@19.2.0/node_modules/react-dom/cjs/react-dom-client.development.js:18323:44)
      at commitRoot (node_modules/.pnpm/react-dom@19.2.0_react@19.2.0/node_modules/react-dom/cjs/react-dom-client.development.js:17955:9)
      at performWorkOnRoot (node_modules/.pnpm/react-dom@19.2.0_react@19.2.0/node_modules/react-dom/cjs/react-dom-client.development.js:16667:15)
      at performSyncWorkOnRoot (node_modules/.pnpm/react-dom@19.2.0_react@19.2.0/node_modules/react-dom/cjs/react-dom-client.development.js:18972:7)
      at flushSyncWorkAcrossRoots_impl (node_modules/.pnpm/react-dom@19.2.0_react@19.2.0/node_modules/react-dom/cjs/react-dom-client.development.js:18814:21)
      at flushSpawnedWork (node_modules/.pnpm/react-dom@19.2.0_react@19.2.0/node_modules/react-dom/cjs/react-dom-client.development.js:18334:9)
      at commitRoot (node_modules/.pnpm/react-dom@19.2.0_react@19.2.0/node_modules/react-dom/cjs/react-dom-client.development.js:17955:9)
      at performWorkOnRoot (node_modules/.pnpm/react-dom@19.2.0_react@19.2.0/node_modules/react-dom/cjs/react-dom-client.development.js:16667:15)
      at performWorkOnRootViaSchedulerTask (node_modules/.pnpm/react-dom@19.2.0_react@19.2.0/node_modules/react-dom/cjs/react-dom-client.development.js:18957:7)
      at flushActQueue (node_modules/.pnpm/react@19.2.0/node_modules/react/cjs/react.development.js:590:34)
      at process.env.NODE_ENV.exports.act (node_modules/.pnpm/react@19.2.0/node_modules/react/cjs/react.development.js:884:10)
      at node_modules/.pnpm/@testing-library+react@16.3_15d474de7481bb0af842c1b1705139a8/node_modules/@testing-library/react/dist/act-compat.js:47:25
      at renderRoot (node_modules/.pnpm/@testing-library+react@16.3_15d474de7481bb0af842c1b1705139a8/node_modules/@testing-library/react/dist/pure.js:190:26)
      at render (node_modules/.pnpm/@testing-library+react@16.3_15d474de7481bb0af842c1b1705139a8/node_modules/@testing-library/react/dist/pure.js:292:10)
      at Object.<anonymous> (src/__tests__/components/ExportChatModal.test.tsx:397:13)

    console.error
      `DialogContent` requires a `DialogTitle` for the component to be accessible for screen reader users.
      
      If you want to hide the `DialogTitle`, you can wrap it with our VisuallyHidden component.
      
      For more information, see https://radix-ui.com/primitives/docs/components/dialog

    [0m [90m 373 |[39m       [36mreturn[39m[33m;[39m
     [90m 374 |[39m     }
    [31m[1m>[22m[39m[90m 375 |[39m     originalError[33m.[39mcall(console[33m,[39m [33m...[39margs)[33m;[39m
     [90m     |[39m                   [31m[1m^[22m[39m
     [90m 376 |[39m   }[33m;[39m
     [90m 377 |[39m })[33m;[39m
     [90m 378 |[39m[0m

      at console.call [as error] (jest.setup.js:375:19)
      at node_modules/.pnpm/@radix-ui+react-dialog@1.1._664b8f23a65f4708bb5cf27e5ff43c08/node_modules/@radix-ui/react-dialog/src/dialog.tsx:520:30
      at Object.react_stack_bottom_frame (node_modules/.pnpm/react-dom@19.2.0_react@19.2.0/node_modules/react-dom/cjs/react-dom-client.development.js:25989:20)
      at runWithFiberInDEV (node_modules/.pnpm/react-dom@19.2.0_react@19.2.0/node_modules/react-dom/cjs/react-dom-client.development.js:874:13)
      at commitHookEffectListMount (node_modules/.pnpm/react-dom@19.2.0_react@19.2.0/node_modules/react-dom/cjs/react-dom-client.development.js:13249:29)
      at commitHookPassiveMountEffects (node_modules/.pnpm/react-dom@19.2.0_react@19.2.0/node_modules/react-dom/cjs/react-dom-client.development.js:13336:11)
      at commitPassiveMountOnFiber (node_modules/.pnpm/react-dom@19.2.0_react@19.2.0/node_modules/react-dom/cjs/react-dom-client.development.js:15484:13)
      at recursivelyTraversePassiveMountEffects (node_modules/.pnpm/react-dom@19.2.0_react@19.2.0/node_modules/react-dom/cjs/react-dom-client.development.js:15439:11)
      at commitPassiveMountOnFiber (node_modules/.pnpm/react-dom@19.2.0_react@19.2.0/node_modules/react-dom/cjs/react-dom-client.development.js:15718:11)
      at recursivelyTraversePassiveMountEffects (node_modules/.pnpm/react-dom@19.2.0_react@19.2.0/node_modules/react-dom/cjs/react-dom-client.development.js:15439:11)
      at commitPassiveMountOnFiber (node_modules/.pnpm/react-dom@19.2.0_react@19.2.0/node_modules/react-dom/cjs/react-dom-client.development.js:15476:11)
      at recursivelyTraversePassiveMountEffects (node_modules/.pnpm/react-dom@19.2.0_react@19.2.0/node_modules/react-dom/cjs/react-dom-client.development.js:15439:11)
      at commitPassiveMountOnFiber (node_modules/.pnpm/react-dom@19.2.0_react@19.2.0/node_modules/react-dom/cjs/react-dom-client.development.js:15476:11)
      at recursivelyTraversePassiveMountEffects (node_modules/.pnpm/react-dom@19.2.0_react@19.2.0/node_modules/react-dom/cjs/react-dom-client.development.js:15439:11)
      at commitPassiveMountOnFiber (node_modules/.pnpm/react-dom@19.2.0_react@19.2.0/node_modules/react-dom/cjs/react-dom-client.development.js:15476:11)
      at recursivelyTraversePassiveMountEffects (node_modules/.pnpm/react-dom@19.2.0_react@19.2.0/node_modules/react-dom/cjs/react-dom-client.development.js:15439:11)
      at commitPassiveMountOnFiber (node_modules/.pnpm/react-dom@19.2.0_react@19.2.0/node_modules/react-dom/cjs/react-dom-client.development.js:15476:11)
      at recursivelyTraversePassiveMountEffects (node_modules/.pnpm/react-dom@19.2.0_react@19.2.0/node_modules/react-dom/cjs/react-dom-client.development.js:15439:11)
      at commitPassiveMountOnFiber (node_modules/.pnpm/react-dom@19.2.0_react@19.2.0/node_modules/react-dom/cjs/react-dom-client.development.js:15476:11)
      at recursivelyTraversePassiveMountEffects (node_modules/.pnpm/react-dom@19.2.0_react@19.2.0/node_modules/react-dom/cjs/react-dom-client.development.js:15439:11)
      at commitPassiveMountOnFiber (node_modules/.pnpm/react-dom@19.2.0_react@19.2.0/node_modules/react-dom/cjs/react-dom-client.development.js:15476:11)
      at recursivelyTraversePassiveMountEffects (node_modules/.pnpm/react-dom@19.2.0_react@19.2.0/node_modules/react-dom/cjs/react-dom-client.development.js:15439:11)
      at commitPassiveMountOnFiber (node_modules/.pnpm/react-dom@19.2.0_react@19.2.0/node_modules/react-dom/cjs/react-dom-client.development.js:15476:11)
      at recursivelyTraversePassiveMountEffects (node_modules/.pnpm/react-dom@19.2.0_react@19.2.0/node_modules/react-dom/cjs/react-dom-client.development.js:15439:11)
      at commitPassiveMountOnFiber (node_modules/.pnpm/react-dom@19.2.0_react@19.2.0/node_modules/react-dom/cjs/react-dom-client.development.js:15718:11)
      at recursivelyTraversePassiveMountEffects (node_modules/.pnpm/react-dom@19.2.0_react@19.2.0/node_modules/react-dom/cjs/react-dom-client.development.js:15439:11)
      at commitPassiveMountOnFiber (node_modules/.pnpm/react-dom@19.2.0_react@19.2.0/node_modules/react-dom/cjs/react-dom-client.development.js:15476:11)
      at recursivelyTraversePassiveMountEffects (node_modules/.pnpm/react-dom@19.2.0_react@19.2.0/node_modules/react-dom/cjs/react-dom-client.development.js:15439:11)
      at commitPassiveMountOnFiber (node_modules/.pnpm/react-dom@19.2.0_react@19.2.0/node_modules/react-dom/cjs/react-dom-client.development.js:15476:11)
      at recursivelyTraversePassiveMountEffects (node_modules/.pnpm/react-dom@19.2.0_react@19.2.0/node_modules/react-dom/cjs/react-dom-client.development.js:15439:11)
      at commitPassiveMountOnFiber (node_modules/.pnpm/react-dom@19.2.0_react@19.2.0/node_modules/react-dom/cjs/react-dom-client.development.js:15718:11)
      at recursivelyTraversePassiveMountEffects (node_modules/.pnpm/react-dom@19.2.0_react@19.2.0/node_modules/react-dom/cjs/react-dom-client.development.js:15439:11)
      at commitPassiveMountOnFiber (node_modules/.pnpm/react-dom@19.2.0_react@19.2.0/node_modules/react-dom/cjs/react-dom-client.development.js:15476:11)
      at recursivelyTraversePassiveMountEffects (node_modules/.pnpm/react-dom@19.2.0_react@19.2.0/node_modules/react-dom/cjs/react-dom-client.development.js:15439:11)
      at commitPassiveMountOnFiber (node_modules/.pnpm/react-dom@19.2.0_react@19.2.0/node_modules/react-dom/cjs/react-dom-client.development.js:15476:11)
      at recursivelyTraversePassiveMountEffects (node_modules/.pnpm/react-dom@19.2.0_react@19.2.0/node_modules/react-dom/cjs/react-dom-client.development.js:15439:11)
      at commitPassiveMountOnFiber (node_modules/.pnpm/react-dom@19.2.0_react@19.2.0/node_modules/react-dom/cjs/react-dom-client.development.js:15476:11)
      at recursivelyTraversePassiveMountEffects (node_modules/.pnpm/react-dom@19.2.0_react@19.2.0/node_modules/react-dom/cjs/react-dom-client.development.js:15439:11)
      at commitPassiveMountOnFiber (node_modules/.pnpm/react-dom@19.2.0_react@19.2.0/node_modules/react-dom/cjs/react-dom-client.development.js:15718:11)
      at recursivelyTraversePassiveMountEffects (node_modules/.pnpm/react-dom@19.2.0_react@19.2.0/node_modules/react-dom/cjs/react-dom-client.development.js:15439:11)
      at commitPassiveMountOnFiber (node_modules/.pnpm/react-dom@19.2.0_react@19.2.0/node_modules/react-dom/cjs/react-dom-client.development.js:15476:11)
      at recursivelyTraversePassiveMountEffects (node_modules/.pnpm/react-dom@19.2.0_react@19.2.0/node_modules/react-dom/cjs/react-dom-client.development.js:15439:11)
      at commitPassiveMountOnFiber (node_modules/.pnpm/react-dom@19.2.0_react@19.2.0/node_modules/react-dom/cjs/react-dom-client.development.js:15476:11)
      at recursivelyTraversePassiveMountEffects (node_modules/.pnpm/react-dom@19.2.0_react@19.2.0/node_modules/react-dom/cjs/react-dom-client.development.js:15439:11)
      at commitPassiveMountOnFiber (node_modules/.pnpm/react-dom@19.2.0_react@19.2.0/node_modules/react-dom/cjs/react-dom-client.development.js:15476:11)
      at recursivelyTraversePassiveMountEffects (node_modules/.pnpm/react-dom@19.2.0_react@19.2.0/node_modules/react-dom/cjs/react-dom-client.development.js:15439:11)
      at commitPassiveMountOnFiber (node_modules/.pnpm/react-dom@19.2.0_react@19.2.0/node_modules/react-dom/cjs/react-dom-client.development.js:15476:11)
      at recursivelyTraversePassiveMountEffects (node_modules/.pnpm/react-dom@19.2.0_react@19.2.0/node_modules/react-dom/cjs/react-dom-client.development.js:15439:11)
      at commitPassiveMountOnFiber (node_modules/.pnpm/react-dom@19.2.0_react@19.2.0/node_modules/react-dom/cjs/react-dom-client.development.js:15519:11)
      at flushPassiveEffects (node_modules/.pnpm/react-dom@19.2.0_react@19.2.0/node_modules/react-dom/cjs/react-dom-client.development.js:18432:9)
      at flushPendingEffects (node_modules/.pnpm/react-dom@19.2.0_react@19.2.0/node_modules/react-dom/cjs/react-dom-client.development.js:18358:14)
      at flushSpawnedWork (node_modules/.pnpm/react-dom@19.2.0_react@19.2.0/node_modules/react-dom/cjs/react-dom-client.development.js:18323:44)
      at commitRoot (node_modules/.pnpm/react-dom@19.2.0_react@19.2.0/node_modules/react-dom/cjs/react-dom-client.development.js:17955:9)
      at performWorkOnRoot (node_modules/.pnpm/react-dom@19.2.0_react@19.2.0/node_modules/react-dom/cjs/react-dom-client.development.js:16667:15)
      at performSyncWorkOnRoot (node_modules/.pnpm/react-dom@19.2.0_react@19.2.0/node_modules/react-dom/cjs/react-dom-client.development.js:18972:7)
      at flushSyncWorkAcrossRoots_impl (node_modules/.pnpm/react-dom@19.2.0_react@19.2.0/node_modules/react-dom/cjs/react-dom-client.development.js:18814:21)
      at flushSpawnedWork (node_modules/.pnpm/react-dom@19.2.0_react@19.2.0/node_modules/react-dom/cjs/react-dom-client.development.js:18334:9)
      at commitRoot (node_modules/.pnpm/react-dom@19.2.0_react@19.2.0/node_modules/react-dom/cjs/react-dom-client.development.js:17955:9)
      at performWorkOnRoot (node_modules/.pnpm/react-dom@19.2.0_react@19.2.0/node_modules/react-dom/cjs/react-dom-client.development.js:16667:15)
      at performWorkOnRootViaSchedulerTask (node_modules/.pnpm/react-dom@19.2.0_react@19.2.0/node_modules/react-dom/cjs/react-dom-client.development.js:18957:7)
      at flushActQueue (node_modules/.pnpm/react@19.2.0/node_modules/react/cjs/react.development.js:590:34)
      at process.env.NODE_ENV.exports.act (node_modules/.pnpm/react@19.2.0/node_modules/react/cjs/react.development.js:884:10)
      at node_modules/.pnpm/@testing-library+react@16.3_15d474de7481bb0af842c1b1705139a8/node_modules/@testing-library/react/dist/act-compat.js:47:25
      at renderRoot (node_modules/.pnpm/@testing-library+react@16.3_15d474de7481bb0af842c1b1705139a8/node_modules/@testing-library/react/dist/pure.js:190:26)
      at render (node_modules/.pnpm/@testing-library+react@16.3_15d474de7481bb0af842c1b1705139a8/node_modules/@testing-library/react/dist/pure.js:292:10)
      at Object.<anonymous> (src/__tests__/components/ExportChatModal.test.tsx:413:13)

    console.warn
      Warning: Missing `Description` or `aria-describedby={undefined}` for {DialogContent}.

    [0m [90m 411 |[39m       )[33m;[39m
     [90m 412 |[39m
    [31m[1m>[22m[39m[90m 413 |[39m       render([33m<[39m[33mExportChatModal[39m {[33m...[39mdefaultProps} [33m/[39m[33m>[39m)[33m;[39m
     [90m     |[39m             [31m[1m^[22m[39m
     [90m 414 |[39m
     [90m 415 |[39m       [36mconst[39m exportButton [33m=[39m screen[33m.[39mgetByRole([32m'button'[39m[33m,[39m { name[33m:[39m [35m/esporta/i[39m })[33m;[39m
     [90m 416 |[39m       fireEvent[33m.[39mclick(exportButton)[33m;[39m[0m

      at node_modules/.pnpm/@radix-ui+react-dialog@1.1._664b8f23a65f4708bb5cf27e5ff43c08/node_modules/@radix-ui/react-dialog/src/dialog.tsx:543:36
      at Object.react_stack_bottom_frame (node_modules/.pnpm/react-dom@19.2.0_react@19.2.0/node_modules/react-dom/cjs/react-dom-client.development.js:25989:20)
      at runWithFiberInDEV (node_modules/.pnpm/react-dom@19.2.0_react@19.2.0/node_modules/react-dom/cjs/react-dom-client.development.js:874:13)
      at commitHookEffectListMount (node_modules/.pnpm/react-dom@19.2.0_react@19.2.0/node_modules/react-dom/cjs/react-dom-client.development.js:13249:29)
      at commitHookPassiveMountEffects (node_modules/.pnpm/react-dom@19.2.0_react@19.2.0/node_modules/react-dom/cjs/react-dom-client.development.js:13336:11)
      at commitPassiveMountOnFiber (node_modules/.pnpm/react-dom@19.2.0_react@19.2.0/node_modules/react-dom/cjs/react-dom-client.development.js:15484:13)
      at recursivelyTraversePassiveMountEffects (node_modules/.pnpm/react-dom@19.2.0_react@19.2.0/node_modules/react-dom/cjs/react-dom-client.development.js:15439:11)
      at commitPassiveMountOnFiber (node_modules/.pnpm/react-dom@19.2.0_react@19.2.0/node_modules/react-dom/cjs/react-dom-client.development.js:15718:11)
      at recursivelyTraversePassiveMountEffects (node_modules/.pnpm/react-dom@19.2.0_react@19.2.0/node_modules/react-dom/cjs/react-dom-client.development.js:15439:11)
      at commitPassiveMountOnFiber (node_modules/.pnpm/react-dom@19.2.0_react@19.2.0/node_modules/react-dom/cjs/react-dom-client.development.js:15476:11)
      at recursivelyTraversePassiveMountEffects (node_modules/.pnpm/react-dom@19.2.0_react@19.2.0/node_modules/react-dom/cjs/react-dom-client.development.js:15439:11)
      at commitPassiveMountOnFiber (node_modules/.pnpm/react-dom@19.2.0_react@19.2.0/node_modules/react-dom/cjs/react-dom-client.development.js:15476:11)
      at recursivelyTraversePassiveMountEffects (node_modules/.pnpm/react-dom@19.2.0_react@19.2.0/node_modules/react-dom/cjs/react-dom-client.development.js:15439:11)
      at commitPassiveMountOnFiber (node_modules/.pnpm/react-dom@19.2.0_react@19.2.0/node_modules/react-dom/cjs/react-dom-client.development.js:15476:11)
      at recursivelyTraversePassiveMountEffects (node_modules/.pnpm/react-dom@19.2.0_react@19.2.0/node_modules/react-dom/cjs/react-dom-client.development.js:15439:11)
      at commitPassiveMountOnFiber (node_modules/.pnpm/react-dom@19.2.0_react@19.2.0/node_modules/react-dom/cjs/react-dom-client.development.js:15476:11)
      at recursivelyTraversePassiveMountEffects (node_modules/.pnpm/react-dom@19.2.0_react@19.2.0/node_modules/react-dom/cjs/react-dom-client.development.js:15439:11)
      at commitPassiveMountOnFiber (node_modules/.pnpm/react-dom@19.2.0_react@19.2.0/node_modules/react-dom/cjs/react-dom-client.development.js:15476:11)
      at recursivelyTraversePassiveMountEffects (node_modules/.pnpm/react-dom@19.2.0_react@19.2.0/node_modules/react-dom/cjs/react-dom-client.development.js:15439:11)
      at commitPassiveMountOnFiber (node_modules/.pnpm/react-dom@19.2.0_react@19.2.0/node_modules/react-dom/cjs/react-dom-client.development.js:15476:11)
      at recursivelyTraversePassiveMountEffects (node_modules/.pnpm/react-dom@19.2.0_react@19.2.0/node_modules/react-dom/cjs/react-dom-client.development.js:15439:11)
      at commitPassiveMountOnFiber (node_modules/.pnpm/react-dom@19.2.0_react@19.2.0/node_modules/react-dom/cjs/react-dom-client.development.js:15476:11)
      at recursivelyTraversePassiveMountEffects (node_modules/.pnpm/react-dom@19.2.0_react@19.2.0/node_modules/react-dom/cjs/react-dom-client.development.js:15439:11)
      at commitPassiveMountOnFiber (node_modules/.pnpm/react-dom@19.2.0_react@19.2.0/node_modules/react-dom/cjs/react-dom-client.development.js:15718:11)
      at recursivelyTraversePassiveMountEffects (node_modules/.pnpm/react-dom@19.2.0_react@19.2.0/node_modules/react-dom/cjs/react-dom-client.development.js:15439:11)
      at commitPassiveMountOnFiber (node_modules/.pnpm/react-dom@19.2.0_react@19.2.0/node_modules/react-dom/cjs/react-dom-client.development.js:15476:11)
      at recursivelyTraversePassiveMountEffects (node_modules/.pnpm/react-dom@19.2.0_react@19.2.0/node_modules/react-dom/cjs/react-dom-client.development.js:15439:11)
      at commitPassiveMountOnFiber (node_modules/.pnpm/react-dom@19.2.0_react@19.2.0/node_modules/react-dom/cjs/react-dom-client.development.js:15476:11)
      at recursivelyTraversePassiveMountEffects (node_modules/.pnpm/react-dom@19.2.0_react@19.2.0/node_modules/react-dom/cjs/react-dom-client.development.js:15439:11)
      at commitPassiveMountOnFiber (node_modules/.pnpm/react-dom@19.2.0_react@19.2.0/node_modules/react-dom/cjs/react-dom-client.development.js:15718:11)
      at recursivelyTraversePassiveMountEffects (node_modules/.pnpm/react-dom@19.2.0_react@19.2.0/node_modules/react-dom/cjs/react-dom-client.development.js:15439:11)
      at commitPassiveMountOnFiber (node_modules/.pnpm/react-dom@19.2.0_react@19.2.0/node_modules/react-dom/cjs/react-dom-client.development.js:15476:11)
      at recursivelyTraversePassiveMountEffects (node_modules/.pnpm/react-dom@19.2.0_react@19.2.0/node_modules/react-dom/cjs/react-dom-client.development.js:15439:11)
      at commitPassiveMountOnFiber (node_modules/.pnpm/react-dom@19.2.0_react@19.2.0/node_modules/react-dom/cjs/react-dom-client.development.js:15476:11)
      at recursivelyTraversePassiveMountEffects (node_modules/.pnpm/react-dom@19.2.0_react@19.2.0/node_modules/react-dom/cjs/react-dom-client.development.js:15439:11)
      at commitPassiveMountOnFiber (node_modules/.pnpm/react-dom@19.2.0_react@19.2.0/node_modules/react-dom/cjs/react-dom-client.development.js:15476:11)
      at recursivelyTraversePassiveMountEffects (node_modules/.pnpm/react-dom@19.2.0_react@19.2.0/node_modules/react-dom/cjs/react-dom-client.development.js:15439:11)
      at commitPassiveMountOnFiber (node_modules/.pnpm/react-dom@19.2.0_react@19.2.0/node_modules/react-dom/cjs/react-dom-client.development.js:15718:11)
      at recursivelyTraversePassiveMountEffects (node_modules/.pnpm/react-dom@19.2.0_react@19.2.0/node_modules/react-dom/cjs/react-dom-client.development.js:15439:11)
      at commitPassiveMountOnFiber (node_modules/.pnpm/react-dom@19.2.0_react@19.2.0/node_modules/react-dom/cjs/react-dom-client.development.js:15476:11)
      at recursivelyTraversePassiveMountEffects (node_modules/.pnpm/react-dom@19.2.0_react@19.2.0/node_modules/react-dom/cjs/react-dom-client.development.js:15439:11)
      at commitPassiveMountOnFiber (node_modules/.pnpm/react-dom@19.2.0_react@19.2.0/node_modules/react-dom/cjs/react-dom-client.development.js:15476:11)
      at recursivelyTraversePassiveMountEffects (node_modules/.pnpm/react-dom@19.2.0_react@19.2.0/node_modules/react-dom/cjs/react-dom-client.development.js:15439:11)
      at commitPassiveMountOnFiber (node_modules/.pnpm/react-dom@19.2.0_react@19.2.0/node_modules/react-dom/cjs/react-dom-client.development.js:15476:11)
      at recursivelyTraversePassiveMountEffects (node_modules/.pnpm/react-dom@19.2.0_react@19.2.0/node_modules/react-dom/cjs/react-dom-client.development.js:15439:11)
      at commitPassiveMountOnFiber (node_modules/.pnpm/react-dom@19.2.0_react@19.2.0/node_modules/react-dom/cjs/react-dom-client.development.js:15476:11)
      at recursivelyTraversePassiveMountEffects (node_modules/.pnpm/react-dom@19.2.0_react@19.2.0/node_modules/react-dom/cjs/react-dom-client.development.js:15439:11)
      at commitPassiveMountOnFiber (node_modules/.pnpm/react-dom@19.2.0_react@19.2.0/node_modules/react-dom/cjs/react-dom-client.development.js:15519:11)
      at flushPassiveEffects (node_modules/.pnpm/react-dom@19.2.0_react@19.2.0/node_modules/react-dom/cjs/react-dom-client.development.js:18432:9)
      at flushPendingEffects (node_modules/.pnpm/react-dom@19.2.0_react@19.2.0/node_modules/react-dom/cjs/react-dom-client.development.js:18358:14)
      at flushSpawnedWork (node_modules/.pnpm/react-dom@19.2.0_react@19.2.0/node_modules/react-dom/cjs/react-dom-client.development.js:18323:44)
      at commitRoot (node_modules/.pnpm/react-dom@19.2.0_react@19.2.0/node_modules/react-dom/cjs/react-dom-client.development.js:17955:9)
      at performWorkOnRoot (node_modules/.pnpm/react-dom@19.2.0_react@19.2.0/node_modules/react-dom/cjs/react-dom-client.development.js:16667:15)
      at performSyncWorkOnRoot (node_modules/.pnpm/react-dom@19.2.0_react@19.2.0/node_modules/react-dom/cjs/react-dom-client.development.js:18972:7)
      at flushSyncWorkAcrossRoots_impl (node_modules/.pnpm/react-dom@19.2.0_react@19.2.0/node_modules/react-dom/cjs/react-dom-client.development.js:18814:21)
      at flushSpawnedWork (node_modules/.pnpm/react-dom@19.2.0_react@19.2.0/node_modules/react-dom/cjs/react-dom-client.development.js:18334:9)
      at commitRoot (node_modules/.pnpm/react-dom@19.2.0_react@19.2.0/node_modules/react-dom/cjs/react-dom-client.development.js:17955:9)
      at performWorkOnRoot (node_modules/.pnpm/react-dom@19.2.0_react@19.2.0/node_modules/react-dom/cjs/react-dom-client.development.js:16667:15)
      at performWorkOnRootViaSchedulerTask (node_modules/.pnpm/react-dom@19.2.0_react@19.2.0/node_modules/react-dom/cjs/react-dom-client.development.js:18957:7)
      at flushActQueue (node_modules/.pnpm/react@19.2.0/node_modules/react/cjs/react.development.js:590:34)
      at process.env.NODE_ENV.exports.act (node_modules/.pnpm/react@19.2.0/node_modules/react/cjs/react.development.js:884:10)
      at node_modules/.pnpm/@testing-library+react@16.3_15d474de7481bb0af842c1b1705139a8/node_modules/@testing-library/react/dist/act-compat.js:47:25
      at renderRoot (node_modules/.pnpm/@testing-library+react@16.3_15d474de7481bb0af842c1b1705139a8/node_modules/@testing-library/react/dist/pure.js:190:26)
      at render (node_modules/.pnpm/@testing-library+react@16.3_15d474de7481bb0af842c1b1705139a8/node_modules/@testing-library/react/dist/pure.js:292:10)
      at Object.<anonymous> (src/__tests__/components/ExportChatModal.test.tsx:413:13)

    console.error
      `DialogContent` requires a `DialogTitle` for the component to be accessible for screen reader users.
      
      If you want to hide the `DialogTitle`, you can wrap it with our VisuallyHidden component.
      
      For more information, see https://radix-ui.com/primitives/docs/components/dialog

    [0m [90m 373 |[39m       [36mreturn[39m[33m;[39m
     [90m 374 |[39m     }
    [31m[1m>[22m[39m[90m 375 |[39m     originalError[33m.[39mcall(console[33m,[39m [33m...[39margs)[33m;[39m
     [90m     |[39m                   [31m[1m^[22m[39m
     [90m 376 |[39m   }[33m;[39m
     [90m 377 |[39m })[33m;[39m
     [90m 378 |[39m[0m

      at console.call [as error] (jest.setup.js:375:19)
      at node_modules/.pnpm/@radix-ui+react-dialog@1.1._664b8f23a65f4708bb5cf27e5ff43c08/node_modules/@radix-ui/react-dialog/src/dialog.tsx:520:30
      at Object.react_stack_bottom_frame (node_modules/.pnpm/react-dom@19.2.0_react@19.2.0/node_modules/react-dom/cjs/react-dom-client.development.js:25989:20)
      at runWithFiberInDEV (node_modules/.pnpm/react-dom@19.2.0_react@19.2.0/node_modules/react-dom/cjs/react-dom-client.development.js:874:13)
      at commitHookEffectListMount (node_modules/.pnpm/react-dom@19.2.0_react@19.2.0/node_modules/react-dom/cjs/react-dom-client.development.js:13249:29)
      at commitHookPassiveMountEffects (node_modules/.pnpm/react-dom@19.2.0_react@19.2.0/node_modules/react-dom/cjs/react-dom-client.development.js:13336:11)
      at commitPassiveMountOnFiber (node_modules/.pnpm/react-dom@19.2.0_react@19.2.0/node_modules/react-dom/cjs/react-dom-client.development.js:15484:13)
      at recursivelyTraversePassiveMountEffects (node_modules/.pnpm/react-dom@19.2.0_react@19.2.0/node_modules/react-dom/cjs/react-dom-client.development.js:15439:11)
      at commitPassiveMountOnFiber (node_modules/.pnpm/react-dom@19.2.0_react@19.2.0/node_modules/react-dom/cjs/react-dom-client.development.js:15718:11)
      at recursivelyTraversePassiveMountEffects (node_modules/.pnpm/react-dom@19.2.0_react@19.2.0/node_modules/react-dom/cjs/react-dom-client.development.js:15439:11)
      at commitPassiveMountOnFiber (node_modules/.pnpm/react-dom@19.2.0_react@19.2.0/node_modules/react-dom/cjs/react-dom-client.development.js:15476:11)
      at recursivelyTraversePassiveMountEffects (node_modules/.pnpm/react-dom@19.2.0_react@19.2.0/node_modules/react-dom/cjs/react-dom-client.development.js:15439:11)
      at commitPassiveMountOnFiber (node_modules/.pnpm/react-dom@19.2.0_react@19.2.0/node_modules/react-dom/cjs/react-dom-client.development.js:15476:11)
      at recursivelyTraversePassiveMountEffects (node_modules/.pnpm/react-dom@19.2.0_react@19.2.0/node_modules/react-dom/cjs/react-dom-client.development.js:15439:11)
      at commitPassiveMountOnFiber (node_modules/.pnpm/react-dom@19.2.0_react@19.2.0/node_modules/react-dom/cjs/react-dom-client.development.js:15476:11)
      at recursivelyTraversePassiveMountEffects (node_modules/.pnpm/react-dom@19.2.0_react@19.2.0/node_modules/react-dom/cjs/react-dom-client.development.js:15439:11)
      at commitPassiveMountOnFiber (node_modules/.pnpm/react-dom@19.2.0_react@19.2.0/node_modules/react-dom/cjs/react-dom-client.development.js:15476:11)
      at recursivelyTraversePassiveMountEffects (node_modules/.pnpm/react-dom@19.2.0_react@19.2.0/node_modules/react-dom/cjs/react-dom-client.development.js:15439:11)
      at commitPassiveMountOnFiber (node_modules/.pnpm/react-dom@19.2.0_react@19.2.0/node_modules/react-dom/cjs/react-dom-client.development.js:15476:11)
      at recursivelyTraversePassiveMountEffects (node_modules/.pnpm/react-dom@19.2.0_react@19.2.0/node_modules/react-dom/cjs/react-dom-client.development.js:15439:11)
      at commitPassiveMountOnFiber (node_modules/.pnpm/react-dom@19.2.0_react@19.2.0/node_modules/react-dom/cjs/react-dom-client.development.js:15476:11)
      at recursivelyTraversePassiveMountEffects (node_modules/.pnpm/react-dom@19.2.0_react@19.2.0/node_modules/react-dom/cjs/react-dom-client.development.js:15439:11)
      at commitPassiveMountOnFiber (node_modules/.pnpm/react-dom@19.2.0_react@19.2.0/node_modules/react-dom/cjs/react-dom-client.development.js:15476:11)
      at recursivelyTraversePassiveMountEffects (node_modules/.pnpm/react-dom@19.2.0_react@19.2.0/node_modules/react-dom/cjs/react-dom-client.development.js:15439:11)
      at commitPassiveMountOnFiber (node_modules/.pnpm/react-dom@19.2.0_react@19.2.0/node_modules/react-dom/cjs/react-dom-client.development.js:15718:11)
      at recursivelyTraversePassiveMountEffects (node_modules/.pnpm/react-dom@19.2.0_react@19.2.0/node_modules/react-dom/cjs/react-dom-client.development.js:15439:11)
      at commitPassiveMountOnFiber (node_modules/.pnpm/react-dom@19.2.0_react@19.2.0/node_modules/react-dom/cjs/react-dom-client.development.js:15476:11)
      at recursivelyTraversePassiveMountEffects (node_modules/.pnpm/react-dom@19.2.0_react@19.2.0/node_modules/react-dom/cjs/react-dom-client.development.js:15439:11)
      at commitPassiveMountOnFiber (node_modules/.pnpm/react-dom@19.2.0_react@19.2.0/node_modules/react-dom/cjs/react-dom-client.development.js:15476:11)
      at recursivelyTraversePassiveMountEffects (node_modules/.pnpm/react-dom@19.2.0_react@19.2.0/node_modules/react-dom/cjs/react-dom-client.development.js:15439:11)
      at commitPassiveMountOnFiber (node_modules/.pnpm/react-dom@19.2.0_react@19.2.0/node_modules/react-dom/cjs/react-dom-client.development.js:15718:11)
      at recursivelyTraversePassiveMountEffects (node_modules/.pnpm/react-dom@19.2.0_react@19.2.0/node_modules/react-dom/cjs/react-dom-client.development.js:15439:11)
      at commitPassiveMountOnFiber (node_modules/.pnpm/react-dom@19.2.0_react@19.2.0/node_modules/react-dom/cjs/react-dom-client.development.js:15476:11)
      at recursivelyTraversePassiveMountEffects (node_modules/.pnpm/react-dom@19.2.0_react@19.2.0/node_modules/react-dom/cjs/react-dom-client.development.js:15439:11)
      at commitPassiveMountOnFiber (node_modules/.pnpm/react-dom@19.2.0_react@19.2.0/node_modules/react-dom/cjs/react-dom-client.development.js:15476:11)
      at recursivelyTraversePassiveMountEffects (node_modules/.pnpm/react-dom@19.2.0_react@19.2.0/node_modules/react-dom/cjs/react-dom-client.development.js:15439:11)
      at commitPassiveMountOnFiber (node_modules/.pnpm/react-dom@19.2.0_react@19.2.0/node_modules/react-dom/cjs/react-dom-client.development.js:15476:11)
      at recursivelyTraversePassiveMountEffects (node_modules/.pnpm/react-dom@19.2.0_react@19.2.0/node_modules/react-dom/cjs/react-dom-client.development.js:15439:11)
      at commitPassiveMountOnFiber (node_modules/.pnpm/react-dom@19.2.0_react@19.2.0/node_modules/react-dom/cjs/react-dom-client.development.js:15718:11)
      at recursivelyTraversePassiveMountEffects (node_modules/.pnpm/react-dom@19.2.0_react@19.2.0/node_modules/react-dom/cjs/react-dom-client.development.js:15439:11)
      at commitPassiveMountOnFiber (node_modules/.pnpm/react-dom@19.2.0_react@19.2.0/node_modules/react-dom/cjs/react-dom-client.development.js:15476:11)
      at recursivelyTraversePassiveMountEffects (node_modules/.pnpm/react-dom@19.2.0_react@19.2.0/node_modules/react-dom/cjs/react-dom-client.development.js:15439:11)
      at commitPassiveMountOnFiber (node_modules/.pnpm/react-dom@19.2.0_react@19.2.0/node_modules/react-dom/cjs/react-dom-client.development.js:15476:11)
      at recursivelyTraversePassiveMountEffects (node_modules/.pnpm/react-dom@19.2.0_react@19.2.0/node_modules/react-dom/cjs/react-dom-client.development.js:15439:11)
      at commitPassiveMountOnFiber (node_modules/.pnpm/react-dom@19.2.0_react@19.2.0/node_modules/react-dom/cjs/react-dom-client.development.js:15476:11)
      at recursivelyTraversePassiveMountEffects (node_modules/.pnpm/react-dom@19.2.0_react@19.2.0/node_modules/react-dom/cjs/react-dom-client.development.js:15439:11)
      at commitPassiveMountOnFiber (node_modules/.pnpm/react-dom@19.2.0_react@19.2.0/node_modules/react-dom/cjs/react-dom-client.development.js:15476:11)
      at recursivelyTraversePassiveMountEffects (node_modules/.pnpm/react-dom@19.2.0_react@19.2.0/node_modules/react-dom/cjs/react-dom-client.development.js:15439:11)
      at commitPassiveMountOnFiber (node_modules/.pnpm/react-dom@19.2.0_react@19.2.0/node_modules/react-dom/cjs/react-dom-client.development.js:15519:11)
      at flushPassiveEffects (node_modules/.pnpm/react-dom@19.2.0_react@19.2.0/node_modules/react-dom/cjs/react-dom-client.development.js:18432:9)
      at flushPendingEffects (node_modules/.pnpm/react-dom@19.2.0_react@19.2.0/node_modules/react-dom/cjs/react-dom-client.development.js:18358:14)
      at flushSpawnedWork (node_modules/.pnpm/react-dom@19.2.0_react@19.2.0/node_modules/react-dom/cjs/react-dom-client.development.js:18323:44)
      at commitRoot (node_modules/.pnpm/react-dom@19.2.0_react@19.2.0/node_modules/react-dom/cjs/react-dom-client.development.js:17955:9)
      at performWorkOnRoot (node_modules/.pnpm/react-dom@19.2.0_react@19.2.0/node_modules/react-dom/cjs/react-dom-client.development.js:16667:15)
      at performSyncWorkOnRoot (node_modules/.pnpm/react-dom@19.2.0_react@19.2.0/node_modules/react-dom/cjs/react-dom-client.development.js:18972:7)
      at flushSyncWorkAcrossRoots_impl (node_modules/.pnpm/react-dom@19.2.0_react@19.2.0/node_modules/react-dom/cjs/react-dom-client.development.js:18814:21)
      at flushSpawnedWork (node_modules/.pnpm/react-dom@19.2.0_react@19.2.0/node_modules/react-dom/cjs/react-dom-client.development.js:18334:9)
      at commitRoot (node_modules/.pnpm/react-dom@19.2.0_react@19.2.0/node_modules/react-dom/cjs/react-dom-client.development.js:17955:9)
      at performWorkOnRoot (node_modules/.pnpm/react-dom@19.2.0_react@19.2.0/node_modules/react-dom/cjs/react-dom-client.development.js:16667:15)
      at performWorkOnRootViaSchedulerTask (node_modules/.pnpm/react-dom@19.2.0_react@19.2.0/node_modules/react-dom/cjs/react-dom-client.development.js:18957:7)
      at flushActQueue (node_modules/.pnpm/react@19.2.0/node_modules/react/cjs/react.development.js:590:34)
      at process.env.NODE_ENV.exports.act (node_modules/.pnpm/react@19.2.0/node_modules/react/cjs/react.development.js:884:10)
      at node_modules/.pnpm/@testing-library+react@16.3_15d474de7481bb0af842c1b1705139a8/node_modules/@testing-library/react/dist/act-compat.js:47:25
      at renderRoot (node_modules/.pnpm/@testing-library+react@16.3_15d474de7481bb0af842c1b1705139a8/node_modules/@testing-library/react/dist/pure.js:190:26)
      at render (node_modules/.pnpm/@testing-library+react@16.3_15d474de7481bb0af842c1b1705139a8/node_modules/@testing-library/react/dist/pure.js:292:10)
      at Object.<anonymous> (src/__tests__/components/ExportChatModal.test.tsx:431:13)

    console.warn
      Warning: Missing `Description` or `aria-describedby={undefined}` for {DialogContent}.

    [0m [90m 429 |[39m   describe([32m'Modal Behavior'[39m[33m,[39m () [33m=>[39m {
     [90m 430 |[39m     it([32m'calls onClose when cancel button is clicked'[39m[33m,[39m () [33m=>[39m {
    [31m[1m>[22m[39m[90m 431 |[39m       render([33m<[39m[33mExportChatModal[39m {[33m...[39mdefaultProps} [33m/[39m[33m>[39m)[33m;[39m
     [90m     |[39m             [31m[1m^[22m[39m
     [90m 432 |[39m
     [90m 433 |[39m       [36mconst[39m cancelButton [33m=[39m screen[33m.[39mgetByRole([32m'button'[39m[33m,[39m { name[33m:[39m [35m/annulla/i[39m })[33m;[39m
     [90m 434 |[39m       fireEvent[33m.[39mclick(cancelButton)[33m;[39m[0m

      at node_modules/.pnpm/@radix-ui+react-dialog@1.1._664b8f23a65f4708bb5cf27e5ff43c08/node_modules/@radix-ui/react-dialog/src/dialog.tsx:543:36
      at Object.react_stack_bottom_frame (node_modules/.pnpm/react-dom@19.2.0_react@19.2.0/node_modules/react-dom/cjs/react-dom-client.development.js:25989:20)
      at runWithFiberInDEV (node_modules/.pnpm/react-dom@19.2.0_react@19.2.0/node_modules/react-dom/cjs/react-dom-client.development.js:874:13)
      at commitHookEffectListMount (node_modules/.pnpm/react-dom@19.2.0_react@19.2.0/node_modules/react-dom/cjs/react-dom-client.development.js:13249:29)
      at commitHookPassiveMountEffects (node_modules/.pnpm/react-dom@19.2.0_react@19.2.0/node_modules/react-dom/cjs/react-dom-client.development.js:13336:11)
      at commitPassiveMountOnFiber (node_modules/.pnpm/react-dom@19.2.0_react@19.2.0/node_modules/react-dom/cjs/react-dom-client.development.js:15484:13)
      at recursivelyTraversePassiveMountEffects (node_modules/.pnpm/react-dom@19.2.0_react@19.2.0/node_modules/react-dom/cjs/react-dom-client.development.js:15439:11)
      at commitPassiveMountOnFiber (node_modules/.pnpm/react-dom@19.2.0_react@19.2.0/node_modules/react-dom/cjs/react-dom-client.development.js:15718:11)
      at recursivelyTraversePassiveMountEffects (node_modules/.pnpm/react-dom@19.2.0_react@19.2.0/node_modules/react-dom/cjs/react-dom-client.development.js:15439:11)
      at commitPassiveMountOnFiber (node_modules/.pnpm/react-dom@19.2.0_react@19.2.0/node_modules/react-dom/cjs/react-dom-client.development.js:15476:11)
      at recursivelyTraversePassiveMountEffects (node_modules/.pnpm/react-dom@19.2.0_react@19.2.0/node_modules/react-dom/cjs/react-dom-client.development.js:15439:11)
      at commitPassiveMountOnFiber (node_modules/.pnpm/react-dom@19.2.0_react@19.2.0/node_modules/react-dom/cjs/react-dom-client.development.js:15476:11)
      at recursivelyTraversePassiveMountEffects (node_modules/.pnpm/react-dom@19.2.0_react@19.2.0/node_modules/react-dom/cjs/react-dom-client.development.js:15439:11)
      at commitPassiveMountOnFiber (node_modules/.pnpm/react-dom@19.2.0_react@19.2.0/node_modules/react-dom/cjs/react-dom-client.development.js:15476:11)
      at recursivelyTraversePassiveMountEffects (node_modules/.pnpm/react-dom@19.2.0_react@19.2.0/node_modules/react-dom/cjs/react-dom-client.development.js:15439:11)
      at commitPassiveMountOnFiber (node_modules/.pnpm/react-dom@19.2.0_react@19.2.0/node_modules/react-dom/cjs/react-dom-client.development.js:15476:11)
      at recursivelyTraversePassiveMountEffects (node_modules/.pnpm/react-dom@19.2.0_react@19.2.0/node_modules/react-dom/cjs/react-dom-client.development.js:15439:11)
      at commitPassiveMountOnFiber (node_modules/.pnpm/react-dom@19.2.0_react@19.2.0/node_modules/react-dom/cjs/react-dom-client.development.js:15476:11)
      at recursivelyTraversePassiveMountEffects (node_modules/.pnpm/react-dom@19.2.0_react@19.2.0/node_modules/react-dom/cjs/react-dom-client.development.js:15439:11)
      at commitPassiveMountOnFiber (node_modules/.pnpm/react-dom@19.2.0_react@19.2.0/node_modules/react-dom/cjs/react-dom-client.development.js:15476:11)
      at recursivelyTraversePassiveMountEffects (node_modules/.pnpm/react-dom@19.2.0_react@19.2.0/node_modules/react-dom/cjs/react-dom-client.development.js:15439:11)
      at commitPassiveMountOnFiber (node_modules/.pnpm/react-dom@19.2.0_react@19.2.0/node_modules/react-dom/cjs/react-dom-client.development.js:15476:11)
      at recursivelyTraversePassiveMountEffects (node_modules/.pnpm/react-dom@19.2.0_react@19.2.0/node_modules/react-dom/cjs/react-dom-client.development.js:15439:11)
      at commitPassiveMountOnFiber (node_modules/.pnpm/react-dom@19.2.0_react@19.2.0/node_modules/react-dom/cjs/react-dom-client.development.js:15718:11)
      at recursivelyTraversePassiveMountEffects (node_modules/.pnpm/react-dom@19.2.0_react@19.2.0/node_modules/react-dom/cjs/react-dom-client.development.js:15439:11)
      at commitPassiveMountOnFiber (node_modules/.pnpm/react-dom@19.2.0_react@19.2.0/node_modules/react-dom/cjs/react-dom-client.development.js:15476:11)
      at recursivelyTraversePassiveMountEffects (node_modules/.pnpm/react-dom@19.2.0_react@19.2.0/node_modules/react-dom/cjs/react-dom-client.development.js:15439:11)
      at commitPassiveMountOnFiber (node_modules/.pnpm/react-dom@19.2.0_react@19.2.0/node_modules/react-dom/cjs/react-dom-client.development.js:15476:11)
      at recursivelyTraversePassiveMountEffects (node_modules/.pnpm/react-dom@19.2.0_react@19.2.0/node_modules/react-dom/cjs/react-dom-client.development.js:15439:11)
      at commitPassiveMountOnFiber (node_modules/.pnpm/react-dom@19.2.0_react@19.2.0/node_modules/react-dom/cjs/react-dom-client.development.js:15718:11)
      at recursivelyTraversePassiveMountEffects (node_modules/.pnpm/react-dom@19.2.0_react@19.2.0/node_modules/react-dom/cjs/react-dom-client.development.js:15439:11)
      at commitPassiveMountOnFiber (node_modules/.pnpm/react-dom@19.2.0_react@19.2.0/node_modules/react-dom/cjs/react-dom-client.development.js:15476:11)
      at recursivelyTraversePassiveMountEffects (node_modules/.pnpm/react-dom@19.2.0_react@19.2.0/node_modules/react-dom/cjs/react-dom-client.development.js:15439:11)
      at commitPassiveMountOnFiber (node_modules/.pnpm/react-dom@19.2.0_react@19.2.0/node_modules/react-dom/cjs/react-dom-client.development.js:15476:11)
      at recursivelyTraversePassiveMountEffects (node_modules/.pnpm/react-dom@19.2.0_react@19.2.0/node_modules/react-dom/cjs/react-dom-client.development.js:15439:11)
      at commitPassiveMountOnFiber (node_modules/.pnpm/react-dom@19.2.0_react@19.2.0/node_modules/react-dom/cjs/react-dom-client.development.js:15476:11)
      at recursivelyTraversePassiveMountEffects (node_modules/.pnpm/react-dom@19.2.0_react@19.2.0/node_modules/react-dom/cjs/react-dom-client.development.js:15439:11)
      at commitPassiveMountOnFiber (node_modules/.pnpm/react-dom@19.2.0_react@19.2.0/node_modules/react-dom/cjs/react-dom-client.development.js:15718:11)
      at recursivelyTraversePassiveMountEffects (node_modules/.pnpm/react-dom@19.2.0_react@19.2.0/node_modules/react-dom/cjs/react-dom-client.development.js:15439:11)
      at commitPassiveMountOnFiber (node_modules/.pnpm/react-dom@19.2.0_react@19.2.0/node_modules/react-dom/cjs/react-dom-client.development.js:15476:11)
      at recursivelyTraversePassiveMountEffects (node_modules/.pnpm/react-dom@19.2.0_react@19.2.0/node_modules/react-dom/cjs/react-dom-client.development.js:15439:11)
      at commitPassiveMountOnFiber (node_modules/.pnpm/react-dom@19.2.0_react@19.2.0/node_modules/react-dom/cjs/react-dom-client.development.js:15476:11)
      at recursivelyTraversePassiveMountEffects (node_modules/.pnpm/react-dom@19.2.0_react@19.2.0/node_modules/react-dom/cjs/react-dom-client.development.js:15439:11)
      at commitPassiveMountOnFiber (node_modules/.pnpm/react-dom@19.2.0_react@19.2.0/node_modules/react-dom/cjs/react-dom-client.development.js:15476:11)
      at recursivelyTraversePassiveMountEffects (node_modules/.pnpm/react-dom@19.2.0_react@19.2.0/node_modules/react-dom/cjs/react-dom-client.development.js:15439:11)
      at commitPassiveMountOnFiber (node_modules/.pnpm/react-dom@19.2.0_react@19.2.0/node_modules/react-dom/cjs/react-dom-client.development.js:15476:11)
      at recursivelyTraversePassiveMountEffects (node_modules/.pnpm/react-dom@19.2.0_react@19.2.0/node_modules/react-dom/cjs/react-dom-client.development.js:15439:11)
      at commitPassiveMountOnFiber (node_modules/.pnpm/react-dom@19.2.0_react@19.2.0/node_modules/react-dom/cjs/react-dom-client.development.js:15519:11)
      at flushPassiveEffects (node_modules/.pnpm/react-dom@19.2.0_react@19.2.0/node_modules/react-dom/cjs/react-dom-client.development.js:18432:9)
      at flushPendingEffects (node_modules/.pnpm/react-dom@19.2.0_react@19.2.0/node_modules/react-dom/cjs/react-dom-client.development.js:18358:14)
      at flushSpawnedWork (node_modules/.pnpm/react-dom@19.2.0_react@19.2.0/node_modules/react-dom/cjs/react-dom-client.development.js:18323:44)
      at commitRoot (node_modules/.pnpm/react-dom@19.2.0_react@19.2.0/node_modules/react-dom/cjs/react-dom-client.development.js:17955:9)
      at performWorkOnRoot (node_modules/.pnpm/react-dom@19.2.0_react@19.2.0/node_modules/react-dom/cjs/react-dom-client.development.js:16667:15)
      at performSyncWorkOnRoot (node_modules/.pnpm/react-dom@19.2.0_react@19.2.0/node_modules/react-dom/cjs/react-dom-client.development.js:18972:7)
      at flushSyncWorkAcrossRoots_impl (node_modules/.pnpm/react-dom@19.2.0_react@19.2.0/node_modules/react-dom/cjs/react-dom-client.development.js:18814:21)
      at flushSpawnedWork (node_modules/.pnpm/react-dom@19.2.0_react@19.2.0/node_modules/react-dom/cjs/react-dom-client.development.js:18334:9)
      at commitRoot (node_modules/.pnpm/react-dom@19.2.0_react@19.2.0/node_modules/react-dom/cjs/react-dom-client.development.js:17955:9)
      at performWorkOnRoot (node_modules/.pnpm/react-dom@19.2.0_react@19.2.0/node_modules/react-dom/cjs/react-dom-client.development.js:16667:15)
      at performWorkOnRootViaSchedulerTask (node_modules/.pnpm/react-dom@19.2.0_react@19.2.0/node_modules/react-dom/cjs/react-dom-client.development.js:18957:7)
      at flushActQueue (node_modules/.pnpm/react@19.2.0/node_modules/react/cjs/react.development.js:590:34)
      at process.env.NODE_ENV.exports.act (node_modules/.pnpm/react@19.2.0/node_modules/react/cjs/react.development.js:884:10)
      at node_modules/.pnpm/@testing-library+react@16.3_15d474de7481bb0af842c1b1705139a8/node_modules/@testing-library/react/dist/act-compat.js:47:25
      at renderRoot (node_modules/.pnpm/@testing-library+react@16.3_15d474de7481bb0af842c1b1705139a8/node_modules/@testing-library/react/dist/pure.js:190:26)
      at render (node_modules/.pnpm/@testing-library+react@16.3_15d474de7481bb0af842c1b1705139a8/node_modules/@testing-library/react/dist/pure.js:292:10)
      at Object.<anonymous> (src/__tests__/components/ExportChatModal.test.tsx:431:13)

    console.error
      `DialogContent` requires a `DialogTitle` for the component to be accessible for screen reader users.
      
      If you want to hide the `DialogTitle`, you can wrap it with our VisuallyHidden component.
      
      For more information, see https://radix-ui.com/primitives/docs/components/dialog

    [0m [90m 373 |[39m       [36mreturn[39m[33m;[39m
     [90m 374 |[39m     }
    [31m[1m>[22m[39m[90m 375 |[39m     originalError[33m.[39mcall(console[33m,[39m [33m...[39margs)[33m;[39m
     [90m     |[39m                   [31m[1m^[22m[39m
     [90m 376 |[39m   }[33m;[39m
     [90m 377 |[39m })[33m;[39m
     [90m 378 |[39m[0m

      at console.call [as error] (jest.setup.js:375:19)
      at node_modules/.pnpm/@radix-ui+react-dialog@1.1._664b8f23a65f4708bb5cf27e5ff43c08/node_modules/@radix-ui/react-dialog/src/dialog.tsx:520:30
      at Object.react_stack_bottom_frame (node_modules/.pnpm/react-dom@19.2.0_react@19.2.0/node_modules/react-dom/cjs/react-dom-client.development.js:25989:20)
      at runWithFiberInDEV (node_modules/.pnpm/react-dom@19.2.0_react@19.2.0/node_modules/react-dom/cjs/react-dom-client.development.js:874:13)
      at commitHookEffectListMount (node_modules/.pnpm/react-dom@19.2.0_react@19.2.0/node_modules/react-dom/cjs/react-dom-client.development.js:13249:29)
      at commitHookPassiveMountEffects (node_modules/.pnpm/react-dom@19.2.0_react@19.2.0/node_modules/react-dom/cjs/react-dom-client.development.js:13336:11)
      at commitPassiveMountOnFiber (node_modules/.pnpm/react-dom@19.2.0_react@19.2.0/node_modules/react-dom/cjs/react-dom-client.development.js:15484:13)
      at recursivelyTraversePassiveMountEffects (node_modules/.pnpm/react-dom@19.2.0_react@19.2.0/node_modules/react-dom/cjs/react-dom-client.development.js:15439:11)
      at commitPassiveMountOnFiber (node_modules/.pnpm/react-dom@19.2.0_react@19.2.0/node_modules/react-dom/cjs/react-dom-client.development.js:15718:11)
      at recursivelyTraversePassiveMountEffects (node_modules/.pnpm/react-dom@19.2.0_react@19.2.0/node_modules/react-dom/cjs/react-dom-client.development.js:15439:11)
      at commitPassiveMountOnFiber (node_modules/.pnpm/react-dom@19.2.0_react@19.2.0/node_modules/react-dom/cjs/react-dom-client.development.js:15476:11)
      at recursivelyTraversePassiveMountEffects (node_modules/.pnpm/react-dom@19.2.0_react@19.2.0/node_modules/react-dom/cjs/react-dom-client.development.js:15439:11)
      at commitPassiveMountOnFiber (node_modules/.pnpm/react-dom@19.2.0_react@19.2.0/node_modules/react-dom/cjs/react-dom-client.development.js:15476:11)
      at recursivelyTraversePassiveMountEffects (node_modules/.pnpm/react-dom@19.2.0_react@19.2.0/node_modules/react-dom/cjs/react-dom-client.development.js:15439:11)
      at commitPassiveMountOnFiber (node_modules/.pnpm/react-dom@19.2.0_react@19.2.0/node_modules/react-dom/cjs/react-dom-client.development.js:15476:11)
      at recursivelyTraversePassiveMountEffects (node_modules/.pnpm/react-dom@19.2.0_react@19.2.0/node_modules/react-dom/cjs/react-dom-client.development.js:15439:11)
      at commitPassiveMountOnFiber (node_modules/.pnpm/react-dom@19.2.0_react@19.2.0/node_modules/react-dom/cjs/react-dom-client.development.js:15476:11)
      at recursivelyTraversePassiveMountEffects (node_modules/.pnpm/react-dom@19.2.0_react@19.2.0/node_modules/react-dom/cjs/react-dom-client.development.js:15439:11)
      at commitPassiveMountOnFiber (node_modules/.pnpm/react-dom@19.2.0_react@19.2.0/node_modules/react-dom/cjs/react-dom-client.development.js:15476:11)
      at recursivelyTraversePassiveMountEffects (node_modules/.pnpm/react-dom@19.2.0_react@19.2.0/node_modules/react-dom/cjs/react-dom-client.development.js:15439:11)
      at commitPassiveMountOnFiber (node_modules/.pnpm/react-dom@19.2.0_react@19.2.0/node_modules/react-dom/cjs/react-dom-client.development.js:15476:11)
      at recursivelyTraversePassiveMountEffects (node_modules/.pnpm/react-dom@19.2.0_react@19.2.0/node_modules/react-dom/cjs/react-dom-client.development.js:15439:11)
      at commitPassiveMountOnFiber (node_modules/.pnpm/react-dom@19.2.0_react@19.2.0/node_modules/react-dom/cjs/react-dom-client.development.js:15476:11)
      at recursivelyTraversePassiveMountEffects (node_modules/.pnpm/react-dom@19.2.0_react@19.2.0/node_modules/react-dom/cjs/react-dom-client.development.js:15439:11)
      at commitPassiveMountOnFiber (node_modules/.pnpm/react-dom@19.2.0_react@19.2.0/node_modules/react-dom/cjs/react-dom-client.development.js:15718:11)
      at recursivelyTraversePassiveMountEffects (node_modules/.pnpm/react-dom@19.2.0_react@19.2.0/node_modules/react-dom/cjs/react-dom-client.development.js:15439:11)
      at commitPassiveMountOnFiber (node_modules/.pnpm/react-dom@19.2.0_react@19.2.0/node_modules/react-dom/cjs/react-dom-client.development.js:15476:11)
      at recursivelyTraversePassiveMountEffects (node_modules/.pnpm/react-dom@19.2.0_react@19.2.0/node_modules/react-dom/cjs/react-dom-client.development.js:15439:11)
      at commitPassiveMountOnFiber (node_modules/.pnpm/react-dom@19.2.0_react@19.2.0/node_modules/react-dom/cjs/react-dom-client.development.js:15476:11)
      at recursivelyTraversePassiveMountEffects (node_modules/.pnpm/react-dom@19.2.0_react@19.2.0/node_modules/react-dom/cjs/react-dom-client.development.js:15439:11)
      at commitPassiveMountOnFiber (node_modules/.pnpm/react-dom@19.2.0_react@19.2.0/node_modules/react-dom/cjs/react-dom-client.development.js:15718:11)
      at recursivelyTraversePassiveMountEffects (node_modules/.pnpm/react-dom@19.2.0_react@19.2.0/node_modules/react-dom/cjs/react-dom-client.development.js:15439:11)
      at commitPassiveMountOnFiber (node_modules/.pnpm/react-dom@19.2.0_react@19.2.0/node_modules/react-dom/cjs/react-dom-client.development.js:15476:11)
      at recursivelyTraversePassiveMountEffects (node_modules/.pnpm/react-dom@19.2.0_react@19.2.0/node_modules/react-dom/cjs/react-dom-client.development.js:15439:11)
      at commitPassiveMountOnFiber (node_modules/.pnpm/react-dom@19.2.0_react@19.2.0/node_modules/react-dom/cjs/react-dom-client.development.js:15476:11)
      at recursivelyTraversePassiveMountEffects (node_modules/.pnpm/react-dom@19.2.0_react@19.2.0/node_modules/react-dom/cjs/react-dom-client.development.js:15439:11)
      at commitPassiveMountOnFiber (node_modules/.pnpm/react-dom@19.2.0_react@19.2.0/node_modules/react-dom/cjs/react-dom-client.development.js:15476:11)
      at recursivelyTraversePassiveMountEffects (node_modules/.pnpm/react-dom@19.2.0_react@19.2.0/node_modules/react-dom/cjs/react-dom-client.development.js:15439:11)
      at commitPassiveMountOnFiber (node_modules/.pnpm/react-dom@19.2.0_react@19.2.0/node_modules/react-dom/cjs/react-dom-client.development.js:15718:11)
      at recursivelyTraversePassiveMountEffects (node_modules/.pnpm/react-dom@19.2.0_react@19.2.0/node_modules/react-dom/cjs/react-dom-client.development.js:15439:11)
      at commitPassiveMountOnFiber (node_modules/.pnpm/react-dom@19.2.0_react@19.2.0/node_modules/react-dom/cjs/react-dom-client.development.js:15476:11)
      at recursivelyTraversePassiveMountEffects (node_modules/.pnpm/react-dom@19.2.0_react@19.2.0/node_modules/react-dom/cjs/react-dom-client.development.js:15439:11)
      at commitPassiveMountOnFiber (node_modules/.pnpm/react-dom@19.2.0_react@19.2.0/node_modules/react-dom/cjs/react-dom-client.development.js:15476:11)
      at recursivelyTraversePassiveMountEffects (node_modules/.pnpm/react-dom@19.2.0_react@19.2.0/node_modules/react-dom/cjs/react-dom-client.development.js:15439:11)
      at commitPassiveMountOnFiber (node_modules/.pnpm/react-dom@19.2.0_react@19.2.0/node_modules/react-dom/cjs/react-dom-client.development.js:15476:11)
      at recursivelyTraversePassiveMountEffects (node_modules/.pnpm/react-dom@19.2.0_react@19.2.0/node_modules/react-dom/cjs/react-dom-client.development.js:15439:11)
      at commitPassiveMountOnFiber (node_modules/.pnpm/react-dom@19.2.0_react@19.2.0/node_modules/react-dom/cjs/react-dom-client.development.js:15476:11)
      at recursivelyTraversePassiveMountEffects (node_modules/.pnpm/react-dom@19.2.0_react@19.2.0/node_modules/react-dom/cjs/react-dom-client.development.js:15439:11)
      at commitPassiveMountOnFiber (node_modules/.pnpm/react-dom@19.2.0_react@19.2.0/node_modules/react-dom/cjs/react-dom-client.development.js:15519:11)
      at flushPassiveEffects (node_modules/.pnpm/react-dom@19.2.0_react@19.2.0/node_modules/react-dom/cjs/react-dom-client.development.js:18432:9)
      at flushPendingEffects (node_modules/.pnpm/react-dom@19.2.0_react@19.2.0/node_modules/react-dom/cjs/react-dom-client.development.js:18358:14)
      at flushSpawnedWork (node_modules/.pnpm/react-dom@19.2.0_react@19.2.0/node_modules/react-dom/cjs/react-dom-client.development.js:18323:44)
      at commitRoot (node_modules/.pnpm/react-dom@19.2.0_react@19.2.0/node_modules/react-dom/cjs/react-dom-client.development.js:17955:9)
      at performWorkOnRoot (node_modules/.pnpm/react-dom@19.2.0_react@19.2.0/node_modules/react-dom/cjs/react-dom-client.development.js:16667:15)
      at performSyncWorkOnRoot (node_modules/.pnpm/react-dom@19.2.0_react@19.2.0/node_modules/react-dom/cjs/react-dom-client.development.js:18972:7)
      at flushSyncWorkAcrossRoots_impl (node_modules/.pnpm/react-dom@19.2.0_react@19.2.0/node_modules/react-dom/cjs/react-dom-client.development.js:18814:21)
      at flushSpawnedWork (node_modules/.pnpm/react-dom@19.2.0_react@19.2.0/node_modules/react-dom/cjs/react-dom-client.development.js:18334:9)
      at commitRoot (node_modules/.pnpm/react-dom@19.2.0_react@19.2.0/node_modules/react-dom/cjs/react-dom-client.development.js:17955:9)
      at performWorkOnRoot (node_modules/.pnpm/react-dom@19.2.0_react@19.2.0/node_modules/react-dom/cjs/react-dom-client.development.js:16667:15)
      at performWorkOnRootViaSchedulerTask (node_modules/.pnpm/react-dom@19.2.0_react@19.2.0/node_modules/react-dom/cjs/react-dom-client.development.js:18957:7)
      at flushActQueue (node_modules/.pnpm/react@19.2.0/node_modules/react/cjs/react.development.js:590:34)
      at process.env.NODE_ENV.exports.act (node_modules/.pnpm/react@19.2.0/node_modules/react/cjs/react.development.js:884:10)
      at node_modules/.pnpm/@testing-library+react@16.3_15d474de7481bb0af842c1b1705139a8/node_modules/@testing-library/react/dist/act-compat.js:47:25
      at renderRoot (node_modules/.pnpm/@testing-library+react@16.3_15d474de7481bb0af842c1b1705139a8/node_modules/@testing-library/react/dist/pure.js:190:26)
      at render (node_modules/.pnpm/@testing-library+react@16.3_15d474de7481bb0af842c1b1705139a8/node_modules/@testing-library/react/dist/pure.js:292:10)
      at Object.<anonymous> (src/__tests__/components/ExportChatModal.test.tsx:444:13)

    console.warn
      Warning: Missing `Description` or `aria-describedby={undefined}` for {DialogContent}.

    [0m [90m 442 |[39m       )[33m;[39m
     [90m 443 |[39m
    [31m[1m>[22m[39m[90m 444 |[39m       render([33m<[39m[33mExportChatModal[39m {[33m...[39mdefaultProps} [33m/[39m[33m>[39m)[33m;[39m
     [90m     |[39m             [31m[1m^[22m[39m
     [90m 445 |[39m
     [90m 446 |[39m       [36mconst[39m exportButton [33m=[39m screen[33m.[39mgetByRole([32m'button'[39m[33m,[39m { name[33m:[39m [35m/esporta/i[39m })[33m;[39m
     [90m 447 |[39m       fireEvent[33m.[39mclick(exportButton)[33m;[39m[0m

      at node_modules/.pnpm/@radix-ui+react-dialog@1.1._664b8f23a65f4708bb5cf27e5ff43c08/node_modules/@radix-ui/react-dialog/src/dialog.tsx:543:36
      at Object.react_stack_bottom_frame (node_modules/.pnpm/react-dom@19.2.0_react@19.2.0/node_modules/react-dom/cjs/react-dom-client.development.js:25989:20)
      at runWithFiberInDEV (node_modules/.pnpm/react-dom@19.2.0_react@19.2.0/node_modules/react-dom/cjs/react-dom-client.development.js:874:13)
      at commitHookEffectListMount (node_modules/.pnpm/react-dom@19.2.0_react@19.2.0/node_modules/react-dom/cjs/react-dom-client.development.js:13249:29)
      at commitHookPassiveMountEffects (node_modules/.pnpm/react-dom@19.2.0_react@19.2.0/node_modules/react-dom/cjs/react-dom-client.development.js:13336:11)
      at commitPassiveMountOnFiber (node_modules/.pnpm/react-dom@19.2.0_react@19.2.0/node_modules/react-dom/cjs/react-dom-client.development.js:15484:13)
      at recursivelyTraversePassiveMountEffects (node_modules/.pnpm/react-dom@19.2.0_react@19.2.0/node_modules/react-dom/cjs/react-dom-client.development.js:15439:11)
      at commitPassiveMountOnFiber (node_modules/.pnpm/react-dom@19.2.0_react@19.2.0/node_modules/react-dom/cjs/react-dom-client.development.js:15718:11)
      at recursivelyTraversePassiveMountEffects (node_modules/.pnpm/react-dom@19.2.0_react@19.2.0/node_modules/react-dom/cjs/react-dom-client.development.js:15439:11)
      at commitPassiveMountOnFiber (node_modules/.pnpm/react-dom@19.2.0_react@19.2.0/node_modules/react-dom/cjs/react-dom-client.development.js:15476:11)
      at recursivelyTraversePassiveMountEffects (node_modules/.pnpm/react-dom@19.2.0_react@19.2.0/node_modules/react-dom/cjs/react-dom-client.development.js:15439:11)
      at commitPassiveMountOnFiber (node_modules/.pnpm/react-dom@19.2.0_react@19.2.0/node_modules/react-dom/cjs/react-dom-client.development.js:15476:11)
      at recursivelyTraversePassiveMountEffects (node_modules/.pnpm/react-dom@19.2.0_react@19.2.0/node_modules/react-dom/cjs/react-dom-client.development.js:15439:11)
      at commitPassiveMountOnFiber (node_modules/.pnpm/react-dom@19.2.0_react@19.2.0/node_modules/react-dom/cjs/react-dom-client.development.js:15476:11)
      at recursivelyTraversePassiveMountEffects (node_modules/.pnpm/react-dom@19.2.0_react@19.2.0/node_modules/react-dom/cjs/react-dom-client.development.js:15439:11)
      at commitPassiveMountOnFiber (node_modules/.pnpm/react-dom@19.2.0_react@19.2.0/node_modules/react-dom/cjs/react-dom-client.development.js:15476:11)
      at recursivelyTraversePassiveMountEffects (node_modules/.pnpm/react-dom@19.2.0_react@19.2.0/node_modules/react-dom/cjs/react-dom-client.development.js:15439:11)
      at commitPassiveMountOnFiber (node_modules/.pnpm/react-dom@19.2.0_react@19.2.0/node_modules/react-dom/cjs/react-dom-client.development.js:15476:11)
      at recursivelyTraversePassiveMountEffects (node_modules/.pnpm/react-dom@19.2.0_react@19.2.0/node_modules/react-dom/cjs/react-dom-client.development.js:15439:11)
      at commitPassiveMountOnFiber (node_modules/.pnpm/react-dom@19.2.0_react@19.2.0/node_modules/react-dom/cjs/react-dom-client.development.js:15476:11)
      at recursivelyTraversePassiveMountEffects (node_modules/.pnpm/react-dom@19.2.0_react@19.2.0/node_modules/react-dom/cjs/react-dom-client.development.js:15439:11)
      at commitPassiveMountOnFiber (node_modules/.pnpm/react-dom@19.2.0_react@19.2.0/node_modules/react-dom/cjs/react-dom-client.development.js:15476:11)
      at recursivelyTraversePassiveMountEffects (node_modules/.pnpm/react-dom@19.2.0_react@19.2.0/node_modules/react-dom/cjs/react-dom-client.development.js:15439:11)
      at commitPassiveMountOnFiber (node_modules/.pnpm/react-dom@19.2.0_react@19.2.0/node_modules/react-dom/cjs/react-dom-client.development.js:15718:11)
      at recursivelyTraversePassiveMountEffects (node_modules/.pnpm/react-dom@19.2.0_react@19.2.0/node_modules/react-dom/cjs/react-dom-client.development.js:15439:11)
      at commitPassiveMountOnFiber (node_modules/.pnpm/react-dom@19.2.0_react@19.2.0/node_modules/react-dom/cjs/react-dom-client.development.js:15476:11)
      at recursivelyTraversePassiveMountEffects (node_modules/.pnpm/react-dom@19.2.0_react@19.2.0/node_modules/react-dom/cjs/react-dom-client.development.js:15439:11)
      at commitPassiveMountOnFiber (node_modules/.pnpm/react-dom@19.2.0_react@19.2.0/node_modules/react-dom/cjs/react-dom-client.development.js:15476:11)
      at recursivelyTraversePassiveMountEffects (node_modules/.pnpm/react-dom@19.2.0_react@19.2.0/node_modules/react-dom/cjs/react-dom-client.development.js:15439:11)
      at commitPassiveMountOnFiber (node_modules/.pnpm/react-dom@19.2.0_react@19.2.0/node_modules/react-dom/cjs/react-dom-client.development.js:15718:11)
      at recursivelyTraversePassiveMountEffects (node_modules/.pnpm/react-dom@19.2.0_react@19.2.0/node_modules/react-dom/cjs/react-dom-client.development.js:15439:11)
      at commitPassiveMountOnFiber (node_modules/.pnpm/react-dom@19.2.0_react@19.2.0/node_modules/react-dom/cjs/react-dom-client.development.js:15476:11)
      at recursivelyTraversePassiveMountEffects (node_modules/.pnpm/react-dom@19.2.0_react@19.2.0/node_modules/react-dom/cjs/react-dom-client.development.js:15439:11)
      at commitPassiveMountOnFiber (node_modules/.pnpm/react-dom@19.2.0_react@19.2.0/node_modules/react-dom/cjs/react-dom-client.development.js:15476:11)
      at recursivelyTraversePassiveMountEffects (node_modules/.pnpm/react-dom@19.2.0_react@19.2.0/node_modules/react-dom/cjs/react-dom-client.development.js:15439:11)
      at commitPassiveMountOnFiber (node_modules/.pnpm/react-dom@19.2.0_react@19.2.0/node_modules/react-dom/cjs/react-dom-client.development.js:15476:11)
      at recursivelyTraversePassiveMountEffects (node_modules/.pnpm/react-dom@19.2.0_react@19.2.0/node_modules/react-dom/cjs/react-dom-client.development.js:15439:11)
      at commitPassiveMountOnFiber (node_modules/.pnpm/react-dom@19.2.0_react@19.2.0/node_modules/react-dom/cjs/react-dom-client.development.js:15718:11)
      at recursivelyTraversePassiveMountEffects (node_modules/.pnpm/react-dom@19.2.0_react@19.2.0/node_modules/react-dom/cjs/react-dom-client.development.js:15439:11)
      at commitPassiveMountOnFiber (node_modules/.pnpm/react-dom@19.2.0_react@19.2.0/node_modules/react-dom/cjs/react-dom-client.development.js:15476:11)
      at recursivelyTraversePassiveMountEffects (node_modules/.pnpm/react-dom@19.2.0_react@19.2.0/node_modules/react-dom/cjs/react-dom-client.development.js:15439:11)
      at commitPassiveMountOnFiber (node_modules/.pnpm/react-dom@19.2.0_react@19.2.0/node_modules/react-dom/cjs/react-dom-client.development.js:15476:11)
      at recursivelyTraversePassiveMountEffects (node_modules/.pnpm/react-dom@19.2.0_react@19.2.0/node_modules/react-dom/cjs/react-dom-client.development.js:15439:11)
      at commitPassiveMountOnFiber (node_modules/.pnpm/react-dom@19.2.0_react@19.2.0/node_modules/react-dom/cjs/react-dom-client.development.js:15476:11)
      at recursivelyTraversePassiveMountEffects (node_modules/.pnpm/react-dom@19.2.0_react@19.2.0/node_modules/react-dom/cjs/react-dom-client.development.js:15439:11)
      at commitPassiveMountOnFiber (node_modules/.pnpm/react-dom@19.2.0_react@19.2.0/node_modules/react-dom/cjs/react-dom-client.development.js:15476:11)
      at recursivelyTraversePassiveMountEffects (node_modules/.pnpm/react-dom@19.2.0_react@19.2.0/node_modules/react-dom/cjs/react-dom-client.development.js:15439:11)
      at commitPassiveMountOnFiber (node_modules/.pnpm/react-dom@19.2.0_react@19.2.0/node_modules/react-dom/cjs/react-dom-client.development.js:15519:11)
      at flushPassiveEffects (node_modules/.pnpm/react-dom@19.2.0_react@19.2.0/node_modules/react-dom/cjs/react-dom-client.development.js:18432:9)
      at flushPendingEffects (node_modules/.pnpm/react-dom@19.2.0_react@19.2.0/node_modules/react-dom/cjs/react-dom-client.development.js:18358:14)
      at flushSpawnedWork (node_modules/.pnpm/react-dom@19.2.0_react@19.2.0/node_modules/react-dom/cjs/react-dom-client.development.js:18323:44)
      at commitRoot (node_modules/.pnpm/react-dom@19.2.0_react@19.2.0/node_modules/react-dom/cjs/react-dom-client.development.js:17955:9)
      at performWorkOnRoot (node_modules/.pnpm/react-dom@19.2.0_react@19.2.0/node_modules/react-dom/cjs/react-dom-client.development.js:16667:15)
      at performSyncWorkOnRoot (node_modules/.pnpm/react-dom@19.2.0_react@19.2.0/node_modules/react-dom/cjs/react-dom-client.development.js:18972:7)
      at flushSyncWorkAcrossRoots_impl (node_modules/.pnpm/react-dom@19.2.0_react@19.2.0/node_modules/react-dom/cjs/react-dom-client.development.js:18814:21)
      at flushSpawnedWork (node_modules/.pnpm/react-dom@19.2.0_react@19.2.0/node_modules/react-dom/cjs/react-dom-client.development.js:18334:9)
      at commitRoot (node_modules/.pnpm/react-dom@19.2.0_react@19.2.0/node_modules/react-dom/cjs/react-dom-client.development.js:17955:9)
      at performWorkOnRoot (node_modules/.pnpm/react-dom@19.2.0_react@19.2.0/node_modules/react-dom/cjs/react-dom-client.development.js:16667:15)
      at performWorkOnRootViaSchedulerTask (node_modules/.pnpm/react-dom@19.2.0_react@19.2.0/node_modules/react-dom/cjs/react-dom-client.development.js:18957:7)
      at flushActQueue (node_modules/.pnpm/react@19.2.0/node_modules/react/cjs/react.development.js:590:34)
      at process.env.NODE_ENV.exports.act (node_modules/.pnpm/react@19.2.0/node_modules/react/cjs/react.development.js:884:10)
      at node_modules/.pnpm/@testing-library+react@16.3_15d474de7481bb0af842c1b1705139a8/node_modules/@testing-library/react/dist/act-compat.js:47:25
      at renderRoot (node_modules/.pnpm/@testing-library+react@16.3_15d474de7481bb0af842c1b1705139a8/node_modules/@testing-library/react/dist/pure.js:190:26)
      at render (node_modules/.pnpm/@testing-library+react@16.3_15d474de7481bb0af842c1b1705139a8/node_modules/@testing-library/react/dist/pure.js:292:10)
      at Object.<anonymous> (src/__tests__/components/ExportChatModal.test.tsx:444:13)

    console.error
      `DialogContent` requires a `DialogTitle` for the component to be accessible for screen reader users.
      
      If you want to hide the `DialogTitle`, you can wrap it with our VisuallyHidden component.
      
      For more information, see https://radix-ui.com/primitives/docs/components/dialog

    [0m [90m 373 |[39m       [36mreturn[39m[33m;[39m
     [90m 374 |[39m     }
    [31m[1m>[22m[39m[90m 375 |[39m     originalError[33m.[39mcall(console[33m,[39m [33m...[39margs)[33m;[39m
     [90m     |[39m                   [31m[1m^[22m[39m
     [90m 376 |[39m   }[33m;[39m
     [90m 377 |[39m })[33m;[39m
     [90m 378 |[39m[0m

      at console.call [as error] (jest.setup.js:375:19)
      at node_modules/.pnpm/@radix-ui+react-dialog@1.1._664b8f23a65f4708bb5cf27e5ff43c08/node_modules/@radix-ui/react-dialog/src/dialog.tsx:520:30
      at Object.react_stack_bottom_frame (node_modules/.pnpm/react-dom@19.2.0_react@19.2.0/node_modules/react-dom/cjs/react-dom-client.development.js:25989:20)
      at runWithFiberInDEV (node_modules/.pnpm/react-dom@19.2.0_react@19.2.0/node_modules/react-dom/cjs/react-dom-client.development.js:874:13)
      at commitHookEffectListMount (node_modules/.pnpm/react-dom@19.2.0_react@19.2.0/node_modules/react-dom/cjs/react-dom-client.development.js:13249:29)
      at commitHookPassiveMountEffects (node_modules/.pnpm/react-dom@19.2.0_react@19.2.0/node_modules/react-dom/cjs/react-dom-client.development.js:13336:11)
      at commitPassiveMountOnFiber (node_modules/.pnpm/react-dom@19.2.0_react@19.2.0/node_modules/react-dom/cjs/react-dom-client.development.js:15484:13)
      at recursivelyTraversePassiveMountEffects (node_modules/.pnpm/react-dom@19.2.0_react@19.2.0/node_modules/react-dom/cjs/react-dom-client.development.js:15439:11)
      at commitPassiveMountOnFiber (node_modules/.pnpm/react-dom@19.2.0_react@19.2.0/node_modules/react-dom/cjs/react-dom-client.development.js:15718:11)
      at recursivelyTraversePassiveMountEffects (node_modules/.pnpm/react-dom@19.2.0_react@19.2.0/node_modules/react-dom/cjs/react-dom-client.development.js:15439:11)
      at commitPassiveMountOnFiber (node_modules/.pnpm/react-dom@19.2.0_react@19.2.0/node_modules/react-dom/cjs/react-dom-client.development.js:15476:11)
      at recursivelyTraversePassiveMountEffects (node_modules/.pnpm/react-dom@19.2.0_react@19.2.0/node_modules/react-dom/cjs/react-dom-client.development.js:15439:11)
      at commitPassiveMountOnFiber (node_modules/.pnpm/react-dom@19.2.0_react@19.2.0/node_modules/react-dom/cjs/react-dom-client.development.js:15476:11)
      at recursivelyTraversePassiveMountEffects (node_modules/.pnpm/react-dom@19.2.0_react@19.2.0/node_modules/react-dom/cjs/react-dom-client.development.js:15439:11)
      at commitPassiveMountOnFiber (node_modules/.pnpm/react-dom@19.2.0_react@19.2.0/node_modules/react-dom/cjs/react-dom-client.development.js:15476:11)
      at recursivelyTraversePassiveMountEffects (node_modules/.pnpm/react-dom@19.2.0_react@19.2.0/node_modules/react-dom/cjs/react-dom-client.development.js:15439:11)
      at commitPassiveMountOnFiber (node_modules/.pnpm/react-dom@19.2.0_react@19.2.0/node_modules/react-dom/cjs/react-dom-client.development.js:15476:11)
      at recursivelyTraversePassiveMountEffects (node_modules/.pnpm/react-dom@19.2.0_react@19.2.0/node_modules/react-dom/cjs/react-dom-client.development.js:15439:11)
      at commitPassiveMountOnFiber (node_modules/.pnpm/react-dom@19.2.0_react@19.2.0/node_modules/react-dom/cjs/react-dom-client.development.js:15476:11)
      at recursivelyTraversePassiveMountEffects (node_modules/.pnpm/react-dom@19.2.0_react@19.2.0/node_modules/react-dom/cjs/react-dom-client.development.js:15439:11)
      at commitPassiveMountOnFiber (node_modules/.pnpm/react-dom@19.2.0_react@19.2.0/node_modules/react-dom/cjs/react-dom-client.development.js:15476:11)
      at recursivelyTraversePassiveMountEffects (node_modules/.pnpm/react-dom@19.2.0_react@19.2.0/node_modules/react-dom/cjs/react-dom-client.development.js:15439:11)
      at commitPassiveMountOnFiber (node_modules/.pnpm/react-dom@19.2.0_react@19.2.0/node_modules/react-dom/cjs/react-dom-client.development.js:15476:11)
      at recursivelyTraversePassiveMountEffects (node_modules/.pnpm/react-dom@19.2.0_react@19.2.0/node_modules/react-dom/cjs/react-dom-client.development.js:15439:11)
      at commitPassiveMountOnFiber (node_modules/.pnpm/react-dom@19.2.0_react@19.2.0/node_modules/react-dom/cjs/react-dom-client.development.js:15718:11)
      at recursivelyTraversePassiveMountEffects (node_modules/.pnpm/react-dom@19.2.0_react@19.2.0/node_modules/react-dom/cjs/react-dom-client.development.js:15439:11)
      at commitPassiveMountOnFiber (node_modules/.pnpm/react-dom@19.2.0_react@19.2.0/node_modules/react-dom/cjs/react-dom-client.development.js:15476:11)
      at recursivelyTraversePassiveMountEffects (node_modules/.pnpm/react-dom@19.2.0_react@19.2.0/node_modules/react-dom/cjs/react-dom-client.development.js:15439:11)
      at commitPassiveMountOnFiber (node_modules/.pnpm/react-dom@19.2.0_react@19.2.0/node_modules/react-dom/cjs/react-dom-client.development.js:15476:11)
      at recursivelyTraversePassiveMountEffects (node_modules/.pnpm/react-dom@19.2.0_react@19.2.0/node_modules/react-dom/cjs/react-dom-client.development.js:15439:11)
      at commitPassiveMountOnFiber (node_modules/.pnpm/react-dom@19.2.0_react@19.2.0/node_modules/react-dom/cjs/react-dom-client.development.js:15718:11)
      at recursivelyTraversePassiveMountEffects (node_modules/.pnpm/react-dom@19.2.0_react@19.2.0/node_modules/react-dom/cjs/react-dom-client.development.js:15439:11)
      at commitPassiveMountOnFiber (node_modules/.pnpm/react-dom@19.2.0_react@19.2.0/node_modules/react-dom/cjs/react-dom-client.development.js:15476:11)
      at recursivelyTraversePassiveMountEffects (node_modules/.pnpm/react-dom@19.2.0_react@19.2.0/node_modules/react-dom/cjs/react-dom-client.development.js:15439:11)
      at commitPassiveMountOnFiber (node_modules/.pnpm/react-dom@19.2.0_react@19.2.0/node_modules/react-dom/cjs/react-dom-client.development.js:15476:11)
      at recursivelyTraversePassiveMountEffects (node_modules/.pnpm/react-dom@19.2.0_react@19.2.0/node_modules/react-dom/cjs/react-dom-client.development.js:15439:11)
      at commitPassiveMountOnFiber (node_modules/.pnpm/react-dom@19.2.0_react@19.2.0/node_modules/react-dom/cjs/react-dom-client.development.js:15476:11)
      at recursivelyTraversePassiveMountEffects (node_modules/.pnpm/react-dom@19.2.0_react@19.2.0/node_modules/react-dom/cjs/react-dom-client.development.js:15439:11)
      at commitPassiveMountOnFiber (node_modules/.pnpm/react-dom@19.2.0_react@19.2.0/node_modules/react-dom/cjs/react-dom-client.development.js:15718:11)
      at recursivelyTraversePassiveMountEffects (node_modules/.pnpm/react-dom@19.2.0_react@19.2.0/node_modules/react-dom/cjs/react-dom-client.development.js:15439:11)
      at commitPassiveMountOnFiber (node_modules/.pnpm/react-dom@19.2.0_react@19.2.0/node_modules/react-dom/cjs/react-dom-client.development.js:15476:11)
      at recursivelyTraversePassiveMountEffects (node_modules/.pnpm/react-dom@19.2.0_react@19.2.0/node_modules/react-dom/cjs/react-dom-client.development.js:15439:11)
      at commitPassiveMountOnFiber (node_modules/.pnpm/react-dom@19.2.0_react@19.2.0/node_modules/react-dom/cjs/react-dom-client.development.js:15476:11)
      at recursivelyTraversePassiveMountEffects (node_modules/.pnpm/react-dom@19.2.0_react@19.2.0/node_modules/react-dom/cjs/react-dom-client.development.js:15439:11)
      at commitPassiveMountOnFiber (node_modules/.pnpm/react-dom@19.2.0_react@19.2.0/node_modules/react-dom/cjs/react-dom-client.development.js:15476:11)
      at recursivelyTraversePassiveMountEffects (node_modules/.pnpm/react-dom@19.2.0_react@19.2.0/node_modules/react-dom/cjs/react-dom-client.development.js:15439:11)
      at commitPassiveMountOnFiber (node_modules/.pnpm/react-dom@19.2.0_react@19.2.0/node_modules/react-dom/cjs/react-dom-client.development.js:15476:11)
      at recursivelyTraversePassiveMountEffects (node_modules/.pnpm/react-dom@19.2.0_react@19.2.0/node_modules/react-dom/cjs/react-dom-client.development.js:15439:11)
      at commitPassiveMountOnFiber (node_modules/.pnpm/react-dom@19.2.0_react@19.2.0/node_modules/react-dom/cjs/react-dom-client.development.js:15519:11)
      at flushPassiveEffects (node_modules/.pnpm/react-dom@19.2.0_react@19.2.0/node_modules/react-dom/cjs/react-dom-client.development.js:18432:9)
      at flushPendingEffects (node_modules/.pnpm/react-dom@19.2.0_react@19.2.0/node_modules/react-dom/cjs/react-dom-client.development.js:18358:14)
      at flushSpawnedWork (node_modules/.pnpm/react-dom@19.2.0_react@19.2.0/node_modules/react-dom/cjs/react-dom-client.development.js:18323:44)
      at commitRoot (node_modules/.pnpm/react-dom@19.2.0_react@19.2.0/node_modules/react-dom/cjs/react-dom-client.development.js:17955:9)
      at performWorkOnRoot (node_modules/.pnpm/react-dom@19.2.0_react@19.2.0/node_modules/react-dom/cjs/react-dom-client.development.js:16667:15)
      at performSyncWorkOnRoot (node_modules/.pnpm/react-dom@19.2.0_react@19.2.0/node_modules/react-dom/cjs/react-dom-client.development.js:18972:7)
      at flushSyncWorkAcrossRoots_impl (node_modules/.pnpm/react-dom@19.2.0_react@19.2.0/node_modules/react-dom/cjs/react-dom-client.development.js:18814:21)
      at flushSpawnedWork (node_modules/.pnpm/react-dom@19.2.0_react@19.2.0/node_modules/react-dom/cjs/react-dom-client.development.js:18334:9)
      at commitRoot (node_modules/.pnpm/react-dom@19.2.0_react@19.2.0/node_modules/react-dom/cjs/react-dom-client.development.js:17955:9)
      at performWorkOnRoot (node_modules/.pnpm/react-dom@19.2.0_react@19.2.0/node_modules/react-dom/cjs/react-dom-client.development.js:16667:15)
      at performWorkOnRootViaSchedulerTask (node_modules/.pnpm/react-dom@19.2.0_react@19.2.0/node_modules/react-dom/cjs/react-dom-client.development.js:18957:7)
      at flushActQueue (node_modules/.pnpm/react@19.2.0/node_modules/react/cjs/react.development.js:590:34)
      at process.env.NODE_ENV.exports.act (node_modules/.pnpm/react@19.2.0/node_modules/react/cjs/react.development.js:884:10)
      at node_modules/.pnpm/@testing-library+react@16.3_15d474de7481bb0af842c1b1705139a8/node_modules/@testing-library/react/dist/act-compat.js:47:25
      at renderRoot (node_modules/.pnpm/@testing-library+react@16.3_15d474de7481bb0af842c1b1705139a8/node_modules/@testing-library/react/dist/pure.js:190:26)
      at render (node_modules/.pnpm/@testing-library+react@16.3_15d474de7481bb0af842c1b1705139a8/node_modules/@testing-library/react/dist/pure.js:292:10)
      at Object.<anonymous> (src/__tests__/components/ExportChatModal.test.tsx:456:13)

    console.warn
      Warning: Missing `Description` or `aria-describedby={undefined}` for {DialogContent}.

    [0m [90m 454 |[39m
     [90m 455 |[39m     it([32m'clears error when closing modal'[39m[33m,[39m () [33m=>[39m {
    [31m[1m>[22m[39m[90m 456 |[39m       render([33m<[39m[33mExportChatModal[39m {[33m...[39mdefaultProps} [33m/[39m[33m>[39m)[33m;[39m
     [90m     |[39m             [31m[1m^[22m[39m
     [90m 457 |[39m
     [90m 458 |[39m       [36mconst[39m dateFromInput [33m=[39m screen[33m.[39mgetByLabelText([32m'Da'[39m)[33m;[39m
     [90m 459 |[39m       [36mconst[39m dateToInput [33m=[39m screen[33m.[39mgetByLabelText([32m'A'[39m)[33m;[39m[0m

      at node_modules/.pnpm/@radix-ui+react-dialog@1.1._664b8f23a65f4708bb5cf27e5ff43c08/node_modules/@radix-ui/react-dialog/src/dialog.tsx:543:36
      at Object.react_stack_bottom_frame (node_modules/.pnpm/react-dom@19.2.0_react@19.2.0/node_modules/react-dom/cjs/react-dom-client.development.js:25989:20)
      at runWithFiberInDEV (node_modules/.pnpm/react-dom@19.2.0_react@19.2.0/node_modules/react-dom/cjs/react-dom-client.development.js:874:13)
      at commitHookEffectListMount (node_modules/.pnpm/react-dom@19.2.0_react@19.2.0/node_modules/react-dom/cjs/react-dom-client.development.js:13249:29)
      at commitHookPassiveMountEffects (node_modules/.pnpm/react-dom@19.2.0_react@19.2.0/node_modules/react-dom/cjs/react-dom-client.development.js:13336:11)
      at commitPassiveMountOnFiber (node_modules/.pnpm/react-dom@19.2.0_react@19.2.0/node_modules/react-dom/cjs/react-dom-client.development.js:15484:13)
      at recursivelyTraversePassiveMountEffects (node_modules/.pnpm/react-dom@19.2.0_react@19.2.0/node_modules/react-dom/cjs/react-dom-client.development.js:15439:11)
      at commitPassiveMountOnFiber (node_modules/.pnpm/react-dom@19.2.0_react@19.2.0/node_modules/react-dom/cjs/react-dom-client.development.js:15718:11)
      at recursivelyTraversePassiveMountEffects (node_modules/.pnpm/react-dom@19.2.0_react@19.2.0/node_modules/react-dom/cjs/react-dom-client.development.js:15439:11)
      at commitPassiveMountOnFiber (node_modules/.pnpm/react-dom@19.2.0_react@19.2.0/node_modules/react-dom/cjs/react-dom-client.development.js:15476:11)
      at recursivelyTraversePassiveMountEffects (node_modules/.pnpm/react-dom@19.2.0_react@19.2.0/node_modules/react-dom/cjs/react-dom-client.development.js:15439:11)
      at commitPassiveMountOnFiber (node_modules/.pnpm/react-dom@19.2.0_react@19.2.0/node_modules/react-dom/cjs/react-dom-client.development.js:15476:11)
      at recursivelyTraversePassiveMountEffects (node_modules/.pnpm/react-dom@19.2.0_react@19.2.0/node_modules/react-dom/cjs/react-dom-client.development.js:15439:11)
      at commitPassiveMountOnFiber (node_modules/.pnpm/react-dom@19.2.0_react@19.2.0/node_modules/react-dom/cjs/react-dom-client.development.js:15476:11)
      at recursivelyTraversePassiveMountEffects (node_modules/.pnpm/react-dom@19.2.0_react@19.2.0/node_modules/react-dom/cjs/react-dom-client.development.js:15439:11)
      at commitPassiveMountOnFiber (node_modules/.pnpm/react-dom@19.2.0_react@19.2.0/node_modules/react-dom/cjs/react-dom-client.development.js:15476:11)
      at recursivelyTraversePassiveMountEffects (node_modules/.pnpm/react-dom@19.2.0_react@19.2.0/node_modules/react-dom/cjs/react-dom-client.development.js:15439:11)
      at commitPassiveMountOnFiber (node_modules/.pnpm/react-dom@19.2.0_react@19.2.0/node_modules/react-dom/cjs/react-dom-client.development.js:15476:11)
      at recursivelyTraversePassiveMountEffects (node_modules/.pnpm/react-dom@19.2.0_react@19.2.0/node_modules/react-dom/cjs/react-dom-client.development.js:15439:11)
      at commitPassiveMountOnFiber (node_modules/.pnpm/react-dom@19.2.0_react@19.2.0/node_modules/react-dom/cjs/react-dom-client.development.js:15476:11)
      at recursivelyTraversePassiveMountEffects (node_modules/.pnpm/react-dom@19.2.0_react@19.2.0/node_modules/react-dom/cjs/react-dom-client.development.js:15439:11)
      at commitPassiveMountOnFiber (node_modules/.pnpm/react-dom@19.2.0_react@19.2.0/node_modules/react-dom/cjs/react-dom-client.development.js:15476:11)
      at recursivelyTraversePassiveMountEffects (node_modules/.pnpm/react-dom@19.2.0_react@19.2.0/node_modules/react-dom/cjs/react-dom-client.development.js:15439:11)
      at commitPassiveMountOnFiber (node_modules/.pnpm/react-dom@19.2.0_react@19.2.0/node_modules/react-dom/cjs/react-dom-client.development.js:15718:11)
      at recursivelyTraversePassiveMountEffects (node_modules/.pnpm/react-dom@19.2.0_react@19.2.0/node_modules/react-dom/cjs/react-dom-client.development.js:15439:11)
      at commitPassiveMountOnFiber (node_modules/.pnpm/react-dom@19.2.0_react@19.2.0/node_modules/react-dom/cjs/react-dom-client.development.js:15476:11)
      at recursivelyTraversePassiveMountEffects (node_modules/.pnpm/react-dom@19.2.0_react@19.2.0/node_modules/react-dom/cjs/react-dom-client.development.js:15439:11)
      at commitPassiveMountOnFiber (node_modules/.pnpm/react-dom@19.2.0_react@19.2.0/node_modules/react-dom/cjs/react-dom-client.development.js:15476:11)
      at recursivelyTraversePassiveMountEffects (node_modules/.pnpm/react-dom@19.2.0_react@19.2.0/node_modules/react-dom/cjs/react-dom-client.development.js:15439:11)
      at commitPassiveMountOnFiber (node_modules/.pnpm/react-dom@19.2.0_react@19.2.0/node_modules/react-dom/cjs/react-dom-client.development.js:15718:11)
      at recursivelyTraversePassiveMountEffects (node_modules/.pnpm/react-dom@19.2.0_react@19.2.0/node_modules/react-dom/cjs/react-dom-client.development.js:15439:11)
      at commitPassiveMountOnFiber (node_modules/.pnpm/react-dom@19.2.0_react@19.2.0/node_modules/react-dom/cjs/react-dom-client.development.js:15476:11)
      at recursivelyTraversePassiveMountEffects (node_modules/.pnpm/react-dom@19.2.0_react@19.2.0/node_modules/react-dom/cjs/react-dom-client.development.js:15439:11)
      at commitPassiveMountOnFiber (node_modules/.pnpm/react-dom@19.2.0_react@19.2.0/node_modules/react-dom/cjs/react-dom-client.development.js:15476:11)
      at recursivelyTraversePassiveMountEffects (node_modules/.pnpm/react-dom@19.2.0_react@19.2.0/node_modules/react-dom/cjs/react-dom-client.development.js:15439:11)
      at commitPassiveMountOnFiber (node_modules/.pnpm/react-dom@19.2.0_react@19.2.0/node_modules/react-dom/cjs/react-dom-client.development.js:15476:11)
      at recursivelyTraversePassiveMountEffects (node_modules/.pnpm/react-dom@19.2.0_react@19.2.0/node_modules/react-dom/cjs/react-dom-client.development.js:15439:11)
      at commitPassiveMountOnFiber (node_modules/.pnpm/react-dom@19.2.0_react@19.2.0/node_modules/react-dom/cjs/react-dom-client.development.js:15718:11)
      at recursivelyTraversePassiveMountEffects (node_modules/.pnpm/react-dom@19.2.0_react@19.2.0/node_modules/react-dom/cjs/react-dom-client.development.js:15439:11)
      at commitPassiveMountOnFiber (node_modules/.pnpm/react-dom@19.2.0_react@19.2.0/node_modules/react-dom/cjs/react-dom-client.development.js:15476:11)
      at recursivelyTraversePassiveMountEffects (node_modules/.pnpm/react-dom@19.2.0_react@19.2.0/node_modules/react-dom/cjs/react-dom-client.development.js:15439:11)
      at commitPassiveMountOnFiber (node_modules/.pnpm/react-dom@19.2.0_react@19.2.0/node_modules/react-dom/cjs/react-dom-client.development.js:15476:11)
      at recursivelyTraversePassiveMountEffects (node_modules/.pnpm/react-dom@19.2.0_react@19.2.0/node_modules/react-dom/cjs/react-dom-client.development.js:15439:11)
      at commitPassiveMountOnFiber (node_modules/.pnpm/react-dom@19.2.0_react@19.2.0/node_modules/react-dom/cjs/react-dom-client.development.js:15476:11)
      at recursivelyTraversePassiveMountEffects (node_modules/.pnpm/react-dom@19.2.0_react@19.2.0/node_modules/react-dom/cjs/react-dom-client.development.js:15439:11)
      at commitPassiveMountOnFiber (node_modules/.pnpm/react-dom@19.2.0_react@19.2.0/node_modules/react-dom/cjs/react-dom-client.development.js:15476:11)
      at recursivelyTraversePassiveMountEffects (node_modules/.pnpm/react-dom@19.2.0_react@19.2.0/node_modules/react-dom/cjs/react-dom-client.development.js:15439:11)
      at commitPassiveMountOnFiber (node_modules/.pnpm/react-dom@19.2.0_react@19.2.0/node_modules/react-dom/cjs/react-dom-client.development.js:15519:11)
      at flushPassiveEffects (node_modules/.pnpm/react-dom@19.2.0_react@19.2.0/node_modules/react-dom/cjs/react-dom-client.development.js:18432:9)
      at flushPendingEffects (node_modules/.pnpm/react-dom@19.2.0_react@19.2.0/node_modules/react-dom/cjs/react-dom-client.development.js:18358:14)
      at flushSpawnedWork (node_modules/.pnpm/react-dom@19.2.0_react@19.2.0/node_modules/react-dom/cjs/react-dom-client.development.js:18323:44)
      at commitRoot (node_modules/.pnpm/react-dom@19.2.0_react@19.2.0/node_modules/react-dom/cjs/react-dom-client.development.js:17955:9)
      at performWorkOnRoot (node_modules/.pnpm/react-dom@19.2.0_react@19.2.0/node_modules/react-dom/cjs/react-dom-client.development.js:16667:15)
      at performSyncWorkOnRoot (node_modules/.pnpm/react-dom@19.2.0_react@19.2.0/node_modules/react-dom/cjs/react-dom-client.development.js:18972:7)
      at flushSyncWorkAcrossRoots_impl (node_modules/.pnpm/react-dom@19.2.0_react@19.2.0/node_modules/react-dom/cjs/react-dom-client.development.js:18814:21)
      at flushSpawnedWork (node_modules/.pnpm/react-dom@19.2.0_react@19.2.0/node_modules/react-dom/cjs/react-dom-client.development.js:18334:9)
      at commitRoot (node_modules/.pnpm/react-dom@19.2.0_react@19.2.0/node_modules/react-dom/cjs/react-dom-client.development.js:17955:9)
      at performWorkOnRoot (node_modules/.pnpm/react-dom@19.2.0_react@19.2.0/node_modules/react-dom/cjs/react-dom-client.development.js:16667:15)
      at performWorkOnRootViaSchedulerTask (node_modules/.pnpm/react-dom@19.2.0_react@19.2.0/node_modules/react-dom/cjs/react-dom-client.development.js:18957:7)
      at flushActQueue (node_modules/.pnpm/react@19.2.0/node_modules/react/cjs/react.development.js:590:34)
      at process.env.NODE_ENV.exports.act (node_modules/.pnpm/react@19.2.0/node_modules/react/cjs/react.development.js:884:10)
      at node_modules/.pnpm/@testing-library+react@16.3_15d474de7481bb0af842c1b1705139a8/node_modules/@testing-library/react/dist/act-compat.js:47:25
      at renderRoot (node_modules/.pnpm/@testing-library+react@16.3_15d474de7481bb0af842c1b1705139a8/node_modules/@testing-library/react/dist/pure.js:190:26)
      at render (node_modules/.pnpm/@testing-library+react@16.3_15d474de7481bb0af842c1b1705139a8/node_modules/@testing-library/react/dist/pure.js:292:10)
      at Object.<anonymous> (src/__tests__/components/ExportChatModal.test.tsx:456:13)

    console.error
      `DialogContent` requires a `DialogTitle` for the component to be accessible for screen reader users.
      
      If you want to hide the `DialogTitle`, you can wrap it with our VisuallyHidden component.
      
      For more information, see https://radix-ui.com/primitives/docs/components/dialog

    [0m [90m 373 |[39m       [36mreturn[39m[33m;[39m
     [90m 374 |[39m     }
    [31m[1m>[22m[39m[90m 375 |[39m     originalError[33m.[39mcall(console[33m,[39m [33m...[39margs)[33m;[39m
     [90m     |[39m                   [31m[1m^[22m[39m
     [90m 376 |[39m   }[33m;[39m
     [90m 377 |[39m })[33m;[39m
     [90m 378 |[39m[0m

      at console.call [as error] (jest.setup.js:375:19)
      at node_modules/.pnpm/@radix-ui+react-dialog@1.1._664b8f23a65f4708bb5cf27e5ff43c08/node_modules/@radix-ui/react-dialog/src/dialog.tsx:520:30
      at Object.react_stack_bottom_frame (node_modules/.pnpm/react-dom@19.2.0_react@19.2.0/node_modules/react-dom/cjs/react-dom-client.development.js:25989:20)
      at runWithFiberInDEV (node_modules/.pnpm/react-dom@19.2.0_react@19.2.0/node_modules/react-dom/cjs/react-dom-client.development.js:874:13)
      at commitHookEffectListMount (node_modules/.pnpm/react-dom@19.2.0_react@19.2.0/node_modules/react-dom/cjs/react-dom-client.development.js:13249:29)
      at commitHookPassiveMountEffects (node_modules/.pnpm/react-dom@19.2.0_react@19.2.0/node_modules/react-dom/cjs/react-dom-client.development.js:13336:11)
      at commitPassiveMountOnFiber (node_modules/.pnpm/react-dom@19.2.0_react@19.2.0/node_modules/react-dom/cjs/react-dom-client.development.js:15484:13)
      at recursivelyTraversePassiveMountEffects (node_modules/.pnpm/react-dom@19.2.0_react@19.2.0/node_modules/react-dom/cjs/react-dom-client.development.js:15439:11)
      at commitPassiveMountOnFiber (node_modules/.pnpm/react-dom@19.2.0_react@19.2.0/node_modules/react-dom/cjs/react-dom-client.development.js:15718:11)
      at recursivelyTraversePassiveMountEffects (node_modules/.pnpm/react-dom@19.2.0_react@19.2.0/node_modules/react-dom/cjs/react-dom-client.development.js:15439:11)
      at commitPassiveMountOnFiber (node_modules/.pnpm/react-dom@19.2.0_react@19.2.0/node_modules/react-dom/cjs/react-dom-client.development.js:15476:11)
      at recursivelyTraversePassiveMountEffects (node_modules/.pnpm/react-dom@19.2.0_react@19.2.0/node_modules/react-dom/cjs/react-dom-client.development.js:15439:11)
      at commitPassiveMountOnFiber (node_modules/.pnpm/react-dom@19.2.0_react@19.2.0/node_modules/react-dom/cjs/react-dom-client.development.js:15476:11)
      at recursivelyTraversePassiveMountEffects (node_modules/.pnpm/react-dom@19.2.0_react@19.2.0/node_modules/react-dom/cjs/react-dom-client.development.js:15439:11)
      at commitPassiveMountOnFiber (node_modules/.pnpm/react-dom@19.2.0_react@19.2.0/node_modules/react-dom/cjs/react-dom-client.development.js:15476:11)
      at recursivelyTraversePassiveMountEffects (node_modules/.pnpm/react-dom@19.2.0_react@19.2.0/node_modules/react-dom/cjs/react-dom-client.development.js:15439:11)
      at commitPassiveMountOnFiber (node_modules/.pnpm/react-dom@19.2.0_react@19.2.0/node_modules/react-dom/cjs/react-dom-client.development.js:15476:11)
      at recursivelyTraversePassiveMountEffects (node_modules/.pnpm/react-dom@19.2.0_react@19.2.0/node_modules/react-dom/cjs/react-dom-client.development.js:15439:11)
      at commitPassiveMountOnFiber (node_modules/.pnpm/react-dom@19.2.0_react@19.2.0/node_modules/react-dom/cjs/react-dom-client.development.js:15476:11)
      at recursivelyTraversePassiveMountEffects (node_modules/.pnpm/react-dom@19.2.0_react@19.2.0/node_modules/react-dom/cjs/react-dom-client.development.js:15439:11)
      at commitPassiveMountOnFiber (node_modules/.pnpm/react-dom@19.2.0_react@19.2.0/node_modules/react-dom/cjs/react-dom-client.development.js:15476:11)
      at recursivelyTraversePassiveMountEffects (node_modules/.pnpm/react-dom@19.2.0_react@19.2.0/node_modules/react-dom/cjs/react-dom-client.development.js:15439:11)
      at commitPassiveMountOnFiber (node_modules/.pnpm/react-dom@19.2.0_react@19.2.0/node_modules/react-dom/cjs/react-dom-client.development.js:15476:11)
      at recursivelyTraversePassiveMountEffects (node_modules/.pnpm/react-dom@19.2.0_react@19.2.0/node_modules/react-dom/cjs/react-dom-client.development.js:15439:11)
      at commitPassiveMountOnFiber (node_modules/.pnpm/react-dom@19.2.0_react@19.2.0/node_modules/react-dom/cjs/react-dom-client.development.js:15718:11)
      at recursivelyTraversePassiveMountEffects (node_modules/.pnpm/react-dom@19.2.0_react@19.2.0/node_modules/react-dom/cjs/react-dom-client.development.js:15439:11)
      at commitPassiveMountOnFiber (node_modules/.pnpm/react-dom@19.2.0_react@19.2.0/node_modules/react-dom/cjs/react-dom-client.development.js:15476:11)
      at recursivelyTraversePassiveMountEffects (node_modules/.pnpm/react-dom@19.2.0_react@19.2.0/node_modules/react-dom/cjs/react-dom-client.development.js:15439:11)
      at commitPassiveMountOnFiber (node_modules/.pnpm/react-dom@19.2.0_react@19.2.0/node_modules/react-dom/cjs/react-dom-client.development.js:15476:11)
      at recursivelyTraversePassiveMountEffects (node_modules/.pnpm/react-dom@19.2.0_react@19.2.0/node_modules/react-dom/cjs/react-dom-client.development.js:15439:11)
      at commitPassiveMountOnFiber (node_modules/.pnpm/react-dom@19.2.0_react@19.2.0/node_modules/react-dom/cjs/react-dom-client.development.js:15718:11)
      at recursivelyTraversePassiveMountEffects (node_modules/.pnpm/react-dom@19.2.0_react@19.2.0/node_modules/react-dom/cjs/react-dom-client.development.js:15439:11)
      at commitPassiveMountOnFiber (node_modules/.pnpm/react-dom@19.2.0_react@19.2.0/node_modules/react-dom/cjs/react-dom-client.development.js:15476:11)
      at recursivelyTraversePassiveMountEffects (node_modules/.pnpm/react-dom@19.2.0_react@19.2.0/node_modules/react-dom/cjs/react-dom-client.development.js:15439:11)
      at commitPassiveMountOnFiber (node_modules/.pnpm/react-dom@19.2.0_react@19.2.0/node_modules/react-dom/cjs/react-dom-client.development.js:15476:11)
      at recursivelyTraversePassiveMountEffects (node_modules/.pnpm/react-dom@19.2.0_react@19.2.0/node_modules/react-dom/cjs/react-dom-client.development.js:15439:11)
      at commitPassiveMountOnFiber (node_modules/.pnpm/react-dom@19.2.0_react@19.2.0/node_modules/react-dom/cjs/react-dom-client.development.js:15476:11)
      at recursivelyTraversePassiveMountEffects (node_modules/.pnpm/react-dom@19.2.0_react@19.2.0/node_modules/react-dom/cjs/react-dom-client.development.js:15439:11)
      at commitPassiveMountOnFiber (node_modules/.pnpm/react-dom@19.2.0_react@19.2.0/node_modules/react-dom/cjs/react-dom-client.development.js:15718:11)
      at recursivelyTraversePassiveMountEffects (node_modules/.pnpm/react-dom@19.2.0_react@19.2.0/node_modules/react-dom/cjs/react-dom-client.development.js:15439:11)
      at commitPassiveMountOnFiber (node_modules/.pnpm/react-dom@19.2.0_react@19.2.0/node_modules/react-dom/cjs/react-dom-client.development.js:15476:11)
      at recursivelyTraversePassiveMountEffects (node_modules/.pnpm/react-dom@19.2.0_react@19.2.0/node_modules/react-dom/cjs/react-dom-client.development.js:15439:11)
      at commitPassiveMountOnFiber (node_modules/.pnpm/react-dom@19.2.0_react@19.2.0/node_modules/react-dom/cjs/react-dom-client.development.js:15476:11)
      at recursivelyTraversePassiveMountEffects (node_modules/.pnpm/react-dom@19.2.0_react@19.2.0/node_modules/react-dom/cjs/react-dom-client.development.js:15439:11)
      at commitPassiveMountOnFiber (node_modules/.pnpm/react-dom@19.2.0_react@19.2.0/node_modules/react-dom/cjs/react-dom-client.development.js:15476:11)
      at recursivelyTraversePassiveMountEffects (node_modules/.pnpm/react-dom@19.2.0_react@19.2.0/node_modules/react-dom/cjs/react-dom-client.development.js:15439:11)
      at commitPassiveMountOnFiber (node_modules/.pnpm/react-dom@19.2.0_react@19.2.0/node_modules/react-dom/cjs/react-dom-client.development.js:15476:11)
      at recursivelyTraversePassiveMountEffects (node_modules/.pnpm/react-dom@19.2.0_react@19.2.0/node_modules/react-dom/cjs/react-dom-client.development.js:15439:11)
      at commitPassiveMountOnFiber (node_modules/.pnpm/react-dom@19.2.0_react@19.2.0/node_modules/react-dom/cjs/react-dom-client.development.js:15519:11)
      at flushPassiveEffects (node_modules/.pnpm/react-dom@19.2.0_react@19.2.0/node_modules/react-dom/cjs/react-dom-client.development.js:18432:9)
      at flushPendingEffects (node_modules/.pnpm/react-dom@19.2.0_react@19.2.0/node_modules/react-dom/cjs/react-dom-client.development.js:18358:14)
      at flushSpawnedWork (node_modules/.pnpm/react-dom@19.2.0_react@19.2.0/node_modules/react-dom/cjs/react-dom-client.development.js:18323:44)
      at commitRoot (node_modules/.pnpm/react-dom@19.2.0_react@19.2.0/node_modules/react-dom/cjs/react-dom-client.development.js:17955:9)
      at performWorkOnRoot (node_modules/.pnpm/react-dom@19.2.0_react@19.2.0/node_modules/react-dom/cjs/react-dom-client.development.js:16667:15)
      at performSyncWorkOnRoot (node_modules/.pnpm/react-dom@19.2.0_react@19.2.0/node_modules/react-dom/cjs/react-dom-client.development.js:18972:7)
      at flushSyncWorkAcrossRoots_impl (node_modules/.pnpm/react-dom@19.2.0_react@19.2.0/node_modules/react-dom/cjs/react-dom-client.development.js:18814:21)
      at flushSpawnedWork (node_modules/.pnpm/react-dom@19.2.0_react@19.2.0/node_modules/react-dom/cjs/react-dom-client.development.js:18334:9)
      at commitRoot (node_modules/.pnpm/react-dom@19.2.0_react@19.2.0/node_modules/react-dom/cjs/react-dom-client.development.js:17955:9)
      at performWorkOnRoot (node_modules/.pnpm/react-dom@19.2.0_react@19.2.0/node_modules/react-dom/cjs/react-dom-client.development.js:16667:15)
      at performWorkOnRootViaSchedulerTask (node_modules/.pnpm/react-dom@19.2.0_react@19.2.0/node_modules/react-dom/cjs/react-dom-client.development.js:18957:7)
      at flushActQueue (node_modules/.pnpm/react@19.2.0/node_modules/react/cjs/react.development.js:590:34)
      at process.env.NODE_ENV.exports.act (node_modules/.pnpm/react@19.2.0/node_modules/react/cjs/react.development.js:884:10)
      at node_modules/.pnpm/@testing-library+react@16.3_15d474de7481bb0af842c1b1705139a8/node_modules/@testing-library/react/dist/act-compat.js:47:25
      at renderRoot (node_modules/.pnpm/@testing-library+react@16.3_15d474de7481bb0af842c1b1705139a8/node_modules/@testing-library/react/dist/pure.js:190:26)
      at render (node_modules/.pnpm/@testing-library+react@16.3_15d474de7481bb0af842c1b1705139a8/node_modules/@testing-library/react/dist/pure.js:292:10)
      at Object.<anonymous> (src/__tests__/components/ExportChatModal.test.tsx:482:13)

    console.warn
      Warning: Missing `Description` or `aria-describedby={undefined}` for {DialogContent}.

    [0m [90m 480 |[39m   describe([32m'Accessibility'[39m[33m,[39m () [33m=>[39m {
     [90m 481 |[39m     it([32m'provides accessible modal title'[39m[33m,[39m () [33m=>[39m {
    [31m[1m>[22m[39m[90m 482 |[39m       render([33m<[39m[33mExportChatModal[39m {[33m...[39mdefaultProps} [33m/[39m[33m>[39m)[33m;[39m
     [90m     |[39m             [31m[1m^[22m[39m
     [90m 483 |[39m
     [90m 484 |[39m       expect(screen[33m.[39mgetByText([32m'Esporta Chat'[39m))[33m.[39mtoBeInTheDocument()[33m;[39m
     [90m 485 |[39m     })[33m;[39m[0m

      at node_modules/.pnpm/@radix-ui+react-dialog@1.1._664b8f23a65f4708bb5cf27e5ff43c08/node_modules/@radix-ui/react-dialog/src/dialog.tsx:543:36
      at Object.react_stack_bottom_frame (node_modules/.pnpm/react-dom@19.2.0_react@19.2.0/node_modules/react-dom/cjs/react-dom-client.development.js:25989:20)
      at runWithFiberInDEV (node_modules/.pnpm/react-dom@19.2.0_react@19.2.0/node_modules/react-dom/cjs/react-dom-client.development.js:874:13)
      at commitHookEffectListMount (node_modules/.pnpm/react-dom@19.2.0_react@19.2.0/node_modules/react-dom/cjs/react-dom-client.development.js:13249:29)
      at commitHookPassiveMountEffects (node_modules/.pnpm/react-dom@19.2.0_react@19.2.0/node_modules/react-dom/cjs/react-dom-client.development.js:13336:11)
      at commitPassiveMountOnFiber (node_modules/.pnpm/react-dom@19.2.0_react@19.2.0/node_modules/react-dom/cjs/react-dom-client.development.js:15484:13)
      at recursivelyTraversePassiveMountEffects (node_modules/.pnpm/react-dom@19.2.0_react@19.2.0/node_modules/react-dom/cjs/react-dom-client.development.js:15439:11)
      at commitPassiveMountOnFiber (node_modules/.pnpm/react-dom@19.2.0_react@19.2.0/node_modules/react-dom/cjs/react-dom-client.development.js:15718:11)
      at recursivelyTraversePassiveMountEffects (node_modules/.pnpm/react-dom@19.2.0_react@19.2.0/node_modules/react-dom/cjs/react-dom-client.development.js:15439:11)
      at commitPassiveMountOnFiber (node_modules/.pnpm/react-dom@19.2.0_react@19.2.0/node_modules/react-dom/cjs/react-dom-client.development.js:15476:11)
      at recursivelyTraversePassiveMountEffects (node_modules/.pnpm/react-dom@19.2.0_react@19.2.0/node_modules/react-dom/cjs/react-dom-client.development.js:15439:11)
      at commitPassiveMountOnFiber (node_modules/.pnpm/react-dom@19.2.0_react@19.2.0/node_modules/react-dom/cjs/react-dom-client.development.js:15476:11)
      at recursivelyTraversePassiveMountEffects (node_modules/.pnpm/react-dom@19.2.0_react@19.2.0/node_modules/react-dom/cjs/react-dom-client.development.js:15439:11)
      at commitPassiveMountOnFiber (node_modules/.pnpm/react-dom@19.2.0_react@19.2.0/node_modules/react-dom/cjs/react-dom-client.development.js:15476:11)
      at recursivelyTraversePassiveMountEffects (node_modules/.pnpm/react-dom@19.2.0_react@19.2.0/node_modules/react-dom/cjs/react-dom-client.development.js:15439:11)
      at commitPassiveMountOnFiber (node_modules/.pnpm/react-dom@19.2.0_react@19.2.0/node_modules/react-dom/cjs/react-dom-client.development.js:15476:11)
      at recursivelyTraversePassiveMountEffects (node_modules/.pnpm/react-dom@19.2.0_react@19.2.0/node_modules/react-dom/cjs/react-dom-client.development.js:15439:11)
      at commitPassiveMountOnFiber (node_modules/.pnpm/react-dom@19.2.0_react@19.2.0/node_modules/react-dom/cjs/react-dom-client.development.js:15476:11)
      at recursivelyTraversePassiveMountEffects (node_modules/.pnpm/react-dom@19.2.0_react@19.2.0/node_modules/react-dom/cjs/react-dom-client.development.js:15439:11)
      at commitPassiveMountOnFiber (node_modules/.pnpm/react-dom@19.2.0_react@19.2.0/node_modules/react-dom/cjs/react-dom-client.development.js:15476:11)
      at recursivelyTraversePassiveMountEffects (node_modules/.pnpm/react-dom@19.2.0_react@19.2.0/node_modules/react-dom/cjs/react-dom-client.development.js:15439:11)
      at commitPassiveMountOnFiber (node_modules/.pnpm/react-dom@19.2.0_react@19.2.0/node_modules/react-dom/cjs/react-dom-client.development.js:15476:11)
      at recursivelyTraversePassiveMountEffects (node_modules/.pnpm/react-dom@19.2.0_react@19.2.0/node_modules/react-dom/cjs/react-dom-client.development.js:15439:11)
      at commitPassiveMountOnFiber (node_modules/.pnpm/react-dom@19.2.0_react@19.2.0/node_modules/react-dom/cjs/react-dom-client.development.js:15718:11)
      at recursivelyTraversePassiveMountEffects (node_modules/.pnpm/react-dom@19.2.0_react@19.2.0/node_modules/react-dom/cjs/react-dom-client.development.js:15439:11)
      at commitPassiveMountOnFiber (node_modules/.pnpm/react-dom@19.2.0_react@19.2.0/node_modules/react-dom/cjs/react-dom-client.development.js:15476:11)
      at recursivelyTraversePassiveMountEffects (node_modules/.pnpm/react-dom@19.2.0_react@19.2.0/node_modules/react-dom/cjs/react-dom-client.development.js:15439:11)
      at commitPassiveMountOnFiber (node_modules/.pnpm/react-dom@19.2.0_react@19.2.0/node_modules/react-dom/cjs/react-dom-client.development.js:15476:11)
      at recursivelyTraversePassiveMountEffects (node_modules/.pnpm/react-dom@19.2.0_react@19.2.0/node_modules/react-dom/cjs/react-dom-client.development.js:15439:11)
      at commitPassiveMountOnFiber (node_modules/.pnpm/react-dom@19.2.0_react@19.2.0/node_modules/react-dom/cjs/react-dom-client.development.js:15718:11)
      at recursivelyTraversePassiveMountEffects (node_modules/.pnpm/react-dom@19.2.0_react@19.2.0/node_modules/react-dom/cjs/react-dom-client.development.js:15439:11)
      at commitPassiveMountOnFiber (node_modules/.pnpm/react-dom@19.2.0_react@19.2.0/node_modules/react-dom/cjs/react-dom-client.development.js:15476:11)
      at recursivelyTraversePassiveMountEffects (node_modules/.pnpm/react-dom@19.2.0_react@19.2.0/node_modules/react-dom/cjs/react-dom-client.development.js:15439:11)
      at commitPassiveMountOnFiber (node_modules/.pnpm/react-dom@19.2.0_react@19.2.0/node_modules/react-dom/cjs/react-dom-client.development.js:15476:11)
      at recursivelyTraversePassiveMountEffects (node_modules/.pnpm/react-dom@19.2.0_react@19.2.0/node_modules/react-dom/cjs/react-dom-client.development.js:15439:11)
      at commitPassiveMountOnFiber (node_modules/.pnpm/react-dom@19.2.0_react@19.2.0/node_modules/react-dom/cjs/react-dom-client.development.js:15476:11)
      at recursivelyTraversePassiveMountEffects (node_modules/.pnpm/react-dom@19.2.0_react@19.2.0/node_modules/react-dom/cjs/react-dom-client.development.js:15439:11)
      at commitPassiveMountOnFiber (node_modules/.pnpm/react-dom@19.2.0_react@19.2.0/node_modules/react-dom/cjs/react-dom-client.development.js:15718:11)
      at recursivelyTraversePassiveMountEffects (node_modules/.pnpm/react-dom@19.2.0_react@19.2.0/node_modules/react-dom/cjs/react-dom-client.development.js:15439:11)
      at commitPassiveMountOnFiber (node_modules/.pnpm/react-dom@19.2.0_react@19.2.0/node_modules/react-dom/cjs/react-dom-client.development.js:15476:11)
      at recursivelyTraversePassiveMountEffects (node_modules/.pnpm/react-dom@19.2.0_react@19.2.0/node_modules/react-dom/cjs/react-dom-client.development.js:15439:11)
      at commitPassiveMountOnFiber (node_modules/.pnpm/react-dom@19.2.0_react@19.2.0/node_modules/react-dom/cjs/react-dom-client.development.js:15476:11)
      at recursivelyTraversePassiveMountEffects (node_modules/.pnpm/react-dom@19.2.0_react@19.2.0/node_modules/react-dom/cjs/react-dom-client.development.js:15439:11)
      at commitPassiveMountOnFiber (node_modules/.pnpm/react-dom@19.2.0_react@19.2.0/node_modules/react-dom/cjs/react-dom-client.development.js:15476:11)
      at recursivelyTraversePassiveMountEffects (node_modules/.pnpm/react-dom@19.2.0_react@19.2.0/node_modules/react-dom/cjs/react-dom-client.development.js:15439:11)
      at commitPassiveMountOnFiber (node_modules/.pnpm/react-dom@19.2.0_react@19.2.0/node_modules/react-dom/cjs/react-dom-client.development.js:15476:11)
      at recursivelyTraversePassiveMountEffects (node_modules/.pnpm/react-dom@19.2.0_react@19.2.0/node_modules/react-dom/cjs/react-dom-client.development.js:15439:11)
      at commitPassiveMountOnFiber (node_modules/.pnpm/react-dom@19.2.0_react@19.2.0/node_modules/react-dom/cjs/react-dom-client.development.js:15519:11)
      at flushPassiveEffects (node_modules/.pnpm/react-dom@19.2.0_react@19.2.0/node_modules/react-dom/cjs/react-dom-client.development.js:18432:9)
      at flushPendingEffects (node_modules/.pnpm/react-dom@19.2.0_react@19.2.0/node_modules/react-dom/cjs/react-dom-client.development.js:18358:14)
      at flushSpawnedWork (node_modules/.pnpm/react-dom@19.2.0_react@19.2.0/node_modules/react-dom/cjs/react-dom-client.development.js:18323:44)
      at commitRoot (node_modules/.pnpm/react-dom@19.2.0_react@19.2.0/node_modules/react-dom/cjs/react-dom-client.development.js:17955:9)
      at performWorkOnRoot (node_modules/.pnpm/react-dom@19.2.0_react@19.2.0/node_modules/react-dom/cjs/react-dom-client.development.js:16667:15)
      at performSyncWorkOnRoot (node_modules/.pnpm/react-dom@19.2.0_react@19.2.0/node_modules/react-dom/cjs/react-dom-client.development.js:18972:7)
      at flushSyncWorkAcrossRoots_impl (node_modules/.pnpm/react-dom@19.2.0_react@19.2.0/node_modules/react-dom/cjs/react-dom-client.development.js:18814:21)
      at flushSpawnedWork (node_modules/.pnpm/react-dom@19.2.0_react@19.2.0/node_modules/react-dom/cjs/react-dom-client.development.js:18334:9)
      at commitRoot (node_modules/.pnpm/react-dom@19.2.0_react@19.2.0/node_modules/react-dom/cjs/react-dom-client.development.js:17955:9)
      at performWorkOnRoot (node_modules/.pnpm/react-dom@19.2.0_react@19.2.0/node_modules/react-dom/cjs/react-dom-client.development.js:16667:15)
      at performWorkOnRootViaSchedulerTask (node_modules/.pnpm/react-dom@19.2.0_react@19.2.0/node_modules/react-dom/cjs/react-dom-client.development.js:18957:7)
      at flushActQueue (node_modules/.pnpm/react@19.2.0/node_modules/react/cjs/react.development.js:590:34)
      at process.env.NODE_ENV.exports.act (node_modules/.pnpm/react@19.2.0/node_modules/react/cjs/react.development.js:884:10)
      at node_modules/.pnpm/@testing-library+react@16.3_15d474de7481bb0af842c1b1705139a8/node_modules/@testing-library/react/dist/act-compat.js:47:25
      at renderRoot (node_modules/.pnpm/@testing-library+react@16.3_15d474de7481bb0af842c1b1705139a8/node_modules/@testing-library/react/dist/pure.js:190:26)
      at render (node_modules/.pnpm/@testing-library+react@16.3_15d474de7481bb0af842c1b1705139a8/node_modules/@testing-library/react/dist/pure.js:292:10)
      at Object.<anonymous> (src/__tests__/components/ExportChatModal.test.tsx:482:13)

    console.error
      `DialogContent` requires a `DialogTitle` for the component to be accessible for screen reader users.
      
      If you want to hide the `DialogTitle`, you can wrap it with our VisuallyHidden component.
      
      For more information, see https://radix-ui.com/primitives/docs/components/dialog

    [0m [90m 373 |[39m       [36mreturn[39m[33m;[39m
     [90m 374 |[39m     }
    [31m[1m>[22m[39m[90m 375 |[39m     originalError[33m.[39mcall(console[33m,[39m [33m...[39margs)[33m;[39m
     [90m     |[39m                   [31m[1m^[22m[39m
     [90m 376 |[39m   }[33m;[39m
     [90m 377 |[39m })[33m;[39m
     [90m 378 |[39m[0m

      at console.call [as error] (jest.setup.js:375:19)
      at node_modules/.pnpm/@radix-ui+react-dialog@1.1._664b8f23a65f4708bb5cf27e5ff43c08/node_modules/@radix-ui/react-dialog/src/dialog.tsx:520:30
      at Object.react_stack_bottom_frame (node_modules/.pnpm/react-dom@19.2.0_react@19.2.0/node_modules/react-dom/cjs/react-dom-client.development.js:25989:20)
      at runWithFiberInDEV (node_modules/.pnpm/react-dom@19.2.0_react@19.2.0/node_modules/react-dom/cjs/react-dom-client.development.js:874:13)
      at commitHookEffectListMount (node_modules/.pnpm/react-dom@19.2.0_react@19.2.0/node_modules/react-dom/cjs/react-dom-client.development.js:13249:29)
      at commitHookPassiveMountEffects (node_modules/.pnpm/react-dom@19.2.0_react@19.2.0/node_modules/react-dom/cjs/react-dom-client.development.js:13336:11)
      at commitPassiveMountOnFiber (node_modules/.pnpm/react-dom@19.2.0_react@19.2.0/node_modules/react-dom/cjs/react-dom-client.development.js:15484:13)
      at recursivelyTraversePassiveMountEffects (node_modules/.pnpm/react-dom@19.2.0_react@19.2.0/node_modules/react-dom/cjs/react-dom-client.development.js:15439:11)
      at commitPassiveMountOnFiber (node_modules/.pnpm/react-dom@19.2.0_react@19.2.0/node_modules/react-dom/cjs/react-dom-client.development.js:15718:11)
      at recursivelyTraversePassiveMountEffects (node_modules/.pnpm/react-dom@19.2.0_react@19.2.0/node_modules/react-dom/cjs/react-dom-client.development.js:15439:11)
      at commitPassiveMountOnFiber (node_modules/.pnpm/react-dom@19.2.0_react@19.2.0/node_modules/react-dom/cjs/react-dom-client.development.js:15476:11)
      at recursivelyTraversePassiveMountEffects (node_modules/.pnpm/react-dom@19.2.0_react@19.2.0/node_modules/react-dom/cjs/react-dom-client.development.js:15439:11)
      at commitPassiveMountOnFiber (node_modules/.pnpm/react-dom@19.2.0_react@19.2.0/node_modules/react-dom/cjs/react-dom-client.development.js:15476:11)
      at recursivelyTraversePassiveMountEffects (node_modules/.pnpm/react-dom@19.2.0_react@19.2.0/node_modules/react-dom/cjs/react-dom-client.development.js:15439:11)
      at commitPassiveMountOnFiber (node_modules/.pnpm/react-dom@19.2.0_react@19.2.0/node_modules/react-dom/cjs/react-dom-client.development.js:15476:11)
      at recursivelyTraversePassiveMountEffects (node_modules/.pnpm/react-dom@19.2.0_react@19.2.0/node_modules/react-dom/cjs/react-dom-client.development.js:15439:11)
      at commitPassiveMountOnFiber (node_modules/.pnpm/react-dom@19.2.0_react@19.2.0/node_modules/react-dom/cjs/react-dom-client.development.js:15476:11)
      at recursivelyTraversePassiveMountEffects (node_modules/.pnpm/react-dom@19.2.0_react@19.2.0/node_modules/react-dom/cjs/react-dom-client.development.js:15439:11)
      at commitPassiveMountOnFiber (node_modules/.pnpm/react-dom@19.2.0_react@19.2.0/node_modules/react-dom/cjs/react-dom-client.development.js:15476:11)
      at recursivelyTraversePassiveMountEffects (node_modules/.pnpm/react-dom@19.2.0_react@19.2.0/node_modules/react-dom/cjs/react-dom-client.development.js:15439:11)
      at commitPassiveMountOnFiber (node_modules/.pnpm/react-dom@19.2.0_react@19.2.0/node_modules/react-dom/cjs/react-dom-client.development.js:15476:11)
      at recursivelyTraversePassiveMountEffects (node_modules/.pnpm/react-dom@19.2.0_react@19.2.0/node_modules/react-dom/cjs/react-dom-client.development.js:15439:11)
      at commitPassiveMountOnFiber (node_modules/.pnpm/react-dom@19.2.0_react@19.2.0/node_modules/react-dom/cjs/react-dom-client.development.js:15476:11)
      at recursivelyTraversePassiveMountEffects (node_modules/.pnpm/react-dom@19.2.0_react@19.2.0/node_modules/react-dom/cjs/react-dom-client.development.js:15439:11)
      at commitPassiveMountOnFiber (node_modules/.pnpm/react-dom@19.2.0_react@19.2.0/node_modules/react-dom/cjs/react-dom-client.development.js:15718:11)
      at recursivelyTraversePassiveMountEffects (node_modules/.pnpm/react-dom@19.2.0_react@19.2.0/node_modules/react-dom/cjs/react-dom-client.development.js:15439:11)
      at commitPassiveMountOnFiber (node_modules/.pnpm/react-dom@19.2.0_react@19.2.0/node_modules/react-dom/cjs/react-dom-client.development.js:15476:11)
      at recursivelyTraversePassiveMountEffects (node_modules/.pnpm/react-dom@19.2.0_react@19.2.0/node_modules/react-dom/cjs/react-dom-client.development.js:15439:11)
      at commitPassiveMountOnFiber (node_modules/.pnpm/react-dom@19.2.0_react@19.2.0/node_modules/react-dom/cjs/react-dom-client.development.js:15476:11)
      at recursivelyTraversePassiveMountEffects (node_modules/.pnpm/react-dom@19.2.0_react@19.2.0/node_modules/react-dom/cjs/react-dom-client.development.js:15439:11)
      at commitPassiveMountOnFiber (node_modules/.pnpm/react-dom@19.2.0_react@19.2.0/node_modules/react-dom/cjs/react-dom-client.development.js:15718:11)
      at recursivelyTraversePassiveMountEffects (node_modules/.pnpm/react-dom@19.2.0_react@19.2.0/node_modules/react-dom/cjs/react-dom-client.development.js:15439:11)
      at commitPassiveMountOnFiber (node_modules/.pnpm/react-dom@19.2.0_react@19.2.0/node_modules/react-dom/cjs/react-dom-client.development.js:15476:11)
      at recursivelyTraversePassiveMountEffects (node_modules/.pnpm/react-dom@19.2.0_react@19.2.0/node_modules/react-dom/cjs/react-dom-client.development.js:15439:11)
      at commitPassiveMountOnFiber (node_modules/.pnpm/react-dom@19.2.0_react@19.2.0/node_modules/react-dom/cjs/react-dom-client.development.js:15476:11)
      at recursivelyTraversePassiveMountEffects (node_modules/.pnpm/react-dom@19.2.0_react@19.2.0/node_modules/react-dom/cjs/react-dom-client.development.js:15439:11)
      at commitPassiveMountOnFiber (node_modules/.pnpm/react-dom@19.2.0_react@19.2.0/node_modules/react-dom/cjs/react-dom-client.development.js:15476:11)
      at recursivelyTraversePassiveMountEffects (node_modules/.pnpm/react-dom@19.2.0_react@19.2.0/node_modules/react-dom/cjs/react-dom-client.development.js:15439:11)
      at commitPassiveMountOnFiber (node_modules/.pnpm/react-dom@19.2.0_react@19.2.0/node_modules/react-dom/cjs/react-dom-client.development.js:15718:11)
      at recursivelyTraversePassiveMountEffects (node_modules/.pnpm/react-dom@19.2.0_react@19.2.0/node_modules/react-dom/cjs/react-dom-client.development.js:15439:11)
      at commitPassiveMountOnFiber (node_modules/.pnpm/react-dom@19.2.0_react@19.2.0/node_modules/react-dom/cjs/react-dom-client.development.js:15476:11)
      at recursivelyTraversePassiveMountEffects (node_modules/.pnpm/react-dom@19.2.0_react@19.2.0/node_modules/react-dom/cjs/react-dom-client.development.js:15439:11)
      at commitPassiveMountOnFiber (node_modules/.pnpm/react-dom@19.2.0_react@19.2.0/node_modules/react-dom/cjs/react-dom-client.development.js:15476:11)
      at recursivelyTraversePassiveMountEffects (node_modules/.pnpm/react-dom@19.2.0_react@19.2.0/node_modules/react-dom/cjs/react-dom-client.development.js:15439:11)
      at commitPassiveMountOnFiber (node_modules/.pnpm/react-dom@19.2.0_react@19.2.0/node_modules/react-dom/cjs/react-dom-client.development.js:15476:11)
      at recursivelyTraversePassiveMountEffects (node_modules/.pnpm/react-dom@19.2.0_react@19.2.0/node_modules/react-dom/cjs/react-dom-client.development.js:15439:11)
      at commitPassiveMountOnFiber (node_modules/.pnpm/react-dom@19.2.0_react@19.2.0/node_modules/react-dom/cjs/react-dom-client.development.js:15476:11)
      at recursivelyTraversePassiveMountEffects (node_modules/.pnpm/react-dom@19.2.0_react@19.2.0/node_modules/react-dom/cjs/react-dom-client.development.js:15439:11)
      at commitPassiveMountOnFiber (node_modules/.pnpm/react-dom@19.2.0_react@19.2.0/node_modules/react-dom/cjs/react-dom-client.development.js:15519:11)
      at flushPassiveEffects (node_modules/.pnpm/react-dom@19.2.0_react@19.2.0/node_modules/react-dom/cjs/react-dom-client.development.js:18432:9)
      at flushPendingEffects (node_modules/.pnpm/react-dom@19.2.0_react@19.2.0/node_modules/react-dom/cjs/react-dom-client.development.js:18358:14)
      at flushSpawnedWork (node_modules/.pnpm/react-dom@19.2.0_react@19.2.0/node_modules/react-dom/cjs/react-dom-client.development.js:18323:44)
      at commitRoot (node_modules/.pnpm/react-dom@19.2.0_react@19.2.0/node_modules/react-dom/cjs/react-dom-client.development.js:17955:9)
      at performWorkOnRoot (node_modules/.pnpm/react-dom@19.2.0_react@19.2.0/node_modules/react-dom/cjs/react-dom-client.development.js:16667:15)
      at performSyncWorkOnRoot (node_modules/.pnpm/react-dom@19.2.0_react@19.2.0/node_modules/react-dom/cjs/react-dom-client.development.js:18972:7)
      at flushSyncWorkAcrossRoots_impl (node_modules/.pnpm/react-dom@19.2.0_react@19.2.0/node_modules/react-dom/cjs/react-dom-client.development.js:18814:21)
      at flushSpawnedWork (node_modules/.pnpm/react-dom@19.2.0_react@19.2.0/node_modules/react-dom/cjs/react-dom-client.development.js:18334:9)
      at commitRoot (node_modules/.pnpm/react-dom@19.2.0_react@19.2.0/node_modules/react-dom/cjs/react-dom-client.development.js:17955:9)
      at performWorkOnRoot (node_modules/.pnpm/react-dom@19.2.0_react@19.2.0/node_modules/react-dom/cjs/react-dom-client.development.js:16667:15)
      at performWorkOnRootViaSchedulerTask (node_modules/.pnpm/react-dom@19.2.0_react@19.2.0/node_modules/react-dom/cjs/react-dom-client.development.js:18957:7)
      at flushActQueue (node_modules/.pnpm/react@19.2.0/node_modules/react/cjs/react.development.js:590:34)
      at process.env.NODE_ENV.exports.act (node_modules/.pnpm/react@19.2.0/node_modules/react/cjs/react.development.js:884:10)
      at node_modules/.pnpm/@testing-library+react@16.3_15d474de7481bb0af842c1b1705139a8/node_modules/@testing-library/react/dist/act-compat.js:47:25
      at renderRoot (node_modules/.pnpm/@testing-library+react@16.3_15d474de7481bb0af842c1b1705139a8/node_modules/@testing-library/react/dist/pure.js:190:26)
      at render (node_modules/.pnpm/@testing-library+react@16.3_15d474de7481bb0af842c1b1705139a8/node_modules/@testing-library/react/dist/pure.js:292:10)
      at Object.<anonymous> (src/__tests__/components/ExportChatModal.test.tsx:488:13)

    console.warn
      Warning: Missing `Description` or `aria-describedby={undefined}` for {DialogContent}.

    [0m [90m 486 |[39m
     [90m 487 |[39m     it([32m'uses role="alert" for error messages'[39m[33m,[39m [36masync[39m () [33m=>[39m {
    [31m[1m>[22m[39m[90m 488 |[39m       render([33m<[39m[33mExportChatModal[39m {[33m...[39mdefaultProps} [33m/[39m[33m>[39m)[33m;[39m
     [90m     |[39m             [31m[1m^[22m[39m
     [90m 489 |[39m
     [90m 490 |[39m       [36mconst[39m dateFromInput [33m=[39m screen[33m.[39mgetByLabelText([32m'Da'[39m)[33m;[39m
     [90m 491 |[39m       [36mconst[39m dateToInput [33m=[39m screen[33m.[39mgetByLabelText([32m'A'[39m)[33m;[39m[0m

      at node_modules/.pnpm/@radix-ui+react-dialog@1.1._664b8f23a65f4708bb5cf27e5ff43c08/node_modules/@radix-ui/react-dialog/src/dialog.tsx:543:36
      at Object.react_stack_bottom_frame (node_modules/.pnpm/react-dom@19.2.0_react@19.2.0/node_modules/react-dom/cjs/react-dom-client.development.js:25989:20)
      at runWithFiberInDEV (node_modules/.pnpm/react-dom@19.2.0_react@19.2.0/node_modules/react-dom/cjs/react-dom-client.development.js:874:13)
      at commitHookEffectListMount (node_modules/.pnpm/react-dom@19.2.0_react@19.2.0/node_modules/react-dom/cjs/react-dom-client.development.js:13249:29)
      at commitHookPassiveMountEffects (node_modules/.pnpm/react-dom@19.2.0_react@19.2.0/node_modules/react-dom/cjs/react-dom-client.development.js:13336:11)
      at commitPassiveMountOnFiber (node_modules/.pnpm/react-dom@19.2.0_react@19.2.0/node_modules/react-dom/cjs/react-dom-client.development.js:15484:13)
      at recursivelyTraversePassiveMountEffects (node_modules/.pnpm/react-dom@19.2.0_react@19.2.0/node_modules/react-dom/cjs/react-dom-client.development.js:15439:11)
      at commitPassiveMountOnFiber (node_modules/.pnpm/react-dom@19.2.0_react@19.2.0/node_modules/react-dom/cjs/react-dom-client.development.js:15718:11)
      at recursivelyTraversePassiveMountEffects (node_modules/.pnpm/react-dom@19.2.0_react@19.2.0/node_modules/react-dom/cjs/react-dom-client.development.js:15439:11)
      at commitPassiveMountOnFiber (node_modules/.pnpm/react-dom@19.2.0_react@19.2.0/node_modules/react-dom/cjs/react-dom-client.development.js:15476:11)
      at recursivelyTraversePassiveMountEffects (node_modules/.pnpm/react-dom@19.2.0_react@19.2.0/node_modules/react-dom/cjs/react-dom-client.development.js:15439:11)
      at commitPassiveMountOnFiber (node_modules/.pnpm/react-dom@19.2.0_react@19.2.0/node_modules/react-dom/cjs/react-dom-client.development.js:15476:11)
      at recursivelyTraversePassiveMountEffects (node_modules/.pnpm/react-dom@19.2.0_react@19.2.0/node_modules/react-dom/cjs/react-dom-client.development.js:15439:11)
      at commitPassiveMountOnFiber (node_modules/.pnpm/react-dom@19.2.0_react@19.2.0/node_modules/react-dom/cjs/react-dom-client.development.js:15476:11)
      at recursivelyTraversePassiveMountEffects (node_modules/.pnpm/react-dom@19.2.0_react@19.2.0/node_modules/react-dom/cjs/react-dom-client.development.js:15439:11)
      at commitPassiveMountOnFiber (node_modules/.pnpm/react-dom@19.2.0_react@19.2.0/node_modules/react-dom/cjs/react-dom-client.development.js:15476:11)
      at recursivelyTraversePassiveMountEffects (node_modules/.pnpm/react-dom@19.2.0_react@19.2.0/node_modules/react-dom/cjs/react-dom-client.development.js:15439:11)
      at commitPassiveMountOnFiber (node_modules/.pnpm/react-dom@19.2.0_react@19.2.0/node_modules/react-dom/cjs/react-dom-client.development.js:15476:11)
      at recursivelyTraversePassiveMountEffects (node_modules/.pnpm/react-dom@19.2.0_react@19.2.0/node_modules/react-dom/cjs/react-dom-client.development.js:15439:11)
      at commitPassiveMountOnFiber (node_modules/.pnpm/react-dom@19.2.0_react@19.2.0/node_modules/react-dom/cjs/react-dom-client.development.js:15476:11)
      at recursivelyTraversePassiveMountEffects (node_modules/.pnpm/react-dom@19.2.0_react@19.2.0/node_modules/react-dom/cjs/react-dom-client.development.js:15439:11)
      at commitPassiveMountOnFiber (node_modules/.pnpm/react-dom@19.2.0_react@19.2.0/node_modules/react-dom/cjs/react-dom-client.development.js:15476:11)
      at recursivelyTraversePassiveMountEffects (node_modules/.pnpm/react-dom@19.2.0_react@19.2.0/node_modules/react-dom/cjs/react-dom-client.development.js:15439:11)
      at commitPassiveMountOnFiber (node_modules/.pnpm/react-dom@19.2.0_react@19.2.0/node_modules/react-dom/cjs/react-dom-client.development.js:15718:11)
      at recursivelyTraversePassiveMountEffects (node_modules/.pnpm/react-dom@19.2.0_react@19.2.0/node_modules/react-dom/cjs/react-dom-client.development.js:15439:11)
      at commitPassiveMountOnFiber (node_modules/.pnpm/react-dom@19.2.0_react@19.2.0/node_modules/react-dom/cjs/react-dom-client.development.js:15476:11)
      at recursivelyTraversePassiveMountEffects (node_modules/.pnpm/react-dom@19.2.0_react@19.2.0/node_modules/react-dom/cjs/react-dom-client.development.js:15439:11)
      at commitPassiveMountOnFiber (node_modules/.pnpm/react-dom@19.2.0_react@19.2.0/node_modules/react-dom/cjs/react-dom-client.development.js:15476:11)
      at recursivelyTraversePassiveMountEffects (node_modules/.pnpm/react-dom@19.2.0_react@19.2.0/node_modules/react-dom/cjs/react-dom-client.development.js:15439:11)
      at commitPassiveMountOnFiber (node_modules/.pnpm/react-dom@19.2.0_react@19.2.0/node_modules/react-dom/cjs/react-dom-client.development.js:15718:11)
      at recursivelyTraversePassiveMountEffects (node_modules/.pnpm/react-dom@19.2.0_react@19.2.0/node_modules/react-dom/cjs/react-dom-client.development.js:15439:11)
      at commitPassiveMountOnFiber (node_modules/.pnpm/react-dom@19.2.0_react@19.2.0/node_modules/react-dom/cjs/react-dom-client.development.js:15476:11)
      at recursivelyTraversePassiveMountEffects (node_modules/.pnpm/react-dom@19.2.0_react@19.2.0/node_modules/react-dom/cjs/react-dom-client.development.js:15439:11)
      at commitPassiveMountOnFiber (node_modules/.pnpm/react-dom@19.2.0_react@19.2.0/node_modules/react-dom/cjs/react-dom-client.development.js:15476:11)
      at recursivelyTraversePassiveMountEffects (node_modules/.pnpm/react-dom@19.2.0_react@19.2.0/node_modules/react-dom/cjs/react-dom-client.development.js:15439:11)
      at commitPassiveMountOnFiber (node_modules/.pnpm/react-dom@19.2.0_react@19.2.0/node_modules/react-dom/cjs/react-dom-client.development.js:15476:11)
      at recursivelyTraversePassiveMountEffects (node_modules/.pnpm/react-dom@19.2.0_react@19.2.0/node_modules/react-dom/cjs/react-dom-client.development.js:15439:11)
      at commitPassiveMountOnFiber (node_modules/.pnpm/react-dom@19.2.0_react@19.2.0/node_modules/react-dom/cjs/react-dom-client.development.js:15718:11)
      at recursivelyTraversePassiveMountEffects (node_modules/.pnpm/react-dom@19.2.0_react@19.2.0/node_modules/react-dom/cjs/react-dom-client.development.js:15439:11)
      at commitPassiveMountOnFiber (node_modules/.pnpm/react-dom@19.2.0_react@19.2.0/node_modules/react-dom/cjs/react-dom-client.development.js:15476:11)
      at recursivelyTraversePassiveMountEffects (node_modules/.pnpm/react-dom@19.2.0_react@19.2.0/node_modules/react-dom/cjs/react-dom-client.development.js:15439:11)
      at commitPassiveMountOnFiber (node_modules/.pnpm/react-dom@19.2.0_react@19.2.0/node_modules/react-dom/cjs/react-dom-client.development.js:15476:11)
      at recursivelyTraversePassiveMountEffects (node_modules/.pnpm/react-dom@19.2.0_react@19.2.0/node_modules/react-dom/cjs/react-dom-client.development.js:15439:11)
      at commitPassiveMountOnFiber (node_modules/.pnpm/react-dom@19.2.0_react@19.2.0/node_modules/react-dom/cjs/react-dom-client.development.js:15476:11)
      at recursivelyTraversePassiveMountEffects (node_modules/.pnpm/react-dom@19.2.0_react@19.2.0/node_modules/react-dom/cjs/react-dom-client.development.js:15439:11)
      at commitPassiveMountOnFiber (node_modules/.pnpm/react-dom@19.2.0_react@19.2.0/node_modules/react-dom/cjs/react-dom-client.development.js:15476:11)
      at recursivelyTraversePassiveMountEffects (node_modules/.pnpm/react-dom@19.2.0_react@19.2.0/node_modules/react-dom/cjs/react-dom-client.development.js:15439:11)
      at commitPassiveMountOnFiber (node_modules/.pnpm/react-dom@19.2.0_react@19.2.0/node_modules/react-dom/cjs/react-dom-client.development.js:15519:11)
      at flushPassiveEffects (node_modules/.pnpm/react-dom@19.2.0_react@19.2.0/node_modules/react-dom/cjs/react-dom-client.development.js:18432:9)
      at flushPendingEffects (node_modules/.pnpm/react-dom@19.2.0_react@19.2.0/node_modules/react-dom/cjs/react-dom-client.development.js:18358:14)
      at flushSpawnedWork (node_modules/.pnpm/react-dom@19.2.0_react@19.2.0/node_modules/react-dom/cjs/react-dom-client.development.js:18323:44)
      at commitRoot (node_modules/.pnpm/react-dom@19.2.0_react@19.2.0/node_modules/react-dom/cjs/react-dom-client.development.js:17955:9)
      at performWorkOnRoot (node_modules/.pnpm/react-dom@19.2.0_react@19.2.0/node_modules/react-dom/cjs/react-dom-client.development.js:16667:15)
      at performSyncWorkOnRoot (node_modules/.pnpm/react-dom@19.2.0_react@19.2.0/node_modules/react-dom/cjs/react-dom-client.development.js:18972:7)
      at flushSyncWorkAcrossRoots_impl (node_modules/.pnpm/react-dom@19.2.0_react@19.2.0/node_modules/react-dom/cjs/react-dom-client.development.js:18814:21)
      at flushSpawnedWork (node_modules/.pnpm/react-dom@19.2.0_react@19.2.0/node_modules/react-dom/cjs/react-dom-client.development.js:18334:9)
      at commitRoot (node_modules/.pnpm/react-dom@19.2.0_react@19.2.0/node_modules/react-dom/cjs/react-dom-client.development.js:17955:9)
      at performWorkOnRoot (node_modules/.pnpm/react-dom@19.2.0_react@19.2.0/node_modules/react-dom/cjs/react-dom-client.development.js:16667:15)
      at performWorkOnRootViaSchedulerTask (node_modules/.pnpm/react-dom@19.2.0_react@19.2.0/node_modules/react-dom/cjs/react-dom-client.development.js:18957:7)
      at flushActQueue (node_modules/.pnpm/react@19.2.0/node_modules/react/cjs/react.development.js:590:34)
      at process.env.NODE_ENV.exports.act (node_modules/.pnpm/react@19.2.0/node_modules/react/cjs/react.development.js:884:10)
      at node_modules/.pnpm/@testing-library+react@16.3_15d474de7481bb0af842c1b1705139a8/node_modules/@testing-library/react/dist/act-compat.js:47:25
      at renderRoot (node_modules/.pnpm/@testing-library+react@16.3_15d474de7481bb0af842c1b1705139a8/node_modules/@testing-library/react/dist/pure.js:190:26)
      at render (node_modules/.pnpm/@testing-library+react@16.3_15d474de7481bb0af842c1b1705139a8/node_modules/@testing-library/react/dist/pure.js:292:10)
      at Object.<anonymous> (src/__tests__/components/ExportChatModal.test.tsx:488:13)

    console.error
      `DialogContent` requires a `DialogTitle` for the component to be accessible for screen reader users.
      
      If you want to hide the `DialogTitle`, you can wrap it with our VisuallyHidden component.
      
      For more information, see https://radix-ui.com/primitives/docs/components/dialog

    [0m [90m 373 |[39m       [36mreturn[39m[33m;[39m
     [90m 374 |[39m     }
    [31m[1m>[22m[39m[90m 375 |[39m     originalError[33m.[39mcall(console[33m,[39m [33m...[39margs)[33m;[39m
     [90m     |[39m                   [31m[1m^[22m[39m
     [90m 376 |[39m   }[33m;[39m
     [90m 377 |[39m })[33m;[39m
     [90m 378 |[39m[0m

      at console.call [as error] (jest.setup.js:375:19)
      at node_modules/.pnpm/@radix-ui+react-dialog@1.1._664b8f23a65f4708bb5cf27e5ff43c08/node_modules/@radix-ui/react-dialog/src/dialog.tsx:520:30
      at Object.react_stack_bottom_frame (node_modules/.pnpm/react-dom@19.2.0_react@19.2.0/node_modules/react-dom/cjs/react-dom-client.development.js:25989:20)
      at runWithFiberInDEV (node_modules/.pnpm/react-dom@19.2.0_react@19.2.0/node_modules/react-dom/cjs/react-dom-client.development.js:874:13)
      at commitHookEffectListMount (node_modules/.pnpm/react-dom@19.2.0_react@19.2.0/node_modules/react-dom/cjs/react-dom-client.development.js:13249:29)
      at commitHookPassiveMountEffects (node_modules/.pnpm/react-dom@19.2.0_react@19.2.0/node_modules/react-dom/cjs/react-dom-client.development.js:13336:11)
      at commitPassiveMountOnFiber (node_modules/.pnpm/react-dom@19.2.0_react@19.2.0/node_modules/react-dom/cjs/react-dom-client.development.js:15484:13)
      at recursivelyTraversePassiveMountEffects (node_modules/.pnpm/react-dom@19.2.0_react@19.2.0/node_modules/react-dom/cjs/react-dom-client.development.js:15439:11)
      at commitPassiveMountOnFiber (node_modules/.pnpm/react-dom@19.2.0_react@19.2.0/node_modules/react-dom/cjs/react-dom-client.development.js:15718:11)
      at recursivelyTraversePassiveMountEffects (node_modules/.pnpm/react-dom@19.2.0_react@19.2.0/node_modules/react-dom/cjs/react-dom-client.development.js:15439:11)
      at commitPassiveMountOnFiber (node_modules/.pnpm/react-dom@19.2.0_react@19.2.0/node_modules/react-dom/cjs/react-dom-client.development.js:15476:11)
      at recursivelyTraversePassiveMountEffects (node_modules/.pnpm/react-dom@19.2.0_react@19.2.0/node_modules/react-dom/cjs/react-dom-client.development.js:15439:11)
      at commitPassiveMountOnFiber (node_modules/.pnpm/react-dom@19.2.0_react@19.2.0/node_modules/react-dom/cjs/react-dom-client.development.js:15476:11)
      at recursivelyTraversePassiveMountEffects (node_modules/.pnpm/react-dom@19.2.0_react@19.2.0/node_modules/react-dom/cjs/react-dom-client.development.js:15439:11)
      at commitPassiveMountOnFiber (node_modules/.pnpm/react-dom@19.2.0_react@19.2.0/node_modules/react-dom/cjs/react-dom-client.development.js:15476:11)
      at recursivelyTraversePassiveMountEffects (node_modules/.pnpm/react-dom@19.2.0_react@19.2.0/node_modules/react-dom/cjs/react-dom-client.development.js:15439:11)
      at commitPassiveMountOnFiber (node_modules/.pnpm/react-dom@19.2.0_react@19.2.0/node_modules/react-dom/cjs/react-dom-client.development.js:15476:11)
      at recursivelyTraversePassiveMountEffects (node_modules/.pnpm/react-dom@19.2.0_react@19.2.0/node_modules/react-dom/cjs/react-dom-client.development.js:15439:11)
      at commitPassiveMountOnFiber (node_modules/.pnpm/react-dom@19.2.0_react@19.2.0/node_modules/react-dom/cjs/react-dom-client.development.js:15476:11)
      at recursivelyTraversePassiveMountEffects (node_modules/.pnpm/react-dom@19.2.0_react@19.2.0/node_modules/react-dom/cjs/react-dom-client.development.js:15439:11)
      at commitPassiveMountOnFiber (node_modules/.pnpm/react-dom@19.2.0_react@19.2.0/node_modules/react-dom/cjs/react-dom-client.development.js:15476:11)
      at recursivelyTraversePassiveMountEffects (node_modules/.pnpm/react-dom@19.2.0_react@19.2.0/node_modules/react-dom/cjs/react-dom-client.development.js:15439:11)
      at commitPassiveMountOnFiber (node_modules/.pnpm/react-dom@19.2.0_react@19.2.0/node_modules/react-dom/cjs/react-dom-client.development.js:15476:11)
      at recursivelyTraversePassiveMountEffects (node_modules/.pnpm/react-dom@19.2.0_react@19.2.0/node_modules/react-dom/cjs/react-dom-client.development.js:15439:11)
      at commitPassiveMountOnFiber (node_modules/.pnpm/react-dom@19.2.0_react@19.2.0/node_modules/react-dom/cjs/react-dom-client.development.js:15718:11)
      at recursivelyTraversePassiveMountEffects (node_modules/.pnpm/react-dom@19.2.0_react@19.2.0/node_modules/react-dom/cjs/react-dom-client.development.js:15439:11)
      at commitPassiveMountOnFiber (node_modules/.pnpm/react-dom@19.2.0_react@19.2.0/node_modules/react-dom/cjs/react-dom-client.development.js:15476:11)
      at recursivelyTraversePassiveMountEffects (node_modules/.pnpm/react-dom@19.2.0_react@19.2.0/node_modules/react-dom/cjs/react-dom-client.development.js:15439:11)
      at commitPassiveMountOnFiber (node_modules/.pnpm/react-dom@19.2.0_react@19.2.0/node_modules/react-dom/cjs/react-dom-client.development.js:15476:11)
      at recursivelyTraversePassiveMountEffects (node_modules/.pnpm/react-dom@19.2.0_react@19.2.0/node_modules/react-dom/cjs/react-dom-client.development.js:15439:11)
      at commitPassiveMountOnFiber (node_modules/.pnpm/react-dom@19.2.0_react@19.2.0/node_modules/react-dom/cjs/react-dom-client.development.js:15718:11)
      at recursivelyTraversePassiveMountEffects (node_modules/.pnpm/react-dom@19.2.0_react@19.2.0/node_modules/react-dom/cjs/react-dom-client.development.js:15439:11)
      at commitPassiveMountOnFiber (node_modules/.pnpm/react-dom@19.2.0_react@19.2.0/node_modules/react-dom/cjs/react-dom-client.development.js:15476:11)
      at recursivelyTraversePassiveMountEffects (node_modules/.pnpm/react-dom@19.2.0_react@19.2.0/node_modules/react-dom/cjs/react-dom-client.development.js:15439:11)
      at commitPassiveMountOnFiber (node_modules/.pnpm/react-dom@19.2.0_react@19.2.0/node_modules/react-dom/cjs/react-dom-client.development.js:15476:11)
      at recursivelyTraversePassiveMountEffects (node_modules/.pnpm/react-dom@19.2.0_react@19.2.0/node_modules/react-dom/cjs/react-dom-client.development.js:15439:11)
      at commitPassiveMountOnFiber (node_modules/.pnpm/react-dom@19.2.0_react@19.2.0/node_modules/react-dom/cjs/react-dom-client.development.js:15476:11)
      at recursivelyTraversePassiveMountEffects (node_modules/.pnpm/react-dom@19.2.0_react@19.2.0/node_modules/react-dom/cjs/react-dom-client.development.js:15439:11)
      at commitPassiveMountOnFiber (node_modules/.pnpm/react-dom@19.2.0_react@19.2.0/node_modules/react-dom/cjs/react-dom-client.development.js:15718:11)
      at recursivelyTraversePassiveMountEffects (node_modules/.pnpm/react-dom@19.2.0_react@19.2.0/node_modules/react-dom/cjs/react-dom-client.development.js:15439:11)
      at commitPassiveMountOnFiber (node_modules/.pnpm/react-dom@19.2.0_react@19.2.0/node_modules/react-dom/cjs/react-dom-client.development.js:15476:11)
      at recursivelyTraversePassiveMountEffects (node_modules/.pnpm/react-dom@19.2.0_react@19.2.0/node_modules/react-dom/cjs/react-dom-client.development.js:15439:11)
      at commitPassiveMountOnFiber (node_modules/.pnpm/react-dom@19.2.0_react@19.2.0/node_modules/react-dom/cjs/react-dom-client.development.js:15476:11)
      at recursivelyTraversePassiveMountEffects (node_modules/.pnpm/react-dom@19.2.0_react@19.2.0/node_modules/react-dom/cjs/react-dom-client.development.js:15439:11)
      at commitPassiveMountOnFiber (node_modules/.pnpm/react-dom@19.2.0_react@19.2.0/node_modules/react-dom/cjs/react-dom-client.development.js:15476:11)
      at recursivelyTraversePassiveMountEffects (node_modules/.pnpm/react-dom@19.2.0_react@19.2.0/node_modules/react-dom/cjs/react-dom-client.development.js:15439:11)
      at commitPassiveMountOnFiber (node_modules/.pnpm/react-dom@19.2.0_react@19.2.0/node_modules/react-dom/cjs/react-dom-client.development.js:15476:11)
      at recursivelyTraversePassiveMountEffects (node_modules/.pnpm/react-dom@19.2.0_react@19.2.0/node_modules/react-dom/cjs/react-dom-client.development.js:15439:11)
      at commitPassiveMountOnFiber (node_modules/.pnpm/react-dom@19.2.0_react@19.2.0/node_modules/react-dom/cjs/react-dom-client.development.js:15519:11)
      at flushPassiveEffects (node_modules/.pnpm/react-dom@19.2.0_react@19.2.0/node_modules/react-dom/cjs/react-dom-client.development.js:18432:9)
      at flushPendingEffects (node_modules/.pnpm/react-dom@19.2.0_react@19.2.0/node_modules/react-dom/cjs/react-dom-client.development.js:18358:14)
      at flushSpawnedWork (node_modules/.pnpm/react-dom@19.2.0_react@19.2.0/node_modules/react-dom/cjs/react-dom-client.development.js:18323:44)
      at commitRoot (node_modules/.pnpm/react-dom@19.2.0_react@19.2.0/node_modules/react-dom/cjs/react-dom-client.development.js:17955:9)
      at performWorkOnRoot (node_modules/.pnpm/react-dom@19.2.0_react@19.2.0/node_modules/react-dom/cjs/react-dom-client.development.js:16667:15)
      at performSyncWorkOnRoot (node_modules/.pnpm/react-dom@19.2.0_react@19.2.0/node_modules/react-dom/cjs/react-dom-client.development.js:18972:7)
      at flushSyncWorkAcrossRoots_impl (node_modules/.pnpm/react-dom@19.2.0_react@19.2.0/node_modules/react-dom/cjs/react-dom-client.development.js:18814:21)
      at flushSpawnedWork (node_modules/.pnpm/react-dom@19.2.0_react@19.2.0/node_modules/react-dom/cjs/react-dom-client.development.js:18334:9)
      at commitRoot (node_modules/.pnpm/react-dom@19.2.0_react@19.2.0/node_modules/react-dom/cjs/react-dom-client.development.js:17955:9)
      at performWorkOnRoot (node_modules/.pnpm/react-dom@19.2.0_react@19.2.0/node_modules/react-dom/cjs/react-dom-client.development.js:16667:15)
      at performWorkOnRootViaSchedulerTask (node_modules/.pnpm/react-dom@19.2.0_react@19.2.0/node_modules/react-dom/cjs/react-dom-client.development.js:18957:7)
      at flushActQueue (node_modules/.pnpm/react@19.2.0/node_modules/react/cjs/react.development.js:590:34)
      at process.env.NODE_ENV.exports.act (node_modules/.pnpm/react@19.2.0/node_modules/react/cjs/react.development.js:884:10)
      at node_modules/.pnpm/@testing-library+react@16.3_15d474de7481bb0af842c1b1705139a8/node_modules/@testing-library/react/dist/act-compat.js:47:25
      at renderRoot (node_modules/.pnpm/@testing-library+react@16.3_15d474de7481bb0af842c1b1705139a8/node_modules/@testing-library/react/dist/pure.js:190:26)
      at render (node_modules/.pnpm/@testing-library+react@16.3_15d474de7481bb0af842c1b1705139a8/node_modules/@testing-library/react/dist/pure.js:292:10)
      at Object.<anonymous> (src/__tests__/components/ExportChatModal.test.tsx:504:13)

    console.warn
      Warning: Missing `Description` or `aria-describedby={undefined}` for {DialogContent}.

    [0m [90m 502 |[39m
     [90m 503 |[39m     it([32m'provides accessible labels for date inputs'[39m[33m,[39m () [33m=>[39m {
    [31m[1m>[22m[39m[90m 504 |[39m       render([33m<[39m[33mExportChatModal[39m {[33m...[39mdefaultProps} [33m/[39m[33m>[39m)[33m;[39m
     [90m     |[39m             [31m[1m^[22m[39m
     [90m 505 |[39m
     [90m 506 |[39m       [36mconst[39m dateFromLabel [33m=[39m screen[33m.[39mgetByText([32m'Da'[39m)[33m;[39m
     [90m 507 |[39m       [36mconst[39m dateToLabel [33m=[39m screen[33m.[39mgetByText([32m'A'[39m)[33m;[39m[0m

      at node_modules/.pnpm/@radix-ui+react-dialog@1.1._664b8f23a65f4708bb5cf27e5ff43c08/node_modules/@radix-ui/react-dialog/src/dialog.tsx:543:36
      at Object.react_stack_bottom_frame (node_modules/.pnpm/react-dom@19.2.0_react@19.2.0/node_modules/react-dom/cjs/react-dom-client.development.js:25989:20)
      at runWithFiberInDEV (node_modules/.pnpm/react-dom@19.2.0_react@19.2.0/node_modules/react-dom/cjs/react-dom-client.development.js:874:13)
      at commitHookEffectListMount (node_modules/.pnpm/react-dom@19.2.0_react@19.2.0/node_modules/react-dom/cjs/react-dom-client.development.js:13249:29)
      at commitHookPassiveMountEffects (node_modules/.pnpm/react-dom@19.2.0_react@19.2.0/node_modules/react-dom/cjs/react-dom-client.development.js:13336:11)
      at commitPassiveMountOnFiber (node_modules/.pnpm/react-dom@19.2.0_react@19.2.0/node_modules/react-dom/cjs/react-dom-client.development.js:15484:13)
      at recursivelyTraversePassiveMountEffects (node_modules/.pnpm/react-dom@19.2.0_react@19.2.0/node_modules/react-dom/cjs/react-dom-client.development.js:15439:11)
      at commitPassiveMountOnFiber (node_modules/.pnpm/react-dom@19.2.0_react@19.2.0/node_modules/react-dom/cjs/react-dom-client.development.js:15718:11)
      at recursivelyTraversePassiveMountEffects (node_modules/.pnpm/react-dom@19.2.0_react@19.2.0/node_modules/react-dom/cjs/react-dom-client.development.js:15439:11)
      at commitPassiveMountOnFiber (node_modules/.pnpm/react-dom@19.2.0_react@19.2.0/node_modules/react-dom/cjs/react-dom-client.development.js:15476:11)
      at recursivelyTraversePassiveMountEffects (node_modules/.pnpm/react-dom@19.2.0_react@19.2.0/node_modules/react-dom/cjs/react-dom-client.development.js:15439:11)
      at commitPassiveMountOnFiber (node_modules/.pnpm/react-dom@19.2.0_react@19.2.0/node_modules/react-dom/cjs/react-dom-client.development.js:15476:11)
      at recursivelyTraversePassiveMountEffects (node_modules/.pnpm/react-dom@19.2.0_react@19.2.0/node_modules/react-dom/cjs/react-dom-client.development.js:15439:11)
      at commitPassiveMountOnFiber (node_modules/.pnpm/react-dom@19.2.0_react@19.2.0/node_modules/react-dom/cjs/react-dom-client.development.js:15476:11)
      at recursivelyTraversePassiveMountEffects (node_modules/.pnpm/react-dom@19.2.0_react@19.2.0/node_modules/react-dom/cjs/react-dom-client.development.js:15439:11)
      at commitPassiveMountOnFiber (node_modules/.pnpm/react-dom@19.2.0_react@19.2.0/node_modules/react-dom/cjs/react-dom-client.development.js:15476:11)
      at recursivelyTraversePassiveMountEffects (node_modules/.pnpm/react-dom@19.2.0_react@19.2.0/node_modules/react-dom/cjs/react-dom-client.development.js:15439:11)
      at commitPassiveMountOnFiber (node_modules/.pnpm/react-dom@19.2.0_react@19.2.0/node_modules/react-dom/cjs/react-dom-client.development.js:15476:11)
      at recursivelyTraversePassiveMountEffects (node_modules/.pnpm/react-dom@19.2.0_react@19.2.0/node_modules/react-dom/cjs/react-dom-client.development.js:15439:11)
      at commitPassiveMountOnFiber (node_modules/.pnpm/react-dom@19.2.0_react@19.2.0/node_modules/react-dom/cjs/react-dom-client.development.js:15476:11)
      at recursivelyTraversePassiveMountEffects (node_modules/.pnpm/react-dom@19.2.0_react@19.2.0/node_modules/react-dom/cjs/react-dom-client.development.js:15439:11)
      at commitPassiveMountOnFiber (node_modules/.pnpm/react-dom@19.2.0_react@19.2.0/node_modules/react-dom/cjs/react-dom-client.development.js:15476:11)
      at recursivelyTraversePassiveMountEffects (node_modules/.pnpm/react-dom@19.2.0_react@19.2.0/node_modules/react-dom/cjs/react-dom-client.development.js:15439:11)
      at commitPassiveMountOnFiber (node_modules/.pnpm/react-dom@19.2.0_react@19.2.0/node_modules/react-dom/cjs/react-dom-client.development.js:15718:11)
      at recursivelyTraversePassiveMountEffects (node_modules/.pnpm/react-dom@19.2.0_react@19.2.0/node_modules/react-dom/cjs/react-dom-client.development.js:15439:11)
      at commitPassiveMountOnFiber (node_modules/.pnpm/react-dom@19.2.0_react@19.2.0/node_modules/react-dom/cjs/react-dom-client.development.js:15476:11)
      at recursivelyTraversePassiveMountEffects (node_modules/.pnpm/react-dom@19.2.0_react@19.2.0/node_modules/react-dom/cjs/react-dom-client.development.js:15439:11)
      at commitPassiveMountOnFiber (node_modules/.pnpm/react-dom@19.2.0_react@19.2.0/node_modules/react-dom/cjs/react-dom-client.development.js:15476:11)
      at recursivelyTraversePassiveMountEffects (node_modules/.pnpm/react-dom@19.2.0_react@19.2.0/node_modules/react-dom/cjs/react-dom-client.development.js:15439:11)
      at commitPassiveMountOnFiber (node_modules/.pnpm/react-dom@19.2.0_react@19.2.0/node_modules/react-dom/cjs/react-dom-client.development.js:15718:11)
      at recursivelyTraversePassiveMountEffects (node_modules/.pnpm/react-dom@19.2.0_react@19.2.0/node_modules/react-dom/cjs/react-dom-client.development.js:15439:11)
      at commitPassiveMountOnFiber (node_modules/.pnpm/react-dom@19.2.0_react@19.2.0/node_modules/react-dom/cjs/react-dom-client.development.js:15476:11)
      at recursivelyTraversePassiveMountEffects (node_modules/.pnpm/react-dom@19.2.0_react@19.2.0/node_modules/react-dom/cjs/react-dom-client.development.js:15439:11)
      at commitPassiveMountOnFiber (node_modules/.pnpm/react-dom@19.2.0_react@19.2.0/node_modules/react-dom/cjs/react-dom-client.development.js:15476:11)
      at recursivelyTraversePassiveMountEffects (node_modules/.pnpm/react-dom@19.2.0_react@19.2.0/node_modules/react-dom/cjs/react-dom-client.development.js:15439:11)
      at commitPassiveMountOnFiber (node_modules/.pnpm/react-dom@19.2.0_react@19.2.0/node_modules/react-dom/cjs/react-dom-client.development.js:15476:11)
      at recursivelyTraversePassiveMountEffects (node_modules/.pnpm/react-dom@19.2.0_react@19.2.0/node_modules/react-dom/cjs/react-dom-client.development.js:15439:11)
      at commitPassiveMountOnFiber (node_modules/.pnpm/react-dom@19.2.0_react@19.2.0/node_modules/react-dom/cjs/react-dom-client.development.js:15718:11)
      at recursivelyTraversePassiveMountEffects (node_modules/.pnpm/react-dom@19.2.0_react@19.2.0/node_modules/react-dom/cjs/react-dom-client.development.js:15439:11)
      at commitPassiveMountOnFiber (node_modules/.pnpm/react-dom@19.2.0_react@19.2.0/node_modules/react-dom/cjs/react-dom-client.development.js:15476:11)
      at recursivelyTraversePassiveMountEffects (node_modules/.pnpm/react-dom@19.2.0_react@19.2.0/node_modules/react-dom/cjs/react-dom-client.development.js:15439:11)
      at commitPassiveMountOnFiber (node_modules/.pnpm/react-dom@19.2.0_react@19.2.0/node_modules/react-dom/cjs/react-dom-client.development.js:15476:11)
      at recursivelyTraversePassiveMountEffects (node_modules/.pnpm/react-dom@19.2.0_react@19.2.0/node_modules/react-dom/cjs/react-dom-client.development.js:15439:11)
      at commitPassiveMountOnFiber (node_modules/.pnpm/react-dom@19.2.0_react@19.2.0/node_modules/react-dom/cjs/react-dom-client.development.js:15476:11)
      at recursivelyTraversePassiveMountEffects (node_modules/.pnpm/react-dom@19.2.0_react@19.2.0/node_modules/react-dom/cjs/react-dom-client.development.js:15439:11)
      at commitPassiveMountOnFiber (node_modules/.pnpm/react-dom@19.2.0_react@19.2.0/node_modules/react-dom/cjs/react-dom-client.development.js:15476:11)
      at recursivelyTraversePassiveMountEffects (node_modules/.pnpm/react-dom@19.2.0_react@19.2.0/node_modules/react-dom/cjs/react-dom-client.development.js:15439:11)
      at commitPassiveMountOnFiber (node_modules/.pnpm/react-dom@19.2.0_react@19.2.0/node_modules/react-dom/cjs/react-dom-client.development.js:15519:11)
      at flushPassiveEffects (node_modules/.pnpm/react-dom@19.2.0_react@19.2.0/node_modules/react-dom/cjs/react-dom-client.development.js:18432:9)
      at flushPendingEffects (node_modules/.pnpm/react-dom@19.2.0_react@19.2.0/node_modules/react-dom/cjs/react-dom-client.development.js:18358:14)
      at flushSpawnedWork (node_modules/.pnpm/react-dom@19.2.0_react@19.2.0/node_modules/react-dom/cjs/react-dom-client.development.js:18323:44)
      at commitRoot (node_modules/.pnpm/react-dom@19.2.0_react@19.2.0/node_modules/react-dom/cjs/react-dom-client.development.js:17955:9)
      at performWorkOnRoot (node_modules/.pnpm/react-dom@19.2.0_react@19.2.0/node_modules/react-dom/cjs/react-dom-client.development.js:16667:15)
      at performSyncWorkOnRoot (node_modules/.pnpm/react-dom@19.2.0_react@19.2.0/node_modules/react-dom/cjs/react-dom-client.development.js:18972:7)
      at flushSyncWorkAcrossRoots_impl (node_modules/.pnpm/react-dom@19.2.0_react@19.2.0/node_modules/react-dom/cjs/react-dom-client.development.js:18814:21)
      at flushSpawnedWork (node_modules/.pnpm/react-dom@19.2.0_react@19.2.0/node_modules/react-dom/cjs/react-dom-client.development.js:18334:9)
      at commitRoot (node_modules/.pnpm/react-dom@19.2.0_react@19.2.0/node_modules/react-dom/cjs/react-dom-client.development.js:17955:9)
      at performWorkOnRoot (node_modules/.pnpm/react-dom@19.2.0_react@19.2.0/node_modules/react-dom/cjs/react-dom-client.development.js:16667:15)
      at performWorkOnRootViaSchedulerTask (node_modules/.pnpm/react-dom@19.2.0_react@19.2.0/node_modules/react-dom/cjs/react-dom-client.development.js:18957:7)
      at flushActQueue (node_modules/.pnpm/react@19.2.0/node_modules/react/cjs/react.development.js:590:34)
      at process.env.NODE_ENV.exports.act (node_modules/.pnpm/react@19.2.0/node_modules/react/cjs/react.development.js:884:10)
      at node_modules/.pnpm/@testing-library+react@16.3_15d474de7481bb0af842c1b1705139a8/node_modules/@testing-library/react/dist/act-compat.js:47:25
      at renderRoot (node_modules/.pnpm/@testing-library+react@16.3_15d474de7481bb0af842c1b1705139a8/node_modules/@testing-library/react/dist/pure.js:190:26)
      at render (node_modules/.pnpm/@testing-library+react@16.3_15d474de7481bb0af842c1b1705139a8/node_modules/@testing-library/react/dist/pure.js:292:10)
      at Object.<anonymous> (src/__tests__/components/ExportChatModal.test.tsx:504:13)

    console.error
      `DialogContent` requires a `DialogTitle` for the component to be accessible for screen reader users.
      
      If you want to hide the `DialogTitle`, you can wrap it with our VisuallyHidden component.
      
      For more information, see https://radix-ui.com/primitives/docs/components/dialog

    [0m [90m 373 |[39m       [36mreturn[39m[33m;[39m
     [90m 374 |[39m     }
    [31m[1m>[22m[39m[90m 375 |[39m     originalError[33m.[39mcall(console[33m,[39m [33m...[39margs)[33m;[39m
     [90m     |[39m                   [31m[1m^[22m[39m
     [90m 376 |[39m   }[33m;[39m
     [90m 377 |[39m })[33m;[39m
     [90m 378 |[39m[0m

      at console.call [as error] (jest.setup.js:375:19)
      at node_modules/.pnpm/@radix-ui+react-dialog@1.1._664b8f23a65f4708bb5cf27e5ff43c08/node_modules/@radix-ui/react-dialog/src/dialog.tsx:520:30
      at Object.react_stack_bottom_frame (node_modules/.pnpm/react-dom@19.2.0_react@19.2.0/node_modules/react-dom/cjs/react-dom-client.development.js:25989:20)
      at runWithFiberInDEV (node_modules/.pnpm/react-dom@19.2.0_react@19.2.0/node_modules/react-dom/cjs/react-dom-client.development.js:874:13)
      at commitHookEffectListMount (node_modules/.pnpm/react-dom@19.2.0_react@19.2.0/node_modules/react-dom/cjs/react-dom-client.development.js:13249:29)
      at commitHookPassiveMountEffects (node_modules/.pnpm/react-dom@19.2.0_react@19.2.0/node_modules/react-dom/cjs/react-dom-client.development.js:13336:11)
      at commitPassiveMountOnFiber (node_modules/.pnpm/react-dom@19.2.0_react@19.2.0/node_modules/react-dom/cjs/react-dom-client.development.js:15484:13)
      at recursivelyTraversePassiveMountEffects (node_modules/.pnpm/react-dom@19.2.0_react@19.2.0/node_modules/react-dom/cjs/react-dom-client.development.js:15439:11)
      at commitPassiveMountOnFiber (node_modules/.pnpm/react-dom@19.2.0_react@19.2.0/node_modules/react-dom/cjs/react-dom-client.development.js:15718:11)
      at recursivelyTraversePassiveMountEffects (node_modules/.pnpm/react-dom@19.2.0_react@19.2.0/node_modules/react-dom/cjs/react-dom-client.development.js:15439:11)
      at commitPassiveMountOnFiber (node_modules/.pnpm/react-dom@19.2.0_react@19.2.0/node_modules/react-dom/cjs/react-dom-client.development.js:15476:11)
      at recursivelyTraversePassiveMountEffects (node_modules/.pnpm/react-dom@19.2.0_react@19.2.0/node_modules/react-dom/cjs/react-dom-client.development.js:15439:11)
      at commitPassiveMountOnFiber (node_modules/.pnpm/react-dom@19.2.0_react@19.2.0/node_modules/react-dom/cjs/react-dom-client.development.js:15476:11)
      at recursivelyTraversePassiveMountEffects (node_modules/.pnpm/react-dom@19.2.0_react@19.2.0/node_modules/react-dom/cjs/react-dom-client.development.js:15439:11)
      at commitPassiveMountOnFiber (node_modules/.pnpm/react-dom@19.2.0_react@19.2.0/node_modules/react-dom/cjs/react-dom-client.development.js:15476:11)
      at recursivelyTraversePassiveMountEffects (node_modules/.pnpm/react-dom@19.2.0_react@19.2.0/node_modules/react-dom/cjs/react-dom-client.development.js:15439:11)
      at commitPassiveMountOnFiber (node_modules/.pnpm/react-dom@19.2.0_react@19.2.0/node_modules/react-dom/cjs/react-dom-client.development.js:15476:11)
      at recursivelyTraversePassiveMountEffects (node_modules/.pnpm/react-dom@19.2.0_react@19.2.0/node_modules/react-dom/cjs/react-dom-client.development.js:15439:11)
      at commitPassiveMountOnFiber (node_modules/.pnpm/react-dom@19.2.0_react@19.2.0/node_modules/react-dom/cjs/react-dom-client.development.js:15476:11)
      at recursivelyTraversePassiveMountEffects (node_modules/.pnpm/react-dom@19.2.0_react@19.2.0/node_modules/react-dom/cjs/react-dom-client.development.js:15439:11)
      at commitPassiveMountOnFiber (node_modules/.pnpm/react-dom@19.2.0_react@19.2.0/node_modules/react-dom/cjs/react-dom-client.development.js:15476:11)
      at recursivelyTraversePassiveMountEffects (node_modules/.pnpm/react-dom@19.2.0_react@19.2.0/node_modules/react-dom/cjs/react-dom-client.development.js:15439:11)
      at commitPassiveMountOnFiber (node_modules/.pnpm/react-dom@19.2.0_react@19.2.0/node_modules/react-dom/cjs/react-dom-client.development.js:15476:11)
      at recursivelyTraversePassiveMountEffects (node_modules/.pnpm/react-dom@19.2.0_react@19.2.0/node_modules/react-dom/cjs/react-dom-client.development.js:15439:11)
      at commitPassiveMountOnFiber (node_modules/.pnpm/react-dom@19.2.0_react@19.2.0/node_modules/react-dom/cjs/react-dom-client.development.js:15718:11)
      at recursivelyTraversePassiveMountEffects (node_modules/.pnpm/react-dom@19.2.0_react@19.2.0/node_modules/react-dom/cjs/react-dom-client.development.js:15439:11)
      at commitPassiveMountOnFiber (node_modules/.pnpm/react-dom@19.2.0_react@19.2.0/node_modules/react-dom/cjs/react-dom-client.development.js:15476:11)
      at recursivelyTraversePassiveMountEffects (node_modules/.pnpm/react-dom@19.2.0_react@19.2.0/node_modules/react-dom/cjs/react-dom-client.development.js:15439:11)
      at commitPassiveMountOnFiber (node_modules/.pnpm/react-dom@19.2.0_react@19.2.0/node_modules/react-dom/cjs/react-dom-client.development.js:15476:11)
      at recursivelyTraversePassiveMountEffects (node_modules/.pnpm/react-dom@19.2.0_react@19.2.0/node_modules/react-dom/cjs/react-dom-client.development.js:15439:11)
      at commitPassiveMountOnFiber (node_modules/.pnpm/react-dom@19.2.0_react@19.2.0/node_modules/react-dom/cjs/react-dom-client.development.js:15718:11)
      at recursivelyTraversePassiveMountEffects (node_modules/.pnpm/react-dom@19.2.0_react@19.2.0/node_modules/react-dom/cjs/react-dom-client.development.js:15439:11)
      at commitPassiveMountOnFiber (node_modules/.pnpm/react-dom@19.2.0_react@19.2.0/node_modules/react-dom/cjs/react-dom-client.development.js:15476:11)
      at recursivelyTraversePassiveMountEffects (node_modules/.pnpm/react-dom@19.2.0_react@19.2.0/node_modules/react-dom/cjs/react-dom-client.development.js:15439:11)
      at commitPassiveMountOnFiber (node_modules/.pnpm/react-dom@19.2.0_react@19.2.0/node_modules/react-dom/cjs/react-dom-client.development.js:15476:11)
      at recursivelyTraversePassiveMountEffects (node_modules/.pnpm/react-dom@19.2.0_react@19.2.0/node_modules/react-dom/cjs/react-dom-client.development.js:15439:11)
      at commitPassiveMountOnFiber (node_modules/.pnpm/react-dom@19.2.0_react@19.2.0/node_modules/react-dom/cjs/react-dom-client.development.js:15476:11)
      at recursivelyTraversePassiveMountEffects (node_modules/.pnpm/react-dom@19.2.0_react@19.2.0/node_modules/react-dom/cjs/react-dom-client.development.js:15439:11)
      at commitPassiveMountOnFiber (node_modules/.pnpm/react-dom@19.2.0_react@19.2.0/node_modules/react-dom/cjs/react-dom-client.development.js:15718:11)
      at recursivelyTraversePassiveMountEffects (node_modules/.pnpm/react-dom@19.2.0_react@19.2.0/node_modules/react-dom/cjs/react-dom-client.development.js:15439:11)
      at commitPassiveMountOnFiber (node_modules/.pnpm/react-dom@19.2.0_react@19.2.0/node_modules/react-dom/cjs/react-dom-client.development.js:15476:11)
      at recursivelyTraversePassiveMountEffects (node_modules/.pnpm/react-dom@19.2.0_react@19.2.0/node_modules/react-dom/cjs/react-dom-client.development.js:15439:11)
      at commitPassiveMountOnFiber (node_modules/.pnpm/react-dom@19.2.0_react@19.2.0/node_modules/react-dom/cjs/react-dom-client.development.js:15476:11)
      at recursivelyTraversePassiveMountEffects (node_modules/.pnpm/react-dom@19.2.0_react@19.2.0/node_modules/react-dom/cjs/react-dom-client.development.js:15439:11)
      at commitPassiveMountOnFiber (node_modules/.pnpm/react-dom@19.2.0_react@19.2.0/node_modules/react-dom/cjs/react-dom-client.development.js:15476:11)
      at recursivelyTraversePassiveMountEffects (node_modules/.pnpm/react-dom@19.2.0_react@19.2.0/node_modules/react-dom/cjs/react-dom-client.development.js:15439:11)
      at commitPassiveMountOnFiber (node_modules/.pnpm/react-dom@19.2.0_react@19.2.0/node_modules/react-dom/cjs/react-dom-client.development.js:15476:11)
      at recursivelyTraversePassiveMountEffects (node_modules/.pnpm/react-dom@19.2.0_react@19.2.0/node_modules/react-dom/cjs/react-dom-client.development.js:15439:11)
      at commitPassiveMountOnFiber (node_modules/.pnpm/react-dom@19.2.0_react@19.2.0/node_modules/react-dom/cjs/react-dom-client.development.js:15519:11)
      at flushPassiveEffects (node_modules/.pnpm/react-dom@19.2.0_react@19.2.0/node_modules/react-dom/cjs/react-dom-client.development.js:18432:9)
      at flushPendingEffects (node_modules/.pnpm/react-dom@19.2.0_react@19.2.0/node_modules/react-dom/cjs/react-dom-client.development.js:18358:14)
      at flushSpawnedWork (node_modules/.pnpm/react-dom@19.2.0_react@19.2.0/node_modules/react-dom/cjs/react-dom-client.development.js:18323:44)
      at commitRoot (node_modules/.pnpm/react-dom@19.2.0_react@19.2.0/node_modules/react-dom/cjs/react-dom-client.development.js:17955:9)
      at performWorkOnRoot (node_modules/.pnpm/react-dom@19.2.0_react@19.2.0/node_modules/react-dom/cjs/react-dom-client.development.js:16667:15)
      at performSyncWorkOnRoot (node_modules/.pnpm/react-dom@19.2.0_react@19.2.0/node_modules/react-dom/cjs/react-dom-client.development.js:18972:7)
      at flushSyncWorkAcrossRoots_impl (node_modules/.pnpm/react-dom@19.2.0_react@19.2.0/node_modules/react-dom/cjs/react-dom-client.development.js:18814:21)
      at flushSpawnedWork (node_modules/.pnpm/react-dom@19.2.0_react@19.2.0/node_modules/react-dom/cjs/react-dom-client.development.js:18334:9)
      at commitRoot (node_modules/.pnpm/react-dom@19.2.0_react@19.2.0/node_modules/react-dom/cjs/react-dom-client.development.js:17955:9)
      at performWorkOnRoot (node_modules/.pnpm/react-dom@19.2.0_react@19.2.0/node_modules/react-dom/cjs/react-dom-client.development.js:16667:15)
      at performWorkOnRootViaSchedulerTask (node_modules/.pnpm/react-dom@19.2.0_react@19.2.0/node_modules/react-dom/cjs/react-dom-client.development.js:18957:7)
      at flushActQueue (node_modules/.pnpm/react@19.2.0/node_modules/react/cjs/react.development.js:590:34)
      at process.env.NODE_ENV.exports.act (node_modules/.pnpm/react@19.2.0/node_modules/react/cjs/react.development.js:884:10)
      at node_modules/.pnpm/@testing-library+react@16.3_15d474de7481bb0af842c1b1705139a8/node_modules/@testing-library/react/dist/act-compat.js:47:25
      at renderRoot (node_modules/.pnpm/@testing-library+react@16.3_15d474de7481bb0af842c1b1705139a8/node_modules/@testing-library/react/dist/pure.js:190:26)
      at render (node_modules/.pnpm/@testing-library+react@16.3_15d474de7481bb0af842c1b1705139a8/node_modules/@testing-library/react/dist/pure.js:292:10)
      at Object.<anonymous> (src/__tests__/components/ExportChatModal.test.tsx:514:13)

    console.warn
      Warning: Missing `Description` or `aria-describedby={undefined}` for {DialogContent}.

    [0m [90m 512 |[39m
     [90m 513 |[39m     it([32m'uses radio group for format selection'[39m[33m,[39m () [33m=>[39m {
    [31m[1m>[22m[39m[90m 514 |[39m       render([33m<[39m[33mExportChatModal[39m {[33m...[39mdefaultProps} [33m/[39m[33m>[39m)[33m;[39m
     [90m     |[39m             [31m[1m^[22m[39m
     [90m 515 |[39m
     [90m 516 |[39m       [36mconst[39m radioGroup [33m=[39m screen[33m.[39mgetByRole([32m'group'[39m[33m,[39m { name[33m:[39m [35m/export format selection/i[39m })[33m;[39m
     [90m 517 |[39m       expect(radioGroup)[33m.[39mtoBeInTheDocument()[33m;[39m[0m

      at node_modules/.pnpm/@radix-ui+react-dialog@1.1._664b8f23a65f4708bb5cf27e5ff43c08/node_modules/@radix-ui/react-dialog/src/dialog.tsx:543:36
      at Object.react_stack_bottom_frame (node_modules/.pnpm/react-dom@19.2.0_react@19.2.0/node_modules/react-dom/cjs/react-dom-client.development.js:25989:20)
      at runWithFiberInDEV (node_modules/.pnpm/react-dom@19.2.0_react@19.2.0/node_modules/react-dom/cjs/react-dom-client.development.js:874:13)
      at commitHookEffectListMount (node_modules/.pnpm/react-dom@19.2.0_react@19.2.0/node_modules/react-dom/cjs/react-dom-client.development.js:13249:29)
      at commitHookPassiveMountEffects (node_modules/.pnpm/react-dom@19.2.0_react@19.2.0/node_modules/react-dom/cjs/react-dom-client.development.js:13336:11)
      at commitPassiveMountOnFiber (node_modules/.pnpm/react-dom@19.2.0_react@19.2.0/node_modules/react-dom/cjs/react-dom-client.development.js:15484:13)
      at recursivelyTraversePassiveMountEffects (node_modules/.pnpm/react-dom@19.2.0_react@19.2.0/node_modules/react-dom/cjs/react-dom-client.development.js:15439:11)
      at commitPassiveMountOnFiber (node_modules/.pnpm/react-dom@19.2.0_react@19.2.0/node_modules/react-dom/cjs/react-dom-client.development.js:15718:11)
      at recursivelyTraversePassiveMountEffects (node_modules/.pnpm/react-dom@19.2.0_react@19.2.0/node_modules/react-dom/cjs/react-dom-client.development.js:15439:11)
      at commitPassiveMountOnFiber (node_modules/.pnpm/react-dom@19.2.0_react@19.2.0/node_modules/react-dom/cjs/react-dom-client.development.js:15476:11)
      at recursivelyTraversePassiveMountEffects (node_modules/.pnpm/react-dom@19.2.0_react@19.2.0/node_modules/react-dom/cjs/react-dom-client.development.js:15439:11)
      at commitPassiveMountOnFiber (node_modules/.pnpm/react-dom@19.2.0_react@19.2.0/node_modules/react-dom/cjs/react-dom-client.development.js:15476:11)
      at recursivelyTraversePassiveMountEffects (node_modules/.pnpm/react-dom@19.2.0_react@19.2.0/node_modules/react-dom/cjs/react-dom-client.development.js:15439:11)
      at commitPassiveMountOnFiber (node_modules/.pnpm/react-dom@19.2.0_react@19.2.0/node_modules/react-dom/cjs/react-dom-client.development.js:15476:11)
      at recursivelyTraversePassiveMountEffects (node_modules/.pnpm/react-dom@19.2.0_react@19.2.0/node_modules/react-dom/cjs/react-dom-client.development.js:15439:11)
      at commitPassiveMountOnFiber (node_modules/.pnpm/react-dom@19.2.0_react@19.2.0/node_modules/react-dom/cjs/react-dom-client.development.js:15476:11)
      at recursivelyTraversePassiveMountEffects (node_modules/.pnpm/react-dom@19.2.0_react@19.2.0/node_modules/react-dom/cjs/react-dom-client.development.js:15439:11)
      at commitPassiveMountOnFiber (node_modules/.pnpm/react-dom@19.2.0_react@19.2.0/node_modules/react-dom/cjs/react-dom-client.development.js:15476:11)
      at recursivelyTraversePassiveMountEffects (node_modules/.pnpm/react-dom@19.2.0_react@19.2.0/node_modules/react-dom/cjs/react-dom-client.development.js:15439:11)
      at commitPassiveMountOnFiber (node_modules/.pnpm/react-dom@19.2.0_react@19.2.0/node_modules/react-dom/cjs/react-dom-client.development.js:15476:11)
      at recursivelyTraversePassiveMountEffects (node_modules/.pnpm/react-dom@19.2.0_react@19.2.0/node_modules/react-dom/cjs/react-dom-client.development.js:15439:11)
      at commitPassiveMountOnFiber (node_modules/.pnpm/react-dom@19.2.0_react@19.2.0/node_modules/react-dom/cjs/react-dom-client.development.js:15476:11)
      at recursivelyTraversePassiveMountEffects (node_modules/.pnpm/react-dom@19.2.0_react@19.2.0/node_modules/react-dom/cjs/react-dom-client.development.js:15439:11)
      at commitPassiveMountOnFiber (node_modules/.pnpm/react-dom@19.2.0_react@19.2.0/node_modules/react-dom/cjs/react-dom-client.development.js:15718:11)
      at recursivelyTraversePassiveMountEffects (node_modules/.pnpm/react-dom@19.2.0_react@19.2.0/node_modules/react-dom/cjs/react-dom-client.development.js:15439:11)
      at commitPassiveMountOnFiber (node_modules/.pnpm/react-dom@19.2.0_react@19.2.0/node_modules/react-dom/cjs/react-dom-client.development.js:15476:11)
      at recursivelyTraversePassiveMountEffects (node_modules/.pnpm/react-dom@19.2.0_react@19.2.0/node_modules/react-dom/cjs/react-dom-client.development.js:15439:11)
      at commitPassiveMountOnFiber (node_modules/.pnpm/react-dom@19.2.0_react@19.2.0/node_modules/react-dom/cjs/react-dom-client.development.js:15476:11)
      at recursivelyTraversePassiveMountEffects (node_modules/.pnpm/react-dom@19.2.0_react@19.2.0/node_modules/react-dom/cjs/react-dom-client.development.js:15439:11)
      at commitPassiveMountOnFiber (node_modules/.pnpm/react-dom@19.2.0_react@19.2.0/node_modules/react-dom/cjs/react-dom-client.development.js:15718:11)
      at recursivelyTraversePassiveMountEffects (node_modules/.pnpm/react-dom@19.2.0_react@19.2.0/node_modules/react-dom/cjs/react-dom-client.development.js:15439:11)
      at commitPassiveMountOnFiber (node_modules/.pnpm/react-dom@19.2.0_react@19.2.0/node_modules/react-dom/cjs/react-dom-client.development.js:15476:11)
      at recursivelyTraversePassiveMountEffects (node_modules/.pnpm/react-dom@19.2.0_react@19.2.0/node_modules/react-dom/cjs/react-dom-client.development.js:15439:11)
      at commitPassiveMountOnFiber (node_modules/.pnpm/react-dom@19.2.0_react@19.2.0/node_modules/react-dom/cjs/react-dom-client.development.js:15476:11)
      at recursivelyTraversePassiveMountEffects (node_modules/.pnpm/react-dom@19.2.0_react@19.2.0/node_modules/react-dom/cjs/react-dom-client.development.js:15439:11)
      at commitPassiveMountOnFiber (node_modules/.pnpm/react-dom@19.2.0_react@19.2.0/node_modules/react-dom/cjs/react-dom-client.development.js:15476:11)
      at recursivelyTraversePassiveMountEffects (node_modules/.pnpm/react-dom@19.2.0_react@19.2.0/node_modules/react-dom/cjs/react-dom-client.development.js:15439:11)
      at commitPassiveMountOnFiber (node_modules/.pnpm/react-dom@19.2.0_react@19.2.0/node_modules/react-dom/cjs/react-dom-client.development.js:15718:11)
      at recursivelyTraversePassiveMountEffects (node_modules/.pnpm/react-dom@19.2.0_react@19.2.0/node_modules/react-dom/cjs/react-dom-client.development.js:15439:11)
      at commitPassiveMountOnFiber (node_modules/.pnpm/react-dom@19.2.0_react@19.2.0/node_modules/react-dom/cjs/react-dom-client.development.js:15476:11)
      at recursivelyTraversePassiveMountEffects (node_modules/.pnpm/react-dom@19.2.0_react@19.2.0/node_modules/react-dom/cjs/react-dom-client.development.js:15439:11)
      at commitPassiveMountOnFiber (node_modules/.pnpm/react-dom@19.2.0_react@19.2.0/node_modules/react-dom/cjs/react-dom-client.development.js:15476:11)
      at recursivelyTraversePassiveMountEffects (node_modules/.pnpm/react-dom@19.2.0_react@19.2.0/node_modules/react-dom/cjs/react-dom-client.development.js:15439:11)
      at commitPassiveMountOnFiber (node_modules/.pnpm/react-dom@19.2.0_react@19.2.0/node_modules/react-dom/cjs/react-dom-client.development.js:15476:11)
      at recursivelyTraversePassiveMountEffects (node_modules/.pnpm/react-dom@19.2.0_react@19.2.0/node_modules/react-dom/cjs/react-dom-client.development.js:15439:11)
      at commitPassiveMountOnFiber (node_modules/.pnpm/react-dom@19.2.0_react@19.2.0/node_modules/react-dom/cjs/react-dom-client.development.js:15476:11)
      at recursivelyTraversePassiveMountEffects (node_modules/.pnpm/react-dom@19.2.0_react@19.2.0/node_modules/react-dom/cjs/react-dom-client.development.js:15439:11)
      at commitPassiveMountOnFiber (node_modules/.pnpm/react-dom@19.2.0_react@19.2.0/node_modules/react-dom/cjs/react-dom-client.development.js:15519:11)
      at flushPassiveEffects (node_modules/.pnpm/react-dom@19.2.0_react@19.2.0/node_modules/react-dom/cjs/react-dom-client.development.js:18432:9)
      at flushPendingEffects (node_modules/.pnpm/react-dom@19.2.0_react@19.2.0/node_modules/react-dom/cjs/react-dom-client.development.js:18358:14)
      at flushSpawnedWork (node_modules/.pnpm/react-dom@19.2.0_react@19.2.0/node_modules/react-dom/cjs/react-dom-client.development.js:18323:44)
      at commitRoot (node_modules/.pnpm/react-dom@19.2.0_react@19.2.0/node_modules/react-dom/cjs/react-dom-client.development.js:17955:9)
      at performWorkOnRoot (node_modules/.pnpm/react-dom@19.2.0_react@19.2.0/node_modules/react-dom/cjs/react-dom-client.development.js:16667:15)
      at performSyncWorkOnRoot (node_modules/.pnpm/react-dom@19.2.0_react@19.2.0/node_modules/react-dom/cjs/react-dom-client.development.js:18972:7)
      at flushSyncWorkAcrossRoots_impl (node_modules/.pnpm/react-dom@19.2.0_react@19.2.0/node_modules/react-dom/cjs/react-dom-client.development.js:18814:21)
      at flushSpawnedWork (node_modules/.pnpm/react-dom@19.2.0_react@19.2.0/node_modules/react-dom/cjs/react-dom-client.development.js:18334:9)
      at commitRoot (node_modules/.pnpm/react-dom@19.2.0_react@19.2.0/node_modules/react-dom/cjs/react-dom-client.development.js:17955:9)
      at performWorkOnRoot (node_modules/.pnpm/react-dom@19.2.0_react@19.2.0/node_modules/react-dom/cjs/react-dom-client.development.js:16667:15)
      at performWorkOnRootViaSchedulerTask (node_modules/.pnpm/react-dom@19.2.0_react@19.2.0/node_modules/react-dom/cjs/react-dom-client.development.js:18957:7)
      at flushActQueue (node_modules/.pnpm/react@19.2.0/node_modules/react/cjs/react.development.js:590:34)
      at process.env.NODE_ENV.exports.act (node_modules/.pnpm/react@19.2.0/node_modules/react/cjs/react.development.js:884:10)
      at node_modules/.pnpm/@testing-library+react@16.3_15d474de7481bb0af842c1b1705139a8/node_modules/@testing-library/react/dist/act-compat.js:47:25
      at renderRoot (node_modules/.pnpm/@testing-library+react@16.3_15d474de7481bb0af842c1b1705139a8/node_modules/@testing-library/react/dist/pure.js:190:26)
      at render (node_modules/.pnpm/@testing-library+react@16.3_15d474de7481bb0af842c1b1705139a8/node_modules/@testing-library/react/dist/pure.js:292:10)
      at Object.<anonymous> (src/__tests__/components/ExportChatModal.test.tsx:514:13)

    console.error
      `DialogContent` requires a `DialogTitle` for the component to be accessible for screen reader users.
      
      If you want to hide the `DialogTitle`, you can wrap it with our VisuallyHidden component.
      
      For more information, see https://radix-ui.com/primitives/docs/components/dialog

    [0m [90m 373 |[39m       [36mreturn[39m[33m;[39m
     [90m 374 |[39m     }
    [31m[1m>[22m[39m[90m 375 |[39m     originalError[33m.[39mcall(console[33m,[39m [33m...[39margs)[33m;[39m
     [90m     |[39m                   [31m[1m^[22m[39m
     [90m 376 |[39m   }[33m;[39m
     [90m 377 |[39m })[33m;[39m
     [90m 378 |[39m[0m

      at console.call [as error] (jest.setup.js:375:19)
      at node_modules/.pnpm/@radix-ui+react-dialog@1.1._664b8f23a65f4708bb5cf27e5ff43c08/node_modules/@radix-ui/react-dialog/src/dialog.tsx:520:30
      at Object.react_stack_bottom_frame (node_modules/.pnpm/react-dom@19.2.0_react@19.2.0/node_modules/react-dom/cjs/react-dom-client.development.js:25989:20)
      at runWithFiberInDEV (node_modules/.pnpm/react-dom@19.2.0_react@19.2.0/node_modules/react-dom/cjs/react-dom-client.development.js:874:13)
      at commitHookEffectListMount (node_modules/.pnpm/react-dom@19.2.0_react@19.2.0/node_modules/react-dom/cjs/react-dom-client.development.js:13249:29)
      at commitHookPassiveMountEffects (node_modules/.pnpm/react-dom@19.2.0_react@19.2.0/node_modules/react-dom/cjs/react-dom-client.development.js:13336:11)
      at commitPassiveMountOnFiber (node_modules/.pnpm/react-dom@19.2.0_react@19.2.0/node_modules/react-dom/cjs/react-dom-client.development.js:15484:13)
      at recursivelyTraversePassiveMountEffects (node_modules/.pnpm/react-dom@19.2.0_react@19.2.0/node_modules/react-dom/cjs/react-dom-client.development.js:15439:11)
      at commitPassiveMountOnFiber (node_modules/.pnpm/react-dom@19.2.0_react@19.2.0/node_modules/react-dom/cjs/react-dom-client.development.js:15718:11)
      at recursivelyTraversePassiveMountEffects (node_modules/.pnpm/react-dom@19.2.0_react@19.2.0/node_modules/react-dom/cjs/react-dom-client.development.js:15439:11)
      at commitPassiveMountOnFiber (node_modules/.pnpm/react-dom@19.2.0_react@19.2.0/node_modules/react-dom/cjs/react-dom-client.development.js:15476:11)
      at recursivelyTraversePassiveMountEffects (node_modules/.pnpm/react-dom@19.2.0_react@19.2.0/node_modules/react-dom/cjs/react-dom-client.development.js:15439:11)
      at commitPassiveMountOnFiber (node_modules/.pnpm/react-dom@19.2.0_react@19.2.0/node_modules/react-dom/cjs/react-dom-client.development.js:15476:11)
      at recursivelyTraversePassiveMountEffects (node_modules/.pnpm/react-dom@19.2.0_react@19.2.0/node_modules/react-dom/cjs/react-dom-client.development.js:15439:11)
      at commitPassiveMountOnFiber (node_modules/.pnpm/react-dom@19.2.0_react@19.2.0/node_modules/react-dom/cjs/react-dom-client.development.js:15476:11)
      at recursivelyTraversePassiveMountEffects (node_modules/.pnpm/react-dom@19.2.0_react@19.2.0/node_modules/react-dom/cjs/react-dom-client.development.js:15439:11)
      at commitPassiveMountOnFiber (node_modules/.pnpm/react-dom@19.2.0_react@19.2.0/node_modules/react-dom/cjs/react-dom-client.development.js:15476:11)
      at recursivelyTraversePassiveMountEffects (node_modules/.pnpm/react-dom@19.2.0_react@19.2.0/node_modules/react-dom/cjs/react-dom-client.development.js:15439:11)
      at commitPassiveMountOnFiber (node_modules/.pnpm/react-dom@19.2.0_react@19.2.0/node_modules/react-dom/cjs/react-dom-client.development.js:15476:11)
      at recursivelyTraversePassiveMountEffects (node_modules/.pnpm/react-dom@19.2.0_react@19.2.0/node_modules/react-dom/cjs/react-dom-client.development.js:15439:11)
      at commitPassiveMountOnFiber (node_modules/.pnpm/react-dom@19.2.0_react@19.2.0/node_modules/react-dom/cjs/react-dom-client.development.js:15476:11)
      at recursivelyTraversePassiveMountEffects (node_modules/.pnpm/react-dom@19.2.0_react@19.2.0/node_modules/react-dom/cjs/react-dom-client.development.js:15439:11)
      at commitPassiveMountOnFiber (node_modules/.pnpm/react-dom@19.2.0_react@19.2.0/node_modules/react-dom/cjs/react-dom-client.development.js:15476:11)
      at recursivelyTraversePassiveMountEffects (node_modules/.pnpm/react-dom@19.2.0_react@19.2.0/node_modules/react-dom/cjs/react-dom-client.development.js:15439:11)
      at commitPassiveMountOnFiber (node_modules/.pnpm/react-dom@19.2.0_react@19.2.0/node_modules/react-dom/cjs/react-dom-client.development.js:15718:11)
      at recursivelyTraversePassiveMountEffects (node_modules/.pnpm/react-dom@19.2.0_react@19.2.0/node_modules/react-dom/cjs/react-dom-client.development.js:15439:11)
      at commitPassiveMountOnFiber (node_modules/.pnpm/react-dom@19.2.0_react@19.2.0/node_modules/react-dom/cjs/react-dom-client.development.js:15476:11)
      at recursivelyTraversePassiveMountEffects (node_modules/.pnpm/react-dom@19.2.0_react@19.2.0/node_modules/react-dom/cjs/react-dom-client.development.js:15439:11)
      at commitPassiveMountOnFiber (node_modules/.pnpm/react-dom@19.2.0_react@19.2.0/node_modules/react-dom/cjs/react-dom-client.development.js:15476:11)
      at recursivelyTraversePassiveMountEffects (node_modules/.pnpm/react-dom@19.2.0_react@19.2.0/node_modules/react-dom/cjs/react-dom-client.development.js:15439:11)
      at commitPassiveMountOnFiber (node_modules/.pnpm/react-dom@19.2.0_react@19.2.0/node_modules/react-dom/cjs/react-dom-client.development.js:15718:11)
      at recursivelyTraversePassiveMountEffects (node_modules/.pnpm/react-dom@19.2.0_react@19.2.0/node_modules/react-dom/cjs/react-dom-client.development.js:15439:11)
      at commitPassiveMountOnFiber (node_modules/.pnpm/react-dom@19.2.0_react@19.2.0/node_modules/react-dom/cjs/react-dom-client.development.js:15476:11)
      at recursivelyTraversePassiveMountEffects (node_modules/.pnpm/react-dom@19.2.0_react@19.2.0/node_modules/react-dom/cjs/react-dom-client.development.js:15439:11)
      at commitPassiveMountOnFiber (node_modules/.pnpm/react-dom@19.2.0_react@19.2.0/node_modules/react-dom/cjs/react-dom-client.development.js:15476:11)
      at recursivelyTraversePassiveMountEffects (node_modules/.pnpm/react-dom@19.2.0_react@19.2.0/node_modules/react-dom/cjs/react-dom-client.development.js:15439:11)
      at commitPassiveMountOnFiber (node_modules/.pnpm/react-dom@19.2.0_react@19.2.0/node_modules/react-dom/cjs/react-dom-client.development.js:15476:11)
      at recursivelyTraversePassiveMountEffects (node_modules/.pnpm/react-dom@19.2.0_react@19.2.0/node_modules/react-dom/cjs/react-dom-client.development.js:15439:11)
      at commitPassiveMountOnFiber (node_modules/.pnpm/react-dom@19.2.0_react@19.2.0/node_modules/react-dom/cjs/react-dom-client.development.js:15718:11)
      at recursivelyTraversePassiveMountEffects (node_modules/.pnpm/react-dom@19.2.0_react@19.2.0/node_modules/react-dom/cjs/react-dom-client.development.js:15439:11)
      at commitPassiveMountOnFiber (node_modules/.pnpm/react-dom@19.2.0_react@19.2.0/node_modules/react-dom/cjs/react-dom-client.development.js:15476:11)
      at recursivelyTraversePassiveMountEffects (node_modules/.pnpm/react-dom@19.2.0_react@19.2.0/node_modules/react-dom/cjs/react-dom-client.development.js:15439:11)
      at commitPassiveMountOnFiber (node_modules/.pnpm/react-dom@19.2.0_react@19.2.0/node_modules/react-dom/cjs/react-dom-client.development.js:15476:11)
      at recursivelyTraversePassiveMountEffects (node_modules/.pnpm/react-dom@19.2.0_react@19.2.0/node_modules/react-dom/cjs/react-dom-client.development.js:15439:11)
      at commitPassiveMountOnFiber (node_modules/.pnpm/react-dom@19.2.0_react@19.2.0/node_modules/react-dom/cjs/react-dom-client.development.js:15476:11)
      at recursivelyTraversePassiveMountEffects (node_modules/.pnpm/react-dom@19.2.0_react@19.2.0/node_modules/react-dom/cjs/react-dom-client.development.js:15439:11)
      at commitPassiveMountOnFiber (node_modules/.pnpm/react-dom@19.2.0_react@19.2.0/node_modules/react-dom/cjs/react-dom-client.development.js:15476:11)
      at recursivelyTraversePassiveMountEffects (node_modules/.pnpm/react-dom@19.2.0_react@19.2.0/node_modules/react-dom/cjs/react-dom-client.development.js:15439:11)
      at commitPassiveMountOnFiber (node_modules/.pnpm/react-dom@19.2.0_react@19.2.0/node_modules/react-dom/cjs/react-dom-client.development.js:15519:11)
      at flushPassiveEffects (node_modules/.pnpm/react-dom@19.2.0_react@19.2.0/node_modules/react-dom/cjs/react-dom-client.development.js:18432:9)
      at flushPendingEffects (node_modules/.pnpm/react-dom@19.2.0_react@19.2.0/node_modules/react-dom/cjs/react-dom-client.development.js:18358:14)
      at flushSpawnedWork (node_modules/.pnpm/react-dom@19.2.0_react@19.2.0/node_modules/react-dom/cjs/react-dom-client.development.js:18323:44)
      at commitRoot (node_modules/.pnpm/react-dom@19.2.0_react@19.2.0/node_modules/react-dom/cjs/react-dom-client.development.js:17955:9)
      at performWorkOnRoot (node_modules/.pnpm/react-dom@19.2.0_react@19.2.0/node_modules/react-dom/cjs/react-dom-client.development.js:16667:15)
      at performSyncWorkOnRoot (node_modules/.pnpm/react-dom@19.2.0_react@19.2.0/node_modules/react-dom/cjs/react-dom-client.development.js:18972:7)
      at flushSyncWorkAcrossRoots_impl (node_modules/.pnpm/react-dom@19.2.0_react@19.2.0/node_modules/react-dom/cjs/react-dom-client.development.js:18814:21)
      at flushSpawnedWork (node_modules/.pnpm/react-dom@19.2.0_react@19.2.0/node_modules/react-dom/cjs/react-dom-client.development.js:18334:9)
      at commitRoot (node_modules/.pnpm/react-dom@19.2.0_react@19.2.0/node_modules/react-dom/cjs/react-dom-client.development.js:17955:9)
      at performWorkOnRoot (node_modules/.pnpm/react-dom@19.2.0_react@19.2.0/node_modules/react-dom/cjs/react-dom-client.development.js:16667:15)
      at performWorkOnRootViaSchedulerTask (node_modules/.pnpm/react-dom@19.2.0_react@19.2.0/node_modules/react-dom/cjs/react-dom-client.development.js:18957:7)
      at flushActQueue (node_modules/.pnpm/react@19.2.0/node_modules/react/cjs/react.development.js:590:34)
      at process.env.NODE_ENV.exports.act (node_modules/.pnpm/react@19.2.0/node_modules/react/cjs/react.development.js:884:10)
      at node_modules/.pnpm/@testing-library+react@16.3_15d474de7481bb0af842c1b1705139a8/node_modules/@testing-library/react/dist/act-compat.js:47:25
      at renderRoot (node_modules/.pnpm/@testing-library+react@16.3_15d474de7481bb0af842c1b1705139a8/node_modules/@testing-library/react/dist/pure.js:190:26)
      at render (node_modules/.pnpm/@testing-library+react@16.3_15d474de7481bb0af842c1b1705139a8/node_modules/@testing-library/react/dist/pure.js:292:10)
      at Object.<anonymous> (src/__tests__/components/ExportChatModal.test.tsx:521:13)

    console.warn
      Warning: Missing `Description` or `aria-describedby={undefined}` for {DialogContent}.

    [0m [90m 519 |[39m
     [90m 520 |[39m     it([32m'provides accessible button labels'[39m[33m,[39m () [33m=>[39m {
    [31m[1m>[22m[39m[90m 521 |[39m       render([33m<[39m[33mExportChatModal[39m {[33m...[39mdefaultProps} [33m/[39m[33m>[39m)[33m;[39m
     [90m     |[39m             [31m[1m^[22m[39m
     [90m 522 |[39m
     [90m 523 |[39m       expect(screen[33m.[39mgetByRole([32m'button'[39m[33m,[39m { name[33m:[39m [35m/annulla/i[39m }))[33m.[39mtoHaveAccessibleName()[33m;[39m
     [90m 524 |[39m       expect(screen[33m.[39mgetByRole([32m'button'[39m[33m,[39m { name[33m:[39m [35m/esporta/i[39m }))[33m.[39mtoHaveAccessibleName()[33m;[39m[0m

      at node_modules/.pnpm/@radix-ui+react-dialog@1.1._664b8f23a65f4708bb5cf27e5ff43c08/node_modules/@radix-ui/react-dialog/src/dialog.tsx:543:36
      at Object.react_stack_bottom_frame (node_modules/.pnpm/react-dom@19.2.0_react@19.2.0/node_modules/react-dom/cjs/react-dom-client.development.js:25989:20)
      at runWithFiberInDEV (node_modules/.pnpm/react-dom@19.2.0_react@19.2.0/node_modules/react-dom/cjs/react-dom-client.development.js:874:13)
      at commitHookEffectListMount (node_modules/.pnpm/react-dom@19.2.0_react@19.2.0/node_modules/react-dom/cjs/react-dom-client.development.js:13249:29)
      at commitHookPassiveMountEffects (node_modules/.pnpm/react-dom@19.2.0_react@19.2.0/node_modules/react-dom/cjs/react-dom-client.development.js:13336:11)
      at commitPassiveMountOnFiber (node_modules/.pnpm/react-dom@19.2.0_react@19.2.0/node_modules/react-dom/cjs/react-dom-client.development.js:15484:13)
      at recursivelyTraversePassiveMountEffects (node_modules/.pnpm/react-dom@19.2.0_react@19.2.0/node_modules/react-dom/cjs/react-dom-client.development.js:15439:11)
      at commitPassiveMountOnFiber (node_modules/.pnpm/react-dom@19.2.0_react@19.2.0/node_modules/react-dom/cjs/react-dom-client.development.js:15718:11)
      at recursivelyTraversePassiveMountEffects (node_modules/.pnpm/react-dom@19.2.0_react@19.2.0/node_modules/react-dom/cjs/react-dom-client.development.js:15439:11)
      at commitPassiveMountOnFiber (node_modules/.pnpm/react-dom@19.2.0_react@19.2.0/node_modules/react-dom/cjs/react-dom-client.development.js:15476:11)
      at recursivelyTraversePassiveMountEffects (node_modules/.pnpm/react-dom@19.2.0_react@19.2.0/node_modules/react-dom/cjs/react-dom-client.development.js:15439:11)
      at commitPassiveMountOnFiber (node_modules/.pnpm/react-dom@19.2.0_react@19.2.0/node_modules/react-dom/cjs/react-dom-client.development.js:15476:11)
      at recursivelyTraversePassiveMountEffects (node_modules/.pnpm/react-dom@19.2.0_react@19.2.0/node_modules/react-dom/cjs/react-dom-client.development.js:15439:11)
      at commitPassiveMountOnFiber (node_modules/.pnpm/react-dom@19.2.0_react@19.2.0/node_modules/react-dom/cjs/react-dom-client.development.js:15476:11)
      at recursivelyTraversePassiveMountEffects (node_modules/.pnpm/react-dom@19.2.0_react@19.2.0/node_modules/react-dom/cjs/react-dom-client.development.js:15439:11)
      at commitPassiveMountOnFiber (node_modules/.pnpm/react-dom@19.2.0_react@19.2.0/node_modules/react-dom/cjs/react-dom-client.development.js:15476:11)
      at recursivelyTraversePassiveMountEffects (node_modules/.pnpm/react-dom@19.2.0_react@19.2.0/node_modules/react-dom/cjs/react-dom-client.development.js:15439:11)
      at commitPassiveMountOnFiber (node_modules/.pnpm/react-dom@19.2.0_react@19.2.0/node_modules/react-dom/cjs/react-dom-client.development.js:15476:11)
      at recursivelyTraversePassiveMountEffects (node_modules/.pnpm/react-dom@19.2.0_react@19.2.0/node_modules/react-dom/cjs/react-dom-client.development.js:15439:11)
      at commitPassiveMountOnFiber (node_modules/.pnpm/react-dom@19.2.0_react@19.2.0/node_modules/react-dom/cjs/react-dom-client.development.js:15476:11)
      at recursivelyTraversePassiveMountEffects (node_modules/.pnpm/react-dom@19.2.0_react@19.2.0/node_modules/react-dom/cjs/react-dom-client.development.js:15439:11)
      at commitPassiveMountOnFiber (node_modules/.pnpm/react-dom@19.2.0_react@19.2.0/node_modules/react-dom/cjs/react-dom-client.development.js:15476:11)
      at recursivelyTraversePassiveMountEffects (node_modules/.pnpm/react-dom@19.2.0_react@19.2.0/node_modules/react-dom/cjs/react-dom-client.development.js:15439:11)
      at commitPassiveMountOnFiber (node_modules/.pnpm/react-dom@19.2.0_react@19.2.0/node_modules/react-dom/cjs/react-dom-client.development.js:15718:11)
      at recursivelyTraversePassiveMountEffects (node_modules/.pnpm/react-dom@19.2.0_react@19.2.0/node_modules/react-dom/cjs/react-dom-client.development.js:15439:11)
      at commitPassiveMountOnFiber (node_modules/.pnpm/react-dom@19.2.0_react@19.2.0/node_modules/react-dom/cjs/react-dom-client.development.js:15476:11)
      at recursivelyTraversePassiveMountEffects (node_modules/.pnpm/react-dom@19.2.0_react@19.2.0/node_modules/react-dom/cjs/react-dom-client.development.js:15439:11)
      at commitPassiveMountOnFiber (node_modules/.pnpm/react-dom@19.2.0_react@19.2.0/node_modules/react-dom/cjs/react-dom-client.development.js:15476:11)
      at recursivelyTraversePassiveMountEffects (node_modules/.pnpm/react-dom@19.2.0_react@19.2.0/node_modules/react-dom/cjs/react-dom-client.development.js:15439:11)
      at commitPassiveMountOnFiber (node_modules/.pnpm/react-dom@19.2.0_react@19.2.0/node_modules/react-dom/cjs/react-dom-client.development.js:15718:11)
      at recursivelyTraversePassiveMountEffects (node_modules/.pnpm/react-dom@19.2.0_react@19.2.0/node_modules/react-dom/cjs/react-dom-client.development.js:15439:11)
      at commitPassiveMountOnFiber (node_modules/.pnpm/react-dom@19.2.0_react@19.2.0/node_modules/react-dom/cjs/react-dom-client.development.js:15476:11)
      at recursivelyTraversePassiveMountEffects (node_modules/.pnpm/react-dom@19.2.0_react@19.2.0/node_modules/react-dom/cjs/react-dom-client.development.js:15439:11)
      at commitPassiveMountOnFiber (node_modules/.pnpm/react-dom@19.2.0_react@19.2.0/node_modules/react-dom/cjs/react-dom-client.development.js:15476:11)
      at recursivelyTraversePassiveMountEffects (node_modules/.pnpm/react-dom@19.2.0_react@19.2.0/node_modules/react-dom/cjs/react-dom-client.development.js:15439:11)
      at commitPassiveMountOnFiber (node_modules/.pnpm/react-dom@19.2.0_react@19.2.0/node_modules/react-dom/cjs/react-dom-client.development.js:15476:11)
      at recursivelyTraversePassiveMountEffects (node_modules/.pnpm/react-dom@19.2.0_react@19.2.0/node_modules/react-dom/cjs/react-dom-client.development.js:15439:11)
      at commitPassiveMountOnFiber (node_modules/.pnpm/react-dom@19.2.0_react@19.2.0/node_modules/react-dom/cjs/react-dom-client.development.js:15718:11)
      at recursivelyTraversePassiveMountEffects (node_modules/.pnpm/react-dom@19.2.0_react@19.2.0/node_modules/react-dom/cjs/react-dom-client.development.js:15439:11)
      at commitPassiveMountOnFiber (node_modules/.pnpm/react-dom@19.2.0_react@19.2.0/node_modules/react-dom/cjs/react-dom-client.development.js:15476:11)
      at recursivelyTraversePassiveMountEffects (node_modules/.pnpm/react-dom@19.2.0_react@19.2.0/node_modules/react-dom/cjs/react-dom-client.development.js:15439:11)
      at commitPassiveMountOnFiber (node_modules/.pnpm/react-dom@19.2.0_react@19.2.0/node_modules/react-dom/cjs/react-dom-client.development.js:15476:11)
      at recursivelyTraversePassiveMountEffects (node_modules/.pnpm/react-dom@19.2.0_react@19.2.0/node_modules/react-dom/cjs/react-dom-client.development.js:15439:11)
      at commitPassiveMountOnFiber (node_modules/.pnpm/react-dom@19.2.0_react@19.2.0/node_modules/react-dom/cjs/react-dom-client.development.js:15476:11)
      at recursivelyTraversePassiveMountEffects (node_modules/.pnpm/react-dom@19.2.0_react@19.2.0/node_modules/react-dom/cjs/react-dom-client.development.js:15439:11)
      at commitPassiveMountOnFiber (node_modules/.pnpm/react-dom@19.2.0_react@19.2.0/node_modules/react-dom/cjs/react-dom-client.development.js:15476:11)
      at recursivelyTraversePassiveMountEffects (node_modules/.pnpm/react-dom@19.2.0_react@19.2.0/node_modules/react-dom/cjs/react-dom-client.development.js:15439:11)
      at commitPassiveMountOnFiber (node_modules/.pnpm/react-dom@19.2.0_react@19.2.0/node_modules/react-dom/cjs/react-dom-client.development.js:15519:11)
      at flushPassiveEffects (node_modules/.pnpm/react-dom@19.2.0_react@19.2.0/node_modules/react-dom/cjs/react-dom-client.development.js:18432:9)
      at flushPendingEffects (node_modules/.pnpm/react-dom@19.2.0_react@19.2.0/node_modules/react-dom/cjs/react-dom-client.development.js:18358:14)
      at flushSpawnedWork (node_modules/.pnpm/react-dom@19.2.0_react@19.2.0/node_modules/react-dom/cjs/react-dom-client.development.js:18323:44)
      at commitRoot (node_modules/.pnpm/react-dom@19.2.0_react@19.2.0/node_modules/react-dom/cjs/react-dom-client.development.js:17955:9)
      at performWorkOnRoot (node_modules/.pnpm/react-dom@19.2.0_react@19.2.0/node_modules/react-dom/cjs/react-dom-client.development.js:16667:15)
      at performSyncWorkOnRoot (node_modules/.pnpm/react-dom@19.2.0_react@19.2.0/node_modules/react-dom/cjs/react-dom-client.development.js:18972:7)
      at flushSyncWorkAcrossRoots_impl (node_modules/.pnpm/react-dom@19.2.0_react@19.2.0/node_modules/react-dom/cjs/react-dom-client.development.js:18814:21)
      at flushSpawnedWork (node_modules/.pnpm/react-dom@19.2.0_react@19.2.0/node_modules/react-dom/cjs/react-dom-client.development.js:18334:9)
      at commitRoot (node_modules/.pnpm/react-dom@19.2.0_react@19.2.0/node_modules/react-dom/cjs/react-dom-client.development.js:17955:9)
      at performWorkOnRoot (node_modules/.pnpm/react-dom@19.2.0_react@19.2.0/node_modules/react-dom/cjs/react-dom-client.development.js:16667:15)
      at performWorkOnRootViaSchedulerTask (node_modules/.pnpm/react-dom@19.2.0_react@19.2.0/node_modules/react-dom/cjs/react-dom-client.development.js:18957:7)
      at flushActQueue (node_modules/.pnpm/react@19.2.0/node_modules/react/cjs/react.development.js:590:34)
      at process.env.NODE_ENV.exports.act (node_modules/.pnpm/react@19.2.0/node_modules/react/cjs/react.development.js:884:10)
      at node_modules/.pnpm/@testing-library+react@16.3_15d474de7481bb0af842c1b1705139a8/node_modules/@testing-library/react/dist/act-compat.js:47:25
      at renderRoot (node_modules/.pnpm/@testing-library+react@16.3_15d474de7481bb0af842c1b1705139a8/node_modules/@testing-library/react/dist/pure.js:190:26)
      at render (node_modules/.pnpm/@testing-library+react@16.3_15d474de7481bb0af842c1b1705139a8/node_modules/@testing-library/react/dist/pure.js:292:10)
      at Object.<anonymous> (src/__tests__/components/ExportChatModal.test.tsx:521:13)

    console.error
      `DialogContent` requires a `DialogTitle` for the component to be accessible for screen reader users.
      
      If you want to hide the `DialogTitle`, you can wrap it with our VisuallyHidden component.
      
      For more information, see https://radix-ui.com/primitives/docs/components/dialog

    [0m [90m 373 |[39m       [36mreturn[39m[33m;[39m
     [90m 374 |[39m     }
    [31m[1m>[22m[39m[90m 375 |[39m     originalError[33m.[39mcall(console[33m,[39m [33m...[39margs)[33m;[39m
     [90m     |[39m                   [31m[1m^[22m[39m
     [90m 376 |[39m   }[33m;[39m
     [90m 377 |[39m })[33m;[39m
     [90m 378 |[39m[0m

      at console.call [as error] (jest.setup.js:375:19)
      at node_modules/.pnpm/@radix-ui+react-dialog@1.1._664b8f23a65f4708bb5cf27e5ff43c08/node_modules/@radix-ui/react-dialog/src/dialog.tsx:520:30
      at Object.react_stack_bottom_frame (node_modules/.pnpm/react-dom@19.2.0_react@19.2.0/node_modules/react-dom/cjs/react-dom-client.development.js:25989:20)
      at runWithFiberInDEV (node_modules/.pnpm/react-dom@19.2.0_react@19.2.0/node_modules/react-dom/cjs/react-dom-client.development.js:874:13)
      at commitHookEffectListMount (node_modules/.pnpm/react-dom@19.2.0_react@19.2.0/node_modules/react-dom/cjs/react-dom-client.development.js:13249:29)
      at commitHookPassiveMountEffects (node_modules/.pnpm/react-dom@19.2.0_react@19.2.0/node_modules/react-dom/cjs/react-dom-client.development.js:13336:11)
      at commitPassiveMountOnFiber (node_modules/.pnpm/react-dom@19.2.0_react@19.2.0/node_modules/react-dom/cjs/react-dom-client.development.js:15484:13)
      at recursivelyTraversePassiveMountEffects (node_modules/.pnpm/react-dom@19.2.0_react@19.2.0/node_modules/react-dom/cjs/react-dom-client.development.js:15439:11)
      at commitPassiveMountOnFiber (node_modules/.pnpm/react-dom@19.2.0_react@19.2.0/node_modules/react-dom/cjs/react-dom-client.development.js:15718:11)
      at recursivelyTraversePassiveMountEffects (node_modules/.pnpm/react-dom@19.2.0_react@19.2.0/node_modules/react-dom/cjs/react-dom-client.development.js:15439:11)
      at commitPassiveMountOnFiber (node_modules/.pnpm/react-dom@19.2.0_react@19.2.0/node_modules/react-dom/cjs/react-dom-client.development.js:15476:11)
      at recursivelyTraversePassiveMountEffects (node_modules/.pnpm/react-dom@19.2.0_react@19.2.0/node_modules/react-dom/cjs/react-dom-client.development.js:15439:11)
      at commitPassiveMountOnFiber (node_modules/.pnpm/react-dom@19.2.0_react@19.2.0/node_modules/react-dom/cjs/react-dom-client.development.js:15476:11)
      at recursivelyTraversePassiveMountEffects (node_modules/.pnpm/react-dom@19.2.0_react@19.2.0/node_modules/react-dom/cjs/react-dom-client.development.js:15439:11)
      at commitPassiveMountOnFiber (node_modules/.pnpm/react-dom@19.2.0_react@19.2.0/node_modules/react-dom/cjs/react-dom-client.development.js:15476:11)
      at recursivelyTraversePassiveMountEffects (node_modules/.pnpm/react-dom@19.2.0_react@19.2.0/node_modules/react-dom/cjs/react-dom-client.development.js:15439:11)
      at commitPassiveMountOnFiber (node_modules/.pnpm/react-dom@19.2.0_react@19.2.0/node_modules/react-dom/cjs/react-dom-client.development.js:15476:11)
      at recursivelyTraversePassiveMountEffects (node_modules/.pnpm/react-dom@19.2.0_react@19.2.0/node_modules/react-dom/cjs/react-dom-client.development.js:15439:11)
      at commitPassiveMountOnFiber (node_modules/.pnpm/react-dom@19.2.0_react@19.2.0/node_modules/react-dom/cjs/react-dom-client.development.js:15476:11)
      at recursivelyTraversePassiveMountEffects (node_modules/.pnpm/react-dom@19.2.0_react@19.2.0/node_modules/react-dom/cjs/react-dom-client.development.js:15439:11)
      at commitPassiveMountOnFiber (node_modules/.pnpm/react-dom@19.2.0_react@19.2.0/node_modules/react-dom/cjs/react-dom-client.development.js:15476:11)
      at recursivelyTraversePassiveMountEffects (node_modules/.pnpm/react-dom@19.2.0_react@19.2.0/node_modules/react-dom/cjs/react-dom-client.development.js:15439:11)
      at commitPassiveMountOnFiber (node_modules/.pnpm/react-dom@19.2.0_react@19.2.0/node_modules/react-dom/cjs/react-dom-client.development.js:15476:11)
      at recursivelyTraversePassiveMountEffects (node_modules/.pnpm/react-dom@19.2.0_react@19.2.0/node_modules/react-dom/cjs/react-dom-client.development.js:15439:11)
      at commitPassiveMountOnFiber (node_modules/.pnpm/react-dom@19.2.0_react@19.2.0/node_modules/react-dom/cjs/react-dom-client.development.js:15718:11)
      at recursivelyTraversePassiveMountEffects (node_modules/.pnpm/react-dom@19.2.0_react@19.2.0/node_modules/react-dom/cjs/react-dom-client.development.js:15439:11)
      at commitPassiveMountOnFiber (node_modules/.pnpm/react-dom@19.2.0_react@19.2.0/node_modules/react-dom/cjs/react-dom-client.development.js:15476:11)
      at recursivelyTraversePassiveMountEffects (node_modules/.pnpm/react-dom@19.2.0_react@19.2.0/node_modules/react-dom/cjs/react-dom-client.development.js:15439:11)
      at commitPassiveMountOnFiber (node_modules/.pnpm/react-dom@19.2.0_react@19.2.0/node_modules/react-dom/cjs/react-dom-client.development.js:15476:11)
      at recursivelyTraversePassiveMountEffects (node_modules/.pnpm/react-dom@19.2.0_react@19.2.0/node_modules/react-dom/cjs/react-dom-client.development.js:15439:11)
      at commitPassiveMountOnFiber (node_modules/.pnpm/react-dom@19.2.0_react@19.2.0/node_modules/react-dom/cjs/react-dom-client.development.js:15718:11)
      at recursivelyTraversePassiveMountEffects (node_modules/.pnpm/react-dom@19.2.0_react@19.2.0/node_modules/react-dom/cjs/react-dom-client.development.js:15439:11)
      at commitPassiveMountOnFiber (node_modules/.pnpm/react-dom@19.2.0_react@19.2.0/node_modules/react-dom/cjs/react-dom-client.development.js:15476:11)
      at recursivelyTraversePassiveMountEffects (node_modules/.pnpm/react-dom@19.2.0_react@19.2.0/node_modules/react-dom/cjs/react-dom-client.development.js:15439:11)
      at commitPassiveMountOnFiber (node_modules/.pnpm/react-dom@19.2.0_react@19.2.0/node_modules/react-dom/cjs/react-dom-client.development.js:15476:11)
      at recursivelyTraversePassiveMountEffects (node_modules/.pnpm/react-dom@19.2.0_react@19.2.0/node_modules/react-dom/cjs/react-dom-client.development.js:15439:11)
      at commitPassiveMountOnFiber (node_modules/.pnpm/react-dom@19.2.0_react@19.2.0/node_modules/react-dom/cjs/react-dom-client.development.js:15476:11)
      at recursivelyTraversePassiveMountEffects (node_modules/.pnpm/react-dom@19.2.0_react@19.2.0/node_modules/react-dom/cjs/react-dom-client.development.js:15439:11)
      at commitPassiveMountOnFiber (node_modules/.pnpm/react-dom@19.2.0_react@19.2.0/node_modules/react-dom/cjs/react-dom-client.development.js:15718:11)
      at recursivelyTraversePassiveMountEffects (node_modules/.pnpm/react-dom@19.2.0_react@19.2.0/node_modules/react-dom/cjs/react-dom-client.development.js:15439:11)
      at commitPassiveMountOnFiber (node_modules/.pnpm/react-dom@19.2.0_react@19.2.0/node_modules/react-dom/cjs/react-dom-client.development.js:15476:11)
      at recursivelyTraversePassiveMountEffects (node_modules/.pnpm/react-dom@19.2.0_react@19.2.0/node_modules/react-dom/cjs/react-dom-client.development.js:15439:11)
      at commitPassiveMountOnFiber (node_modules/.pnpm/react-dom@19.2.0_react@19.2.0/node_modules/react-dom/cjs/react-dom-client.development.js:15476:11)
      at recursivelyTraversePassiveMountEffects (node_modules/.pnpm/react-dom@19.2.0_react@19.2.0/node_modules/react-dom/cjs/react-dom-client.development.js:15439:11)
      at commitPassiveMountOnFiber (node_modules/.pnpm/react-dom@19.2.0_react@19.2.0/node_modules/react-dom/cjs/react-dom-client.development.js:15476:11)
      at recursivelyTraversePassiveMountEffects (node_modules/.pnpm/react-dom@19.2.0_react@19.2.0/node_modules/react-dom/cjs/react-dom-client.development.js:15439:11)
      at commitPassiveMountOnFiber (node_modules/.pnpm/react-dom@19.2.0_react@19.2.0/node_modules/react-dom/cjs/react-dom-client.development.js:15476:11)
      at recursivelyTraversePassiveMountEffects (node_modules/.pnpm/react-dom@19.2.0_react@19.2.0/node_modules/react-dom/cjs/react-dom-client.development.js:15439:11)
      at commitPassiveMountOnFiber (node_modules/.pnpm/react-dom@19.2.0_react@19.2.0/node_modules/react-dom/cjs/react-dom-client.development.js:15519:11)
      at flushPassiveEffects (node_modules/.pnpm/react-dom@19.2.0_react@19.2.0/node_modules/react-dom/cjs/react-dom-client.development.js:18432:9)
      at flushPendingEffects (node_modules/.pnpm/react-dom@19.2.0_react@19.2.0/node_modules/react-dom/cjs/react-dom-client.development.js:18358:14)
      at flushSpawnedWork (node_modules/.pnpm/react-dom@19.2.0_react@19.2.0/node_modules/react-dom/cjs/react-dom-client.development.js:18323:44)
      at commitRoot (node_modules/.pnpm/react-dom@19.2.0_react@19.2.0/node_modules/react-dom/cjs/react-dom-client.development.js:17955:9)
      at performWorkOnRoot (node_modules/.pnpm/react-dom@19.2.0_react@19.2.0/node_modules/react-dom/cjs/react-dom-client.development.js:16667:15)
      at performSyncWorkOnRoot (node_modules/.pnpm/react-dom@19.2.0_react@19.2.0/node_modules/react-dom/cjs/react-dom-client.development.js:18972:7)
      at flushSyncWorkAcrossRoots_impl (node_modules/.pnpm/react-dom@19.2.0_react@19.2.0/node_modules/react-dom/cjs/react-dom-client.development.js:18814:21)
      at flushSpawnedWork (node_modules/.pnpm/react-dom@19.2.0_react@19.2.0/node_modules/react-dom/cjs/react-dom-client.development.js:18334:9)
      at commitRoot (node_modules/.pnpm/react-dom@19.2.0_react@19.2.0/node_modules/react-dom/cjs/react-dom-client.development.js:17955:9)
      at performWorkOnRoot (node_modules/.pnpm/react-dom@19.2.0_react@19.2.0/node_modules/react-dom/cjs/react-dom-client.development.js:16667:15)
      at performWorkOnRootViaSchedulerTask (node_modules/.pnpm/react-dom@19.2.0_react@19.2.0/node_modules/react-dom/cjs/react-dom-client.development.js:18957:7)
      at flushActQueue (node_modules/.pnpm/react@19.2.0/node_modules/react/cjs/react.development.js:590:34)
      at process.env.NODE_ENV.exports.act (node_modules/.pnpm/react@19.2.0/node_modules/react/cjs/react.development.js:884:10)
      at node_modules/.pnpm/@testing-library+react@16.3_15d474de7481bb0af842c1b1705139a8/node_modules/@testing-library/react/dist/act-compat.js:47:25
      at renderRoot (node_modules/.pnpm/@testing-library+react@16.3_15d474de7481bb0af842c1b1705139a8/node_modules/@testing-library/react/dist/pure.js:190:26)
      at render (node_modules/.pnpm/@testing-library+react@16.3_15d474de7481bb0af842c1b1705139a8/node_modules/@testing-library/react/dist/pure.js:292:10)
      at Object.<anonymous> (src/__tests__/components/ExportChatModal.test.tsx:533:13)

    console.warn
      Warning: Missing `Description` or `aria-describedby={undefined}` for {DialogContent}.

    [0m [90m 531 |[39m   describe([32m'Edge Cases'[39m[33m,[39m () [33m=>[39m {
     [90m 532 |[39m     it([32m'handles empty chatId'[39m[33m,[39m [36masync[39m () [33m=>[39m {
    [31m[1m>[22m[39m[90m 533 |[39m       render([33m<[39m[33mExportChatModal[39m {[33m...[39mdefaultProps} chatId[33m=[39m[32m""[39m [33m/[39m[33m>[39m)[33m;[39m
     [90m     |[39m             [31m[1m^[22m[39m
     [90m 534 |[39m
     [90m 535 |[39m       [36mconst[39m exportButton [33m=[39m screen[33m.[39mgetByRole([32m'button'[39m[33m,[39m { name[33m:[39m [35m/esporta/i[39m })[33m;[39m
     [90m 536 |[39m       fireEvent[33m.[39mclick(exportButton)[33m;[39m[0m

      at node_modules/.pnpm/@radix-ui+react-dialog@1.1._664b8f23a65f4708bb5cf27e5ff43c08/node_modules/@radix-ui/react-dialog/src/dialog.tsx:543:36
      at Object.react_stack_bottom_frame (node_modules/.pnpm/react-dom@19.2.0_react@19.2.0/node_modules/react-dom/cjs/react-dom-client.development.js:25989:20)
      at runWithFiberInDEV (node_modules/.pnpm/react-dom@19.2.0_react@19.2.0/node_modules/react-dom/cjs/react-dom-client.development.js:874:13)
      at commitHookEffectListMount (node_modules/.pnpm/react-dom@19.2.0_react@19.2.0/node_modules/react-dom/cjs/react-dom-client.development.js:13249:29)
      at commitHookPassiveMountEffects (node_modules/.pnpm/react-dom@19.2.0_react@19.2.0/node_modules/react-dom/cjs/react-dom-client.development.js:13336:11)
      at commitPassiveMountOnFiber (node_modules/.pnpm/react-dom@19.2.0_react@19.2.0/node_modules/react-dom/cjs/react-dom-client.development.js:15484:13)
      at recursivelyTraversePassiveMountEffects (node_modules/.pnpm/react-dom@19.2.0_react@19.2.0/node_modules/react-dom/cjs/react-dom-client.development.js:15439:11)
      at commitPassiveMountOnFiber (node_modules/.pnpm/react-dom@19.2.0_react@19.2.0/node_modules/react-dom/cjs/react-dom-client.development.js:15718:11)
      at recursivelyTraversePassiveMountEffects (node_modules/.pnpm/react-dom@19.2.0_react@19.2.0/node_modules/react-dom/cjs/react-dom-client.development.js:15439:11)
      at commitPassiveMountOnFiber (node_modules/.pnpm/react-dom@19.2.0_react@19.2.0/node_modules/react-dom/cjs/react-dom-client.development.js:15476:11)
      at recursivelyTraversePassiveMountEffects (node_modules/.pnpm/react-dom@19.2.0_react@19.2.0/node_modules/react-dom/cjs/react-dom-client.development.js:15439:11)
      at commitPassiveMountOnFiber (node_modules/.pnpm/react-dom@19.2.0_react@19.2.0/node_modules/react-dom/cjs/react-dom-client.development.js:15476:11)
      at recursivelyTraversePassiveMountEffects (node_modules/.pnpm/react-dom@19.2.0_react@19.2.0/node_modules/react-dom/cjs/react-dom-client.development.js:15439:11)
      at commitPassiveMountOnFiber (node_modules/.pnpm/react-dom@19.2.0_react@19.2.0/node_modules/react-dom/cjs/react-dom-client.development.js:15476:11)
      at recursivelyTraversePassiveMountEffects (node_modules/.pnpm/react-dom@19.2.0_react@19.2.0/node_modules/react-dom/cjs/react-dom-client.development.js:15439:11)
      at commitPassiveMountOnFiber (node_modules/.pnpm/react-dom@19.2.0_react@19.2.0/node_modules/react-dom/cjs/react-dom-client.development.js:15476:11)
      at recursivelyTraversePassiveMountEffects (node_modules/.pnpm/react-dom@19.2.0_react@19.2.0/node_modules/react-dom/cjs/react-dom-client.development.js:15439:11)
      at commitPassiveMountOnFiber (node_modules/.pnpm/react-dom@19.2.0_react@19.2.0/node_modules/react-dom/cjs/react-dom-client.development.js:15476:11)
      at recursivelyTraversePassiveMountEffects (node_modules/.pnpm/react-dom@19.2.0_react@19.2.0/node_modules/react-dom/cjs/react-dom-client.development.js:15439:11)
      at commitPassiveMountOnFiber (node_modules/.pnpm/react-dom@19.2.0_react@19.2.0/node_modules/react-dom/cjs/react-dom-client.development.js:15476:11)
      at recursivelyTraversePassiveMountEffects (node_modules/.pnpm/react-dom@19.2.0_react@19.2.0/node_modules/react-dom/cjs/react-dom-client.development.js:15439:11)
      at commitPassiveMountOnFiber (node_modules/.pnpm/react-dom@19.2.0_react@19.2.0/node_modules/react-dom/cjs/react-dom-client.development.js:15476:11)
      at recursivelyTraversePassiveMountEffects (node_modules/.pnpm/react-dom@19.2.0_react@19.2.0/node_modules/react-dom/cjs/react-dom-client.development.js:15439:11)
      at commitPassiveMountOnFiber (node_modules/.pnpm/react-dom@19.2.0_react@19.2.0/node_modules/react-dom/cjs/react-dom-client.development.js:15718:11)
      at recursivelyTraversePassiveMountEffects (node_modules/.pnpm/react-dom@19.2.0_react@19.2.0/node_modules/react-dom/cjs/react-dom-client.development.js:15439:11)
      at commitPassiveMountOnFiber (node_modules/.pnpm/react-dom@19.2.0_react@19.2.0/node_modules/react-dom/cjs/react-dom-client.development.js:15476:11)
      at recursivelyTraversePassiveMountEffects (node_modules/.pnpm/react-dom@19.2.0_react@19.2.0/node_modules/react-dom/cjs/react-dom-client.development.js:15439:11)
      at commitPassiveMountOnFiber (node_modules/.pnpm/react-dom@19.2.0_react@19.2.0/node_modules/react-dom/cjs/react-dom-client.development.js:15476:11)
      at recursivelyTraversePassiveMountEffects (node_modules/.pnpm/react-dom@19.2.0_react@19.2.0/node_modules/react-dom/cjs/react-dom-client.development.js:15439:11)
      at commitPassiveMountOnFiber (node_modules/.pnpm/react-dom@19.2.0_react@19.2.0/node_modules/react-dom/cjs/react-dom-client.development.js:15718:11)
      at recursivelyTraversePassiveMountEffects (node_modules/.pnpm/react-dom@19.2.0_react@19.2.0/node_modules/react-dom/cjs/react-dom-client.development.js:15439:11)
      at commitPassiveMountOnFiber (node_modules/.pnpm/react-dom@19.2.0_react@19.2.0/node_modules/react-dom/cjs/react-dom-client.development.js:15476:11)
      at recursivelyTraversePassiveMountEffects (node_modules/.pnpm/react-dom@19.2.0_react@19.2.0/node_modules/react-dom/cjs/react-dom-client.development.js:15439:11)
      at commitPassiveMountOnFiber (node_modules/.pnpm/react-dom@19.2.0_react@19.2.0/node_modules/react-dom/cjs/react-dom-client.development.js:15476:11)
      at recursivelyTraversePassiveMountEffects (node_modules/.pnpm/react-dom@19.2.0_react@19.2.0/node_modules/react-dom/cjs/react-dom-client.development.js:15439:11)
      at commitPassiveMountOnFiber (node_modules/.pnpm/react-dom@19.2.0_react@19.2.0/node_modules/react-dom/cjs/react-dom-client.development.js:15476:11)
      at recursivelyTraversePassiveMountEffects (node_modules/.pnpm/react-dom@19.2.0_react@19.2.0/node_modules/react-dom/cjs/react-dom-client.development.js:15439:11)
      at commitPassiveMountOnFiber (node_modules/.pnpm/react-dom@19.2.0_react@19.2.0/node_modules/react-dom/cjs/react-dom-client.development.js:15718:11)
      at recursivelyTraversePassiveMountEffects (node_modules/.pnpm/react-dom@19.2.0_react@19.2.0/node_modules/react-dom/cjs/react-dom-client.development.js:15439:11)
      at commitPassiveMountOnFiber (node_modules/.pnpm/react-dom@19.2.0_react@19.2.0/node_modules/react-dom/cjs/react-dom-client.development.js:15476:11)
      at recursivelyTraversePassiveMountEffects (node_modules/.pnpm/react-dom@19.2.0_react@19.2.0/node_modules/react-dom/cjs/react-dom-client.development.js:15439:11)
      at commitPassiveMountOnFiber (node_modules/.pnpm/react-dom@19.2.0_react@19.2.0/node_modules/react-dom/cjs/react-dom-client.development.js:15476:11)
      at recursivelyTraversePassiveMountEffects (node_modules/.pnpm/react-dom@19.2.0_react@19.2.0/node_modules/react-dom/cjs/react-dom-client.development.js:15439:11)
      at commitPassiveMountOnFiber (node_modules/.pnpm/react-dom@19.2.0_react@19.2.0/node_modules/react-dom/cjs/react-dom-client.development.js:15476:11)
      at recursivelyTraversePassiveMountEffects (node_modules/.pnpm/react-dom@19.2.0_react@19.2.0/node_modules/react-dom/cjs/react-dom-client.development.js:15439:11)
      at commitPassiveMountOnFiber (node_modules/.pnpm/react-dom@19.2.0_react@19.2.0/node_modules/react-dom/cjs/react-dom-client.development.js:15476:11)
      at recursivelyTraversePassiveMountEffects (node_modules/.pnpm/react-dom@19.2.0_react@19.2.0/node_modules/react-dom/cjs/react-dom-client.development.js:15439:11)
      at commitPassiveMountOnFiber (node_modules/.pnpm/react-dom@19.2.0_react@19.2.0/node_modules/react-dom/cjs/react-dom-client.development.js:15519:11)
      at flushPassiveEffects (node_modules/.pnpm/react-dom@19.2.0_react@19.2.0/node_modules/react-dom/cjs/react-dom-client.development.js:18432:9)
      at flushPendingEffects (node_modules/.pnpm/react-dom@19.2.0_react@19.2.0/node_modules/react-dom/cjs/react-dom-client.development.js:18358:14)
      at flushSpawnedWork (node_modules/.pnpm/react-dom@19.2.0_react@19.2.0/node_modules/react-dom/cjs/react-dom-client.development.js:18323:44)
      at commitRoot (node_modules/.pnpm/react-dom@19.2.0_react@19.2.0/node_modules/react-dom/cjs/react-dom-client.development.js:17955:9)
      at performWorkOnRoot (node_modules/.pnpm/react-dom@19.2.0_react@19.2.0/node_modules/react-dom/cjs/react-dom-client.development.js:16667:15)
      at performSyncWorkOnRoot (node_modules/.pnpm/react-dom@19.2.0_react@19.2.0/node_modules/react-dom/cjs/react-dom-client.development.js:18972:7)
      at flushSyncWorkAcrossRoots_impl (node_modules/.pnpm/react-dom@19.2.0_react@19.2.0/node_modules/react-dom/cjs/react-dom-client.development.js:18814:21)
      at flushSpawnedWork (node_modules/.pnpm/react-dom@19.2.0_react@19.2.0/node_modules/react-dom/cjs/react-dom-client.development.js:18334:9)
      at commitRoot (node_modules/.pnpm/react-dom@19.2.0_react@19.2.0/node_modules/react-dom/cjs/react-dom-client.development.js:17955:9)
      at performWorkOnRoot (node_modules/.pnpm/react-dom@19.2.0_react@19.2.0/node_modules/react-dom/cjs/react-dom-client.development.js:16667:15)
      at performWorkOnRootViaSchedulerTask (node_modules/.pnpm/react-dom@19.2.0_react@19.2.0/node_modules/react-dom/cjs/react-dom-client.development.js:18957:7)
      at flushActQueue (node_modules/.pnpm/react@19.2.0/node_modules/react/cjs/react.development.js:590:34)
      at process.env.NODE_ENV.exports.act (node_modules/.pnpm/react@19.2.0/node_modules/react/cjs/react.development.js:884:10)
      at node_modules/.pnpm/@testing-library+react@16.3_15d474de7481bb0af842c1b1705139a8/node_modules/@testing-library/react/dist/act-compat.js:47:25
      at renderRoot (node_modules/.pnpm/@testing-library+react@16.3_15d474de7481bb0af842c1b1705139a8/node_modules/@testing-library/react/dist/pure.js:190:26)
      at render (node_modules/.pnpm/@testing-library+react@16.3_15d474de7481bb0af842c1b1705139a8/node_modules/@testing-library/react/dist/pure.js:292:10)
      at Object.<anonymous> (src/__tests__/components/ExportChatModal.test.tsx:533:13)

    console.error
      `DialogContent` requires a `DialogTitle` for the component to be accessible for screen reader users.
      
      If you want to hide the `DialogTitle`, you can wrap it with our VisuallyHidden component.
      
      For more information, see https://radix-ui.com/primitives/docs/components/dialog

    [0m [90m 373 |[39m       [36mreturn[39m[33m;[39m
     [90m 374 |[39m     }
    [31m[1m>[22m[39m[90m 375 |[39m     originalError[33m.[39mcall(console[33m,[39m [33m...[39margs)[33m;[39m
     [90m     |[39m                   [31m[1m^[22m[39m
     [90m 376 |[39m   }[33m;[39m
     [90m 377 |[39m })[33m;[39m
     [90m 378 |[39m[0m

      at console.call [as error] (jest.setup.js:375:19)
      at node_modules/.pnpm/@radix-ui+react-dialog@1.1._664b8f23a65f4708bb5cf27e5ff43c08/node_modules/@radix-ui/react-dialog/src/dialog.tsx:520:30
      at Object.react_stack_bottom_frame (node_modules/.pnpm/react-dom@19.2.0_react@19.2.0/node_modules/react-dom/cjs/react-dom-client.development.js:25989:20)
      at runWithFiberInDEV (node_modules/.pnpm/react-dom@19.2.0_react@19.2.0/node_modules/react-dom/cjs/react-dom-client.development.js:874:13)
      at commitHookEffectListMount (node_modules/.pnpm/react-dom@19.2.0_react@19.2.0/node_modules/react-dom/cjs/react-dom-client.development.js:13249:29)
      at commitHookPassiveMountEffects (node_modules/.pnpm/react-dom@19.2.0_react@19.2.0/node_modules/react-dom/cjs/react-dom-client.development.js:13336:11)
      at commitPassiveMountOnFiber (node_modules/.pnpm/react-dom@19.2.0_react@19.2.0/node_modules/react-dom/cjs/react-dom-client.development.js:15484:13)
      at recursivelyTraversePassiveMountEffects (node_modules/.pnpm/react-dom@19.2.0_react@19.2.0/node_modules/react-dom/cjs/react-dom-client.development.js:15439:11)
      at commitPassiveMountOnFiber (node_modules/.pnpm/react-dom@19.2.0_react@19.2.0/node_modules/react-dom/cjs/react-dom-client.development.js:15718:11)
      at recursivelyTraversePassiveMountEffects (node_modules/.pnpm/react-dom@19.2.0_react@19.2.0/node_modules/react-dom/cjs/react-dom-client.development.js:15439:11)
      at commitPassiveMountOnFiber (node_modules/.pnpm/react-dom@19.2.0_react@19.2.0/node_modules/react-dom/cjs/react-dom-client.development.js:15476:11)
      at recursivelyTraversePassiveMountEffects (node_modules/.pnpm/react-dom@19.2.0_react@19.2.0/node_modules/react-dom/cjs/react-dom-client.development.js:15439:11)
      at commitPassiveMountOnFiber (node_modules/.pnpm/react-dom@19.2.0_react@19.2.0/node_modules/react-dom/cjs/react-dom-client.development.js:15476:11)
      at recursivelyTraversePassiveMountEffects (node_modules/.pnpm/react-dom@19.2.0_react@19.2.0/node_modules/react-dom/cjs/react-dom-client.development.js:15439:11)
      at commitPassiveMountOnFiber (node_modules/.pnpm/react-dom@19.2.0_react@19.2.0/node_modules/react-dom/cjs/react-dom-client.development.js:15476:11)
      at recursivelyTraversePassiveMountEffects (node_modules/.pnpm/react-dom@19.2.0_react@19.2.0/node_modules/react-dom/cjs/react-dom-client.development.js:15439:11)
      at commitPassiveMountOnFiber (node_modules/.pnpm/react-dom@19.2.0_react@19.2.0/node_modules/react-dom/cjs/react-dom-client.development.js:15476:11)
      at recursivelyTraversePassiveMountEffects (node_modules/.pnpm/react-dom@19.2.0_react@19.2.0/node_modules/react-dom/cjs/react-dom-client.development.js:15439:11)
      at commitPassiveMountOnFiber (node_modules/.pnpm/react-dom@19.2.0_react@19.2.0/node_modules/react-dom/cjs/react-dom-client.development.js:15476:11)
      at recursivelyTraversePassiveMountEffects (node_modules/.pnpm/react-dom@19.2.0_react@19.2.0/node_modules/react-dom/cjs/react-dom-client.development.js:15439:11)
      at commitPassiveMountOnFiber (node_modules/.pnpm/react-dom@19.2.0_react@19.2.0/node_modules/react-dom/cjs/react-dom-client.development.js:15476:11)
      at recursivelyTraversePassiveMountEffects (node_modules/.pnpm/react-dom@19.2.0_react@19.2.0/node_modules/react-dom/cjs/react-dom-client.development.js:15439:11)
      at commitPassiveMountOnFiber (node_modules/.pnpm/react-dom@19.2.0_react@19.2.0/node_modules/react-dom/cjs/react-dom-client.development.js:15476:11)
      at recursivelyTraversePassiveMountEffects (node_modules/.pnpm/react-dom@19.2.0_react@19.2.0/node_modules/react-dom/cjs/react-dom-client.development.js:15439:11)
      at commitPassiveMountOnFiber (node_modules/.pnpm/react-dom@19.2.0_react@19.2.0/node_modules/react-dom/cjs/react-dom-client.development.js:15718:11)
      at recursivelyTraversePassiveMountEffects (node_modules/.pnpm/react-dom@19.2.0_react@19.2.0/node_modules/react-dom/cjs/react-dom-client.development.js:15439:11)
      at commitPassiveMountOnFiber (node_modules/.pnpm/react-dom@19.2.0_react@19.2.0/node_modules/react-dom/cjs/react-dom-client.development.js:15476:11)
      at recursivelyTraversePassiveMountEffects (node_modules/.pnpm/react-dom@19.2.0_react@19.2.0/node_modules/react-dom/cjs/react-dom-client.development.js:15439:11)
      at commitPassiveMountOnFiber (node_modules/.pnpm/react-dom@19.2.0_react@19.2.0/node_modules/react-dom/cjs/react-dom-client.development.js:15476:11)
      at recursivelyTraversePassiveMountEffects (node_modules/.pnpm/react-dom@19.2.0_react@19.2.0/node_modules/react-dom/cjs/react-dom-client.development.js:15439:11)
      at commitPassiveMountOnFiber (node_modules/.pnpm/react-dom@19.2.0_react@19.2.0/node_modules/react-dom/cjs/react-dom-client.development.js:15718:11)
      at recursivelyTraversePassiveMountEffects (node_modules/.pnpm/react-dom@19.2.0_react@19.2.0/node_modules/react-dom/cjs/react-dom-client.development.js:15439:11)
      at commitPassiveMountOnFiber (node_modules/.pnpm/react-dom@19.2.0_react@19.2.0/node_modules/react-dom/cjs/react-dom-client.development.js:15476:11)
      at recursivelyTraversePassiveMountEffects (node_modules/.pnpm/react-dom@19.2.0_react@19.2.0/node_modules/react-dom/cjs/react-dom-client.development.js:15439:11)
      at commitPassiveMountOnFiber (node_modules/.pnpm/react-dom@19.2.0_react@19.2.0/node_modules/react-dom/cjs/react-dom-client.development.js:15476:11)
      at recursivelyTraversePassiveMountEffects (node_modules/.pnpm/react-dom@19.2.0_react@19.2.0/node_modules/react-dom/cjs/react-dom-client.development.js:15439:11)
      at commitPassiveMountOnFiber (node_modules/.pnpm/react-dom@19.2.0_react@19.2.0/node_modules/react-dom/cjs/react-dom-client.development.js:15476:11)
      at recursivelyTraversePassiveMountEffects (node_modules/.pnpm/react-dom@19.2.0_react@19.2.0/node_modules/react-dom/cjs/react-dom-client.development.js:15439:11)
      at commitPassiveMountOnFiber (node_modules/.pnpm/react-dom@19.2.0_react@19.2.0/node_modules/react-dom/cjs/react-dom-client.development.js:15718:11)
      at recursivelyTraversePassiveMountEffects (node_modules/.pnpm/react-dom@19.2.0_react@19.2.0/node_modules/react-dom/cjs/react-dom-client.development.js:15439:11)
      at commitPassiveMountOnFiber (node_modules/.pnpm/react-dom@19.2.0_react@19.2.0/node_modules/react-dom/cjs/react-dom-client.development.js:15476:11)
      at recursivelyTraversePassiveMountEffects (node_modules/.pnpm/react-dom@19.2.0_react@19.2.0/node_modules/react-dom/cjs/react-dom-client.development.js:15439:11)
      at commitPassiveMountOnFiber (node_modules/.pnpm/react-dom@19.2.0_react@19.2.0/node_modules/react-dom/cjs/react-dom-client.development.js:15476:11)
      at recursivelyTraversePassiveMountEffects (node_modules/.pnpm/react-dom@19.2.0_react@19.2.0/node_modules/react-dom/cjs/react-dom-client.development.js:15439:11)
      at commitPassiveMountOnFiber (node_modules/.pnpm/react-dom@19.2.0_react@19.2.0/node_modules/react-dom/cjs/react-dom-client.development.js:15476:11)
      at recursivelyTraversePassiveMountEffects (node_modules/.pnpm/react-dom@19.2.0_react@19.2.0/node_modules/react-dom/cjs/react-dom-client.development.js:15439:11)
      at commitPassiveMountOnFiber (node_modules/.pnpm/react-dom@19.2.0_react@19.2.0/node_modules/react-dom/cjs/react-dom-client.development.js:15476:11)
      at recursivelyTraversePassiveMountEffects (node_modules/.pnpm/react-dom@19.2.0_react@19.2.0/node_modules/react-dom/cjs/react-dom-client.development.js:15439:11)
      at commitPassiveMountOnFiber (node_modules/.pnpm/react-dom@19.2.0_react@19.2.0/node_modules/react-dom/cjs/react-dom-client.development.js:15519:11)
      at flushPassiveEffects (node_modules/.pnpm/react-dom@19.2.0_react@19.2.0/node_modules/react-dom/cjs/react-dom-client.development.js:18432:9)
      at flushPendingEffects (node_modules/.pnpm/react-dom@19.2.0_react@19.2.0/node_modules/react-dom/cjs/react-dom-client.development.js:18358:14)
      at flushSpawnedWork (node_modules/.pnpm/react-dom@19.2.0_react@19.2.0/node_modules/react-dom/cjs/react-dom-client.development.js:18323:44)
      at commitRoot (node_modules/.pnpm/react-dom@19.2.0_react@19.2.0/node_modules/react-dom/cjs/react-dom-client.development.js:17955:9)
      at performWorkOnRoot (node_modules/.pnpm/react-dom@19.2.0_react@19.2.0/node_modules/react-dom/cjs/react-dom-client.development.js:16667:15)
      at performSyncWorkOnRoot (node_modules/.pnpm/react-dom@19.2.0_react@19.2.0/node_modules/react-dom/cjs/react-dom-client.development.js:18972:7)
      at flushSyncWorkAcrossRoots_impl (node_modules/.pnpm/react-dom@19.2.0_react@19.2.0/node_modules/react-dom/cjs/react-dom-client.development.js:18814:21)
      at flushSpawnedWork (node_modules/.pnpm/react-dom@19.2.0_react@19.2.0/node_modules/react-dom/cjs/react-dom-client.development.js:18334:9)
      at commitRoot (node_modules/.pnpm/react-dom@19.2.0_react@19.2.0/node_modules/react-dom/cjs/react-dom-client.development.js:17955:9)
      at performWorkOnRoot (node_modules/.pnpm/react-dom@19.2.0_react@19.2.0/node_modules/react-dom/cjs/react-dom-client.development.js:16667:15)
      at performWorkOnRootViaSchedulerTask (node_modules/.pnpm/react-dom@19.2.0_react@19.2.0/node_modules/react-dom/cjs/react-dom-client.development.js:18957:7)
      at flushActQueue (node_modules/.pnpm/react@19.2.0/node_modules/react/cjs/react.development.js:590:34)
      at process.env.NODE_ENV.exports.act (node_modules/.pnpm/react@19.2.0/node_modules/react/cjs/react.development.js:884:10)
      at node_modules/.pnpm/@testing-library+react@16.3_15d474de7481bb0af842c1b1705139a8/node_modules/@testing-library/react/dist/act-compat.js:47:25
      at renderRoot (node_modules/.pnpm/@testing-library+react@16.3_15d474de7481bb0af842c1b1705139a8/node_modules/@testing-library/react/dist/pure.js:190:26)
      at render (node_modules/.pnpm/@testing-library+react@16.3_15d474de7481bb0af842c1b1705139a8/node_modules/@testing-library/react/dist/pure.js:292:10)
      at Object.<anonymous> (src/__tests__/components/ExportChatModal.test.tsx:544:13)

    console.warn
      Warning: Missing `Description` or `aria-describedby={undefined}` for {DialogContent}.

    [0m [90m 542 |[39m
     [90m 543 |[39m     it([32m'handles empty gameName'[39m[33m,[39m () [33m=>[39m {
    [31m[1m>[22m[39m[90m 544 |[39m       render([33m<[39m[33mExportChatModal[39m {[33m...[39mdefaultProps} gameName[33m=[39m[32m""[39m [33m/[39m[33m>[39m)[33m;[39m
     [90m     |[39m             [31m[1m^[22m[39m
     [90m 545 |[39m
     [90m 546 |[39m       expect(screen[33m.[39mgetByText([35m/Esporta la conversazione per/[39m))[33m.[39mtoBeInTheDocument()[33m;[39m
     [90m 547 |[39m     })[33m;[39m[0m

      at node_modules/.pnpm/@radix-ui+react-dialog@1.1._664b8f23a65f4708bb5cf27e5ff43c08/node_modules/@radix-ui/react-dialog/src/dialog.tsx:543:36
      at Object.react_stack_bottom_frame (node_modules/.pnpm/react-dom@19.2.0_react@19.2.0/node_modules/react-dom/cjs/react-dom-client.development.js:25989:20)
      at runWithFiberInDEV (node_modules/.pnpm/react-dom@19.2.0_react@19.2.0/node_modules/react-dom/cjs/react-dom-client.development.js:874:13)
      at commitHookEffectListMount (node_modules/.pnpm/react-dom@19.2.0_react@19.2.0/node_modules/react-dom/cjs/react-dom-client.development.js:13249:29)
      at commitHookPassiveMountEffects (node_modules/.pnpm/react-dom@19.2.0_react@19.2.0/node_modules/react-dom/cjs/react-dom-client.development.js:13336:11)
      at commitPassiveMountOnFiber (node_modules/.pnpm/react-dom@19.2.0_react@19.2.0/node_modules/react-dom/cjs/react-dom-client.development.js:15484:13)
      at recursivelyTraversePassiveMountEffects (node_modules/.pnpm/react-dom@19.2.0_react@19.2.0/node_modules/react-dom/cjs/react-dom-client.development.js:15439:11)
      at commitPassiveMountOnFiber (node_modules/.pnpm/react-dom@19.2.0_react@19.2.0/node_modules/react-dom/cjs/react-dom-client.development.js:15718:11)
      at recursivelyTraversePassiveMountEffects (node_modules/.pnpm/react-dom@19.2.0_react@19.2.0/node_modules/react-dom/cjs/react-dom-client.development.js:15439:11)
      at commitPassiveMountOnFiber (node_modules/.pnpm/react-dom@19.2.0_react@19.2.0/node_modules/react-dom/cjs/react-dom-client.development.js:15476:11)
      at recursivelyTraversePassiveMountEffects (node_modules/.pnpm/react-dom@19.2.0_react@19.2.0/node_modules/react-dom/cjs/react-dom-client.development.js:15439:11)
      at commitPassiveMountOnFiber (node_modules/.pnpm/react-dom@19.2.0_react@19.2.0/node_modules/react-dom/cjs/react-dom-client.development.js:15476:11)
      at recursivelyTraversePassiveMountEffects (node_modules/.pnpm/react-dom@19.2.0_react@19.2.0/node_modules/react-dom/cjs/react-dom-client.development.js:15439:11)
      at commitPassiveMountOnFiber (node_modules/.pnpm/react-dom@19.2.0_react@19.2.0/node_modules/react-dom/cjs/react-dom-client.development.js:15476:11)
      at recursivelyTraversePassiveMountEffects (node_modules/.pnpm/react-dom@19.2.0_react@19.2.0/node_modules/react-dom/cjs/react-dom-client.development.js:15439:11)
      at commitPassiveMountOnFiber (node_modules/.pnpm/react-dom@19.2.0_react@19.2.0/node_modules/react-dom/cjs/react-dom-client.development.js:15476:11)
      at recursivelyTraversePassiveMountEffects (node_modules/.pnpm/react-dom@19.2.0_react@19.2.0/node_modules/react-dom/cjs/react-dom-client.development.js:15439:11)
      at commitPassiveMountOnFiber (node_modules/.pnpm/react-dom@19.2.0_react@19.2.0/node_modules/react-dom/cjs/react-dom-client.development.js:15476:11)
      at recursivelyTraversePassiveMountEffects (node_modules/.pnpm/react-dom@19.2.0_react@19.2.0/node_modules/react-dom/cjs/react-dom-client.development.js:15439:11)
      at commitPassiveMountOnFiber (node_modules/.pnpm/react-dom@19.2.0_react@19.2.0/node_modules/react-dom/cjs/react-dom-client.development.js:15476:11)
      at recursivelyTraversePassiveMountEffects (node_modules/.pnpm/react-dom@19.2.0_react@19.2.0/node_modules/react-dom/cjs/react-dom-client.development.js:15439:11)
      at commitPassiveMountOnFiber (node_modules/.pnpm/react-dom@19.2.0_react@19.2.0/node_modules/react-dom/cjs/react-dom-client.development.js:15476:11)
      at recursivelyTraversePassiveMountEffects (node_modules/.pnpm/react-dom@19.2.0_react@19.2.0/node_modules/react-dom/cjs/react-dom-client.development.js:15439:11)
      at commitPassiveMountOnFiber (node_modules/.pnpm/react-dom@19.2.0_react@19.2.0/node_modules/react-dom/cjs/react-dom-client.development.js:15718:11)
      at recursivelyTraversePassiveMountEffects (node_modules/.pnpm/react-dom@19.2.0_react@19.2.0/node_modules/react-dom/cjs/react-dom-client.development.js:15439:11)
      at commitPassiveMountOnFiber (node_modules/.pnpm/react-dom@19.2.0_react@19.2.0/node_modules/react-dom/cjs/react-dom-client.development.js:15476:11)
      at recursivelyTraversePassiveMountEffects (node_modules/.pnpm/react-dom@19.2.0_react@19.2.0/node_modules/react-dom/cjs/react-dom-client.development.js:15439:11)
      at commitPassiveMountOnFiber (node_modules/.pnpm/react-dom@19.2.0_react@19.2.0/node_modules/react-dom/cjs/react-dom-client.development.js:15476:11)
      at recursivelyTraversePassiveMountEffects (node_modules/.pnpm/react-dom@19.2.0_react@19.2.0/node_modules/react-dom/cjs/react-dom-client.development.js:15439:11)
      at commitPassiveMountOnFiber (node_modules/.pnpm/react-dom@19.2.0_react@19.2.0/node_modules/react-dom/cjs/react-dom-client.development.js:15718:11)
      at recursivelyTraversePassiveMountEffects (node_modules/.pnpm/react-dom@19.2.0_react@19.2.0/node_modules/react-dom/cjs/react-dom-client.development.js:15439:11)
      at commitPassiveMountOnFiber (node_modules/.pnpm/react-dom@19.2.0_react@19.2.0/node_modules/react-dom/cjs/react-dom-client.development.js:15476:11)
      at recursivelyTraversePassiveMountEffects (node_modules/.pnpm/react-dom@19.2.0_react@19.2.0/node_modules/react-dom/cjs/react-dom-client.development.js:15439:11)
      at commitPassiveMountOnFiber (node_modules/.pnpm/react-dom@19.2.0_react@19.2.0/node_modules/react-dom/cjs/react-dom-client.development.js:15476:11)
      at recursivelyTraversePassiveMountEffects (node_modules/.pnpm/react-dom@19.2.0_react@19.2.0/node_modules/react-dom/cjs/react-dom-client.development.js:15439:11)
      at commitPassiveMountOnFiber (node_modules/.pnpm/react-dom@19.2.0_react@19.2.0/node_modules/react-dom/cjs/react-dom-client.development.js:15476:11)
      at recursivelyTraversePassiveMountEffects (node_modules/.pnpm/react-dom@19.2.0_react@19.2.0/node_modules/react-dom/cjs/react-dom-client.development.js:15439:11)
      at commitPassiveMountOnFiber (node_modules/.pnpm/react-dom@19.2.0_react@19.2.0/node_modules/react-dom/cjs/react-dom-client.development.js:15718:11)
      at recursivelyTraversePassiveMountEffects (node_modules/.pnpm/react-dom@19.2.0_react@19.2.0/node_modules/react-dom/cjs/react-dom-client.development.js:15439:11)
      at commitPassiveMountOnFiber (node_modules/.pnpm/react-dom@19.2.0_react@19.2.0/node_modules/react-dom/cjs/react-dom-client.development.js:15476:11)
      at recursivelyTraversePassiveMountEffects (node_modules/.pnpm/react-dom@19.2.0_react@19.2.0/node_modules/react-dom/cjs/react-dom-client.development.js:15439:11)
      at commitPassiveMountOnFiber (node_modules/.pnpm/react-dom@19.2.0_react@19.2.0/node_modules/react-dom/cjs/react-dom-client.development.js:15476:11)
      at recursivelyTraversePassiveMountEffects (node_modules/.pnpm/react-dom@19.2.0_react@19.2.0/node_modules/react-dom/cjs/react-dom-client.development.js:15439:11)
      at commitPassiveMountOnFiber (node_modules/.pnpm/react-dom@19.2.0_react@19.2.0/node_modules/react-dom/cjs/react-dom-client.development.js:15476:11)
      at recursivelyTraversePassiveMountEffects (node_modules/.pnpm/react-dom@19.2.0_react@19.2.0/node_modules/react-dom/cjs/react-dom-client.development.js:15439:11)
      at commitPassiveMountOnFiber (node_modules/.pnpm/react-dom@19.2.0_react@19.2.0/node_modules/react-dom/cjs/react-dom-client.development.js:15476:11)
      at recursivelyTraversePassiveMountEffects (node_modules/.pnpm/react-dom@19.2.0_react@19.2.0/node_modules/react-dom/cjs/react-dom-client.development.js:15439:11)
      at commitPassiveMountOnFiber (node_modules/.pnpm/react-dom@19.2.0_react@19.2.0/node_modules/react-dom/cjs/react-dom-client.development.js:15519:11)
      at flushPassiveEffects (node_modules/.pnpm/react-dom@19.2.0_react@19.2.0/node_modules/react-dom/cjs/react-dom-client.development.js:18432:9)
      at flushPendingEffects (node_modules/.pnpm/react-dom@19.2.0_react@19.2.0/node_modules/react-dom/cjs/react-dom-client.development.js:18358:14)
      at flushSpawnedWork (node_modules/.pnpm/react-dom@19.2.0_react@19.2.0/node_modules/react-dom/cjs/react-dom-client.development.js:18323:44)
      at commitRoot (node_modules/.pnpm/react-dom@19.2.0_react@19.2.0/node_modules/react-dom/cjs/react-dom-client.development.js:17955:9)
      at performWorkOnRoot (node_modules/.pnpm/react-dom@19.2.0_react@19.2.0/node_modules/react-dom/cjs/react-dom-client.development.js:16667:15)
      at performSyncWorkOnRoot (node_modules/.pnpm/react-dom@19.2.0_react@19.2.0/node_modules/react-dom/cjs/react-dom-client.development.js:18972:7)
      at flushSyncWorkAcrossRoots_impl (node_modules/.pnpm/react-dom@19.2.0_react@19.2.0/node_modules/react-dom/cjs/react-dom-client.development.js:18814:21)
      at flushSpawnedWork (node_modules/.pnpm/react-dom@19.2.0_react@19.2.0/node_modules/react-dom/cjs/react-dom-client.development.js:18334:9)
      at commitRoot (node_modules/.pnpm/react-dom@19.2.0_react@19.2.0/node_modules/react-dom/cjs/react-dom-client.development.js:17955:9)
      at performWorkOnRoot (node_modules/.pnpm/react-dom@19.2.0_react@19.2.0/node_modules/react-dom/cjs/react-dom-client.development.js:16667:15)
      at performWorkOnRootViaSchedulerTask (node_modules/.pnpm/react-dom@19.2.0_react@19.2.0/node_modules/react-dom/cjs/react-dom-client.development.js:18957:7)
      at flushActQueue (node_modules/.pnpm/react@19.2.0/node_modules/react/cjs/react.development.js:590:34)
      at process.env.NODE_ENV.exports.act (node_modules/.pnpm/react@19.2.0/node_modules/react/cjs/react.development.js:884:10)
      at node_modules/.pnpm/@testing-library+react@16.3_15d474de7481bb0af842c1b1705139a8/node_modules/@testing-library/react/dist/act-compat.js:47:25
      at renderRoot (node_modules/.pnpm/@testing-library+react@16.3_15d474de7481bb0af842c1b1705139a8/node_modules/@testing-library/react/dist/pure.js:190:26)
      at render (node_modules/.pnpm/@testing-library+react@16.3_15d474de7481bb0af842c1b1705139a8/node_modules/@testing-library/react/dist/pure.js:292:10)
      at Object.<anonymous> (src/__tests__/components/ExportChatModal.test.tsx:544:13)

    console.error
      `DialogContent` requires a `DialogTitle` for the component to be accessible for screen reader users.
      
      If you want to hide the `DialogTitle`, you can wrap it with our VisuallyHidden component.
      
      For more information, see https://radix-ui.com/primitives/docs/components/dialog

    [0m [90m 373 |[39m       [36mreturn[39m[33m;[39m
     [90m 374 |[39m     }
    [31m[1m>[22m[39m[90m 375 |[39m     originalError[33m.[39mcall(console[33m,[39m [33m...[39margs)[33m;[39m
     [90m     |[39m                   [31m[1m^[22m[39m
     [90m 376 |[39m   }[33m;[39m
     [90m 377 |[39m })[33m;[39m
     [90m 378 |[39m[0m

      at console.call [as error] (jest.setup.js:375:19)
      at node_modules/.pnpm/@radix-ui+react-dialog@1.1._664b8f23a65f4708bb5cf27e5ff43c08/node_modules/@radix-ui/react-dialog/src/dialog.tsx:520:30
      at Object.react_stack_bottom_frame (node_modules/.pnpm/react-dom@19.2.0_react@19.2.0/node_modules/react-dom/cjs/react-dom-client.development.js:25989:20)
      at runWithFiberInDEV (node_modules/.pnpm/react-dom@19.2.0_react@19.2.0/node_modules/react-dom/cjs/react-dom-client.development.js:874:13)
      at commitHookEffectListMount (node_modules/.pnpm/react-dom@19.2.0_react@19.2.0/node_modules/react-dom/cjs/react-dom-client.development.js:13249:29)
      at commitHookPassiveMountEffects (node_modules/.pnpm/react-dom@19.2.0_react@19.2.0/node_modules/react-dom/cjs/react-dom-client.development.js:13336:11)
      at commitPassiveMountOnFiber (node_modules/.pnpm/react-dom@19.2.0_react@19.2.0/node_modules/react-dom/cjs/react-dom-client.development.js:15484:13)
      at recursivelyTraversePassiveMountEffects (node_modules/.pnpm/react-dom@19.2.0_react@19.2.0/node_modules/react-dom/cjs/react-dom-client.development.js:15439:11)
      at commitPassiveMountOnFiber (node_modules/.pnpm/react-dom@19.2.0_react@19.2.0/node_modules/react-dom/cjs/react-dom-client.development.js:15718:11)
      at recursivelyTraversePassiveMountEffects (node_modules/.pnpm/react-dom@19.2.0_react@19.2.0/node_modules/react-dom/cjs/react-dom-client.development.js:15439:11)
      at commitPassiveMountOnFiber (node_modules/.pnpm/react-dom@19.2.0_react@19.2.0/node_modules/react-dom/cjs/react-dom-client.development.js:15476:11)
      at recursivelyTraversePassiveMountEffects (node_modules/.pnpm/react-dom@19.2.0_react@19.2.0/node_modules/react-dom/cjs/react-dom-client.development.js:15439:11)
      at commitPassiveMountOnFiber (node_modules/.pnpm/react-dom@19.2.0_react@19.2.0/node_modules/react-dom/cjs/react-dom-client.development.js:15476:11)
      at recursivelyTraversePassiveMountEffects (node_modules/.pnpm/react-dom@19.2.0_react@19.2.0/node_modules/react-dom/cjs/react-dom-client.development.js:15439:11)
      at commitPassiveMountOnFiber (node_modules/.pnpm/react-dom@19.2.0_react@19.2.0/node_modules/react-dom/cjs/react-dom-client.development.js:15476:11)
      at recursivelyTraversePassiveMountEffects (node_modules/.pnpm/react-dom@19.2.0_react@19.2.0/node_modules/react-dom/cjs/react-dom-client.development.js:15439:11)
      at commitPassiveMountOnFiber (node_modules/.pnpm/react-dom@19.2.0_react@19.2.0/node_modules/react-dom/cjs/react-dom-client.development.js:15476:11)
      at recursivelyTraversePassiveMountEffects (node_modules/.pnpm/react-dom@19.2.0_react@19.2.0/node_modules/react-dom/cjs/react-dom-client.development.js:15439:11)
      at commitPassiveMountOnFiber (node_modules/.pnpm/react-dom@19.2.0_react@19.2.0/node_modules/react-dom/cjs/react-dom-client.development.js:15476:11)
      at recursivelyTraversePassiveMountEffects (node_modules/.pnpm/react-dom@19.2.0_react@19.2.0/node_modules/react-dom/cjs/react-dom-client.development.js:15439:11)
      at commitPassiveMountOnFiber (node_modules/.pnpm/react-dom@19.2.0_react@19.2.0/node_modules/react-dom/cjs/react-dom-client.development.js:15476:11)
      at recursivelyTraversePassiveMountEffects (node_modules/.pnpm/react-dom@19.2.0_react@19.2.0/node_modules/react-dom/cjs/react-dom-client.development.js:15439:11)
      at commitPassiveMountOnFiber (node_modules/.pnpm/react-dom@19.2.0_react@19.2.0/node_modules/react-dom/cjs/react-dom-client.development.js:15476:11)
      at recursivelyTraversePassiveMountEffects (node_modules/.pnpm/react-dom@19.2.0_react@19.2.0/node_modules/react-dom/cjs/react-dom-client.development.js:15439:11)
      at commitPassiveMountOnFiber (node_modules/.pnpm/react-dom@19.2.0_react@19.2.0/node_modules/react-dom/cjs/react-dom-client.development.js:15718:11)
      at recursivelyTraversePassiveMountEffects (node_modules/.pnpm/react-dom@19.2.0_react@19.2.0/node_modules/react-dom/cjs/react-dom-client.development.js:15439:11)
      at commitPassiveMountOnFiber (node_modules/.pnpm/react-dom@19.2.0_react@19.2.0/node_modules/react-dom/cjs/react-dom-client.development.js:15476:11)
      at recursivelyTraversePassiveMountEffects (node_modules/.pnpm/react-dom@19.2.0_react@19.2.0/node_modules/react-dom/cjs/react-dom-client.development.js:15439:11)
      at commitPassiveMountOnFiber (node_modules/.pnpm/react-dom@19.2.0_react@19.2.0/node_modules/react-dom/cjs/react-dom-client.development.js:15476:11)
      at recursivelyTraversePassiveMountEffects (node_modules/.pnpm/react-dom@19.2.0_react@19.2.0/node_modules/react-dom/cjs/react-dom-client.development.js:15439:11)
      at commitPassiveMountOnFiber (node_modules/.pnpm/react-dom@19.2.0_react@19.2.0/node_modules/react-dom/cjs/react-dom-client.development.js:15718:11)
      at recursivelyTraversePassiveMountEffects (node_modules/.pnpm/react-dom@19.2.0_react@19.2.0/node_modules/react-dom/cjs/react-dom-client.development.js:15439:11)
      at commitPassiveMountOnFiber (node_modules/.pnpm/react-dom@19.2.0_react@19.2.0/node_modules/react-dom/cjs/react-dom-client.development.js:15476:11)
      at recursivelyTraversePassiveMountEffects (node_modules/.pnpm/react-dom@19.2.0_react@19.2.0/node_modules/react-dom/cjs/react-dom-client.development.js:15439:11)
      at commitPassiveMountOnFiber (node_modules/.pnpm/react-dom@19.2.0_react@19.2.0/node_modules/react-dom/cjs/react-dom-client.development.js:15476:11)
      at recursivelyTraversePassiveMountEffects (node_modules/.pnpm/react-dom@19.2.0_react@19.2.0/node_modules/react-dom/cjs/react-dom-client.development.js:15439:11)
      at commitPassiveMountOnFiber (node_modules/.pnpm/react-dom@19.2.0_react@19.2.0/node_modules/react-dom/cjs/react-dom-client.development.js:15476:11)
      at recursivelyTraversePassiveMountEffects (node_modules/.pnpm/react-dom@19.2.0_react@19.2.0/node_modules/react-dom/cjs/react-dom-client.development.js:15439:11)
      at commitPassiveMountOnFiber (node_modules/.pnpm/react-dom@19.2.0_react@19.2.0/node_modules/react-dom/cjs/react-dom-client.development.js:15718:11)
      at recursivelyTraversePassiveMountEffects (node_modules/.pnpm/react-dom@19.2.0_react@19.2.0/node_modules/react-dom/cjs/react-dom-client.development.js:15439:11)
      at commitPassiveMountOnFiber (node_modules/.pnpm/react-dom@19.2.0_react@19.2.0/node_modules/react-dom/cjs/react-dom-client.development.js:15476:11)
      at recursivelyTraversePassiveMountEffects (node_modules/.pnpm/react-dom@19.2.0_react@19.2.0/node_modules/react-dom/cjs/react-dom-client.development.js:15439:11)
      at commitPassiveMountOnFiber (node_modules/.pnpm/react-dom@19.2.0_react@19.2.0/node_modules/react-dom/cjs/react-dom-client.development.js:15476:11)
      at recursivelyTraversePassiveMountEffects (node_modules/.pnpm/react-dom@19.2.0_react@19.2.0/node_modules/react-dom/cjs/react-dom-client.development.js:15439:11)
      at commitPassiveMountOnFiber (node_modules/.pnpm/react-dom@19.2.0_react@19.2.0/node_modules/react-dom/cjs/react-dom-client.development.js:15476:11)
      at recursivelyTraversePassiveMountEffects (node_modules/.pnpm/react-dom@19.2.0_react@19.2.0/node_modules/react-dom/cjs/react-dom-client.development.js:15439:11)
      at commitPassiveMountOnFiber (node_modules/.pnpm/react-dom@19.2.0_react@19.2.0/node_modules/react-dom/cjs/react-dom-client.development.js:15476:11)
      at recursivelyTraversePassiveMountEffects (node_modules/.pnpm/react-dom@19.2.0_react@19.2.0/node_modules/react-dom/cjs/react-dom-client.development.js:15439:11)
      at commitPassiveMountOnFiber (node_modules/.pnpm/react-dom@19.2.0_react@19.2.0/node_modules/react-dom/cjs/react-dom-client.development.js:15519:11)
      at flushPassiveEffects (node_modules/.pnpm/react-dom@19.2.0_react@19.2.0/node_modules/react-dom/cjs/react-dom-client.development.js:18432:9)
      at flushPendingEffects (node_modules/.pnpm/react-dom@19.2.0_react@19.2.0/node_modules/react-dom/cjs/react-dom-client.development.js:18358:14)
      at flushSpawnedWork (node_modules/.pnpm/react-dom@19.2.0_react@19.2.0/node_modules/react-dom/cjs/react-dom-client.development.js:18323:44)
      at commitRoot (node_modules/.pnpm/react-dom@19.2.0_react@19.2.0/node_modules/react-dom/cjs/react-dom-client.development.js:17955:9)
      at performWorkOnRoot (node_modules/.pnpm/react-dom@19.2.0_react@19.2.0/node_modules/react-dom/cjs/react-dom-client.development.js:16667:15)
      at performSyncWorkOnRoot (node_modules/.pnpm/react-dom@19.2.0_react@19.2.0/node_modules/react-dom/cjs/react-dom-client.development.js:18972:7)
      at flushSyncWorkAcrossRoots_impl (node_modules/.pnpm/react-dom@19.2.0_react@19.2.0/node_modules/react-dom/cjs/react-dom-client.development.js:18814:21)
      at flushSpawnedWork (node_modules/.pnpm/react-dom@19.2.0_react@19.2.0/node_modules/react-dom/cjs/react-dom-client.development.js:18334:9)
      at commitRoot (node_modules/.pnpm/react-dom@19.2.0_react@19.2.0/node_modules/react-dom/cjs/react-dom-client.development.js:17955:9)
      at performWorkOnRoot (node_modules/.pnpm/react-dom@19.2.0_react@19.2.0/node_modules/react-dom/cjs/react-dom-client.development.js:16667:15)
      at performWorkOnRootViaSchedulerTask (node_modules/.pnpm/react-dom@19.2.0_react@19.2.0/node_modules/react-dom/cjs/react-dom-client.development.js:18957:7)
      at flushActQueue (node_modules/.pnpm/react@19.2.0/node_modules/react/cjs/react.development.js:590:34)
      at process.env.NODE_ENV.exports.act (node_modules/.pnpm/react@19.2.0/node_modules/react/cjs/react.development.js:884:10)
      at node_modules/.pnpm/@testing-library+react@16.3_15d474de7481bb0af842c1b1705139a8/node_modules/@testing-library/react/dist/act-compat.js:47:25
      at renderRoot (node_modules/.pnpm/@testing-library+react@16.3_15d474de7481bb0af842c1b1705139a8/node_modules/@testing-library/react/dist/pure.js:190:26)
      at render (node_modules/.pnpm/@testing-library+react@16.3_15d474de7481bb0af842c1b1705139a8/node_modules/@testing-library/react/dist/pure.js:292:10)
      at Object.<anonymous> (src/__tests__/components/ExportChatModal.test.tsx:550:13)

    console.warn
      Warning: Missing `Description` or `aria-describedby={undefined}` for {DialogContent}.

    [0m [90m 548 |[39m
     [90m 549 |[39m     it([32m'handles only dateFrom specified'[39m[33m,[39m [36masync[39m () [33m=>[39m {
    [31m[1m>[22m[39m[90m 550 |[39m       render([33m<[39m[33mExportChatModal[39m {[33m...[39mdefaultProps} [33m/[39m[33m>[39m)[33m;[39m
     [90m     |[39m             [31m[1m^[22m[39m
     [90m 551 |[39m
     [90m 552 |[39m       [36mconst[39m dateFromInput [33m=[39m screen[33m.[39mgetByLabelText([32m'Da'[39m)[33m;[39m
     [90m 553 |[39m       fireEvent[33m.[39mchange(dateFromInput[33m,[39m { target[33m:[39m { value[33m:[39m [32m'2025-01-01'[39m } })[33m;[39m[0m

      at node_modules/.pnpm/@radix-ui+react-dialog@1.1._664b8f23a65f4708bb5cf27e5ff43c08/node_modules/@radix-ui/react-dialog/src/dialog.tsx:543:36
      at Object.react_stack_bottom_frame (node_modules/.pnpm/react-dom@19.2.0_react@19.2.0/node_modules/react-dom/cjs/react-dom-client.development.js:25989:20)
      at runWithFiberInDEV (node_modules/.pnpm/react-dom@19.2.0_react@19.2.0/node_modules/react-dom/cjs/react-dom-client.development.js:874:13)
      at commitHookEffectListMount (node_modules/.pnpm/react-dom@19.2.0_react@19.2.0/node_modules/react-dom/cjs/react-dom-client.development.js:13249:29)
      at commitHookPassiveMountEffects (node_modules/.pnpm/react-dom@19.2.0_react@19.2.0/node_modules/react-dom/cjs/react-dom-client.development.js:13336:11)
      at commitPassiveMountOnFiber (node_modules/.pnpm/react-dom@19.2.0_react@19.2.0/node_modules/react-dom/cjs/react-dom-client.development.js:15484:13)
      at recursivelyTraversePassiveMountEffects (node_modules/.pnpm/react-dom@19.2.0_react@19.2.0/node_modules/react-dom/cjs/react-dom-client.development.js:15439:11)
      at commitPassiveMountOnFiber (node_modules/.pnpm/react-dom@19.2.0_react@19.2.0/node_modules/react-dom/cjs/react-dom-client.development.js:15718:11)
      at recursivelyTraversePassiveMountEffects (node_modules/.pnpm/react-dom@19.2.0_react@19.2.0/node_modules/react-dom/cjs/react-dom-client.development.js:15439:11)
      at commitPassiveMountOnFiber (node_modules/.pnpm/react-dom@19.2.0_react@19.2.0/node_modules/react-dom/cjs/react-dom-client.development.js:15476:11)
      at recursivelyTraversePassiveMountEffects (node_modules/.pnpm/react-dom@19.2.0_react@19.2.0/node_modules/react-dom/cjs/react-dom-client.development.js:15439:11)
      at commitPassiveMountOnFiber (node_modules/.pnpm/react-dom@19.2.0_react@19.2.0/node_modules/react-dom/cjs/react-dom-client.development.js:15476:11)
      at recursivelyTraversePassiveMountEffects (node_modules/.pnpm/react-dom@19.2.0_react@19.2.0/node_modules/react-dom/cjs/react-dom-client.development.js:15439:11)
      at commitPassiveMountOnFiber (node_modules/.pnpm/react-dom@19.2.0_react@19.2.0/node_modules/react-dom/cjs/react-dom-client.development.js:15476:11)
      at recursivelyTraversePassiveMountEffects (node_modules/.pnpm/react-dom@19.2.0_react@19.2.0/node_modules/react-dom/cjs/react-dom-client.development.js:15439:11)
      at commitPassiveMountOnFiber (node_modules/.pnpm/react-dom@19.2.0_react@19.2.0/node_modules/react-dom/cjs/react-dom-client.development.js:15476:11)
      at recursivelyTraversePassiveMountEffects (node_modules/.pnpm/react-dom@19.2.0_react@19.2.0/node_modules/react-dom/cjs/react-dom-client.development.js:15439:11)
      at commitPassiveMountOnFiber (node_modules/.pnpm/react-dom@19.2.0_react@19.2.0/node_modules/react-dom/cjs/react-dom-client.development.js:15476:11)
      at recursivelyTraversePassiveMountEffects (node_modules/.pnpm/react-dom@19.2.0_react@19.2.0/node_modules/react-dom/cjs/react-dom-client.development.js:15439:11)
      at commitPassiveMountOnFiber (node_modules/.pnpm/react-dom@19.2.0_react@19.2.0/node_modules/react-dom/cjs/react-dom-client.development.js:15476:11)
      at recursivelyTraversePassiveMountEffects (node_modules/.pnpm/react-dom@19.2.0_react@19.2.0/node_modules/react-dom/cjs/react-dom-client.development.js:15439:11)
      at commitPassiveMountOnFiber (node_modules/.pnpm/react-dom@19.2.0_react@19.2.0/node_modules/react-dom/cjs/react-dom-client.development.js:15476:11)
      at recursivelyTraversePassiveMountEffects (node_modules/.pnpm/react-dom@19.2.0_react@19.2.0/node_modules/react-dom/cjs/react-dom-client.development.js:15439:11)
      at commitPassiveMountOnFiber (node_modules/.pnpm/react-dom@19.2.0_react@19.2.0/node_modules/react-dom/cjs/react-dom-client.development.js:15718:11)
      at recursivelyTraversePassiveMountEffects (node_modules/.pnpm/react-dom@19.2.0_react@19.2.0/node_modules/react-dom/cjs/react-dom-client.development.js:15439:11)
      at commitPassiveMountOnFiber (node_modules/.pnpm/react-dom@19.2.0_react@19.2.0/node_modules/react-dom/cjs/react-dom-client.development.js:15476:11)
      at recursivelyTraversePassiveMountEffects (node_modules/.pnpm/react-dom@19.2.0_react@19.2.0/node_modules/react-dom/cjs/react-dom-client.development.js:15439:11)
      at commitPassiveMountOnFiber (node_modules/.pnpm/react-dom@19.2.0_react@19.2.0/node_modules/react-dom/cjs/react-dom-client.development.js:15476:11)
      at recursivelyTraversePassiveMountEffects (node_modules/.pnpm/react-dom@19.2.0_react@19.2.0/node_modules/react-dom/cjs/react-dom-client.development.js:15439:11)
      at commitPassiveMountOnFiber (node_modules/.pnpm/react-dom@19.2.0_react@19.2.0/node_modules/react-dom/cjs/react-dom-client.development.js:15718:11)
      at recursivelyTraversePassiveMountEffects (node_modules/.pnpm/react-dom@19.2.0_react@19.2.0/node_modules/react-dom/cjs/react-dom-client.development.js:15439:11)
      at commitPassiveMountOnFiber (node_modules/.pnpm/react-dom@19.2.0_react@19.2.0/node_modules/react-dom/cjs/react-dom-client.development.js:15476:11)
      at recursivelyTraversePassiveMountEffects (node_modules/.pnpm/react-dom@19.2.0_react@19.2.0/node_modules/react-dom/cjs/react-dom-client.development.js:15439:11)
      at commitPassiveMountOnFiber (node_modules/.pnpm/react-dom@19.2.0_react@19.2.0/node_modules/react-dom/cjs/react-dom-client.development.js:15476:11)
      at recursivelyTraversePassiveMountEffects (node_modules/.pnpm/react-dom@19.2.0_react@19.2.0/node_modules/react-dom/cjs/react-dom-client.development.js:15439:11)
      at commitPassiveMountOnFiber (node_modules/.pnpm/react-dom@19.2.0_react@19.2.0/node_modules/react-dom/cjs/react-dom-client.development.js:15476:11)
      at recursivelyTraversePassiveMountEffects (node_modules/.pnpm/react-dom@19.2.0_react@19.2.0/node_modules/react-dom/cjs/react-dom-client.development.js:15439:11)
      at commitPassiveMountOnFiber (node_modules/.pnpm/react-dom@19.2.0_react@19.2.0/node_modules/react-dom/cjs/react-dom-client.development.js:15718:11)
      at recursivelyTraversePassiveMountEffects (node_modules/.pnpm/react-dom@19.2.0_react@19.2.0/node_modules/react-dom/cjs/react-dom-client.development.js:15439:11)
      at commitPassiveMountOnFiber (node_modules/.pnpm/react-dom@19.2.0_react@19.2.0/node_modules/react-dom/cjs/react-dom-client.development.js:15476:11)
      at recursivelyTraversePassiveMountEffects (node_modules/.pnpm/react-dom@19.2.0_react@19.2.0/node_modules/react-dom/cjs/react-dom-client.development.js:15439:11)
      at commitPassiveMountOnFiber (node_modules/.pnpm/react-dom@19.2.0_react@19.2.0/node_modules/react-dom/cjs/react-dom-client.development.js:15476:11)
      at recursivelyTraversePassiveMountEffects (node_modules/.pnpm/react-dom@19.2.0_react@19.2.0/node_modules/react-dom/cjs/react-dom-client.development.js:15439:11)
      at commitPassiveMountOnFiber (node_modules/.pnpm/react-dom@19.2.0_react@19.2.0/node_modules/react-dom/cjs/react-dom-client.development.js:15476:11)
      at recursivelyTraversePassiveMountEffects (node_modules/.pnpm/react-dom@19.2.0_react@19.2.0/node_modules/react-dom/cjs/react-dom-client.development.js:15439:11)
      at commitPassiveMountOnFiber (node_modules/.pnpm/react-dom@19.2.0_react@19.2.0/node_modules/react-dom/cjs/react-dom-client.development.js:15476:11)
      at recursivelyTraversePassiveMountEffects (node_modules/.pnpm/react-dom@19.2.0_react@19.2.0/node_modules/react-dom/cjs/react-dom-client.development.js:15439:11)
      at commitPassiveMountOnFiber (node_modules/.pnpm/react-dom@19.2.0_react@19.2.0/node_modules/react-dom/cjs/react-dom-client.development.js:15519:11)
      at flushPassiveEffects (node_modules/.pnpm/react-dom@19.2.0_react@19.2.0/node_modules/react-dom/cjs/react-dom-client.development.js:18432:9)
      at flushPendingEffects (node_modules/.pnpm/react-dom@19.2.0_react@19.2.0/node_modules/react-dom/cjs/react-dom-client.development.js:18358:14)
      at flushSpawnedWork (node_modules/.pnpm/react-dom@19.2.0_react@19.2.0/node_modules/react-dom/cjs/react-dom-client.development.js:18323:44)
      at commitRoot (node_modules/.pnpm/react-dom@19.2.0_react@19.2.0/node_modules/react-dom/cjs/react-dom-client.development.js:17955:9)
      at performWorkOnRoot (node_modules/.pnpm/react-dom@19.2.0_react@19.2.0/node_modules/react-dom/cjs/react-dom-client.development.js:16667:15)
      at performSyncWorkOnRoot (node_modules/.pnpm/react-dom@19.2.0_react@19.2.0/node_modules/react-dom/cjs/react-dom-client.development.js:18972:7)
      at flushSyncWorkAcrossRoots_impl (node_modules/.pnpm/react-dom@19.2.0_react@19.2.0/node_modules/react-dom/cjs/react-dom-client.development.js:18814:21)
      at flushSpawnedWork (node_modules/.pnpm/react-dom@19.2.0_react@19.2.0/node_modules/react-dom/cjs/react-dom-client.development.js:18334:9)
      at commitRoot (node_modules/.pnpm/react-dom@19.2.0_react@19.2.0/node_modules/react-dom/cjs/react-dom-client.development.js:17955:9)
      at performWorkOnRoot (node_modules/.pnpm/react-dom@19.2.0_react@19.2.0/node_modules/react-dom/cjs/react-dom-client.development.js:16667:15)
      at performWorkOnRootViaSchedulerTask (node_modules/.pnpm/react-dom@19.2.0_react@19.2.0/node_modules/react-dom/cjs/react-dom-client.development.js:18957:7)
      at flushActQueue (node_modules/.pnpm/react@19.2.0/node_modules/react/cjs/react.development.js:590:34)
      at process.env.NODE_ENV.exports.act (node_modules/.pnpm/react@19.2.0/node_modules/react/cjs/react.development.js:884:10)
      at node_modules/.pnpm/@testing-library+react@16.3_15d474de7481bb0af842c1b1705139a8/node_modules/@testing-library/react/dist/act-compat.js:47:25
      at renderRoot (node_modules/.pnpm/@testing-library+react@16.3_15d474de7481bb0af842c1b1705139a8/node_modules/@testing-library/react/dist/pure.js:190:26)
      at render (node_modules/.pnpm/@testing-library+react@16.3_15d474de7481bb0af842c1b1705139a8/node_modules/@testing-library/react/dist/pure.js:292:10)
      at Object.<anonymous> (src/__tests__/components/ExportChatModal.test.tsx:550:13)

    console.error
      `DialogContent` requires a `DialogTitle` for the component to be accessible for screen reader users.
      
      If you want to hide the `DialogTitle`, you can wrap it with our VisuallyHidden component.
      
      For more information, see https://radix-ui.com/primitives/docs/components/dialog

    [0m [90m 373 |[39m       [36mreturn[39m[33m;[39m
     [90m 374 |[39m     }
    [31m[1m>[22m[39m[90m 375 |[39m     originalError[33m.[39mcall(console[33m,[39m [33m...[39margs)[33m;[39m
     [90m     |[39m                   [31m[1m^[22m[39m
     [90m 376 |[39m   }[33m;[39m
     [90m 377 |[39m })[33m;[39m
     [90m 378 |[39m[0m

      at console.call [as error] (jest.setup.js:375:19)
      at node_modules/.pnpm/@radix-ui+react-dialog@1.1._664b8f23a65f4708bb5cf27e5ff43c08/node_modules/@radix-ui/react-dialog/src/dialog.tsx:520:30
      at Object.react_stack_bottom_frame (node_modules/.pnpm/react-dom@19.2.0_react@19.2.0/node_modules/react-dom/cjs/react-dom-client.development.js:25989:20)
      at runWithFiberInDEV (node_modules/.pnpm/react-dom@19.2.0_react@19.2.0/node_modules/react-dom/cjs/react-dom-client.development.js:874:13)
      at commitHookEffectListMount (node_modules/.pnpm/react-dom@19.2.0_react@19.2.0/node_modules/react-dom/cjs/react-dom-client.development.js:13249:29)
      at commitHookPassiveMountEffects (node_modules/.pnpm/react-dom@19.2.0_react@19.2.0/node_modules/react-dom/cjs/react-dom-client.development.js:13336:11)
      at commitPassiveMountOnFiber (node_modules/.pnpm/react-dom@19.2.0_react@19.2.0/node_modules/react-dom/cjs/react-dom-client.development.js:15484:13)
      at recursivelyTraversePassiveMountEffects (node_modules/.pnpm/react-dom@19.2.0_react@19.2.0/node_modules/react-dom/cjs/react-dom-client.development.js:15439:11)
      at commitPassiveMountOnFiber (node_modules/.pnpm/react-dom@19.2.0_react@19.2.0/node_modules/react-dom/cjs/react-dom-client.development.js:15718:11)
      at recursivelyTraversePassiveMountEffects (node_modules/.pnpm/react-dom@19.2.0_react@19.2.0/node_modules/react-dom/cjs/react-dom-client.development.js:15439:11)
      at commitPassiveMountOnFiber (node_modules/.pnpm/react-dom@19.2.0_react@19.2.0/node_modules/react-dom/cjs/react-dom-client.development.js:15476:11)
      at recursivelyTraversePassiveMountEffects (node_modules/.pnpm/react-dom@19.2.0_react@19.2.0/node_modules/react-dom/cjs/react-dom-client.development.js:15439:11)
      at commitPassiveMountOnFiber (node_modules/.pnpm/react-dom@19.2.0_react@19.2.0/node_modules/react-dom/cjs/react-dom-client.development.js:15476:11)
      at recursivelyTraversePassiveMountEffects (node_modules/.pnpm/react-dom@19.2.0_react@19.2.0/node_modules/react-dom/cjs/react-dom-client.development.js:15439:11)
      at commitPassiveMountOnFiber (node_modules/.pnpm/react-dom@19.2.0_react@19.2.0/node_modules/react-dom/cjs/react-dom-client.development.js:15476:11)
      at recursivelyTraversePassiveMountEffects (node_modules/.pnpm/react-dom@19.2.0_react@19.2.0/node_modules/react-dom/cjs/react-dom-client.development.js:15439:11)
      at commitPassiveMountOnFiber (node_modules/.pnpm/react-dom@19.2.0_react@19.2.0/node_modules/react-dom/cjs/react-dom-client.development.js:15476:11)
      at recursivelyTraversePassiveMountEffects (node_modules/.pnpm/react-dom@19.2.0_react@19.2.0/node_modules/react-dom/cjs/react-dom-client.development.js:15439:11)
      at commitPassiveMountOnFiber (node_modules/.pnpm/react-dom@19.2.0_react@19.2.0/node_modules/react-dom/cjs/react-dom-client.development.js:15476:11)
      at recursivelyTraversePassiveMountEffects (node_modules/.pnpm/react-dom@19.2.0_react@19.2.0/node_modules/react-dom/cjs/react-dom-client.development.js:15439:11)
      at commitPassiveMountOnFiber (node_modules/.pnpm/react-dom@19.2.0_react@19.2.0/node_modules/react-dom/cjs/react-dom-client.development.js:15476:11)
      at recursivelyTraversePassiveMountEffects (node_modules/.pnpm/react-dom@19.2.0_react@19.2.0/node_modules/react-dom/cjs/react-dom-client.development.js:15439:11)
      at commitPassiveMountOnFiber (node_modules/.pnpm/react-dom@19.2.0_react@19.2.0/node_modules/react-dom/cjs/react-dom-client.development.js:15476:11)
      at recursivelyTraversePassiveMountEffects (node_modules/.pnpm/react-dom@19.2.0_react@19.2.0/node_modules/react-dom/cjs/react-dom-client.development.js:15439:11)
      at commitPassiveMountOnFiber (node_modules/.pnpm/react-dom@19.2.0_react@19.2.0/node_modules/react-dom/cjs/react-dom-client.development.js:15718:11)
      at recursivelyTraversePassiveMountEffects (node_modules/.pnpm/react-dom@19.2.0_react@19.2.0/node_modules/react-dom/cjs/react-dom-client.development.js:15439:11)
      at commitPassiveMountOnFiber (node_modules/.pnpm/react-dom@19.2.0_react@19.2.0/node_modules/react-dom/cjs/react-dom-client.development.js:15476:11)
      at recursivelyTraversePassiveMountEffects (node_modules/.pnpm/react-dom@19.2.0_react@19.2.0/node_modules/react-dom/cjs/react-dom-client.development.js:15439:11)
      at commitPassiveMountOnFiber (node_modules/.pnpm/react-dom@19.2.0_react@19.2.0/node_modules/react-dom/cjs/react-dom-client.development.js:15476:11)
      at recursivelyTraversePassiveMountEffects (node_modules/.pnpm/react-dom@19.2.0_react@19.2.0/node_modules/react-dom/cjs/react-dom-client.development.js:15439:11)
      at commitPassiveMountOnFiber (node_modules/.pnpm/react-dom@19.2.0_react@19.2.0/node_modules/react-dom/cjs/react-dom-client.development.js:15718:11)
      at recursivelyTraversePassiveMountEffects (node_modules/.pnpm/react-dom@19.2.0_react@19.2.0/node_modules/react-dom/cjs/react-dom-client.development.js:15439:11)
      at commitPassiveMountOnFiber (node_modules/.pnpm/react-dom@19.2.0_react@19.2.0/node_modules/react-dom/cjs/react-dom-client.development.js:15476:11)
      at recursivelyTraversePassiveMountEffects (node_modules/.pnpm/react-dom@19.2.0_react@19.2.0/node_modules/react-dom/cjs/react-dom-client.development.js:15439:11)
      at commitPassiveMountOnFiber (node_modules/.pnpm/react-dom@19.2.0_react@19.2.0/node_modules/react-dom/cjs/react-dom-client.development.js:15476:11)
      at recursivelyTraversePassiveMountEffects (node_modules/.pnpm/react-dom@19.2.0_react@19.2.0/node_modules/react-dom/cjs/react-dom-client.development.js:15439:11)
      at commitPassiveMountOnFiber (node_modules/.pnpm/react-dom@19.2.0_react@19.2.0/node_modules/react-dom/cjs/react-dom-client.development.js:15476:11)
      at recursivelyTraversePassiveMountEffects (node_modules/.pnpm/react-dom@19.2.0_react@19.2.0/node_modules/react-dom/cjs/react-dom-client.development.js:15439:11)
      at commitPassiveMountOnFiber (node_modules/.pnpm/react-dom@19.2.0_react@19.2.0/node_modules/react-dom/cjs/react-dom-client.development.js:15718:11)
      at recursivelyTraversePassiveMountEffects (node_modules/.pnpm/react-dom@19.2.0_react@19.2.0/node_modules/react-dom/cjs/react-dom-client.development.js:15439:11)
      at commitPassiveMountOnFiber (node_modules/.pnpm/react-dom@19.2.0_react@19.2.0/node_modules/react-dom/cjs/react-dom-client.development.js:15476:11)
      at recursivelyTraversePassiveMountEffects (node_modules/.pnpm/react-dom@19.2.0_react@19.2.0/node_modules/react-dom/cjs/react-dom-client.development.js:15439:11)
      at commitPassiveMountOnFiber (node_modules/.pnpm/react-dom@19.2.0_react@19.2.0/node_modules/react-dom/cjs/react-dom-client.development.js:15476:11)
      at recursivelyTraversePassiveMountEffects (node_modules/.pnpm/react-dom@19.2.0_react@19.2.0/node_modules/react-dom/cjs/react-dom-client.development.js:15439:11)
      at commitPassiveMountOnFiber (node_modules/.pnpm/react-dom@19.2.0_react@19.2.0/node_modules/react-dom/cjs/react-dom-client.development.js:15476:11)
      at recursivelyTraversePassiveMountEffects (node_modules/.pnpm/react-dom@19.2.0_react@19.2.0/node_modules/react-dom/cjs/react-dom-client.development.js:15439:11)
      at commitPassiveMountOnFiber (node_modules/.pnpm/react-dom@19.2.0_react@19.2.0/node_modules/react-dom/cjs/react-dom-client.development.js:15476:11)
      at recursivelyTraversePassiveMountEffects (node_modules/.pnpm/react-dom@19.2.0_react@19.2.0/node_modules/react-dom/cjs/react-dom-client.development.js:15439:11)
      at commitPassiveMountOnFiber (node_modules/.pnpm/react-dom@19.2.0_react@19.2.0/node_modules/react-dom/cjs/react-dom-client.development.js:15519:11)
      at flushPassiveEffects (node_modules/.pnpm/react-dom@19.2.0_react@19.2.0/node_modules/react-dom/cjs/react-dom-client.development.js:18432:9)
      at flushPendingEffects (node_modules/.pnpm/react-dom@19.2.0_react@19.2.0/node_modules/react-dom/cjs/react-dom-client.development.js:18358:14)
      at flushSpawnedWork (node_modules/.pnpm/react-dom@19.2.0_react@19.2.0/node_modules/react-dom/cjs/react-dom-client.development.js:18323:44)
      at commitRoot (node_modules/.pnpm/react-dom@19.2.0_react@19.2.0/node_modules/react-dom/cjs/react-dom-client.development.js:17955:9)
      at performWorkOnRoot (node_modules/.pnpm/react-dom@19.2.0_react@19.2.0/node_modules/react-dom/cjs/react-dom-client.development.js:16667:15)
      at performSyncWorkOnRoot (node_modules/.pnpm/react-dom@19.2.0_react@19.2.0/node_modules/react-dom/cjs/react-dom-client.development.js:18972:7)
      at flushSyncWorkAcrossRoots_impl (node_modules/.pnpm/react-dom@19.2.0_react@19.2.0/node_modules/react-dom/cjs/react-dom-client.development.js:18814:21)
      at flushSpawnedWork (node_modules/.pnpm/react-dom@19.2.0_react@19.2.0/node_modules/react-dom/cjs/react-dom-client.development.js:18334:9)
      at commitRoot (node_modules/.pnpm/react-dom@19.2.0_react@19.2.0/node_modules/react-dom/cjs/react-dom-client.development.js:17955:9)
      at performWorkOnRoot (node_modules/.pnpm/react-dom@19.2.0_react@19.2.0/node_modules/react-dom/cjs/react-dom-client.development.js:16667:15)
      at performWorkOnRootViaSchedulerTask (node_modules/.pnpm/react-dom@19.2.0_react@19.2.0/node_modules/react-dom/cjs/react-dom-client.development.js:18957:7)
      at flushActQueue (node_modules/.pnpm/react@19.2.0/node_modules/react/cjs/react.development.js:590:34)
      at process.env.NODE_ENV.exports.act (node_modules/.pnpm/react@19.2.0/node_modules/react/cjs/react.development.js:884:10)
      at node_modules/.pnpm/@testing-library+react@16.3_15d474de7481bb0af842c1b1705139a8/node_modules/@testing-library/react/dist/act-compat.js:47:25
      at renderRoot (node_modules/.pnpm/@testing-library+react@16.3_15d474de7481bb0af842c1b1705139a8/node_modules/@testing-library/react/dist/pure.js:190:26)
      at render (node_modules/.pnpm/@testing-library+react@16.3_15d474de7481bb0af842c1b1705139a8/node_modules/@testing-library/react/dist/pure.js:292:10)
      at Object.<anonymous> (src/__tests__/components/ExportChatModal.test.tsx:568:13)

    console.warn
      Warning: Missing `Description` or `aria-describedby={undefined}` for {DialogContent}.

    [0m [90m 566 |[39m
     [90m 567 |[39m     it([32m'handles only dateTo specified'[39m[33m,[39m [36masync[39m () [33m=>[39m {
    [31m[1m>[22m[39m[90m 568 |[39m       render([33m<[39m[33mExportChatModal[39m {[33m...[39mdefaultProps} [33m/[39m[33m>[39m)[33m;[39m
     [90m     |[39m             [31m[1m^[22m[39m
     [90m 569 |[39m
     [90m 570 |[39m       [36mconst[39m dateToInput [33m=[39m screen[33m.[39mgetByLabelText([32m'A'[39m)[33m;[39m
     [90m 571 |[39m       fireEvent[33m.[39mchange(dateToInput[33m,[39m { target[33m:[39m { value[33m:[39m [32m'2025-01-31'[39m } })[33m;[39m[0m

      at node_modules/.pnpm/@radix-ui+react-dialog@1.1._664b8f23a65f4708bb5cf27e5ff43c08/node_modules/@radix-ui/react-dialog/src/dialog.tsx:543:36
      at Object.react_stack_bottom_frame (node_modules/.pnpm/react-dom@19.2.0_react@19.2.0/node_modules/react-dom/cjs/react-dom-client.development.js:25989:20)
      at runWithFiberInDEV (node_modules/.pnpm/react-dom@19.2.0_react@19.2.0/node_modules/react-dom/cjs/react-dom-client.development.js:874:13)
      at commitHookEffectListMount (node_modules/.pnpm/react-dom@19.2.0_react@19.2.0/node_modules/react-dom/cjs/react-dom-client.development.js:13249:29)
      at commitHookPassiveMountEffects (node_modules/.pnpm/react-dom@19.2.0_react@19.2.0/node_modules/react-dom/cjs/react-dom-client.development.js:13336:11)
      at commitPassiveMountOnFiber (node_modules/.pnpm/react-dom@19.2.0_react@19.2.0/node_modules/react-dom/cjs/react-dom-client.development.js:15484:13)
      at recursivelyTraversePassiveMountEffects (node_modules/.pnpm/react-dom@19.2.0_react@19.2.0/node_modules/react-dom/cjs/react-dom-client.development.js:15439:11)
      at commitPassiveMountOnFiber (node_modules/.pnpm/react-dom@19.2.0_react@19.2.0/node_modules/react-dom/cjs/react-dom-client.development.js:15718:11)
      at recursivelyTraversePassiveMountEffects (node_modules/.pnpm/react-dom@19.2.0_react@19.2.0/node_modules/react-dom/cjs/react-dom-client.development.js:15439:11)
      at commitPassiveMountOnFiber (node_modules/.pnpm/react-dom@19.2.0_react@19.2.0/node_modules/react-dom/cjs/react-dom-client.development.js:15476:11)
      at recursivelyTraversePassiveMountEffects (node_modules/.pnpm/react-dom@19.2.0_react@19.2.0/node_modules/react-dom/cjs/react-dom-client.development.js:15439:11)
      at commitPassiveMountOnFiber (node_modules/.pnpm/react-dom@19.2.0_react@19.2.0/node_modules/react-dom/cjs/react-dom-client.development.js:15476:11)
      at recursivelyTraversePassiveMountEffects (node_modules/.pnpm/react-dom@19.2.0_react@19.2.0/node_modules/react-dom/cjs/react-dom-client.development.js:15439:11)
      at commitPassiveMountOnFiber (node_modules/.pnpm/react-dom@19.2.0_react@19.2.0/node_modules/react-dom/cjs/react-dom-client.development.js:15476:11)
      at recursivelyTraversePassiveMountEffects (node_modules/.pnpm/react-dom@19.2.0_react@19.2.0/node_modules/react-dom/cjs/react-dom-client.development.js:15439:11)
      at commitPassiveMountOnFiber (node_modules/.pnpm/react-dom@19.2.0_react@19.2.0/node_modules/react-dom/cjs/react-dom-client.development.js:15476:11)
      at recursivelyTraversePassiveMountEffects (node_modules/.pnpm/react-dom@19.2.0_react@19.2.0/node_modules/react-dom/cjs/react-dom-client.development.js:15439:11)
      at commitPassiveMountOnFiber (node_modules/.pnpm/react-dom@19.2.0_react@19.2.0/node_modules/react-dom/cjs/react-dom-client.development.js:15476:11)
      at recursivelyTraversePassiveMountEffects (node_modules/.pnpm/react-dom@19.2.0_react@19.2.0/node_modules/react-dom/cjs/react-dom-client.development.js:15439:11)
      at commitPassiveMountOnFiber (node_modules/.pnpm/react-dom@19.2.0_react@19.2.0/node_modules/react-dom/cjs/react-dom-client.development.js:15476:11)
      at recursivelyTraversePassiveMountEffects (node_modules/.pnpm/react-dom@19.2.0_react@19.2.0/node_modules/react-dom/cjs/react-dom-client.development.js:15439:11)
      at commitPassiveMountOnFiber (node_modules/.pnpm/react-dom@19.2.0_react@19.2.0/node_modules/react-dom/cjs/react-dom-client.development.js:15476:11)
      at recursivelyTraversePassiveMountEffects (node_modules/.pnpm/react-dom@19.2.0_react@19.2.0/node_modules/react-dom/cjs/react-dom-client.development.js:15439:11)
      at commitPassiveMountOnFiber (node_modules/.pnpm/react-dom@19.2.0_react@19.2.0/node_modules/react-dom/cjs/react-dom-client.development.js:15718:11)
      at recursivelyTraversePassiveMountEffects (node_modules/.pnpm/react-dom@19.2.0_react@19.2.0/node_modules/react-dom/cjs/react-dom-client.development.js:15439:11)
      at commitPassiveMountOnFiber (node_modules/.pnpm/react-dom@19.2.0_react@19.2.0/node_modules/react-dom/cjs/react-dom-client.development.js:15476:11)
      at recursivelyTraversePassiveMountEffects (node_modules/.pnpm/react-dom@19.2.0_react@19.2.0/node_modules/react-dom/cjs/react-dom-client.development.js:15439:11)
      at commitPassiveMountOnFiber (node_modules/.pnpm/react-dom@19.2.0_react@19.2.0/node_modules/react-dom/cjs/react-dom-client.development.js:15476:11)
      at recursivelyTraversePassiveMountEffects (node_modules/.pnpm/react-dom@19.2.0_react@19.2.0/node_modules/react-dom/cjs/react-dom-client.development.js:15439:11)
      at commitPassiveMountOnFiber (node_modules/.pnpm/react-dom@19.2.0_react@19.2.0/node_modules/react-dom/cjs/react-dom-client.development.js:15718:11)
      at recursivelyTraversePassiveMountEffects (node_modules/.pnpm/react-dom@19.2.0_react@19.2.0/node_modules/react-dom/cjs/react-dom-client.development.js:15439:11)
      at commitPassiveMountOnFiber (node_modules/.pnpm/react-dom@19.2.0_react@19.2.0/node_modules/react-dom/cjs/react-dom-client.development.js:15476:11)
      at recursivelyTraversePassiveMountEffects (node_modules/.pnpm/react-dom@19.2.0_react@19.2.0/node_modules/react-dom/cjs/react-dom-client.development.js:15439:11)
      at commitPassiveMountOnFiber (node_modules/.pnpm/react-dom@19.2.0_react@19.2.0/node_modules/react-dom/cjs/react-dom-client.development.js:15476:11)
      at recursivelyTraversePassiveMountEffects (node_modules/.pnpm/react-dom@19.2.0_react@19.2.0/node_modules/react-dom/cjs/react-dom-client.development.js:15439:11)
      at commitPassiveMountOnFiber (node_modules/.pnpm/react-dom@19.2.0_react@19.2.0/node_modules/react-dom/cjs/react-dom-client.development.js:15476:11)
      at recursivelyTraversePassiveMountEffects (node_modules/.pnpm/react-dom@19.2.0_react@19.2.0/node_modules/react-dom/cjs/react-dom-client.development.js:15439:11)
      at commitPassiveMountOnFiber (node_modules/.pnpm/react-dom@19.2.0_react@19.2.0/node_modules/react-dom/cjs/react-dom-client.development.js:15718:11)
      at recursivelyTraversePassiveMountEffects (node_modules/.pnpm/react-dom@19.2.0_react@19.2.0/node_modules/react-dom/cjs/react-dom-client.development.js:15439:11)
      at commitPassiveMountOnFiber (node_modules/.pnpm/react-dom@19.2.0_react@19.2.0/node_modules/react-dom/cjs/react-dom-client.development.js:15476:11)
      at recursivelyTraversePassiveMountEffects (node_modules/.pnpm/react-dom@19.2.0_react@19.2.0/node_modules/react-dom/cjs/react-dom-client.development.js:15439:11)
      at commitPassiveMountOnFiber (node_modules/.pnpm/react-dom@19.2.0_react@19.2.0/node_modules/react-dom/cjs/react-dom-client.development.js:15476:11)
      at recursivelyTraversePassiveMountEffects (node_modules/.pnpm/react-dom@19.2.0_react@19.2.0/node_modules/react-dom/cjs/react-dom-client.development.js:15439:11)
      at commitPassiveMountOnFiber (node_modules/.pnpm/react-dom@19.2.0_react@19.2.0/node_modules/react-dom/cjs/react-dom-client.development.js:15476:11)
      at recursivelyTraversePassiveMountEffects (node_modules/.pnpm/react-dom@19.2.0_react@19.2.0/node_modules/react-dom/cjs/react-dom-client.development.js:15439:11)
      at commitPassiveMountOnFiber (node_modules/.pnpm/react-dom@19.2.0_react@19.2.0/node_modules/react-dom/cjs/react-dom-client.development.js:15476:11)
      at recursivelyTraversePassiveMountEffects (node_modules/.pnpm/react-dom@19.2.0_react@19.2.0/node_modules/react-dom/cjs/react-dom-client.development.js:15439:11)
      at commitPassiveMountOnFiber (node_modules/.pnpm/react-dom@19.2.0_react@19.2.0/node_modules/react-dom/cjs/react-dom-client.development.js:15519:11)
      at flushPassiveEffects (node_modules/.pnpm/react-dom@19.2.0_react@19.2.0/node_modules/react-dom/cjs/react-dom-client.development.js:18432:9)
      at flushPendingEffects (node_modules/.pnpm/react-dom@19.2.0_react@19.2.0/node_modules/react-dom/cjs/react-dom-client.development.js:18358:14)
      at flushSpawnedWork (node_modules/.pnpm/react-dom@19.2.0_react@19.2.0/node_modules/react-dom/cjs/react-dom-client.development.js:18323:44)
      at commitRoot (node_modules/.pnpm/react-dom@19.2.0_react@19.2.0/node_modules/react-dom/cjs/react-dom-client.development.js:17955:9)
      at performWorkOnRoot (node_modules/.pnpm/react-dom@19.2.0_react@19.2.0/node_modules/react-dom/cjs/react-dom-client.development.js:16667:15)
      at performSyncWorkOnRoot (node_modules/.pnpm/react-dom@19.2.0_react@19.2.0/node_modules/react-dom/cjs/react-dom-client.development.js:18972:7)
      at flushSyncWorkAcrossRoots_impl (node_modules/.pnpm/react-dom@19.2.0_react@19.2.0/node_modules/react-dom/cjs/react-dom-client.development.js:18814:21)
      at flushSpawnedWork (node_modules/.pnpm/react-dom@19.2.0_react@19.2.0/node_modules/react-dom/cjs/react-dom-client.development.js:18334:9)
      at commitRoot (node_modules/.pnpm/react-dom@19.2.0_react@19.2.0/node_modules/react-dom/cjs/react-dom-client.development.js:17955:9)
      at performWorkOnRoot (node_modules/.pnpm/react-dom@19.2.0_react@19.2.0/node_modules/react-dom/cjs/react-dom-client.development.js:16667:15)
      at performWorkOnRootViaSchedulerTask (node_modules/.pnpm/react-dom@19.2.0_react@19.2.0/node_modules/react-dom/cjs/react-dom-client.development.js:18957:7)
      at flushActQueue (node_modules/.pnpm/react@19.2.0/node_modules/react/cjs/react.development.js:590:34)
      at process.env.NODE_ENV.exports.act (node_modules/.pnpm/react@19.2.0/node_modules/react/cjs/react.development.js:884:10)
      at node_modules/.pnpm/@testing-library+react@16.3_15d474de7481bb0af842c1b1705139a8/node_modules/@testing-library/react/dist/act-compat.js:47:25
      at renderRoot (node_modules/.pnpm/@testing-library+react@16.3_15d474de7481bb0af842c1b1705139a8/node_modules/@testing-library/react/dist/pure.js:190:26)
      at render (node_modules/.pnpm/@testing-library+react@16.3_15d474de7481bb0af842c1b1705139a8/node_modules/@testing-library/react/dist/pure.js:292:10)
      at Object.<anonymous> (src/__tests__/components/ExportChatModal.test.tsx:568:13)

    console.error
      `DialogContent` requires a `DialogTitle` for the component to be accessible for screen reader users.
      
      If you want to hide the `DialogTitle`, you can wrap it with our VisuallyHidden component.
      
      For more information, see https://radix-ui.com/primitives/docs/components/dialog

    [0m [90m 373 |[39m       [36mreturn[39m[33m;[39m
     [90m 374 |[39m     }
    [31m[1m>[22m[39m[90m 375 |[39m     originalError[33m.[39mcall(console[33m,[39m [33m...[39margs)[33m;[39m
     [90m     |[39m                   [31m[1m^[22m[39m
     [90m 376 |[39m   }[33m;[39m
     [90m 377 |[39m })[33m;[39m
     [90m 378 |[39m[0m

      at console.call [as error] (jest.setup.js:375:19)
      at node_modules/.pnpm/@radix-ui+react-dialog@1.1._664b8f23a65f4708bb5cf27e5ff43c08/node_modules/@radix-ui/react-dialog/src/dialog.tsx:520:30
      at Object.react_stack_bottom_frame (node_modules/.pnpm/react-dom@19.2.0_react@19.2.0/node_modules/react-dom/cjs/react-dom-client.development.js:25989:20)
      at runWithFiberInDEV (node_modules/.pnpm/react-dom@19.2.0_react@19.2.0/node_modules/react-dom/cjs/react-dom-client.development.js:874:13)
      at commitHookEffectListMount (node_modules/.pnpm/react-dom@19.2.0_react@19.2.0/node_modules/react-dom/cjs/react-dom-client.development.js:13249:29)
      at commitHookPassiveMountEffects (node_modules/.pnpm/react-dom@19.2.0_react@19.2.0/node_modules/react-dom/cjs/react-dom-client.development.js:13336:11)
      at commitPassiveMountOnFiber (node_modules/.pnpm/react-dom@19.2.0_react@19.2.0/node_modules/react-dom/cjs/react-dom-client.development.js:15484:13)
      at recursivelyTraversePassiveMountEffects (node_modules/.pnpm/react-dom@19.2.0_react@19.2.0/node_modules/react-dom/cjs/react-dom-client.development.js:15439:11)
      at commitPassiveMountOnFiber (node_modules/.pnpm/react-dom@19.2.0_react@19.2.0/node_modules/react-dom/cjs/react-dom-client.development.js:15718:11)
      at recursivelyTraversePassiveMountEffects (node_modules/.pnpm/react-dom@19.2.0_react@19.2.0/node_modules/react-dom/cjs/react-dom-client.development.js:15439:11)
      at commitPassiveMountOnFiber (node_modules/.pnpm/react-dom@19.2.0_react@19.2.0/node_modules/react-dom/cjs/react-dom-client.development.js:15476:11)
      at recursivelyTraversePassiveMountEffects (node_modules/.pnpm/react-dom@19.2.0_react@19.2.0/node_modules/react-dom/cjs/react-dom-client.development.js:15439:11)
      at commitPassiveMountOnFiber (node_modules/.pnpm/react-dom@19.2.0_react@19.2.0/node_modules/react-dom/cjs/react-dom-client.development.js:15476:11)
      at recursivelyTraversePassiveMountEffects (node_modules/.pnpm/react-dom@19.2.0_react@19.2.0/node_modules/react-dom/cjs/react-dom-client.development.js:15439:11)
      at commitPassiveMountOnFiber (node_modules/.pnpm/react-dom@19.2.0_react@19.2.0/node_modules/react-dom/cjs/react-dom-client.development.js:15476:11)
      at recursivelyTraversePassiveMountEffects (node_modules/.pnpm/react-dom@19.2.0_react@19.2.0/node_modules/react-dom/cjs/react-dom-client.development.js:15439:11)
      at commitPassiveMountOnFiber (node_modules/.pnpm/react-dom@19.2.0_react@19.2.0/node_modules/react-dom/cjs/react-dom-client.development.js:15476:11)
      at recursivelyTraversePassiveMountEffects (node_modules/.pnpm/react-dom@19.2.0_react@19.2.0/node_modules/react-dom/cjs/react-dom-client.development.js:15439:11)
      at commitPassiveMountOnFiber (node_modules/.pnpm/react-dom@19.2.0_react@19.2.0/node_modules/react-dom/cjs/react-dom-client.development.js:15476:11)
      at recursivelyTraversePassiveMountEffects (node_modules/.pnpm/react-dom@19.2.0_react@19.2.0/node_modules/react-dom/cjs/react-dom-client.development.js:15439:11)
      at commitPassiveMountOnFiber (node_modules/.pnpm/react-dom@19.2.0_react@19.2.0/node_modules/react-dom/cjs/react-dom-client.development.js:15476:11)
      at recursivelyTraversePassiveMountEffects (node_modules/.pnpm/react-dom@19.2.0_react@19.2.0/node_modules/react-dom/cjs/react-dom-client.development.js:15439:11)
      at commitPassiveMountOnFiber (node_modules/.pnpm/react-dom@19.2.0_react@19.2.0/node_modules/react-dom/cjs/react-dom-client.development.js:15476:11)
      at recursivelyTraversePassiveMountEffects (node_modules/.pnpm/react-dom@19.2.0_react@19.2.0/node_modules/react-dom/cjs/react-dom-client.development.js:15439:11)
      at commitPassiveMountOnFiber (node_modules/.pnpm/react-dom@19.2.0_react@19.2.0/node_modules/react-dom/cjs/react-dom-client.development.js:15718:11)
      at recursivelyTraversePassiveMountEffects (node_modules/.pnpm/react-dom@19.2.0_react@19.2.0/node_modules/react-dom/cjs/react-dom-client.development.js:15439:11)
      at commitPassiveMountOnFiber (node_modules/.pnpm/react-dom@19.2.0_react@19.2.0/node_modules/react-dom/cjs/react-dom-client.development.js:15476:11)
      at recursivelyTraversePassiveMountEffects (node_modules/.pnpm/react-dom@19.2.0_react@19.2.0/node_modules/react-dom/cjs/react-dom-client.development.js:15439:11)
      at commitPassiveMountOnFiber (node_modules/.pnpm/react-dom@19.2.0_react@19.2.0/node_modules/react-dom/cjs/react-dom-client.development.js:15476:11)
      at recursivelyTraversePassiveMountEffects (node_modules/.pnpm/react-dom@19.2.0_react@19.2.0/node_modules/react-dom/cjs/react-dom-client.development.js:15439:11)
      at commitPassiveMountOnFiber (node_modules/.pnpm/react-dom@19.2.0_react@19.2.0/node_modules/react-dom/cjs/react-dom-client.development.js:15718:11)
      at recursivelyTraversePassiveMountEffects (node_modules/.pnpm/react-dom@19.2.0_react@19.2.0/node_modules/react-dom/cjs/react-dom-client.development.js:15439:11)
      at commitPassiveMountOnFiber (node_modules/.pnpm/react-dom@19.2.0_react@19.2.0/node_modules/react-dom/cjs/react-dom-client.development.js:15476:11)
      at recursivelyTraversePassiveMountEffects (node_modules/.pnpm/react-dom@19.2.0_react@19.2.0/node_modules/react-dom/cjs/react-dom-client.development.js:15439:11)
      at commitPassiveMountOnFiber (node_modules/.pnpm/react-dom@19.2.0_react@19.2.0/node_modules/react-dom/cjs/react-dom-client.development.js:15476:11)
      at recursivelyTraversePassiveMountEffects (node_modules/.pnpm/react-dom@19.2.0_react@19.2.0/node_modules/react-dom/cjs/react-dom-client.development.js:15439:11)
      at commitPassiveMountOnFiber (node_modules/.pnpm/react-dom@19.2.0_react@19.2.0/node_modules/react-dom/cjs/react-dom-client.development.js:15476:11)
      at recursivelyTraversePassiveMountEffects (node_modules/.pnpm/react-dom@19.2.0_react@19.2.0/node_modules/react-dom/cjs/react-dom-client.development.js:15439:11)
      at commitPassiveMountOnFiber (node_modules/.pnpm/react-dom@19.2.0_react@19.2.0/node_modules/react-dom/cjs/react-dom-client.development.js:15718:11)
      at recursivelyTraversePassiveMountEffects (node_modules/.pnpm/react-dom@19.2.0_react@19.2.0/node_modules/react-dom/cjs/react-dom-client.development.js:15439:11)
      at commitPassiveMountOnFiber (node_modules/.pnpm/react-dom@19.2.0_react@19.2.0/node_modules/react-dom/cjs/react-dom-client.development.js:15476:11)
      at recursivelyTraversePassiveMountEffects (node_modules/.pnpm/react-dom@19.2.0_react@19.2.0/node_modules/react-dom/cjs/react-dom-client.development.js:15439:11)
      at commitPassiveMountOnFiber (node_modules/.pnpm/react-dom@19.2.0_react@19.2.0/node_modules/react-dom/cjs/react-dom-client.development.js:15476:11)
      at recursivelyTraversePassiveMountEffects (node_modules/.pnpm/react-dom@19.2.0_react@19.2.0/node_modules/react-dom/cjs/react-dom-client.development.js:15439:11)
      at commitPassiveMountOnFiber (node_modules/.pnpm/react-dom@19.2.0_react@19.2.0/node_modules/react-dom/cjs/react-dom-client.development.js:15476:11)
      at recursivelyTraversePassiveMountEffects (node_modules/.pnpm/react-dom@19.2.0_react@19.2.0/node_modules/react-dom/cjs/react-dom-client.development.js:15439:11)
      at commitPassiveMountOnFiber (node_modules/.pnpm/react-dom@19.2.0_react@19.2.0/node_modules/react-dom/cjs/react-dom-client.development.js:15476:11)
      at recursivelyTraversePassiveMountEffects (node_modules/.pnpm/react-dom@19.2.0_react@19.2.0/node_modules/react-dom/cjs/react-dom-client.development.js:15439:11)
      at commitPassiveMountOnFiber (node_modules/.pnpm/react-dom@19.2.0_react@19.2.0/node_modules/react-dom/cjs/react-dom-client.development.js:15519:11)
      at flushPassiveEffects (node_modules/.pnpm/react-dom@19.2.0_react@19.2.0/node_modules/react-dom/cjs/react-dom-client.development.js:18432:9)
      at flushPendingEffects (node_modules/.pnpm/react-dom@19.2.0_react@19.2.0/node_modules/react-dom/cjs/react-dom-client.development.js:18358:14)
      at flushSpawnedWork (node_modules/.pnpm/react-dom@19.2.0_react@19.2.0/node_modules/react-dom/cjs/react-dom-client.development.js:18323:44)
      at commitRoot (node_modules/.pnpm/react-dom@19.2.0_react@19.2.0/node_modules/react-dom/cjs/react-dom-client.development.js:17955:9)
      at performWorkOnRoot (node_modules/.pnpm/react-dom@19.2.0_react@19.2.0/node_modules/react-dom/cjs/react-dom-client.development.js:16667:15)
      at performSyncWorkOnRoot (node_modules/.pnpm/react-dom@19.2.0_react@19.2.0/node_modules/react-dom/cjs/react-dom-client.development.js:18972:7)
      at flushSyncWorkAcrossRoots_impl (node_modules/.pnpm/react-dom@19.2.0_react@19.2.0/node_modules/react-dom/cjs/react-dom-client.development.js:18814:21)
      at flushSpawnedWork (node_modules/.pnpm/react-dom@19.2.0_react@19.2.0/node_modules/react-dom/cjs/react-dom-client.development.js:18334:9)
      at commitRoot (node_modules/.pnpm/react-dom@19.2.0_react@19.2.0/node_modules/react-dom/cjs/react-dom-client.development.js:17955:9)
      at performWorkOnRoot (node_modules/.pnpm/react-dom@19.2.0_react@19.2.0/node_modules/react-dom/cjs/react-dom-client.development.js:16667:15)
      at performWorkOnRootViaSchedulerTask (node_modules/.pnpm/react-dom@19.2.0_react@19.2.0/node_modules/react-dom/cjs/react-dom-client.development.js:18957:7)
      at flushActQueue (node_modules/.pnpm/react@19.2.0/node_modules/react/cjs/react.development.js:590:34)
      at process.env.NODE_ENV.exports.act (node_modules/.pnpm/react@19.2.0/node_modules/react/cjs/react.development.js:884:10)
      at node_modules/.pnpm/@testing-library+react@16.3_15d474de7481bb0af842c1b1705139a8/node_modules/@testing-library/react/dist/act-compat.js:47:25
      at renderRoot (node_modules/.pnpm/@testing-library+react@16.3_15d474de7481bb0af842c1b1705139a8/node_modules/@testing-library/react/dist/pure.js:190:26)
      at render (node_modules/.pnpm/@testing-library+react@16.3_15d474de7481bb0af842c1b1705139a8/node_modules/@testing-library/react/dist/pure.js:292:10)
      at Object.<anonymous> (src/__tests__/components/ExportChatModal.test.tsx:586:13)

    console.warn
      Warning: Missing `Description` or `aria-describedby={undefined}` for {DialogContent}.

    [0m [90m 584 |[39m
     [90m 585 |[39m     it([32m'handles same dateFrom and dateTo'[39m[33m,[39m [36masync[39m () [33m=>[39m {
    [31m[1m>[22m[39m[90m 586 |[39m       render([33m<[39m[33mExportChatModal[39m {[33m...[39mdefaultProps} [33m/[39m[33m>[39m)[33m;[39m
     [90m     |[39m             [31m[1m^[22m[39m
     [90m 587 |[39m
     [90m 588 |[39m       [36mconst[39m dateFromInput [33m=[39m screen[33m.[39mgetByLabelText([32m'Da'[39m)[33m;[39m
     [90m 589 |[39m       [36mconst[39m dateToInput [33m=[39m screen[33m.[39mgetByLabelText([32m'A'[39m)[33m;[39m[0m

      at node_modules/.pnpm/@radix-ui+react-dialog@1.1._664b8f23a65f4708bb5cf27e5ff43c08/node_modules/@radix-ui/react-dialog/src/dialog.tsx:543:36
      at Object.react_stack_bottom_frame (node_modules/.pnpm/react-dom@19.2.0_react@19.2.0/node_modules/react-dom/cjs/react-dom-client.development.js:25989:20)
      at runWithFiberInDEV (node_modules/.pnpm/react-dom@19.2.0_react@19.2.0/node_modules/react-dom/cjs/react-dom-client.development.js:874:13)
      at commitHookEffectListMount (node_modules/.pnpm/react-dom@19.2.0_react@19.2.0/node_modules/react-dom/cjs/react-dom-client.development.js:13249:29)
      at commitHookPassiveMountEffects (node_modules/.pnpm/react-dom@19.2.0_react@19.2.0/node_modules/react-dom/cjs/react-dom-client.development.js:13336:11)
      at commitPassiveMountOnFiber (node_modules/.pnpm/react-dom@19.2.0_react@19.2.0/node_modules/react-dom/cjs/react-dom-client.development.js:15484:13)
      at recursivelyTraversePassiveMountEffects (node_modules/.pnpm/react-dom@19.2.0_react@19.2.0/node_modules/react-dom/cjs/react-dom-client.development.js:15439:11)
      at commitPassiveMountOnFiber (node_modules/.pnpm/react-dom@19.2.0_react@19.2.0/node_modules/react-dom/cjs/react-dom-client.development.js:15718:11)
      at recursivelyTraversePassiveMountEffects (node_modules/.pnpm/react-dom@19.2.0_react@19.2.0/node_modules/react-dom/cjs/react-dom-client.development.js:15439:11)
      at commitPassiveMountOnFiber (node_modules/.pnpm/react-dom@19.2.0_react@19.2.0/node_modules/react-dom/cjs/react-dom-client.development.js:15476:11)
      at recursivelyTraversePassiveMountEffects (node_modules/.pnpm/react-dom@19.2.0_react@19.2.0/node_modules/react-dom/cjs/react-dom-client.development.js:15439:11)
      at commitPassiveMountOnFiber (node_modules/.pnpm/react-dom@19.2.0_react@19.2.0/node_modules/react-dom/cjs/react-dom-client.development.js:15476:11)
      at recursivelyTraversePassiveMountEffects (node_modules/.pnpm/react-dom@19.2.0_react@19.2.0/node_modules/react-dom/cjs/react-dom-client.development.js:15439:11)
      at commitPassiveMountOnFiber (node_modules/.pnpm/react-dom@19.2.0_react@19.2.0/node_modules/react-dom/cjs/react-dom-client.development.js:15476:11)
      at recursivelyTraversePassiveMountEffects (node_modules/.pnpm/react-dom@19.2.0_react@19.2.0/node_modules/react-dom/cjs/react-dom-client.development.js:15439:11)
      at commitPassiveMountOnFiber (node_modules/.pnpm/react-dom@19.2.0_react@19.2.0/node_modules/react-dom/cjs/react-dom-client.development.js:15476:11)
      at recursivelyTraversePassiveMountEffects (node_modules/.pnpm/react-dom@19.2.0_react@19.2.0/node_modules/react-dom/cjs/react-dom-client.development.js:15439:11)
      at commitPassiveMountOnFiber (node_modules/.pnpm/react-dom@19.2.0_react@19.2.0/node_modules/react-dom/cjs/react-dom-client.development.js:15476:11)
      at recursivelyTraversePassiveMountEffects (node_modules/.pnpm/react-dom@19.2.0_react@19.2.0/node_modules/react-dom/cjs/react-dom-client.development.js:15439:11)
      at commitPassiveMountOnFiber (node_modules/.pnpm/react-dom@19.2.0_react@19.2.0/node_modules/react-dom/cjs/react-dom-client.development.js:15476:11)
      at recursivelyTraversePassiveMountEffects (node_modules/.pnpm/react-dom@19.2.0_react@19.2.0/node_modules/react-dom/cjs/react-dom-client.development.js:15439:11)
      at commitPassiveMountOnFiber (node_modules/.pnpm/react-dom@19.2.0_react@19.2.0/node_modules/react-dom/cjs/react-dom-client.development.js:15476:11)
      at recursivelyTraversePassiveMountEffects (node_modules/.pnpm/react-dom@19.2.0_react@19.2.0/node_modules/react-dom/cjs/react-dom-client.development.js:15439:11)
      at commitPassiveMountOnFiber (node_modules/.pnpm/react-dom@19.2.0_react@19.2.0/node_modules/react-dom/cjs/react-dom-client.development.js:15718:11)
      at recursivelyTraversePassiveMountEffects (node_modules/.pnpm/react-dom@19.2.0_react@19.2.0/node_modules/react-dom/cjs/react-dom-client.development.js:15439:11)
      at commitPassiveMountOnFiber (node_modules/.pnpm/react-dom@19.2.0_react@19.2.0/node_modules/react-dom/cjs/react-dom-client.development.js:15476:11)
      at recursivelyTraversePassiveMountEffects (node_modules/.pnpm/react-dom@19.2.0_react@19.2.0/node_modules/react-dom/cjs/react-dom-client.development.js:15439:11)
      at commitPassiveMountOnFiber (node_modules/.pnpm/react-dom@19.2.0_react@19.2.0/node_modules/react-dom/cjs/react-dom-client.development.js:15476:11)
      at recursivelyTraversePassiveMountEffects (node_modules/.pnpm/react-dom@19.2.0_react@19.2.0/node_modules/react-dom/cjs/react-dom-client.development.js:15439:11)
      at commitPassiveMountOnFiber (node_modules/.pnpm/react-dom@19.2.0_react@19.2.0/node_modules/react-dom/cjs/react-dom-client.development.js:15718:11)
      at recursivelyTraversePassiveMountEffects (node_modules/.pnpm/react-dom@19.2.0_react@19.2.0/node_modules/react-dom/cjs/react-dom-client.development.js:15439:11)
      at commitPassiveMountOnFiber (node_modules/.pnpm/react-dom@19.2.0_react@19.2.0/node_modules/react-dom/cjs/react-dom-client.development.js:15476:11)
      at recursivelyTraversePassiveMountEffects (node_modules/.pnpm/react-dom@19.2.0_react@19.2.0/node_modules/react-dom/cjs/react-dom-client.development.js:15439:11)
      at commitPassiveMountOnFiber (node_modules/.pnpm/react-dom@19.2.0_react@19.2.0/node_modules/react-dom/cjs/react-dom-client.development.js:15476:11)
      at recursivelyTraversePassiveMountEffects (node_modules/.pnpm/react-dom@19.2.0_react@19.2.0/node_modules/react-dom/cjs/react-dom-client.development.js:15439:11)
      at commitPassiveMountOnFiber (node_modules/.pnpm/react-dom@19.2.0_react@19.2.0/node_modules/react-dom/cjs/react-dom-client.development.js:15476:11)
      at recursivelyTraversePassiveMountEffects (node_modules/.pnpm/react-dom@19.2.0_react@19.2.0/node_modules/react-dom/cjs/react-dom-client.development.js:15439:11)
      at commitPassiveMountOnFiber (node_modules/.pnpm/react-dom@19.2.0_react@19.2.0/node_modules/react-dom/cjs/react-dom-client.development.js:15718:11)
      at recursivelyTraversePassiveMountEffects (node_modules/.pnpm/react-dom@19.2.0_react@19.2.0/node_modules/react-dom/cjs/react-dom-client.development.js:15439:11)
      at commitPassiveMountOnFiber (node_modules/.pnpm/react-dom@19.2.0_react@19.2.0/node_modules/react-dom/cjs/react-dom-client.development.js:15476:11)
      at recursivelyTraversePassiveMountEffects (node_modules/.pnpm/react-dom@19.2.0_react@19.2.0/node_modules/react-dom/cjs/react-dom-client.development.js:15439:11)
      at commitPassiveMountOnFiber (node_modules/.pnpm/react-dom@19.2.0_react@19.2.0/node_modules/react-dom/cjs/react-dom-client.development.js:15476:11)
      at recursivelyTraversePassiveMountEffects (node_modules/.pnpm/react-dom@19.2.0_react@19.2.0/node_modules/react-dom/cjs/react-dom-client.development.js:15439:11)
      at commitPassiveMountOnFiber (node_modules/.pnpm/react-dom@19.2.0_react@19.2.0/node_modules/react-dom/cjs/react-dom-client.development.js:15476:11)
      at recursivelyTraversePassiveMountEffects (node_modules/.pnpm/react-dom@19.2.0_react@19.2.0/node_modules/react-dom/cjs/react-dom-client.development.js:15439:11)
      at commitPassiveMountOnFiber (node_modules/.pnpm/react-dom@19.2.0_react@19.2.0/node_modules/react-dom/cjs/react-dom-client.development.js:15476:11)
      at recursivelyTraversePassiveMountEffects (node_modules/.pnpm/react-dom@19.2.0_react@19.2.0/node_modules/react-dom/cjs/react-dom-client.development.js:15439:11)
      at commitPassiveMountOnFiber (node_modules/.pnpm/react-dom@19.2.0_react@19.2.0/node_modules/react-dom/cjs/react-dom-client.development.js:15519:11)
      at flushPassiveEffects (node_modules/.pnpm/react-dom@19.2.0_react@19.2.0/node_modules/react-dom/cjs/react-dom-client.development.js:18432:9)
      at flushPendingEffects (node_modules/.pnpm/react-dom@19.2.0_react@19.2.0/node_modules/react-dom/cjs/react-dom-client.development.js:18358:14)
      at flushSpawnedWork (node_modules/.pnpm/react-dom@19.2.0_react@19.2.0/node_modules/react-dom/cjs/react-dom-client.development.js:18323:44)
      at commitRoot (node_modules/.pnpm/react-dom@19.2.0_react@19.2.0/node_modules/react-dom/cjs/react-dom-client.development.js:17955:9)
      at performWorkOnRoot (node_modules/.pnpm/react-dom@19.2.0_react@19.2.0/node_modules/react-dom/cjs/react-dom-client.development.js:16667:15)
      at performSyncWorkOnRoot (node_modules/.pnpm/react-dom@19.2.0_react@19.2.0/node_modules/react-dom/cjs/react-dom-client.development.js:18972:7)
      at flushSyncWorkAcrossRoots_impl (node_modules/.pnpm/react-dom@19.2.0_react@19.2.0/node_modules/react-dom/cjs/react-dom-client.development.js:18814:21)
      at flushSpawnedWork (node_modules/.pnpm/react-dom@19.2.0_react@19.2.0/node_modules/react-dom/cjs/react-dom-client.development.js:18334:9)
      at commitRoot (node_modules/.pnpm/react-dom@19.2.0_react@19.2.0/node_modules/react-dom/cjs/react-dom-client.development.js:17955:9)
      at performWorkOnRoot (node_modules/.pnpm/react-dom@19.2.0_react@19.2.0/node_modules/react-dom/cjs/react-dom-client.development.js:16667:15)
      at performWorkOnRootViaSchedulerTask (node_modules/.pnpm/react-dom@19.2.0_react@19.2.0/node_modules/react-dom/cjs/react-dom-client.development.js:18957:7)
      at flushActQueue (node_modules/.pnpm/react@19.2.0/node_modules/react/cjs/react.development.js:590:34)
      at process.env.NODE_ENV.exports.act (node_modules/.pnpm/react@19.2.0/node_modules/react/cjs/react.development.js:884:10)
      at node_modules/.pnpm/@testing-library+react@16.3_15d474de7481bb0af842c1b1705139a8/node_modules/@testing-library/react/dist/act-compat.js:47:25
      at renderRoot (node_modules/.pnpm/@testing-library+react@16.3_15d474de7481bb0af842c1b1705139a8/node_modules/@testing-library/react/dist/pure.js:190:26)
      at render (node_modules/.pnpm/@testing-library+react@16.3_15d474de7481bb0af842c1b1705139a8/node_modules/@testing-library/react/dist/pure.js:292:10)
      at Object.<anonymous> (src/__tests__/components/ExportChatModal.test.tsx:586:13)

PASS src/__tests__/components/chat/GameSelector.test.tsx (6.762 s)
PASS src/components/__tests__/PdfPreview.test.tsx (6.993 s)
PASS src/__tests__/pages/chess.test.tsx (6.925 s)
  ● Console

    console.error
      Error sending message: Error: Network error
          at Object.<anonymous> (D:\Repositories\meepleai-monorepo\apps\web\src\__tests__\pages\chess.test.tsx:363:37)
          at Promise.finally.completed (D:\Repositories\meepleai-monorepo\apps\web\node_modules\.pnpm\jest-circus@30.2.0\node_modules\jest-circus\build\jestAdapterInit.js:1557:28)
          at new Promise (<anonymous>)
          at callAsyncCircusFn (D:\Repositories\meepleai-monorepo\apps\web\node_modules\.pnpm\jest-circus@30.2.0\node_modules\jest-circus\build\jestAdapterInit.js:1497:10)
          at _callCircusTest (D:\Repositories\meepleai-monorepo\apps\web\node_modules\.pnpm\jest-circus@30.2.0\node_modules\jest-circus\build\jestAdapterInit.js:1007:40)
          at _runTest (D:\Repositories\meepleai-monorepo\apps\web\node_modules\.pnpm\jest-circus@30.2.0\node_modules\jest-circus\build\jestAdapterInit.js:947:3)
          at D:\Repositories\meepleai-monorepo\apps\web\node_modules\.pnpm\jest-circus@30.2.0\node_modules\jest-circus\build\jestAdapterInit.js:849:7
          at _runTestsForDescribeBlock (D:\Repositories\meepleai-monorepo\apps\web\node_modules\.pnpm\jest-circus@30.2.0\node_modules\jest-circus\build\jestAdapterInit.js:862:11)
          at _runTestsForDescribeBlock (D:\Repositories\meepleai-monorepo\apps\web\node_modules\.pnpm\jest-circus@30.2.0\node_modules\jest-circus\build\jestAdapterInit.js:857:11)
          at _runTestsForDescribeBlock (D:\Repositories\meepleai-monorepo\apps\web\node_modules\.pnpm\jest-circus@30.2.0\node_modules\jest-circus\build\jestAdapterInit.js:857:11)
          at run (D:\Repositories\meepleai-monorepo\apps\web\node_modules\.pnpm\jest-circus@30.2.0\node_modules\jest-circus\build\jestAdapterInit.js:761:3)
          at runAndTransformResultsToJestFormat (D:\Repositories\meepleai-monorepo\apps\web\node_modules\.pnpm\jest-circus@30.2.0\node_modules\jest-circus\build\jestAdapterInit.js:1918:21)
          at jestAdapter (D:\Repositories\meepleai-monorepo\apps\web\node_modules\.pnpm\jest-circus@30.2.0\node_modules\jest-circus\build\runner.js:101:19)
          at runTestInternal (D:\Repositories\meepleai-monorepo\apps\web\node_modules\.pnpm\jest-runner@30.2.0\node_modules\jest-runner\build\testWorker.js:275:16)
          at runTest (D:\Repositories\meepleai-monorepo\apps\web\node_modules\.pnpm\jest-runner@30.2.0\node_modules\jest-runner\build\testWorker.js:343:7)
          at Object.worker (D:\Repositories\meepleai-monorepo\apps\web\node_modules\.pnpm\jest-runner@30.2.0\node_modules\jest-runner\build\testWorker.js:497:12)

    [0m [90m 373 |[39m       [36mreturn[39m[33m;[39m
     [90m 374 |[39m     }
    [31m[1m>[22m[39m[90m 375 |[39m     originalError[33m.[39mcall(console[33m,[39m [33m...[39margs)[33m;[39m
     [90m     |[39m                   [31m[1m^[22m[39m
     [90m 376 |[39m   }[33m;[39m
     [90m 377 |[39m })[33m;[39m
     [90m 378 |[39m[0m

      at console.call [as error] (jest.setup.js:375:19)
      at error (src/pages/chess.tsx:180:15)

PASS src/lib/__tests__/test-utils.test.tsx
PASS src/__tests__/pages/admin.test.tsx (7.09 s)
PASS src/__tests__/components/chat/AgentSelector.test.tsx (7.198 s)
PASS src/components/__tests__/CommentItem.test.tsx (7.44 s)
PASS src/__tests__/components/game/GamePicker.test.tsx (7.283 s)
  ● Console

    console.error
      An update to GamePicker inside a test was not wrapped in act(...).
      
      When testing, code that causes React state updates should be wrapped into act(...):
      
      act(() => {
        /* fire events that update state */
      });
      /* assert on the output */
      
      This ensures that you're testing the behavior the user would see in the browser. Learn more at https://react.dev/link/wrap-tests-with-act

    [0m [90m 373 |[39m       [36mreturn[39m[33m;[39m
     [90m 374 |[39m     }
    [31m[1m>[22m[39m[90m 375 |[39m     originalError[33m.[39mcall(console[33m,[39m [33m...[39margs)[33m;[39m
     [90m     |[39m                   [31m[1m^[22m[39m
     [90m 376 |[39m   }[33m;[39m
     [90m 377 |[39m })[33m;[39m
     [90m 378 |[39m[0m

      at console.call [as error] (jest.setup.js:375:19)
      at node_modules/.pnpm/react-dom@19.2.0_react@19.2.0/node_modules/react-dom/cjs/react-dom-client.development.js:18758:19
      at runWithFiberInDEV (node_modules/.pnpm/react-dom@19.2.0_react@19.2.0/node_modules/react-dom/cjs/react-dom-client.development.js:874:13)
      at warnIfUpdatesNotWrappedWithActDEV (node_modules/.pnpm/react-dom@19.2.0_react@19.2.0/node_modules/react-dom/cjs/react-dom-client.development.js:18757:9)
      at scheduleUpdateOnFiber (node_modules/.pnpm/react-dom@19.2.0_react@19.2.0/node_modules/react-dom/cjs/react-dom-client.development.js:16409:11)
      at dispatchSetStateInternal (node_modules/.pnpm/react-dom@19.2.0_react@19.2.0/node_modules/react-dom/cjs/react-dom-client.development.js:9170:13)
      at dispatchSetState (node_modules/.pnpm/react-dom@19.2.0_react@19.2.0/node_modules/react-dom/cjs/react-dom-client.development.js:9127:7)
      at setNewGameName (src/components/game/GamePicker.tsx:64:7)

    console.error
      An update to GamePicker inside a test was not wrapped in act(...).
      
      When testing, code that causes React state updates should be wrapped into act(...):
      
      act(() => {
        /* fire events that update state */
      });
      /* assert on the output */
      
      This ensures that you're testing the behavior the user would see in the browser. Learn more at https://react.dev/link/wrap-tests-with-act

    [0m [90m 373 |[39m       [36mreturn[39m[33m;[39m
     [90m 374 |[39m     }
    [31m[1m>[22m[39m[90m 375 |[39m     originalError[33m.[39mcall(console[33m,[39m [33m...[39margs)[33m;[39m
     [90m     |[39m                   [31m[1m^[22m[39m
     [90m 376 |[39m   }[33m;[39m
     [90m 377 |[39m })[33m;[39m
     [90m 378 |[39m[0m

      at console.call [as error] (jest.setup.js:375:19)
      at node_modules/.pnpm/react-dom@19.2.0_react@19.2.0/node_modules/react-dom/cjs/react-dom-client.development.js:18758:19
      at runWithFiberInDEV (node_modules/.pnpm/react-dom@19.2.0_react@19.2.0/node_modules/react-dom/cjs/react-dom-client.development.js:874:13)
      at warnIfUpdatesNotWrappedWithActDEV (node_modules/.pnpm/react-dom@19.2.0_react@19.2.0/node_modules/react-dom/cjs/react-dom-client.development.js:18757:9)
      at scheduleUpdateOnFiber (node_modules/.pnpm/react-dom@19.2.0_react@19.2.0/node_modules/react-dom/cjs/react-dom-client.development.js:16409:11)
      at dispatchSetStateInternal (node_modules/.pnpm/react-dom@19.2.0_react@19.2.0/node_modules/react-dom/cjs/react-dom-client.development.js:9170:13)
      at dispatchSetState (node_modules/.pnpm/react-dom@19.2.0_react@19.2.0/node_modules/react-dom/cjs/react-dom-client.development.js:9127:7)
      at setCreating (src/components/game/GamePicker.tsx:68:7)

PASS src/__tests__/pages/editor-comprehensive.test.tsx (7.49 s)
  ● Console

    console.error
      Error: MockApiRouter: No handler for GET /api/v1/games/game-1/rulespec
      
      Available routes:
        GET /api/v1/auth/me
          at MockApiRouter.handle (D:\Repositories\meepleai-monorepo\apps\web\src\__tests__\utils\mock-api-router.ts:172:13)
          at handle (D:\Repositories\meepleai-monorepo\apps\web\src\__tests__\utils\mock-api-router.ts:201:19)
          at Object.fetch [as get] (D:\Repositories\meepleai-monorepo\apps\web\src\lib\api.ts:427:23)
          at get (D:\Repositories\meepleai-monorepo\apps\web\src\pages\editor.tsx:153:32)
          at loadRuleSpec (D:\Repositories\meepleai-monorepo\apps\web\src\pages\editor.tsx:179:12)
          at Object.react_stack_bottom_frame (D:\Repositories\meepleai-monorepo\apps\web\node_modules\.pnpm\react-dom@19.2.0_react@19.2.0\node_modules\react-dom\cjs\react-dom-client.development.js:25989:20)
          at runWithFiberInDEV (D:\Repositories\meepleai-monorepo\apps\web\node_modules\.pnpm\react-dom@19.2.0_react@19.2.0\node_modules\react-dom\cjs\react-dom-client.development.js:874:13)
          at commitHookEffectListMount (D:\Repositories\meepleai-monorepo\apps\web\node_modules\.pnpm\react-dom@19.2.0_react@19.2.0\node_modules\react-dom\cjs\react-dom-client.development.js:13249:29)
          at commitHookPassiveMountEffects (D:\Repositories\meepleai-monorepo\apps\web\node_modules\.pnpm\react-dom@19.2.0_react@19.2.0\node_modules\react-dom\cjs\react-dom-client.development.js:13336:11)
          at commitPassiveMountOnFiber (D:\Repositories\meepleai-monorepo\apps\web\node_modules\.pnpm\react-dom@19.2.0_react@19.2.0\node_modules\react-dom\cjs\react-dom-client.development.js:15484:13)
          at recursivelyTraversePassiveMountEffects (D:\Repositories\meepleai-monorepo\apps\web\node_modules\.pnpm\react-dom@19.2.0_react@19.2.0\node_modules\react-dom\cjs\react-dom-client.development.js:15439:11)
          at commitPassiveMountOnFiber (D:\Repositories\meepleai-monorepo\apps\web\node_modules\.pnpm\react-dom@19.2.0_react@19.2.0\node_modules\react-dom\cjs\react-dom-client.development.js:15519:11)
          at flushPassiveEffects (D:\Repositories\meepleai-monorepo\apps\web\node_modules\.pnpm\react-dom@19.2.0_react@19.2.0\node_modules\react-dom\cjs\react-dom-client.development.js:18432:9)
          at D:\Repositories\meepleai-monorepo\apps\web\node_modules\.pnpm\react-dom@19.2.0_react@19.2.0\node_modules\react-dom\cjs\react-dom-client.development.js:17923:15
          at performWorkUntilDeadline (D:\Repositories\meepleai-monorepo\apps\web\node_modules\.pnpm\scheduler@0.27.0\node_modules\scheduler\cjs\scheduler.development.js:45:48)
          at Timeout.task [as _onTimeout] (D:\Repositories\meepleai-monorepo\apps\web\node_modules\.pnpm\jsdom@26.1.0\node_modules\jsdom\lib\jsdom\browser\Window.js:579:19)
          at listOnTimeout (node:internal/timers:588:17)
          at processTimers (node:internal/timers:523:7)

    [0m [90m 373 |[39m       [36mreturn[39m[33m;[39m
     [90m 374 |[39m     }
    [31m[1m>[22m[39m[90m 375 |[39m     originalError[33m.[39mcall(console[33m,[39m [33m...[39margs)[33m;[39m
     [90m     |[39m                   [31m[1m^[22m[39m
     [90m 376 |[39m   }[33m;[39m
     [90m 377 |[39m })[33m;[39m
     [90m 378 |[39m[0m

      at console.call [as error] (jest.setup.js:375:19)
      at error (src/pages/editor.tsx:164:17)

PASS src/__tests__/pages/setup.test.tsx (7.655 s)
PASS src/components/__tests__/CommentForm.test.tsx (9.512 s)
PASS src/__tests__/pages/index.accessibility.test.tsx
  ● Console

    console.error
      Error: Not implemented: HTMLCanvasElement.prototype.getContext (without installing the canvas npm package)
          at new Promise (<anonymous>)
          at Object.<anonymous> (D:\Repositories\meepleai-monorepo\apps\web\src\__tests__\pages\index.accessibility.test.tsx:40:30)
          at new Promise (<anonymous>) {
        type: 'not implemented'
      }

    [0m [90m 373 |[39m       [36mreturn[39m[33m;[39m
     [90m 374 |[39m     }
    [31m[1m>[22m[39m[90m 375 |[39m     originalError[33m.[39mcall(console[33m,[39m [33m...[39margs)[33m;[39m
     [90m     |[39m                   [31m[1m^[22m[39m
     [90m 376 |[39m   }[33m;[39m
     [90m 377 |[39m })[33m;[39m
     [90m 378 |[39m[0m

      at console.call [as error] (jest.setup.js:375:19)
      at VirtualConsole.<anonymous> (node_modules/.pnpm/@jest+environment-jsdom-abstract@30.2.0_jsdom@26.1.0/node_modules/@jest/environment-jsdom-abstract/build/index.js:87:23)
      at module.exports (node_modules/.pnpm/jsdom@26.1.0/node_modules/jsdom/lib/jsdom/browser/not-implemented.js:12:26)
      at HTMLCanvasElementImpl.getContext (node_modules/.pnpm/jsdom@26.1.0/node_modules/jsdom/lib/jsdom/living/nodes/HTMLCanvasElement-impl.js:42:5)
      at HTMLCanvasElement.getContext (node_modules/.pnpm/jsdom@26.1.0/node_modules/jsdom/lib/jsdom/living/generated/HTMLCanvasElement.js:131:58)
      at node_modules/.pnpm/axe-core@4.10.2/node_modules/axe-core/axe.js:13407:49
      at Object.get (node_modules/.pnpm/axe-core@4.10.2/node_modules/axe-core/axe.js:7719:23)
      at _isIconLigature (node_modules/.pnpm/axe-core@4.10.2/node_modules/axe-core/axe.js:13406:41)
      at node_modules/.pnpm/axe-core@4.10.2/node_modules/axe-core/axe.js:27313:54
          at Array.some (<anonymous>)
      at hasRealTextChildren (node_modules/.pnpm/axe-core@4.10.2/node_modules/axe-core/axe.js:27312:35)
      at Rule.colorContrastMatches [as matches] (node_modules/.pnpm/axe-core@4.10.2/node_modules/axe-core/axe.js:27277:12)
      at node_modules/.pnpm/axe-core@4.10.2/node_modules/axe-core/axe.js:27944:24
          at Array.filter (<anonymous>)
      at Rule.gatherAndMatchNodes (node_modules/.pnpm/axe-core@4.10.2/node_modules/axe-core/axe.js:27943:21)
      at Rule.run2 [as run] (node_modules/.pnpm/axe-core@4.10.2/node_modules/axe-core/axe.js:27794:22)
      at node_modules/.pnpm/axe-core@4.10.2/node_modules/axe-core/axe.js:28570:14
      at pop (node_modules/.pnpm/axe-core@4.10.2/node_modules/axe-core/axe.js:8169:18)
      at Object.defer (node_modules/.pnpm/axe-core@4.10.2/node_modules/axe-core/axe.js:8191:11)
      at node_modules/.pnpm/axe-core@4.10.2/node_modules/axe-core/axe.js:28284:27
          at Array.forEach (<anonymous>)
      at Audit.run (node_modules/.pnpm/axe-core@4.10.2/node_modules/axe-core/axe.js:28283:23)
      at node_modules/.pnpm/axe-core@4.10.2/node_modules/axe-core/axe.js:28652:15
      at pop (node_modules/.pnpm/axe-core@4.10.2/node_modules/axe-core/axe.js:8169:18)
      at Object.defer (node_modules/.pnpm/axe-core@4.10.2/node_modules/axe-core/axe.js:8191:11)
      at Object.runRules [as _runRules] (node_modules/.pnpm/axe-core@4.10.2/node_modules/axe-core/axe.js:28651:9)
      at Object.run4 [as run] (node_modules/.pnpm/axe-core@4.10.2/node_modules/axe-core/axe.js:28902:11)
      at Object.<anonymous> (src/__tests__/pages/index.accessibility.test.tsx:40:30)

    console.error
      An update to AuthModal inside a test was not wrapped in act(...).
      
      When testing, code that causes React state updates should be wrapped into act(...):
      
      act(() => {
        /* fire events that update state */
      });
      /* assert on the output */
      
      This ensures that you're testing the behavior the user would see in the browser. Learn more at https://react.dev/link/wrap-tests-with-act

    [0m [90m 373 |[39m       [36mreturn[39m[33m;[39m
     [90m 374 |[39m     }
    [31m[1m>[22m[39m[90m 375 |[39m     originalError[33m.[39mcall(console[33m,[39m [33m...[39margs)[33m;[39m
     [90m     |[39m                   [31m[1m^[22m[39m
     [90m 376 |[39m   }[33m;[39m
     [90m 377 |[39m })[33m;[39m
     [90m 378 |[39m[0m

      at console.call [as error] (jest.setup.js:375:19)
      at node_modules/.pnpm/react-dom@19.2.0_react@19.2.0/node_modules/react-dom/cjs/react-dom-client.development.js:18758:19
      at runWithFiberInDEV (node_modules/.pnpm/react-dom@19.2.0_react@19.2.0/node_modules/react-dom/cjs/react-dom-client.development.js:874:13)
      at warnIfUpdatesNotWrappedWithActDEV (node_modules/.pnpm/react-dom@19.2.0_react@19.2.0/node_modules/react-dom/cjs/react-dom-client.development.js:18757:9)
      at scheduleUpdateOnFiber (node_modules/.pnpm/react-dom@19.2.0_react@19.2.0/node_modules/react-dom/cjs/react-dom-client.development.js:16409:11)
      at dispatchSetStateInternal (node_modules/.pnpm/react-dom@19.2.0_react@19.2.0/node_modules/react-dom/cjs/react-dom-client.development.js:9170:13)
      at dispatchSetState (node_modules/.pnpm/react-dom@19.2.0_react@19.2.0/node_modules/react-dom/cjs/react-dom-client.development.js:9127:7)
      at setLoading (src/hooks/useAuth.ts:84:7)

    console.error
      An update to Home inside a test was not wrapped in act(...).
      
      When testing, code that causes React state updates should be wrapped into act(...):
      
      act(() => {
        /* fire events that update state */
      });
      /* assert on the output */
      
      This ensures that you're testing the behavior the user would see in the browser. Learn more at https://react.dev/link/wrap-tests-with-act

    [0m [90m 373 |[39m       [36mreturn[39m[33m;[39m
     [90m 374 |[39m     }
    [31m[1m>[22m[39m[90m 375 |[39m     originalError[33m.[39mcall(console[33m,[39m [33m...[39margs)[33m;[39m
     [90m     |[39m                   [31m[1m^[22m[39m
     [90m 376 |[39m   }[33m;[39m
     [90m 377 |[39m })[33m;[39m
     [90m 378 |[39m[0m

      at console.call [as error] (jest.setup.js:375:19)
      at node_modules/.pnpm/react-dom@19.2.0_react@19.2.0/node_modules/react-dom/cjs/react-dom-client.development.js:18758:19
      at runWithFiberInDEV (node_modules/.pnpm/react-dom@19.2.0_react@19.2.0/node_modules/react-dom/cjs/react-dom-client.development.js:874:13)
      at warnIfUpdatesNotWrappedWithActDEV (node_modules/.pnpm/react-dom@19.2.0_react@19.2.0/node_modules/react-dom/cjs/react-dom-client.development.js:18757:9)
      at scheduleUpdateOnFiber (node_modules/.pnpm/react-dom@19.2.0_react@19.2.0/node_modules/react-dom/cjs/react-dom-client.development.js:16409:11)
      at dispatchSetStateInternal (node_modules/.pnpm/react-dom@19.2.0_react@19.2.0/node_modules/react-dom/cjs/react-dom-client.development.js:9170:13)
      at dispatchSetState (node_modules/.pnpm/react-dom@19.2.0_react@19.2.0/node_modules/react-dom/cjs/react-dom-client.development.js:9127:7)
      at setLoading (src/hooks/useAuth.ts:84:7)

    console.error
      An update to AuthModal inside a test was not wrapped in act(...).
      
      When testing, code that causes React state updates should be wrapped into act(...):
      
      act(() => {
        /* fire events that update state */
      });
      /* assert on the output */
      
      This ensures that you're testing the behavior the user would see in the browser. Learn more at https://react.dev/link/wrap-tests-with-act

    [0m [90m 373 |[39m       [36mreturn[39m[33m;[39m
     [90m 374 |[39m     }
    [31m[1m>[22m[39m[90m 375 |[39m     originalError[33m.[39mcall(console[33m,[39m [33m...[39margs)[33m;[39m
     [90m     |[39m                   [31m[1m^[22m[39m
     [90m 376 |[39m   }[33m;[39m
     [90m 377 |[39m })[33m;[39m
     [90m 378 |[39m[0m

      at console.call [as error] (jest.setup.js:375:19)
      at node_modules/.pnpm/react-dom@19.2.0_react@19.2.0/node_modules/react-dom/cjs/react-dom-client.development.js:18758:19
      at runWithFiberInDEV (node_modules/.pnpm/react-dom@19.2.0_react@19.2.0/node_modules/react-dom/cjs/react-dom-client.development.js:874:13)
      at warnIfUpdatesNotWrappedWithActDEV (node_modules/.pnpm/react-dom@19.2.0_react@19.2.0/node_modules/react-dom/cjs/react-dom-client.development.js:18757:9)
      at scheduleUpdateOnFiber (node_modules/.pnpm/react-dom@19.2.0_react@19.2.0/node_modules/react-dom/cjs/react-dom-client.development.js:16409:11)
      at dispatchSetStateInternal (node_modules/.pnpm/react-dom@19.2.0_react@19.2.0/node_modules/react-dom/cjs/react-dom-client.development.js:9170:13)
      at dispatchSetState (node_modules/.pnpm/react-dom@19.2.0_react@19.2.0/node_modules/react-dom/cjs/react-dom-client.development.js:9127:7)
      at setLoading (src/hooks/useAuth.ts:84:7)

    console.error
      An update to Home inside a test was not wrapped in act(...).
      
      When testing, code that causes React state updates should be wrapped into act(...):
      
      act(() => {
        /* fire events that update state */
      });
      /* assert on the output */
      
      This ensures that you're testing the behavior the user would see in the browser. Learn more at https://react.dev/link/wrap-tests-with-act

    [0m [90m 373 |[39m       [36mreturn[39m[33m;[39m
     [90m 374 |[39m     }
    [31m[1m>[22m[39m[90m 375 |[39m     originalError[33m.[39mcall(console[33m,[39m [33m...[39margs)[33m;[39m
     [90m     |[39m                   [31m[1m^[22m[39m
     [90m 376 |[39m   }[33m;[39m
     [90m 377 |[39m })[33m;[39m
     [90m 378 |[39m[0m

      at console.call [as error] (jest.setup.js:375:19)
      at node_modules/.pnpm/react-dom@19.2.0_react@19.2.0/node_modules/react-dom/cjs/react-dom-client.development.js:18758:19
      at runWithFiberInDEV (node_modules/.pnpm/react-dom@19.2.0_react@19.2.0/node_modules/react-dom/cjs/react-dom-client.development.js:874:13)
      at warnIfUpdatesNotWrappedWithActDEV (node_modules/.pnpm/react-dom@19.2.0_react@19.2.0/node_modules/react-dom/cjs/react-dom-client.development.js:18757:9)
      at scheduleUpdateOnFiber (node_modules/.pnpm/react-dom@19.2.0_react@19.2.0/node_modules/react-dom/cjs/react-dom-client.development.js:16409:11)
      at dispatchSetStateInternal (node_modules/.pnpm/react-dom@19.2.0_react@19.2.0/node_modules/react-dom/cjs/react-dom-client.development.js:9170:13)
      at dispatchSetState (node_modules/.pnpm/react-dom@19.2.0_react@19.2.0/node_modules/react-dom/cjs/react-dom-client.development.js:9127:7)
      at setLoading (src/hooks/useAuth.ts:84:7)

    console.error
      Error: Not implemented: HTMLCanvasElement.prototype.getContext (without installing the canvas npm package)
          at new Promise (<anonymous>)
          at Object.<anonymous> (D:\Repositories\meepleai-monorepo\apps\web\src\__tests__\pages\index.accessibility.test.tsx:65:30)
          at new Promise (<anonymous>) {
        type: 'not implemented'
      }

    [0m [90m 373 |[39m       [36mreturn[39m[33m;[39m
     [90m 374 |[39m     }
    [31m[1m>[22m[39m[90m 375 |[39m     originalError[33m.[39mcall(console[33m,[39m [33m...[39margs)[33m;[39m
     [90m     |[39m                   [31m[1m^[22m[39m
     [90m 376 |[39m   }[33m;[39m
     [90m 377 |[39m })[33m;[39m
     [90m 378 |[39m[0m

      at console.call [as error] (jest.setup.js:375:19)
      at VirtualConsole.<anonymous> (node_modules/.pnpm/@jest+environment-jsdom-abstract@30.2.0_jsdom@26.1.0/node_modules/@jest/environment-jsdom-abstract/build/index.js:87:23)
      at module.exports (node_modules/.pnpm/jsdom@26.1.0/node_modules/jsdom/lib/jsdom/browser/not-implemented.js:12:26)
      at HTMLCanvasElementImpl.getContext (node_modules/.pnpm/jsdom@26.1.0/node_modules/jsdom/lib/jsdom/living/nodes/HTMLCanvasElement-impl.js:42:5)
      at HTMLCanvasElement.getContext (node_modules/.pnpm/jsdom@26.1.0/node_modules/jsdom/lib/jsdom/living/generated/HTMLCanvasElement.js:131:58)
      at node_modules/.pnpm/axe-core@4.10.2/node_modules/axe-core/axe.js:13407:49
      at Object.get (node_modules/.pnpm/axe-core@4.10.2/node_modules/axe-core/axe.js:7719:23)
      at _isIconLigature (node_modules/.pnpm/axe-core@4.10.2/node_modules/axe-core/axe.js:13406:41)
      at node_modules/.pnpm/axe-core@4.10.2/node_modules/axe-core/axe.js:27313:54
          at Array.some (<anonymous>)
      at hasRealTextChildren (node_modules/.pnpm/axe-core@4.10.2/node_modules/axe-core/axe.js:27312:35)
      at Rule.colorContrastMatches [as matches] (node_modules/.pnpm/axe-core@4.10.2/node_modules/axe-core/axe.js:27277:12)
      at node_modules/.pnpm/axe-core@4.10.2/node_modules/axe-core/axe.js:27944:24
          at Array.filter (<anonymous>)
      at Rule.gatherAndMatchNodes (node_modules/.pnpm/axe-core@4.10.2/node_modules/axe-core/axe.js:27943:21)
      at Rule.run2 [as run] (node_modules/.pnpm/axe-core@4.10.2/node_modules/axe-core/axe.js:27794:22)
      at node_modules/.pnpm/axe-core@4.10.2/node_modules/axe-core/axe.js:28570:14
      at pop (node_modules/.pnpm/axe-core@4.10.2/node_modules/axe-core/axe.js:8169:18)
      at Object.defer (node_modules/.pnpm/axe-core@4.10.2/node_modules/axe-core/axe.js:8191:11)
      at node_modules/.pnpm/axe-core@4.10.2/node_modules/axe-core/axe.js:28284:27
          at Array.forEach (<anonymous>)
      at Audit.run (node_modules/.pnpm/axe-core@4.10.2/node_modules/axe-core/axe.js:28283:23)
      at node_modules/.pnpm/axe-core@4.10.2/node_modules/axe-core/axe.js:28652:15
      at pop (node_modules/.pnpm/axe-core@4.10.2/node_modules/axe-core/axe.js:8169:18)
      at Object.defer (node_modules/.pnpm/axe-core@4.10.2/node_modules/axe-core/axe.js:8191:11)
      at Object.runRules [as _runRules] (node_modules/.pnpm/axe-core@4.10.2/node_modules/axe-core/axe.js:28651:9)
      at Object.run4 [as run] (node_modules/.pnpm/axe-core@4.10.2/node_modules/axe-core/axe.js:28902:11)
      at Object.<anonymous> (src/__tests__/pages/index.accessibility.test.tsx:65:30)

    console.error
      An update to AuthModal inside a test was not wrapped in act(...).
      
      When testing, code that causes React state updates should be wrapped into act(...):
      
      act(() => {
        /* fire events that update state */
      });
      /* assert on the output */
      
      This ensures that you're testing the behavior the user would see in the browser. Learn more at https://react.dev/link/wrap-tests-with-act

    [0m [90m 373 |[39m       [36mreturn[39m[33m;[39m
     [90m 374 |[39m     }
    [31m[1m>[22m[39m[90m 375 |[39m     originalError[33m.[39mcall(console[33m,[39m [33m...[39margs)[33m;[39m
     [90m     |[39m                   [31m[1m^[22m[39m
     [90m 376 |[39m   }[33m;[39m
     [90m 377 |[39m })[33m;[39m
     [90m 378 |[39m[0m

      at console.call [as error] (jest.setup.js:375:19)
      at node_modules/.pnpm/react-dom@19.2.0_react@19.2.0/node_modules/react-dom/cjs/react-dom-client.development.js:18758:19
      at runWithFiberInDEV (node_modules/.pnpm/react-dom@19.2.0_react@19.2.0/node_modules/react-dom/cjs/react-dom-client.development.js:874:13)
      at warnIfUpdatesNotWrappedWithActDEV (node_modules/.pnpm/react-dom@19.2.0_react@19.2.0/node_modules/react-dom/cjs/react-dom-client.development.js:18757:9)
      at scheduleUpdateOnFiber (node_modules/.pnpm/react-dom@19.2.0_react@19.2.0/node_modules/react-dom/cjs/react-dom-client.development.js:16409:11)
      at dispatchSetStateInternal (node_modules/.pnpm/react-dom@19.2.0_react@19.2.0/node_modules/react-dom/cjs/react-dom-client.development.js:9170:13)
      at dispatchSetState (node_modules/.pnpm/react-dom@19.2.0_react@19.2.0/node_modules/react-dom/cjs/react-dom-client.development.js:9127:7)
      at setLoading (src/hooks/useAuth.ts:84:7)

    console.error
      An update to Home inside a test was not wrapped in act(...).
      
      When testing, code that causes React state updates should be wrapped into act(...):
      
      act(() => {
        /* fire events that update state */
      });
      /* assert on the output */
      
      This ensures that you're testing the behavior the user would see in the browser. Learn more at https://react.dev/link/wrap-tests-with-act

    [0m [90m 373 |[39m       [36mreturn[39m[33m;[39m
     [90m 374 |[39m     }
    [31m[1m>[22m[39m[90m 375 |[39m     originalError[33m.[39mcall(console[33m,[39m [33m...[39margs)[33m;[39m
     [90m     |[39m                   [31m[1m^[22m[39m
     [90m 376 |[39m   }[33m;[39m
     [90m 377 |[39m })[33m;[39m
     [90m 378 |[39m[0m

      at console.call [as error] (jest.setup.js:375:19)
      at node_modules/.pnpm/react-dom@19.2.0_react@19.2.0/node_modules/react-dom/cjs/react-dom-client.development.js:18758:19
      at runWithFiberInDEV (node_modules/.pnpm/react-dom@19.2.0_react@19.2.0/node_modules/react-dom/cjs/react-dom-client.development.js:874:13)
      at warnIfUpdatesNotWrappedWithActDEV (node_modules/.pnpm/react-dom@19.2.0_react@19.2.0/node_modules/react-dom/cjs/react-dom-client.development.js:18757:9)
      at scheduleUpdateOnFiber (node_modules/.pnpm/react-dom@19.2.0_react@19.2.0/node_modules/react-dom/cjs/react-dom-client.development.js:16409:11)
      at dispatchSetStateInternal (node_modules/.pnpm/react-dom@19.2.0_react@19.2.0/node_modules/react-dom/cjs/react-dom-client.development.js:9170:13)
      at dispatchSetState (node_modules/.pnpm/react-dom@19.2.0_react@19.2.0/node_modules/react-dom/cjs/react-dom-client.development.js:9127:7)
      at setLoading (src/hooks/useAuth.ts:84:7)

    console.error
      An update to AuthModal inside a test was not wrapped in act(...).
      
      When testing, code that causes React state updates should be wrapped into act(...):
      
      act(() => {
        /* fire events that update state */
      });
      /* assert on the output */
      
      This ensures that you're testing the behavior the user would see in the browser. Learn more at https://react.dev/link/wrap-tests-with-act

    [0m [90m 373 |[39m       [36mreturn[39m[33m;[39m
     [90m 374 |[39m     }
    [31m[1m>[22m[39m[90m 375 |[39m     originalError[33m.[39mcall(console[33m,[39m [33m...[39margs)[33m;[39m
     [90m     |[39m                   [31m[1m^[22m[39m
     [90m 376 |[39m   }[33m;[39m
     [90m 377 |[39m })[33m;[39m
     [90m 378 |[39m[0m

      at console.call [as error] (jest.setup.js:375:19)
      at node_modules/.pnpm/react-dom@19.2.0_react@19.2.0/node_modules/react-dom/cjs/react-dom-client.development.js:18758:19
      at runWithFiberInDEV (node_modules/.pnpm/react-dom@19.2.0_react@19.2.0/node_modules/react-dom/cjs/react-dom-client.development.js:874:13)
      at warnIfUpdatesNotWrappedWithActDEV (node_modules/.pnpm/react-dom@19.2.0_react@19.2.0/node_modules/react-dom/cjs/react-dom-client.development.js:18757:9)
      at scheduleUpdateOnFiber (node_modules/.pnpm/react-dom@19.2.0_react@19.2.0/node_modules/react-dom/cjs/react-dom-client.development.js:16409:11)
      at dispatchSetStateInternal (node_modules/.pnpm/react-dom@19.2.0_react@19.2.0/node_modules/react-dom/cjs/react-dom-client.development.js:9170:13)
      at dispatchSetState (node_modules/.pnpm/react-dom@19.2.0_react@19.2.0/node_modules/react-dom/cjs/react-dom-client.development.js:9127:7)
      at setLoading (src/hooks/useAuth.ts:84:7)

    console.error
      An update to Home inside a test was not wrapped in act(...).
      
      When testing, code that causes React state updates should be wrapped into act(...):
      
      act(() => {
        /* fire events that update state */
      });
      /* assert on the output */
      
      This ensures that you're testing the behavior the user would see in the browser. Learn more at https://react.dev/link/wrap-tests-with-act

    [0m [90m 373 |[39m       [36mreturn[39m[33m;[39m
     [90m 374 |[39m     }
    [31m[1m>[22m[39m[90m 375 |[39m     originalError[33m.[39mcall(console[33m,[39m [33m...[39margs)[33m;[39m
     [90m     |[39m                   [31m[1m^[22m[39m
     [90m 376 |[39m   }[33m;[39m
     [90m 377 |[39m })[33m;[39m
     [90m 378 |[39m[0m

      at console.call [as error] (jest.setup.js:375:19)
      at node_modules/.pnpm/react-dom@19.2.0_react@19.2.0/node_modules/react-dom/cjs/react-dom-client.development.js:18758:19
      at runWithFiberInDEV (node_modules/.pnpm/react-dom@19.2.0_react@19.2.0/node_modules/react-dom/cjs/react-dom-client.development.js:874:13)
      at warnIfUpdatesNotWrappedWithActDEV (node_modules/.pnpm/react-dom@19.2.0_react@19.2.0/node_modules/react-dom/cjs/react-dom-client.development.js:18757:9)
      at scheduleUpdateOnFiber (node_modules/.pnpm/react-dom@19.2.0_react@19.2.0/node_modules/react-dom/cjs/react-dom-client.development.js:16409:11)
      at dispatchSetStateInternal (node_modules/.pnpm/react-dom@19.2.0_react@19.2.0/node_modules/react-dom/cjs/react-dom-client.development.js:9170:13)
      at dispatchSetState (node_modules/.pnpm/react-dom@19.2.0_react@19.2.0/node_modules/react-dom/cjs/react-dom-client.development.js:9127:7)
      at setLoading (src/hooks/useAuth.ts:84:7)

    console.error
      An update to AuthModal inside a test was not wrapped in act(...).
      
      When testing, code that causes React state updates should be wrapped into act(...):
      
      act(() => {
        /* fire events that update state */
      });
      /* assert on the output */
      
      This ensures that you're testing the behavior the user would see in the browser. Learn more at https://react.dev/link/wrap-tests-with-act

    [0m [90m 373 |[39m       [36mreturn[39m[33m;[39m
     [90m 374 |[39m     }
    [31m[1m>[22m[39m[90m 375 |[39m     originalError[33m.[39mcall(console[33m,[39m [33m...[39margs)[33m;[39m
     [90m     |[39m                   [31m[1m^[22m[39m
     [90m 376 |[39m   }[33m;[39m
     [90m 377 |[39m })[33m;[39m
     [90m 378 |[39m[0m

      at console.call [as error] (jest.setup.js:375:19)
      at node_modules/.pnpm/react-dom@19.2.0_react@19.2.0/node_modules/react-dom/cjs/react-dom-client.development.js:18758:19
      at runWithFiberInDEV (node_modules/.pnpm/react-dom@19.2.0_react@19.2.0/node_modules/react-dom/cjs/react-dom-client.development.js:874:13)
      at warnIfUpdatesNotWrappedWithActDEV (node_modules/.pnpm/react-dom@19.2.0_react@19.2.0/node_modules/react-dom/cjs/react-dom-client.development.js:18757:9)
      at scheduleUpdateOnFiber (node_modules/.pnpm/react-dom@19.2.0_react@19.2.0/node_modules/react-dom/cjs/react-dom-client.development.js:16409:11)
      at dispatchSetStateInternal (node_modules/.pnpm/react-dom@19.2.0_react@19.2.0/node_modules/react-dom/cjs/react-dom-client.development.js:9170:13)
      at dispatchSetState (node_modules/.pnpm/react-dom@19.2.0_react@19.2.0/node_modules/react-dom/cjs/react-dom-client.development.js:9127:7)
      at setLoading (src/hooks/useAuth.ts:84:7)

    console.error
      An update to Home inside a test was not wrapped in act(...).
      
      When testing, code that causes React state updates should be wrapped into act(...):
      
      act(() => {
        /* fire events that update state */
      });
      /* assert on the output */
      
      This ensures that you're testing the behavior the user would see in the browser. Learn more at https://react.dev/link/wrap-tests-with-act

    [0m [90m 373 |[39m       [36mreturn[39m[33m;[39m
     [90m 374 |[39m     }
    [31m[1m>[22m[39m[90m 375 |[39m     originalError[33m.[39mcall(console[33m,[39m [33m...[39margs)[33m;[39m
     [90m     |[39m                   [31m[1m^[22m[39m
     [90m 376 |[39m   }[33m;[39m
     [90m 377 |[39m })[33m;[39m
     [90m 378 |[39m[0m

      at console.call [as error] (jest.setup.js:375:19)
      at node_modules/.pnpm/react-dom@19.2.0_react@19.2.0/node_modules/react-dom/cjs/react-dom-client.development.js:18758:19
      at runWithFiberInDEV (node_modules/.pnpm/react-dom@19.2.0_react@19.2.0/node_modules/react-dom/cjs/react-dom-client.development.js:874:13)
      at warnIfUpdatesNotWrappedWithActDEV (node_modules/.pnpm/react-dom@19.2.0_react@19.2.0/node_modules/react-dom/cjs/react-dom-client.development.js:18757:9)
      at scheduleUpdateOnFiber (node_modules/.pnpm/react-dom@19.2.0_react@19.2.0/node_modules/react-dom/cjs/react-dom-client.development.js:16409:11)
      at dispatchSetStateInternal (node_modules/.pnpm/react-dom@19.2.0_react@19.2.0/node_modules/react-dom/cjs/react-dom-client.development.js:9170:13)
      at dispatchSetState (node_modules/.pnpm/react-dom@19.2.0_react@19.2.0/node_modules/react-dom/cjs/react-dom-client.development.js:9127:7)
      at setLoading (src/hooks/useAuth.ts:84:7)

    console.error
      An update to AuthModal inside a test was not wrapped in act(...).
      
      When testing, code that causes React state updates should be wrapped into act(...):
      
      act(() => {
        /* fire events that update state */
      });
      /* assert on the output */
      
      This ensures that you're testing the behavior the user would see in the browser. Learn more at https://react.dev/link/wrap-tests-with-act

    [0m [90m 373 |[39m       [36mreturn[39m[33m;[39m
     [90m 374 |[39m     }
    [31m[1m>[22m[39m[90m 375 |[39m     originalError[33m.[39mcall(console[33m,[39m [33m...[39margs)[33m;[39m
     [90m     |[39m                   [31m[1m^[22m[39m
     [90m 376 |[39m   }[33m;[39m
     [90m 377 |[39m })[33m;[39m
     [90m 378 |[39m[0m

      at console.call [as error] (jest.setup.js:375:19)
      at node_modules/.pnpm/react-dom@19.2.0_react@19.2.0/node_modules/react-dom/cjs/react-dom-client.development.js:18758:19
      at runWithFiberInDEV (node_modules/.pnpm/react-dom@19.2.0_react@19.2.0/node_modules/react-dom/cjs/react-dom-client.development.js:874:13)
      at warnIfUpdatesNotWrappedWithActDEV (node_modules/.pnpm/react-dom@19.2.0_react@19.2.0/node_modules/react-dom/cjs/react-dom-client.development.js:18757:9)
      at scheduleUpdateOnFiber (node_modules/.pnpm/react-dom@19.2.0_react@19.2.0/node_modules/react-dom/cjs/react-dom-client.development.js:16409:11)
      at dispatchSetStateInternal (node_modules/.pnpm/react-dom@19.2.0_react@19.2.0/node_modules/react-dom/cjs/react-dom-client.development.js:9170:13)
      at dispatchSetState (node_modules/.pnpm/react-dom@19.2.0_react@19.2.0/node_modules/react-dom/cjs/react-dom-client.development.js:9127:7)
      at setLoading (src/hooks/useAuth.ts:84:7)

    console.error
      An update to Home inside a test was not wrapped in act(...).
      
      When testing, code that causes React state updates should be wrapped into act(...):
      
      act(() => {
        /* fire events that update state */
      });
      /* assert on the output */
      
      This ensures that you're testing the behavior the user would see in the browser. Learn more at https://react.dev/link/wrap-tests-with-act

    [0m [90m 373 |[39m       [36mreturn[39m[33m;[39m
     [90m 374 |[39m     }
    [31m[1m>[22m[39m[90m 375 |[39m     originalError[33m.[39mcall(console[33m,[39m [33m...[39margs)[33m;[39m
     [90m     |[39m                   [31m[1m^[22m[39m
     [90m 376 |[39m   }[33m;[39m
     [90m 377 |[39m })[33m;[39m
     [90m 378 |[39m[0m

      at console.call [as error] (jest.setup.js:375:19)
      at node_modules/.pnpm/react-dom@19.2.0_react@19.2.0/node_modules/react-dom/cjs/react-dom-client.development.js:18758:19
      at runWithFiberInDEV (node_modules/.pnpm/react-dom@19.2.0_react@19.2.0/node_modules/react-dom/cjs/react-dom-client.development.js:874:13)
      at warnIfUpdatesNotWrappedWithActDEV (node_modules/.pnpm/react-dom@19.2.0_react@19.2.0/node_modules/react-dom/cjs/react-dom-client.development.js:18757:9)
      at scheduleUpdateOnFiber (node_modules/.pnpm/react-dom@19.2.0_react@19.2.0/node_modules/react-dom/cjs/react-dom-client.development.js:16409:11)
      at dispatchSetStateInternal (node_modules/.pnpm/react-dom@19.2.0_react@19.2.0/node_modules/react-dom/cjs/react-dom-client.development.js:9170:13)
      at dispatchSetState (node_modules/.pnpm/react-dom@19.2.0_react@19.2.0/node_modules/react-dom/cjs/react-dom-client.development.js:9127:7)
      at setLoading (src/hooks/useAuth.ts:84:7)

    console.error
      An update to AuthModal inside a test was not wrapped in act(...).
      
      When testing, code that causes React state updates should be wrapped into act(...):
      
      act(() => {
        /* fire events that update state */
      });
      /* assert on the output */
      
      This ensures that you're testing the behavior the user would see in the browser. Learn more at https://react.dev/link/wrap-tests-with-act

    [0m [90m 373 |[39m       [36mreturn[39m[33m;[39m
     [90m 374 |[39m     }
    [31m[1m>[22m[39m[90m 375 |[39m     originalError[33m.[39mcall(console[33m,[39m [33m...[39margs)[33m;[39m
     [90m     |[39m                   [31m[1m^[22m[39m
     [90m 376 |[39m   }[33m;[39m
     [90m 377 |[39m })[33m;[39m
     [90m 378 |[39m[0m

      at console.call [as error] (jest.setup.js:375:19)
      at node_modules/.pnpm/react-dom@19.2.0_react@19.2.0/node_modules/react-dom/cjs/react-dom-client.development.js:18758:19
      at runWithFiberInDEV (node_modules/.pnpm/react-dom@19.2.0_react@19.2.0/node_modules/react-dom/cjs/react-dom-client.development.js:874:13)
      at warnIfUpdatesNotWrappedWithActDEV (node_modules/.pnpm/react-dom@19.2.0_react@19.2.0/node_modules/react-dom/cjs/react-dom-client.development.js:18757:9)
      at scheduleUpdateOnFiber (node_modules/.pnpm/react-dom@19.2.0_react@19.2.0/node_modules/react-dom/cjs/react-dom-client.development.js:16409:11)
      at dispatchSetStateInternal (node_modules/.pnpm/react-dom@19.2.0_react@19.2.0/node_modules/react-dom/cjs/react-dom-client.development.js:9170:13)
      at dispatchSetState (node_modules/.pnpm/react-dom@19.2.0_react@19.2.0/node_modules/react-dom/cjs/react-dom-client.development.js:9127:7)
      at setLoading (src/hooks/useAuth.ts:84:7)

    console.error
      An update to Home inside a test was not wrapped in act(...).
      
      When testing, code that causes React state updates should be wrapped into act(...):
      
      act(() => {
        /* fire events that update state */
      });
      /* assert on the output */
      
      This ensures that you're testing the behavior the user would see in the browser. Learn more at https://react.dev/link/wrap-tests-with-act

    [0m [90m 373 |[39m       [36mreturn[39m[33m;[39m
     [90m 374 |[39m     }
    [31m[1m>[22m[39m[90m 375 |[39m     originalError[33m.[39mcall(console[33m,[39m [33m...[39margs)[33m;[39m
     [90m     |[39m                   [31m[1m^[22m[39m
     [90m 376 |[39m   }[33m;[39m
     [90m 377 |[39m })[33m;[39m
     [90m 378 |[39m[0m

      at console.call [as error] (jest.setup.js:375:19)
      at node_modules/.pnpm/react-dom@19.2.0_react@19.2.0/node_modules/react-dom/cjs/react-dom-client.development.js:18758:19
      at runWithFiberInDEV (node_modules/.pnpm/react-dom@19.2.0_react@19.2.0/node_modules/react-dom/cjs/react-dom-client.development.js:874:13)
      at warnIfUpdatesNotWrappedWithActDEV (node_modules/.pnpm/react-dom@19.2.0_react@19.2.0/node_modules/react-dom/cjs/react-dom-client.development.js:18757:9)
      at scheduleUpdateOnFiber (node_modules/.pnpm/react-dom@19.2.0_react@19.2.0/node_modules/react-dom/cjs/react-dom-client.development.js:16409:11)
      at dispatchSetStateInternal (node_modules/.pnpm/react-dom@19.2.0_react@19.2.0/node_modules/react-dom/cjs/react-dom-client.development.js:9170:13)
      at dispatchSetState (node_modules/.pnpm/react-dom@19.2.0_react@19.2.0/node_modules/react-dom/cjs/react-dom-client.development.js:9127:7)
      at setLoading (src/hooks/useAuth.ts:84:7)

    console.error
      An update to AuthModal inside a test was not wrapped in act(...).
      
      When testing, code that causes React state updates should be wrapped into act(...):
      
      act(() => {
        /* fire events that update state */
      });
      /* assert on the output */
      
      This ensures that you're testing the behavior the user would see in the browser. Learn more at https://react.dev/link/wrap-tests-with-act

    [0m [90m 373 |[39m       [36mreturn[39m[33m;[39m
     [90m 374 |[39m     }
    [31m[1m>[22m[39m[90m 375 |[39m     originalError[33m.[39mcall(console[33m,[39m [33m...[39margs)[33m;[39m
     [90m     |[39m                   [31m[1m^[22m[39m
     [90m 376 |[39m   }[33m;[39m
     [90m 377 |[39m })[33m;[39m
     [90m 378 |[39m[0m

      at console.call [as error] (jest.setup.js:375:19)
      at node_modules/.pnpm/react-dom@19.2.0_react@19.2.0/node_modules/react-dom/cjs/react-dom-client.development.js:18758:19
      at runWithFiberInDEV (node_modules/.pnpm/react-dom@19.2.0_react@19.2.0/node_modules/react-dom/cjs/react-dom-client.development.js:874:13)
      at warnIfUpdatesNotWrappedWithActDEV (node_modules/.pnpm/react-dom@19.2.0_react@19.2.0/node_modules/react-dom/cjs/react-dom-client.development.js:18757:9)
      at scheduleUpdateOnFiber (node_modules/.pnpm/react-dom@19.2.0_react@19.2.0/node_modules/react-dom/cjs/react-dom-client.development.js:16409:11)
      at dispatchSetStateInternal (node_modules/.pnpm/react-dom@19.2.0_react@19.2.0/node_modules/react-dom/cjs/react-dom-client.development.js:9170:13)
      at dispatchSetState (node_modules/.pnpm/react-dom@19.2.0_react@19.2.0/node_modules/react-dom/cjs/react-dom-client.development.js:9127:7)
      at setLoading (src/hooks/useAuth.ts:84:7)

    console.error
      An update to Home inside a test was not wrapped in act(...).
      
      When testing, code that causes React state updates should be wrapped into act(...):
      
      act(() => {
        /* fire events that update state */
      });
      /* assert on the output */
      
      This ensures that you're testing the behavior the user would see in the browser. Learn more at https://react.dev/link/wrap-tests-with-act

    [0m [90m 373 |[39m       [36mreturn[39m[33m;[39m
     [90m 374 |[39m     }
    [31m[1m>[22m[39m[90m 375 |[39m     originalError[33m.[39mcall(console[33m,[39m [33m...[39margs)[33m;[39m
     [90m     |[39m                   [31m[1m^[22m[39m
     [90m 376 |[39m   }[33m;[39m
     [90m 377 |[39m })[33m;[39m
     [90m 378 |[39m[0m

      at console.call [as error] (jest.setup.js:375:19)
      at node_modules/.pnpm/react-dom@19.2.0_react@19.2.0/node_modules/react-dom/cjs/react-dom-client.development.js:18758:19
      at runWithFiberInDEV (node_modules/.pnpm/react-dom@19.2.0_react@19.2.0/node_modules/react-dom/cjs/react-dom-client.development.js:874:13)
      at warnIfUpdatesNotWrappedWithActDEV (node_modules/.pnpm/react-dom@19.2.0_react@19.2.0/node_modules/react-dom/cjs/react-dom-client.development.js:18757:9)
      at scheduleUpdateOnFiber (node_modules/.pnpm/react-dom@19.2.0_react@19.2.0/node_modules/react-dom/cjs/react-dom-client.development.js:16409:11)
      at dispatchSetStateInternal (node_modules/.pnpm/react-dom@19.2.0_react@19.2.0/node_modules/react-dom/cjs/react-dom-client.development.js:9170:13)
      at dispatchSetState (node_modules/.pnpm/react-dom@19.2.0_react@19.2.0/node_modules/react-dom/cjs/react-dom-client.development.js:9127:7)
      at setLoading (src/hooks/useAuth.ts:84:7)

    console.error
      An update to AuthModal inside a test was not wrapped in act(...).
      
      When testing, code that causes React state updates should be wrapped into act(...):
      
      act(() => {
        /* fire events that update state */
      });
      /* assert on the output */
      
      This ensures that you're testing the behavior the user would see in the browser. Learn more at https://react.dev/link/wrap-tests-with-act

    [0m [90m 373 |[39m       [36mreturn[39m[33m;[39m
     [90m 374 |[39m     }
    [31m[1m>[22m[39m[90m 375 |[39m     originalError[33m.[39mcall(console[33m,[39m [33m...[39margs)[33m;[39m
     [90m     |[39m                   [31m[1m^[22m[39m
     [90m 376 |[39m   }[33m;[39m
     [90m 377 |[39m })[33m;[39m
     [90m 378 |[39m[0m

      at console.call [as error] (jest.setup.js:375:19)
      at node_modules/.pnpm/react-dom@19.2.0_react@19.2.0/node_modules/react-dom/cjs/react-dom-client.development.js:18758:19
      at runWithFiberInDEV (node_modules/.pnpm/react-dom@19.2.0_react@19.2.0/node_modules/react-dom/cjs/react-dom-client.development.js:874:13)
      at warnIfUpdatesNotWrappedWithActDEV (node_modules/.pnpm/react-dom@19.2.0_react@19.2.0/node_modules/react-dom/cjs/react-dom-client.development.js:18757:9)
      at scheduleUpdateOnFiber (node_modules/.pnpm/react-dom@19.2.0_react@19.2.0/node_modules/react-dom/cjs/react-dom-client.development.js:16409:11)
      at dispatchSetStateInternal (node_modules/.pnpm/react-dom@19.2.0_react@19.2.0/node_modules/react-dom/cjs/react-dom-client.development.js:9170:13)
      at dispatchSetState (node_modules/.pnpm/react-dom@19.2.0_react@19.2.0/node_modules/react-dom/cjs/react-dom-client.development.js:9127:7)
      at setLoading (src/hooks/useAuth.ts:84:7)

    console.error
      An update to Home inside a test was not wrapped in act(...).
      
      When testing, code that causes React state updates should be wrapped into act(...):
      
      act(() => {
        /* fire events that update state */
      });
      /* assert on the output */
      
      This ensures that you're testing the behavior the user would see in the browser. Learn more at https://react.dev/link/wrap-tests-with-act

    [0m [90m 373 |[39m       [36mreturn[39m[33m;[39m
     [90m 374 |[39m     }
    [31m[1m>[22m[39m[90m 375 |[39m     originalError[33m.[39mcall(console[33m,[39m [33m...[39margs)[33m;[39m
     [90m     |[39m                   [31m[1m^[22m[39m
     [90m 376 |[39m   }[33m;[39m
     [90m 377 |[39m })[33m;[39m
     [90m 378 |[39m[0m

      at console.call [as error] (jest.setup.js:375:19)
      at node_modules/.pnpm/react-dom@19.2.0_react@19.2.0/node_modules/react-dom/cjs/react-dom-client.development.js:18758:19
      at runWithFiberInDEV (node_modules/.pnpm/react-dom@19.2.0_react@19.2.0/node_modules/react-dom/cjs/react-dom-client.development.js:874:13)
      at warnIfUpdatesNotWrappedWithActDEV (node_modules/.pnpm/react-dom@19.2.0_react@19.2.0/node_modules/react-dom/cjs/react-dom-client.development.js:18757:9)
      at scheduleUpdateOnFiber (node_modules/.pnpm/react-dom@19.2.0_react@19.2.0/node_modules/react-dom/cjs/react-dom-client.development.js:16409:11)
      at dispatchSetStateInternal (node_modules/.pnpm/react-dom@19.2.0_react@19.2.0/node_modules/react-dom/cjs/react-dom-client.development.js:9170:13)
      at dispatchSetState (node_modules/.pnpm/react-dom@19.2.0_react@19.2.0/node_modules/react-dom/cjs/react-dom-client.development.js:9127:7)
      at setLoading (src/hooks/useAuth.ts:84:7)

    console.error
      An update to AuthModal inside a test was not wrapped in act(...).
      
      When testing, code that causes React state updates should be wrapped into act(...):
      
      act(() => {
        /* fire events that update state */
      });
      /* assert on the output */
      
      This ensures that you're testing the behavior the user would see in the browser. Learn more at https://react.dev/link/wrap-tests-with-act

    [0m [90m 373 |[39m       [36mreturn[39m[33m;[39m
     [90m 374 |[39m     }
    [31m[1m>[22m[39m[90m 375 |[39m     originalError[33m.[39mcall(console[33m,[39m [33m...[39margs)[33m;[39m
     [90m     |[39m                   [31m[1m^[22m[39m
     [90m 376 |[39m   }[33m;[39m
     [90m 377 |[39m })[33m;[39m
     [90m 378 |[39m[0m

      at console.call [as error] (jest.setup.js:375:19)
      at node_modules/.pnpm/react-dom@19.2.0_react@19.2.0/node_modules/react-dom/cjs/react-dom-client.development.js:18758:19
      at runWithFiberInDEV (node_modules/.pnpm/react-dom@19.2.0_react@19.2.0/node_modules/react-dom/cjs/react-dom-client.development.js:874:13)
      at warnIfUpdatesNotWrappedWithActDEV (node_modules/.pnpm/react-dom@19.2.0_react@19.2.0/node_modules/react-dom/cjs/react-dom-client.development.js:18757:9)
      at scheduleUpdateOnFiber (node_modules/.pnpm/react-dom@19.2.0_react@19.2.0/node_modules/react-dom/cjs/react-dom-client.development.js:16409:11)
      at dispatchSetStateInternal (node_modules/.pnpm/react-dom@19.2.0_react@19.2.0/node_modules/react-dom/cjs/react-dom-client.development.js:9170:13)
      at dispatchSetState (node_modules/.pnpm/react-dom@19.2.0_react@19.2.0/node_modules/react-dom/cjs/react-dom-client.development.js:9127:7)
      at setLoading (src/hooks/useAuth.ts:84:7)

    console.error
      An update to Home inside a test was not wrapped in act(...).
      
      When testing, code that causes React state updates should be wrapped into act(...):
      
      act(() => {
        /* fire events that update state */
      });
      /* assert on the output */
      
      This ensures that you're testing the behavior the user would see in the browser. Learn more at https://react.dev/link/wrap-tests-with-act

    [0m [90m 373 |[39m       [36mreturn[39m[33m;[39m
     [90m 374 |[39m     }
    [31m[1m>[22m[39m[90m 375 |[39m     originalError[33m.[39mcall(console[33m,[39m [33m...[39margs)[33m;[39m
     [90m     |[39m                   [31m[1m^[22m[39m
     [90m 376 |[39m   }[33m;[39m
     [90m 377 |[39m })[33m;[39m
     [90m 378 |[39m[0m

      at console.call [as error] (jest.setup.js:375:19)
      at node_modules/.pnpm/react-dom@19.2.0_react@19.2.0/node_modules/react-dom/cjs/react-dom-client.development.js:18758:19
      at runWithFiberInDEV (node_modules/.pnpm/react-dom@19.2.0_react@19.2.0/node_modules/react-dom/cjs/react-dom-client.development.js:874:13)
      at warnIfUpdatesNotWrappedWithActDEV (node_modules/.pnpm/react-dom@19.2.0_react@19.2.0/node_modules/react-dom/cjs/react-dom-client.development.js:18757:9)
      at scheduleUpdateOnFiber (node_modules/.pnpm/react-dom@19.2.0_react@19.2.0/node_modules/react-dom/cjs/react-dom-client.development.js:16409:11)
      at dispatchSetStateInternal (node_modules/.pnpm/react-dom@19.2.0_react@19.2.0/node_modules/react-dom/cjs/react-dom-client.development.js:9170:13)
      at dispatchSetState (node_modules/.pnpm/react-dom@19.2.0_react@19.2.0/node_modules/react-dom/cjs/react-dom-client.development.js:9127:7)
      at setLoading (src/hooks/useAuth.ts:84:7)

    console.error
      Error: Not implemented: HTMLCanvasElement.prototype.getContext (without installing the canvas npm package)
          at new Promise (<anonymous>)
          at Object.<anonymous> (D:\Repositories\meepleai-monorepo\apps\web\src\__tests__\pages\index.accessibility.test.tsx:167:30)
          at new Promise (<anonymous>) {
        type: 'not implemented'
      }

    [0m [90m 373 |[39m       [36mreturn[39m[33m;[39m
     [90m 374 |[39m     }
    [31m[1m>[22m[39m[90m 375 |[39m     originalError[33m.[39mcall(console[33m,[39m [33m...[39margs)[33m;[39m
     [90m     |[39m                   [31m[1m^[22m[39m
     [90m 376 |[39m   }[33m;[39m
     [90m 377 |[39m })[33m;[39m
     [90m 378 |[39m[0m

      at console.call [as error] (jest.setup.js:375:19)
      at VirtualConsole.<anonymous> (node_modules/.pnpm/@jest+environment-jsdom-abstract@30.2.0_jsdom@26.1.0/node_modules/@jest/environment-jsdom-abstract/build/index.js:87:23)
      at module.exports (node_modules/.pnpm/jsdom@26.1.0/node_modules/jsdom/lib/jsdom/browser/not-implemented.js:12:26)
      at HTMLCanvasElementImpl.getContext (node_modules/.pnpm/jsdom@26.1.0/node_modules/jsdom/lib/jsdom/living/nodes/HTMLCanvasElement-impl.js:42:5)
      at HTMLCanvasElement.getContext (node_modules/.pnpm/jsdom@26.1.0/node_modules/jsdom/lib/jsdom/living/generated/HTMLCanvasElement.js:131:58)
      at node_modules/.pnpm/axe-core@4.10.2/node_modules/axe-core/axe.js:13407:49
      at Object.get (node_modules/.pnpm/axe-core@4.10.2/node_modules/axe-core/axe.js:7719:23)
      at _isIconLigature (node_modules/.pnpm/axe-core@4.10.2/node_modules/axe-core/axe.js:13406:41)
      at node_modules/.pnpm/axe-core@4.10.2/node_modules/axe-core/axe.js:27313:54
          at Array.some (<anonymous>)
      at hasRealTextChildren (node_modules/.pnpm/axe-core@4.10.2/node_modules/axe-core/axe.js:27312:35)
      at Rule.colorContrastMatches [as matches] (node_modules/.pnpm/axe-core@4.10.2/node_modules/axe-core/axe.js:27277:12)
      at node_modules/.pnpm/axe-core@4.10.2/node_modules/axe-core/axe.js:27944:24
          at Array.filter (<anonymous>)
      at Rule.gatherAndMatchNodes (node_modules/.pnpm/axe-core@4.10.2/node_modules/axe-core/axe.js:27943:21)
      at Rule.run2 [as run] (node_modules/.pnpm/axe-core@4.10.2/node_modules/axe-core/axe.js:27794:22)
      at node_modules/.pnpm/axe-core@4.10.2/node_modules/axe-core/axe.js:28570:14
      at pop (node_modules/.pnpm/axe-core@4.10.2/node_modules/axe-core/axe.js:8169:18)
      at Object.defer (node_modules/.pnpm/axe-core@4.10.2/node_modules/axe-core/axe.js:8191:11)
      at node_modules/.pnpm/axe-core@4.10.2/node_modules/axe-core/axe.js:28284:27
          at Array.forEach (<anonymous>)
      at Audit.run (node_modules/.pnpm/axe-core@4.10.2/node_modules/axe-core/axe.js:28283:23)
      at node_modules/.pnpm/axe-core@4.10.2/node_modules/axe-core/axe.js:28652:15
      at pop (node_modules/.pnpm/axe-core@4.10.2/node_modules/axe-core/axe.js:8169:18)
      at Object.defer (node_modules/.pnpm/axe-core@4.10.2/node_modules/axe-core/axe.js:8191:11)
      at Object.runRules [as _runRules] (node_modules/.pnpm/axe-core@4.10.2/node_modules/axe-core/axe.js:28651:9)
      at Object.run4 [as run] (node_modules/.pnpm/axe-core@4.10.2/node_modules/axe-core/axe.js:28902:11)
      at Object.<anonymous> (src/__tests__/pages/index.accessibility.test.tsx:167:30)

    console.error
      An update to AuthModal inside a test was not wrapped in act(...).
      
      When testing, code that causes React state updates should be wrapped into act(...):
      
      act(() => {
        /* fire events that update state */
      });
      /* assert on the output */
      
      This ensures that you're testing the behavior the user would see in the browser. Learn more at https://react.dev/link/wrap-tests-with-act

    [0m [90m 373 |[39m       [36mreturn[39m[33m;[39m
     [90m 374 |[39m     }
    [31m[1m>[22m[39m[90m 375 |[39m     originalError[33m.[39mcall(console[33m,[39m [33m...[39margs)[33m;[39m
     [90m     |[39m                   [31m[1m^[22m[39m
     [90m 376 |[39m   }[33m;[39m
     [90m 377 |[39m })[33m;[39m
     [90m 378 |[39m[0m

      at console.call [as error] (jest.setup.js:375:19)
      at node_modules/.pnpm/react-dom@19.2.0_react@19.2.0/node_modules/react-dom/cjs/react-dom-client.development.js:18758:19
      at runWithFiberInDEV (node_modules/.pnpm/react-dom@19.2.0_react@19.2.0/node_modules/react-dom/cjs/react-dom-client.development.js:874:13)
      at warnIfUpdatesNotWrappedWithActDEV (node_modules/.pnpm/react-dom@19.2.0_react@19.2.0/node_modules/react-dom/cjs/react-dom-client.development.js:18757:9)
      at scheduleUpdateOnFiber (node_modules/.pnpm/react-dom@19.2.0_react@19.2.0/node_modules/react-dom/cjs/react-dom-client.development.js:16409:11)
      at dispatchSetStateInternal (node_modules/.pnpm/react-dom@19.2.0_react@19.2.0/node_modules/react-dom/cjs/react-dom-client.development.js:9170:13)
      at dispatchSetState (node_modules/.pnpm/react-dom@19.2.0_react@19.2.0/node_modules/react-dom/cjs/react-dom-client.development.js:9127:7)
      at setLoading (src/hooks/useAuth.ts:84:7)

    console.error
      An update to Home inside a test was not wrapped in act(...).
      
      When testing, code that causes React state updates should be wrapped into act(...):
      
      act(() => {
        /* fire events that update state */
      });
      /* assert on the output */
      
      This ensures that you're testing the behavior the user would see in the browser. Learn more at https://react.dev/link/wrap-tests-with-act

    [0m [90m 373 |[39m       [36mreturn[39m[33m;[39m
     [90m 374 |[39m     }
    [31m[1m>[22m[39m[90m 375 |[39m     originalError[33m.[39mcall(console[33m,[39m [33m...[39margs)[33m;[39m
     [90m     |[39m                   [31m[1m^[22m[39m
     [90m 376 |[39m   }[33m;[39m
     [90m 377 |[39m })[33m;[39m
     [90m 378 |[39m[0m

      at console.call [as error] (jest.setup.js:375:19)
      at node_modules/.pnpm/react-dom@19.2.0_react@19.2.0/node_modules/react-dom/cjs/react-dom-client.development.js:18758:19
      at runWithFiberInDEV (node_modules/.pnpm/react-dom@19.2.0_react@19.2.0/node_modules/react-dom/cjs/react-dom-client.development.js:874:13)
      at warnIfUpdatesNotWrappedWithActDEV (node_modules/.pnpm/react-dom@19.2.0_react@19.2.0/node_modules/react-dom/cjs/react-dom-client.development.js:18757:9)
      at scheduleUpdateOnFiber (node_modules/.pnpm/react-dom@19.2.0_react@19.2.0/node_modules/react-dom/cjs/react-dom-client.development.js:16409:11)
      at dispatchSetStateInternal (node_modules/.pnpm/react-dom@19.2.0_react@19.2.0/node_modules/react-dom/cjs/react-dom-client.development.js:9170:13)
      at dispatchSetState (node_modules/.pnpm/react-dom@19.2.0_react@19.2.0/node_modules/react-dom/cjs/react-dom-client.development.js:9127:7)
      at setLoading (src/hooks/useAuth.ts:84:7)

PASS src/__tests__/pages/upload.game-selection.test.tsx
  ● Console

    console.error
      Failed to create game ApiError: Database error
          at createApiError (D:\Repositories\meepleai-monorepo\apps\web\src\lib\api.ts:422:10)
          at Object.post (D:\Repositories\meepleai-monorepo\apps\web\src\lib\api.ts:451:13)
          at D:\Repositories\meepleai-monorepo\apps\web\src\hooks\wizard\useGames.ts:68:25
          at D:\Repositories\meepleai-monorepo\apps\web\src\pages\upload.tsx:102:21
          at handleCreate (D:\Repositories\meepleai-monorepo\apps\web\src\components\game\GamePicker.tsx:63:7) {
        statusCode: 500,
        correlationId: 'test-correlation-1763170547255',
        response: {
          ok: false,
          status: 500,
          statusText: 'Internal Server Error',
          headers: {
            get: [Function: get],
            has: [Function: has],
            forEach: [Function: forEach],
            entries: [Function: entries],
            keys: [Function: keys],
            values: [Function: values]
          },
          json: [Function: json]
        }
      }

    [0m [90m 373 |[39m       [36mreturn[39m[33m;[39m
     [90m 374 |[39m     }
    [31m[1m>[22m[39m[90m 375 |[39m     originalError[33m.[39mcall(console[33m,[39m [33m...[39margs)[33m;[39m
     [90m     |[39m                   [31m[1m^[22m[39m
     [90m 376 |[39m   }[33m;[39m
     [90m 377 |[39m })[33m;[39m
     [90m 378 |[39m[0m

      at console.call [as error] (jest.setup.js:375:19)
      at error (src/hooks/wizard/useGames.ts:74:17)
      at src/pages/upload.tsx:102:21
      at handleCreate (src/components/game/GamePicker.tsx:63:7)

PASS src/lib/hooks/__tests__/useChatStreaming.test.ts
PASS src/__tests__/components/chat/ChatProvider.test.tsx
  ● Console

    console.error
      An update to GameProvider inside a test was not wrapped in act(...).
      
      When testing, code that causes React state updates should be wrapped into act(...):
      
      act(() => {
        /* fire events that update state */
      });
      /* assert on the output */
      
      This ensures that you're testing the behavior the user would see in the browser. Learn more at https://react.dev/link/wrap-tests-with-act

    [0m [90m 373 |[39m       [36mreturn[39m[33m;[39m
     [90m 374 |[39m     }
    [31m[1m>[22m[39m[90m 375 |[39m     originalError[33m.[39mcall(console[33m,[39m [33m...[39margs)[33m;[39m
     [90m     |[39m                   [31m[1m^[22m[39m
     [90m 376 |[39m   }[33m;[39m
     [90m 377 |[39m })[33m;[39m
     [90m 378 |[39m[0m

      at console.call [as error] (jest.setup.js:375:19)
      at node_modules/.pnpm/react-dom@19.2.0_react@19.2.0/node_modules/react-dom/cjs/react-dom-client.development.js:18758:19
      at runWithFiberInDEV (node_modules/.pnpm/react-dom@19.2.0_react@19.2.0/node_modules/react-dom/cjs/react-dom-client.development.js:874:13)
      at warnIfUpdatesNotWrappedWithActDEV (node_modules/.pnpm/react-dom@19.2.0_react@19.2.0/node_modules/react-dom/cjs/react-dom-client.development.js:18757:9)
      at scheduleUpdateOnFiber (node_modules/.pnpm/react-dom@19.2.0_react@19.2.0/node_modules/react-dom/cjs/react-dom-client.development.js:16409:11)
      at dispatchSetStateInternal (node_modules/.pnpm/react-dom@19.2.0_react@19.2.0/node_modules/react-dom/cjs/react-dom-client.development.js:9170:13)
      at dispatchSetState (node_modules/.pnpm/react-dom@19.2.0_react@19.2.0/node_modules/react-dom/cjs/react-dom-client.development.js:9127:7)
      at setGames (src/components/game/GameProvider.tsx:84:7)

    console.error
      An update to GameProvider inside a test was not wrapped in act(...).
      
      When testing, code that causes React state updates should be wrapped into act(...):
      
      act(() => {
        /* fire events that update state */
      });
      /* assert on the output */
      
      This ensures that you're testing the behavior the user would see in the browser. Learn more at https://react.dev/link/wrap-tests-with-act

    [0m [90m 373 |[39m       [36mreturn[39m[33m;[39m
     [90m 374 |[39m     }
    [31m[1m>[22m[39m[90m 375 |[39m     originalError[33m.[39mcall(console[33m,[39m [33m...[39margs)[33m;[39m
     [90m     |[39m                   [31m[1m^[22m[39m
     [90m 376 |[39m   }[33m;[39m
     [90m 377 |[39m })[33m;[39m
     [90m 378 |[39m[0m

      at console.call [as error] (jest.setup.js:375:19)
      at node_modules/.pnpm/react-dom@19.2.0_react@19.2.0/node_modules/react-dom/cjs/react-dom-client.development.js:18758:19
      at runWithFiberInDEV (node_modules/.pnpm/react-dom@19.2.0_react@19.2.0/node_modules/react-dom/cjs/react-dom-client.development.js:874:13)
      at warnIfUpdatesNotWrappedWithActDEV (node_modules/.pnpm/react-dom@19.2.0_react@19.2.0/node_modules/react-dom/cjs/react-dom-client.development.js:18757:9)
      at scheduleUpdateOnFiber (node_modules/.pnpm/react-dom@19.2.0_react@19.2.0/node_modules/react-dom/cjs/react-dom-client.development.js:16409:11)
      at dispatchSetStateInternal (node_modules/.pnpm/react-dom@19.2.0_react@19.2.0/node_modules/react-dom/cjs/react-dom-client.development.js:9170:13)
      at dispatchSetState (node_modules/.pnpm/react-dom@19.2.0_react@19.2.0/node_modules/react-dom/cjs/react-dom-client.development.js:9127:7)
      at setSelectedGameId (src/components/game/GameProvider.tsx:88:7)

    console.error
      An update to GameProvider inside a test was not wrapped in act(...).
      
      When testing, code that causes React state updates should be wrapped into act(...):
      
      act(() => {
        /* fire events that update state */
      });
      /* assert on the output */
      
      This ensures that you're testing the behavior the user would see in the browser. Learn more at https://react.dev/link/wrap-tests-with-act

    [0m [90m 373 |[39m       [36mreturn[39m[33m;[39m
     [90m 374 |[39m     }
    [31m[1m>[22m[39m[90m 375 |[39m     originalError[33m.[39mcall(console[33m,[39m [33m...[39margs)[33m;[39m
     [90m     |[39m                   [31m[1m^[22m[39m
     [90m 376 |[39m   }[33m;[39m
     [90m 377 |[39m })[33m;[39m
     [90m 378 |[39m[0m

      at console.call [as error] (jest.setup.js:375:19)
      at node_modules/.pnpm/react-dom@19.2.0_react@19.2.0/node_modules/react-dom/cjs/react-dom-client.development.js:18758:19
      at runWithFiberInDEV (node_modules/.pnpm/react-dom@19.2.0_react@19.2.0/node_modules/react-dom/cjs/react-dom-client.development.js:874:13)
      at warnIfUpdatesNotWrappedWithActDEV (node_modules/.pnpm/react-dom@19.2.0_react@19.2.0/node_modules/react-dom/cjs/react-dom-client.development.js:18757:9)
      at scheduleUpdateOnFiber (node_modules/.pnpm/react-dom@19.2.0_react@19.2.0/node_modules/react-dom/cjs/react-dom-client.development.js:16409:11)
      at dispatchSetStateInternal (node_modules/.pnpm/react-dom@19.2.0_react@19.2.0/node_modules/react-dom/cjs/react-dom-client.development.js:9170:13)
      at dispatchSetState (node_modules/.pnpm/react-dom@19.2.0_react@19.2.0/node_modules/react-dom/cjs/react-dom-client.development.js:9127:7)
      at setLoading (src/components/game/GameProvider.tsx:99:7)

    console.error
      An update to AuthProvider inside a test was not wrapped in act(...).
      
      When testing, code that causes React state updates should be wrapped into act(...):
      
      act(() => {
        /* fire events that update state */
      });
      /* assert on the output */
      
      This ensures that you're testing the behavior the user would see in the browser. Learn more at https://react.dev/link/wrap-tests-with-act

    [0m [90m 373 |[39m       [36mreturn[39m[33m;[39m
     [90m 374 |[39m     }
    [31m[1m>[22m[39m[90m 375 |[39m     originalError[33m.[39mcall(console[33m,[39m [33m...[39margs)[33m;[39m
     [90m     |[39m                   [31m[1m^[22m[39m
     [90m 376 |[39m   }[33m;[39m
     [90m 377 |[39m })[33m;[39m
     [90m 378 |[39m[0m

      at console.call [as error] (jest.setup.js:375:19)
      at node_modules/.pnpm/react-dom@19.2.0_react@19.2.0/node_modules/react-dom/cjs/react-dom-client.development.js:18758:19
      at runWithFiberInDEV (node_modules/.pnpm/react-dom@19.2.0_react@19.2.0/node_modules/react-dom/cjs/react-dom-client.development.js:874:13)
      at warnIfUpdatesNotWrappedWithActDEV (node_modules/.pnpm/react-dom@19.2.0_react@19.2.0/node_modules/react-dom/cjs/react-dom-client.development.js:18757:9)
      at scheduleUpdateOnFiber (node_modules/.pnpm/react-dom@19.2.0_react@19.2.0/node_modules/react-dom/cjs/react-dom-client.development.js:16409:11)
      at dispatchSetStateInternal (node_modules/.pnpm/react-dom@19.2.0_react@19.2.0/node_modules/react-dom/cjs/react-dom-client.development.js:9170:13)
      at dispatchSetState (node_modules/.pnpm/react-dom@19.2.0_react@19.2.0/node_modules/react-dom/cjs/react-dom-client.development.js:9127:7)
      at setLoading (src/components/auth/AuthProvider.tsx:72:7)

    console.error
      An update to GameProvider inside a test was not wrapped in act(...).
      
      When testing, code that causes React state updates should be wrapped into act(...):
      
      act(() => {
        /* fire events that update state */
      });
      /* assert on the output */
      
      This ensures that you're testing the behavior the user would see in the browser. Learn more at https://react.dev/link/wrap-tests-with-act

    [0m [90m 373 |[39m       [36mreturn[39m[33m;[39m
     [90m 374 |[39m     }
    [31m[1m>[22m[39m[90m 375 |[39m     originalError[33m.[39mcall(console[33m,[39m [33m...[39margs)[33m;[39m
     [90m     |[39m                   [31m[1m^[22m[39m
     [90m 376 |[39m   }[33m;[39m
     [90m 377 |[39m })[33m;[39m
     [90m 378 |[39m[0m

      at console.call [as error] (jest.setup.js:375:19)
      at node_modules/.pnpm/react-dom@19.2.0_react@19.2.0/node_modules/react-dom/cjs/react-dom-client.development.js:18758:19
      at runWithFiberInDEV (node_modules/.pnpm/react-dom@19.2.0_react@19.2.0/node_modules/react-dom/cjs/react-dom-client.development.js:874:13)
      at warnIfUpdatesNotWrappedWithActDEV (node_modules/.pnpm/react-dom@19.2.0_react@19.2.0/node_modules/react-dom/cjs/react-dom-client.development.js:18757:9)
      at scheduleUpdateOnFiber (node_modules/.pnpm/react-dom@19.2.0_react@19.2.0/node_modules/react-dom/cjs/react-dom-client.development.js:16409:11)
      at dispatchSetStateInternal (node_modules/.pnpm/react-dom@19.2.0_react@19.2.0/node_modules/react-dom/cjs/react-dom-client.development.js:9170:13)
      at dispatchSetState (node_modules/.pnpm/react-dom@19.2.0_react@19.2.0/node_modules/react-dom/cjs/react-dom-client.development.js:9127:7)
      at setGames (src/components/game/GameProvider.tsx:84:7)

    console.error
      An update to GameProvider inside a test was not wrapped in act(...).
      
      When testing, code that causes React state updates should be wrapped into act(...):
      
      act(() => {
        /* fire events that update state */
      });
      /* assert on the output */
      
      This ensures that you're testing the behavior the user would see in the browser. Learn more at https://react.dev/link/wrap-tests-with-act

    [0m [90m 373 |[39m       [36mreturn[39m[33m;[39m
     [90m 374 |[39m     }
    [31m[1m>[22m[39m[90m 375 |[39m     originalError[33m.[39mcall(console[33m,[39m [33m...[39margs)[33m;[39m
     [90m     |[39m                   [31m[1m^[22m[39m
     [90m 376 |[39m   }[33m;[39m
     [90m 377 |[39m })[33m;[39m
     [90m 378 |[39m[0m

      at console.call [as error] (jest.setup.js:375:19)
      at node_modules/.pnpm/react-dom@19.2.0_react@19.2.0/node_modules/react-dom/cjs/react-dom-client.development.js:18758:19
      at runWithFiberInDEV (node_modules/.pnpm/react-dom@19.2.0_react@19.2.0/node_modules/react-dom/cjs/react-dom-client.development.js:874:13)
      at warnIfUpdatesNotWrappedWithActDEV (node_modules/.pnpm/react-dom@19.2.0_react@19.2.0/node_modules/react-dom/cjs/react-dom-client.development.js:18757:9)
      at scheduleUpdateOnFiber (node_modules/.pnpm/react-dom@19.2.0_react@19.2.0/node_modules/react-dom/cjs/react-dom-client.development.js:16409:11)
      at dispatchSetStateInternal (node_modules/.pnpm/react-dom@19.2.0_react@19.2.0/node_modules/react-dom/cjs/react-dom-client.development.js:9170:13)
      at dispatchSetState (node_modules/.pnpm/react-dom@19.2.0_react@19.2.0/node_modules/react-dom/cjs/react-dom-client.development.js:9127:7)
      at setSelectedGameId (src/components/game/GameProvider.tsx:88:7)

    console.error
      An update to GameProvider inside a test was not wrapped in act(...).
      
      When testing, code that causes React state updates should be wrapped into act(...):
      
      act(() => {
        /* fire events that update state */
      });
      /* assert on the output */
      
      This ensures that you're testing the behavior the user would see in the browser. Learn more at https://react.dev/link/wrap-tests-with-act

    [0m [90m 373 |[39m       [36mreturn[39m[33m;[39m
     [90m 374 |[39m     }
    [31m[1m>[22m[39m[90m 375 |[39m     originalError[33m.[39mcall(console[33m,[39m [33m...[39margs)[33m;[39m
     [90m     |[39m                   [31m[1m^[22m[39m
     [90m 376 |[39m   }[33m;[39m
     [90m 377 |[39m })[33m;[39m
     [90m 378 |[39m[0m

      at console.call [as error] (jest.setup.js:375:19)
      at node_modules/.pnpm/react-dom@19.2.0_react@19.2.0/node_modules/react-dom/cjs/react-dom-client.development.js:18758:19
      at runWithFiberInDEV (node_modules/.pnpm/react-dom@19.2.0_react@19.2.0/node_modules/react-dom/cjs/react-dom-client.development.js:874:13)
      at warnIfUpdatesNotWrappedWithActDEV (node_modules/.pnpm/react-dom@19.2.0_react@19.2.0/node_modules/react-dom/cjs/react-dom-client.development.js:18757:9)
      at scheduleUpdateOnFiber (node_modules/.pnpm/react-dom@19.2.0_react@19.2.0/node_modules/react-dom/cjs/react-dom-client.development.js:16409:11)
      at dispatchSetStateInternal (node_modules/.pnpm/react-dom@19.2.0_react@19.2.0/node_modules/react-dom/cjs/react-dom-client.development.js:9170:13)
      at dispatchSetState (node_modules/.pnpm/react-dom@19.2.0_react@19.2.0/node_modules/react-dom/cjs/react-dom-client.development.js:9127:7)
      at setLoading (src/components/game/GameProvider.tsx:99:7)

    console.error
      An update to AuthProvider inside a test was not wrapped in act(...).
      
      When testing, code that causes React state updates should be wrapped into act(...):
      
      act(() => {
        /* fire events that update state */
      });
      /* assert on the output */
      
      This ensures that you're testing the behavior the user would see in the browser. Learn more at https://react.dev/link/wrap-tests-with-act

    [0m [90m 373 |[39m       [36mreturn[39m[33m;[39m
     [90m 374 |[39m     }
    [31m[1m>[22m[39m[90m 375 |[39m     originalError[33m.[39mcall(console[33m,[39m [33m...[39margs)[33m;[39m
     [90m     |[39m                   [31m[1m^[22m[39m
     [90m 376 |[39m   }[33m;[39m
     [90m 377 |[39m })[33m;[39m
     [90m 378 |[39m[0m

      at console.call [as error] (jest.setup.js:375:19)
      at node_modules/.pnpm/react-dom@19.2.0_react@19.2.0/node_modules/react-dom/cjs/react-dom-client.development.js:18758:19
      at runWithFiberInDEV (node_modules/.pnpm/react-dom@19.2.0_react@19.2.0/node_modules/react-dom/cjs/react-dom-client.development.js:874:13)
      at warnIfUpdatesNotWrappedWithActDEV (node_modules/.pnpm/react-dom@19.2.0_react@19.2.0/node_modules/react-dom/cjs/react-dom-client.development.js:18757:9)
      at scheduleUpdateOnFiber (node_modules/.pnpm/react-dom@19.2.0_react@19.2.0/node_modules/react-dom/cjs/react-dom-client.development.js:16409:11)
      at dispatchSetStateInternal (node_modules/.pnpm/react-dom@19.2.0_react@19.2.0/node_modules/react-dom/cjs/react-dom-client.development.js:9170:13)
      at dispatchSetState (node_modules/.pnpm/react-dom@19.2.0_react@19.2.0/node_modules/react-dom/cjs/react-dom-client.development.js:9127:7)
      at setLoading (src/components/auth/AuthProvider.tsx:72:7)

    console.error
      An update to GameProvider inside a test was not wrapped in act(...).
      
      When testing, code that causes React state updates should be wrapped into act(...):
      
      act(() => {
        /* fire events that update state */
      });
      /* assert on the output */
      
      This ensures that you're testing the behavior the user would see in the browser. Learn more at https://react.dev/link/wrap-tests-with-act

    [0m [90m 373 |[39m       [36mreturn[39m[33m;[39m
     [90m 374 |[39m     }
    [31m[1m>[22m[39m[90m 375 |[39m     originalError[33m.[39mcall(console[33m,[39m [33m...[39margs)[33m;[39m
     [90m     |[39m                   [31m[1m^[22m[39m
     [90m 376 |[39m   }[33m;[39m
     [90m 377 |[39m })[33m;[39m
     [90m 378 |[39m[0m

      at console.call [as error] (jest.setup.js:375:19)
      at node_modules/.pnpm/react-dom@19.2.0_react@19.2.0/node_modules/react-dom/cjs/react-dom-client.development.js:18758:19
      at runWithFiberInDEV (node_modules/.pnpm/react-dom@19.2.0_react@19.2.0/node_modules/react-dom/cjs/react-dom-client.development.js:874:13)
      at warnIfUpdatesNotWrappedWithActDEV (node_modules/.pnpm/react-dom@19.2.0_react@19.2.0/node_modules/react-dom/cjs/react-dom-client.development.js:18757:9)
      at scheduleUpdateOnFiber (node_modules/.pnpm/react-dom@19.2.0_react@19.2.0/node_modules/react-dom/cjs/react-dom-client.development.js:16409:11)
      at dispatchSetStateInternal (node_modules/.pnpm/react-dom@19.2.0_react@19.2.0/node_modules/react-dom/cjs/react-dom-client.development.js:9170:13)
      at dispatchSetState (node_modules/.pnpm/react-dom@19.2.0_react@19.2.0/node_modules/react-dom/cjs/react-dom-client.development.js:9127:7)
      at setGames (src/components/game/GameProvider.tsx:84:7)

    console.error
      An update to GameProvider inside a test was not wrapped in act(...).
      
      When testing, code that causes React state updates should be wrapped into act(...):
      
      act(() => {
        /* fire events that update state */
      });
      /* assert on the output */
      
      This ensures that you're testing the behavior the user would see in the browser. Learn more at https://react.dev/link/wrap-tests-with-act

    [0m [90m 373 |[39m       [36mreturn[39m[33m;[39m
     [90m 374 |[39m     }
    [31m[1m>[22m[39m[90m 375 |[39m     originalError[33m.[39mcall(console[33m,[39m [33m...[39margs)[33m;[39m
     [90m     |[39m                   [31m[1m^[22m[39m
     [90m 376 |[39m   }[33m;[39m
     [90m 377 |[39m })[33m;[39m
     [90m 378 |[39m[0m

      at console.call [as error] (jest.setup.js:375:19)
      at node_modules/.pnpm/react-dom@19.2.0_react@19.2.0/node_modules/react-dom/cjs/react-dom-client.development.js:18758:19
      at runWithFiberInDEV (node_modules/.pnpm/react-dom@19.2.0_react@19.2.0/node_modules/react-dom/cjs/react-dom-client.development.js:874:13)
      at warnIfUpdatesNotWrappedWithActDEV (node_modules/.pnpm/react-dom@19.2.0_react@19.2.0/node_modules/react-dom/cjs/react-dom-client.development.js:18757:9)
      at scheduleUpdateOnFiber (node_modules/.pnpm/react-dom@19.2.0_react@19.2.0/node_modules/react-dom/cjs/react-dom-client.development.js:16409:11)
      at dispatchSetStateInternal (node_modules/.pnpm/react-dom@19.2.0_react@19.2.0/node_modules/react-dom/cjs/react-dom-client.development.js:9170:13)
      at dispatchSetState (node_modules/.pnpm/react-dom@19.2.0_react@19.2.0/node_modules/react-dom/cjs/react-dom-client.development.js:9127:7)
      at setSelectedGameId (src/components/game/GameProvider.tsx:88:7)

    console.error
      An update to GameProvider inside a test was not wrapped in act(...).
      
      When testing, code that causes React state updates should be wrapped into act(...):
      
      act(() => {
        /* fire events that update state */
      });
      /* assert on the output */
      
      This ensures that you're testing the behavior the user would see in the browser. Learn more at https://react.dev/link/wrap-tests-with-act

    [0m [90m 373 |[39m       [36mreturn[39m[33m;[39m
     [90m 374 |[39m     }
    [31m[1m>[22m[39m[90m 375 |[39m     originalError[33m.[39mcall(console[33m,[39m [33m...[39margs)[33m;[39m
     [90m     |[39m                   [31m[1m^[22m[39m
     [90m 376 |[39m   }[33m;[39m
     [90m 377 |[39m })[33m;[39m
     [90m 378 |[39m[0m

      at console.call [as error] (jest.setup.js:375:19)
      at node_modules/.pnpm/react-dom@19.2.0_react@19.2.0/node_modules/react-dom/cjs/react-dom-client.development.js:18758:19
      at runWithFiberInDEV (node_modules/.pnpm/react-dom@19.2.0_react@19.2.0/node_modules/react-dom/cjs/react-dom-client.development.js:874:13)
      at warnIfUpdatesNotWrappedWithActDEV (node_modules/.pnpm/react-dom@19.2.0_react@19.2.0/node_modules/react-dom/cjs/react-dom-client.development.js:18757:9)
      at scheduleUpdateOnFiber (node_modules/.pnpm/react-dom@19.2.0_react@19.2.0/node_modules/react-dom/cjs/react-dom-client.development.js:16409:11)
      at dispatchSetStateInternal (node_modules/.pnpm/react-dom@19.2.0_react@19.2.0/node_modules/react-dom/cjs/react-dom-client.development.js:9170:13)
      at dispatchSetState (node_modules/.pnpm/react-dom@19.2.0_react@19.2.0/node_modules/react-dom/cjs/react-dom-client.development.js:9127:7)
      at setLoading (src/components/game/GameProvider.tsx:99:7)

    console.error
      An update to AuthProvider inside a test was not wrapped in act(...).
      
      When testing, code that causes React state updates should be wrapped into act(...):
      
      act(() => {
        /* fire events that update state */
      });
      /* assert on the output */
      
      This ensures that you're testing the behavior the user would see in the browser. Learn more at https://react.dev/link/wrap-tests-with-act

    [0m [90m 373 |[39m       [36mreturn[39m[33m;[39m
     [90m 374 |[39m     }
    [31m[1m>[22m[39m[90m 375 |[39m     originalError[33m.[39mcall(console[33m,[39m [33m...[39margs)[33m;[39m
     [90m     |[39m                   [31m[1m^[22m[39m
     [90m 376 |[39m   }[33m;[39m
     [90m 377 |[39m })[33m;[39m
     [90m 378 |[39m[0m

      at console.call [as error] (jest.setup.js:375:19)
      at node_modules/.pnpm/react-dom@19.2.0_react@19.2.0/node_modules/react-dom/cjs/react-dom-client.development.js:18758:19
      at runWithFiberInDEV (node_modules/.pnpm/react-dom@19.2.0_react@19.2.0/node_modules/react-dom/cjs/react-dom-client.development.js:874:13)
      at warnIfUpdatesNotWrappedWithActDEV (node_modules/.pnpm/react-dom@19.2.0_react@19.2.0/node_modules/react-dom/cjs/react-dom-client.development.js:18757:9)
      at scheduleUpdateOnFiber (node_modules/.pnpm/react-dom@19.2.0_react@19.2.0/node_modules/react-dom/cjs/react-dom-client.development.js:16409:11)
      at dispatchSetStateInternal (node_modules/.pnpm/react-dom@19.2.0_react@19.2.0/node_modules/react-dom/cjs/react-dom-client.development.js:9170:13)
      at dispatchSetState (node_modules/.pnpm/react-dom@19.2.0_react@19.2.0/node_modules/react-dom/cjs/react-dom-client.development.js:9127:7)
      at setLoading (src/components/auth/AuthProvider.tsx:72:7)

    console.error
      An update to GameProvider inside a test was not wrapped in act(...).
      
      When testing, code that causes React state updates should be wrapped into act(...):
      
      act(() => {
        /* fire events that update state */
      });
      /* assert on the output */
      
      This ensures that you're testing the behavior the user would see in the browser. Learn more at https://react.dev/link/wrap-tests-with-act

    [0m [90m 373 |[39m       [36mreturn[39m[33m;[39m
     [90m 374 |[39m     }
    [31m[1m>[22m[39m[90m 375 |[39m     originalError[33m.[39mcall(console[33m,[39m [33m...[39margs)[33m;[39m
     [90m     |[39m                   [31m[1m^[22m[39m
     [90m 376 |[39m   }[33m;[39m
     [90m 377 |[39m })[33m;[39m
     [90m 378 |[39m[0m

      at console.call [as error] (jest.setup.js:375:19)
      at node_modules/.pnpm/react-dom@19.2.0_react@19.2.0/node_modules/react-dom/cjs/react-dom-client.development.js:18758:19
      at runWithFiberInDEV (node_modules/.pnpm/react-dom@19.2.0_react@19.2.0/node_modules/react-dom/cjs/react-dom-client.development.js:874:13)
      at warnIfUpdatesNotWrappedWithActDEV (node_modules/.pnpm/react-dom@19.2.0_react@19.2.0/node_modules/react-dom/cjs/react-dom-client.development.js:18757:9)
      at scheduleUpdateOnFiber (node_modules/.pnpm/react-dom@19.2.0_react@19.2.0/node_modules/react-dom/cjs/react-dom-client.development.js:16409:11)
      at dispatchSetStateInternal (node_modules/.pnpm/react-dom@19.2.0_react@19.2.0/node_modules/react-dom/cjs/react-dom-client.development.js:9170:13)
      at dispatchSetState (node_modules/.pnpm/react-dom@19.2.0_react@19.2.0/node_modules/react-dom/cjs/react-dom-client.development.js:9127:7)
      at setGames (src/components/game/GameProvider.tsx:84:7)

    console.error
      An update to GameProvider inside a test was not wrapped in act(...).
      
      When testing, code that causes React state updates should be wrapped into act(...):
      
      act(() => {
        /* fire events that update state */
      });
      /* assert on the output */
      
      This ensures that you're testing the behavior the user would see in the browser. Learn more at https://react.dev/link/wrap-tests-with-act

    [0m [90m 373 |[39m       [36mreturn[39m[33m;[39m
     [90m 374 |[39m     }
    [31m[1m>[22m[39m[90m 375 |[39m     originalError[33m.[39mcall(console[33m,[39m [33m...[39margs)[33m;[39m
     [90m     |[39m                   [31m[1m^[22m[39m
     [90m 376 |[39m   }[33m;[39m
     [90m 377 |[39m })[33m;[39m
     [90m 378 |[39m[0m

      at console.call [as error] (jest.setup.js:375:19)
      at node_modules/.pnpm/react-dom@19.2.0_react@19.2.0/node_modules/react-dom/cjs/react-dom-client.development.js:18758:19
      at runWithFiberInDEV (node_modules/.pnpm/react-dom@19.2.0_react@19.2.0/node_modules/react-dom/cjs/react-dom-client.development.js:874:13)
      at warnIfUpdatesNotWrappedWithActDEV (node_modules/.pnpm/react-dom@19.2.0_react@19.2.0/node_modules/react-dom/cjs/react-dom-client.development.js:18757:9)
      at scheduleUpdateOnFiber (node_modules/.pnpm/react-dom@19.2.0_react@19.2.0/node_modules/react-dom/cjs/react-dom-client.development.js:16409:11)
      at dispatchSetStateInternal (node_modules/.pnpm/react-dom@19.2.0_react@19.2.0/node_modules/react-dom/cjs/react-dom-client.development.js:9170:13)
      at dispatchSetState (node_modules/.pnpm/react-dom@19.2.0_react@19.2.0/node_modules/react-dom/cjs/react-dom-client.development.js:9127:7)
      at setSelectedGameId (src/components/game/GameProvider.tsx:88:7)

    console.error
      An update to GameProvider inside a test was not wrapped in act(...).
      
      When testing, code that causes React state updates should be wrapped into act(...):
      
      act(() => {
        /* fire events that update state */
      });
      /* assert on the output */
      
      This ensures that you're testing the behavior the user would see in the browser. Learn more at https://react.dev/link/wrap-tests-with-act

    [0m [90m 373 |[39m       [36mreturn[39m[33m;[39m
     [90m 374 |[39m     }
    [31m[1m>[22m[39m[90m 375 |[39m     originalError[33m.[39mcall(console[33m,[39m [33m...[39margs)[33m;[39m
     [90m     |[39m                   [31m[1m^[22m[39m
     [90m 376 |[39m   }[33m;[39m
     [90m 377 |[39m })[33m;[39m
     [90m 378 |[39m[0m

      at console.call [as error] (jest.setup.js:375:19)
      at node_modules/.pnpm/react-dom@19.2.0_react@19.2.0/node_modules/react-dom/cjs/react-dom-client.development.js:18758:19
      at runWithFiberInDEV (node_modules/.pnpm/react-dom@19.2.0_react@19.2.0/node_modules/react-dom/cjs/react-dom-client.development.js:874:13)
      at warnIfUpdatesNotWrappedWithActDEV (node_modules/.pnpm/react-dom@19.2.0_react@19.2.0/node_modules/react-dom/cjs/react-dom-client.development.js:18757:9)
      at scheduleUpdateOnFiber (node_modules/.pnpm/react-dom@19.2.0_react@19.2.0/node_modules/react-dom/cjs/react-dom-client.development.js:16409:11)
      at dispatchSetStateInternal (node_modules/.pnpm/react-dom@19.2.0_react@19.2.0/node_modules/react-dom/cjs/react-dom-client.development.js:9170:13)
      at dispatchSetState (node_modules/.pnpm/react-dom@19.2.0_react@19.2.0/node_modules/react-dom/cjs/react-dom-client.development.js:9127:7)
      at setLoading (src/components/game/GameProvider.tsx:99:7)

    console.error
      An update to AuthProvider inside a test was not wrapped in act(...).
      
      When testing, code that causes React state updates should be wrapped into act(...):
      
      act(() => {
        /* fire events that update state */
      });
      /* assert on the output */
      
      This ensures that you're testing the behavior the user would see in the browser. Learn more at https://react.dev/link/wrap-tests-with-act

    [0m [90m 373 |[39m       [36mreturn[39m[33m;[39m
     [90m 374 |[39m     }
    [31m[1m>[22m[39m[90m 375 |[39m     originalError[33m.[39mcall(console[33m,[39m [33m...[39margs)[33m;[39m
     [90m     |[39m                   [31m[1m^[22m[39m
     [90m 376 |[39m   }[33m;[39m
     [90m 377 |[39m })[33m;[39m
     [90m 378 |[39m[0m

      at console.call [as error] (jest.setup.js:375:19)
      at node_modules/.pnpm/react-dom@19.2.0_react@19.2.0/node_modules/react-dom/cjs/react-dom-client.development.js:18758:19
      at runWithFiberInDEV (node_modules/.pnpm/react-dom@19.2.0_react@19.2.0/node_modules/react-dom/cjs/react-dom-client.development.js:874:13)
      at warnIfUpdatesNotWrappedWithActDEV (node_modules/.pnpm/react-dom@19.2.0_react@19.2.0/node_modules/react-dom/cjs/react-dom-client.development.js:18757:9)
      at scheduleUpdateOnFiber (node_modules/.pnpm/react-dom@19.2.0_react@19.2.0/node_modules/react-dom/cjs/react-dom-client.development.js:16409:11)
      at dispatchSetStateInternal (node_modules/.pnpm/react-dom@19.2.0_react@19.2.0/node_modules/react-dom/cjs/react-dom-client.development.js:9170:13)
      at dispatchSetState (node_modules/.pnpm/react-dom@19.2.0_react@19.2.0/node_modules/react-dom/cjs/react-dom-client.development.js:9127:7)
      at setLoading (src/components/auth/AuthProvider.tsx:72:7)

    console.error
      Failed to send message: Error: Network error
          at Object.<anonymous> (D:\Repositories\meepleai-monorepo\apps\web\src\__tests__\components\chat\ChatProvider.test.tsx:550:52)
          at Promise.finally.completed (D:\Repositories\meepleai-monorepo\apps\web\node_modules\.pnpm\jest-circus@30.2.0\node_modules\jest-circus\build\jestAdapterInit.js:1557:28)
          at new Promise (<anonymous>)
          at callAsyncCircusFn (D:\Repositories\meepleai-monorepo\apps\web\node_modules\.pnpm\jest-circus@30.2.0\node_modules\jest-circus\build\jestAdapterInit.js:1497:10)
          at _callCircusTest (D:\Repositories\meepleai-monorepo\apps\web\node_modules\.pnpm\jest-circus@30.2.0\node_modules\jest-circus\build\jestAdapterInit.js:1007:40)
          at _runTest (D:\Repositories\meepleai-monorepo\apps\web\node_modules\.pnpm\jest-circus@30.2.0\node_modules\jest-circus\build\jestAdapterInit.js:947:3)
          at D:\Repositories\meepleai-monorepo\apps\web\node_modules\.pnpm\jest-circus@30.2.0\node_modules\jest-circus\build\jestAdapterInit.js:849:7
          at _runTestsForDescribeBlock (D:\Repositories\meepleai-monorepo\apps\web\node_modules\.pnpm\jest-circus@30.2.0\node_modules\jest-circus\build\jestAdapterInit.js:862:11)
          at _runTestsForDescribeBlock (D:\Repositories\meepleai-monorepo\apps\web\node_modules\.pnpm\jest-circus@30.2.0\node_modules\jest-circus\build\jestAdapterInit.js:857:11)
          at _runTestsForDescribeBlock (D:\Repositories\meepleai-monorepo\apps\web\node_modules\.pnpm\jest-circus@30.2.0\node_modules\jest-circus\build\jestAdapterInit.js:857:11)
          at run (D:\Repositories\meepleai-monorepo\apps\web\node_modules\.pnpm\jest-circus@30.2.0\node_modules\jest-circus\build\jestAdapterInit.js:761:3)
          at runAndTransformResultsToJestFormat (D:\Repositories\meepleai-monorepo\apps\web\node_modules\.pnpm\jest-circus@30.2.0\node_modules\jest-circus\build\jestAdapterInit.js:1918:21)
          at jestAdapter (D:\Repositories\meepleai-monorepo\apps\web\node_modules\.pnpm\jest-circus@30.2.0\node_modules\jest-circus\build\runner.js:101:19)
          at runTestInternal (D:\Repositories\meepleai-monorepo\apps\web\node_modules\.pnpm\jest-runner@30.2.0\node_modules\jest-runner\build\testWorker.js:275:16)
          at runTest (D:\Repositories\meepleai-monorepo\apps\web\node_modules\.pnpm\jest-runner@30.2.0\node_modules\jest-runner\build\testWorker.js:343:7)
          at Object.worker (D:\Repositories\meepleai-monorepo\apps\web\node_modules\.pnpm\jest-runner@30.2.0\node_modules\jest-runner\build\testWorker.js:497:12)

    [0m [90m 373 |[39m       [36mreturn[39m[33m;[39m
     [90m 374 |[39m     }
    [31m[1m>[22m[39m[90m 375 |[39m     originalError[33m.[39mcall(console[33m,[39m [33m...[39margs)[33m;[39m
     [90m     |[39m                   [31m[1m^[22m[39m
     [90m 376 |[39m   }[33m;[39m
     [90m 377 |[39m })[33m;[39m
     [90m 378 |[39m[0m

      at console.call [as error] (jest.setup.js:375:19)
      at Object.error [as sendMessage] (src/components/chat/ChatProvider.tsx:448:17)
      at src/__tests__/components/chat/ChatProvider.test.tsx:564:9

    console.error
      Failed to load current user: Error: Unauthorized
          at Object.<anonymous> (D:\Repositories\meepleai-monorepo\apps\web\src\__tests__\components\chat\ChatProvider.test.tsx:843:17)
          at D:\Repositories\meepleai-monorepo\apps\web\node_modules\.pnpm\jest-mock@30.2.0\node_modules\jest-mock\build\index.js:305:39
          at Object.<anonymous> (D:\Repositories\meepleai-monorepo\apps\web\node_modules\.pnpm\jest-mock@30.2.0\node_modules\jest-mock\build\index.js:312:13)
          at Object.mockConstructor [as get] (D:\Repositories\meepleai-monorepo\apps\web\node_modules\.pnpm\jest-mock@30.2.0\node_modules\jest-mock\build\index.js:102:19)
          at get (D:\Repositories\meepleai-monorepo\apps\web\src\components\auth\AuthProvider.tsx:66:29)
          at loadCurrentUser (D:\Repositories\meepleai-monorepo\apps\web\src\components\auth\AuthProvider.tsx:59:10)
          at Object.react_stack_bottom_frame (D:\Repositories\meepleai-monorepo\apps\web\node_modules\.pnpm\react-dom@19.2.0_react@19.2.0\node_modules\react-dom\cjs\react-dom-client.development.js:25989:20)
          at runWithFiberInDEV (D:\Repositories\meepleai-monorepo\apps\web\node_modules\.pnpm\react-dom@19.2.0_react@19.2.0\node_modules\react-dom\cjs\react-dom-client.development.js:874:13)
          at commitHookEffectListMount (D:\Repositories\meepleai-monorepo\apps\web\node_modules\.pnpm\react-dom@19.2.0_react@19.2.0\node_modules\react-dom\cjs\react-dom-client.development.js:13249:29)
          at commitHookPassiveMountEffects (D:\Repositories\meepleai-monorepo\apps\web\node_modules\.pnpm\react-dom@19.2.0_react@19.2.0\node_modules\react-dom\cjs\react-dom-client.development.js:13336:11)
          at commitPassiveMountOnFiber (D:\Repositories\meepleai-monorepo\apps\web\node_modules\.pnpm\react-dom@19.2.0_react@19.2.0\node_modules\react-dom\cjs\react-dom-client.development.js:15484:13)
          at recursivelyTraversePassiveMountEffects (D:\Repositories\meepleai-monorepo\apps\web\node_modules\.pnpm\react-dom@19.2.0_react@19.2.0\node_modules\react-dom\cjs\react-dom-client.development.js:15439:11)
          at commitPassiveMountOnFiber (D:\Repositories\meepleai-monorepo\apps\web\node_modules\.pnpm\react-dom@19.2.0_react@19.2.0\node_modules\react-dom\cjs\react-dom-client.development.js:15476:11)
          at recursivelyTraversePassiveMountEffects (D:\Repositories\meepleai-monorepo\apps\web\node_modules\.pnpm\react-dom@19.2.0_react@19.2.0\node_modules\react-dom\cjs\react-dom-client.development.js:15439:11)
          at commitPassiveMountOnFiber (D:\Repositories\meepleai-monorepo\apps\web\node_modules\.pnpm\react-dom@19.2.0_react@19.2.0\node_modules\react-dom\cjs\react-dom-client.development.js:15519:11)
          at flushPassiveEffects (D:\Repositories\meepleai-monorepo\apps\web\node_modules\.pnpm\react-dom@19.2.0_react@19.2.0\node_modules\react-dom\cjs\react-dom-client.development.js:18432:9)
          at D:\Repositories\meepleai-monorepo\apps\web\node_modules\.pnpm\react-dom@19.2.0_react@19.2.0\node_modules\react-dom\cjs\react-dom-client.development.js:17923:15
          at flushActQueue (D:\Repositories\meepleai-monorepo\apps\web\node_modules\.pnpm\react@19.2.0\node_modules\react\cjs\react.development.js:590:34)
          at process.env.NODE_ENV.exports.act (D:\Repositories\meepleai-monorepo\apps\web\node_modules\.pnpm\react@19.2.0\node_modules\react\cjs\react.development.js:884:10)
          at D:\Repositories\meepleai-monorepo\apps\web\node_modules\.pnpm\@testing-library+react@16.3_15d474de7481bb0af842c1b1705139a8\node_modules\@testing-library\react\dist\act-compat.js:47:25
          at renderRoot (D:\Repositories\meepleai-monorepo\apps\web\node_modules\.pnpm\@testing-library+react@16.3_15d474de7481bb0af842c1b1705139a8\node_modules\@testing-library\react\dist\pure.js:190:26)
          at render (D:\Repositories\meepleai-monorepo\apps\web\node_modules\.pnpm\@testing-library+react@16.3_15d474de7481bb0af842c1b1705139a8\node_modules\@testing-library\react\dist\pure.js:292:10)
          at renderHook (D:\Repositories\meepleai-monorepo\apps\web\node_modules\.pnpm\@testing-library+react@16.3_15d474de7481bb0af842c1b1705139a8\node_modules\@testing-library\react\dist\pure.js:340:7)
          at Object.<anonymous> (D:\Repositories\meepleai-monorepo\apps\web\src\__tests__\components\chat\ChatProvider.test.tsx:851:36)
          at Promise.finally.completed (D:\Repositories\meepleai-monorepo\apps\web\node_modules\.pnpm\jest-circus@30.2.0\node_modules\jest-circus\build\jestAdapterInit.js:1557:28)
          at new Promise (<anonymous>)
          at callAsyncCircusFn (D:\Repositories\meepleai-monorepo\apps\web\node_modules\.pnpm\jest-circus@30.2.0\node_modules\jest-circus\build\jestAdapterInit.js:1497:10)
          at _callCircusTest (D:\Repositories\meepleai-monorepo\apps\web\node_modules\.pnpm\jest-circus@30.2.0\node_modules\jest-circus\build\jestAdapterInit.js:1007:40)
          at _runTest (D:\Repositories\meepleai-monorepo\apps\web\node_modules\.pnpm\jest-circus@30.2.0\node_modules\jest-circus\build\jestAdapterInit.js:947:3)
          at D:\Repositories\meepleai-monorepo\apps\web\node_modules\.pnpm\jest-circus@30.2.0\node_modules\jest-circus\build\jestAdapterInit.js:849:7
          at _runTestsForDescribeBlock (D:\Repositories\meepleai-monorepo\apps\web\node_modules\.pnpm\jest-circus@30.2.0\node_modules\jest-circus\build\jestAdapterInit.js:862:11)
          at _runTestsForDescribeBlock (D:\Repositories\meepleai-monorepo\apps\web\node_modules\.pnpm\jest-circus@30.2.0\node_modules\jest-circus\build\jestAdapterInit.js:857:11)
          at _runTestsForDescribeBlock (D:\Repositories\meepleai-monorepo\apps\web\node_modules\.pnpm\jest-circus@30.2.0\node_modules\jest-circus\build\jestAdapterInit.js:857:11)
          at run (D:\Repositories\meepleai-monorepo\apps\web\node_modules\.pnpm\jest-circus@30.2.0\node_modules\jest-circus\build\jestAdapterInit.js:761:3)
          at runAndTransformResultsToJestFormat (D:\Repositories\meepleai-monorepo\apps\web\node_modules\.pnpm\jest-circus@30.2.0\node_modules\jest-circus\build\jestAdapterInit.js:1918:21)
          at jestAdapter (D:\Repositories\meepleai-monorepo\apps\web\node_modules\.pnpm\jest-circus@30.2.0\node_modules\jest-circus\build\runner.js:101:19)
          at runTestInternal (D:\Repositories\meepleai-monorepo\apps\web\node_modules\.pnpm\jest-runner@30.2.0\node_modules\jest-runner\build\testWorker.js:275:16)
          at runTest (D:\Repositories\meepleai-monorepo\apps\web\node_modules\.pnpm\jest-runner@30.2.0\node_modules\jest-runner\build\testWorker.js:343:7)
          at Object.worker (D:\Repositories\meepleai-monorepo\apps\web\node_modules\.pnpm\jest-runner@30.2.0\node_modules\jest-runner\build\testWorker.js:497:12)

    [0m [90m 373 |[39m       [36mreturn[39m[33m;[39m
     [90m 374 |[39m     }
    [31m[1m>[22m[39m[90m 375 |[39m     originalError[33m.[39mcall(console[33m,[39m [33m...[39margs)[33m;[39m
     [90m     |[39m                   [31m[1m^[22m[39m
     [90m 376 |[39m   }[33m;[39m
     [90m 377 |[39m })[33m;[39m
     [90m 378 |[39m[0m

      at console.call [as error] (jest.setup.js:375:19)
      at error (src/components/auth/AuthProvider.tsx:69:15)

    console.error
      Failed to create chat thread: Error: Server error
          at Object.<anonymous> (D:\Repositories\meepleai-monorepo\apps\web\src\__tests__\components\chat\ChatProvider.test.tsx:964:56)

    [0m [90m 373 |[39m       [36mreturn[39m[33m;[39m
     [90m 374 |[39m     }
    [31m[1m>[22m[39m[90m 375 |[39m     originalError[33m.[39mcall(console[33m,[39m [33m...[39margs)[33m;[39m
     [90m     |[39m                   [31m[1m^[22m[39m
     [90m 376 |[39m   }[33m;[39m
     [90m 377 |[39m })[33m;[39m
     [90m 378 |[39m[0m

      at console.call [as error] (jest.setup.js:375:19)
      at Object.error [as createChat] (src/components/chat/ChatProvider.tsx:315:15)
      at src/__tests__/components/chat/ChatProvider.test.tsx:967:9

    console.error
      Failed to set feedback: Error: Network error
          at Object.<anonymous> (D:\Repositories\meepleai-monorepo\apps\web\src\__tests__\components\chat\ChatProvider.test.tsx:1233:42)

    [0m [90m 373 |[39m       [36mreturn[39m[33m;[39m
     [90m 374 |[39m     }
    [31m[1m>[22m[39m[90m 375 |[39m     originalError[33m.[39mcall(console[33m,[39m [33m...[39margs)[33m;[39m
     [90m     |[39m                   [31m[1m^[22m[39m
     [90m 376 |[39m   }[33m;[39m
     [90m 377 |[39m })[33m;[39m
     [90m 378 |[39m[0m

      at console.call [as error] (jest.setup.js:375:19)
      at Object.error [as setMessageFeedback] (src/components/chat/ChatProvider.tsx:545:17)
      at src/__tests__/components/chat/ChatProvider.test.tsx:1236:9

    console.error
      Failed to load agents: Error: Network error
          at Object.<anonymous> (D:\Repositories\meepleai-monorepo\apps\web\src\__tests__\components\chat\ChatProvider.test.tsx:1344:17)
          at D:\Repositories\meepleai-monorepo\apps\web\node_modules\.pnpm\jest-mock@30.2.0\node_modules\jest-mock\build\index.js:305:39
          at Object.<anonymous> (D:\Repositories\meepleai-monorepo\apps\web\node_modules\.pnpm\jest-mock@30.2.0\node_modules\jest-mock\build\index.js:312:13)
          at Object.mockConstructor [as get] (D:\Repositories\meepleai-monorepo\apps\web\node_modules\.pnpm\jest-mock@30.2.0\node_modules\jest-mock\build\index.js:102:19)
          at get (D:\Repositories\meepleai-monorepo\apps\web\src\components\game\GameProvider.tsx:107:36)
          at loadAgents (D:\Repositories\meepleai-monorepo\apps\web\src\components\game\GameProvider.tsx:134:12)
          at Object.react_stack_bottom_frame (D:\Repositories\meepleai-monorepo\apps\web\node_modules\.pnpm\react-dom@19.2.0_react@19.2.0\node_modules\react-dom\cjs\react-dom-client.development.js:25989:20)
          at runWithFiberInDEV (D:\Repositories\meepleai-monorepo\apps\web\node_modules\.pnpm\react-dom@19.2.0_react@19.2.0\node_modules\react-dom\cjs\react-dom-client.development.js:874:13)
          at commitHookEffectListMount (D:\Repositories\meepleai-monorepo\apps\web\node_modules\.pnpm\react-dom@19.2.0_react@19.2.0\node_modules\react-dom\cjs\react-dom-client.development.js:13249:29)
          at commitHookPassiveMountEffects (D:\Repositories\meepleai-monorepo\apps\web\node_modules\.pnpm\react-dom@19.2.0_react@19.2.0\node_modules\react-dom\cjs\react-dom-client.development.js:13336:11)
          at commitPassiveMountOnFiber (D:\Repositories\meepleai-monorepo\apps\web\node_modules\.pnpm\react-dom@19.2.0_react@19.2.0\node_modules\react-dom\cjs\react-dom-client.development.js:15484:13)
          at recursivelyTraversePassiveMountEffects (D:\Repositories\meepleai-monorepo\apps\web\node_modules\.pnpm\react-dom@19.2.0_react@19.2.0\node_modules\react-dom\cjs\react-dom-client.development.js:15439:11)
          at commitPassiveMountOnFiber (D:\Repositories\meepleai-monorepo\apps\web\node_modules\.pnpm\react-dom@19.2.0_react@19.2.0\node_modules\react-dom\cjs\react-dom-client.development.js:15718:11)
          at recursivelyTraversePassiveMountEffects (D:\Repositories\meepleai-monorepo\apps\web\node_modules\.pnpm\react-dom@19.2.0_react@19.2.0\node_modules\react-dom\cjs\react-dom-client.development.js:15439:11)
          at commitPassiveMountOnFiber (D:\Repositories\meepleai-monorepo\apps\web\node_modules\.pnpm\react-dom@19.2.0_react@19.2.0\node_modules\react-dom\cjs\react-dom-client.development.js:15476:11)
          at recursivelyTraversePassiveMountEffects (D:\Repositories\meepleai-monorepo\apps\web\node_modules\.pnpm\react-dom@19.2.0_react@19.2.0\node_modules\react-dom\cjs\react-dom-client.development.js:15439:11)
          at commitPassiveMountOnFiber (D:\Repositories\meepleai-monorepo\apps\web\node_modules\.pnpm\react-dom@19.2.0_react@19.2.0\node_modules\react-dom\cjs\react-dom-client.development.js:15476:11)
          at recursivelyTraversePassiveMountEffects (D:\Repositories\meepleai-monorepo\apps\web\node_modules\.pnpm\react-dom@19.2.0_react@19.2.0\node_modules\react-dom\cjs\react-dom-client.development.js:15439:11)
          at commitPassiveMountOnFiber (D:\Repositories\meepleai-monorepo\apps\web\node_modules\.pnpm\react-dom@19.2.0_react@19.2.0\node_modules\react-dom\cjs\react-dom-client.development.js:15519:11)
          at flushPassiveEffects (D:\Repositories\meepleai-monorepo\apps\web\node_modules\.pnpm\react-dom@19.2.0_react@19.2.0\node_modules\react-dom\cjs\react-dom-client.development.js:18432:9)
          at D:\Repositories\meepleai-monorepo\apps\web\node_modules\.pnpm\react-dom@19.2.0_react@19.2.0\node_modules\react-dom\cjs\react-dom-client.development.js:17923:15
          at flushActQueue (D:\Repositories\meepleai-monorepo\apps\web\node_modules\.pnpm\react@19.2.0\node_modules\react\cjs\react.development.js:590:34)
          at D:\Repositories\meepleai-monorepo\apps\web\node_modules\.pnpm\react@19.2.0\node_modules\react\cjs\react.development.js:847:21

    [0m [90m 373 |[39m       [36mreturn[39m[33m;[39m
     [90m 374 |[39m     }
    [31m[1m>[22m[39m[90m 375 |[39m     originalError[33m.[39mcall(console[33m,[39m [33m...[39margs)[33m;[39m
     [90m     |[39m                   [31m[1m^[22m[39m
     [90m 376 |[39m   }[33m;[39m
     [90m 377 |[39m })[33m;[39m
     [90m 378 |[39m[0m

      at console.call [as error] (jest.setup.js:375:19)
      at error (src/components/game/GameProvider.tsx:117:15)

    console.error
      Failed to load messages: Error: Network error
          at Object.<anonymous> (D:\Repositories\meepleai-monorepo\apps\web\src\__tests__\components\chat\ChatProvider.test.tsx:1470:53)

    [0m [90m 373 |[39m       [36mreturn[39m[33m;[39m
     [90m 374 |[39m     }
    [31m[1m>[22m[39m[90m 375 |[39m     originalError[33m.[39mcall(console[33m,[39m [33m...[39margs)[33m;[39m
     [90m     |[39m                   [31m[1m^[22m[39m
     [90m 376 |[39m   }[33m;[39m
     [90m 377 |[39m })[33m;[39m
     [90m 378 |[39m[0m

      at console.call [as error] (jest.setup.js:375:19)
      at error (src/components/chat/ChatProvider.tsx:251:15)
      at Object.selectChat (src/components/chat/ChatProvider.tsx:375:7)
      at src/__tests__/components/chat/ChatProvider.test.tsx:1473:9

    console.error
      Failed to load messages: Error: Network error
          at Object.<anonymous> (D:\Repositories\meepleai-monorepo\apps\web\src\__tests__\components\chat\ChatProvider.test.tsx:1470:53)

    [0m [90m 373 |[39m       [36mreturn[39m[33m;[39m
     [90m 374 |[39m     }
    [31m[1m>[22m[39m[90m 375 |[39m     originalError[33m.[39mcall(console[33m,[39m [33m...[39margs)[33m;[39m
     [90m     |[39m                   [31m[1m^[22m[39m
     [90m 376 |[39m   }[33m;[39m
     [90m 377 |[39m })[33m;[39m
     [90m 378 |[39m[0m

      at console.call [as error] (jest.setup.js:375:19)
      at error (src/components/chat/ChatProvider.tsx:251:15)

    console.error
      Failed to edit message: Error: Network error
          at Object.<anonymous> (D:\Repositories\meepleai-monorepo\apps\web\src\__tests__\components\chat\ChatProvider.test.tsx:1740:52)
          at Promise.finally.completed (D:\Repositories\meepleai-monorepo\apps\web\node_modules\.pnpm\jest-circus@30.2.0\node_modules\jest-circus\build\jestAdapterInit.js:1557:28)
          at new Promise (<anonymous>)
          at callAsyncCircusFn (D:\Repositories\meepleai-monorepo\apps\web\node_modules\.pnpm\jest-circus@30.2.0\node_modules\jest-circus\build\jestAdapterInit.js:1497:10)
          at _callCircusTest (D:\Repositories\meepleai-monorepo\apps\web\node_modules\.pnpm\jest-circus@30.2.0\node_modules\jest-circus\build\jestAdapterInit.js:1007:40)
          at _runTest (D:\Repositories\meepleai-monorepo\apps\web\node_modules\.pnpm\jest-circus@30.2.0\node_modules\jest-circus\build\jestAdapterInit.js:947:3)
          at D:\Repositories\meepleai-monorepo\apps\web\node_modules\.pnpm\jest-circus@30.2.0\node_modules\jest-circus\build\jestAdapterInit.js:849:7
          at _runTestsForDescribeBlock (D:\Repositories\meepleai-monorepo\apps\web\node_modules\.pnpm\jest-circus@30.2.0\node_modules\jest-circus\build\jestAdapterInit.js:862:11)
          at _runTestsForDescribeBlock (D:\Repositories\meepleai-monorepo\apps\web\node_modules\.pnpm\jest-circus@30.2.0\node_modules\jest-circus\build\jestAdapterInit.js:857:11)
          at _runTestsForDescribeBlock (D:\Repositories\meepleai-monorepo\apps\web\node_modules\.pnpm\jest-circus@30.2.0\node_modules\jest-circus\build\jestAdapterInit.js:857:11)
          at run (D:\Repositories\meepleai-monorepo\apps\web\node_modules\.pnpm\jest-circus@30.2.0\node_modules\jest-circus\build\jestAdapterInit.js:761:3)
          at runAndTransformResultsToJestFormat (D:\Repositories\meepleai-monorepo\apps\web\node_modules\.pnpm\jest-circus@30.2.0\node_modules\jest-circus\build\jestAdapterInit.js:1918:21)
          at jestAdapter (D:\Repositories\meepleai-monorepo\apps\web\node_modules\.pnpm\jest-circus@30.2.0\node_modules\jest-circus\build\runner.js:101:19)
          at runTestInternal (D:\Repositories\meepleai-monorepo\apps\web\node_modules\.pnpm\jest-runner@30.2.0\node_modules\jest-runner\build\testWorker.js:275:16)
          at runTest (D:\Repositories\meepleai-monorepo\apps\web\node_modules\.pnpm\jest-runner@30.2.0\node_modules\jest-runner\build\testWorker.js:343:7)
          at Object.worker (D:\Repositories\meepleai-monorepo\apps\web\node_modules\.pnpm\jest-runner@30.2.0\node_modules\jest-runner\build\testWorker.js:497:12)

    [0m [90m 373 |[39m       [36mreturn[39m[33m;[39m
     [90m 374 |[39m     }
    [31m[1m>[22m[39m[90m 375 |[39m     originalError[33m.[39mcall(console[33m,[39m [33m...[39margs)[33m;[39m
     [90m     |[39m                   [31m[1m^[22m[39m
     [90m 376 |[39m   }[33m;[39m
     [90m 377 |[39m })[33m;[39m
     [90m 378 |[39m[0m

      at console.call [as error] (jest.setup.js:375:19)
      at error (src/components/chat/ChatProvider.tsx:481:17)
      at Object.saveEdit (src/components/ui/UIProvider.tsx:77:7)
      at Object.saveEdit (src/hooks/useChatContext.ts:138:9)
      at src/__tests__/components/chat/ChatProvider.test.tsx:1765:9

    console.error
      Failed to delete message: Error: Network error
          at Object.<anonymous> (D:\Repositories\meepleai-monorepo\apps\web\src\__tests__\components\chat\ChatProvider.test.tsx:1845:52)
          at Promise.finally.completed (D:\Repositories\meepleai-monorepo\apps\web\node_modules\.pnpm\jest-circus@30.2.0\node_modules\jest-circus\build\jestAdapterInit.js:1557:28)
          at new Promise (<anonymous>)
          at callAsyncCircusFn (D:\Repositories\meepleai-monorepo\apps\web\node_modules\.pnpm\jest-circus@30.2.0\node_modules\jest-circus\build\jestAdapterInit.js:1497:10)
          at _callCircusTest (D:\Repositories\meepleai-monorepo\apps\web\node_modules\.pnpm\jest-circus@30.2.0\node_modules\jest-circus\build\jestAdapterInit.js:1007:40)
          at _runTest (D:\Repositories\meepleai-monorepo\apps\web\node_modules\.pnpm\jest-circus@30.2.0\node_modules\jest-circus\build\jestAdapterInit.js:947:3)
          at D:\Repositories\meepleai-monorepo\apps\web\node_modules\.pnpm\jest-circus@30.2.0\node_modules\jest-circus\build\jestAdapterInit.js:849:7
          at _runTestsForDescribeBlock (D:\Repositories\meepleai-monorepo\apps\web\node_modules\.pnpm\jest-circus@30.2.0\node_modules\jest-circus\build\jestAdapterInit.js:862:11)
          at _runTestsForDescribeBlock (D:\Repositories\meepleai-monorepo\apps\web\node_modules\.pnpm\jest-circus@30.2.0\node_modules\jest-circus\build\jestAdapterInit.js:857:11)
          at _runTestsForDescribeBlock (D:\Repositories\meepleai-monorepo\apps\web\node_modules\.pnpm\jest-circus@30.2.0\node_modules\jest-circus\build\jestAdapterInit.js:857:11)
          at run (D:\Repositories\meepleai-monorepo\apps\web\node_modules\.pnpm\jest-circus@30.2.0\node_modules\jest-circus\build\jestAdapterInit.js:761:3)
          at runAndTransformResultsToJestFormat (D:\Repositories\meepleai-monorepo\apps\web\node_modules\.pnpm\jest-circus@30.2.0\node_modules\jest-circus\build\jestAdapterInit.js:1918:21)
          at jestAdapter (D:\Repositories\meepleai-monorepo\apps\web\node_modules\.pnpm\jest-circus@30.2.0\node_modules\jest-circus\build\runner.js:101:19)
          at runTestInternal (D:\Repositories\meepleai-monorepo\apps\web\node_modules\.pnpm\jest-runner@30.2.0\node_modules\jest-runner\build\testWorker.js:275:16)
          at runTest (D:\Repositories\meepleai-monorepo\apps\web\node_modules\.pnpm\jest-runner@30.2.0\node_modules\jest-runner\build\testWorker.js:343:7)
          at Object.worker (D:\Repositories\meepleai-monorepo\apps\web\node_modules\.pnpm\jest-runner@30.2.0\node_modules\jest-runner\build\testWorker.js:497:12)

    [0m [90m 373 |[39m       [36mreturn[39m[33m;[39m
     [90m 374 |[39m     }
    [31m[1m>[22m[39m[90m 375 |[39m     originalError[33m.[39mcall(console[33m,[39m [33m...[39margs)[33m;[39m
     [90m     |[39m                   [31m[1m^[22m[39m
     [90m 376 |[39m   }[33m;[39m
     [90m 377 |[39m })[33m;[39m
     [90m 378 |[39m[0m

      at console.call [as error] (jest.setup.js:375:19)
      at Object.error [as deleteMessage] (src/components/chat/ChatProvider.tsx:504:17)
      at src/__tests__/components/chat/ChatProvider.test.tsx:1863:9

    console.error
      An update to GameProvider inside a test was not wrapped in act(...).
      
      When testing, code that causes React state updates should be wrapped into act(...):
      
      act(() => {
        /* fire events that update state */
      });
      /* assert on the output */
      
      This ensures that you're testing the behavior the user would see in the browser. Learn more at https://react.dev/link/wrap-tests-with-act

    [0m [90m 373 |[39m       [36mreturn[39m[33m;[39m
     [90m 374 |[39m     }
    [31m[1m>[22m[39m[90m 375 |[39m     originalError[33m.[39mcall(console[33m,[39m [33m...[39margs)[33m;[39m
     [90m     |[39m                   [31m[1m^[22m[39m
     [90m 376 |[39m   }[33m;[39m
     [90m 377 |[39m })[33m;[39m
     [90m 378 |[39m[0m

      at console.call [as error] (jest.setup.js:375:19)
      at node_modules/.pnpm/react-dom@19.2.0_react@19.2.0/node_modules/react-dom/cjs/react-dom-client.development.js:18758:19
      at runWithFiberInDEV (node_modules/.pnpm/react-dom@19.2.0_react@19.2.0/node_modules/react-dom/cjs/react-dom-client.development.js:874:13)
      at warnIfUpdatesNotWrappedWithActDEV (node_modules/.pnpm/react-dom@19.2.0_react@19.2.0/node_modules/react-dom/cjs/react-dom-client.development.js:18757:9)
      at scheduleUpdateOnFiber (node_modules/.pnpm/react-dom@19.2.0_react@19.2.0/node_modules/react-dom/cjs/react-dom-client.development.js:16409:11)
      at dispatchSetStateInternal (node_modules/.pnpm/react-dom@19.2.0_react@19.2.0/node_modules/react-dom/cjs/react-dom-client.development.js:9170:13)
      at dispatchSetState (node_modules/.pnpm/react-dom@19.2.0_react@19.2.0/node_modules/react-dom/cjs/react-dom-client.development.js:9127:7)
      at setGames (src/components/game/GameProvider.tsx:84:7)

    console.error
      An update to GameProvider inside a test was not wrapped in act(...).
      
      When testing, code that causes React state updates should be wrapped into act(...):
      
      act(() => {
        /* fire events that update state */
      });
      /* assert on the output */
      
      This ensures that you're testing the behavior the user would see in the browser. Learn more at https://react.dev/link/wrap-tests-with-act

    [0m [90m 373 |[39m       [36mreturn[39m[33m;[39m
     [90m 374 |[39m     }
    [31m[1m>[22m[39m[90m 375 |[39m     originalError[33m.[39mcall(console[33m,[39m [33m...[39margs)[33m;[39m
     [90m     |[39m                   [31m[1m^[22m[39m
     [90m 376 |[39m   }[33m;[39m
     [90m 377 |[39m })[33m;[39m
     [90m 378 |[39m[0m

      at console.call [as error] (jest.setup.js:375:19)
      at node_modules/.pnpm/react-dom@19.2.0_react@19.2.0/node_modules/react-dom/cjs/react-dom-client.development.js:18758:19
      at runWithFiberInDEV (node_modules/.pnpm/react-dom@19.2.0_react@19.2.0/node_modules/react-dom/cjs/react-dom-client.development.js:874:13)
      at warnIfUpdatesNotWrappedWithActDEV (node_modules/.pnpm/react-dom@19.2.0_react@19.2.0/node_modules/react-dom/cjs/react-dom-client.development.js:18757:9)
      at scheduleUpdateOnFiber (node_modules/.pnpm/react-dom@19.2.0_react@19.2.0/node_modules/react-dom/cjs/react-dom-client.development.js:16409:11)
      at dispatchSetStateInternal (node_modules/.pnpm/react-dom@19.2.0_react@19.2.0/node_modules/react-dom/cjs/react-dom-client.development.js:9170:13)
      at dispatchSetState (node_modules/.pnpm/react-dom@19.2.0_react@19.2.0/node_modules/react-dom/cjs/react-dom-client.development.js:9127:7)
      at setSelectedGameId (src/components/game/GameProvider.tsx:88:7)

    console.error
      An update to GameProvider inside a test was not wrapped in act(...).
      
      When testing, code that causes React state updates should be wrapped into act(...):
      
      act(() => {
        /* fire events that update state */
      });
      /* assert on the output */
      
      This ensures that you're testing the behavior the user would see in the browser. Learn more at https://react.dev/link/wrap-tests-with-act

    [0m [90m 373 |[39m       [36mreturn[39m[33m;[39m
     [90m 374 |[39m     }
    [31m[1m>[22m[39m[90m 375 |[39m     originalError[33m.[39mcall(console[33m,[39m [33m...[39margs)[33m;[39m
     [90m     |[39m                   [31m[1m^[22m[39m
     [90m 376 |[39m   }[33m;[39m
     [90m 377 |[39m })[33m;[39m
     [90m 378 |[39m[0m

      at console.call [as error] (jest.setup.js:375:19)
      at node_modules/.pnpm/react-dom@19.2.0_react@19.2.0/node_modules/react-dom/cjs/react-dom-client.development.js:18758:19
      at runWithFiberInDEV (node_modules/.pnpm/react-dom@19.2.0_react@19.2.0/node_modules/react-dom/cjs/react-dom-client.development.js:874:13)
      at warnIfUpdatesNotWrappedWithActDEV (node_modules/.pnpm/react-dom@19.2.0_react@19.2.0/node_modules/react-dom/cjs/react-dom-client.development.js:18757:9)
      at scheduleUpdateOnFiber (node_modules/.pnpm/react-dom@19.2.0_react@19.2.0/node_modules/react-dom/cjs/react-dom-client.development.js:16409:11)
      at dispatchSetStateInternal (node_modules/.pnpm/react-dom@19.2.0_react@19.2.0/node_modules/react-dom/cjs/react-dom-client.development.js:9170:13)
      at dispatchSetState (node_modules/.pnpm/react-dom@19.2.0_react@19.2.0/node_modules/react-dom/cjs/react-dom-client.development.js:9127:7)
      at setLoading (src/components/game/GameProvider.tsx:99:7)

    console.error
      An update to AuthProvider inside a test was not wrapped in act(...).
      
      When testing, code that causes React state updates should be wrapped into act(...):
      
      act(() => {
        /* fire events that update state */
      });
      /* assert on the output */
      
      This ensures that you're testing the behavior the user would see in the browser. Learn more at https://react.dev/link/wrap-tests-with-act

    [0m [90m 373 |[39m       [36mreturn[39m[33m;[39m
     [90m 374 |[39m     }
    [31m[1m>[22m[39m[90m 375 |[39m     originalError[33m.[39mcall(console[33m,[39m [33m...[39margs)[33m;[39m
     [90m     |[39m                   [31m[1m^[22m[39m
     [90m 376 |[39m   }[33m;[39m
     [90m 377 |[39m })[33m;[39m
     [90m 378 |[39m[0m

      at console.call [as error] (jest.setup.js:375:19)
      at node_modules/.pnpm/react-dom@19.2.0_react@19.2.0/node_modules/react-dom/cjs/react-dom-client.development.js:18758:19
      at runWithFiberInDEV (node_modules/.pnpm/react-dom@19.2.0_react@19.2.0/node_modules/react-dom/cjs/react-dom-client.development.js:874:13)
      at warnIfUpdatesNotWrappedWithActDEV (node_modules/.pnpm/react-dom@19.2.0_react@19.2.0/node_modules/react-dom/cjs/react-dom-client.development.js:18757:9)
      at scheduleUpdateOnFiber (node_modules/.pnpm/react-dom@19.2.0_react@19.2.0/node_modules/react-dom/cjs/react-dom-client.development.js:16409:11)
      at dispatchSetStateInternal (node_modules/.pnpm/react-dom@19.2.0_react@19.2.0/node_modules/react-dom/cjs/react-dom-client.development.js:9170:13)
      at dispatchSetState (node_modules/.pnpm/react-dom@19.2.0_react@19.2.0/node_modules/react-dom/cjs/react-dom-client.development.js:9127:7)
      at setLoading (src/components/auth/AuthProvider.tsx:72:7)

    console.error
      An update to GameProvider inside a test was not wrapped in act(...).
      
      When testing, code that causes React state updates should be wrapped into act(...):
      
      act(() => {
        /* fire events that update state */
      });
      /* assert on the output */
      
      This ensures that you're testing the behavior the user would see in the browser. Learn more at https://react.dev/link/wrap-tests-with-act

    [0m [90m 373 |[39m       [36mreturn[39m[33m;[39m
     [90m 374 |[39m     }
    [31m[1m>[22m[39m[90m 375 |[39m     originalError[33m.[39mcall(console[33m,[39m [33m...[39margs)[33m;[39m
     [90m     |[39m                   [31m[1m^[22m[39m
     [90m 376 |[39m   }[33m;[39m
     [90m 377 |[39m })[33m;[39m
     [90m 378 |[39m[0m

      at console.call [as error] (jest.setup.js:375:19)
      at node_modules/.pnpm/react-dom@19.2.0_react@19.2.0/node_modules/react-dom/cjs/react-dom-client.development.js:18758:19
      at runWithFiberInDEV (node_modules/.pnpm/react-dom@19.2.0_react@19.2.0/node_modules/react-dom/cjs/react-dom-client.development.js:874:13)
      at warnIfUpdatesNotWrappedWithActDEV (node_modules/.pnpm/react-dom@19.2.0_react@19.2.0/node_modules/react-dom/cjs/react-dom-client.development.js:18757:9)
      at scheduleUpdateOnFiber (node_modules/.pnpm/react-dom@19.2.0_react@19.2.0/node_modules/react-dom/cjs/react-dom-client.development.js:16409:11)
      at dispatchSetStateInternal (node_modules/.pnpm/react-dom@19.2.0_react@19.2.0/node_modules/react-dom/cjs/react-dom-client.development.js:9170:13)
      at dispatchSetState (node_modules/.pnpm/react-dom@19.2.0_react@19.2.0/node_modules/react-dom/cjs/react-dom-client.development.js:9127:7)
      at setGames (src/components/game/GameProvider.tsx:84:7)

    console.error
      An update to GameProvider inside a test was not wrapped in act(...).
      
      When testing, code that causes React state updates should be wrapped into act(...):
      
      act(() => {
        /* fire events that update state */
      });
      /* assert on the output */
      
      This ensures that you're testing the behavior the user would see in the browser. Learn more at https://react.dev/link/wrap-tests-with-act

    [0m [90m 373 |[39m       [36mreturn[39m[33m;[39m
     [90m 374 |[39m     }
    [31m[1m>[22m[39m[90m 375 |[39m     originalError[33m.[39mcall(console[33m,[39m [33m...[39margs)[33m;[39m
     [90m     |[39m                   [31m[1m^[22m[39m
     [90m 376 |[39m   }[33m;[39m
     [90m 377 |[39m })[33m;[39m
     [90m 378 |[39m[0m

      at console.call [as error] (jest.setup.js:375:19)
      at node_modules/.pnpm/react-dom@19.2.0_react@19.2.0/node_modules/react-dom/cjs/react-dom-client.development.js:18758:19
      at runWithFiberInDEV (node_modules/.pnpm/react-dom@19.2.0_react@19.2.0/node_modules/react-dom/cjs/react-dom-client.development.js:874:13)
      at warnIfUpdatesNotWrappedWithActDEV (node_modules/.pnpm/react-dom@19.2.0_react@19.2.0/node_modules/react-dom/cjs/react-dom-client.development.js:18757:9)
      at scheduleUpdateOnFiber (node_modules/.pnpm/react-dom@19.2.0_react@19.2.0/node_modules/react-dom/cjs/react-dom-client.development.js:16409:11)
      at dispatchSetStateInternal (node_modules/.pnpm/react-dom@19.2.0_react@19.2.0/node_modules/react-dom/cjs/react-dom-client.development.js:9170:13)
      at dispatchSetState (node_modules/.pnpm/react-dom@19.2.0_react@19.2.0/node_modules/react-dom/cjs/react-dom-client.development.js:9127:7)
      at setSelectedGameId (src/components/game/GameProvider.tsx:88:7)

    console.error
      An update to GameProvider inside a test was not wrapped in act(...).
      
      When testing, code that causes React state updates should be wrapped into act(...):
      
      act(() => {
        /* fire events that update state */
      });
      /* assert on the output */
      
      This ensures that you're testing the behavior the user would see in the browser. Learn more at https://react.dev/link/wrap-tests-with-act

    [0m [90m 373 |[39m       [36mreturn[39m[33m;[39m
     [90m 374 |[39m     }
    [31m[1m>[22m[39m[90m 375 |[39m     originalError[33m.[39mcall(console[33m,[39m [33m...[39margs)[33m;[39m
     [90m     |[39m                   [31m[1m^[22m[39m
     [90m 376 |[39m   }[33m;[39m
     [90m 377 |[39m })[33m;[39m
     [90m 378 |[39m[0m

      at console.call [as error] (jest.setup.js:375:19)
      at node_modules/.pnpm/react-dom@19.2.0_react@19.2.0/node_modules/react-dom/cjs/react-dom-client.development.js:18758:19
      at runWithFiberInDEV (node_modules/.pnpm/react-dom@19.2.0_react@19.2.0/node_modules/react-dom/cjs/react-dom-client.development.js:874:13)
      at warnIfUpdatesNotWrappedWithActDEV (node_modules/.pnpm/react-dom@19.2.0_react@19.2.0/node_modules/react-dom/cjs/react-dom-client.development.js:18757:9)
      at scheduleUpdateOnFiber (node_modules/.pnpm/react-dom@19.2.0_react@19.2.0/node_modules/react-dom/cjs/react-dom-client.development.js:16409:11)
      at dispatchSetStateInternal (node_modules/.pnpm/react-dom@19.2.0_react@19.2.0/node_modules/react-dom/cjs/react-dom-client.development.js:9170:13)
      at dispatchSetState (node_modules/.pnpm/react-dom@19.2.0_react@19.2.0/node_modules/react-dom/cjs/react-dom-client.development.js:9127:7)
      at setLoading (src/components/game/GameProvider.tsx:99:7)

    console.error
      An update to AuthProvider inside a test was not wrapped in act(...).
      
      When testing, code that causes React state updates should be wrapped into act(...):
      
      act(() => {
        /* fire events that update state */
      });
      /* assert on the output */
      
      This ensures that you're testing the behavior the user would see in the browser. Learn more at https://react.dev/link/wrap-tests-with-act

    [0m [90m 373 |[39m       [36mreturn[39m[33m;[39m
     [90m 374 |[39m     }
    [31m[1m>[22m[39m[90m 375 |[39m     originalError[33m.[39mcall(console[33m,[39m [33m...[39margs)[33m;[39m
     [90m     |[39m                   [31m[1m^[22m[39m
     [90m 376 |[39m   }[33m;[39m
     [90m 377 |[39m })[33m;[39m
     [90m 378 |[39m[0m

      at console.call [as error] (jest.setup.js:375:19)
      at node_modules/.pnpm/react-dom@19.2.0_react@19.2.0/node_modules/react-dom/cjs/react-dom-client.development.js:18758:19
      at runWithFiberInDEV (node_modules/.pnpm/react-dom@19.2.0_react@19.2.0/node_modules/react-dom/cjs/react-dom-client.development.js:874:13)
      at warnIfUpdatesNotWrappedWithActDEV (node_modules/.pnpm/react-dom@19.2.0_react@19.2.0/node_modules/react-dom/cjs/react-dom-client.development.js:18757:9)
      at scheduleUpdateOnFiber (node_modules/.pnpm/react-dom@19.2.0_react@19.2.0/node_modules/react-dom/cjs/react-dom-client.development.js:16409:11)
      at dispatchSetStateInternal (node_modules/.pnpm/react-dom@19.2.0_react@19.2.0/node_modules/react-dom/cjs/react-dom-client.development.js:9170:13)
      at dispatchSetState (node_modules/.pnpm/react-dom@19.2.0_react@19.2.0/node_modules/react-dom/cjs/react-dom-client.development.js:9127:7)
      at setLoading (src/components/auth/AuthProvider.tsx:72:7)

    console.error
      Failed to load games: Error: Network error
          at Object.<anonymous> (D:\Repositories\meepleai-monorepo\apps\web\src\__tests__\components\chat\ChatProvider.test.tsx:2012:17)
          at D:\Repositories\meepleai-monorepo\apps\web\node_modules\.pnpm\jest-mock@30.2.0\node_modules\jest-mock\build\index.js:305:39
          at Object.<anonymous> (D:\Repositories\meepleai-monorepo\apps\web\node_modules\.pnpm\jest-mock@30.2.0\node_modules\jest-mock\build\index.js:312:13)
          at Object.mockConstructor [as get] (D:\Repositories\meepleai-monorepo\apps\web\node_modules\.pnpm\jest-mock@30.2.0\node_modules\jest-mock\build\index.js:102:19)
          at get (D:\Repositories\meepleai-monorepo\apps\web\src\components\game\GameProvider.tsx:82:35)
          at loadGames (D:\Repositories\meepleai-monorepo\apps\web\src\components\game\GameProvider.tsx:128:10)
          at Object.react_stack_bottom_frame (D:\Repositories\meepleai-monorepo\apps\web\node_modules\.pnpm\react-dom@19.2.0_react@19.2.0\node_modules\react-dom\cjs\react-dom-client.development.js:25989:20)
          at runWithFiberInDEV (D:\Repositories\meepleai-monorepo\apps\web\node_modules\.pnpm\react-dom@19.2.0_react@19.2.0\node_modules\react-dom\cjs\react-dom-client.development.js:874:13)
          at commitHookEffectListMount (D:\Repositories\meepleai-monorepo\apps\web\node_modules\.pnpm\react-dom@19.2.0_react@19.2.0\node_modules\react-dom\cjs\react-dom-client.development.js:13249:29)
          at commitHookPassiveMountEffects (D:\Repositories\meepleai-monorepo\apps\web\node_modules\.pnpm\react-dom@19.2.0_react@19.2.0\node_modules\react-dom\cjs\react-dom-client.development.js:13336:11)
          at commitPassiveMountOnFiber (D:\Repositories\meepleai-monorepo\apps\web\node_modules\.pnpm\react-dom@19.2.0_react@19.2.0\node_modules\react-dom\cjs\react-dom-client.development.js:15484:13)
          at recursivelyTraversePassiveMountEffects (D:\Repositories\meepleai-monorepo\apps\web\node_modules\.pnpm\react-dom@19.2.0_react@19.2.0\node_modules\react-dom\cjs\react-dom-client.development.js:15439:11)
          at commitPassiveMountOnFiber (D:\Repositories\meepleai-monorepo\apps\web\node_modules\.pnpm\react-dom@19.2.0_react@19.2.0\node_modules\react-dom\cjs\react-dom-client.development.js:15718:11)
          at recursivelyTraversePassiveMountEffects (D:\Repositories\meepleai-monorepo\apps\web\node_modules\.pnpm\react-dom@19.2.0_react@19.2.0\node_modules\react-dom\cjs\react-dom-client.development.js:15439:11)
          at commitPassiveMountOnFiber (D:\Repositories\meepleai-monorepo\apps\web\node_modules\.pnpm\react-dom@19.2.0_react@19.2.0\node_modules\react-dom\cjs\react-dom-client.development.js:15476:11)
          at recursivelyTraversePassiveMountEffects (D:\Repositories\meepleai-monorepo\apps\web\node_modules\.pnpm\react-dom@19.2.0_react@19.2.0\node_modules\react-dom\cjs\react-dom-client.development.js:15439:11)
          at commitPassiveMountOnFiber (D:\Repositories\meepleai-monorepo\apps\web\node_modules\.pnpm\react-dom@19.2.0_react@19.2.0\node_modules\react-dom\cjs\react-dom-client.development.js:15476:11)
          at recursivelyTraversePassiveMountEffects (D:\Repositories\meepleai-monorepo\apps\web\node_modules\.pnpm\react-dom@19.2.0_react@19.2.0\node_modules\react-dom\cjs\react-dom-client.development.js:15439:11)
          at commitPassiveMountOnFiber (D:\Repositories\meepleai-monorepo\apps\web\node_modules\.pnpm\react-dom@19.2.0_react@19.2.0\node_modules\react-dom\cjs\react-dom-client.development.js:15519:11)
          at flushPassiveEffects (D:\Repositories\meepleai-monorepo\apps\web\node_modules\.pnpm\react-dom@19.2.0_react@19.2.0\node_modules\react-dom\cjs\react-dom-client.development.js:18432:9)
          at D:\Repositories\meepleai-monorepo\apps\web\node_modules\.pnpm\react-dom@19.2.0_react@19.2.0\node_modules\react-dom\cjs\react-dom-client.development.js:17923:15
          at flushActQueue (D:\Repositories\meepleai-monorepo\apps\web\node_modules\.pnpm\react@19.2.0\node_modules\react\cjs\react.development.js:590:34)
          at process.env.NODE_ENV.exports.act (D:\Repositories\meepleai-monorepo\apps\web\node_modules\.pnpm\react@19.2.0\node_modules\react\cjs\react.development.js:884:10)
          at D:\Repositories\meepleai-monorepo\apps\web\node_modules\.pnpm\@testing-library+react@16.3_15d474de7481bb0af842c1b1705139a8\node_modules\@testing-library\react\dist\act-compat.js:47:25
          at renderRoot (D:\Repositories\meepleai-monorepo\apps\web\node_modules\.pnpm\@testing-library+react@16.3_15d474de7481bb0af842c1b1705139a8\node_modules\@testing-library\react\dist\pure.js:190:26)
          at render (D:\Repositories\meepleai-monorepo\apps\web\node_modules\.pnpm\@testing-library+react@16.3_15d474de7481bb0af842c1b1705139a8\node_modules\@testing-library\react\dist\pure.js:292:10)
          at renderHook (D:\Repositories\meepleai-monorepo\apps\web\node_modules\.pnpm\@testing-library+react@16.3_15d474de7481bb0af842c1b1705139a8\node_modules\@testing-library\react\dist\pure.js:340:7)
          at Object.<anonymous> (D:\Repositories\meepleai-monorepo\apps\web\src\__tests__\components\chat\ChatProvider.test.tsx:2017:36)
          at Promise.finally.completed (D:\Repositories\meepleai-monorepo\apps\web\node_modules\.pnpm\jest-circus@30.2.0\node_modules\jest-circus\build\jestAdapterInit.js:1557:28)
          at new Promise (<anonymous>)
          at callAsyncCircusFn (D:\Repositories\meepleai-monorepo\apps\web\node_modules\.pnpm\jest-circus@30.2.0\node_modules\jest-circus\build\jestAdapterInit.js:1497:10)
          at _callCircusTest (D:\Repositories\meepleai-monorepo\apps\web\node_modules\.pnpm\jest-circus@30.2.0\node_modules\jest-circus\build\jestAdapterInit.js:1007:40)
          at _runTest (D:\Repositories\meepleai-monorepo\apps\web\node_modules\.pnpm\jest-circus@30.2.0\node_modules\jest-circus\build\jestAdapterInit.js:947:3)
          at D:\Repositories\meepleai-monorepo\apps\web\node_modules\.pnpm\jest-circus@30.2.0\node_modules\jest-circus\build\jestAdapterInit.js:849:7
          at _runTestsForDescribeBlock (D:\Repositories\meepleai-monorepo\apps\web\node_modules\.pnpm\jest-circus@30.2.0\node_modules\jest-circus\build\jestAdapterInit.js:862:11)
          at _runTestsForDescribeBlock (D:\Repositories\meepleai-monorepo\apps\web\node_modules\.pnpm\jest-circus@30.2.0\node_modules\jest-circus\build\jestAdapterInit.js:857:11)
          at _runTestsForDescribeBlock (D:\Repositories\meepleai-monorepo\apps\web\node_modules\.pnpm\jest-circus@30.2.0\node_modules\jest-circus\build\jestAdapterInit.js:857:11)
          at run (D:\Repositories\meepleai-monorepo\apps\web\node_modules\.pnpm\jest-circus@30.2.0\node_modules\jest-circus\build\jestAdapterInit.js:761:3)
          at runAndTransformResultsToJestFormat (D:\Repositories\meepleai-monorepo\apps\web\node_modules\.pnpm\jest-circus@30.2.0\node_modules\jest-circus\build\jestAdapterInit.js:1918:21)
          at jestAdapter (D:\Repositories\meepleai-monorepo\apps\web\node_modules\.pnpm\jest-circus@30.2.0\node_modules\jest-circus\build\runner.js:101:19)
          at runTestInternal (D:\Repositories\meepleai-monorepo\apps\web\node_modules\.pnpm\jest-runner@30.2.0\node_modules\jest-runner\build\testWorker.js:275:16)
          at runTest (D:\Repositories\meepleai-monorepo\apps\web\node_modules\.pnpm\jest-runner@30.2.0\node_modules\jest-runner\build\testWorker.js:343:7)
          at Object.worker (D:\Repositories\meepleai-monorepo\apps\web\node_modules\.pnpm\jest-runner@30.2.0\node_modules\jest-runner\build\testWorker.js:497:12)

    [0m [90m 373 |[39m       [36mreturn[39m[33m;[39m
     [90m 374 |[39m     }
    [31m[1m>[22m[39m[90m 375 |[39m     originalError[33m.[39mcall(console[33m,[39m [33m...[39margs)[33m;[39m
     [90m     |[39m                   [31m[1m^[22m[39m
     [90m 376 |[39m   }[33m;[39m
     [90m 377 |[39m })[33m;[39m
     [90m 378 |[39m[0m

      at console.call [as error] (jest.setup.js:375:19)
      at error (src/components/game/GameProvider.tsx:95:15)

    console.error
      Failed to load chat threads: Error: Network error
          at Object.<anonymous> (D:\Repositories\meepleai-monorepo\apps\web\src\__tests__\components\chat\ChatProvider.test.tsx:2054:55)
          at Promise.finally.completed (D:\Repositories\meepleai-monorepo\apps\web\node_modules\.pnpm\jest-circus@30.2.0\node_modules\jest-circus\build\jestAdapterInit.js:1557:28)
          at new Promise (<anonymous>)
          at callAsyncCircusFn (D:\Repositories\meepleai-monorepo\apps\web\node_modules\.pnpm\jest-circus@30.2.0\node_modules\jest-circus\build\jestAdapterInit.js:1497:10)
          at _callCircusTest (D:\Repositories\meepleai-monorepo\apps\web\node_modules\.pnpm\jest-circus@30.2.0\node_modules\jest-circus\build\jestAdapterInit.js:1007:40)
          at _runTest (D:\Repositories\meepleai-monorepo\apps\web\node_modules\.pnpm\jest-circus@30.2.0\node_modules\jest-circus\build\jestAdapterInit.js:947:3)
          at D:\Repositories\meepleai-monorepo\apps\web\node_modules\.pnpm\jest-circus@30.2.0\node_modules\jest-circus\build\jestAdapterInit.js:849:7
          at _runTestsForDescribeBlock (D:\Repositories\meepleai-monorepo\apps\web\node_modules\.pnpm\jest-circus@30.2.0\node_modules\jest-circus\build\jestAdapterInit.js:862:11)
          at _runTestsForDescribeBlock (D:\Repositories\meepleai-monorepo\apps\web\node_modules\.pnpm\jest-circus@30.2.0\node_modules\jest-circus\build\jestAdapterInit.js:857:11)
          at _runTestsForDescribeBlock (D:\Repositories\meepleai-monorepo\apps\web\node_modules\.pnpm\jest-circus@30.2.0\node_modules\jest-circus\build\jestAdapterInit.js:857:11)
          at run (D:\Repositories\meepleai-monorepo\apps\web\node_modules\.pnpm\jest-circus@30.2.0\node_modules\jest-circus\build\jestAdapterInit.js:761:3)
          at runAndTransformResultsToJestFormat (D:\Repositories\meepleai-monorepo\apps\web\node_modules\.pnpm\jest-circus@30.2.0\node_modules\jest-circus\build\jestAdapterInit.js:1918:21)
          at jestAdapter (D:\Repositories\meepleai-monorepo\apps\web\node_modules\.pnpm\jest-circus@30.2.0\node_modules\jest-circus\build\runner.js:101:19)
          at runTestInternal (D:\Repositories\meepleai-monorepo\apps\web\node_modules\.pnpm\jest-runner@30.2.0\node_modules\jest-runner\build\testWorker.js:275:16)
          at runTest (D:\Repositories\meepleai-monorepo\apps\web\node_modules\.pnpm\jest-runner@30.2.0\node_modules\jest-runner\build\testWorker.js:343:7)
          at Object.worker (D:\Repositories\meepleai-monorepo\apps\web\node_modules\.pnpm\jest-runner@30.2.0\node_modules\jest-runner\build\testWorker.js:497:12)

    [0m [90m 373 |[39m       [36mreturn[39m[33m;[39m
     [90m 374 |[39m     }
    [31m[1m>[22m[39m[90m 375 |[39m     originalError[33m.[39mcall(console[33m,[39m [33m...[39margs)[33m;[39m
     [90m     |[39m                   [31m[1m^[22m[39m
     [90m 376 |[39m   }[33m;[39m
     [90m 377 |[39m })[33m;[39m
     [90m 378 |[39m[0m

      at console.call [as error] (jest.setup.js:375:19)
      at error (src/components/chat/ChatProvider.tsx:202:15)

    console.error
      Failed to load games: Error: Network error
          at Object.<anonymous> (D:\Repositories\meepleai-monorepo\apps\web\src\__tests__\components\chat\ChatProvider.test.tsx:2291:17)
          at D:\Repositories\meepleai-monorepo\apps\web\node_modules\.pnpm\jest-mock@30.2.0\node_modules\jest-mock\build\index.js:305:39
          at Object.<anonymous> (D:\Repositories\meepleai-monorepo\apps\web\node_modules\.pnpm\jest-mock@30.2.0\node_modules\jest-mock\build\index.js:312:13)
          at Object.mockConstructor [as get] (D:\Repositories\meepleai-monorepo\apps\web\node_modules\.pnpm\jest-mock@30.2.0\node_modules\jest-mock\build\index.js:102:19)
          at get (D:\Repositories\meepleai-monorepo\apps\web\src\components\game\GameProvider.tsx:82:35)
          at loadGames (D:\Repositories\meepleai-monorepo\apps\web\src\components\game\GameProvider.tsx:128:10)
          at Object.react_stack_bottom_frame (D:\Repositories\meepleai-monorepo\apps\web\node_modules\.pnpm\react-dom@19.2.0_react@19.2.0\node_modules\react-dom\cjs\react-dom-client.development.js:25989:20)
          at runWithFiberInDEV (D:\Repositories\meepleai-monorepo\apps\web\node_modules\.pnpm\react-dom@19.2.0_react@19.2.0\node_modules\react-dom\cjs\react-dom-client.development.js:874:13)
          at commitHookEffectListMount (D:\Repositories\meepleai-monorepo\apps\web\node_modules\.pnpm\react-dom@19.2.0_react@19.2.0\node_modules\react-dom\cjs\react-dom-client.development.js:13249:29)
          at commitHookPassiveMountEffects (D:\Repositories\meepleai-monorepo\apps\web\node_modules\.pnpm\react-dom@19.2.0_react@19.2.0\node_modules\react-dom\cjs\react-dom-client.development.js:13336:11)
          at commitPassiveMountOnFiber (D:\Repositories\meepleai-monorepo\apps\web\node_modules\.pnpm\react-dom@19.2.0_react@19.2.0\node_modules\react-dom\cjs\react-dom-client.development.js:15484:13)
          at recursivelyTraversePassiveMountEffects (D:\Repositories\meepleai-monorepo\apps\web\node_modules\.pnpm\react-dom@19.2.0_react@19.2.0\node_modules\react-dom\cjs\react-dom-client.development.js:15439:11)
          at commitPassiveMountOnFiber (D:\Repositories\meepleai-monorepo\apps\web\node_modules\.pnpm\react-dom@19.2.0_react@19.2.0\node_modules\react-dom\cjs\react-dom-client.development.js:15718:11)
          at recursivelyTraversePassiveMountEffects (D:\Repositories\meepleai-monorepo\apps\web\node_modules\.pnpm\react-dom@19.2.0_react@19.2.0\node_modules\react-dom\cjs\react-dom-client.development.js:15439:11)
          at commitPassiveMountOnFiber (D:\Repositories\meepleai-monorepo\apps\web\node_modules\.pnpm\react-dom@19.2.0_react@19.2.0\node_modules\react-dom\cjs\react-dom-client.development.js:15476:11)
          at recursivelyTraversePassiveMountEffects (D:\Repositories\meepleai-monorepo\apps\web\node_modules\.pnpm\react-dom@19.2.0_react@19.2.0\node_modules\react-dom\cjs\react-dom-client.development.js:15439:11)
          at commitPassiveMountOnFiber (D:\Repositories\meepleai-monorepo\apps\web\node_modules\.pnpm\react-dom@19.2.0_react@19.2.0\node_modules\react-dom\cjs\react-dom-client.development.js:15476:11)
          at recursivelyTraversePassiveMountEffects (D:\Repositories\meepleai-monorepo\apps\web\node_modules\.pnpm\react-dom@19.2.0_react@19.2.0\node_modules\react-dom\cjs\react-dom-client.development.js:15439:11)
          at commitPassiveMountOnFiber (D:\Repositories\meepleai-monorepo\apps\web\node_modules\.pnpm\react-dom@19.2.0_react@19.2.0\node_modules\react-dom\cjs\react-dom-client.development.js:15519:11)
          at flushPassiveEffects (D:\Repositories\meepleai-monorepo\apps\web\node_modules\.pnpm\react-dom@19.2.0_react@19.2.0\node_modules\react-dom\cjs\react-dom-client.development.js:18432:9)
          at D:\Repositories\meepleai-monorepo\apps\web\node_modules\.pnpm\react-dom@19.2.0_react@19.2.0\node_modules\react-dom\cjs\react-dom-client.development.js:17923:15
          at flushActQueue (D:\Repositories\meepleai-monorepo\apps\web\node_modules\.pnpm\react@19.2.0\node_modules\react\cjs\react.development.js:590:34)
          at process.env.NODE_ENV.exports.act (D:\Repositories\meepleai-monorepo\apps\web\node_modules\.pnpm\react@19.2.0\node_modules\react\cjs\react.development.js:884:10)
          at D:\Repositories\meepleai-monorepo\apps\web\node_modules\.pnpm\@testing-library+react@16.3_15d474de7481bb0af842c1b1705139a8\node_modules\@testing-library\react\dist\act-compat.js:47:25
          at renderRoot (D:\Repositories\meepleai-monorepo\apps\web\node_modules\.pnpm\@testing-library+react@16.3_15d474de7481bb0af842c1b1705139a8\node_modules\@testing-library\react\dist\pure.js:190:26)
          at render (D:\Repositories\meepleai-monorepo\apps\web\node_modules\.pnpm\@testing-library+react@16.3_15d474de7481bb0af842c1b1705139a8\node_modules\@testing-library\react\dist\pure.js:292:10)
          at renderHook (D:\Repositories\meepleai-monorepo\apps\web\node_modules\.pnpm\@testing-library+react@16.3_15d474de7481bb0af842c1b1705139a8\node_modules\@testing-library\react\dist\pure.js:340:7)
          at Object.<anonymous> (D:\Repositories\meepleai-monorepo\apps\web\src\__tests__\components\chat\ChatProvider.test.tsx:2296:36)
          at Promise.finally.completed (D:\Repositories\meepleai-monorepo\apps\web\node_modules\.pnpm\jest-circus@30.2.0\node_modules\jest-circus\build\jestAdapterInit.js:1557:28)
          at new Promise (<anonymous>)
          at callAsyncCircusFn (D:\Repositories\meepleai-monorepo\apps\web\node_modules\.pnpm\jest-circus@30.2.0\node_modules\jest-circus\build\jestAdapterInit.js:1497:10)
          at _callCircusTest (D:\Repositories\meepleai-monorepo\apps\web\node_modules\.pnpm\jest-circus@30.2.0\node_modules\jest-circus\build\jestAdapterInit.js:1007:40)
          at _runTest (D:\Repositories\meepleai-monorepo\apps\web\node_modules\.pnpm\jest-circus@30.2.0\node_modules\jest-circus\build\jestAdapterInit.js:947:3)
          at D:\Repositories\meepleai-monorepo\apps\web\node_modules\.pnpm\jest-circus@30.2.0\node_modules\jest-circus\build\jestAdapterInit.js:849:7
          at _runTestsForDescribeBlock (D:\Repositories\meepleai-monorepo\apps\web\node_modules\.pnpm\jest-circus@30.2.0\node_modules\jest-circus\build\jestAdapterInit.js:862:11)
          at _runTestsForDescribeBlock (D:\Repositories\meepleai-monorepo\apps\web\node_modules\.pnpm\jest-circus@30.2.0\node_modules\jest-circus\build\jestAdapterInit.js:857:11)
          at _runTestsForDescribeBlock (D:\Repositories\meepleai-monorepo\apps\web\node_modules\.pnpm\jest-circus@30.2.0\node_modules\jest-circus\build\jestAdapterInit.js:857:11)
          at run (D:\Repositories\meepleai-monorepo\apps\web\node_modules\.pnpm\jest-circus@30.2.0\node_modules\jest-circus\build\jestAdapterInit.js:761:3)
          at runAndTransformResultsToJestFormat (D:\Repositories\meepleai-monorepo\apps\web\node_modules\.pnpm\jest-circus@30.2.0\node_modules\jest-circus\build\jestAdapterInit.js:1918:21)
          at jestAdapter (D:\Repositories\meepleai-monorepo\apps\web\node_modules\.pnpm\jest-circus@30.2.0\node_modules\jest-circus\build\runner.js:101:19)
          at runTestInternal (D:\Repositories\meepleai-monorepo\apps\web\node_modules\.pnpm\jest-runner@30.2.0\node_modules\jest-runner\build\testWorker.js:275:16)
          at runTest (D:\Repositories\meepleai-monorepo\apps\web\node_modules\.pnpm\jest-runner@30.2.0\node_modules\jest-runner\build\testWorker.js:343:7)
          at Object.worker (D:\Repositories\meepleai-monorepo\apps\web\node_modules\.pnpm\jest-runner@30.2.0\node_modules\jest-runner\build\testWorker.js:497:12)

    [0m [90m 373 |[39m       [36mreturn[39m[33m;[39m
     [90m 374 |[39m     }
    [31m[1m>[22m[39m[90m 375 |[39m     originalError[33m.[39mcall(console[33m,[39m [33m...[39margs)[33m;[39m
     [90m     |[39m                   [31m[1m^[22m[39m
     [90m 376 |[39m   }[33m;[39m
     [90m 377 |[39m })[33m;[39m
     [90m 378 |[39m[0m

      at console.call [as error] (jest.setup.js:375:19)
      at error (src/components/game/GameProvider.tsx:95:15)

PASS src/__tests__/components/chat/MessageEditForm.test.tsx
PASS src/__tests__/pages/admin-configuration.test.tsx
  ● Console

    console.error
      Error: Not implemented: navigation (except hash changes)
          at Reflect.set (<anonymous>)
          at Object.<anonymous> (D:\Repositories\meepleai-monorepo\apps\web\src\__tests__\pages\admin-configuration.test.tsx:172:29)
          at new Promise (<anonymous>) {
        type: 'not implemented'
      }

    [0m [90m 373 |[39m       [36mreturn[39m[33m;[39m
     [90m 374 |[39m     }
    [31m[1m>[22m[39m[90m 375 |[39m     originalError[33m.[39mcall(console[33m,[39m [33m...[39margs)[33m;[39m
     [90m     |[39m                   [31m[1m^[22m[39m
     [90m 376 |[39m   }[33m;[39m
     [90m 377 |[39m })[33m;[39m
     [90m 378 |[39m[0m

      at console.call [as error] (jest.setup.js:375:19)
      at VirtualConsole.<anonymous> (node_modules/.pnpm/@jest+environment-jsdom-abstract@30.2.0_jsdom@26.1.0/node_modules/@jest/environment-jsdom-abstract/build/index.js:87:23)
      at module.exports (node_modules/.pnpm/jsdom@26.1.0/node_modules/jsdom/lib/jsdom/browser/not-implemented.js:12:26)
      at navigateFetch (node_modules/.pnpm/jsdom@26.1.0/node_modules/jsdom/lib/jsdom/living/window/navigation.js:77:3)
      at exports.navigate (node_modules/.pnpm/jsdom@26.1.0/node_modules/jsdom/lib/jsdom/living/window/navigation.js:55:3)
      at LocationImpl._locationObjectNavigate (node_modules/.pnpm/jsdom@26.1.0/node_modules/jsdom/lib/jsdom/living/window/Location-impl.js:30:5)
      at LocationImpl._locationObjectSetterNavigate (node_modules/.pnpm/jsdom@26.1.0/node_modules/jsdom/lib/jsdom/living/window/Location-impl.js:24:17)
      at LocationImpl.set href [as href] (node_modules/.pnpm/jsdom@26.1.0/node_modules/jsdom/lib/jsdom/living/window/Location-impl.js:46:10)
      at Location.set href [as href] (node_modules/.pnpm/jsdom@26.1.0/node_modules/jsdom/lib/jsdom/living/generated/Location.js:125:37)
          at Reflect.set (<anonymous>)
      at Window.set location [as location] (node_modules/.pnpm/jsdom@26.1.0/node_modules/jsdom/lib/jsdom/browser/Window.js:424:15)
      at Object.<anonymous> (src/__tests__/pages/admin-configuration.test.tsx:172:29)

    console.error
      Error: Not implemented: navigation (except hash changes)
          at Reflect.set (<anonymous>)
          at Object.<anonymous> (D:\Repositories\meepleai-monorepo\apps\web\src\__tests__\pages\admin-configuration.test.tsx:172:29)
          at new Promise (<anonymous>) {
        type: 'not implemented'
      }

    [0m [90m 373 |[39m       [36mreturn[39m[33m;[39m
     [90m 374 |[39m     }
    [31m[1m>[22m[39m[90m 375 |[39m     originalError[33m.[39mcall(console[33m,[39m [33m...[39margs)[33m;[39m
     [90m     |[39m                   [31m[1m^[22m[39m
     [90m 376 |[39m   }[33m;[39m
     [90m 377 |[39m })[33m;[39m
     [90m 378 |[39m[0m

      at console.call [as error] (jest.setup.js:375:19)
      at VirtualConsole.<anonymous> (node_modules/.pnpm/@jest+environment-jsdom-abstract@30.2.0_jsdom@26.1.0/node_modules/@jest/environment-jsdom-abstract/build/index.js:87:23)
      at module.exports (node_modules/.pnpm/jsdom@26.1.0/node_modules/jsdom/lib/jsdom/browser/not-implemented.js:12:26)
      at navigateFetch (node_modules/.pnpm/jsdom@26.1.0/node_modules/jsdom/lib/jsdom/living/window/navigation.js:77:3)
      at exports.navigate (node_modules/.pnpm/jsdom@26.1.0/node_modules/jsdom/lib/jsdom/living/window/navigation.js:55:3)
      at LocationImpl._locationObjectNavigate (node_modules/.pnpm/jsdom@26.1.0/node_modules/jsdom/lib/jsdom/living/window/Location-impl.js:30:5)
      at LocationImpl._locationObjectSetterNavigate (node_modules/.pnpm/jsdom@26.1.0/node_modules/jsdom/lib/jsdom/living/window/Location-impl.js:24:17)
      at LocationImpl.set href [as href] (node_modules/.pnpm/jsdom@26.1.0/node_modules/jsdom/lib/jsdom/living/window/Location-impl.js:46:10)
      at Location.set href [as href] (node_modules/.pnpm/jsdom@26.1.0/node_modules/jsdom/lib/jsdom/living/generated/Location.js:125:37)
          at Reflect.set (<anonymous>)
      at Window.set location [as location] (node_modules/.pnpm/jsdom@26.1.0/node_modules/jsdom/lib/jsdom/browser/Window.js:424:15)
      at Object.<anonymous> (src/__tests__/pages/admin-configuration.test.tsx:172:29)

    console.error
      Error: Not implemented: navigation (except hash changes)
          at Reflect.set (<anonymous>)
          at Object.<anonymous> (D:\Repositories\meepleai-monorepo\apps\web\src\__tests__\pages\admin-configuration.test.tsx:172:29)
          at new Promise (<anonymous>) {
        type: 'not implemented'
      }

    [0m [90m 373 |[39m       [36mreturn[39m[33m;[39m
     [90m 374 |[39m     }
    [31m[1m>[22m[39m[90m 375 |[39m     originalError[33m.[39mcall(console[33m,[39m [33m...[39margs)[33m;[39m
     [90m     |[39m                   [31m[1m^[22m[39m
     [90m 376 |[39m   }[33m;[39m
     [90m 377 |[39m })[33m;[39m
     [90m 378 |[39m[0m

      at console.call [as error] (jest.setup.js:375:19)
      at VirtualConsole.<anonymous> (node_modules/.pnpm/@jest+environment-jsdom-abstract@30.2.0_jsdom@26.1.0/node_modules/@jest/environment-jsdom-abstract/build/index.js:87:23)
      at module.exports (node_modules/.pnpm/jsdom@26.1.0/node_modules/jsdom/lib/jsdom/browser/not-implemented.js:12:26)
      at navigateFetch (node_modules/.pnpm/jsdom@26.1.0/node_modules/jsdom/lib/jsdom/living/window/navigation.js:77:3)
      at exports.navigate (node_modules/.pnpm/jsdom@26.1.0/node_modules/jsdom/lib/jsdom/living/window/navigation.js:55:3)
      at LocationImpl._locationObjectNavigate (node_modules/.pnpm/jsdom@26.1.0/node_modules/jsdom/lib/jsdom/living/window/Location-impl.js:30:5)
      at LocationImpl._locationObjectSetterNavigate (node_modules/.pnpm/jsdom@26.1.0/node_modules/jsdom/lib/jsdom/living/window/Location-impl.js:24:17)
      at LocationImpl.set href [as href] (node_modules/.pnpm/jsdom@26.1.0/node_modules/jsdom/lib/jsdom/living/window/Location-impl.js:46:10)
      at Location.set href [as href] (node_modules/.pnpm/jsdom@26.1.0/node_modules/jsdom/lib/jsdom/living/generated/Location.js:125:37)
          at Reflect.set (<anonymous>)
      at Window.set location [as location] (node_modules/.pnpm/jsdom@26.1.0/node_modules/jsdom/lib/jsdom/browser/Window.js:424:15)
      at Object.<anonymous> (src/__tests__/pages/admin-configuration.test.tsx:172:29)

    console.error
      Error: Not implemented: navigation (except hash changes)
          at Reflect.set (<anonymous>)
          at Object.<anonymous> (D:\Repositories\meepleai-monorepo\apps\web\src\__tests__\pages\admin-configuration.test.tsx:172:29)
          at new Promise (<anonymous>) {
        type: 'not implemented'
      }

    [0m [90m 373 |[39m       [36mreturn[39m[33m;[39m
     [90m 374 |[39m     }
    [31m[1m>[22m[39m[90m 375 |[39m     originalError[33m.[39mcall(console[33m,[39m [33m...[39margs)[33m;[39m
     [90m     |[39m                   [31m[1m^[22m[39m
     [90m 376 |[39m   }[33m;[39m
     [90m 377 |[39m })[33m;[39m
     [90m 378 |[39m[0m

      at console.call [as error] (jest.setup.js:375:19)
      at VirtualConsole.<anonymous> (node_modules/.pnpm/@jest+environment-jsdom-abstract@30.2.0_jsdom@26.1.0/node_modules/@jest/environment-jsdom-abstract/build/index.js:87:23)
      at module.exports (node_modules/.pnpm/jsdom@26.1.0/node_modules/jsdom/lib/jsdom/browser/not-implemented.js:12:26)
      at navigateFetch (node_modules/.pnpm/jsdom@26.1.0/node_modules/jsdom/lib/jsdom/living/window/navigation.js:77:3)
      at exports.navigate (node_modules/.pnpm/jsdom@26.1.0/node_modules/jsdom/lib/jsdom/living/window/navigation.js:55:3)
      at LocationImpl._locationObjectNavigate (node_modules/.pnpm/jsdom@26.1.0/node_modules/jsdom/lib/jsdom/living/window/Location-impl.js:30:5)
      at LocationImpl._locationObjectSetterNavigate (node_modules/.pnpm/jsdom@26.1.0/node_modules/jsdom/lib/jsdom/living/window/Location-impl.js:24:17)
      at LocationImpl.set href [as href] (node_modules/.pnpm/jsdom@26.1.0/node_modules/jsdom/lib/jsdom/living/window/Location-impl.js:46:10)
      at Location.set href [as href] (node_modules/.pnpm/jsdom@26.1.0/node_modules/jsdom/lib/jsdom/living/generated/Location.js:125:37)
          at Reflect.set (<anonymous>)
      at Window.set location [as location] (node_modules/.pnpm/jsdom@26.1.0/node_modules/jsdom/lib/jsdom/browser/Window.js:424:15)
      at Object.<anonymous> (src/__tests__/pages/admin-configuration.test.tsx:172:29)

    console.error
      Error: Not implemented: navigation (except hash changes)
          at Reflect.set (<anonymous>)
          at Object.<anonymous> (D:\Repositories\meepleai-monorepo\apps\web\src\__tests__\pages\admin-configuration.test.tsx:172:29)
          at new Promise (<anonymous>) {
        type: 'not implemented'
      }

    [0m [90m 373 |[39m       [36mreturn[39m[33m;[39m
     [90m 374 |[39m     }
    [31m[1m>[22m[39m[90m 375 |[39m     originalError[33m.[39mcall(console[33m,[39m [33m...[39margs)[33m;[39m
     [90m     |[39m                   [31m[1m^[22m[39m
     [90m 376 |[39m   }[33m;[39m
     [90m 377 |[39m })[33m;[39m
     [90m 378 |[39m[0m

      at console.call [as error] (jest.setup.js:375:19)
      at VirtualConsole.<anonymous> (node_modules/.pnpm/@jest+environment-jsdom-abstract@30.2.0_jsdom@26.1.0/node_modules/@jest/environment-jsdom-abstract/build/index.js:87:23)
      at module.exports (node_modules/.pnpm/jsdom@26.1.0/node_modules/jsdom/lib/jsdom/browser/not-implemented.js:12:26)
      at navigateFetch (node_modules/.pnpm/jsdom@26.1.0/node_modules/jsdom/lib/jsdom/living/window/navigation.js:77:3)
      at exports.navigate (node_modules/.pnpm/jsdom@26.1.0/node_modules/jsdom/lib/jsdom/living/window/navigation.js:55:3)
      at LocationImpl._locationObjectNavigate (node_modules/.pnpm/jsdom@26.1.0/node_modules/jsdom/lib/jsdom/living/window/Location-impl.js:30:5)
      at LocationImpl._locationObjectSetterNavigate (node_modules/.pnpm/jsdom@26.1.0/node_modules/jsdom/lib/jsdom/living/window/Location-impl.js:24:17)
      at LocationImpl.set href [as href] (node_modules/.pnpm/jsdom@26.1.0/node_modules/jsdom/lib/jsdom/living/window/Location-impl.js:46:10)
      at Location.set href [as href] (node_modules/.pnpm/jsdom@26.1.0/node_modules/jsdom/lib/jsdom/living/generated/Location.js:125:37)
          at Reflect.set (<anonymous>)
      at Window.set location [as location] (node_modules/.pnpm/jsdom@26.1.0/node_modules/jsdom/lib/jsdom/browser/Window.js:424:15)
      at Object.<anonymous> (src/__tests__/pages/admin-configuration.test.tsx:172:29)

    console.error
      Error: Not implemented: navigation (except hash changes)
          at Reflect.set (<anonymous>)
          at Object.<anonymous> (D:\Repositories\meepleai-monorepo\apps\web\src\__tests__\pages\admin-configuration.test.tsx:172:29)
          at new Promise (<anonymous>) {
        type: 'not implemented'
      }

    [0m [90m 373 |[39m       [36mreturn[39m[33m;[39m
     [90m 374 |[39m     }
    [31m[1m>[22m[39m[90m 375 |[39m     originalError[33m.[39mcall(console[33m,[39m [33m...[39margs)[33m;[39m
     [90m     |[39m                   [31m[1m^[22m[39m
     [90m 376 |[39m   }[33m;[39m
     [90m 377 |[39m })[33m;[39m
     [90m 378 |[39m[0m

      at console.call [as error] (jest.setup.js:375:19)
      at VirtualConsole.<anonymous> (node_modules/.pnpm/@jest+environment-jsdom-abstract@30.2.0_jsdom@26.1.0/node_modules/@jest/environment-jsdom-abstract/build/index.js:87:23)
      at module.exports (node_modules/.pnpm/jsdom@26.1.0/node_modules/jsdom/lib/jsdom/browser/not-implemented.js:12:26)
      at navigateFetch (node_modules/.pnpm/jsdom@26.1.0/node_modules/jsdom/lib/jsdom/living/window/navigation.js:77:3)
      at exports.navigate (node_modules/.pnpm/jsdom@26.1.0/node_modules/jsdom/lib/jsdom/living/window/navigation.js:55:3)
      at LocationImpl._locationObjectNavigate (node_modules/.pnpm/jsdom@26.1.0/node_modules/jsdom/lib/jsdom/living/window/Location-impl.js:30:5)
      at LocationImpl._locationObjectSetterNavigate (node_modules/.pnpm/jsdom@26.1.0/node_modules/jsdom/lib/jsdom/living/window/Location-impl.js:24:17)
      at LocationImpl.set href [as href] (node_modules/.pnpm/jsdom@26.1.0/node_modules/jsdom/lib/jsdom/living/window/Location-impl.js:46:10)
      at Location.set href [as href] (node_modules/.pnpm/jsdom@26.1.0/node_modules/jsdom/lib/jsdom/living/generated/Location.js:125:37)
          at Reflect.set (<anonymous>)
      at Window.set location [as location] (node_modules/.pnpm/jsdom@26.1.0/node_modules/jsdom/lib/jsdom/browser/Window.js:424:15)
      at Object.<anonymous> (src/__tests__/pages/admin-configuration.test.tsx:172:29)

    console.error
      Error: Not implemented: navigation (except hash changes)
          at Reflect.set (<anonymous>)
          at Object.<anonymous> (D:\Repositories\meepleai-monorepo\apps\web\src\__tests__\pages\admin-configuration.test.tsx:172:29)
          at new Promise (<anonymous>) {
        type: 'not implemented'
      }

    [0m [90m 373 |[39m       [36mreturn[39m[33m;[39m
     [90m 374 |[39m     }
    [31m[1m>[22m[39m[90m 375 |[39m     originalError[33m.[39mcall(console[33m,[39m [33m...[39margs)[33m;[39m
     [90m     |[39m                   [31m[1m^[22m[39m
     [90m 376 |[39m   }[33m;[39m
     [90m 377 |[39m })[33m;[39m
     [90m 378 |[39m[0m

      at console.call [as error] (jest.setup.js:375:19)
      at VirtualConsole.<anonymous> (node_modules/.pnpm/@jest+environment-jsdom-abstract@30.2.0_jsdom@26.1.0/node_modules/@jest/environment-jsdom-abstract/build/index.js:87:23)
      at module.exports (node_modules/.pnpm/jsdom@26.1.0/node_modules/jsdom/lib/jsdom/browser/not-implemented.js:12:26)
      at navigateFetch (node_modules/.pnpm/jsdom@26.1.0/node_modules/jsdom/lib/jsdom/living/window/navigation.js:77:3)
      at exports.navigate (node_modules/.pnpm/jsdom@26.1.0/node_modules/jsdom/lib/jsdom/living/window/navigation.js:55:3)
      at LocationImpl._locationObjectNavigate (node_modules/.pnpm/jsdom@26.1.0/node_modules/jsdom/lib/jsdom/living/window/Location-impl.js:30:5)
      at LocationImpl._locationObjectSetterNavigate (node_modules/.pnpm/jsdom@26.1.0/node_modules/jsdom/lib/jsdom/living/window/Location-impl.js:24:17)
      at LocationImpl.set href [as href] (node_modules/.pnpm/jsdom@26.1.0/node_modules/jsdom/lib/jsdom/living/window/Location-impl.js:46:10)
      at Location.set href [as href] (node_modules/.pnpm/jsdom@26.1.0/node_modules/jsdom/lib/jsdom/living/generated/Location.js:125:37)
          at Reflect.set (<anonymous>)
      at Window.set location [as location] (node_modules/.pnpm/jsdom@26.1.0/node_modules/jsdom/lib/jsdom/browser/Window.js:424:15)
      at Object.<anonymous> (src/__tests__/pages/admin-configuration.test.tsx:172:29)

    console.error
      Error: Not implemented: navigation (except hash changes)
          at Reflect.set (<anonymous>)
          at Object.<anonymous> (D:\Repositories\meepleai-monorepo\apps\web\src\__tests__\pages\admin-configuration.test.tsx:172:29)
          at new Promise (<anonymous>) {
        type: 'not implemented'
      }

    [0m [90m 373 |[39m       [36mreturn[39m[33m;[39m
     [90m 374 |[39m     }
    [31m[1m>[22m[39m[90m 375 |[39m     originalError[33m.[39mcall(console[33m,[39m [33m...[39margs)[33m;[39m
     [90m     |[39m                   [31m[1m^[22m[39m
     [90m 376 |[39m   }[33m;[39m
     [90m 377 |[39m })[33m;[39m
     [90m 378 |[39m[0m

      at console.call [as error] (jest.setup.js:375:19)
      at VirtualConsole.<anonymous> (node_modules/.pnpm/@jest+environment-jsdom-abstract@30.2.0_jsdom@26.1.0/node_modules/@jest/environment-jsdom-abstract/build/index.js:87:23)
      at module.exports (node_modules/.pnpm/jsdom@26.1.0/node_modules/jsdom/lib/jsdom/browser/not-implemented.js:12:26)
      at navigateFetch (node_modules/.pnpm/jsdom@26.1.0/node_modules/jsdom/lib/jsdom/living/window/navigation.js:77:3)
      at exports.navigate (node_modules/.pnpm/jsdom@26.1.0/node_modules/jsdom/lib/jsdom/living/window/navigation.js:55:3)
      at LocationImpl._locationObjectNavigate (node_modules/.pnpm/jsdom@26.1.0/node_modules/jsdom/lib/jsdom/living/window/Location-impl.js:30:5)
      at LocationImpl._locationObjectSetterNavigate (node_modules/.pnpm/jsdom@26.1.0/node_modules/jsdom/lib/jsdom/living/window/Location-impl.js:24:17)
      at LocationImpl.set href [as href] (node_modules/.pnpm/jsdom@26.1.0/node_modules/jsdom/lib/jsdom/living/window/Location-impl.js:46:10)
      at Location.set href [as href] (node_modules/.pnpm/jsdom@26.1.0/node_modules/jsdom/lib/jsdom/living/generated/Location.js:125:37)
          at Reflect.set (<anonymous>)
      at Window.set location [as location] (node_modules/.pnpm/jsdom@26.1.0/node_modules/jsdom/lib/jsdom/browser/Window.js:424:15)
      at Object.<anonymous> (src/__tests__/pages/admin-configuration.test.tsx:172:29)

    console.error
      Error: Not implemented: navigation (except hash changes)
          at Reflect.set (<anonymous>)
          at Object.<anonymous> (D:\Repositories\meepleai-monorepo\apps\web\src\__tests__\pages\admin-configuration.test.tsx:172:29)
          at new Promise (<anonymous>) {
        type: 'not implemented'
      }

    [0m [90m 373 |[39m       [36mreturn[39m[33m;[39m
     [90m 374 |[39m     }
    [31m[1m>[22m[39m[90m 375 |[39m     originalError[33m.[39mcall(console[33m,[39m [33m...[39margs)[33m;[39m
     [90m     |[39m                   [31m[1m^[22m[39m
     [90m 376 |[39m   }[33m;[39m
     [90m 377 |[39m })[33m;[39m
     [90m 378 |[39m[0m

      at console.call [as error] (jest.setup.js:375:19)
      at VirtualConsole.<anonymous> (node_modules/.pnpm/@jest+environment-jsdom-abstract@30.2.0_jsdom@26.1.0/node_modules/@jest/environment-jsdom-abstract/build/index.js:87:23)
      at module.exports (node_modules/.pnpm/jsdom@26.1.0/node_modules/jsdom/lib/jsdom/browser/not-implemented.js:12:26)
      at navigateFetch (node_modules/.pnpm/jsdom@26.1.0/node_modules/jsdom/lib/jsdom/living/window/navigation.js:77:3)
      at exports.navigate (node_modules/.pnpm/jsdom@26.1.0/node_modules/jsdom/lib/jsdom/living/window/navigation.js:55:3)
      at LocationImpl._locationObjectNavigate (node_modules/.pnpm/jsdom@26.1.0/node_modules/jsdom/lib/jsdom/living/window/Location-impl.js:30:5)
      at LocationImpl._locationObjectSetterNavigate (node_modules/.pnpm/jsdom@26.1.0/node_modules/jsdom/lib/jsdom/living/window/Location-impl.js:24:17)
      at LocationImpl.set href [as href] (node_modules/.pnpm/jsdom@26.1.0/node_modules/jsdom/lib/jsdom/living/window/Location-impl.js:46:10)
      at Location.set href [as href] (node_modules/.pnpm/jsdom@26.1.0/node_modules/jsdom/lib/jsdom/living/generated/Location.js:125:37)
          at Reflect.set (<anonymous>)
      at Window.set location [as location] (node_modules/.pnpm/jsdom@26.1.0/node_modules/jsdom/lib/jsdom/browser/Window.js:424:15)
      at Object.<anonymous> (src/__tests__/pages/admin-configuration.test.tsx:172:29)

    console.error
      Error: Not implemented: navigation (except hash changes)
          at Reflect.set (<anonymous>)
          at Object.<anonymous> (D:\Repositories\meepleai-monorepo\apps\web\src\__tests__\pages\admin-configuration.test.tsx:172:29)
          at new Promise (<anonymous>) {
        type: 'not implemented'
      }

    [0m [90m 373 |[39m       [36mreturn[39m[33m;[39m
     [90m 374 |[39m     }
    [31m[1m>[22m[39m[90m 375 |[39m     originalError[33m.[39mcall(console[33m,[39m [33m...[39margs)[33m;[39m
     [90m     |[39m                   [31m[1m^[22m[39m
     [90m 376 |[39m   }[33m;[39m
     [90m 377 |[39m })[33m;[39m
     [90m 378 |[39m[0m

      at console.call [as error] (jest.setup.js:375:19)
      at VirtualConsole.<anonymous> (node_modules/.pnpm/@jest+environment-jsdom-abstract@30.2.0_jsdom@26.1.0/node_modules/@jest/environment-jsdom-abstract/build/index.js:87:23)
      at module.exports (node_modules/.pnpm/jsdom@26.1.0/node_modules/jsdom/lib/jsdom/browser/not-implemented.js:12:26)
      at navigateFetch (node_modules/.pnpm/jsdom@26.1.0/node_modules/jsdom/lib/jsdom/living/window/navigation.js:77:3)
      at exports.navigate (node_modules/.pnpm/jsdom@26.1.0/node_modules/jsdom/lib/jsdom/living/window/navigation.js:55:3)
      at LocationImpl._locationObjectNavigate (node_modules/.pnpm/jsdom@26.1.0/node_modules/jsdom/lib/jsdom/living/window/Location-impl.js:30:5)
      at LocationImpl._locationObjectSetterNavigate (node_modules/.pnpm/jsdom@26.1.0/node_modules/jsdom/lib/jsdom/living/window/Location-impl.js:24:17)
      at LocationImpl.set href [as href] (node_modules/.pnpm/jsdom@26.1.0/node_modules/jsdom/lib/jsdom/living/window/Location-impl.js:46:10)
      at Location.set href [as href] (node_modules/.pnpm/jsdom@26.1.0/node_modules/jsdom/lib/jsdom/living/generated/Location.js:125:37)
          at Reflect.set (<anonymous>)
      at Window.set location [as location] (node_modules/.pnpm/jsdom@26.1.0/node_modules/jsdom/lib/jsdom/browser/Window.js:424:15)
      at Object.<anonymous> (src/__tests__/pages/admin-configuration.test.tsx:172:29)

    console.error
      Error: Not implemented: navigation (except hash changes)
          at Reflect.set (<anonymous>)
          at Object.<anonymous> (D:\Repositories\meepleai-monorepo\apps\web\src\__tests__\pages\admin-configuration.test.tsx:172:29)
          at new Promise (<anonymous>) {
        type: 'not implemented'
      }

    [0m [90m 373 |[39m       [36mreturn[39m[33m;[39m
     [90m 374 |[39m     }
    [31m[1m>[22m[39m[90m 375 |[39m     originalError[33m.[39mcall(console[33m,[39m [33m...[39margs)[33m;[39m
     [90m     |[39m                   [31m[1m^[22m[39m
     [90m 376 |[39m   }[33m;[39m
     [90m 377 |[39m })[33m;[39m
     [90m 378 |[39m[0m

      at console.call [as error] (jest.setup.js:375:19)
      at VirtualConsole.<anonymous> (node_modules/.pnpm/@jest+environment-jsdom-abstract@30.2.0_jsdom@26.1.0/node_modules/@jest/environment-jsdom-abstract/build/index.js:87:23)
      at module.exports (node_modules/.pnpm/jsdom@26.1.0/node_modules/jsdom/lib/jsdom/browser/not-implemented.js:12:26)
      at navigateFetch (node_modules/.pnpm/jsdom@26.1.0/node_modules/jsdom/lib/jsdom/living/window/navigation.js:77:3)
      at exports.navigate (node_modules/.pnpm/jsdom@26.1.0/node_modules/jsdom/lib/jsdom/living/window/navigation.js:55:3)
      at LocationImpl._locationObjectNavigate (node_modules/.pnpm/jsdom@26.1.0/node_modules/jsdom/lib/jsdom/living/window/Location-impl.js:30:5)
      at LocationImpl._locationObjectSetterNavigate (node_modules/.pnpm/jsdom@26.1.0/node_modules/jsdom/lib/jsdom/living/window/Location-impl.js:24:17)
      at LocationImpl.set href [as href] (node_modules/.pnpm/jsdom@26.1.0/node_modules/jsdom/lib/jsdom/living/window/Location-impl.js:46:10)
      at Location.set href [as href] (node_modules/.pnpm/jsdom@26.1.0/node_modules/jsdom/lib/jsdom/living/generated/Location.js:125:37)
          at Reflect.set (<anonymous>)
      at Window.set location [as location] (node_modules/.pnpm/jsdom@26.1.0/node_modules/jsdom/lib/jsdom/browser/Window.js:424:15)
      at Object.<anonymous> (src/__tests__/pages/admin-configuration.test.tsx:172:29)

    console.error
      Error: Not implemented: navigation (except hash changes)
          at Reflect.set (<anonymous>)
          at Object.<anonymous> (D:\Repositories\meepleai-monorepo\apps\web\src\__tests__\pages\admin-configuration.test.tsx:172:29)
          at new Promise (<anonymous>) {
        type: 'not implemented'
      }

    [0m [90m 373 |[39m       [36mreturn[39m[33m;[39m
     [90m 374 |[39m     }
    [31m[1m>[22m[39m[90m 375 |[39m     originalError[33m.[39mcall(console[33m,[39m [33m...[39margs)[33m;[39m
     [90m     |[39m                   [31m[1m^[22m[39m
     [90m 376 |[39m   }[33m;[39m
     [90m 377 |[39m })[33m;[39m
     [90m 378 |[39m[0m

      at console.call [as error] (jest.setup.js:375:19)
      at VirtualConsole.<anonymous> (node_modules/.pnpm/@jest+environment-jsdom-abstract@30.2.0_jsdom@26.1.0/node_modules/@jest/environment-jsdom-abstract/build/index.js:87:23)
      at module.exports (node_modules/.pnpm/jsdom@26.1.0/node_modules/jsdom/lib/jsdom/browser/not-implemented.js:12:26)
      at navigateFetch (node_modules/.pnpm/jsdom@26.1.0/node_modules/jsdom/lib/jsdom/living/window/navigation.js:77:3)
      at exports.navigate (node_modules/.pnpm/jsdom@26.1.0/node_modules/jsdom/lib/jsdom/living/window/navigation.js:55:3)
      at LocationImpl._locationObjectNavigate (node_modules/.pnpm/jsdom@26.1.0/node_modules/jsdom/lib/jsdom/living/window/Location-impl.js:30:5)
      at LocationImpl._locationObjectSetterNavigate (node_modules/.pnpm/jsdom@26.1.0/node_modules/jsdom/lib/jsdom/living/window/Location-impl.js:24:17)
      at LocationImpl.set href [as href] (node_modules/.pnpm/jsdom@26.1.0/node_modules/jsdom/lib/jsdom/living/window/Location-impl.js:46:10)
      at Location.set href [as href] (node_modules/.pnpm/jsdom@26.1.0/node_modules/jsdom/lib/jsdom/living/generated/Location.js:125:37)
          at Reflect.set (<anonymous>)
      at Window.set location [as location] (node_modules/.pnpm/jsdom@26.1.0/node_modules/jsdom/lib/jsdom/browser/Window.js:424:15)
      at Object.<anonymous> (src/__tests__/pages/admin-configuration.test.tsx:172:29)

    console.error
      Error: Not implemented: navigation (except hash changes)
          at Reflect.set (<anonymous>)
          at Object.<anonymous> (D:\Repositories\meepleai-monorepo\apps\web\src\__tests__\pages\admin-configuration.test.tsx:172:29)
          at new Promise (<anonymous>) {
        type: 'not implemented'
      }

    [0m [90m 373 |[39m       [36mreturn[39m[33m;[39m
     [90m 374 |[39m     }
    [31m[1m>[22m[39m[90m 375 |[39m     originalError[33m.[39mcall(console[33m,[39m [33m...[39margs)[33m;[39m
     [90m     |[39m                   [31m[1m^[22m[39m
     [90m 376 |[39m   }[33m;[39m
     [90m 377 |[39m })[33m;[39m
     [90m 378 |[39m[0m

      at console.call [as error] (jest.setup.js:375:19)
      at VirtualConsole.<anonymous> (node_modules/.pnpm/@jest+environment-jsdom-abstract@30.2.0_jsdom@26.1.0/node_modules/@jest/environment-jsdom-abstract/build/index.js:87:23)
      at module.exports (node_modules/.pnpm/jsdom@26.1.0/node_modules/jsdom/lib/jsdom/browser/not-implemented.js:12:26)
      at navigateFetch (node_modules/.pnpm/jsdom@26.1.0/node_modules/jsdom/lib/jsdom/living/window/navigation.js:77:3)
      at exports.navigate (node_modules/.pnpm/jsdom@26.1.0/node_modules/jsdom/lib/jsdom/living/window/navigation.js:55:3)
      at LocationImpl._locationObjectNavigate (node_modules/.pnpm/jsdom@26.1.0/node_modules/jsdom/lib/jsdom/living/window/Location-impl.js:30:5)
      at LocationImpl._locationObjectSetterNavigate (node_modules/.pnpm/jsdom@26.1.0/node_modules/jsdom/lib/jsdom/living/window/Location-impl.js:24:17)
      at LocationImpl.set href [as href] (node_modules/.pnpm/jsdom@26.1.0/node_modules/jsdom/lib/jsdom/living/window/Location-impl.js:46:10)
      at Location.set href [as href] (node_modules/.pnpm/jsdom@26.1.0/node_modules/jsdom/lib/jsdom/living/generated/Location.js:125:37)
          at Reflect.set (<anonymous>)
      at Window.set location [as location] (node_modules/.pnpm/jsdom@26.1.0/node_modules/jsdom/lib/jsdom/browser/Window.js:424:15)
      at Object.<anonymous> (src/__tests__/pages/admin-configuration.test.tsx:172:29)

    console.error
      Error: Not implemented: navigation (except hash changes)
          at Reflect.set (<anonymous>)
          at Object.<anonymous> (D:\Repositories\meepleai-monorepo\apps\web\src\__tests__\pages\admin-configuration.test.tsx:172:29)
          at new Promise (<anonymous>) {
        type: 'not implemented'
      }

    [0m [90m 373 |[39m       [36mreturn[39m[33m;[39m
     [90m 374 |[39m     }
    [31m[1m>[22m[39m[90m 375 |[39m     originalError[33m.[39mcall(console[33m,[39m [33m...[39margs)[33m;[39m
     [90m     |[39m                   [31m[1m^[22m[39m
     [90m 376 |[39m   }[33m;[39m
     [90m 377 |[39m })[33m;[39m
     [90m 378 |[39m[0m

      at console.call [as error] (jest.setup.js:375:19)
      at VirtualConsole.<anonymous> (node_modules/.pnpm/@jest+environment-jsdom-abstract@30.2.0_jsdom@26.1.0/node_modules/@jest/environment-jsdom-abstract/build/index.js:87:23)
      at module.exports (node_modules/.pnpm/jsdom@26.1.0/node_modules/jsdom/lib/jsdom/browser/not-implemented.js:12:26)
      at navigateFetch (node_modules/.pnpm/jsdom@26.1.0/node_modules/jsdom/lib/jsdom/living/window/navigation.js:77:3)
      at exports.navigate (node_modules/.pnpm/jsdom@26.1.0/node_modules/jsdom/lib/jsdom/living/window/navigation.js:55:3)
      at LocationImpl._locationObjectNavigate (node_modules/.pnpm/jsdom@26.1.0/node_modules/jsdom/lib/jsdom/living/window/Location-impl.js:30:5)
      at LocationImpl._locationObjectSetterNavigate (node_modules/.pnpm/jsdom@26.1.0/node_modules/jsdom/lib/jsdom/living/window/Location-impl.js:24:17)
      at LocationImpl.set href [as href] (node_modules/.pnpm/jsdom@26.1.0/node_modules/jsdom/lib/jsdom/living/window/Location-impl.js:46:10)
      at Location.set href [as href] (node_modules/.pnpm/jsdom@26.1.0/node_modules/jsdom/lib/jsdom/living/generated/Location.js:125:37)
          at Reflect.set (<anonymous>)
      at Window.set location [as location] (node_modules/.pnpm/jsdom@26.1.0/node_modules/jsdom/lib/jsdom/browser/Window.js:424:15)
      at Object.<anonymous> (src/__tests__/pages/admin-configuration.test.tsx:172:29)

    console.error
      Error: Not implemented: navigation (except hash changes)
          at Reflect.set (<anonymous>)
          at Object.<anonymous> (D:\Repositories\meepleai-monorepo\apps\web\src\__tests__\pages\admin-configuration.test.tsx:172:29)
          at new Promise (<anonymous>) {
        type: 'not implemented'
      }

    [0m [90m 373 |[39m       [36mreturn[39m[33m;[39m
     [90m 374 |[39m     }
    [31m[1m>[22m[39m[90m 375 |[39m     originalError[33m.[39mcall(console[33m,[39m [33m...[39margs)[33m;[39m
     [90m     |[39m                   [31m[1m^[22m[39m
     [90m 376 |[39m   }[33m;[39m
     [90m 377 |[39m })[33m;[39m
     [90m 378 |[39m[0m

      at console.call [as error] (jest.setup.js:375:19)
      at VirtualConsole.<anonymous> (node_modules/.pnpm/@jest+environment-jsdom-abstract@30.2.0_jsdom@26.1.0/node_modules/@jest/environment-jsdom-abstract/build/index.js:87:23)
      at module.exports (node_modules/.pnpm/jsdom@26.1.0/node_modules/jsdom/lib/jsdom/browser/not-implemented.js:12:26)
      at navigateFetch (node_modules/.pnpm/jsdom@26.1.0/node_modules/jsdom/lib/jsdom/living/window/navigation.js:77:3)
      at exports.navigate (node_modules/.pnpm/jsdom@26.1.0/node_modules/jsdom/lib/jsdom/living/window/navigation.js:55:3)
      at LocationImpl._locationObjectNavigate (node_modules/.pnpm/jsdom@26.1.0/node_modules/jsdom/lib/jsdom/living/window/Location-impl.js:30:5)
      at LocationImpl._locationObjectSetterNavigate (node_modules/.pnpm/jsdom@26.1.0/node_modules/jsdom/lib/jsdom/living/window/Location-impl.js:24:17)
      at LocationImpl.set href [as href] (node_modules/.pnpm/jsdom@26.1.0/node_modules/jsdom/lib/jsdom/living/window/Location-impl.js:46:10)
      at Location.set href [as href] (node_modules/.pnpm/jsdom@26.1.0/node_modules/jsdom/lib/jsdom/living/generated/Location.js:125:37)
          at Reflect.set (<anonymous>)
      at Window.set location [as location] (node_modules/.pnpm/jsdom@26.1.0/node_modules/jsdom/lib/jsdom/browser/Window.js:424:15)
      at Object.<anonymous> (src/__tests__/pages/admin-configuration.test.tsx:172:29)

    console.error
      Error: Not implemented: navigation (except hash changes)
          at Reflect.set (<anonymous>)
          at Object.<anonymous> (D:\Repositories\meepleai-monorepo\apps\web\src\__tests__\pages\admin-configuration.test.tsx:172:29)
          at new Promise (<anonymous>) {
        type: 'not implemented'
      }

    [0m [90m 373 |[39m       [36mreturn[39m[33m;[39m
     [90m 374 |[39m     }
    [31m[1m>[22m[39m[90m 375 |[39m     originalError[33m.[39mcall(console[33m,[39m [33m...[39margs)[33m;[39m
     [90m     |[39m                   [31m[1m^[22m[39m
     [90m 376 |[39m   }[33m;[39m
     [90m 377 |[39m })[33m;[39m
     [90m 378 |[39m[0m

      at console.call [as error] (jest.setup.js:375:19)
      at VirtualConsole.<anonymous> (node_modules/.pnpm/@jest+environment-jsdom-abstract@30.2.0_jsdom@26.1.0/node_modules/@jest/environment-jsdom-abstract/build/index.js:87:23)
      at module.exports (node_modules/.pnpm/jsdom@26.1.0/node_modules/jsdom/lib/jsdom/browser/not-implemented.js:12:26)
      at navigateFetch (node_modules/.pnpm/jsdom@26.1.0/node_modules/jsdom/lib/jsdom/living/window/navigation.js:77:3)
      at exports.navigate (node_modules/.pnpm/jsdom@26.1.0/node_modules/jsdom/lib/jsdom/living/window/navigation.js:55:3)
      at LocationImpl._locationObjectNavigate (node_modules/.pnpm/jsdom@26.1.0/node_modules/jsdom/lib/jsdom/living/window/Location-impl.js:30:5)
      at LocationImpl._locationObjectSetterNavigate (node_modules/.pnpm/jsdom@26.1.0/node_modules/jsdom/lib/jsdom/living/window/Location-impl.js:24:17)
      at LocationImpl.set href [as href] (node_modules/.pnpm/jsdom@26.1.0/node_modules/jsdom/lib/jsdom/living/window/Location-impl.js:46:10)
      at Location.set href [as href] (node_modules/.pnpm/jsdom@26.1.0/node_modules/jsdom/lib/jsdom/living/generated/Location.js:125:37)
          at Reflect.set (<anonymous>)
      at Window.set location [as location] (node_modules/.pnpm/jsdom@26.1.0/node_modules/jsdom/lib/jsdom/browser/Window.js:424:15)
      at Object.<anonymous> (src/__tests__/pages/admin-configuration.test.tsx:172:29)

    console.error
      Error: Not implemented: navigation (except hash changes)
          at Reflect.set (<anonymous>)
          at Object.<anonymous> (D:\Repositories\meepleai-monorepo\apps\web\src\__tests__\pages\admin-configuration.test.tsx:172:29)
          at new Promise (<anonymous>) {
        type: 'not implemented'
      }

    [0m [90m 373 |[39m       [36mreturn[39m[33m;[39m
     [90m 374 |[39m     }
    [31m[1m>[22m[39m[90m 375 |[39m     originalError[33m.[39mcall(console[33m,[39m [33m...[39margs)[33m;[39m
     [90m     |[39m                   [31m[1m^[22m[39m
     [90m 376 |[39m   }[33m;[39m
     [90m 377 |[39m })[33m;[39m
     [90m 378 |[39m[0m

      at console.call [as error] (jest.setup.js:375:19)
      at VirtualConsole.<anonymous> (node_modules/.pnpm/@jest+environment-jsdom-abstract@30.2.0_jsdom@26.1.0/node_modules/@jest/environment-jsdom-abstract/build/index.js:87:23)
      at module.exports (node_modules/.pnpm/jsdom@26.1.0/node_modules/jsdom/lib/jsdom/browser/not-implemented.js:12:26)
      at navigateFetch (node_modules/.pnpm/jsdom@26.1.0/node_modules/jsdom/lib/jsdom/living/window/navigation.js:77:3)
      at exports.navigate (node_modules/.pnpm/jsdom@26.1.0/node_modules/jsdom/lib/jsdom/living/window/navigation.js:55:3)
      at LocationImpl._locationObjectNavigate (node_modules/.pnpm/jsdom@26.1.0/node_modules/jsdom/lib/jsdom/living/window/Location-impl.js:30:5)
      at LocationImpl._locationObjectSetterNavigate (node_modules/.pnpm/jsdom@26.1.0/node_modules/jsdom/lib/jsdom/living/window/Location-impl.js:24:17)
      at LocationImpl.set href [as href] (node_modules/.pnpm/jsdom@26.1.0/node_modules/jsdom/lib/jsdom/living/window/Location-impl.js:46:10)
      at Location.set href [as href] (node_modules/.pnpm/jsdom@26.1.0/node_modules/jsdom/lib/jsdom/living/generated/Location.js:125:37)
          at Reflect.set (<anonymous>)
      at Window.set location [as location] (node_modules/.pnpm/jsdom@26.1.0/node_modules/jsdom/lib/jsdom/browser/Window.js:424:15)
      at Object.<anonymous> (src/__tests__/pages/admin-configuration.test.tsx:172:29)

    console.error
      Error: Not implemented: navigation (except hash changes)
          at Reflect.set (<anonymous>)
          at Object.<anonymous> (D:\Repositories\meepleai-monorepo\apps\web\src\__tests__\pages\admin-configuration.test.tsx:172:29)
          at new Promise (<anonymous>) {
        type: 'not implemented'
      }

    [0m [90m 373 |[39m       [36mreturn[39m[33m;[39m
     [90m 374 |[39m     }
    [31m[1m>[22m[39m[90m 375 |[39m     originalError[33m.[39mcall(console[33m,[39m [33m...[39margs)[33m;[39m
     [90m     |[39m                   [31m[1m^[22m[39m
     [90m 376 |[39m   }[33m;[39m
     [90m 377 |[39m })[33m;[39m
     [90m 378 |[39m[0m

      at console.call [as error] (jest.setup.js:375:19)
      at VirtualConsole.<anonymous> (node_modules/.pnpm/@jest+environment-jsdom-abstract@30.2.0_jsdom@26.1.0/node_modules/@jest/environment-jsdom-abstract/build/index.js:87:23)
      at module.exports (node_modules/.pnpm/jsdom@26.1.0/node_modules/jsdom/lib/jsdom/browser/not-implemented.js:12:26)
      at navigateFetch (node_modules/.pnpm/jsdom@26.1.0/node_modules/jsdom/lib/jsdom/living/window/navigation.js:77:3)
      at exports.navigate (node_modules/.pnpm/jsdom@26.1.0/node_modules/jsdom/lib/jsdom/living/window/navigation.js:55:3)
      at LocationImpl._locationObjectNavigate (node_modules/.pnpm/jsdom@26.1.0/node_modules/jsdom/lib/jsdom/living/window/Location-impl.js:30:5)
      at LocationImpl._locationObjectSetterNavigate (node_modules/.pnpm/jsdom@26.1.0/node_modules/jsdom/lib/jsdom/living/window/Location-impl.js:24:17)
      at LocationImpl.set href [as href] (node_modules/.pnpm/jsdom@26.1.0/node_modules/jsdom/lib/jsdom/living/window/Location-impl.js:46:10)
      at Location.set href [as href] (node_modules/.pnpm/jsdom@26.1.0/node_modules/jsdom/lib/jsdom/living/generated/Location.js:125:37)
          at Reflect.set (<anonymous>)
      at Window.set location [as location] (node_modules/.pnpm/jsdom@26.1.0/node_modules/jsdom/lib/jsdom/browser/Window.js:424:15)
      at Object.<anonymous> (src/__tests__/pages/admin-configuration.test.tsx:172:29)

    console.error
      Error: Not implemented: navigation (except hash changes)
          at Reflect.set (<anonymous>)
          at Object.<anonymous> (D:\Repositories\meepleai-monorepo\apps\web\src\__tests__\pages\admin-configuration.test.tsx:172:29)
          at new Promise (<anonymous>) {
        type: 'not implemented'
      }

    [0m [90m 373 |[39m       [36mreturn[39m[33m;[39m
     [90m 374 |[39m     }
    [31m[1m>[22m[39m[90m 375 |[39m     originalError[33m.[39mcall(console[33m,[39m [33m...[39margs)[33m;[39m
     [90m     |[39m                   [31m[1m^[22m[39m
     [90m 376 |[39m   }[33m;[39m
     [90m 377 |[39m })[33m;[39m
     [90m 378 |[39m[0m

      at console.call [as error] (jest.setup.js:375:19)
      at VirtualConsole.<anonymous> (node_modules/.pnpm/@jest+environment-jsdom-abstract@30.2.0_jsdom@26.1.0/node_modules/@jest/environment-jsdom-abstract/build/index.js:87:23)
      at module.exports (node_modules/.pnpm/jsdom@26.1.0/node_modules/jsdom/lib/jsdom/browser/not-implemented.js:12:26)
      at navigateFetch (node_modules/.pnpm/jsdom@26.1.0/node_modules/jsdom/lib/jsdom/living/window/navigation.js:77:3)
      at exports.navigate (node_modules/.pnpm/jsdom@26.1.0/node_modules/jsdom/lib/jsdom/living/window/navigation.js:55:3)
      at LocationImpl._locationObjectNavigate (node_modules/.pnpm/jsdom@26.1.0/node_modules/jsdom/lib/jsdom/living/window/Location-impl.js:30:5)
      at LocationImpl._locationObjectSetterNavigate (node_modules/.pnpm/jsdom@26.1.0/node_modules/jsdom/lib/jsdom/living/window/Location-impl.js:24:17)
      at LocationImpl.set href [as href] (node_modules/.pnpm/jsdom@26.1.0/node_modules/jsdom/lib/jsdom/living/window/Location-impl.js:46:10)
      at Location.set href [as href] (node_modules/.pnpm/jsdom@26.1.0/node_modules/jsdom/lib/jsdom/living/generated/Location.js:125:37)
          at Reflect.set (<anonymous>)
      at Window.set location [as location] (node_modules/.pnpm/jsdom@26.1.0/node_modules/jsdom/lib/jsdom/browser/Window.js:424:15)
      at Object.<anonymous> (src/__tests__/pages/admin-configuration.test.tsx:172:29)

    console.error
      Error: Not implemented: navigation (except hash changes)
          at Reflect.set (<anonymous>)
          at Object.<anonymous> (D:\Repositories\meepleai-monorepo\apps\web\src\__tests__\pages\admin-configuration.test.tsx:172:29)
          at new Promise (<anonymous>) {
        type: 'not implemented'
      }

    [0m [90m 373 |[39m       [36mreturn[39m[33m;[39m
     [90m 374 |[39m     }
    [31m[1m>[22m[39m[90m 375 |[39m     originalError[33m.[39mcall(console[33m,[39m [33m...[39margs)[33m;[39m
     [90m     |[39m                   [31m[1m^[22m[39m
     [90m 376 |[39m   }[33m;[39m
     [90m 377 |[39m })[33m;[39m
     [90m 378 |[39m[0m

      at console.call [as error] (jest.setup.js:375:19)
      at VirtualConsole.<anonymous> (node_modules/.pnpm/@jest+environment-jsdom-abstract@30.2.0_jsdom@26.1.0/node_modules/@jest/environment-jsdom-abstract/build/index.js:87:23)
      at module.exports (node_modules/.pnpm/jsdom@26.1.0/node_modules/jsdom/lib/jsdom/browser/not-implemented.js:12:26)
      at navigateFetch (node_modules/.pnpm/jsdom@26.1.0/node_modules/jsdom/lib/jsdom/living/window/navigation.js:77:3)
      at exports.navigate (node_modules/.pnpm/jsdom@26.1.0/node_modules/jsdom/lib/jsdom/living/window/navigation.js:55:3)
      at LocationImpl._locationObjectNavigate (node_modules/.pnpm/jsdom@26.1.0/node_modules/jsdom/lib/jsdom/living/window/Location-impl.js:30:5)
      at LocationImpl._locationObjectSetterNavigate (node_modules/.pnpm/jsdom@26.1.0/node_modules/jsdom/lib/jsdom/living/window/Location-impl.js:24:17)
      at LocationImpl.set href [as href] (node_modules/.pnpm/jsdom@26.1.0/node_modules/jsdom/lib/jsdom/living/window/Location-impl.js:46:10)
      at Location.set href [as href] (node_modules/.pnpm/jsdom@26.1.0/node_modules/jsdom/lib/jsdom/living/generated/Location.js:125:37)
          at Reflect.set (<anonymous>)
      at Window.set location [as location] (node_modules/.pnpm/jsdom@26.1.0/node_modules/jsdom/lib/jsdom/browser/Window.js:424:15)
      at Object.<anonymous> (src/__tests__/pages/admin-configuration.test.tsx:172:29)

    console.error
      Error: Not implemented: navigation (except hash changes)
          at Reflect.set (<anonymous>)
          at Object.<anonymous> (D:\Repositories\meepleai-monorepo\apps\web\src\__tests__\pages\admin-configuration.test.tsx:172:29)
          at new Promise (<anonymous>) {
        type: 'not implemented'
      }

    [0m [90m 373 |[39m       [36mreturn[39m[33m;[39m
     [90m 374 |[39m     }
    [31m[1m>[22m[39m[90m 375 |[39m     originalError[33m.[39mcall(console[33m,[39m [33m...[39margs)[33m;[39m
     [90m     |[39m                   [31m[1m^[22m[39m
     [90m 376 |[39m   }[33m;[39m
     [90m 377 |[39m })[33m;[39m
     [90m 378 |[39m[0m

      at console.call [as error] (jest.setup.js:375:19)
      at VirtualConsole.<anonymous> (node_modules/.pnpm/@jest+environment-jsdom-abstract@30.2.0_jsdom@26.1.0/node_modules/@jest/environment-jsdom-abstract/build/index.js:87:23)
      at module.exports (node_modules/.pnpm/jsdom@26.1.0/node_modules/jsdom/lib/jsdom/browser/not-implemented.js:12:26)
      at navigateFetch (node_modules/.pnpm/jsdom@26.1.0/node_modules/jsdom/lib/jsdom/living/window/navigation.js:77:3)
      at exports.navigate (node_modules/.pnpm/jsdom@26.1.0/node_modules/jsdom/lib/jsdom/living/window/navigation.js:55:3)
      at LocationImpl._locationObjectNavigate (node_modules/.pnpm/jsdom@26.1.0/node_modules/jsdom/lib/jsdom/living/window/Location-impl.js:30:5)
      at LocationImpl._locationObjectSetterNavigate (node_modules/.pnpm/jsdom@26.1.0/node_modules/jsdom/lib/jsdom/living/window/Location-impl.js:24:17)
      at LocationImpl.set href [as href] (node_modules/.pnpm/jsdom@26.1.0/node_modules/jsdom/lib/jsdom/living/window/Location-impl.js:46:10)
      at Location.set href [as href] (node_modules/.pnpm/jsdom@26.1.0/node_modules/jsdom/lib/jsdom/living/generated/Location.js:125:37)
          at Reflect.set (<anonymous>)
      at Window.set location [as location] (node_modules/.pnpm/jsdom@26.1.0/node_modules/jsdom/lib/jsdom/browser/Window.js:424:15)
      at Object.<anonymous> (src/__tests__/pages/admin-configuration.test.tsx:172:29)

    console.error
      Error: Not implemented: navigation (except hash changes)
          at Reflect.set (<anonymous>)
          at Object.<anonymous> (D:\Repositories\meepleai-monorepo\apps\web\src\__tests__\pages\admin-configuration.test.tsx:172:29)
          at new Promise (<anonymous>) {
        type: 'not implemented'
      }

    [0m [90m 373 |[39m       [36mreturn[39m[33m;[39m
     [90m 374 |[39m     }
    [31m[1m>[22m[39m[90m 375 |[39m     originalError[33m.[39mcall(console[33m,[39m [33m...[39margs)[33m;[39m
     [90m     |[39m                   [31m[1m^[22m[39m
     [90m 376 |[39m   }[33m;[39m
     [90m 377 |[39m })[33m;[39m
     [90m 378 |[39m[0m

      at console.call [as error] (jest.setup.js:375:19)
      at VirtualConsole.<anonymous> (node_modules/.pnpm/@jest+environment-jsdom-abstract@30.2.0_jsdom@26.1.0/node_modules/@jest/environment-jsdom-abstract/build/index.js:87:23)
      at module.exports (node_modules/.pnpm/jsdom@26.1.0/node_modules/jsdom/lib/jsdom/browser/not-implemented.js:12:26)
      at navigateFetch (node_modules/.pnpm/jsdom@26.1.0/node_modules/jsdom/lib/jsdom/living/window/navigation.js:77:3)
      at exports.navigate (node_modules/.pnpm/jsdom@26.1.0/node_modules/jsdom/lib/jsdom/living/window/navigation.js:55:3)
      at LocationImpl._locationObjectNavigate (node_modules/.pnpm/jsdom@26.1.0/node_modules/jsdom/lib/jsdom/living/window/Location-impl.js:30:5)
      at LocationImpl._locationObjectSetterNavigate (node_modules/.pnpm/jsdom@26.1.0/node_modules/jsdom/lib/jsdom/living/window/Location-impl.js:24:17)
      at LocationImpl.set href [as href] (node_modules/.pnpm/jsdom@26.1.0/node_modules/jsdom/lib/jsdom/living/window/Location-impl.js:46:10)
      at Location.set href [as href] (node_modules/.pnpm/jsdom@26.1.0/node_modules/jsdom/lib/jsdom/living/generated/Location.js:125:37)
          at Reflect.set (<anonymous>)
      at Window.set location [as location] (node_modules/.pnpm/jsdom@26.1.0/node_modules/jsdom/lib/jsdom/browser/Window.js:424:15)
      at Object.<anonymous> (src/__tests__/pages/admin-configuration.test.tsx:172:29)

    console.error
      Error: Not implemented: navigation (except hash changes)
          at Reflect.set (<anonymous>)
          at Object.<anonymous> (D:\Repositories\meepleai-monorepo\apps\web\src\__tests__\pages\admin-configuration.test.tsx:172:29)
          at new Promise (<anonymous>) {
        type: 'not implemented'
      }

    [0m [90m 373 |[39m       [36mreturn[39m[33m;[39m
     [90m 374 |[39m     }
    [31m[1m>[22m[39m[90m 375 |[39m     originalError[33m.[39mcall(console[33m,[39m [33m...[39margs)[33m;[39m
     [90m     |[39m                   [31m[1m^[22m[39m
     [90m 376 |[39m   }[33m;[39m
     [90m 377 |[39m })[33m;[39m
     [90m 378 |[39m[0m

      at console.call [as error] (jest.setup.js:375:19)
      at VirtualConsole.<anonymous> (node_modules/.pnpm/@jest+environment-jsdom-abstract@30.2.0_jsdom@26.1.0/node_modules/@jest/environment-jsdom-abstract/build/index.js:87:23)
      at module.exports (node_modules/.pnpm/jsdom@26.1.0/node_modules/jsdom/lib/jsdom/browser/not-implemented.js:12:26)
      at navigateFetch (node_modules/.pnpm/jsdom@26.1.0/node_modules/jsdom/lib/jsdom/living/window/navigation.js:77:3)
      at exports.navigate (node_modules/.pnpm/jsdom@26.1.0/node_modules/jsdom/lib/jsdom/living/window/navigation.js:55:3)
      at LocationImpl._locationObjectNavigate (node_modules/.pnpm/jsdom@26.1.0/node_modules/jsdom/lib/jsdom/living/window/Location-impl.js:30:5)
      at LocationImpl._locationObjectSetterNavigate (node_modules/.pnpm/jsdom@26.1.0/node_modules/jsdom/lib/jsdom/living/window/Location-impl.js:24:17)
      at LocationImpl.set href [as href] (node_modules/.pnpm/jsdom@26.1.0/node_modules/jsdom/lib/jsdom/living/window/Location-impl.js:46:10)
      at Location.set href [as href] (node_modules/.pnpm/jsdom@26.1.0/node_modules/jsdom/lib/jsdom/living/generated/Location.js:125:37)
          at Reflect.set (<anonymous>)
      at Window.set location [as location] (node_modules/.pnpm/jsdom@26.1.0/node_modules/jsdom/lib/jsdom/browser/Window.js:424:15)
      at Object.<anonymous> (src/__tests__/pages/admin-configuration.test.tsx:172:29)

    console.error
      Error: Not implemented: navigation (except hash changes)
          at Reflect.set (<anonymous>)
          at Object.<anonymous> (D:\Repositories\meepleai-monorepo\apps\web\src\__tests__\pages\admin-configuration.test.tsx:172:29)
          at new Promise (<anonymous>) {
        type: 'not implemented'
      }

    [0m [90m 373 |[39m       [36mreturn[39m[33m;[39m
     [90m 374 |[39m     }
    [31m[1m>[22m[39m[90m 375 |[39m     originalError[33m.[39mcall(console[33m,[39m [33m...[39margs)[33m;[39m
     [90m     |[39m                   [31m[1m^[22m[39m
     [90m 376 |[39m   }[33m;[39m
     [90m 377 |[39m })[33m;[39m
     [90m 378 |[39m[0m

      at console.call [as error] (jest.setup.js:375:19)
      at VirtualConsole.<anonymous> (node_modules/.pnpm/@jest+environment-jsdom-abstract@30.2.0_jsdom@26.1.0/node_modules/@jest/environment-jsdom-abstract/build/index.js:87:23)
      at module.exports (node_modules/.pnpm/jsdom@26.1.0/node_modules/jsdom/lib/jsdom/browser/not-implemented.js:12:26)
      at navigateFetch (node_modules/.pnpm/jsdom@26.1.0/node_modules/jsdom/lib/jsdom/living/window/navigation.js:77:3)
      at exports.navigate (node_modules/.pnpm/jsdom@26.1.0/node_modules/jsdom/lib/jsdom/living/window/navigation.js:55:3)
      at LocationImpl._locationObjectNavigate (node_modules/.pnpm/jsdom@26.1.0/node_modules/jsdom/lib/jsdom/living/window/Location-impl.js:30:5)
      at LocationImpl._locationObjectSetterNavigate (node_modules/.pnpm/jsdom@26.1.0/node_modules/jsdom/lib/jsdom/living/window/Location-impl.js:24:17)
      at LocationImpl.set href [as href] (node_modules/.pnpm/jsdom@26.1.0/node_modules/jsdom/lib/jsdom/living/window/Location-impl.js:46:10)
      at Location.set href [as href] (node_modules/.pnpm/jsdom@26.1.0/node_modules/jsdom/lib/jsdom/living/generated/Location.js:125:37)
          at Reflect.set (<anonymous>)
      at Window.set location [as location] (node_modules/.pnpm/jsdom@26.1.0/node_modules/jsdom/lib/jsdom/browser/Window.js:424:15)
      at Object.<anonymous> (src/__tests__/pages/admin-configuration.test.tsx:172:29)

    console.error
      Error: Not implemented: navigation (except hash changes)
          at Reflect.set (<anonymous>)
          at Object.<anonymous> (D:\Repositories\meepleai-monorepo\apps\web\src\__tests__\pages\admin-configuration.test.tsx:172:29)
          at new Promise (<anonymous>) {
        type: 'not implemented'
      }

    [0m [90m 373 |[39m       [36mreturn[39m[33m;[39m
     [90m 374 |[39m     }
    [31m[1m>[22m[39m[90m 375 |[39m     originalError[33m.[39mcall(console[33m,[39m [33m...[39margs)[33m;[39m
     [90m     |[39m                   [31m[1m^[22m[39m
     [90m 376 |[39m   }[33m;[39m
     [90m 377 |[39m })[33m;[39m
     [90m 378 |[39m[0m

      at console.call [as error] (jest.setup.js:375:19)
      at VirtualConsole.<anonymous> (node_modules/.pnpm/@jest+environment-jsdom-abstract@30.2.0_jsdom@26.1.0/node_modules/@jest/environment-jsdom-abstract/build/index.js:87:23)
      at module.exports (node_modules/.pnpm/jsdom@26.1.0/node_modules/jsdom/lib/jsdom/browser/not-implemented.js:12:26)
      at navigateFetch (node_modules/.pnpm/jsdom@26.1.0/node_modules/jsdom/lib/jsdom/living/window/navigation.js:77:3)
      at exports.navigate (node_modules/.pnpm/jsdom@26.1.0/node_modules/jsdom/lib/jsdom/living/window/navigation.js:55:3)
      at LocationImpl._locationObjectNavigate (node_modules/.pnpm/jsdom@26.1.0/node_modules/jsdom/lib/jsdom/living/window/Location-impl.js:30:5)
      at LocationImpl._locationObjectSetterNavigate (node_modules/.pnpm/jsdom@26.1.0/node_modules/jsdom/lib/jsdom/living/window/Location-impl.js:24:17)
      at LocationImpl.set href [as href] (node_modules/.pnpm/jsdom@26.1.0/node_modules/jsdom/lib/jsdom/living/window/Location-impl.js:46:10)
      at Location.set href [as href] (node_modules/.pnpm/jsdom@26.1.0/node_modules/jsdom/lib/jsdom/living/generated/Location.js:125:37)
          at Reflect.set (<anonymous>)
      at Window.set location [as location] (node_modules/.pnpm/jsdom@26.1.0/node_modules/jsdom/lib/jsdom/browser/Window.js:424:15)
      at Object.<anonymous> (src/__tests__/pages/admin-configuration.test.tsx:172:29)

    console.error
      Error: Not implemented: navigation (except hash changes)
          at Reflect.set (<anonymous>)
          at Object.<anonymous> (D:\Repositories\meepleai-monorepo\apps\web\src\__tests__\pages\admin-configuration.test.tsx:172:29)
          at new Promise (<anonymous>) {
        type: 'not implemented'
      }

    [0m [90m 373 |[39m       [36mreturn[39m[33m;[39m
     [90m 374 |[39m     }
    [31m[1m>[22m[39m[90m 375 |[39m     originalError[33m.[39mcall(console[33m,[39m [33m...[39margs)[33m;[39m
     [90m     |[39m                   [31m[1m^[22m[39m
     [90m 376 |[39m   }[33m;[39m
     [90m 377 |[39m })[33m;[39m
     [90m 378 |[39m[0m

      at console.call [as error] (jest.setup.js:375:19)
      at VirtualConsole.<anonymous> (node_modules/.pnpm/@jest+environment-jsdom-abstract@30.2.0_jsdom@26.1.0/node_modules/@jest/environment-jsdom-abstract/build/index.js:87:23)
      at module.exports (node_modules/.pnpm/jsdom@26.1.0/node_modules/jsdom/lib/jsdom/browser/not-implemented.js:12:26)
      at navigateFetch (node_modules/.pnpm/jsdom@26.1.0/node_modules/jsdom/lib/jsdom/living/window/navigation.js:77:3)
      at exports.navigate (node_modules/.pnpm/jsdom@26.1.0/node_modules/jsdom/lib/jsdom/living/window/navigation.js:55:3)
      at LocationImpl._locationObjectNavigate (node_modules/.pnpm/jsdom@26.1.0/node_modules/jsdom/lib/jsdom/living/window/Location-impl.js:30:5)
      at LocationImpl._locationObjectSetterNavigate (node_modules/.pnpm/jsdom@26.1.0/node_modules/jsdom/lib/jsdom/living/window/Location-impl.js:24:17)
      at LocationImpl.set href [as href] (node_modules/.pnpm/jsdom@26.1.0/node_modules/jsdom/lib/jsdom/living/window/Location-impl.js:46:10)
      at Location.set href [as href] (node_modules/.pnpm/jsdom@26.1.0/node_modules/jsdom/lib/jsdom/living/generated/Location.js:125:37)
          at Reflect.set (<anonymous>)
      at Window.set location [as location] (node_modules/.pnpm/jsdom@26.1.0/node_modules/jsdom/lib/jsdom/browser/Window.js:424:15)
      at Object.<anonymous> (src/__tests__/pages/admin-configuration.test.tsx:172:29)

    console.error
      Error: Not implemented: navigation (except hash changes)
          at Reflect.set (<anonymous>)
          at Object.<anonymous> (D:\Repositories\meepleai-monorepo\apps\web\src\__tests__\pages\admin-configuration.test.tsx:172:29)
          at new Promise (<anonymous>) {
        type: 'not implemented'
      }

    [0m [90m 373 |[39m       [36mreturn[39m[33m;[39m
     [90m 374 |[39m     }
    [31m[1m>[22m[39m[90m 375 |[39m     originalError[33m.[39mcall(console[33m,[39m [33m...[39margs)[33m;[39m
     [90m     |[39m                   [31m[1m^[22m[39m
     [90m 376 |[39m   }[33m;[39m
     [90m 377 |[39m })[33m;[39m
     [90m 378 |[39m[0m

      at console.call [as error] (jest.setup.js:375:19)
      at VirtualConsole.<anonymous> (node_modules/.pnpm/@jest+environment-jsdom-abstract@30.2.0_jsdom@26.1.0/node_modules/@jest/environment-jsdom-abstract/build/index.js:87:23)
      at module.exports (node_modules/.pnpm/jsdom@26.1.0/node_modules/jsdom/lib/jsdom/browser/not-implemented.js:12:26)
      at navigateFetch (node_modules/.pnpm/jsdom@26.1.0/node_modules/jsdom/lib/jsdom/living/window/navigation.js:77:3)
      at exports.navigate (node_modules/.pnpm/jsdom@26.1.0/node_modules/jsdom/lib/jsdom/living/window/navigation.js:55:3)
      at LocationImpl._locationObjectNavigate (node_modules/.pnpm/jsdom@26.1.0/node_modules/jsdom/lib/jsdom/living/window/Location-impl.js:30:5)
      at LocationImpl._locationObjectSetterNavigate (node_modules/.pnpm/jsdom@26.1.0/node_modules/jsdom/lib/jsdom/living/window/Location-impl.js:24:17)
      at LocationImpl.set href [as href] (node_modules/.pnpm/jsdom@26.1.0/node_modules/jsdom/lib/jsdom/living/window/Location-impl.js:46:10)
      at Location.set href [as href] (node_modules/.pnpm/jsdom@26.1.0/node_modules/jsdom/lib/jsdom/living/generated/Location.js:125:37)
          at Reflect.set (<anonymous>)
      at Window.set location [as location] (node_modules/.pnpm/jsdom@26.1.0/node_modules/jsdom/lib/jsdom/browser/Window.js:424:15)
      at Object.<anonymous> (src/__tests__/pages/admin-configuration.test.tsx:172:29)

    console.error
      Error: Not implemented: navigation (except hash changes)
          at Reflect.set (<anonymous>)
          at Object.<anonymous> (D:\Repositories\meepleai-monorepo\apps\web\src\__tests__\pages\admin-configuration.test.tsx:172:29)
          at new Promise (<anonymous>) {
        type: 'not implemented'
      }

    [0m [90m 373 |[39m       [36mreturn[39m[33m;[39m
     [90m 374 |[39m     }
    [31m[1m>[22m[39m[90m 375 |[39m     originalError[33m.[39mcall(console[33m,[39m [33m...[39margs)[33m;[39m
     [90m     |[39m                   [31m[1m^[22m[39m
     [90m 376 |[39m   }[33m;[39m
     [90m 377 |[39m })[33m;[39m
     [90m 378 |[39m[0m

      at console.call [as error] (jest.setup.js:375:19)
      at VirtualConsole.<anonymous> (node_modules/.pnpm/@jest+environment-jsdom-abstract@30.2.0_jsdom@26.1.0/node_modules/@jest/environment-jsdom-abstract/build/index.js:87:23)
      at module.exports (node_modules/.pnpm/jsdom@26.1.0/node_modules/jsdom/lib/jsdom/browser/not-implemented.js:12:26)
      at navigateFetch (node_modules/.pnpm/jsdom@26.1.0/node_modules/jsdom/lib/jsdom/living/window/navigation.js:77:3)
      at exports.navigate (node_modules/.pnpm/jsdom@26.1.0/node_modules/jsdom/lib/jsdom/living/window/navigation.js:55:3)
      at LocationImpl._locationObjectNavigate (node_modules/.pnpm/jsdom@26.1.0/node_modules/jsdom/lib/jsdom/living/window/Location-impl.js:30:5)
      at LocationImpl._locationObjectSetterNavigate (node_modules/.pnpm/jsdom@26.1.0/node_modules/jsdom/lib/jsdom/living/window/Location-impl.js:24:17)
      at LocationImpl.set href [as href] (node_modules/.pnpm/jsdom@26.1.0/node_modules/jsdom/lib/jsdom/living/window/Location-impl.js:46:10)
      at Location.set href [as href] (node_modules/.pnpm/jsdom@26.1.0/node_modules/jsdom/lib/jsdom/living/generated/Location.js:125:37)
          at Reflect.set (<anonymous>)
      at Window.set location [as location] (node_modules/.pnpm/jsdom@26.1.0/node_modules/jsdom/lib/jsdom/browser/Window.js:424:15)
      at Object.<anonymous> (src/__tests__/pages/admin-configuration.test.tsx:172:29)

    console.error
      Error: Not implemented: navigation (except hash changes)
          at Reflect.set (<anonymous>)
          at Object.<anonymous> (D:\Repositories\meepleai-monorepo\apps\web\src\__tests__\pages\admin-configuration.test.tsx:172:29)
          at new Promise (<anonymous>) {
        type: 'not implemented'
      }

    [0m [90m 373 |[39m       [36mreturn[39m[33m;[39m
     [90m 374 |[39m     }
    [31m[1m>[22m[39m[90m 375 |[39m     originalError[33m.[39mcall(console[33m,[39m [33m...[39margs)[33m;[39m
     [90m     |[39m                   [31m[1m^[22m[39m
     [90m 376 |[39m   }[33m;[39m
     [90m 377 |[39m })[33m;[39m
     [90m 378 |[39m[0m

      at console.call [as error] (jest.setup.js:375:19)
      at VirtualConsole.<anonymous> (node_modules/.pnpm/@jest+environment-jsdom-abstract@30.2.0_jsdom@26.1.0/node_modules/@jest/environment-jsdom-abstract/build/index.js:87:23)
      at module.exports (node_modules/.pnpm/jsdom@26.1.0/node_modules/jsdom/lib/jsdom/browser/not-implemented.js:12:26)
      at navigateFetch (node_modules/.pnpm/jsdom@26.1.0/node_modules/jsdom/lib/jsdom/living/window/navigation.js:77:3)
      at exports.navigate (node_modules/.pnpm/jsdom@26.1.0/node_modules/jsdom/lib/jsdom/living/window/navigation.js:55:3)
      at LocationImpl._locationObjectNavigate (node_modules/.pnpm/jsdom@26.1.0/node_modules/jsdom/lib/jsdom/living/window/Location-impl.js:30:5)
      at LocationImpl._locationObjectSetterNavigate (node_modules/.pnpm/jsdom@26.1.0/node_modules/jsdom/lib/jsdom/living/window/Location-impl.js:24:17)
      at LocationImpl.set href [as href] (node_modules/.pnpm/jsdom@26.1.0/node_modules/jsdom/lib/jsdom/living/window/Location-impl.js:46:10)
      at Location.set href [as href] (node_modules/.pnpm/jsdom@26.1.0/node_modules/jsdom/lib/jsdom/living/generated/Location.js:125:37)
          at Reflect.set (<anonymous>)
      at Window.set location [as location] (node_modules/.pnpm/jsdom@26.1.0/node_modules/jsdom/lib/jsdom/browser/Window.js:424:15)
      at Object.<anonymous> (src/__tests__/pages/admin-configuration.test.tsx:172:29)

    console.error
      Error: Not implemented: navigation (except hash changes)
          at Reflect.set (<anonymous>)
          at Object.<anonymous> (D:\Repositories\meepleai-monorepo\apps\web\src\__tests__\pages\admin-configuration.test.tsx:172:29)
          at new Promise (<anonymous>) {
        type: 'not implemented'
      }

    [0m [90m 373 |[39m       [36mreturn[39m[33m;[39m
     [90m 374 |[39m     }
    [31m[1m>[22m[39m[90m 375 |[39m     originalError[33m.[39mcall(console[33m,[39m [33m...[39margs)[33m;[39m
     [90m     |[39m                   [31m[1m^[22m[39m
     [90m 376 |[39m   }[33m;[39m
     [90m 377 |[39m })[33m;[39m
     [90m 378 |[39m[0m

      at console.call [as error] (jest.setup.js:375:19)
      at VirtualConsole.<anonymous> (node_modules/.pnpm/@jest+environment-jsdom-abstract@30.2.0_jsdom@26.1.0/node_modules/@jest/environment-jsdom-abstract/build/index.js:87:23)
      at module.exports (node_modules/.pnpm/jsdom@26.1.0/node_modules/jsdom/lib/jsdom/browser/not-implemented.js:12:26)
      at navigateFetch (node_modules/.pnpm/jsdom@26.1.0/node_modules/jsdom/lib/jsdom/living/window/navigation.js:77:3)
      at exports.navigate (node_modules/.pnpm/jsdom@26.1.0/node_modules/jsdom/lib/jsdom/living/window/navigation.js:55:3)
      at LocationImpl._locationObjectNavigate (node_modules/.pnpm/jsdom@26.1.0/node_modules/jsdom/lib/jsdom/living/window/Location-impl.js:30:5)
      at LocationImpl._locationObjectSetterNavigate (node_modules/.pnpm/jsdom@26.1.0/node_modules/jsdom/lib/jsdom/living/window/Location-impl.js:24:17)
      at LocationImpl.set href [as href] (node_modules/.pnpm/jsdom@26.1.0/node_modules/jsdom/lib/jsdom/living/window/Location-impl.js:46:10)
      at Location.set href [as href] (node_modules/.pnpm/jsdom@26.1.0/node_modules/jsdom/lib/jsdom/living/generated/Location.js:125:37)
          at Reflect.set (<anonymous>)
      at Window.set location [as location] (node_modules/.pnpm/jsdom@26.1.0/node_modules/jsdom/lib/jsdom/browser/Window.js:424:15)
      at Object.<anonymous> (src/__tests__/pages/admin-configuration.test.tsx:172:29)

    console.error
      Error: Not implemented: navigation (except hash changes)
          at Reflect.set (<anonymous>)
          at Object.<anonymous> (D:\Repositories\meepleai-monorepo\apps\web\src\__tests__\pages\admin-configuration.test.tsx:172:29)
          at new Promise (<anonymous>) {
        type: 'not implemented'
      }

    [0m [90m 373 |[39m       [36mreturn[39m[33m;[39m
     [90m 374 |[39m     }
    [31m[1m>[22m[39m[90m 375 |[39m     originalError[33m.[39mcall(console[33m,[39m [33m...[39margs)[33m;[39m
     [90m     |[39m                   [31m[1m^[22m[39m
     [90m 376 |[39m   }[33m;[39m
     [90m 377 |[39m })[33m;[39m
     [90m 378 |[39m[0m

      at console.call [as error] (jest.setup.js:375:19)
      at VirtualConsole.<anonymous> (node_modules/.pnpm/@jest+environment-jsdom-abstract@30.2.0_jsdom@26.1.0/node_modules/@jest/environment-jsdom-abstract/build/index.js:87:23)
      at module.exports (node_modules/.pnpm/jsdom@26.1.0/node_modules/jsdom/lib/jsdom/browser/not-implemented.js:12:26)
      at navigateFetch (node_modules/.pnpm/jsdom@26.1.0/node_modules/jsdom/lib/jsdom/living/window/navigation.js:77:3)
      at exports.navigate (node_modules/.pnpm/jsdom@26.1.0/node_modules/jsdom/lib/jsdom/living/window/navigation.js:55:3)
      at LocationImpl._locationObjectNavigate (node_modules/.pnpm/jsdom@26.1.0/node_modules/jsdom/lib/jsdom/living/window/Location-impl.js:30:5)
      at LocationImpl._locationObjectSetterNavigate (node_modules/.pnpm/jsdom@26.1.0/node_modules/jsdom/lib/jsdom/living/window/Location-impl.js:24:17)
      at LocationImpl.set href [as href] (node_modules/.pnpm/jsdom@26.1.0/node_modules/jsdom/lib/jsdom/living/window/Location-impl.js:46:10)
      at Location.set href [as href] (node_modules/.pnpm/jsdom@26.1.0/node_modules/jsdom/lib/jsdom/living/generated/Location.js:125:37)
          at Reflect.set (<anonymous>)
      at Window.set location [as location] (node_modules/.pnpm/jsdom@26.1.0/node_modules/jsdom/lib/jsdom/browser/Window.js:424:15)
      at Object.<anonymous> (src/__tests__/pages/admin-configuration.test.tsx:172:29)

    console.error
      Error: Not implemented: navigation (except hash changes)
          at <unknown> (D:\Repositories\meepleai-monorepo\apps\web\src\pages\admin\configuration.tsx:91:31) {
        type: 'not implemented'
      }

    [0m [90m 373 |[39m       [36mreturn[39m[33m;[39m
     [90m 374 |[39m     }
    [31m[1m>[22m[39m[90m 375 |[39m     originalError[33m.[39mcall(console[33m,[39m [33m...[39margs)[33m;[39m
     [90m     |[39m                   [31m[1m^[22m[39m
     [90m 376 |[39m   }[33m;[39m
     [90m 377 |[39m })[33m;[39m
     [90m 378 |[39m[0m

      at console.call [as error] (jest.setup.js:375:19)
      at VirtualConsole.<anonymous> (node_modules/.pnpm/@jest+environment-jsdom-abstract@30.2.0_jsdom@26.1.0/node_modules/@jest/environment-jsdom-abstract/build/index.js:87:23)
      at module.exports (node_modules/.pnpm/jsdom@26.1.0/node_modules/jsdom/lib/jsdom/browser/not-implemented.js:12:26)
      at navigateFetch (node_modules/.pnpm/jsdom@26.1.0/node_modules/jsdom/lib/jsdom/living/window/navigation.js:77:3)
      at exports.navigate (node_modules/.pnpm/jsdom@26.1.0/node_modules/jsdom/lib/jsdom/living/window/navigation.js:55:3)
      at LocationImpl._locationObjectNavigate (node_modules/.pnpm/jsdom@26.1.0/node_modules/jsdom/lib/jsdom/living/window/Location-impl.js:30:5)
      at LocationImpl._locationObjectSetterNavigate (node_modules/.pnpm/jsdom@26.1.0/node_modules/jsdom/lib/jsdom/living/window/Location-impl.js:24:17)
      at LocationImpl.set href [as href] (node_modules/.pnpm/jsdom@26.1.0/node_modules/jsdom/lib/jsdom/living/window/Location-impl.js:46:10)
      at Location.set href [as href] (node_modules/.pnpm/jsdom@26.1.0/node_modules/jsdom/lib/jsdom/living/generated/Location.js:125:37)
      at src/pages/admin/configuration.tsx:91:31
      at Timeout.task [as _onTimeout] (node_modules/.pnpm/jsdom@26.1.0/node_modules/jsdom/lib/jsdom/browser/Window.js:579:19)

    console.error
      Error: Not implemented: navigation (except hash changes)
          at <unknown> (D:\Repositories\meepleai-monorepo\apps\web\src\pages\admin\configuration.tsx:91:31) {
        type: 'not implemented'
      }

    [0m [90m 373 |[39m       [36mreturn[39m[33m;[39m
     [90m 374 |[39m     }
    [31m[1m>[22m[39m[90m 375 |[39m     originalError[33m.[39mcall(console[33m,[39m [33m...[39margs)[33m;[39m
     [90m     |[39m                   [31m[1m^[22m[39m
     [90m 376 |[39m   }[33m;[39m
     [90m 377 |[39m })[33m;[39m
     [90m 378 |[39m[0m

      at console.call [as error] (jest.setup.js:375:19)
      at VirtualConsole.<anonymous> (node_modules/.pnpm/@jest+environment-jsdom-abstract@30.2.0_jsdom@26.1.0/node_modules/@jest/environment-jsdom-abstract/build/index.js:87:23)
      at module.exports (node_modules/.pnpm/jsdom@26.1.0/node_modules/jsdom/lib/jsdom/browser/not-implemented.js:12:26)
      at navigateFetch (node_modules/.pnpm/jsdom@26.1.0/node_modules/jsdom/lib/jsdom/living/window/navigation.js:77:3)
      at exports.navigate (node_modules/.pnpm/jsdom@26.1.0/node_modules/jsdom/lib/jsdom/living/window/navigation.js:55:3)
      at LocationImpl._locationObjectNavigate (node_modules/.pnpm/jsdom@26.1.0/node_modules/jsdom/lib/jsdom/living/window/Location-impl.js:30:5)
      at LocationImpl._locationObjectSetterNavigate (node_modules/.pnpm/jsdom@26.1.0/node_modules/jsdom/lib/jsdom/living/window/Location-impl.js:24:17)
      at LocationImpl.set href [as href] (node_modules/.pnpm/jsdom@26.1.0/node_modules/jsdom/lib/jsdom/living/window/Location-impl.js:46:10)
      at Location.set href [as href] (node_modules/.pnpm/jsdom@26.1.0/node_modules/jsdom/lib/jsdom/living/generated/Location.js:125:37)
      at src/pages/admin/configuration.tsx:91:31
      at Timeout.task [as _onTimeout] (node_modules/.pnpm/jsdom@26.1.0/node_modules/jsdom/lib/jsdom/browser/Window.js:579:19)

    console.error
      Error: Not implemented: navigation (except hash changes)
          at Reflect.set (<anonymous>)
          at Object.<anonymous> (D:\Repositories\meepleai-monorepo\apps\web\src\__tests__\pages\admin-configuration.test.tsx:172:29)
          at new Promise (<anonymous>) {
        type: 'not implemented'
      }

    [0m [90m 373 |[39m       [36mreturn[39m[33m;[39m
     [90m 374 |[39m     }
    [31m[1m>[22m[39m[90m 375 |[39m     originalError[33m.[39mcall(console[33m,[39m [33m...[39margs)[33m;[39m
     [90m     |[39m                   [31m[1m^[22m[39m
     [90m 376 |[39m   }[33m;[39m
     [90m 377 |[39m })[33m;[39m
     [90m 378 |[39m[0m

      at console.call [as error] (jest.setup.js:375:19)
      at VirtualConsole.<anonymous> (node_modules/.pnpm/@jest+environment-jsdom-abstract@30.2.0_jsdom@26.1.0/node_modules/@jest/environment-jsdom-abstract/build/index.js:87:23)
      at module.exports (node_modules/.pnpm/jsdom@26.1.0/node_modules/jsdom/lib/jsdom/browser/not-implemented.js:12:26)
      at navigateFetch (node_modules/.pnpm/jsdom@26.1.0/node_modules/jsdom/lib/jsdom/living/window/navigation.js:77:3)
      at exports.navigate (node_modules/.pnpm/jsdom@26.1.0/node_modules/jsdom/lib/jsdom/living/window/navigation.js:55:3)
      at LocationImpl._locationObjectNavigate (node_modules/.pnpm/jsdom@26.1.0/node_modules/jsdom/lib/jsdom/living/window/Location-impl.js:30:5)
      at LocationImpl._locationObjectSetterNavigate (node_modules/.pnpm/jsdom@26.1.0/node_modules/jsdom/lib/jsdom/living/window/Location-impl.js:24:17)
      at LocationImpl.set href [as href] (node_modules/.pnpm/jsdom@26.1.0/node_modules/jsdom/lib/jsdom/living/window/Location-impl.js:46:10)
      at Location.set href [as href] (node_modules/.pnpm/jsdom@26.1.0/node_modules/jsdom/lib/jsdom/living/generated/Location.js:125:37)
          at Reflect.set (<anonymous>)
      at Window.set location [as location] (node_modules/.pnpm/jsdom@26.1.0/node_modules/jsdom/lib/jsdom/browser/Window.js:424:15)
      at Object.<anonymous> (src/__tests__/pages/admin-configuration.test.tsx:172:29)

    console.error
      Error: Not implemented: navigation (except hash changes)
          at Reflect.set (<anonymous>)
          at Object.<anonymous> (D:\Repositories\meepleai-monorepo\apps\web\src\__tests__\pages\admin-configuration.test.tsx:172:29)
          at new Promise (<anonymous>) {
        type: 'not implemented'
      }

    [0m [90m 373 |[39m       [36mreturn[39m[33m;[39m
     [90m 374 |[39m     }
    [31m[1m>[22m[39m[90m 375 |[39m     originalError[33m.[39mcall(console[33m,[39m [33m...[39margs)[33m;[39m
     [90m     |[39m                   [31m[1m^[22m[39m
     [90m 376 |[39m   }[33m;[39m
     [90m 377 |[39m })[33m;[39m
     [90m 378 |[39m[0m

      at console.call [as error] (jest.setup.js:375:19)
      at VirtualConsole.<anonymous> (node_modules/.pnpm/@jest+environment-jsdom-abstract@30.2.0_jsdom@26.1.0/node_modules/@jest/environment-jsdom-abstract/build/index.js:87:23)
      at module.exports (node_modules/.pnpm/jsdom@26.1.0/node_modules/jsdom/lib/jsdom/browser/not-implemented.js:12:26)
      at navigateFetch (node_modules/.pnpm/jsdom@26.1.0/node_modules/jsdom/lib/jsdom/living/window/navigation.js:77:3)
      at exports.navigate (node_modules/.pnpm/jsdom@26.1.0/node_modules/jsdom/lib/jsdom/living/window/navigation.js:55:3)
      at LocationImpl._locationObjectNavigate (node_modules/.pnpm/jsdom@26.1.0/node_modules/jsdom/lib/jsdom/living/window/Location-impl.js:30:5)
      at LocationImpl._locationObjectSetterNavigate (node_modules/.pnpm/jsdom@26.1.0/node_modules/jsdom/lib/jsdom/living/window/Location-impl.js:24:17)
      at LocationImpl.set href [as href] (node_modules/.pnpm/jsdom@26.1.0/node_modules/jsdom/lib/jsdom/living/window/Location-impl.js:46:10)
      at Location.set href [as href] (node_modules/.pnpm/jsdom@26.1.0/node_modules/jsdom/lib/jsdom/living/generated/Location.js:125:37)
          at Reflect.set (<anonymous>)
      at Window.set location [as location] (node_modules/.pnpm/jsdom@26.1.0/node_modules/jsdom/lib/jsdom/browser/Window.js:424:15)
      at Object.<anonymous> (src/__tests__/pages/admin-configuration.test.tsx:172:29)

    console.error
      Error: Not implemented: navigation (except hash changes)
          at Reflect.set (<anonymous>)
          at Object.<anonymous> (D:\Repositories\meepleai-monorepo\apps\web\src\__tests__\pages\admin-configuration.test.tsx:172:29)
          at new Promise (<anonymous>) {
        type: 'not implemented'
      }

    [0m [90m 373 |[39m       [36mreturn[39m[33m;[39m
     [90m 374 |[39m     }
    [31m[1m>[22m[39m[90m 375 |[39m     originalError[33m.[39mcall(console[33m,[39m [33m...[39margs)[33m;[39m
     [90m     |[39m                   [31m[1m^[22m[39m
     [90m 376 |[39m   }[33m;[39m
     [90m 377 |[39m })[33m;[39m
     [90m 378 |[39m[0m

      at console.call [as error] (jest.setup.js:375:19)
      at VirtualConsole.<anonymous> (node_modules/.pnpm/@jest+environment-jsdom-abstract@30.2.0_jsdom@26.1.0/node_modules/@jest/environment-jsdom-abstract/build/index.js:87:23)
      at module.exports (node_modules/.pnpm/jsdom@26.1.0/node_modules/jsdom/lib/jsdom/browser/not-implemented.js:12:26)
      at navigateFetch (node_modules/.pnpm/jsdom@26.1.0/node_modules/jsdom/lib/jsdom/living/window/navigation.js:77:3)
      at exports.navigate (node_modules/.pnpm/jsdom@26.1.0/node_modules/jsdom/lib/jsdom/living/window/navigation.js:55:3)
      at LocationImpl._locationObjectNavigate (node_modules/.pnpm/jsdom@26.1.0/node_modules/jsdom/lib/jsdom/living/window/Location-impl.js:30:5)
      at LocationImpl._locationObjectSetterNavigate (node_modules/.pnpm/jsdom@26.1.0/node_modules/jsdom/lib/jsdom/living/window/Location-impl.js:24:17)
      at LocationImpl.set href [as href] (node_modules/.pnpm/jsdom@26.1.0/node_modules/jsdom/lib/jsdom/living/window/Location-impl.js:46:10)
      at Location.set href [as href] (node_modules/.pnpm/jsdom@26.1.0/node_modules/jsdom/lib/jsdom/living/generated/Location.js:125:37)
          at Reflect.set (<anonymous>)
      at Window.set location [as location] (node_modules/.pnpm/jsdom@26.1.0/node_modules/jsdom/lib/jsdom/browser/Window.js:424:15)
      at Object.<anonymous> (src/__tests__/pages/admin-configuration.test.tsx:172:29)

    console.error
      Error: Not implemented: navigation (except hash changes)
          at Reflect.set (<anonymous>)
          at Object.<anonymous> (D:\Repositories\meepleai-monorepo\apps\web\src\__tests__\pages\admin-configuration.test.tsx:172:29)
          at new Promise (<anonymous>) {
        type: 'not implemented'
      }

    [0m [90m 373 |[39m       [36mreturn[39m[33m;[39m
     [90m 374 |[39m     }
    [31m[1m>[22m[39m[90m 375 |[39m     originalError[33m.[39mcall(console[33m,[39m [33m...[39margs)[33m;[39m
     [90m     |[39m                   [31m[1m^[22m[39m
     [90m 376 |[39m   }[33m;[39m
     [90m 377 |[39m })[33m;[39m
     [90m 378 |[39m[0m

      at console.call [as error] (jest.setup.js:375:19)
      at VirtualConsole.<anonymous> (node_modules/.pnpm/@jest+environment-jsdom-abstract@30.2.0_jsdom@26.1.0/node_modules/@jest/environment-jsdom-abstract/build/index.js:87:23)
      at module.exports (node_modules/.pnpm/jsdom@26.1.0/node_modules/jsdom/lib/jsdom/browser/not-implemented.js:12:26)
      at navigateFetch (node_modules/.pnpm/jsdom@26.1.0/node_modules/jsdom/lib/jsdom/living/window/navigation.js:77:3)
      at exports.navigate (node_modules/.pnpm/jsdom@26.1.0/node_modules/jsdom/lib/jsdom/living/window/navigation.js:55:3)
      at LocationImpl._locationObjectNavigate (node_modules/.pnpm/jsdom@26.1.0/node_modules/jsdom/lib/jsdom/living/window/Location-impl.js:30:5)
      at LocationImpl._locationObjectSetterNavigate (node_modules/.pnpm/jsdom@26.1.0/node_modules/jsdom/lib/jsdom/living/window/Location-impl.js:24:17)
      at LocationImpl.set href [as href] (node_modules/.pnpm/jsdom@26.1.0/node_modules/jsdom/lib/jsdom/living/window/Location-impl.js:46:10)
      at Location.set href [as href] (node_modules/.pnpm/jsdom@26.1.0/node_modules/jsdom/lib/jsdom/living/generated/Location.js:125:37)
          at Reflect.set (<anonymous>)
      at Window.set location [as location] (node_modules/.pnpm/jsdom@26.1.0/node_modules/jsdom/lib/jsdom/browser/Window.js:424:15)
      at Object.<anonymous> (src/__tests__/pages/admin-configuration.test.tsx:172:29)

    console.error
      Error: Not implemented: navigation (except hash changes)
          at Reflect.set (<anonymous>)
          at Object.<anonymous> (D:\Repositories\meepleai-monorepo\apps\web\src\__tests__\pages\admin-configuration.test.tsx:172:29)
          at new Promise (<anonymous>) {
        type: 'not implemented'
      }

    [0m [90m 373 |[39m       [36mreturn[39m[33m;[39m
     [90m 374 |[39m     }
    [31m[1m>[22m[39m[90m 375 |[39m     originalError[33m.[39mcall(console[33m,[39m [33m...[39margs)[33m;[39m
     [90m     |[39m                   [31m[1m^[22m[39m
     [90m 376 |[39m   }[33m;[39m
     [90m 377 |[39m })[33m;[39m
     [90m 378 |[39m[0m

      at console.call [as error] (jest.setup.js:375:19)
      at VirtualConsole.<anonymous> (node_modules/.pnpm/@jest+environment-jsdom-abstract@30.2.0_jsdom@26.1.0/node_modules/@jest/environment-jsdom-abstract/build/index.js:87:23)
      at module.exports (node_modules/.pnpm/jsdom@26.1.0/node_modules/jsdom/lib/jsdom/browser/not-implemented.js:12:26)
      at navigateFetch (node_modules/.pnpm/jsdom@26.1.0/node_modules/jsdom/lib/jsdom/living/window/navigation.js:77:3)
      at exports.navigate (node_modules/.pnpm/jsdom@26.1.0/node_modules/jsdom/lib/jsdom/living/window/navigation.js:55:3)
      at LocationImpl._locationObjectNavigate (node_modules/.pnpm/jsdom@26.1.0/node_modules/jsdom/lib/jsdom/living/window/Location-impl.js:30:5)
      at LocationImpl._locationObjectSetterNavigate (node_modules/.pnpm/jsdom@26.1.0/node_modules/jsdom/lib/jsdom/living/window/Location-impl.js:24:17)
      at LocationImpl.set href [as href] (node_modules/.pnpm/jsdom@26.1.0/node_modules/jsdom/lib/jsdom/living/window/Location-impl.js:46:10)
      at Location.set href [as href] (node_modules/.pnpm/jsdom@26.1.0/node_modules/jsdom/lib/jsdom/living/generated/Location.js:125:37)
          at Reflect.set (<anonymous>)
      at Window.set location [as location] (node_modules/.pnpm/jsdom@26.1.0/node_modules/jsdom/lib/jsdom/browser/Window.js:424:15)
      at Object.<anonymous> (src/__tests__/pages/admin-configuration.test.tsx:172:29)

PASS src/__tests__/pages/analytics.test.tsx
  ● Console

    console.error
      Error: Not implemented: navigation (except hash changes)
          at ignore-listed frames {
        type: 'not implemented'
      }

    [0m [90m 373 |[39m       [36mreturn[39m[33m;[39m
     [90m 374 |[39m     }
    [31m[1m>[22m[39m[90m 375 |[39m     originalError[33m.[39mcall(console[33m,[39m [33m...[39margs)[33m;[39m
     [90m     |[39m                   [31m[1m^[22m[39m
     [90m 376 |[39m   }[33m;[39m
     [90m 377 |[39m })[33m;[39m
     [90m 378 |[39m[0m

      at console.call [as error] (jest.setup.js:375:19)
      at VirtualConsole.<anonymous> (node_modules/.pnpm/@jest+environment-jsdom-abstract@30.2.0_jsdom@26.1.0/node_modules/@jest/environment-jsdom-abstract/build/index.js:87:23)
      at module.exports (node_modules/.pnpm/jsdom@26.1.0/node_modules/jsdom/lib/jsdom/browser/not-implemented.js:12:26)
      at navigateFetch (node_modules/.pnpm/jsdom@26.1.0/node_modules/jsdom/lib/jsdom/living/window/navigation.js:77:3)
      at exports.navigate (node_modules/.pnpm/jsdom@26.1.0/node_modules/jsdom/lib/jsdom/living/window/navigation.js:55:3)
      at Timeout._onTimeout (node_modules/.pnpm/jsdom@26.1.0/node_modules/jsdom/lib/jsdom/living/nodes/HTMLHyperlinkElementUtils-impl.js:80:7)

    console.error
      Error: Not implemented: navigation (except hash changes)
          at ignore-listed frames {
        type: 'not implemented'
      }

    [0m [90m 373 |[39m       [36mreturn[39m[33m;[39m
     [90m 374 |[39m     }
    [31m[1m>[22m[39m[90m 375 |[39m     originalError[33m.[39mcall(console[33m,[39m [33m...[39margs)[33m;[39m
     [90m     |[39m                   [31m[1m^[22m[39m
     [90m 376 |[39m   }[33m;[39m
     [90m 377 |[39m })[33m;[39m
     [90m 378 |[39m[0m

      at console.call [as error] (jest.setup.js:375:19)
      at VirtualConsole.<anonymous> (node_modules/.pnpm/@jest+environment-jsdom-abstract@30.2.0_jsdom@26.1.0/node_modules/@jest/environment-jsdom-abstract/build/index.js:87:23)
      at module.exports (node_modules/.pnpm/jsdom@26.1.0/node_modules/jsdom/lib/jsdom/browser/not-implemented.js:12:26)
      at navigateFetch (node_modules/.pnpm/jsdom@26.1.0/node_modules/jsdom/lib/jsdom/living/window/navigation.js:77:3)
      at exports.navigate (node_modules/.pnpm/jsdom@26.1.0/node_modules/jsdom/lib/jsdom/living/window/navigation.js:55:3)
      at Timeout._onTimeout (node_modules/.pnpm/jsdom@26.1.0/node_modules/jsdom/lib/jsdom/living/nodes/HTMLHyperlinkElementUtils-impl.js:80:7)

    console.error
      Error: Not implemented: navigation (except hash changes)
          at ignore-listed frames {
        type: 'not implemented'
      }

    [0m [90m 373 |[39m       [36mreturn[39m[33m;[39m
     [90m 374 |[39m     }
    [31m[1m>[22m[39m[90m 375 |[39m     originalError[33m.[39mcall(console[33m,[39m [33m...[39margs)[33m;[39m
     [90m     |[39m                   [31m[1m^[22m[39m
     [90m 376 |[39m   }[33m;[39m
     [90m 377 |[39m })[33m;[39m
     [90m 378 |[39m[0m

      at console.call [as error] (jest.setup.js:375:19)
      at VirtualConsole.<anonymous> (node_modules/.pnpm/@jest+environment-jsdom-abstract@30.2.0_jsdom@26.1.0/node_modules/@jest/environment-jsdom-abstract/build/index.js:87:23)
      at module.exports (node_modules/.pnpm/jsdom@26.1.0/node_modules/jsdom/lib/jsdom/browser/not-implemented.js:12:26)
      at navigateFetch (node_modules/.pnpm/jsdom@26.1.0/node_modules/jsdom/lib/jsdom/living/window/navigation.js:77:3)
      at exports.navigate (node_modules/.pnpm/jsdom@26.1.0/node_modules/jsdom/lib/jsdom/living/window/navigation.js:55:3)
      at Timeout._onTimeout (node_modules/.pnpm/jsdom@26.1.0/node_modules/jsdom/lib/jsdom/living/nodes/HTMLHyperlinkElementUtils-impl.js:80:7)

    console.error
      Error: Not implemented: navigation (except hash changes)
          at ignore-listed frames {
        type: 'not implemented'
      }

    [0m [90m 373 |[39m       [36mreturn[39m[33m;[39m
     [90m 374 |[39m     }
    [31m[1m>[22m[39m[90m 375 |[39m     originalError[33m.[39mcall(console[33m,[39m [33m...[39margs)[33m;[39m
     [90m     |[39m                   [31m[1m^[22m[39m
     [90m 376 |[39m   }[33m;[39m
     [90m 377 |[39m })[33m;[39m
     [90m 378 |[39m[0m

      at console.call [as error] (jest.setup.js:375:19)
      at VirtualConsole.<anonymous> (node_modules/.pnpm/@jest+environment-jsdom-abstract@30.2.0_jsdom@26.1.0/node_modules/@jest/environment-jsdom-abstract/build/index.js:87:23)
      at module.exports (node_modules/.pnpm/jsdom@26.1.0/node_modules/jsdom/lib/jsdom/browser/not-implemented.js:12:26)
      at navigateFetch (node_modules/.pnpm/jsdom@26.1.0/node_modules/jsdom/lib/jsdom/living/window/navigation.js:77:3)
      at exports.navigate (node_modules/.pnpm/jsdom@26.1.0/node_modules/jsdom/lib/jsdom/living/window/navigation.js:55:3)
      at Timeout._onTimeout (node_modules/.pnpm/jsdom@26.1.0/node_modules/jsdom/lib/jsdom/living/nodes/HTMLHyperlinkElementUtils-impl.js:80:7)

    console.error
      Error: Not implemented: navigation (except hash changes)
          at ignore-listed frames {
        type: 'not implemented'
      }

    [0m [90m 373 |[39m       [36mreturn[39m[33m;[39m
     [90m 374 |[39m     }
    [31m[1m>[22m[39m[90m 375 |[39m     originalError[33m.[39mcall(console[33m,[39m [33m...[39margs)[33m;[39m
     [90m     |[39m                   [31m[1m^[22m[39m
     [90m 376 |[39m   }[33m;[39m
     [90m 377 |[39m })[33m;[39m
     [90m 378 |[39m[0m

      at console.call [as error] (jest.setup.js:375:19)
      at VirtualConsole.<anonymous> (node_modules/.pnpm/@jest+environment-jsdom-abstract@30.2.0_jsdom@26.1.0/node_modules/@jest/environment-jsdom-abstract/build/index.js:87:23)
      at module.exports (node_modules/.pnpm/jsdom@26.1.0/node_modules/jsdom/lib/jsdom/browser/not-implemented.js:12:26)
      at navigateFetch (node_modules/.pnpm/jsdom@26.1.0/node_modules/jsdom/lib/jsdom/living/window/navigation.js:77:3)
      at exports.navigate (node_modules/.pnpm/jsdom@26.1.0/node_modules/jsdom/lib/jsdom/living/window/navigation.js:55:3)
      at Timeout._onTimeout (node_modules/.pnpm/jsdom@26.1.0/node_modules/jsdom/lib/jsdom/living/nodes/HTMLHyperlinkElementUtils-impl.js:80:7)

    console.error
      Error: Not implemented: navigation (except hash changes)
          at ignore-listed frames {
        type: 'not implemented'
      }

    [0m [90m 373 |[39m       [36mreturn[39m[33m;[39m
     [90m 374 |[39m     }
    [31m[1m>[22m[39m[90m 375 |[39m     originalError[33m.[39mcall(console[33m,[39m [33m...[39margs)[33m;[39m
     [90m     |[39m                   [31m[1m^[22m[39m
     [90m 376 |[39m   }[33m;[39m
     [90m 377 |[39m })[33m;[39m
     [90m 378 |[39m[0m

      at console.call [as error] (jest.setup.js:375:19)
      at VirtualConsole.<anonymous> (node_modules/.pnpm/@jest+environment-jsdom-abstract@30.2.0_jsdom@26.1.0/node_modules/@jest/environment-jsdom-abstract/build/index.js:87:23)
      at module.exports (node_modules/.pnpm/jsdom@26.1.0/node_modules/jsdom/lib/jsdom/browser/not-implemented.js:12:26)
      at navigateFetch (node_modules/.pnpm/jsdom@26.1.0/node_modules/jsdom/lib/jsdom/living/window/navigation.js:77:3)
      at exports.navigate (node_modules/.pnpm/jsdom@26.1.0/node_modules/jsdom/lib/jsdom/living/window/navigation.js:55:3)
      at Timeout._onTimeout (node_modules/.pnpm/jsdom@26.1.0/node_modules/jsdom/lib/jsdom/living/nodes/HTMLHyperlinkElementUtils-impl.js:80:7)

    console.error
      Error: Not implemented: navigation (except hash changes)
          at ignore-listed frames {
        type: 'not implemented'
      }

    [0m [90m 373 |[39m       [36mreturn[39m[33m;[39m
     [90m 374 |[39m     }
    [31m[1m>[22m[39m[90m 375 |[39m     originalError[33m.[39mcall(console[33m,[39m [33m...[39margs)[33m;[39m
     [90m     |[39m                   [31m[1m^[22m[39m
     [90m 376 |[39m   }[33m;[39m
     [90m 377 |[39m })[33m;[39m
     [90m 378 |[39m[0m

      at console.call [as error] (jest.setup.js:375:19)
      at VirtualConsole.<anonymous> (node_modules/.pnpm/@jest+environment-jsdom-abstract@30.2.0_jsdom@26.1.0/node_modules/@jest/environment-jsdom-abstract/build/index.js:87:23)
      at module.exports (node_modules/.pnpm/jsdom@26.1.0/node_modules/jsdom/lib/jsdom/browser/not-implemented.js:12:26)
      at navigateFetch (node_modules/.pnpm/jsdom@26.1.0/node_modules/jsdom/lib/jsdom/living/window/navigation.js:77:3)
      at exports.navigate (node_modules/.pnpm/jsdom@26.1.0/node_modules/jsdom/lib/jsdom/living/window/navigation.js:55:3)
      at Timeout._onTimeout (node_modules/.pnpm/jsdom@26.1.0/node_modules/jsdom/lib/jsdom/living/nodes/HTMLHyperlinkElementUtils-impl.js:80:7)

    console.error
      Error: Not implemented: navigation (except hash changes)
          at ignore-listed frames {
        type: 'not implemented'
      }

    [0m [90m 373 |[39m       [36mreturn[39m[33m;[39m
     [90m 374 |[39m     }
    [31m[1m>[22m[39m[90m 375 |[39m     originalError[33m.[39mcall(console[33m,[39m [33m...[39margs)[33m;[39m
     [90m     |[39m                   [31m[1m^[22m[39m
     [90m 376 |[39m   }[33m;[39m
     [90m 377 |[39m })[33m;[39m
     [90m 378 |[39m[0m

      at console.call [as error] (jest.setup.js:375:19)
      at VirtualConsole.<anonymous> (node_modules/.pnpm/@jest+environment-jsdom-abstract@30.2.0_jsdom@26.1.0/node_modules/@jest/environment-jsdom-abstract/build/index.js:87:23)
      at module.exports (node_modules/.pnpm/jsdom@26.1.0/node_modules/jsdom/lib/jsdom/browser/not-implemented.js:12:26)
      at navigateFetch (node_modules/.pnpm/jsdom@26.1.0/node_modules/jsdom/lib/jsdom/living/window/navigation.js:77:3)
      at exports.navigate (node_modules/.pnpm/jsdom@26.1.0/node_modules/jsdom/lib/jsdom/living/window/navigation.js:55:3)
      at Timeout._onTimeout (node_modules/.pnpm/jsdom@26.1.0/node_modules/jsdom/lib/jsdom/living/nodes/HTMLHyperlinkElementUtils-impl.js:80:7)

PASS src/__tests__/pages/versions.test.tsx
PASS src/__tests__/components/pdf/PdfUploadForm.test.tsx
PASS src/__tests__/components/MultiFileUpload.test.tsx
PASS src/components/accessible/__tests__/AccessibleModal.test.tsx
  ● Console

    console.error
      `DialogContent` requires a `DialogTitle` for the component to be accessible for screen reader users.
      
      If you want to hide the `DialogTitle`, you can wrap it with our VisuallyHidden component.
      
      For more information, see https://radix-ui.com/primitives/docs/components/dialog

    [0m [90m 373 |[39m       [36mreturn[39m[33m;[39m
     [90m 374 |[39m     }
    [31m[1m>[22m[39m[90m 375 |[39m     originalError[33m.[39mcall(console[33m,[39m [33m...[39margs)[33m;[39m
     [90m     |[39m                   [31m[1m^[22m[39m
     [90m 376 |[39m   }[33m;[39m
     [90m 377 |[39m })[33m;[39m
     [90m 378 |[39m[0m

      at console.call [as error] (jest.setup.js:375:19)
      at node_modules/.pnpm/@radix-ui+react-dialog@1.1._664b8f23a65f4708bb5cf27e5ff43c08/node_modules/@radix-ui/react-dialog/src/dialog.tsx:520:30
      at Object.react_stack_bottom_frame (node_modules/.pnpm/react-dom@19.2.0_react@19.2.0/node_modules/react-dom/cjs/react-dom-client.development.js:25989:20)
      at runWithFiberInDEV (node_modules/.pnpm/react-dom@19.2.0_react@19.2.0/node_modules/react-dom/cjs/react-dom-client.development.js:874:13)
      at commitHookEffectListMount (node_modules/.pnpm/react-dom@19.2.0_react@19.2.0/node_modules/react-dom/cjs/react-dom-client.development.js:13249:29)
      at commitHookPassiveMountEffects (node_modules/.pnpm/react-dom@19.2.0_react@19.2.0/node_modules/react-dom/cjs/react-dom-client.development.js:13336:11)
      at commitPassiveMountOnFiber (node_modules/.pnpm/react-dom@19.2.0_react@19.2.0/node_modules/react-dom/cjs/react-dom-client.development.js:15484:13)
      at recursivelyTraversePassiveMountEffects (node_modules/.pnpm/react-dom@19.2.0_react@19.2.0/node_modules/react-dom/cjs/react-dom-client.development.js:15439:11)
      at commitPassiveMountOnFiber (node_modules/.pnpm/react-dom@19.2.0_react@19.2.0/node_modules/react-dom/cjs/react-dom-client.development.js:15718:11)
      at recursivelyTraversePassiveMountEffects (node_modules/.pnpm/react-dom@19.2.0_react@19.2.0/node_modules/react-dom/cjs/react-dom-client.development.js:15439:11)
      at commitPassiveMountOnFiber (node_modules/.pnpm/react-dom@19.2.0_react@19.2.0/node_modules/react-dom/cjs/react-dom-client.development.js:15476:11)
      at recursivelyTraversePassiveMountEffects (node_modules/.pnpm/react-dom@19.2.0_react@19.2.0/node_modules/react-dom/cjs/react-dom-client.development.js:15439:11)
      at commitPassiveMountOnFiber (node_modules/.pnpm/react-dom@19.2.0_react@19.2.0/node_modules/react-dom/cjs/react-dom-client.development.js:15476:11)
      at recursivelyTraversePassiveMountEffects (node_modules/.pnpm/react-dom@19.2.0_react@19.2.0/node_modules/react-dom/cjs/react-dom-client.development.js:15439:11)
      at commitPassiveMountOnFiber (node_modules/.pnpm/react-dom@19.2.0_react@19.2.0/node_modules/react-dom/cjs/react-dom-client.development.js:15476:11)
      at recursivelyTraversePassiveMountEffects (node_modules/.pnpm/react-dom@19.2.0_react@19.2.0/node_modules/react-dom/cjs/react-dom-client.development.js:15439:11)
      at commitPassiveMountOnFiber (node_modules/.pnpm/react-dom@19.2.0_react@19.2.0/node_modules/react-dom/cjs/react-dom-client.development.js:15476:11)
      at recursivelyTraversePassiveMountEffects (node_modules/.pnpm/react-dom@19.2.0_react@19.2.0/node_modules/react-dom/cjs/react-dom-client.development.js:15439:11)
      at commitPassiveMountOnFiber (node_modules/.pnpm/react-dom@19.2.0_react@19.2.0/node_modules/react-dom/cjs/react-dom-client.development.js:15476:11)
      at recursivelyTraversePassiveMountEffects (node_modules/.pnpm/react-dom@19.2.0_react@19.2.0/node_modules/react-dom/cjs/react-dom-client.development.js:15439:11)
      at commitPassiveMountOnFiber (node_modules/.pnpm/react-dom@19.2.0_react@19.2.0/node_modules/react-dom/cjs/react-dom-client.development.js:15476:11)
      at recursivelyTraversePassiveMountEffects (node_modules/.pnpm/react-dom@19.2.0_react@19.2.0/node_modules/react-dom/cjs/react-dom-client.development.js:15439:11)
      at commitPassiveMountOnFiber (node_modules/.pnpm/react-dom@19.2.0_react@19.2.0/node_modules/react-dom/cjs/react-dom-client.development.js:15476:11)
      at recursivelyTraversePassiveMountEffects (node_modules/.pnpm/react-dom@19.2.0_react@19.2.0/node_modules/react-dom/cjs/react-dom-client.development.js:15439:11)
      at commitPassiveMountOnFiber (node_modules/.pnpm/react-dom@19.2.0_react@19.2.0/node_modules/react-dom/cjs/react-dom-client.development.js:15718:11)
      at recursivelyTraversePassiveMountEffects (node_modules/.pnpm/react-dom@19.2.0_react@19.2.0/node_modules/react-dom/cjs/react-dom-client.development.js:15439:11)
      at commitPassiveMountOnFiber (node_modules/.pnpm/react-dom@19.2.0_react@19.2.0/node_modules/react-dom/cjs/react-dom-client.development.js:15476:11)
      at recursivelyTraversePassiveMountEffects (node_modules/.pnpm/react-dom@19.2.0_react@19.2.0/node_modules/react-dom/cjs/react-dom-client.development.js:15439:11)
      at commitPassiveMountOnFiber (node_modules/.pnpm/react-dom@19.2.0_react@19.2.0/node_modules/react-dom/cjs/react-dom-client.development.js:15476:11)
      at recursivelyTraversePassiveMountEffects (node_modules/.pnpm/react-dom@19.2.0_react@19.2.0/node_modules/react-dom/cjs/react-dom-client.development.js:15439:11)
      at commitPassiveMountOnFiber (node_modules/.pnpm/react-dom@19.2.0_react@19.2.0/node_modules/react-dom/cjs/react-dom-client.development.js:15718:11)
      at recursivelyTraversePassiveMountEffects (node_modules/.pnpm/react-dom@19.2.0_react@19.2.0/node_modules/react-dom/cjs/react-dom-client.development.js:15439:11)
      at commitPassiveMountOnFiber (node_modules/.pnpm/react-dom@19.2.0_react@19.2.0/node_modules/react-dom/cjs/react-dom-client.development.js:15476:11)
      at recursivelyTraversePassiveMountEffects (node_modules/.pnpm/react-dom@19.2.0_react@19.2.0/node_modules/react-dom/cjs/react-dom-client.development.js:15439:11)
      at commitPassiveMountOnFiber (node_modules/.pnpm/react-dom@19.2.0_react@19.2.0/node_modules/react-dom/cjs/react-dom-client.development.js:15476:11)
      at recursivelyTraversePassiveMountEffects (node_modules/.pnpm/react-dom@19.2.0_react@19.2.0/node_modules/react-dom/cjs/react-dom-client.development.js:15439:11)
      at commitPassiveMountOnFiber (node_modules/.pnpm/react-dom@19.2.0_react@19.2.0/node_modules/react-dom/cjs/react-dom-client.development.js:15476:11)
      at recursivelyTraversePassiveMountEffects (node_modules/.pnpm/react-dom@19.2.0_react@19.2.0/node_modules/react-dom/cjs/react-dom-client.development.js:15439:11)
      at commitPassiveMountOnFiber (node_modules/.pnpm/react-dom@19.2.0_react@19.2.0/node_modules/react-dom/cjs/react-dom-client.development.js:15718:11)
      at recursivelyTraversePassiveMountEffects (node_modules/.pnpm/react-dom@19.2.0_react@19.2.0/node_modules/react-dom/cjs/react-dom-client.development.js:15439:11)
      at commitPassiveMountOnFiber (node_modules/.pnpm/react-dom@19.2.0_react@19.2.0/node_modules/react-dom/cjs/react-dom-client.development.js:15476:11)
      at recursivelyTraversePassiveMountEffects (node_modules/.pnpm/react-dom@19.2.0_react@19.2.0/node_modules/react-dom/cjs/react-dom-client.development.js:15439:11)
      at commitPassiveMountOnFiber (node_modules/.pnpm/react-dom@19.2.0_react@19.2.0/node_modules/react-dom/cjs/react-dom-client.development.js:15476:11)
      at recursivelyTraversePassiveMountEffects (node_modules/.pnpm/react-dom@19.2.0_react@19.2.0/node_modules/react-dom/cjs/react-dom-client.development.js:15439:11)
      at commitPassiveMountOnFiber (node_modules/.pnpm/react-dom@19.2.0_react@19.2.0/node_modules/react-dom/cjs/react-dom-client.development.js:15476:11)
      at recursivelyTraversePassiveMountEffects (node_modules/.pnpm/react-dom@19.2.0_react@19.2.0/node_modules/react-dom/cjs/react-dom-client.development.js:15439:11)
      at commitPassiveMountOnFiber (node_modules/.pnpm/react-dom@19.2.0_react@19.2.0/node_modules/react-dom/cjs/react-dom-client.development.js:15519:11)
      at flushPassiveEffects (node_modules/.pnpm/react-dom@19.2.0_react@19.2.0/node_modules/react-dom/cjs/react-dom-client.development.js:18432:9)
      at flushPendingEffects (node_modules/.pnpm/react-dom@19.2.0_react@19.2.0/node_modules/react-dom/cjs/react-dom-client.development.js:18358:14)
      at flushSpawnedWork (node_modules/.pnpm/react-dom@19.2.0_react@19.2.0/node_modules/react-dom/cjs/react-dom-client.development.js:18323:44)
      at commitRoot (node_modules/.pnpm/react-dom@19.2.0_react@19.2.0/node_modules/react-dom/cjs/react-dom-client.development.js:17955:9)
      at performWorkOnRoot (node_modules/.pnpm/react-dom@19.2.0_react@19.2.0/node_modules/react-dom/cjs/react-dom-client.development.js:16667:15)
      at performSyncWorkOnRoot (node_modules/.pnpm/react-dom@19.2.0_react@19.2.0/node_modules/react-dom/cjs/react-dom-client.development.js:18972:7)
      at flushSyncWorkAcrossRoots_impl (node_modules/.pnpm/react-dom@19.2.0_react@19.2.0/node_modules/react-dom/cjs/react-dom-client.development.js:18814:21)
      at flushSpawnedWork (node_modules/.pnpm/react-dom@19.2.0_react@19.2.0/node_modules/react-dom/cjs/react-dom-client.development.js:18334:9)
      at commitRoot (node_modules/.pnpm/react-dom@19.2.0_react@19.2.0/node_modules/react-dom/cjs/react-dom-client.development.js:17955:9)
      at performWorkOnRoot (node_modules/.pnpm/react-dom@19.2.0_react@19.2.0/node_modules/react-dom/cjs/react-dom-client.development.js:16667:15)
      at performWorkOnRootViaSchedulerTask (node_modules/.pnpm/react-dom@19.2.0_react@19.2.0/node_modules/react-dom/cjs/react-dom-client.development.js:18957:7)
      at flushActQueue (node_modules/.pnpm/react@19.2.0/node_modules/react/cjs/react.development.js:590:34)
      at process.env.NODE_ENV.exports.act (node_modules/.pnpm/react@19.2.0/node_modules/react/cjs/react.development.js:884:10)
      at node_modules/.pnpm/@testing-library+react@16.3_15d474de7481bb0af842c1b1705139a8/node_modules/@testing-library/react/dist/act-compat.js:47:25
      at renderRoot (node_modules/.pnpm/@testing-library+react@16.3_15d474de7481bb0af842c1b1705139a8/node_modules/@testing-library/react/dist/pure.js:190:26)
      at rerender (node_modules/.pnpm/@testing-library+react@16.3_15d474de7481bb0af842c1b1705139a8/node_modules/@testing-library/react/dist/pure.js:211:7)
      at Object.rerender (src/components/accessible/__tests__/AccessibleModal.test.tsx:42:7)

    console.error
      `DialogContent` requires a `DialogTitle` for the component to be accessible for screen reader users.
      
      If you want to hide the `DialogTitle`, you can wrap it with our VisuallyHidden component.
      
      For more information, see https://radix-ui.com/primitives/docs/components/dialog

    [0m [90m 373 |[39m       [36mreturn[39m[33m;[39m
     [90m 374 |[39m     }
    [31m[1m>[22m[39m[90m 375 |[39m     originalError[33m.[39mcall(console[33m,[39m [33m...[39margs)[33m;[39m
     [90m     |[39m                   [31m[1m^[22m[39m
     [90m 376 |[39m   }[33m;[39m
     [90m 377 |[39m })[33m;[39m
     [90m 378 |[39m[0m

      at console.call [as error] (jest.setup.js:375:19)
      at node_modules/.pnpm/@radix-ui+react-dialog@1.1._664b8f23a65f4708bb5cf27e5ff43c08/node_modules/@radix-ui/react-dialog/src/dialog.tsx:520:30
      at Object.react_stack_bottom_frame (node_modules/.pnpm/react-dom@19.2.0_react@19.2.0/node_modules/react-dom/cjs/react-dom-client.development.js:25989:20)
      at runWithFiberInDEV (node_modules/.pnpm/react-dom@19.2.0_react@19.2.0/node_modules/react-dom/cjs/react-dom-client.development.js:874:13)
      at commitHookEffectListMount (node_modules/.pnpm/react-dom@19.2.0_react@19.2.0/node_modules/react-dom/cjs/react-dom-client.development.js:13249:29)
      at commitHookPassiveMountEffects (node_modules/.pnpm/react-dom@19.2.0_react@19.2.0/node_modules/react-dom/cjs/react-dom-client.development.js:13336:11)
      at commitPassiveMountOnFiber (node_modules/.pnpm/react-dom@19.2.0_react@19.2.0/node_modules/react-dom/cjs/react-dom-client.development.js:15484:13)
      at recursivelyTraversePassiveMountEffects (node_modules/.pnpm/react-dom@19.2.0_react@19.2.0/node_modules/react-dom/cjs/react-dom-client.development.js:15439:11)
      at commitPassiveMountOnFiber (node_modules/.pnpm/react-dom@19.2.0_react@19.2.0/node_modules/react-dom/cjs/react-dom-client.development.js:15718:11)
      at recursivelyTraversePassiveMountEffects (node_modules/.pnpm/react-dom@19.2.0_react@19.2.0/node_modules/react-dom/cjs/react-dom-client.development.js:15439:11)
      at commitPassiveMountOnFiber (node_modules/.pnpm/react-dom@19.2.0_react@19.2.0/node_modules/react-dom/cjs/react-dom-client.development.js:15476:11)
      at recursivelyTraversePassiveMountEffects (node_modules/.pnpm/react-dom@19.2.0_react@19.2.0/node_modules/react-dom/cjs/react-dom-client.development.js:15439:11)
      at commitPassiveMountOnFiber (node_modules/.pnpm/react-dom@19.2.0_react@19.2.0/node_modules/react-dom/cjs/react-dom-client.development.js:15476:11)
      at recursivelyTraversePassiveMountEffects (node_modules/.pnpm/react-dom@19.2.0_react@19.2.0/node_modules/react-dom/cjs/react-dom-client.development.js:15439:11)
      at commitPassiveMountOnFiber (node_modules/.pnpm/react-dom@19.2.0_react@19.2.0/node_modules/react-dom/cjs/react-dom-client.development.js:15476:11)
      at recursivelyTraversePassiveMountEffects (node_modules/.pnpm/react-dom@19.2.0_react@19.2.0/node_modules/react-dom/cjs/react-dom-client.development.js:15439:11)
      at commitPassiveMountOnFiber (node_modules/.pnpm/react-dom@19.2.0_react@19.2.0/node_modules/react-dom/cjs/react-dom-client.development.js:15476:11)
      at recursivelyTraversePassiveMountEffects (node_modules/.pnpm/react-dom@19.2.0_react@19.2.0/node_modules/react-dom/cjs/react-dom-client.development.js:15439:11)
      at commitPassiveMountOnFiber (node_modules/.pnpm/react-dom@19.2.0_react@19.2.0/node_modules/react-dom/cjs/react-dom-client.development.js:15476:11)
      at recursivelyTraversePassiveMountEffects (node_modules/.pnpm/react-dom@19.2.0_react@19.2.0/node_modules/react-dom/cjs/react-dom-client.development.js:15439:11)
      at commitPassiveMountOnFiber (node_modules/.pnpm/react-dom@19.2.0_react@19.2.0/node_modules/react-dom/cjs/react-dom-client.development.js:15476:11)
      at recursivelyTraversePassiveMountEffects (node_modules/.pnpm/react-dom@19.2.0_react@19.2.0/node_modules/react-dom/cjs/react-dom-client.development.js:15439:11)
      at commitPassiveMountOnFiber (node_modules/.pnpm/react-dom@19.2.0_react@19.2.0/node_modules/react-dom/cjs/react-dom-client.development.js:15476:11)
      at recursivelyTraversePassiveMountEffects (node_modules/.pnpm/react-dom@19.2.0_react@19.2.0/node_modules/react-dom/cjs/react-dom-client.development.js:15439:11)
      at commitPassiveMountOnFiber (node_modules/.pnpm/react-dom@19.2.0_react@19.2.0/node_modules/react-dom/cjs/react-dom-client.development.js:15718:11)
      at recursivelyTraversePassiveMountEffects (node_modules/.pnpm/react-dom@19.2.0_react@19.2.0/node_modules/react-dom/cjs/react-dom-client.development.js:15439:11)
      at commitPassiveMountOnFiber (node_modules/.pnpm/react-dom@19.2.0_react@19.2.0/node_modules/react-dom/cjs/react-dom-client.development.js:15476:11)
      at recursivelyTraversePassiveMountEffects (node_modules/.pnpm/react-dom@19.2.0_react@19.2.0/node_modules/react-dom/cjs/react-dom-client.development.js:15439:11)
      at commitPassiveMountOnFiber (node_modules/.pnpm/react-dom@19.2.0_react@19.2.0/node_modules/react-dom/cjs/react-dom-client.development.js:15476:11)
      at recursivelyTraversePassiveMountEffects (node_modules/.pnpm/react-dom@19.2.0_react@19.2.0/node_modules/react-dom/cjs/react-dom-client.development.js:15439:11)
      at commitPassiveMountOnFiber (node_modules/.pnpm/react-dom@19.2.0_react@19.2.0/node_modules/react-dom/cjs/react-dom-client.development.js:15718:11)
      at recursivelyTraversePassiveMountEffects (node_modules/.pnpm/react-dom@19.2.0_react@19.2.0/node_modules/react-dom/cjs/react-dom-client.development.js:15439:11)
      at commitPassiveMountOnFiber (node_modules/.pnpm/react-dom@19.2.0_react@19.2.0/node_modules/react-dom/cjs/react-dom-client.development.js:15476:11)
      at recursivelyTraversePassiveMountEffects (node_modules/.pnpm/react-dom@19.2.0_react@19.2.0/node_modules/react-dom/cjs/react-dom-client.development.js:15439:11)
      at commitPassiveMountOnFiber (node_modules/.pnpm/react-dom@19.2.0_react@19.2.0/node_modules/react-dom/cjs/react-dom-client.development.js:15476:11)
      at recursivelyTraversePassiveMountEffects (node_modules/.pnpm/react-dom@19.2.0_react@19.2.0/node_modules/react-dom/cjs/react-dom-client.development.js:15439:11)
      at commitPassiveMountOnFiber (node_modules/.pnpm/react-dom@19.2.0_react@19.2.0/node_modules/react-dom/cjs/react-dom-client.development.js:15476:11)
      at recursivelyTraversePassiveMountEffects (node_modules/.pnpm/react-dom@19.2.0_react@19.2.0/node_modules/react-dom/cjs/react-dom-client.development.js:15439:11)
      at commitPassiveMountOnFiber (node_modules/.pnpm/react-dom@19.2.0_react@19.2.0/node_modules/react-dom/cjs/react-dom-client.development.js:15718:11)
      at recursivelyTraversePassiveMountEffects (node_modules/.pnpm/react-dom@19.2.0_react@19.2.0/node_modules/react-dom/cjs/react-dom-client.development.js:15439:11)
      at commitPassiveMountOnFiber (node_modules/.pnpm/react-dom@19.2.0_react@19.2.0/node_modules/react-dom/cjs/react-dom-client.development.js:15476:11)
      at recursivelyTraversePassiveMountEffects (node_modules/.pnpm/react-dom@19.2.0_react@19.2.0/node_modules/react-dom/cjs/react-dom-client.development.js:15439:11)
      at commitPassiveMountOnFiber (node_modules/.pnpm/react-dom@19.2.0_react@19.2.0/node_modules/react-dom/cjs/react-dom-client.development.js:15476:11)
      at recursivelyTraversePassiveMountEffects (node_modules/.pnpm/react-dom@19.2.0_react@19.2.0/node_modules/react-dom/cjs/react-dom-client.development.js:15439:11)
      at commitPassiveMountOnFiber (node_modules/.pnpm/react-dom@19.2.0_react@19.2.0/node_modules/react-dom/cjs/react-dom-client.development.js:15476:11)
      at recursivelyTraversePassiveMountEffects (node_modules/.pnpm/react-dom@19.2.0_react@19.2.0/node_modules/react-dom/cjs/react-dom-client.development.js:15439:11)
      at commitPassiveMountOnFiber (node_modules/.pnpm/react-dom@19.2.0_react@19.2.0/node_modules/react-dom/cjs/react-dom-client.development.js:15519:11)
      at flushPassiveEffects (node_modules/.pnpm/react-dom@19.2.0_react@19.2.0/node_modules/react-dom/cjs/react-dom-client.development.js:18432:9)
      at flushPendingEffects (node_modules/.pnpm/react-dom@19.2.0_react@19.2.0/node_modules/react-dom/cjs/react-dom-client.development.js:18358:14)
      at flushSpawnedWork (node_modules/.pnpm/react-dom@19.2.0_react@19.2.0/node_modules/react-dom/cjs/react-dom-client.development.js:18323:44)
      at commitRoot (node_modules/.pnpm/react-dom@19.2.0_react@19.2.0/node_modules/react-dom/cjs/react-dom-client.development.js:17955:9)
      at performWorkOnRoot (node_modules/.pnpm/react-dom@19.2.0_react@19.2.0/node_modules/react-dom/cjs/react-dom-client.development.js:16667:15)
      at performSyncWorkOnRoot (node_modules/.pnpm/react-dom@19.2.0_react@19.2.0/node_modules/react-dom/cjs/react-dom-client.development.js:18972:7)
      at flushSyncWorkAcrossRoots_impl (node_modules/.pnpm/react-dom@19.2.0_react@19.2.0/node_modules/react-dom/cjs/react-dom-client.development.js:18814:21)
      at flushSpawnedWork (node_modules/.pnpm/react-dom@19.2.0_react@19.2.0/node_modules/react-dom/cjs/react-dom-client.development.js:18334:9)
      at commitRoot (node_modules/.pnpm/react-dom@19.2.0_react@19.2.0/node_modules/react-dom/cjs/react-dom-client.development.js:17955:9)
      at performWorkOnRoot (node_modules/.pnpm/react-dom@19.2.0_react@19.2.0/node_modules/react-dom/cjs/react-dom-client.development.js:16667:15)
      at performWorkOnRootViaSchedulerTask (node_modules/.pnpm/react-dom@19.2.0_react@19.2.0/node_modules/react-dom/cjs/react-dom-client.development.js:18957:7)
      at flushActQueue (node_modules/.pnpm/react@19.2.0/node_modules/react/cjs/react.development.js:590:34)
      at process.env.NODE_ENV.exports.act (node_modules/.pnpm/react@19.2.0/node_modules/react/cjs/react.development.js:884:10)
      at node_modules/.pnpm/@testing-library+react@16.3_15d474de7481bb0af842c1b1705139a8/node_modules/@testing-library/react/dist/act-compat.js:47:25
      at renderRoot (node_modules/.pnpm/@testing-library+react@16.3_15d474de7481bb0af842c1b1705139a8/node_modules/@testing-library/react/dist/pure.js:190:26)
      at rerender (node_modules/.pnpm/@testing-library+react@16.3_15d474de7481bb0af842c1b1705139a8/node_modules/@testing-library/react/dist/pure.js:211:7)
      at Object.rerender (src/components/accessible/__tests__/AccessibleModal.test.tsx:65:7)

    console.error
      `DialogContent` requires a `DialogTitle` for the component to be accessible for screen reader users.
      
      If you want to hide the `DialogTitle`, you can wrap it with our VisuallyHidden component.
      
      For more information, see https://radix-ui.com/primitives/docs/components/dialog

    [0m [90m 373 |[39m       [36mreturn[39m[33m;[39m
     [90m 374 |[39m     }
    [31m[1m>[22m[39m[90m 375 |[39m     originalError[33m.[39mcall(console[33m,[39m [33m...[39margs)[33m;[39m
     [90m     |[39m                   [31m[1m^[22m[39m
     [90m 376 |[39m   }[33m;[39m
     [90m 377 |[39m })[33m;[39m
     [90m 378 |[39m[0m

      at console.call [as error] (jest.setup.js:375:19)
      at node_modules/.pnpm/@radix-ui+react-dialog@1.1._664b8f23a65f4708bb5cf27e5ff43c08/node_modules/@radix-ui/react-dialog/src/dialog.tsx:520:30
      at Object.react_stack_bottom_frame (node_modules/.pnpm/react-dom@19.2.0_react@19.2.0/node_modules/react-dom/cjs/react-dom-client.development.js:25989:20)
      at runWithFiberInDEV (node_modules/.pnpm/react-dom@19.2.0_react@19.2.0/node_modules/react-dom/cjs/react-dom-client.development.js:874:13)
      at commitHookEffectListMount (node_modules/.pnpm/react-dom@19.2.0_react@19.2.0/node_modules/react-dom/cjs/react-dom-client.development.js:13249:29)
      at commitHookPassiveMountEffects (node_modules/.pnpm/react-dom@19.2.0_react@19.2.0/node_modules/react-dom/cjs/react-dom-client.development.js:13336:11)
      at commitPassiveMountOnFiber (node_modules/.pnpm/react-dom@19.2.0_react@19.2.0/node_modules/react-dom/cjs/react-dom-client.development.js:15484:13)
      at recursivelyTraversePassiveMountEffects (node_modules/.pnpm/react-dom@19.2.0_react@19.2.0/node_modules/react-dom/cjs/react-dom-client.development.js:15439:11)
      at commitPassiveMountOnFiber (node_modules/.pnpm/react-dom@19.2.0_react@19.2.0/node_modules/react-dom/cjs/react-dom-client.development.js:15718:11)
      at recursivelyTraversePassiveMountEffects (node_modules/.pnpm/react-dom@19.2.0_react@19.2.0/node_modules/react-dom/cjs/react-dom-client.development.js:15439:11)
      at commitPassiveMountOnFiber (node_modules/.pnpm/react-dom@19.2.0_react@19.2.0/node_modules/react-dom/cjs/react-dom-client.development.js:15476:11)
      at recursivelyTraversePassiveMountEffects (node_modules/.pnpm/react-dom@19.2.0_react@19.2.0/node_modules/react-dom/cjs/react-dom-client.development.js:15439:11)
      at commitPassiveMountOnFiber (node_modules/.pnpm/react-dom@19.2.0_react@19.2.0/node_modules/react-dom/cjs/react-dom-client.development.js:15476:11)
      at recursivelyTraversePassiveMountEffects (node_modules/.pnpm/react-dom@19.2.0_react@19.2.0/node_modules/react-dom/cjs/react-dom-client.development.js:15439:11)
      at commitPassiveMountOnFiber (node_modules/.pnpm/react-dom@19.2.0_react@19.2.0/node_modules/react-dom/cjs/react-dom-client.development.js:15476:11)
      at recursivelyTraversePassiveMountEffects (node_modules/.pnpm/react-dom@19.2.0_react@19.2.0/node_modules/react-dom/cjs/react-dom-client.development.js:15439:11)
      at commitPassiveMountOnFiber (node_modules/.pnpm/react-dom@19.2.0_react@19.2.0/node_modules/react-dom/cjs/react-dom-client.development.js:15476:11)
      at recursivelyTraversePassiveMountEffects (node_modules/.pnpm/react-dom@19.2.0_react@19.2.0/node_modules/react-dom/cjs/react-dom-client.development.js:15439:11)
      at commitPassiveMountOnFiber (node_modules/.pnpm/react-dom@19.2.0_react@19.2.0/node_modules/react-dom/cjs/react-dom-client.development.js:15476:11)
      at recursivelyTraversePassiveMountEffects (node_modules/.pnpm/react-dom@19.2.0_react@19.2.0/node_modules/react-dom/cjs/react-dom-client.development.js:15439:11)
      at commitPassiveMountOnFiber (node_modules/.pnpm/react-dom@19.2.0_react@19.2.0/node_modules/react-dom/cjs/react-dom-client.development.js:15476:11)
      at recursivelyTraversePassiveMountEffects (node_modules/.pnpm/react-dom@19.2.0_react@19.2.0/node_modules/react-dom/cjs/react-dom-client.development.js:15439:11)
      at commitPassiveMountOnFiber (node_modules/.pnpm/react-dom@19.2.0_react@19.2.0/node_modules/react-dom/cjs/react-dom-client.development.js:15476:11)
      at recursivelyTraversePassiveMountEffects (node_modules/.pnpm/react-dom@19.2.0_react@19.2.0/node_modules/react-dom/cjs/react-dom-client.development.js:15439:11)
      at commitPassiveMountOnFiber (node_modules/.pnpm/react-dom@19.2.0_react@19.2.0/node_modules/react-dom/cjs/react-dom-client.development.js:15718:11)
      at recursivelyTraversePassiveMountEffects (node_modules/.pnpm/react-dom@19.2.0_react@19.2.0/node_modules/react-dom/cjs/react-dom-client.development.js:15439:11)
      at commitPassiveMountOnFiber (node_modules/.pnpm/react-dom@19.2.0_react@19.2.0/node_modules/react-dom/cjs/react-dom-client.development.js:15476:11)
      at recursivelyTraversePassiveMountEffects (node_modules/.pnpm/react-dom@19.2.0_react@19.2.0/node_modules/react-dom/cjs/react-dom-client.development.js:15439:11)
      at commitPassiveMountOnFiber (node_modules/.pnpm/react-dom@19.2.0_react@19.2.0/node_modules/react-dom/cjs/react-dom-client.development.js:15476:11)
      at recursivelyTraversePassiveMountEffects (node_modules/.pnpm/react-dom@19.2.0_react@19.2.0/node_modules/react-dom/cjs/react-dom-client.development.js:15439:11)
      at commitPassiveMountOnFiber (node_modules/.pnpm/react-dom@19.2.0_react@19.2.0/node_modules/react-dom/cjs/react-dom-client.development.js:15718:11)
      at recursivelyTraversePassiveMountEffects (node_modules/.pnpm/react-dom@19.2.0_react@19.2.0/node_modules/react-dom/cjs/react-dom-client.development.js:15439:11)
      at commitPassiveMountOnFiber (node_modules/.pnpm/react-dom@19.2.0_react@19.2.0/node_modules/react-dom/cjs/react-dom-client.development.js:15476:11)
      at recursivelyTraversePassiveMountEffects (node_modules/.pnpm/react-dom@19.2.0_react@19.2.0/node_modules/react-dom/cjs/react-dom-client.development.js:15439:11)
      at commitPassiveMountOnFiber (node_modules/.pnpm/react-dom@19.2.0_react@19.2.0/node_modules/react-dom/cjs/react-dom-client.development.js:15476:11)
      at recursivelyTraversePassiveMountEffects (node_modules/.pnpm/react-dom@19.2.0_react@19.2.0/node_modules/react-dom/cjs/react-dom-client.development.js:15439:11)
      at commitPassiveMountOnFiber (node_modules/.pnpm/react-dom@19.2.0_react@19.2.0/node_modules/react-dom/cjs/react-dom-client.development.js:15476:11)
      at recursivelyTraversePassiveMountEffects (node_modules/.pnpm/react-dom@19.2.0_react@19.2.0/node_modules/react-dom/cjs/react-dom-client.development.js:15439:11)
      at commitPassiveMountOnFiber (node_modules/.pnpm/react-dom@19.2.0_react@19.2.0/node_modules/react-dom/cjs/react-dom-client.development.js:15718:11)
      at recursivelyTraversePassiveMountEffects (node_modules/.pnpm/react-dom@19.2.0_react@19.2.0/node_modules/react-dom/cjs/react-dom-client.development.js:15439:11)
      at commitPassiveMountOnFiber (node_modules/.pnpm/react-dom@19.2.0_react@19.2.0/node_modules/react-dom/cjs/react-dom-client.development.js:15476:11)
      at recursivelyTraversePassiveMountEffects (node_modules/.pnpm/react-dom@19.2.0_react@19.2.0/node_modules/react-dom/cjs/react-dom-client.development.js:15439:11)
      at commitPassiveMountOnFiber (node_modules/.pnpm/react-dom@19.2.0_react@19.2.0/node_modules/react-dom/cjs/react-dom-client.development.js:15476:11)
      at recursivelyTraversePassiveMountEffects (node_modules/.pnpm/react-dom@19.2.0_react@19.2.0/node_modules/react-dom/cjs/react-dom-client.development.js:15439:11)
      at commitPassiveMountOnFiber (node_modules/.pnpm/react-dom@19.2.0_react@19.2.0/node_modules/react-dom/cjs/react-dom-client.development.js:15476:11)
      at recursivelyTraversePassiveMountEffects (node_modules/.pnpm/react-dom@19.2.0_react@19.2.0/node_modules/react-dom/cjs/react-dom-client.development.js:15439:11)
      at commitPassiveMountOnFiber (node_modules/.pnpm/react-dom@19.2.0_react@19.2.0/node_modules/react-dom/cjs/react-dom-client.development.js:15519:11)
      at flushPassiveEffects (node_modules/.pnpm/react-dom@19.2.0_react@19.2.0/node_modules/react-dom/cjs/react-dom-client.development.js:18432:9)
      at flushPendingEffects (node_modules/.pnpm/react-dom@19.2.0_react@19.2.0/node_modules/react-dom/cjs/react-dom-client.development.js:18358:14)
      at flushSpawnedWork (node_modules/.pnpm/react-dom@19.2.0_react@19.2.0/node_modules/react-dom/cjs/react-dom-client.development.js:18323:44)
      at commitRoot (node_modules/.pnpm/react-dom@19.2.0_react@19.2.0/node_modules/react-dom/cjs/react-dom-client.development.js:17955:9)
      at performWorkOnRoot (node_modules/.pnpm/react-dom@19.2.0_react@19.2.0/node_modules/react-dom/cjs/react-dom-client.development.js:16667:15)
      at performSyncWorkOnRoot (node_modules/.pnpm/react-dom@19.2.0_react@19.2.0/node_modules/react-dom/cjs/react-dom-client.development.js:18972:7)
      at flushSyncWorkAcrossRoots_impl (node_modules/.pnpm/react-dom@19.2.0_react@19.2.0/node_modules/react-dom/cjs/react-dom-client.development.js:18814:21)
      at flushSpawnedWork (node_modules/.pnpm/react-dom@19.2.0_react@19.2.0/node_modules/react-dom/cjs/react-dom-client.development.js:18334:9)
      at commitRoot (node_modules/.pnpm/react-dom@19.2.0_react@19.2.0/node_modules/react-dom/cjs/react-dom-client.development.js:17955:9)
      at performWorkOnRoot (node_modules/.pnpm/react-dom@19.2.0_react@19.2.0/node_modules/react-dom/cjs/react-dom-client.development.js:16667:15)
      at performWorkOnRootViaSchedulerTask (node_modules/.pnpm/react-dom@19.2.0_react@19.2.0/node_modules/react-dom/cjs/react-dom-client.development.js:18957:7)
      at flushActQueue (node_modules/.pnpm/react@19.2.0/node_modules/react/cjs/react.development.js:590:34)
      at process.env.NODE_ENV.exports.act (node_modules/.pnpm/react@19.2.0/node_modules/react/cjs/react.development.js:884:10)
      at node_modules/.pnpm/@testing-library+react@16.3_15d474de7481bb0af842c1b1705139a8/node_modules/@testing-library/react/dist/act-compat.js:47:25
      at renderRoot (node_modules/.pnpm/@testing-library+react@16.3_15d474de7481bb0af842c1b1705139a8/node_modules/@testing-library/react/dist/pure.js:190:26)
      at rerender (node_modules/.pnpm/@testing-library+react@16.3_15d474de7481bb0af842c1b1705139a8/node_modules/@testing-library/react/dist/pure.js:211:7)
      at Object.rerender (src/components/accessible/__tests__/AccessibleModal.test.tsx:87:7)

    console.error
      `DialogContent` requires a `DialogTitle` for the component to be accessible for screen reader users.
      
      If you want to hide the `DialogTitle`, you can wrap it with our VisuallyHidden component.
      
      For more information, see https://radix-ui.com/primitives/docs/components/dialog

    [0m [90m 373 |[39m       [36mreturn[39m[33m;[39m
     [90m 374 |[39m     }
    [31m[1m>[22m[39m[90m 375 |[39m     originalError[33m.[39mcall(console[33m,[39m [33m...[39margs)[33m;[39m
     [90m     |[39m                   [31m[1m^[22m[39m
     [90m 376 |[39m   }[33m;[39m
     [90m 377 |[39m })[33m;[39m
     [90m 378 |[39m[0m

      at console.call [as error] (jest.setup.js:375:19)
      at node_modules/.pnpm/@radix-ui+react-dialog@1.1._664b8f23a65f4708bb5cf27e5ff43c08/node_modules/@radix-ui/react-dialog/src/dialog.tsx:520:30
      at Object.react_stack_bottom_frame (node_modules/.pnpm/react-dom@19.2.0_react@19.2.0/node_modules/react-dom/cjs/react-dom-client.development.js:25989:20)
      at runWithFiberInDEV (node_modules/.pnpm/react-dom@19.2.0_react@19.2.0/node_modules/react-dom/cjs/react-dom-client.development.js:874:13)
      at commitHookEffectListMount (node_modules/.pnpm/react-dom@19.2.0_react@19.2.0/node_modules/react-dom/cjs/react-dom-client.development.js:13249:29)
      at commitHookPassiveMountEffects (node_modules/.pnpm/react-dom@19.2.0_react@19.2.0/node_modules/react-dom/cjs/react-dom-client.development.js:13336:11)
      at commitPassiveMountOnFiber (node_modules/.pnpm/react-dom@19.2.0_react@19.2.0/node_modules/react-dom/cjs/react-dom-client.development.js:15484:13)
      at recursivelyTraversePassiveMountEffects (node_modules/.pnpm/react-dom@19.2.0_react@19.2.0/node_modules/react-dom/cjs/react-dom-client.development.js:15439:11)
      at commitPassiveMountOnFiber (node_modules/.pnpm/react-dom@19.2.0_react@19.2.0/node_modules/react-dom/cjs/react-dom-client.development.js:15718:11)
      at recursivelyTraversePassiveMountEffects (node_modules/.pnpm/react-dom@19.2.0_react@19.2.0/node_modules/react-dom/cjs/react-dom-client.development.js:15439:11)
      at commitPassiveMountOnFiber (node_modules/.pnpm/react-dom@19.2.0_react@19.2.0/node_modules/react-dom/cjs/react-dom-client.development.js:15476:11)
      at recursivelyTraversePassiveMountEffects (node_modules/.pnpm/react-dom@19.2.0_react@19.2.0/node_modules/react-dom/cjs/react-dom-client.development.js:15439:11)
      at commitPassiveMountOnFiber (node_modules/.pnpm/react-dom@19.2.0_react@19.2.0/node_modules/react-dom/cjs/react-dom-client.development.js:15476:11)
      at recursivelyTraversePassiveMountEffects (node_modules/.pnpm/react-dom@19.2.0_react@19.2.0/node_modules/react-dom/cjs/react-dom-client.development.js:15439:11)
      at commitPassiveMountOnFiber (node_modules/.pnpm/react-dom@19.2.0_react@19.2.0/node_modules/react-dom/cjs/react-dom-client.development.js:15476:11)
      at recursivelyTraversePassiveMountEffects (node_modules/.pnpm/react-dom@19.2.0_react@19.2.0/node_modules/react-dom/cjs/react-dom-client.development.js:15439:11)
      at commitPassiveMountOnFiber (node_modules/.pnpm/react-dom@19.2.0_react@19.2.0/node_modules/react-dom/cjs/react-dom-client.development.js:15476:11)
      at recursivelyTraversePassiveMountEffects (node_modules/.pnpm/react-dom@19.2.0_react@19.2.0/node_modules/react-dom/cjs/react-dom-client.development.js:15439:11)
      at commitPassiveMountOnFiber (node_modules/.pnpm/react-dom@19.2.0_react@19.2.0/node_modules/react-dom/cjs/react-dom-client.development.js:15476:11)
      at recursivelyTraversePassiveMountEffects (node_modules/.pnpm/react-dom@19.2.0_react@19.2.0/node_modules/react-dom/cjs/react-dom-client.development.js:15439:11)
      at commitPassiveMountOnFiber (node_modules/.pnpm/react-dom@19.2.0_react@19.2.0/node_modules/react-dom/cjs/react-dom-client.development.js:15476:11)
      at recursivelyTraversePassiveMountEffects (node_modules/.pnpm/react-dom@19.2.0_react@19.2.0/node_modules/react-dom/cjs/react-dom-client.development.js:15439:11)
      at commitPassiveMountOnFiber (node_modules/.pnpm/react-dom@19.2.0_react@19.2.0/node_modules/react-dom/cjs/react-dom-client.development.js:15476:11)
      at recursivelyTraversePassiveMountEffects (node_modules/.pnpm/react-dom@19.2.0_react@19.2.0/node_modules/react-dom/cjs/react-dom-client.development.js:15439:11)
      at commitPassiveMountOnFiber (node_modules/.pnpm/react-dom@19.2.0_react@19.2.0/node_modules/react-dom/cjs/react-dom-client.development.js:15718:11)
      at recursivelyTraversePassiveMountEffects (node_modules/.pnpm/react-dom@19.2.0_react@19.2.0/node_modules/react-dom/cjs/react-dom-client.development.js:15439:11)
      at commitPassiveMountOnFiber (node_modules/.pnpm/react-dom@19.2.0_react@19.2.0/node_modules/react-dom/cjs/react-dom-client.development.js:15476:11)
      at recursivelyTraversePassiveMountEffects (node_modules/.pnpm/react-dom@19.2.0_react@19.2.0/node_modules/react-dom/cjs/react-dom-client.development.js:15439:11)
      at commitPassiveMountOnFiber (node_modules/.pnpm/react-dom@19.2.0_react@19.2.0/node_modules/react-dom/cjs/react-dom-client.development.js:15476:11)
      at recursivelyTraversePassiveMountEffects (node_modules/.pnpm/react-dom@19.2.0_react@19.2.0/node_modules/react-dom/cjs/react-dom-client.development.js:15439:11)
      at commitPassiveMountOnFiber (node_modules/.pnpm/react-dom@19.2.0_react@19.2.0/node_modules/react-dom/cjs/react-dom-client.development.js:15718:11)
      at recursivelyTraversePassiveMountEffects (node_modules/.pnpm/react-dom@19.2.0_react@19.2.0/node_modules/react-dom/cjs/react-dom-client.development.js:15439:11)
      at commitPassiveMountOnFiber (node_modules/.pnpm/react-dom@19.2.0_react@19.2.0/node_modules/react-dom/cjs/react-dom-client.development.js:15476:11)
      at recursivelyTraversePassiveMountEffects (node_modules/.pnpm/react-dom@19.2.0_react@19.2.0/node_modules/react-dom/cjs/react-dom-client.development.js:15439:11)
      at commitPassiveMountOnFiber (node_modules/.pnpm/react-dom@19.2.0_react@19.2.0/node_modules/react-dom/cjs/react-dom-client.development.js:15476:11)
      at recursivelyTraversePassiveMountEffects (node_modules/.pnpm/react-dom@19.2.0_react@19.2.0/node_modules/react-dom/cjs/react-dom-client.development.js:15439:11)
      at commitPassiveMountOnFiber (node_modules/.pnpm/react-dom@19.2.0_react@19.2.0/node_modules/react-dom/cjs/react-dom-client.development.js:15476:11)
      at recursivelyTraversePassiveMountEffects (node_modules/.pnpm/react-dom@19.2.0_react@19.2.0/node_modules/react-dom/cjs/react-dom-client.development.js:15439:11)
      at commitPassiveMountOnFiber (node_modules/.pnpm/react-dom@19.2.0_react@19.2.0/node_modules/react-dom/cjs/react-dom-client.development.js:15718:11)
      at recursivelyTraversePassiveMountEffects (node_modules/.pnpm/react-dom@19.2.0_react@19.2.0/node_modules/react-dom/cjs/react-dom-client.development.js:15439:11)
      at commitPassiveMountOnFiber (node_modules/.pnpm/react-dom@19.2.0_react@19.2.0/node_modules/react-dom/cjs/react-dom-client.development.js:15476:11)
      at recursivelyTraversePassiveMountEffects (node_modules/.pnpm/react-dom@19.2.0_react@19.2.0/node_modules/react-dom/cjs/react-dom-client.development.js:15439:11)
      at commitPassiveMountOnFiber (node_modules/.pnpm/react-dom@19.2.0_react@19.2.0/node_modules/react-dom/cjs/react-dom-client.development.js:15476:11)
      at recursivelyTraversePassiveMountEffects (node_modules/.pnpm/react-dom@19.2.0_react@19.2.0/node_modules/react-dom/cjs/react-dom-client.development.js:15439:11)
      at commitPassiveMountOnFiber (node_modules/.pnpm/react-dom@19.2.0_react@19.2.0/node_modules/react-dom/cjs/react-dom-client.development.js:15476:11)
      at recursivelyTraversePassiveMountEffects (node_modules/.pnpm/react-dom@19.2.0_react@19.2.0/node_modules/react-dom/cjs/react-dom-client.development.js:15439:11)
      at commitPassiveMountOnFiber (node_modules/.pnpm/react-dom@19.2.0_react@19.2.0/node_modules/react-dom/cjs/react-dom-client.development.js:15519:11)
      at flushPassiveEffects (node_modules/.pnpm/react-dom@19.2.0_react@19.2.0/node_modules/react-dom/cjs/react-dom-client.development.js:18432:9)
      at flushPendingEffects (node_modules/.pnpm/react-dom@19.2.0_react@19.2.0/node_modules/react-dom/cjs/react-dom-client.development.js:18358:14)
      at flushSpawnedWork (node_modules/.pnpm/react-dom@19.2.0_react@19.2.0/node_modules/react-dom/cjs/react-dom-client.development.js:18323:44)
      at commitRoot (node_modules/.pnpm/react-dom@19.2.0_react@19.2.0/node_modules/react-dom/cjs/react-dom-client.development.js:17955:9)
      at performWorkOnRoot (node_modules/.pnpm/react-dom@19.2.0_react@19.2.0/node_modules/react-dom/cjs/react-dom-client.development.js:16667:15)
      at performSyncWorkOnRoot (node_modules/.pnpm/react-dom@19.2.0_react@19.2.0/node_modules/react-dom/cjs/react-dom-client.development.js:18972:7)
      at flushSyncWorkAcrossRoots_impl (node_modules/.pnpm/react-dom@19.2.0_react@19.2.0/node_modules/react-dom/cjs/react-dom-client.development.js:18814:21)
      at flushSpawnedWork (node_modules/.pnpm/react-dom@19.2.0_react@19.2.0/node_modules/react-dom/cjs/react-dom-client.development.js:18334:9)
      at commitRoot (node_modules/.pnpm/react-dom@19.2.0_react@19.2.0/node_modules/react-dom/cjs/react-dom-client.development.js:17955:9)
      at performWorkOnRoot (node_modules/.pnpm/react-dom@19.2.0_react@19.2.0/node_modules/react-dom/cjs/react-dom-client.development.js:16667:15)
      at performWorkOnRootViaSchedulerTask (node_modules/.pnpm/react-dom@19.2.0_react@19.2.0/node_modules/react-dom/cjs/react-dom-client.development.js:18957:7)
      at flushActQueue (node_modules/.pnpm/react@19.2.0/node_modules/react/cjs/react.development.js:590:34)
      at process.env.NODE_ENV.exports.act (node_modules/.pnpm/react@19.2.0/node_modules/react/cjs/react.development.js:884:10)
      at node_modules/.pnpm/@testing-library+react@16.3_15d474de7481bb0af842c1b1705139a8/node_modules/@testing-library/react/dist/act-compat.js:47:25
      at renderRoot (node_modules/.pnpm/@testing-library+react@16.3_15d474de7481bb0af842c1b1705139a8/node_modules/@testing-library/react/dist/pure.js:190:26)
      at rerender (node_modules/.pnpm/@testing-library+react@16.3_15d474de7481bb0af842c1b1705139a8/node_modules/@testing-library/react/dist/pure.js:211:7)
      at Object.rerender (src/components/accessible/__tests__/AccessibleModal.test.tsx:117:7)

    console.error
      `DialogContent` requires a `DialogTitle` for the component to be accessible for screen reader users.
      
      If you want to hide the `DialogTitle`, you can wrap it with our VisuallyHidden component.
      
      For more information, see https://radix-ui.com/primitives/docs/components/dialog

    [0m [90m 373 |[39m       [36mreturn[39m[33m;[39m
     [90m 374 |[39m     }
    [31m[1m>[22m[39m[90m 375 |[39m     originalError[33m.[39mcall(console[33m,[39m [33m...[39margs)[33m;[39m
     [90m     |[39m                   [31m[1m^[22m[39m
     [90m 376 |[39m   }[33m;[39m
     [90m 377 |[39m })[33m;[39m
     [90m 378 |[39m[0m

      at console.call [as error] (jest.setup.js:375:19)
      at node_modules/.pnpm/@radix-ui+react-dialog@1.1._664b8f23a65f4708bb5cf27e5ff43c08/node_modules/@radix-ui/react-dialog/src/dialog.tsx:520:30
      at Object.react_stack_bottom_frame (node_modules/.pnpm/react-dom@19.2.0_react@19.2.0/node_modules/react-dom/cjs/react-dom-client.development.js:25989:20)
      at runWithFiberInDEV (node_modules/.pnpm/react-dom@19.2.0_react@19.2.0/node_modules/react-dom/cjs/react-dom-client.development.js:874:13)
      at commitHookEffectListMount (node_modules/.pnpm/react-dom@19.2.0_react@19.2.0/node_modules/react-dom/cjs/react-dom-client.development.js:13249:29)
      at commitHookPassiveMountEffects (node_modules/.pnpm/react-dom@19.2.0_react@19.2.0/node_modules/react-dom/cjs/react-dom-client.development.js:13336:11)
      at commitPassiveMountOnFiber (node_modules/.pnpm/react-dom@19.2.0_react@19.2.0/node_modules/react-dom/cjs/react-dom-client.development.js:15484:13)
      at recursivelyTraversePassiveMountEffects (node_modules/.pnpm/react-dom@19.2.0_react@19.2.0/node_modules/react-dom/cjs/react-dom-client.development.js:15439:11)
      at commitPassiveMountOnFiber (node_modules/.pnpm/react-dom@19.2.0_react@19.2.0/node_modules/react-dom/cjs/react-dom-client.development.js:15718:11)
      at recursivelyTraversePassiveMountEffects (node_modules/.pnpm/react-dom@19.2.0_react@19.2.0/node_modules/react-dom/cjs/react-dom-client.development.js:15439:11)
      at commitPassiveMountOnFiber (node_modules/.pnpm/react-dom@19.2.0_react@19.2.0/node_modules/react-dom/cjs/react-dom-client.development.js:15476:11)
      at recursivelyTraversePassiveMountEffects (node_modules/.pnpm/react-dom@19.2.0_react@19.2.0/node_modules/react-dom/cjs/react-dom-client.development.js:15439:11)
      at commitPassiveMountOnFiber (node_modules/.pnpm/react-dom@19.2.0_react@19.2.0/node_modules/react-dom/cjs/react-dom-client.development.js:15476:11)
      at recursivelyTraversePassiveMountEffects (node_modules/.pnpm/react-dom@19.2.0_react@19.2.0/node_modules/react-dom/cjs/react-dom-client.development.js:15439:11)
      at commitPassiveMountOnFiber (node_modules/.pnpm/react-dom@19.2.0_react@19.2.0/node_modules/react-dom/cjs/react-dom-client.development.js:15476:11)
      at recursivelyTraversePassiveMountEffects (node_modules/.pnpm/react-dom@19.2.0_react@19.2.0/node_modules/react-dom/cjs/react-dom-client.development.js:15439:11)
      at commitPassiveMountOnFiber (node_modules/.pnpm/react-dom@19.2.0_react@19.2.0/node_modules/react-dom/cjs/react-dom-client.development.js:15476:11)
      at recursivelyTraversePassiveMountEffects (node_modules/.pnpm/react-dom@19.2.0_react@19.2.0/node_modules/react-dom/cjs/react-dom-client.development.js:15439:11)
      at commitPassiveMountOnFiber (node_modules/.pnpm/react-dom@19.2.0_react@19.2.0/node_modules/react-dom/cjs/react-dom-client.development.js:15476:11)
      at recursivelyTraversePassiveMountEffects (node_modules/.pnpm/react-dom@19.2.0_react@19.2.0/node_modules/react-dom/cjs/react-dom-client.development.js:15439:11)
      at commitPassiveMountOnFiber (node_modules/.pnpm/react-dom@19.2.0_react@19.2.0/node_modules/react-dom/cjs/react-dom-client.development.js:15476:11)
      at recursivelyTraversePassiveMountEffects (node_modules/.pnpm/react-dom@19.2.0_react@19.2.0/node_modules/react-dom/cjs/react-dom-client.development.js:15439:11)
      at commitPassiveMountOnFiber (node_modules/.pnpm/react-dom@19.2.0_react@19.2.0/node_modules/react-dom/cjs/react-dom-client.development.js:15476:11)
      at recursivelyTraversePassiveMountEffects (node_modules/.pnpm/react-dom@19.2.0_react@19.2.0/node_modules/react-dom/cjs/react-dom-client.development.js:15439:11)
      at commitPassiveMountOnFiber (node_modules/.pnpm/react-dom@19.2.0_react@19.2.0/node_modules/react-dom/cjs/react-dom-client.development.js:15718:11)
      at recursivelyTraversePassiveMountEffects (node_modules/.pnpm/react-dom@19.2.0_react@19.2.0/node_modules/react-dom/cjs/react-dom-client.development.js:15439:11)
      at commitPassiveMountOnFiber (node_modules/.pnpm/react-dom@19.2.0_react@19.2.0/node_modules/react-dom/cjs/react-dom-client.development.js:15476:11)
      at recursivelyTraversePassiveMountEffects (node_modules/.pnpm/react-dom@19.2.0_react@19.2.0/node_modules/react-dom/cjs/react-dom-client.development.js:15439:11)
      at commitPassiveMountOnFiber (node_modules/.pnpm/react-dom@19.2.0_react@19.2.0/node_modules/react-dom/cjs/react-dom-client.development.js:15476:11)
      at recursivelyTraversePassiveMountEffects (node_modules/.pnpm/react-dom@19.2.0_react@19.2.0/node_modules/react-dom/cjs/react-dom-client.development.js:15439:11)
      at commitPassiveMountOnFiber (node_modules/.pnpm/react-dom@19.2.0_react@19.2.0/node_modules/react-dom/cjs/react-dom-client.development.js:15718:11)
      at recursivelyTraversePassiveMountEffects (node_modules/.pnpm/react-dom@19.2.0_react@19.2.0/node_modules/react-dom/cjs/react-dom-client.development.js:15439:11)
      at commitPassiveMountOnFiber (node_modules/.pnpm/react-dom@19.2.0_react@19.2.0/node_modules/react-dom/cjs/react-dom-client.development.js:15476:11)
      at recursivelyTraversePassiveMountEffects (node_modules/.pnpm/react-dom@19.2.0_react@19.2.0/node_modules/react-dom/cjs/react-dom-client.development.js:15439:11)
      at commitPassiveMountOnFiber (node_modules/.pnpm/react-dom@19.2.0_react@19.2.0/node_modules/react-dom/cjs/react-dom-client.development.js:15476:11)
      at recursivelyTraversePassiveMountEffects (node_modules/.pnpm/react-dom@19.2.0_react@19.2.0/node_modules/react-dom/cjs/react-dom-client.development.js:15439:11)
      at commitPassiveMountOnFiber (node_modules/.pnpm/react-dom@19.2.0_react@19.2.0/node_modules/react-dom/cjs/react-dom-client.development.js:15476:11)
      at recursivelyTraversePassiveMountEffects (node_modules/.pnpm/react-dom@19.2.0_react@19.2.0/node_modules/react-dom/cjs/react-dom-client.development.js:15439:11)
      at commitPassiveMountOnFiber (node_modules/.pnpm/react-dom@19.2.0_react@19.2.0/node_modules/react-dom/cjs/react-dom-client.development.js:15718:11)
      at recursivelyTraversePassiveMountEffects (node_modules/.pnpm/react-dom@19.2.0_react@19.2.0/node_modules/react-dom/cjs/react-dom-client.development.js:15439:11)
      at commitPassiveMountOnFiber (node_modules/.pnpm/react-dom@19.2.0_react@19.2.0/node_modules/react-dom/cjs/react-dom-client.development.js:15476:11)
      at recursivelyTraversePassiveMountEffects (node_modules/.pnpm/react-dom@19.2.0_react@19.2.0/node_modules/react-dom/cjs/react-dom-client.development.js:15439:11)
      at commitPassiveMountOnFiber (node_modules/.pnpm/react-dom@19.2.0_react@19.2.0/node_modules/react-dom/cjs/react-dom-client.development.js:15476:11)
      at recursivelyTraversePassiveMountEffects (node_modules/.pnpm/react-dom@19.2.0_react@19.2.0/node_modules/react-dom/cjs/react-dom-client.development.js:15439:11)
      at commitPassiveMountOnFiber (node_modules/.pnpm/react-dom@19.2.0_react@19.2.0/node_modules/react-dom/cjs/react-dom-client.development.js:15476:11)
      at recursivelyTraversePassiveMountEffects (node_modules/.pnpm/react-dom@19.2.0_react@19.2.0/node_modules/react-dom/cjs/react-dom-client.development.js:15439:11)
      at commitPassiveMountOnFiber (node_modules/.pnpm/react-dom@19.2.0_react@19.2.0/node_modules/react-dom/cjs/react-dom-client.development.js:15519:11)
      at flushPassiveEffects (node_modules/.pnpm/react-dom@19.2.0_react@19.2.0/node_modules/react-dom/cjs/react-dom-client.development.js:18432:9)
      at flushPendingEffects (node_modules/.pnpm/react-dom@19.2.0_react@19.2.0/node_modules/react-dom/cjs/react-dom-client.development.js:18358:14)
      at flushSpawnedWork (node_modules/.pnpm/react-dom@19.2.0_react@19.2.0/node_modules/react-dom/cjs/react-dom-client.development.js:18323:44)
      at commitRoot (node_modules/.pnpm/react-dom@19.2.0_react@19.2.0/node_modules/react-dom/cjs/react-dom-client.development.js:17955:9)
      at performWorkOnRoot (node_modules/.pnpm/react-dom@19.2.0_react@19.2.0/node_modules/react-dom/cjs/react-dom-client.development.js:16667:15)
      at performSyncWorkOnRoot (node_modules/.pnpm/react-dom@19.2.0_react@19.2.0/node_modules/react-dom/cjs/react-dom-client.development.js:18972:7)
      at flushSyncWorkAcrossRoots_impl (node_modules/.pnpm/react-dom@19.2.0_react@19.2.0/node_modules/react-dom/cjs/react-dom-client.development.js:18814:21)
      at flushSpawnedWork (node_modules/.pnpm/react-dom@19.2.0_react@19.2.0/node_modules/react-dom/cjs/react-dom-client.development.js:18334:9)
      at commitRoot (node_modules/.pnpm/react-dom@19.2.0_react@19.2.0/node_modules/react-dom/cjs/react-dom-client.development.js:17955:9)
      at performWorkOnRoot (node_modules/.pnpm/react-dom@19.2.0_react@19.2.0/node_modules/react-dom/cjs/react-dom-client.development.js:16667:15)
      at performWorkOnRootViaSchedulerTask (node_modules/.pnpm/react-dom@19.2.0_react@19.2.0/node_modules/react-dom/cjs/react-dom-client.development.js:18957:7)
      at flushActQueue (node_modules/.pnpm/react@19.2.0/node_modules/react/cjs/react.development.js:590:34)
      at process.env.NODE_ENV.exports.act (node_modules/.pnpm/react@19.2.0/node_modules/react/cjs/react.development.js:884:10)
      at node_modules/.pnpm/@testing-library+react@16.3_15d474de7481bb0af842c1b1705139a8/node_modules/@testing-library/react/dist/act-compat.js:47:25
      at renderRoot (node_modules/.pnpm/@testing-library+react@16.3_15d474de7481bb0af842c1b1705139a8/node_modules/@testing-library/react/dist/pure.js:190:26)
      at render (node_modules/.pnpm/@testing-library+react@16.3_15d474de7481bb0af842c1b1705139a8/node_modules/@testing-library/react/dist/pure.js:292:10)
      at Object.<anonymous> (src/components/accessible/__tests__/AccessibleModal.test.tsx:137:34)

    console.error
      `DialogContent` requires a `DialogTitle` for the component to be accessible for screen reader users.
      
      If you want to hide the `DialogTitle`, you can wrap it with our VisuallyHidden component.
      
      For more information, see https://radix-ui.com/primitives/docs/components/dialog

    [0m [90m 373 |[39m       [36mreturn[39m[33m;[39m
     [90m 374 |[39m     }
    [31m[1m>[22m[39m[90m 375 |[39m     originalError[33m.[39mcall(console[33m,[39m [33m...[39margs)[33m;[39m
     [90m     |[39m                   [31m[1m^[22m[39m
     [90m 376 |[39m   }[33m;[39m
     [90m 377 |[39m })[33m;[39m
     [90m 378 |[39m[0m

      at console.call [as error] (jest.setup.js:375:19)
      at node_modules/.pnpm/@radix-ui+react-dialog@1.1._664b8f23a65f4708bb5cf27e5ff43c08/node_modules/@radix-ui/react-dialog/src/dialog.tsx:520:30
      at Object.react_stack_bottom_frame (node_modules/.pnpm/react-dom@19.2.0_react@19.2.0/node_modules/react-dom/cjs/react-dom-client.development.js:25989:20)
      at runWithFiberInDEV (node_modules/.pnpm/react-dom@19.2.0_react@19.2.0/node_modules/react-dom/cjs/react-dom-client.development.js:874:13)
      at commitHookEffectListMount (node_modules/.pnpm/react-dom@19.2.0_react@19.2.0/node_modules/react-dom/cjs/react-dom-client.development.js:13249:29)
      at commitHookPassiveMountEffects (node_modules/.pnpm/react-dom@19.2.0_react@19.2.0/node_modules/react-dom/cjs/react-dom-client.development.js:13336:11)
      at commitPassiveMountOnFiber (node_modules/.pnpm/react-dom@19.2.0_react@19.2.0/node_modules/react-dom/cjs/react-dom-client.development.js:15484:13)
      at recursivelyTraversePassiveMountEffects (node_modules/.pnpm/react-dom@19.2.0_react@19.2.0/node_modules/react-dom/cjs/react-dom-client.development.js:15439:11)
      at commitPassiveMountOnFiber (node_modules/.pnpm/react-dom@19.2.0_react@19.2.0/node_modules/react-dom/cjs/react-dom-client.development.js:15718:11)
      at recursivelyTraversePassiveMountEffects (node_modules/.pnpm/react-dom@19.2.0_react@19.2.0/node_modules/react-dom/cjs/react-dom-client.development.js:15439:11)
      at commitPassiveMountOnFiber (node_modules/.pnpm/react-dom@19.2.0_react@19.2.0/node_modules/react-dom/cjs/react-dom-client.development.js:15476:11)
      at recursivelyTraversePassiveMountEffects (node_modules/.pnpm/react-dom@19.2.0_react@19.2.0/node_modules/react-dom/cjs/react-dom-client.development.js:15439:11)
      at commitPassiveMountOnFiber (node_modules/.pnpm/react-dom@19.2.0_react@19.2.0/node_modules/react-dom/cjs/react-dom-client.development.js:15476:11)
      at recursivelyTraversePassiveMountEffects (node_modules/.pnpm/react-dom@19.2.0_react@19.2.0/node_modules/react-dom/cjs/react-dom-client.development.js:15439:11)
      at commitPassiveMountOnFiber (node_modules/.pnpm/react-dom@19.2.0_react@19.2.0/node_modules/react-dom/cjs/react-dom-client.development.js:15476:11)
      at recursivelyTraversePassiveMountEffects (node_modules/.pnpm/react-dom@19.2.0_react@19.2.0/node_modules/react-dom/cjs/react-dom-client.development.js:15439:11)
      at commitPassiveMountOnFiber (node_modules/.pnpm/react-dom@19.2.0_react@19.2.0/node_modules/react-dom/cjs/react-dom-client.development.js:15476:11)
      at recursivelyTraversePassiveMountEffects (node_modules/.pnpm/react-dom@19.2.0_react@19.2.0/node_modules/react-dom/cjs/react-dom-client.development.js:15439:11)
      at commitPassiveMountOnFiber (node_modules/.pnpm/react-dom@19.2.0_react@19.2.0/node_modules/react-dom/cjs/react-dom-client.development.js:15476:11)
      at recursivelyTraversePassiveMountEffects (node_modules/.pnpm/react-dom@19.2.0_react@19.2.0/node_modules/react-dom/cjs/react-dom-client.development.js:15439:11)
      at commitPassiveMountOnFiber (node_modules/.pnpm/react-dom@19.2.0_react@19.2.0/node_modules/react-dom/cjs/react-dom-client.development.js:15476:11)
      at recursivelyTraversePassiveMountEffects (node_modules/.pnpm/react-dom@19.2.0_react@19.2.0/node_modules/react-dom/cjs/react-dom-client.development.js:15439:11)
      at commitPassiveMountOnFiber (node_modules/.pnpm/react-dom@19.2.0_react@19.2.0/node_modules/react-dom/cjs/react-dom-client.development.js:15476:11)
      at recursivelyTraversePassiveMountEffects (node_modules/.pnpm/react-dom@19.2.0_react@19.2.0/node_modules/react-dom/cjs/react-dom-client.development.js:15439:11)
      at commitPassiveMountOnFiber (node_modules/.pnpm/react-dom@19.2.0_react@19.2.0/node_modules/react-dom/cjs/react-dom-client.development.js:15718:11)
      at recursivelyTraversePassiveMountEffects (node_modules/.pnpm/react-dom@19.2.0_react@19.2.0/node_modules/react-dom/cjs/react-dom-client.development.js:15439:11)
      at commitPassiveMountOnFiber (node_modules/.pnpm/react-dom@19.2.0_react@19.2.0/node_modules/react-dom/cjs/react-dom-client.development.js:15476:11)
      at recursivelyTraversePassiveMountEffects (node_modules/.pnpm/react-dom@19.2.0_react@19.2.0/node_modules/react-dom/cjs/react-dom-client.development.js:15439:11)
      at commitPassiveMountOnFiber (node_modules/.pnpm/react-dom@19.2.0_react@19.2.0/node_modules/react-dom/cjs/react-dom-client.development.js:15476:11)
      at recursivelyTraversePassiveMountEffects (node_modules/.pnpm/react-dom@19.2.0_react@19.2.0/node_modules/react-dom/cjs/react-dom-client.development.js:15439:11)
      at commitPassiveMountOnFiber (node_modules/.pnpm/react-dom@19.2.0_react@19.2.0/node_modules/react-dom/cjs/react-dom-client.development.js:15718:11)
      at recursivelyTraversePassiveMountEffects (node_modules/.pnpm/react-dom@19.2.0_react@19.2.0/node_modules/react-dom/cjs/react-dom-client.development.js:15439:11)
      at commitPassiveMountOnFiber (node_modules/.pnpm/react-dom@19.2.0_react@19.2.0/node_modules/react-dom/cjs/react-dom-client.development.js:15476:11)
      at recursivelyTraversePassiveMountEffects (node_modules/.pnpm/react-dom@19.2.0_react@19.2.0/node_modules/react-dom/cjs/react-dom-client.development.js:15439:11)
      at commitPassiveMountOnFiber (node_modules/.pnpm/react-dom@19.2.0_react@19.2.0/node_modules/react-dom/cjs/react-dom-client.development.js:15476:11)
      at recursivelyTraversePassiveMountEffects (node_modules/.pnpm/react-dom@19.2.0_react@19.2.0/node_modules/react-dom/cjs/react-dom-client.development.js:15439:11)
      at commitPassiveMountOnFiber (node_modules/.pnpm/react-dom@19.2.0_react@19.2.0/node_modules/react-dom/cjs/react-dom-client.development.js:15476:11)
      at recursivelyTraversePassiveMountEffects (node_modules/.pnpm/react-dom@19.2.0_react@19.2.0/node_modules/react-dom/cjs/react-dom-client.development.js:15439:11)
      at commitPassiveMountOnFiber (node_modules/.pnpm/react-dom@19.2.0_react@19.2.0/node_modules/react-dom/cjs/react-dom-client.development.js:15718:11)
      at recursivelyTraversePassiveMountEffects (node_modules/.pnpm/react-dom@19.2.0_react@19.2.0/node_modules/react-dom/cjs/react-dom-client.development.js:15439:11)
      at commitPassiveMountOnFiber (node_modules/.pnpm/react-dom@19.2.0_react@19.2.0/node_modules/react-dom/cjs/react-dom-client.development.js:15476:11)
      at recursivelyTraversePassiveMountEffects (node_modules/.pnpm/react-dom@19.2.0_react@19.2.0/node_modules/react-dom/cjs/react-dom-client.development.js:15439:11)
      at commitPassiveMountOnFiber (node_modules/.pnpm/react-dom@19.2.0_react@19.2.0/node_modules/react-dom/cjs/react-dom-client.development.js:15476:11)
      at recursivelyTraversePassiveMountEffects (node_modules/.pnpm/react-dom@19.2.0_react@19.2.0/node_modules/react-dom/cjs/react-dom-client.development.js:15439:11)
      at commitPassiveMountOnFiber (node_modules/.pnpm/react-dom@19.2.0_react@19.2.0/node_modules/react-dom/cjs/react-dom-client.development.js:15476:11)
      at recursivelyTraversePassiveMountEffects (node_modules/.pnpm/react-dom@19.2.0_react@19.2.0/node_modules/react-dom/cjs/react-dom-client.development.js:15439:11)
      at commitPassiveMountOnFiber (node_modules/.pnpm/react-dom@19.2.0_react@19.2.0/node_modules/react-dom/cjs/react-dom-client.development.js:15519:11)
      at flushPassiveEffects (node_modules/.pnpm/react-dom@19.2.0_react@19.2.0/node_modules/react-dom/cjs/react-dom-client.development.js:18432:9)
      at flushPendingEffects (node_modules/.pnpm/react-dom@19.2.0_react@19.2.0/node_modules/react-dom/cjs/react-dom-client.development.js:18358:14)
      at flushSpawnedWork (node_modules/.pnpm/react-dom@19.2.0_react@19.2.0/node_modules/react-dom/cjs/react-dom-client.development.js:18323:44)
      at commitRoot (node_modules/.pnpm/react-dom@19.2.0_react@19.2.0/node_modules/react-dom/cjs/react-dom-client.development.js:17955:9)
      at performWorkOnRoot (node_modules/.pnpm/react-dom@19.2.0_react@19.2.0/node_modules/react-dom/cjs/react-dom-client.development.js:16667:15)
      at performSyncWorkOnRoot (node_modules/.pnpm/react-dom@19.2.0_react@19.2.0/node_modules/react-dom/cjs/react-dom-client.development.js:18972:7)
      at flushSyncWorkAcrossRoots_impl (node_modules/.pnpm/react-dom@19.2.0_react@19.2.0/node_modules/react-dom/cjs/react-dom-client.development.js:18814:21)
      at flushSpawnedWork (node_modules/.pnpm/react-dom@19.2.0_react@19.2.0/node_modules/react-dom/cjs/react-dom-client.development.js:18334:9)
      at commitRoot (node_modules/.pnpm/react-dom@19.2.0_react@19.2.0/node_modules/react-dom/cjs/react-dom-client.development.js:17955:9)
      at performWorkOnRoot (node_modules/.pnpm/react-dom@19.2.0_react@19.2.0/node_modules/react-dom/cjs/react-dom-client.development.js:16667:15)
      at performWorkOnRootViaSchedulerTask (node_modules/.pnpm/react-dom@19.2.0_react@19.2.0/node_modules/react-dom/cjs/react-dom-client.development.js:18957:7)
      at flushActQueue (node_modules/.pnpm/react@19.2.0/node_modules/react/cjs/react.development.js:590:34)
      at process.env.NODE_ENV.exports.act (node_modules/.pnpm/react@19.2.0/node_modules/react/cjs/react.development.js:884:10)
      at node_modules/.pnpm/@testing-library+react@16.3_15d474de7481bb0af842c1b1705139a8/node_modules/@testing-library/react/dist/act-compat.js:47:25
      at renderRoot (node_modules/.pnpm/@testing-library+react@16.3_15d474de7481bb0af842c1b1705139a8/node_modules/@testing-library/react/dist/pure.js:190:26)
      at render (node_modules/.pnpm/@testing-library+react@16.3_15d474de7481bb0af842c1b1705139a8/node_modules/@testing-library/react/dist/pure.js:292:10)
      at Object.<anonymous> (src/components/accessible/__tests__/AccessibleModal.test.tsx:161:13)

    console.error
      `DialogContent` requires a `DialogTitle` for the component to be accessible for screen reader users.
      
      If you want to hide the `DialogTitle`, you can wrap it with our VisuallyHidden component.
      
      For more information, see https://radix-ui.com/primitives/docs/components/dialog

    [0m [90m 373 |[39m       [36mreturn[39m[33m;[39m
     [90m 374 |[39m     }
    [31m[1m>[22m[39m[90m 375 |[39m     originalError[33m.[39mcall(console[33m,[39m [33m...[39margs)[33m;[39m
     [90m     |[39m                   [31m[1m^[22m[39m
     [90m 376 |[39m   }[33m;[39m
     [90m 377 |[39m })[33m;[39m
     [90m 378 |[39m[0m

      at console.call [as error] (jest.setup.js:375:19)
      at node_modules/.pnpm/@radix-ui+react-dialog@1.1._664b8f23a65f4708bb5cf27e5ff43c08/node_modules/@radix-ui/react-dialog/src/dialog.tsx:520:30
      at Object.react_stack_bottom_frame (node_modules/.pnpm/react-dom@19.2.0_react@19.2.0/node_modules/react-dom/cjs/react-dom-client.development.js:25989:20)
      at runWithFiberInDEV (node_modules/.pnpm/react-dom@19.2.0_react@19.2.0/node_modules/react-dom/cjs/react-dom-client.development.js:874:13)
      at commitHookEffectListMount (node_modules/.pnpm/react-dom@19.2.0_react@19.2.0/node_modules/react-dom/cjs/react-dom-client.development.js:13249:29)
      at commitHookPassiveMountEffects (node_modules/.pnpm/react-dom@19.2.0_react@19.2.0/node_modules/react-dom/cjs/react-dom-client.development.js:13336:11)
      at commitPassiveMountOnFiber (node_modules/.pnpm/react-dom@19.2.0_react@19.2.0/node_modules/react-dom/cjs/react-dom-client.development.js:15484:13)
      at recursivelyTraversePassiveMountEffects (node_modules/.pnpm/react-dom@19.2.0_react@19.2.0/node_modules/react-dom/cjs/react-dom-client.development.js:15439:11)
      at commitPassiveMountOnFiber (node_modules/.pnpm/react-dom@19.2.0_react@19.2.0/node_modules/react-dom/cjs/react-dom-client.development.js:15718:11)
      at recursivelyTraversePassiveMountEffects (node_modules/.pnpm/react-dom@19.2.0_react@19.2.0/node_modules/react-dom/cjs/react-dom-client.development.js:15439:11)
      at commitPassiveMountOnFiber (node_modules/.pnpm/react-dom@19.2.0_react@19.2.0/node_modules/react-dom/cjs/react-dom-client.development.js:15476:11)
      at recursivelyTraversePassiveMountEffects (node_modules/.pnpm/react-dom@19.2.0_react@19.2.0/node_modules/react-dom/cjs/react-dom-client.development.js:15439:11)
      at commitPassiveMountOnFiber (node_modules/.pnpm/react-dom@19.2.0_react@19.2.0/node_modules/react-dom/cjs/react-dom-client.development.js:15476:11)
      at recursivelyTraversePassiveMountEffects (node_modules/.pnpm/react-dom@19.2.0_react@19.2.0/node_modules/react-dom/cjs/react-dom-client.development.js:15439:11)
      at commitPassiveMountOnFiber (node_modules/.pnpm/react-dom@19.2.0_react@19.2.0/node_modules/react-dom/cjs/react-dom-client.development.js:15476:11)
      at recursivelyTraversePassiveMountEffects (node_modules/.pnpm/react-dom@19.2.0_react@19.2.0/node_modules/react-dom/cjs/react-dom-client.development.js:15439:11)
      at commitPassiveMountOnFiber (node_modules/.pnpm/react-dom@19.2.0_react@19.2.0/node_modules/react-dom/cjs/react-dom-client.development.js:15476:11)
      at recursivelyTraversePassiveMountEffects (node_modules/.pnpm/react-dom@19.2.0_react@19.2.0/node_modules/react-dom/cjs/react-dom-client.development.js:15439:11)
      at commitPassiveMountOnFiber (node_modules/.pnpm/react-dom@19.2.0_react@19.2.0/node_modules/react-dom/cjs/react-dom-client.development.js:15476:11)
      at recursivelyTraversePassiveMountEffects (node_modules/.pnpm/react-dom@19.2.0_react@19.2.0/node_modules/react-dom/cjs/react-dom-client.development.js:15439:11)
      at commitPassiveMountOnFiber (node_modules/.pnpm/react-dom@19.2.0_react@19.2.0/node_modules/react-dom/cjs/react-dom-client.development.js:15476:11)
      at recursivelyTraversePassiveMountEffects (node_modules/.pnpm/react-dom@19.2.0_react@19.2.0/node_modules/react-dom/cjs/react-dom-client.development.js:15439:11)
      at commitPassiveMountOnFiber (node_modules/.pnpm/react-dom@19.2.0_react@19.2.0/node_modules/react-dom/cjs/react-dom-client.development.js:15476:11)
      at recursivelyTraversePassiveMountEffects (node_modules/.pnpm/react-dom@19.2.0_react@19.2.0/node_modules/react-dom/cjs/react-dom-client.development.js:15439:11)
      at commitPassiveMountOnFiber (node_modules/.pnpm/react-dom@19.2.0_react@19.2.0/node_modules/react-dom/cjs/react-dom-client.development.js:15718:11)
      at recursivelyTraversePassiveMountEffects (node_modules/.pnpm/react-dom@19.2.0_react@19.2.0/node_modules/react-dom/cjs/react-dom-client.development.js:15439:11)
      at commitPassiveMountOnFiber (node_modules/.pnpm/react-dom@19.2.0_react@19.2.0/node_modules/react-dom/cjs/react-dom-client.development.js:15476:11)
      at recursivelyTraversePassiveMountEffects (node_modules/.pnpm/react-dom@19.2.0_react@19.2.0/node_modules/react-dom/cjs/react-dom-client.development.js:15439:11)
      at commitPassiveMountOnFiber (node_modules/.pnpm/react-dom@19.2.0_react@19.2.0/node_modules/react-dom/cjs/react-dom-client.development.js:15476:11)
      at recursivelyTraversePassiveMountEffects (node_modules/.pnpm/react-dom@19.2.0_react@19.2.0/node_modules/react-dom/cjs/react-dom-client.development.js:15439:11)
      at commitPassiveMountOnFiber (node_modules/.pnpm/react-dom@19.2.0_react@19.2.0/node_modules/react-dom/cjs/react-dom-client.development.js:15718:11)
      at recursivelyTraversePassiveMountEffects (node_modules/.pnpm/react-dom@19.2.0_react@19.2.0/node_modules/react-dom/cjs/react-dom-client.development.js:15439:11)
      at commitPassiveMountOnFiber (node_modules/.pnpm/react-dom@19.2.0_react@19.2.0/node_modules/react-dom/cjs/react-dom-client.development.js:15476:11)
      at recursivelyTraversePassiveMountEffects (node_modules/.pnpm/react-dom@19.2.0_react@19.2.0/node_modules/react-dom/cjs/react-dom-client.development.js:15439:11)
      at commitPassiveMountOnFiber (node_modules/.pnpm/react-dom@19.2.0_react@19.2.0/node_modules/react-dom/cjs/react-dom-client.development.js:15476:11)
      at recursivelyTraversePassiveMountEffects (node_modules/.pnpm/react-dom@19.2.0_react@19.2.0/node_modules/react-dom/cjs/react-dom-client.development.js:15439:11)
      at commitPassiveMountOnFiber (node_modules/.pnpm/react-dom@19.2.0_react@19.2.0/node_modules/react-dom/cjs/react-dom-client.development.js:15476:11)
      at recursivelyTraversePassiveMountEffects (node_modules/.pnpm/react-dom@19.2.0_react@19.2.0/node_modules/react-dom/cjs/react-dom-client.development.js:15439:11)
      at commitPassiveMountOnFiber (node_modules/.pnpm/react-dom@19.2.0_react@19.2.0/node_modules/react-dom/cjs/react-dom-client.development.js:15718:11)
      at recursivelyTraversePassiveMountEffects (node_modules/.pnpm/react-dom@19.2.0_react@19.2.0/node_modules/react-dom/cjs/react-dom-client.development.js:15439:11)
      at commitPassiveMountOnFiber (node_modules/.pnpm/react-dom@19.2.0_react@19.2.0/node_modules/react-dom/cjs/react-dom-client.development.js:15476:11)
      at recursivelyTraversePassiveMountEffects (node_modules/.pnpm/react-dom@19.2.0_react@19.2.0/node_modules/react-dom/cjs/react-dom-client.development.js:15439:11)
      at commitPassiveMountOnFiber (node_modules/.pnpm/react-dom@19.2.0_react@19.2.0/node_modules/react-dom/cjs/react-dom-client.development.js:15476:11)
      at recursivelyTraversePassiveMountEffects (node_modules/.pnpm/react-dom@19.2.0_react@19.2.0/node_modules/react-dom/cjs/react-dom-client.development.js:15439:11)
      at commitPassiveMountOnFiber (node_modules/.pnpm/react-dom@19.2.0_react@19.2.0/node_modules/react-dom/cjs/react-dom-client.development.js:15476:11)
      at recursivelyTraversePassiveMountEffects (node_modules/.pnpm/react-dom@19.2.0_react@19.2.0/node_modules/react-dom/cjs/react-dom-client.development.js:15439:11)
      at commitPassiveMountOnFiber (node_modules/.pnpm/react-dom@19.2.0_react@19.2.0/node_modules/react-dom/cjs/react-dom-client.development.js:15519:11)
      at flushPassiveEffects (node_modules/.pnpm/react-dom@19.2.0_react@19.2.0/node_modules/react-dom/cjs/react-dom-client.development.js:18432:9)
      at flushPendingEffects (node_modules/.pnpm/react-dom@19.2.0_react@19.2.0/node_modules/react-dom/cjs/react-dom-client.development.js:18358:14)
      at flushSpawnedWork (node_modules/.pnpm/react-dom@19.2.0_react@19.2.0/node_modules/react-dom/cjs/react-dom-client.development.js:18323:44)
      at commitRoot (node_modules/.pnpm/react-dom@19.2.0_react@19.2.0/node_modules/react-dom/cjs/react-dom-client.development.js:17955:9)
      at performWorkOnRoot (node_modules/.pnpm/react-dom@19.2.0_react@19.2.0/node_modules/react-dom/cjs/react-dom-client.development.js:16667:15)
      at performSyncWorkOnRoot (node_modules/.pnpm/react-dom@19.2.0_react@19.2.0/node_modules/react-dom/cjs/react-dom-client.development.js:18972:7)
      at flushSyncWorkAcrossRoots_impl (node_modules/.pnpm/react-dom@19.2.0_react@19.2.0/node_modules/react-dom/cjs/react-dom-client.development.js:18814:21)
      at flushSpawnedWork (node_modules/.pnpm/react-dom@19.2.0_react@19.2.0/node_modules/react-dom/cjs/react-dom-client.development.js:18334:9)
      at commitRoot (node_modules/.pnpm/react-dom@19.2.0_react@19.2.0/node_modules/react-dom/cjs/react-dom-client.development.js:17955:9)
      at performWorkOnRoot (node_modules/.pnpm/react-dom@19.2.0_react@19.2.0/node_modules/react-dom/cjs/react-dom-client.development.js:16667:15)
      at performWorkOnRootViaSchedulerTask (node_modules/.pnpm/react-dom@19.2.0_react@19.2.0/node_modules/react-dom/cjs/react-dom-client.development.js:18957:7)
      at flushActQueue (node_modules/.pnpm/react@19.2.0/node_modules/react/cjs/react.development.js:590:34)
      at process.env.NODE_ENV.exports.act (node_modules/.pnpm/react@19.2.0/node_modules/react/cjs/react.development.js:884:10)
      at node_modules/.pnpm/@testing-library+react@16.3_15d474de7481bb0af842c1b1705139a8/node_modules/@testing-library/react/dist/act-compat.js:47:25
      at renderRoot (node_modules/.pnpm/@testing-library+react@16.3_15d474de7481bb0af842c1b1705139a8/node_modules/@testing-library/react/dist/pure.js:190:26)
      at render (node_modules/.pnpm/@testing-library+react@16.3_15d474de7481bb0af842c1b1705139a8/node_modules/@testing-library/react/dist/pure.js:292:10)
      at Object.<anonymous> (src/components/accessible/__tests__/AccessibleModal.test.tsx:179:34)

    console.error
      `DialogContent` requires a `DialogTitle` for the component to be accessible for screen reader users.
      
      If you want to hide the `DialogTitle`, you can wrap it with our VisuallyHidden component.
      
      For more information, see https://radix-ui.com/primitives/docs/components/dialog

    [0m [90m 373 |[39m       [36mreturn[39m[33m;[39m
     [90m 374 |[39m     }
    [31m[1m>[22m[39m[90m 375 |[39m     originalError[33m.[39mcall(console[33m,[39m [33m...[39margs)[33m;[39m
     [90m     |[39m                   [31m[1m^[22m[39m
     [90m 376 |[39m   }[33m;[39m
     [90m 377 |[39m })[33m;[39m
     [90m 378 |[39m[0m

      at console.call [as error] (jest.setup.js:375:19)
      at node_modules/.pnpm/@radix-ui+react-dialog@1.1._664b8f23a65f4708bb5cf27e5ff43c08/node_modules/@radix-ui/react-dialog/src/dialog.tsx:520:30
      at Object.react_stack_bottom_frame (node_modules/.pnpm/react-dom@19.2.0_react@19.2.0/node_modules/react-dom/cjs/react-dom-client.development.js:25989:20)
      at runWithFiberInDEV (node_modules/.pnpm/react-dom@19.2.0_react@19.2.0/node_modules/react-dom/cjs/react-dom-client.development.js:874:13)
      at commitHookEffectListMount (node_modules/.pnpm/react-dom@19.2.0_react@19.2.0/node_modules/react-dom/cjs/react-dom-client.development.js:13249:29)
      at commitHookPassiveMountEffects (node_modules/.pnpm/react-dom@19.2.0_react@19.2.0/node_modules/react-dom/cjs/react-dom-client.development.js:13336:11)
      at commitPassiveMountOnFiber (node_modules/.pnpm/react-dom@19.2.0_react@19.2.0/node_modules/react-dom/cjs/react-dom-client.development.js:15484:13)
      at recursivelyTraversePassiveMountEffects (node_modules/.pnpm/react-dom@19.2.0_react@19.2.0/node_modules/react-dom/cjs/react-dom-client.development.js:15439:11)
      at commitPassiveMountOnFiber (node_modules/.pnpm/react-dom@19.2.0_react@19.2.0/node_modules/react-dom/cjs/react-dom-client.development.js:15718:11)
      at recursivelyTraversePassiveMountEffects (node_modules/.pnpm/react-dom@19.2.0_react@19.2.0/node_modules/react-dom/cjs/react-dom-client.development.js:15439:11)
      at commitPassiveMountOnFiber (node_modules/.pnpm/react-dom@19.2.0_react@19.2.0/node_modules/react-dom/cjs/react-dom-client.development.js:15476:11)
      at recursivelyTraversePassiveMountEffects (node_modules/.pnpm/react-dom@19.2.0_react@19.2.0/node_modules/react-dom/cjs/react-dom-client.development.js:15439:11)
      at commitPassiveMountOnFiber (node_modules/.pnpm/react-dom@19.2.0_react@19.2.0/node_modules/react-dom/cjs/react-dom-client.development.js:15476:11)
      at recursivelyTraversePassiveMountEffects (node_modules/.pnpm/react-dom@19.2.0_react@19.2.0/node_modules/react-dom/cjs/react-dom-client.development.js:15439:11)
      at commitPassiveMountOnFiber (node_modules/.pnpm/react-dom@19.2.0_react@19.2.0/node_modules/react-dom/cjs/react-dom-client.development.js:15476:11)
      at recursivelyTraversePassiveMountEffects (node_modules/.pnpm/react-dom@19.2.0_react@19.2.0/node_modules/react-dom/cjs/react-dom-client.development.js:15439:11)
      at commitPassiveMountOnFiber (node_modules/.pnpm/react-dom@19.2.0_react@19.2.0/node_modules/react-dom/cjs/react-dom-client.development.js:15476:11)
      at recursivelyTraversePassiveMountEffects (node_modules/.pnpm/react-dom@19.2.0_react@19.2.0/node_modules/react-dom/cjs/react-dom-client.development.js:15439:11)
      at commitPassiveMountOnFiber (node_modules/.pnpm/react-dom@19.2.0_react@19.2.0/node_modules/react-dom/cjs/react-dom-client.development.js:15476:11)
      at recursivelyTraversePassiveMountEffects (node_modules/.pnpm/react-dom@19.2.0_react@19.2.0/node_modules/react-dom/cjs/react-dom-client.development.js:15439:11)
      at commitPassiveMountOnFiber (node_modules/.pnpm/react-dom@19.2.0_react@19.2.0/node_modules/react-dom/cjs/react-dom-client.development.js:15476:11)
      at recursivelyTraversePassiveMountEffects (node_modules/.pnpm/react-dom@19.2.0_react@19.2.0/node_modules/react-dom/cjs/react-dom-client.development.js:15439:11)
      at commitPassiveMountOnFiber (node_modules/.pnpm/react-dom@19.2.0_react@19.2.0/node_modules/react-dom/cjs/react-dom-client.development.js:15476:11)
      at recursivelyTraversePassiveMountEffects (node_modules/.pnpm/react-dom@19.2.0_react@19.2.0/node_modules/react-dom/cjs/react-dom-client.development.js:15439:11)
      at commitPassiveMountOnFiber (node_modules/.pnpm/react-dom@19.2.0_react@19.2.0/node_modules/react-dom/cjs/react-dom-client.development.js:15718:11)
      at recursivelyTraversePassiveMountEffects (node_modules/.pnpm/react-dom@19.2.0_react@19.2.0/node_modules/react-dom/cjs/react-dom-client.development.js:15439:11)
      at commitPassiveMountOnFiber (node_modules/.pnpm/react-dom@19.2.0_react@19.2.0/node_modules/react-dom/cjs/react-dom-client.development.js:15476:11)
      at recursivelyTraversePassiveMountEffects (node_modules/.pnpm/react-dom@19.2.0_react@19.2.0/node_modules/react-dom/cjs/react-dom-client.development.js:15439:11)
      at commitPassiveMountOnFiber (node_modules/.pnpm/react-dom@19.2.0_react@19.2.0/node_modules/react-dom/cjs/react-dom-client.development.js:15476:11)
      at recursivelyTraversePassiveMountEffects (node_modules/.pnpm/react-dom@19.2.0_react@19.2.0/node_modules/react-dom/cjs/react-dom-client.development.js:15439:11)
      at commitPassiveMountOnFiber (node_modules/.pnpm/react-dom@19.2.0_react@19.2.0/node_modules/react-dom/cjs/react-dom-client.development.js:15718:11)
      at recursivelyTraversePassiveMountEffects (node_modules/.pnpm/react-dom@19.2.0_react@19.2.0/node_modules/react-dom/cjs/react-dom-client.development.js:15439:11)
      at commitPassiveMountOnFiber (node_modules/.pnpm/react-dom@19.2.0_react@19.2.0/node_modules/react-dom/cjs/react-dom-client.development.js:15476:11)
      at recursivelyTraversePassiveMountEffects (node_modules/.pnpm/react-dom@19.2.0_react@19.2.0/node_modules/react-dom/cjs/react-dom-client.development.js:15439:11)
      at commitPassiveMountOnFiber (node_modules/.pnpm/react-dom@19.2.0_react@19.2.0/node_modules/react-dom/cjs/react-dom-client.development.js:15476:11)
      at recursivelyTraversePassiveMountEffects (node_modules/.pnpm/react-dom@19.2.0_react@19.2.0/node_modules/react-dom/cjs/react-dom-client.development.js:15439:11)
      at commitPassiveMountOnFiber (node_modules/.pnpm/react-dom@19.2.0_react@19.2.0/node_modules/react-dom/cjs/react-dom-client.development.js:15476:11)
      at recursivelyTraversePassiveMountEffects (node_modules/.pnpm/react-dom@19.2.0_react@19.2.0/node_modules/react-dom/cjs/react-dom-client.development.js:15439:11)
      at commitPassiveMountOnFiber (node_modules/.pnpm/react-dom@19.2.0_react@19.2.0/node_modules/react-dom/cjs/react-dom-client.development.js:15718:11)
      at recursivelyTraversePassiveMountEffects (node_modules/.pnpm/react-dom@19.2.0_react@19.2.0/node_modules/react-dom/cjs/react-dom-client.development.js:15439:11)
      at commitPassiveMountOnFiber (node_modules/.pnpm/react-dom@19.2.0_react@19.2.0/node_modules/react-dom/cjs/react-dom-client.development.js:15476:11)
      at recursivelyTraversePassiveMountEffects (node_modules/.pnpm/react-dom@19.2.0_react@19.2.0/node_modules/react-dom/cjs/react-dom-client.development.js:15439:11)
      at commitPassiveMountOnFiber (node_modules/.pnpm/react-dom@19.2.0_react@19.2.0/node_modules/react-dom/cjs/react-dom-client.development.js:15476:11)
      at recursivelyTraversePassiveMountEffects (node_modules/.pnpm/react-dom@19.2.0_react@19.2.0/node_modules/react-dom/cjs/react-dom-client.development.js:15439:11)
      at commitPassiveMountOnFiber (node_modules/.pnpm/react-dom@19.2.0_react@19.2.0/node_modules/react-dom/cjs/react-dom-client.development.js:15476:11)
      at recursivelyTraversePassiveMountEffects (node_modules/.pnpm/react-dom@19.2.0_react@19.2.0/node_modules/react-dom/cjs/react-dom-client.development.js:15439:11)
      at commitPassiveMountOnFiber (node_modules/.pnpm/react-dom@19.2.0_react@19.2.0/node_modules/react-dom/cjs/react-dom-client.development.js:15519:11)
      at flushPassiveEffects (node_modules/.pnpm/react-dom@19.2.0_react@19.2.0/node_modules/react-dom/cjs/react-dom-client.development.js:18432:9)
      at flushPendingEffects (node_modules/.pnpm/react-dom@19.2.0_react@19.2.0/node_modules/react-dom/cjs/react-dom-client.development.js:18358:14)
      at flushSpawnedWork (node_modules/.pnpm/react-dom@19.2.0_react@19.2.0/node_modules/react-dom/cjs/react-dom-client.development.js:18323:44)
      at commitRoot (node_modules/.pnpm/react-dom@19.2.0_react@19.2.0/node_modules/react-dom/cjs/react-dom-client.development.js:17955:9)
      at performWorkOnRoot (node_modules/.pnpm/react-dom@19.2.0_react@19.2.0/node_modules/react-dom/cjs/react-dom-client.development.js:16667:15)
      at performSyncWorkOnRoot (node_modules/.pnpm/react-dom@19.2.0_react@19.2.0/node_modules/react-dom/cjs/react-dom-client.development.js:18972:7)
      at flushSyncWorkAcrossRoots_impl (node_modules/.pnpm/react-dom@19.2.0_react@19.2.0/node_modules/react-dom/cjs/react-dom-client.development.js:18814:21)
      at flushSpawnedWork (node_modules/.pnpm/react-dom@19.2.0_react@19.2.0/node_modules/react-dom/cjs/react-dom-client.development.js:18334:9)
      at commitRoot (node_modules/.pnpm/react-dom@19.2.0_react@19.2.0/node_modules/react-dom/cjs/react-dom-client.development.js:17955:9)
      at performWorkOnRoot (node_modules/.pnpm/react-dom@19.2.0_react@19.2.0/node_modules/react-dom/cjs/react-dom-client.development.js:16667:15)
      at performWorkOnRootViaSchedulerTask (node_modules/.pnpm/react-dom@19.2.0_react@19.2.0/node_modules/react-dom/cjs/react-dom-client.development.js:18957:7)
      at flushActQueue (node_modules/.pnpm/react@19.2.0/node_modules/react/cjs/react.development.js:590:34)
      at process.env.NODE_ENV.exports.act (node_modules/.pnpm/react@19.2.0/node_modules/react/cjs/react.development.js:884:10)
      at node_modules/.pnpm/@testing-library+react@16.3_15d474de7481bb0af842c1b1705139a8/node_modules/@testing-library/react/dist/act-compat.js:47:25
      at renderRoot (node_modules/.pnpm/@testing-library+react@16.3_15d474de7481bb0af842c1b1705139a8/node_modules/@testing-library/react/dist/pure.js:190:26)
      at rerender (node_modules/.pnpm/@testing-library+react@16.3_15d474de7481bb0af842c1b1705139a8/node_modules/@testing-library/react/dist/pure.js:211:7)
      at Object.rerender (src/components/accessible/__tests__/AccessibleModal.test.tsx:200:7)

    console.error
      `DialogContent` requires a `DialogTitle` for the component to be accessible for screen reader users.
      
      If you want to hide the `DialogTitle`, you can wrap it with our VisuallyHidden component.
      
      For more information, see https://radix-ui.com/primitives/docs/components/dialog

    [0m [90m 373 |[39m       [36mreturn[39m[33m;[39m
     [90m 374 |[39m     }
    [31m[1m>[22m[39m[90m 375 |[39m     originalError[33m.[39mcall(console[33m,[39m [33m...[39margs)[33m;[39m
     [90m     |[39m                   [31m[1m^[22m[39m
     [90m 376 |[39m   }[33m;[39m
     [90m 377 |[39m })[33m;[39m
     [90m 378 |[39m[0m

      at console.call [as error] (jest.setup.js:375:19)
      at node_modules/.pnpm/@radix-ui+react-dialog@1.1._664b8f23a65f4708bb5cf27e5ff43c08/node_modules/@radix-ui/react-dialog/src/dialog.tsx:520:30
      at Object.react_stack_bottom_frame (node_modules/.pnpm/react-dom@19.2.0_react@19.2.0/node_modules/react-dom/cjs/react-dom-client.development.js:25989:20)
      at runWithFiberInDEV (node_modules/.pnpm/react-dom@19.2.0_react@19.2.0/node_modules/react-dom/cjs/react-dom-client.development.js:874:13)
      at commitHookEffectListMount (node_modules/.pnpm/react-dom@19.2.0_react@19.2.0/node_modules/react-dom/cjs/react-dom-client.development.js:13249:29)
      at commitHookPassiveMountEffects (node_modules/.pnpm/react-dom@19.2.0_react@19.2.0/node_modules/react-dom/cjs/react-dom-client.development.js:13336:11)
      at commitPassiveMountOnFiber (node_modules/.pnpm/react-dom@19.2.0_react@19.2.0/node_modules/react-dom/cjs/react-dom-client.development.js:15484:13)
      at recursivelyTraversePassiveMountEffects (node_modules/.pnpm/react-dom@19.2.0_react@19.2.0/node_modules/react-dom/cjs/react-dom-client.development.js:15439:11)
      at commitPassiveMountOnFiber (node_modules/.pnpm/react-dom@19.2.0_react@19.2.0/node_modules/react-dom/cjs/react-dom-client.development.js:15718:11)
      at recursivelyTraversePassiveMountEffects (node_modules/.pnpm/react-dom@19.2.0_react@19.2.0/node_modules/react-dom/cjs/react-dom-client.development.js:15439:11)
      at commitPassiveMountOnFiber (node_modules/.pnpm/react-dom@19.2.0_react@19.2.0/node_modules/react-dom/cjs/react-dom-client.development.js:15476:11)
      at recursivelyTraversePassiveMountEffects (node_modules/.pnpm/react-dom@19.2.0_react@19.2.0/node_modules/react-dom/cjs/react-dom-client.development.js:15439:11)
      at commitPassiveMountOnFiber (node_modules/.pnpm/react-dom@19.2.0_react@19.2.0/node_modules/react-dom/cjs/react-dom-client.development.js:15476:11)
      at recursivelyTraversePassiveMountEffects (node_modules/.pnpm/react-dom@19.2.0_react@19.2.0/node_modules/react-dom/cjs/react-dom-client.development.js:15439:11)
      at commitPassiveMountOnFiber (node_modules/.pnpm/react-dom@19.2.0_react@19.2.0/node_modules/react-dom/cjs/react-dom-client.development.js:15476:11)
      at recursivelyTraversePassiveMountEffects (node_modules/.pnpm/react-dom@19.2.0_react@19.2.0/node_modules/react-dom/cjs/react-dom-client.development.js:15439:11)
      at commitPassiveMountOnFiber (node_modules/.pnpm/react-dom@19.2.0_react@19.2.0/node_modules/react-dom/cjs/react-dom-client.development.js:15476:11)
      at recursivelyTraversePassiveMountEffects (node_modules/.pnpm/react-dom@19.2.0_react@19.2.0/node_modules/react-dom/cjs/react-dom-client.development.js:15439:11)
      at commitPassiveMountOnFiber (node_modules/.pnpm/react-dom@19.2.0_react@19.2.0/node_modules/react-dom/cjs/react-dom-client.development.js:15476:11)
      at recursivelyTraversePassiveMountEffects (node_modules/.pnpm/react-dom@19.2.0_react@19.2.0/node_modules/react-dom/cjs/react-dom-client.development.js:15439:11)
      at commitPassiveMountOnFiber (node_modules/.pnpm/react-dom@19.2.0_react@19.2.0/node_modules/react-dom/cjs/react-dom-client.development.js:15476:11)
      at recursivelyTraversePassiveMountEffects (node_modules/.pnpm/react-dom@19.2.0_react@19.2.0/node_modules/react-dom/cjs/react-dom-client.development.js:15439:11)
      at commitPassiveMountOnFiber (node_modules/.pnpm/react-dom@19.2.0_react@19.2.0/node_modules/react-dom/cjs/react-dom-client.development.js:15476:11)
      at recursivelyTraversePassiveMountEffects (node_modules/.pnpm/react-dom@19.2.0_react@19.2.0/node_modules/react-dom/cjs/react-dom-client.development.js:15439:11)
      at commitPassiveMountOnFiber (node_modules/.pnpm/react-dom@19.2.0_react@19.2.0/node_modules/react-dom/cjs/react-dom-client.development.js:15718:11)
      at recursivelyTraversePassiveMountEffects (node_modules/.pnpm/react-dom@19.2.0_react@19.2.0/node_modules/react-dom/cjs/react-dom-client.development.js:15439:11)
      at commitPassiveMountOnFiber (node_modules/.pnpm/react-dom@19.2.0_react@19.2.0/node_modules/react-dom/cjs/react-dom-client.development.js:15476:11)
      at recursivelyTraversePassiveMountEffects (node_modules/.pnpm/react-dom@19.2.0_react@19.2.0/node_modules/react-dom/cjs/react-dom-client.development.js:15439:11)
      at commitPassiveMountOnFiber (node_modules/.pnpm/react-dom@19.2.0_react@19.2.0/node_modules/react-dom/cjs/react-dom-client.development.js:15476:11)
      at recursivelyTraversePassiveMountEffects (node_modules/.pnpm/react-dom@19.2.0_react@19.2.0/node_modules/react-dom/cjs/react-dom-client.development.js:15439:11)
      at commitPassiveMountOnFiber (node_modules/.pnpm/react-dom@19.2.0_react@19.2.0/node_modules/react-dom/cjs/react-dom-client.development.js:15718:11)
      at recursivelyTraversePassiveMountEffects (node_modules/.pnpm/react-dom@19.2.0_react@19.2.0/node_modules/react-dom/cjs/react-dom-client.development.js:15439:11)
      at commitPassiveMountOnFiber (node_modules/.pnpm/react-dom@19.2.0_react@19.2.0/node_modules/react-dom/cjs/react-dom-client.development.js:15476:11)
      at recursivelyTraversePassiveMountEffects (node_modules/.pnpm/react-dom@19.2.0_react@19.2.0/node_modules/react-dom/cjs/react-dom-client.development.js:15439:11)
      at commitPassiveMountOnFiber (node_modules/.pnpm/react-dom@19.2.0_react@19.2.0/node_modules/react-dom/cjs/react-dom-client.development.js:15476:11)
      at recursivelyTraversePassiveMountEffects (node_modules/.pnpm/react-dom@19.2.0_react@19.2.0/node_modules/react-dom/cjs/react-dom-client.development.js:15439:11)
      at commitPassiveMountOnFiber (node_modules/.pnpm/react-dom@19.2.0_react@19.2.0/node_modules/react-dom/cjs/react-dom-client.development.js:15476:11)
      at recursivelyTraversePassiveMountEffects (node_modules/.pnpm/react-dom@19.2.0_react@19.2.0/node_modules/react-dom/cjs/react-dom-client.development.js:15439:11)
      at commitPassiveMountOnFiber (node_modules/.pnpm/react-dom@19.2.0_react@19.2.0/node_modules/react-dom/cjs/react-dom-client.development.js:15718:11)
      at recursivelyTraversePassiveMountEffects (node_modules/.pnpm/react-dom@19.2.0_react@19.2.0/node_modules/react-dom/cjs/react-dom-client.development.js:15439:11)
      at commitPassiveMountOnFiber (node_modules/.pnpm/react-dom@19.2.0_react@19.2.0/node_modules/react-dom/cjs/react-dom-client.development.js:15476:11)
      at recursivelyTraversePassiveMountEffects (node_modules/.pnpm/react-dom@19.2.0_react@19.2.0/node_modules/react-dom/cjs/react-dom-client.development.js:15439:11)
      at commitPassiveMountOnFiber (node_modules/.pnpm/react-dom@19.2.0_react@19.2.0/node_modules/react-dom/cjs/react-dom-client.development.js:15476:11)
      at recursivelyTraversePassiveMountEffects (node_modules/.pnpm/react-dom@19.2.0_react@19.2.0/node_modules/react-dom/cjs/react-dom-client.development.js:15439:11)
      at commitPassiveMountOnFiber (node_modules/.pnpm/react-dom@19.2.0_react@19.2.0/node_modules/react-dom/cjs/react-dom-client.development.js:15476:11)
      at recursivelyTraversePassiveMountEffects (node_modules/.pnpm/react-dom@19.2.0_react@19.2.0/node_modules/react-dom/cjs/react-dom-client.development.js:15439:11)
      at commitPassiveMountOnFiber (node_modules/.pnpm/react-dom@19.2.0_react@19.2.0/node_modules/react-dom/cjs/react-dom-client.development.js:15519:11)
      at flushPassiveEffects (node_modules/.pnpm/react-dom@19.2.0_react@19.2.0/node_modules/react-dom/cjs/react-dom-client.development.js:18432:9)
      at flushPendingEffects (node_modules/.pnpm/react-dom@19.2.0_react@19.2.0/node_modules/react-dom/cjs/react-dom-client.development.js:18358:14)
      at flushSpawnedWork (node_modules/.pnpm/react-dom@19.2.0_react@19.2.0/node_modules/react-dom/cjs/react-dom-client.development.js:18323:44)
      at commitRoot (node_modules/.pnpm/react-dom@19.2.0_react@19.2.0/node_modules/react-dom/cjs/react-dom-client.development.js:17955:9)
      at performWorkOnRoot (node_modules/.pnpm/react-dom@19.2.0_react@19.2.0/node_modules/react-dom/cjs/react-dom-client.development.js:16667:15)
      at performSyncWorkOnRoot (node_modules/.pnpm/react-dom@19.2.0_react@19.2.0/node_modules/react-dom/cjs/react-dom-client.development.js:18972:7)
      at flushSyncWorkAcrossRoots_impl (node_modules/.pnpm/react-dom@19.2.0_react@19.2.0/node_modules/react-dom/cjs/react-dom-client.development.js:18814:21)
      at flushSpawnedWork (node_modules/.pnpm/react-dom@19.2.0_react@19.2.0/node_modules/react-dom/cjs/react-dom-client.development.js:18334:9)
      at commitRoot (node_modules/.pnpm/react-dom@19.2.0_react@19.2.0/node_modules/react-dom/cjs/react-dom-client.development.js:17955:9)
      at performWorkOnRoot (node_modules/.pnpm/react-dom@19.2.0_react@19.2.0/node_modules/react-dom/cjs/react-dom-client.development.js:16667:15)
      at performWorkOnRootViaSchedulerTask (node_modules/.pnpm/react-dom@19.2.0_react@19.2.0/node_modules/react-dom/cjs/react-dom-client.development.js:18957:7)
      at flushActQueue (node_modules/.pnpm/react@19.2.0/node_modules/react/cjs/react.development.js:590:34)
      at process.env.NODE_ENV.exports.act (node_modules/.pnpm/react@19.2.0/node_modules/react/cjs/react.development.js:884:10)
      at node_modules/.pnpm/@testing-library+react@16.3_15d474de7481bb0af842c1b1705139a8/node_modules/@testing-library/react/dist/act-compat.js:47:25
      at renderRoot (node_modules/.pnpm/@testing-library+react@16.3_15d474de7481bb0af842c1b1705139a8/node_modules/@testing-library/react/dist/pure.js:190:26)
      at render (node_modules/.pnpm/@testing-library+react@16.3_15d474de7481bb0af842c1b1705139a8/node_modules/@testing-library/react/dist/pure.js:292:10)
      at Object.<anonymous> (src/components/accessible/__tests__/AccessibleModal.test.tsx:217:13)

    console.error
      `DialogContent` requires a `DialogTitle` for the component to be accessible for screen reader users.
      
      If you want to hide the `DialogTitle`, you can wrap it with our VisuallyHidden component.
      
      For more information, see https://radix-ui.com/primitives/docs/components/dialog

    [0m [90m 373 |[39m       [36mreturn[39m[33m;[39m
     [90m 374 |[39m     }
    [31m[1m>[22m[39m[90m 375 |[39m     originalError[33m.[39mcall(console[33m,[39m [33m...[39margs)[33m;[39m
     [90m     |[39m                   [31m[1m^[22m[39m
     [90m 376 |[39m   }[33m;[39m
     [90m 377 |[39m })[33m;[39m
     [90m 378 |[39m[0m

      at console.call [as error] (jest.setup.js:375:19)
      at node_modules/.pnpm/@radix-ui+react-dialog@1.1._664b8f23a65f4708bb5cf27e5ff43c08/node_modules/@radix-ui/react-dialog/src/dialog.tsx:520:30
      at Object.react_stack_bottom_frame (node_modules/.pnpm/react-dom@19.2.0_react@19.2.0/node_modules/react-dom/cjs/react-dom-client.development.js:25989:20)
      at runWithFiberInDEV (node_modules/.pnpm/react-dom@19.2.0_react@19.2.0/node_modules/react-dom/cjs/react-dom-client.development.js:874:13)
      at commitHookEffectListMount (node_modules/.pnpm/react-dom@19.2.0_react@19.2.0/node_modules/react-dom/cjs/react-dom-client.development.js:13249:29)
      at commitHookPassiveMountEffects (node_modules/.pnpm/react-dom@19.2.0_react@19.2.0/node_modules/react-dom/cjs/react-dom-client.development.js:13336:11)
      at commitPassiveMountOnFiber (node_modules/.pnpm/react-dom@19.2.0_react@19.2.0/node_modules/react-dom/cjs/react-dom-client.development.js:15484:13)
      at recursivelyTraversePassiveMountEffects (node_modules/.pnpm/react-dom@19.2.0_react@19.2.0/node_modules/react-dom/cjs/react-dom-client.development.js:15439:11)
      at commitPassiveMountOnFiber (node_modules/.pnpm/react-dom@19.2.0_react@19.2.0/node_modules/react-dom/cjs/react-dom-client.development.js:15718:11)
      at recursivelyTraversePassiveMountEffects (node_modules/.pnpm/react-dom@19.2.0_react@19.2.0/node_modules/react-dom/cjs/react-dom-client.development.js:15439:11)
      at commitPassiveMountOnFiber (node_modules/.pnpm/react-dom@19.2.0_react@19.2.0/node_modules/react-dom/cjs/react-dom-client.development.js:15476:11)
      at recursivelyTraversePassiveMountEffects (node_modules/.pnpm/react-dom@19.2.0_react@19.2.0/node_modules/react-dom/cjs/react-dom-client.development.js:15439:11)
      at commitPassiveMountOnFiber (node_modules/.pnpm/react-dom@19.2.0_react@19.2.0/node_modules/react-dom/cjs/react-dom-client.development.js:15476:11)
      at recursivelyTraversePassiveMountEffects (node_modules/.pnpm/react-dom@19.2.0_react@19.2.0/node_modules/react-dom/cjs/react-dom-client.development.js:15439:11)
      at commitPassiveMountOnFiber (node_modules/.pnpm/react-dom@19.2.0_react@19.2.0/node_modules/react-dom/cjs/react-dom-client.development.js:15476:11)
      at recursivelyTraversePassiveMountEffects (node_modules/.pnpm/react-dom@19.2.0_react@19.2.0/node_modules/react-dom/cjs/react-dom-client.development.js:15439:11)
      at commitPassiveMountOnFiber (node_modules/.pnpm/react-dom@19.2.0_react@19.2.0/node_modules/react-dom/cjs/react-dom-client.development.js:15476:11)
      at recursivelyTraversePassiveMountEffects (node_modules/.pnpm/react-dom@19.2.0_react@19.2.0/node_modules/react-dom/cjs/react-dom-client.development.js:15439:11)
      at commitPassiveMountOnFiber (node_modules/.pnpm/react-dom@19.2.0_react@19.2.0/node_modules/react-dom/cjs/react-dom-client.development.js:15476:11)
      at recursivelyTraversePassiveMountEffects (node_modules/.pnpm/react-dom@19.2.0_react@19.2.0/node_modules/react-dom/cjs/react-dom-client.development.js:15439:11)
      at commitPassiveMountOnFiber (node_modules/.pnpm/react-dom@19.2.0_react@19.2.0/node_modules/react-dom/cjs/react-dom-client.development.js:15476:11)
      at recursivelyTraversePassiveMountEffects (node_modules/.pnpm/react-dom@19.2.0_react@19.2.0/node_modules/react-dom/cjs/react-dom-client.development.js:15439:11)
      at commitPassiveMountOnFiber (node_modules/.pnpm/react-dom@19.2.0_react@19.2.0/node_modules/react-dom/cjs/react-dom-client.development.js:15476:11)
      at recursivelyTraversePassiveMountEffects (node_modules/.pnpm/react-dom@19.2.0_react@19.2.0/node_modules/react-dom/cjs/react-dom-client.development.js:15439:11)
      at commitPassiveMountOnFiber (node_modules/.pnpm/react-dom@19.2.0_react@19.2.0/node_modules/react-dom/cjs/react-dom-client.development.js:15718:11)
      at recursivelyTraversePassiveMountEffects (node_modules/.pnpm/react-dom@19.2.0_react@19.2.0/node_modules/react-dom/cjs/react-dom-client.development.js:15439:11)
      at commitPassiveMountOnFiber (node_modules/.pnpm/react-dom@19.2.0_react@19.2.0/node_modules/react-dom/cjs/react-dom-client.development.js:15476:11)
      at recursivelyTraversePassiveMountEffects (node_modules/.pnpm/react-dom@19.2.0_react@19.2.0/node_modules/react-dom/cjs/react-dom-client.development.js:15439:11)
      at commitPassiveMountOnFiber (node_modules/.pnpm/react-dom@19.2.0_react@19.2.0/node_modules/react-dom/cjs/react-dom-client.development.js:15476:11)
      at recursivelyTraversePassiveMountEffects (node_modules/.pnpm/react-dom@19.2.0_react@19.2.0/node_modules/react-dom/cjs/react-dom-client.development.js:15439:11)
      at commitPassiveMountOnFiber (node_modules/.pnpm/react-dom@19.2.0_react@19.2.0/node_modules/react-dom/cjs/react-dom-client.development.js:15718:11)
      at recursivelyTraversePassiveMountEffects (node_modules/.pnpm/react-dom@19.2.0_react@19.2.0/node_modules/react-dom/cjs/react-dom-client.development.js:15439:11)
      at commitPassiveMountOnFiber (node_modules/.pnpm/react-dom@19.2.0_react@19.2.0/node_modules/react-dom/cjs/react-dom-client.development.js:15476:11)
      at recursivelyTraversePassiveMountEffects (node_modules/.pnpm/react-dom@19.2.0_react@19.2.0/node_modules/react-dom/cjs/react-dom-client.development.js:15439:11)
      at commitPassiveMountOnFiber (node_modules/.pnpm/react-dom@19.2.0_react@19.2.0/node_modules/react-dom/cjs/react-dom-client.development.js:15476:11)
      at recursivelyTraversePassiveMountEffects (node_modules/.pnpm/react-dom@19.2.0_react@19.2.0/node_modules/react-dom/cjs/react-dom-client.development.js:15439:11)
      at commitPassiveMountOnFiber (node_modules/.pnpm/react-dom@19.2.0_react@19.2.0/node_modules/react-dom/cjs/react-dom-client.development.js:15476:11)
      at recursivelyTraversePassiveMountEffects (node_modules/.pnpm/react-dom@19.2.0_react@19.2.0/node_modules/react-dom/cjs/react-dom-client.development.js:15439:11)
      at commitPassiveMountOnFiber (node_modules/.pnpm/react-dom@19.2.0_react@19.2.0/node_modules/react-dom/cjs/react-dom-client.development.js:15718:11)
      at recursivelyTraversePassiveMountEffects (node_modules/.pnpm/react-dom@19.2.0_react@19.2.0/node_modules/react-dom/cjs/react-dom-client.development.js:15439:11)
      at commitPassiveMountOnFiber (node_modules/.pnpm/react-dom@19.2.0_react@19.2.0/node_modules/react-dom/cjs/react-dom-client.development.js:15476:11)
      at recursivelyTraversePassiveMountEffects (node_modules/.pnpm/react-dom@19.2.0_react@19.2.0/node_modules/react-dom/cjs/react-dom-client.development.js:15439:11)
      at commitPassiveMountOnFiber (node_modules/.pnpm/react-dom@19.2.0_react@19.2.0/node_modules/react-dom/cjs/react-dom-client.development.js:15476:11)
      at recursivelyTraversePassiveMountEffects (node_modules/.pnpm/react-dom@19.2.0_react@19.2.0/node_modules/react-dom/cjs/react-dom-client.development.js:15439:11)
      at commitPassiveMountOnFiber (node_modules/.pnpm/react-dom@19.2.0_react@19.2.0/node_modules/react-dom/cjs/react-dom-client.development.js:15476:11)
      at recursivelyTraversePassiveMountEffects (node_modules/.pnpm/react-dom@19.2.0_react@19.2.0/node_modules/react-dom/cjs/react-dom-client.development.js:15439:11)
      at commitPassiveMountOnFiber (node_modules/.pnpm/react-dom@19.2.0_react@19.2.0/node_modules/react-dom/cjs/react-dom-client.development.js:15519:11)
      at flushPassiveEffects (node_modules/.pnpm/react-dom@19.2.0_react@19.2.0/node_modules/react-dom/cjs/react-dom-client.development.js:18432:9)
      at flushPendingEffects (node_modules/.pnpm/react-dom@19.2.0_react@19.2.0/node_modules/react-dom/cjs/react-dom-client.development.js:18358:14)
      at flushSpawnedWork (node_modules/.pnpm/react-dom@19.2.0_react@19.2.0/node_modules/react-dom/cjs/react-dom-client.development.js:18323:44)
      at commitRoot (node_modules/.pnpm/react-dom@19.2.0_react@19.2.0/node_modules/react-dom/cjs/react-dom-client.development.js:17955:9)
      at performWorkOnRoot (node_modules/.pnpm/react-dom@19.2.0_react@19.2.0/node_modules/react-dom/cjs/react-dom-client.development.js:16667:15)
      at performSyncWorkOnRoot (node_modules/.pnpm/react-dom@19.2.0_react@19.2.0/node_modules/react-dom/cjs/react-dom-client.development.js:18972:7)
      at flushSyncWorkAcrossRoots_impl (node_modules/.pnpm/react-dom@19.2.0_react@19.2.0/node_modules/react-dom/cjs/react-dom-client.development.js:18814:21)
      at flushSpawnedWork (node_modules/.pnpm/react-dom@19.2.0_react@19.2.0/node_modules/react-dom/cjs/react-dom-client.development.js:18334:9)
      at commitRoot (node_modules/.pnpm/react-dom@19.2.0_react@19.2.0/node_modules/react-dom/cjs/react-dom-client.development.js:17955:9)
      at performWorkOnRoot (node_modules/.pnpm/react-dom@19.2.0_react@19.2.0/node_modules/react-dom/cjs/react-dom-client.development.js:16667:15)
      at performWorkOnRootViaSchedulerTask (node_modules/.pnpm/react-dom@19.2.0_react@19.2.0/node_modules/react-dom/cjs/react-dom-client.development.js:18957:7)
      at flushActQueue (node_modules/.pnpm/react@19.2.0/node_modules/react/cjs/react.development.js:590:34)
      at process.env.NODE_ENV.exports.act (node_modules/.pnpm/react@19.2.0/node_modules/react/cjs/react.development.js:884:10)
      at node_modules/.pnpm/@testing-library+react@16.3_15d474de7481bb0af842c1b1705139a8/node_modules/@testing-library/react/dist/act-compat.js:47:25
      at renderRoot (node_modules/.pnpm/@testing-library+react@16.3_15d474de7481bb0af842c1b1705139a8/node_modules/@testing-library/react/dist/pure.js:190:26)
      at render (node_modules/.pnpm/@testing-library+react@16.3_15d474de7481bb0af842c1b1705139a8/node_modules/@testing-library/react/dist/pure.js:292:10)
      at Object.<anonymous> (src/components/accessible/__tests__/AccessibleModal.test.tsx:233:13)

    console.error
      `DialogContent` requires a `DialogTitle` for the component to be accessible for screen reader users.
      
      If you want to hide the `DialogTitle`, you can wrap it with our VisuallyHidden component.
      
      For more information, see https://radix-ui.com/primitives/docs/components/dialog

    [0m [90m 373 |[39m       [36mreturn[39m[33m;[39m
     [90m 374 |[39m     }
    [31m[1m>[22m[39m[90m 375 |[39m     originalError[33m.[39mcall(console[33m,[39m [33m...[39margs)[33m;[39m
     [90m     |[39m                   [31m[1m^[22m[39m
     [90m 376 |[39m   }[33m;[39m
     [90m 377 |[39m })[33m;[39m
     [90m 378 |[39m[0m

      at console.call [as error] (jest.setup.js:375:19)
      at node_modules/.pnpm/@radix-ui+react-dialog@1.1._664b8f23a65f4708bb5cf27e5ff43c08/node_modules/@radix-ui/react-dialog/src/dialog.tsx:520:30
      at Object.react_stack_bottom_frame (node_modules/.pnpm/react-dom@19.2.0_react@19.2.0/node_modules/react-dom/cjs/react-dom-client.development.js:25989:20)
      at runWithFiberInDEV (node_modules/.pnpm/react-dom@19.2.0_react@19.2.0/node_modules/react-dom/cjs/react-dom-client.development.js:874:13)
      at commitHookEffectListMount (node_modules/.pnpm/react-dom@19.2.0_react@19.2.0/node_modules/react-dom/cjs/react-dom-client.development.js:13249:29)
      at commitHookPassiveMountEffects (node_modules/.pnpm/react-dom@19.2.0_react@19.2.0/node_modules/react-dom/cjs/react-dom-client.development.js:13336:11)
      at commitPassiveMountOnFiber (node_modules/.pnpm/react-dom@19.2.0_react@19.2.0/node_modules/react-dom/cjs/react-dom-client.development.js:15484:13)
      at recursivelyTraversePassiveMountEffects (node_modules/.pnpm/react-dom@19.2.0_react@19.2.0/node_modules/react-dom/cjs/react-dom-client.development.js:15439:11)
      at commitPassiveMountOnFiber (node_modules/.pnpm/react-dom@19.2.0_react@19.2.0/node_modules/react-dom/cjs/react-dom-client.development.js:15718:11)
      at recursivelyTraversePassiveMountEffects (node_modules/.pnpm/react-dom@19.2.0_react@19.2.0/node_modules/react-dom/cjs/react-dom-client.development.js:15439:11)
      at commitPassiveMountOnFiber (node_modules/.pnpm/react-dom@19.2.0_react@19.2.0/node_modules/react-dom/cjs/react-dom-client.development.js:15476:11)
      at recursivelyTraversePassiveMountEffects (node_modules/.pnpm/react-dom@19.2.0_react@19.2.0/node_modules/react-dom/cjs/react-dom-client.development.js:15439:11)
      at commitPassiveMountOnFiber (node_modules/.pnpm/react-dom@19.2.0_react@19.2.0/node_modules/react-dom/cjs/react-dom-client.development.js:15476:11)
      at recursivelyTraversePassiveMountEffects (node_modules/.pnpm/react-dom@19.2.0_react@19.2.0/node_modules/react-dom/cjs/react-dom-client.development.js:15439:11)
      at commitPassiveMountOnFiber (node_modules/.pnpm/react-dom@19.2.0_react@19.2.0/node_modules/react-dom/cjs/react-dom-client.development.js:15476:11)
      at recursivelyTraversePassiveMountEffects (node_modules/.pnpm/react-dom@19.2.0_react@19.2.0/node_modules/react-dom/cjs/react-dom-client.development.js:15439:11)
      at commitPassiveMountOnFiber (node_modules/.pnpm/react-dom@19.2.0_react@19.2.0/node_modules/react-dom/cjs/react-dom-client.development.js:15476:11)
      at recursivelyTraversePassiveMountEffects (node_modules/.pnpm/react-dom@19.2.0_react@19.2.0/node_modules/react-dom/cjs/react-dom-client.development.js:15439:11)
      at commitPassiveMountOnFiber (node_modules/.pnpm/react-dom@19.2.0_react@19.2.0/node_modules/react-dom/cjs/react-dom-client.development.js:15476:11)
      at recursivelyTraversePassiveMountEffects (node_modules/.pnpm/react-dom@19.2.0_react@19.2.0/node_modules/react-dom/cjs/react-dom-client.development.js:15439:11)
      at commitPassiveMountOnFiber (node_modules/.pnpm/react-dom@19.2.0_react@19.2.0/node_modules/react-dom/cjs/react-dom-client.development.js:15476:11)
      at recursivelyTraversePassiveMountEffects (node_modules/.pnpm/react-dom@19.2.0_react@19.2.0/node_modules/react-dom/cjs/react-dom-client.development.js:15439:11)
      at commitPassiveMountOnFiber (node_modules/.pnpm/react-dom@19.2.0_react@19.2.0/node_modules/react-dom/cjs/react-dom-client.development.js:15476:11)
      at recursivelyTraversePassiveMountEffects (node_modules/.pnpm/react-dom@19.2.0_react@19.2.0/node_modules/react-dom/cjs/react-dom-client.development.js:15439:11)
      at commitPassiveMountOnFiber (node_modules/.pnpm/react-dom@19.2.0_react@19.2.0/node_modules/react-dom/cjs/react-dom-client.development.js:15718:11)
      at recursivelyTraversePassiveMountEffects (node_modules/.pnpm/react-dom@19.2.0_react@19.2.0/node_modules/react-dom/cjs/react-dom-client.development.js:15439:11)
      at commitPassiveMountOnFiber (node_modules/.pnpm/react-dom@19.2.0_react@19.2.0/node_modules/react-dom/cjs/react-dom-client.development.js:15476:11)
      at recursivelyTraversePassiveMountEffects (node_modules/.pnpm/react-dom@19.2.0_react@19.2.0/node_modules/react-dom/cjs/react-dom-client.development.js:15439:11)
      at commitPassiveMountOnFiber (node_modules/.pnpm/react-dom@19.2.0_react@19.2.0/node_modules/react-dom/cjs/react-dom-client.development.js:15476:11)
      at recursivelyTraversePassiveMountEffects (node_modules/.pnpm/react-dom@19.2.0_react@19.2.0/node_modules/react-dom/cjs/react-dom-client.development.js:15439:11)
      at commitPassiveMountOnFiber (node_modules/.pnpm/react-dom@19.2.0_react@19.2.0/node_modules/react-dom/cjs/react-dom-client.development.js:15718:11)
      at recursivelyTraversePassiveMountEffects (node_modules/.pnpm/react-dom@19.2.0_react@19.2.0/node_modules/react-dom/cjs/react-dom-client.development.js:15439:11)
      at commitPassiveMountOnFiber (node_modules/.pnpm/react-dom@19.2.0_react@19.2.0/node_modules/react-dom/cjs/react-dom-client.development.js:15476:11)
      at recursivelyTraversePassiveMountEffects (node_modules/.pnpm/react-dom@19.2.0_react@19.2.0/node_modules/react-dom/cjs/react-dom-client.development.js:15439:11)
      at commitPassiveMountOnFiber (node_modules/.pnpm/react-dom@19.2.0_react@19.2.0/node_modules/react-dom/cjs/react-dom-client.development.js:15476:11)
      at recursivelyTraversePassiveMountEffects (node_modules/.pnpm/react-dom@19.2.0_react@19.2.0/node_modules/react-dom/cjs/react-dom-client.development.js:15439:11)
      at commitPassiveMountOnFiber (node_modules/.pnpm/react-dom@19.2.0_react@19.2.0/node_modules/react-dom/cjs/react-dom-client.development.js:15476:11)
      at recursivelyTraversePassiveMountEffects (node_modules/.pnpm/react-dom@19.2.0_react@19.2.0/node_modules/react-dom/cjs/react-dom-client.development.js:15439:11)
      at commitPassiveMountOnFiber (node_modules/.pnpm/react-dom@19.2.0_react@19.2.0/node_modules/react-dom/cjs/react-dom-client.development.js:15718:11)
      at recursivelyTraversePassiveMountEffects (node_modules/.pnpm/react-dom@19.2.0_react@19.2.0/node_modules/react-dom/cjs/react-dom-client.development.js:15439:11)
      at commitPassiveMountOnFiber (node_modules/.pnpm/react-dom@19.2.0_react@19.2.0/node_modules/react-dom/cjs/react-dom-client.development.js:15476:11)
      at recursivelyTraversePassiveMountEffects (node_modules/.pnpm/react-dom@19.2.0_react@19.2.0/node_modules/react-dom/cjs/react-dom-client.development.js:15439:11)
      at commitPassiveMountOnFiber (node_modules/.pnpm/react-dom@19.2.0_react@19.2.0/node_modules/react-dom/cjs/react-dom-client.development.js:15476:11)
      at recursivelyTraversePassiveMountEffects (node_modules/.pnpm/react-dom@19.2.0_react@19.2.0/node_modules/react-dom/cjs/react-dom-client.development.js:15439:11)
      at commitPassiveMountOnFiber (node_modules/.pnpm/react-dom@19.2.0_react@19.2.0/node_modules/react-dom/cjs/react-dom-client.development.js:15476:11)
      at recursivelyTraversePassiveMountEffects (node_modules/.pnpm/react-dom@19.2.0_react@19.2.0/node_modules/react-dom/cjs/react-dom-client.development.js:15439:11)
      at commitPassiveMountOnFiber (node_modules/.pnpm/react-dom@19.2.0_react@19.2.0/node_modules/react-dom/cjs/react-dom-client.development.js:15519:11)
      at flushPassiveEffects (node_modules/.pnpm/react-dom@19.2.0_react@19.2.0/node_modules/react-dom/cjs/react-dom-client.development.js:18432:9)
      at flushPendingEffects (node_modules/.pnpm/react-dom@19.2.0_react@19.2.0/node_modules/react-dom/cjs/react-dom-client.development.js:18358:14)
      at flushSpawnedWork (node_modules/.pnpm/react-dom@19.2.0_react@19.2.0/node_modules/react-dom/cjs/react-dom-client.development.js:18323:44)
      at commitRoot (node_modules/.pnpm/react-dom@19.2.0_react@19.2.0/node_modules/react-dom/cjs/react-dom-client.development.js:17955:9)
      at performWorkOnRoot (node_modules/.pnpm/react-dom@19.2.0_react@19.2.0/node_modules/react-dom/cjs/react-dom-client.development.js:16667:15)
      at performSyncWorkOnRoot (node_modules/.pnpm/react-dom@19.2.0_react@19.2.0/node_modules/react-dom/cjs/react-dom-client.development.js:18972:7)
      at flushSyncWorkAcrossRoots_impl (node_modules/.pnpm/react-dom@19.2.0_react@19.2.0/node_modules/react-dom/cjs/react-dom-client.development.js:18814:21)
      at flushSpawnedWork (node_modules/.pnpm/react-dom@19.2.0_react@19.2.0/node_modules/react-dom/cjs/react-dom-client.development.js:18334:9)
      at commitRoot (node_modules/.pnpm/react-dom@19.2.0_react@19.2.0/node_modules/react-dom/cjs/react-dom-client.development.js:17955:9)
      at performWorkOnRoot (node_modules/.pnpm/react-dom@19.2.0_react@19.2.0/node_modules/react-dom/cjs/react-dom-client.development.js:16667:15)
      at performWorkOnRootViaSchedulerTask (node_modules/.pnpm/react-dom@19.2.0_react@19.2.0/node_modules/react-dom/cjs/react-dom-client.development.js:18957:7)
      at flushActQueue (node_modules/.pnpm/react@19.2.0/node_modules/react/cjs/react.development.js:590:34)
      at process.env.NODE_ENV.exports.act (node_modules/.pnpm/react@19.2.0/node_modules/react/cjs/react.development.js:884:10)
      at node_modules/.pnpm/@testing-library+react@16.3_15d474de7481bb0af842c1b1705139a8/node_modules/@testing-library/react/dist/act-compat.js:47:25
      at renderRoot (node_modules/.pnpm/@testing-library+react@16.3_15d474de7481bb0af842c1b1705139a8/node_modules/@testing-library/react/dist/pure.js:190:26)
      at render (node_modules/.pnpm/@testing-library+react@16.3_15d474de7481bb0af842c1b1705139a8/node_modules/@testing-library/react/dist/pure.js:292:10)
      at Object.<anonymous> (src/components/accessible/__tests__/AccessibleModal.test.tsx:256:13)

    console.error
      `DialogContent` requires a `DialogTitle` for the component to be accessible for screen reader users.
      
      If you want to hide the `DialogTitle`, you can wrap it with our VisuallyHidden component.
      
      For more information, see https://radix-ui.com/primitives/docs/components/dialog

    [0m [90m 373 |[39m       [36mreturn[39m[33m;[39m
     [90m 374 |[39m     }
    [31m[1m>[22m[39m[90m 375 |[39m     originalError[33m.[39mcall(console[33m,[39m [33m...[39margs)[33m;[39m
     [90m     |[39m                   [31m[1m^[22m[39m
     [90m 376 |[39m   }[33m;[39m
     [90m 377 |[39m })[33m;[39m
     [90m 378 |[39m[0m

      at console.call [as error] (jest.setup.js:375:19)
      at node_modules/.pnpm/@radix-ui+react-dialog@1.1._664b8f23a65f4708bb5cf27e5ff43c08/node_modules/@radix-ui/react-dialog/src/dialog.tsx:520:30
      at Object.react_stack_bottom_frame (node_modules/.pnpm/react-dom@19.2.0_react@19.2.0/node_modules/react-dom/cjs/react-dom-client.development.js:25989:20)
      at runWithFiberInDEV (node_modules/.pnpm/react-dom@19.2.0_react@19.2.0/node_modules/react-dom/cjs/react-dom-client.development.js:874:13)
      at commitHookEffectListMount (node_modules/.pnpm/react-dom@19.2.0_react@19.2.0/node_modules/react-dom/cjs/react-dom-client.development.js:13249:29)
      at commitHookPassiveMountEffects (node_modules/.pnpm/react-dom@19.2.0_react@19.2.0/node_modules/react-dom/cjs/react-dom-client.development.js:13336:11)
      at commitPassiveMountOnFiber (node_modules/.pnpm/react-dom@19.2.0_react@19.2.0/node_modules/react-dom/cjs/react-dom-client.development.js:15484:13)
      at recursivelyTraversePassiveMountEffects (node_modules/.pnpm/react-dom@19.2.0_react@19.2.0/node_modules/react-dom/cjs/react-dom-client.development.js:15439:11)
      at commitPassiveMountOnFiber (node_modules/.pnpm/react-dom@19.2.0_react@19.2.0/node_modules/react-dom/cjs/react-dom-client.development.js:15718:11)
      at recursivelyTraversePassiveMountEffects (node_modules/.pnpm/react-dom@19.2.0_react@19.2.0/node_modules/react-dom/cjs/react-dom-client.development.js:15439:11)
      at commitPassiveMountOnFiber (node_modules/.pnpm/react-dom@19.2.0_react@19.2.0/node_modules/react-dom/cjs/react-dom-client.development.js:15476:11)
      at recursivelyTraversePassiveMountEffects (node_modules/.pnpm/react-dom@19.2.0_react@19.2.0/node_modules/react-dom/cjs/react-dom-client.development.js:15439:11)
      at commitPassiveMountOnFiber (node_modules/.pnpm/react-dom@19.2.0_react@19.2.0/node_modules/react-dom/cjs/react-dom-client.development.js:15476:11)
      at recursivelyTraversePassiveMountEffects (node_modules/.pnpm/react-dom@19.2.0_react@19.2.0/node_modules/react-dom/cjs/react-dom-client.development.js:15439:11)
      at commitPassiveMountOnFiber (node_modules/.pnpm/react-dom@19.2.0_react@19.2.0/node_modules/react-dom/cjs/react-dom-client.development.js:15476:11)
      at recursivelyTraversePassiveMountEffects (node_modules/.pnpm/react-dom@19.2.0_react@19.2.0/node_modules/react-dom/cjs/react-dom-client.development.js:15439:11)
      at commitPassiveMountOnFiber (node_modules/.pnpm/react-dom@19.2.0_react@19.2.0/node_modules/react-dom/cjs/react-dom-client.development.js:15476:11)
      at recursivelyTraversePassiveMountEffects (node_modules/.pnpm/react-dom@19.2.0_react@19.2.0/node_modules/react-dom/cjs/react-dom-client.development.js:15439:11)
      at commitPassiveMountOnFiber (node_modules/.pnpm/react-dom@19.2.0_react@19.2.0/node_modules/react-dom/cjs/react-dom-client.development.js:15476:11)
      at recursivelyTraversePassiveMountEffects (node_modules/.pnpm/react-dom@19.2.0_react@19.2.0/node_modules/react-dom/cjs/react-dom-client.development.js:15439:11)
      at commitPassiveMountOnFiber (node_modules/.pnpm/react-dom@19.2.0_react@19.2.0/node_modules/react-dom/cjs/react-dom-client.development.js:15476:11)
      at recursivelyTraversePassiveMountEffects (node_modules/.pnpm/react-dom@19.2.0_react@19.2.0/node_modules/react-dom/cjs/react-dom-client.development.js:15439:11)
      at commitPassiveMountOnFiber (node_modules/.pnpm/react-dom@19.2.0_react@19.2.0/node_modules/react-dom/cjs/react-dom-client.development.js:15476:11)
      at recursivelyTraversePassiveMountEffects (node_modules/.pnpm/react-dom@19.2.0_react@19.2.0/node_modules/react-dom/cjs/react-dom-client.development.js:15439:11)
      at commitPassiveMountOnFiber (node_modules/.pnpm/react-dom@19.2.0_react@19.2.0/node_modules/react-dom/cjs/react-dom-client.development.js:15718:11)
      at recursivelyTraversePassiveMountEffects (node_modules/.pnpm/react-dom@19.2.0_react@19.2.0/node_modules/react-dom/cjs/react-dom-client.development.js:15439:11)
      at commitPassiveMountOnFiber (node_modules/.pnpm/react-dom@19.2.0_react@19.2.0/node_modules/react-dom/cjs/react-dom-client.development.js:15476:11)
      at recursivelyTraversePassiveMountEffects (node_modules/.pnpm/react-dom@19.2.0_react@19.2.0/node_modules/react-dom/cjs/react-dom-client.development.js:15439:11)
      at commitPassiveMountOnFiber (node_modules/.pnpm/react-dom@19.2.0_react@19.2.0/node_modules/react-dom/cjs/react-dom-client.development.js:15476:11)
      at recursivelyTraversePassiveMountEffects (node_modules/.pnpm/react-dom@19.2.0_react@19.2.0/node_modules/react-dom/cjs/react-dom-client.development.js:15439:11)
      at commitPassiveMountOnFiber (node_modules/.pnpm/react-dom@19.2.0_react@19.2.0/node_modules/react-dom/cjs/react-dom-client.development.js:15718:11)
      at recursivelyTraversePassiveMountEffects (node_modules/.pnpm/react-dom@19.2.0_react@19.2.0/node_modules/react-dom/cjs/react-dom-client.development.js:15439:11)
      at commitPassiveMountOnFiber (node_modules/.pnpm/react-dom@19.2.0_react@19.2.0/node_modules/react-dom/cjs/react-dom-client.development.js:15476:11)
      at recursivelyTraversePassiveMountEffects (node_modules/.pnpm/react-dom@19.2.0_react@19.2.0/node_modules/react-dom/cjs/react-dom-client.development.js:15439:11)
      at commitPassiveMountOnFiber (node_modules/.pnpm/react-dom@19.2.0_react@19.2.0/node_modules/react-dom/cjs/react-dom-client.development.js:15476:11)
      at recursivelyTraversePassiveMountEffects (node_modules/.pnpm/react-dom@19.2.0_react@19.2.0/node_modules/react-dom/cjs/react-dom-client.development.js:15439:11)
      at commitPassiveMountOnFiber (node_modules/.pnpm/react-dom@19.2.0_react@19.2.0/node_modules/react-dom/cjs/react-dom-client.development.js:15476:11)
      at recursivelyTraversePassiveMountEffects (node_modules/.pnpm/react-dom@19.2.0_react@19.2.0/node_modules/react-dom/cjs/react-dom-client.development.js:15439:11)
      at commitPassiveMountOnFiber (node_modules/.pnpm/react-dom@19.2.0_react@19.2.0/node_modules/react-dom/cjs/react-dom-client.development.js:15718:11)
      at recursivelyTraversePassiveMountEffects (node_modules/.pnpm/react-dom@19.2.0_react@19.2.0/node_modules/react-dom/cjs/react-dom-client.development.js:15439:11)
      at commitPassiveMountOnFiber (node_modules/.pnpm/react-dom@19.2.0_react@19.2.0/node_modules/react-dom/cjs/react-dom-client.development.js:15476:11)
      at recursivelyTraversePassiveMountEffects (node_modules/.pnpm/react-dom@19.2.0_react@19.2.0/node_modules/react-dom/cjs/react-dom-client.development.js:15439:11)
      at commitPassiveMountOnFiber (node_modules/.pnpm/react-dom@19.2.0_react@19.2.0/node_modules/react-dom/cjs/react-dom-client.development.js:15476:11)
      at recursivelyTraversePassiveMountEffects (node_modules/.pnpm/react-dom@19.2.0_react@19.2.0/node_modules/react-dom/cjs/react-dom-client.development.js:15439:11)
      at commitPassiveMountOnFiber (node_modules/.pnpm/react-dom@19.2.0_react@19.2.0/node_modules/react-dom/cjs/react-dom-client.development.js:15476:11)
      at recursivelyTraversePassiveMountEffects (node_modules/.pnpm/react-dom@19.2.0_react@19.2.0/node_modules/react-dom/cjs/react-dom-client.development.js:15439:11)
      at commitPassiveMountOnFiber (node_modules/.pnpm/react-dom@19.2.0_react@19.2.0/node_modules/react-dom/cjs/react-dom-client.development.js:15519:11)
      at flushPassiveEffects (node_modules/.pnpm/react-dom@19.2.0_react@19.2.0/node_modules/react-dom/cjs/react-dom-client.development.js:18432:9)
      at flushPendingEffects (node_modules/.pnpm/react-dom@19.2.0_react@19.2.0/node_modules/react-dom/cjs/react-dom-client.development.js:18358:14)
      at flushSpawnedWork (node_modules/.pnpm/react-dom@19.2.0_react@19.2.0/node_modules/react-dom/cjs/react-dom-client.development.js:18323:44)
      at commitRoot (node_modules/.pnpm/react-dom@19.2.0_react@19.2.0/node_modules/react-dom/cjs/react-dom-client.development.js:17955:9)
      at performWorkOnRoot (node_modules/.pnpm/react-dom@19.2.0_react@19.2.0/node_modules/react-dom/cjs/react-dom-client.development.js:16667:15)
      at performSyncWorkOnRoot (node_modules/.pnpm/react-dom@19.2.0_react@19.2.0/node_modules/react-dom/cjs/react-dom-client.development.js:18972:7)
      at flushSyncWorkAcrossRoots_impl (node_modules/.pnpm/react-dom@19.2.0_react@19.2.0/node_modules/react-dom/cjs/react-dom-client.development.js:18814:21)
      at flushSpawnedWork (node_modules/.pnpm/react-dom@19.2.0_react@19.2.0/node_modules/react-dom/cjs/react-dom-client.development.js:18334:9)
      at commitRoot (node_modules/.pnpm/react-dom@19.2.0_react@19.2.0/node_modules/react-dom/cjs/react-dom-client.development.js:17955:9)
      at performWorkOnRoot (node_modules/.pnpm/react-dom@19.2.0_react@19.2.0/node_modules/react-dom/cjs/react-dom-client.development.js:16667:15)
      at performWorkOnRootViaSchedulerTask (node_modules/.pnpm/react-dom@19.2.0_react@19.2.0/node_modules/react-dom/cjs/react-dom-client.development.js:18957:7)
      at flushActQueue (node_modules/.pnpm/react@19.2.0/node_modules/react/cjs/react.development.js:590:34)
      at process.env.NODE_ENV.exports.act (node_modules/.pnpm/react@19.2.0/node_modules/react/cjs/react.development.js:884:10)
      at node_modules/.pnpm/@testing-library+react@16.3_15d474de7481bb0af842c1b1705139a8/node_modules/@testing-library/react/dist/act-compat.js:47:25
      at renderRoot (node_modules/.pnpm/@testing-library+react@16.3_15d474de7481bb0af842c1b1705139a8/node_modules/@testing-library/react/dist/pure.js:190:26)
      at render (node_modules/.pnpm/@testing-library+react@16.3_15d474de7481bb0af842c1b1705139a8/node_modules/@testing-library/react/dist/pure.js:292:10)
      at Object.<anonymous> (src/components/accessible/__tests__/AccessibleModal.test.tsx:274:13)

    console.error
      `DialogContent` requires a `DialogTitle` for the component to be accessible for screen reader users.
      
      If you want to hide the `DialogTitle`, you can wrap it with our VisuallyHidden component.
      
      For more information, see https://radix-ui.com/primitives/docs/components/dialog

    [0m [90m 373 |[39m       [36mreturn[39m[33m;[39m
     [90m 374 |[39m     }
    [31m[1m>[22m[39m[90m 375 |[39m     originalError[33m.[39mcall(console[33m,[39m [33m...[39margs)[33m;[39m
     [90m     |[39m                   [31m[1m^[22m[39m
     [90m 376 |[39m   }[33m;[39m
     [90m 377 |[39m })[33m;[39m
     [90m 378 |[39m[0m

      at console.call [as error] (jest.setup.js:375:19)
      at node_modules/.pnpm/@radix-ui+react-dialog@1.1._664b8f23a65f4708bb5cf27e5ff43c08/node_modules/@radix-ui/react-dialog/src/dialog.tsx:520:30
      at Object.react_stack_bottom_frame (node_modules/.pnpm/react-dom@19.2.0_react@19.2.0/node_modules/react-dom/cjs/react-dom-client.development.js:25989:20)
      at runWithFiberInDEV (node_modules/.pnpm/react-dom@19.2.0_react@19.2.0/node_modules/react-dom/cjs/react-dom-client.development.js:874:13)
      at commitHookEffectListMount (node_modules/.pnpm/react-dom@19.2.0_react@19.2.0/node_modules/react-dom/cjs/react-dom-client.development.js:13249:29)
      at commitHookPassiveMountEffects (node_modules/.pnpm/react-dom@19.2.0_react@19.2.0/node_modules/react-dom/cjs/react-dom-client.development.js:13336:11)
      at commitPassiveMountOnFiber (node_modules/.pnpm/react-dom@19.2.0_react@19.2.0/node_modules/react-dom/cjs/react-dom-client.development.js:15484:13)
      at recursivelyTraversePassiveMountEffects (node_modules/.pnpm/react-dom@19.2.0_react@19.2.0/node_modules/react-dom/cjs/react-dom-client.development.js:15439:11)
      at commitPassiveMountOnFiber (node_modules/.pnpm/react-dom@19.2.0_react@19.2.0/node_modules/react-dom/cjs/react-dom-client.development.js:15718:11)
      at recursivelyTraversePassiveMountEffects (node_modules/.pnpm/react-dom@19.2.0_react@19.2.0/node_modules/react-dom/cjs/react-dom-client.development.js:15439:11)
      at commitPassiveMountOnFiber (node_modules/.pnpm/react-dom@19.2.0_react@19.2.0/node_modules/react-dom/cjs/react-dom-client.development.js:15476:11)
      at recursivelyTraversePassiveMountEffects (node_modules/.pnpm/react-dom@19.2.0_react@19.2.0/node_modules/react-dom/cjs/react-dom-client.development.js:15439:11)
      at commitPassiveMountOnFiber (node_modules/.pnpm/react-dom@19.2.0_react@19.2.0/node_modules/react-dom/cjs/react-dom-client.development.js:15476:11)
      at recursivelyTraversePassiveMountEffects (node_modules/.pnpm/react-dom@19.2.0_react@19.2.0/node_modules/react-dom/cjs/react-dom-client.development.js:15439:11)
      at commitPassiveMountOnFiber (node_modules/.pnpm/react-dom@19.2.0_react@19.2.0/node_modules/react-dom/cjs/react-dom-client.development.js:15476:11)
      at recursivelyTraversePassiveMountEffects (node_modules/.pnpm/react-dom@19.2.0_react@19.2.0/node_modules/react-dom/cjs/react-dom-client.development.js:15439:11)
      at commitPassiveMountOnFiber (node_modules/.pnpm/react-dom@19.2.0_react@19.2.0/node_modules/react-dom/cjs/react-dom-client.development.js:15476:11)
      at recursivelyTraversePassiveMountEffects (node_modules/.pnpm/react-dom@19.2.0_react@19.2.0/node_modules/react-dom/cjs/react-dom-client.development.js:15439:11)
      at commitPassiveMountOnFiber (node_modules/.pnpm/react-dom@19.2.0_react@19.2.0/node_modules/react-dom/cjs/react-dom-client.development.js:15476:11)
      at recursivelyTraversePassiveMountEffects (node_modules/.pnpm/react-dom@19.2.0_react@19.2.0/node_modules/react-dom/cjs/react-dom-client.development.js:15439:11)
      at commitPassiveMountOnFiber (node_modules/.pnpm/react-dom@19.2.0_react@19.2.0/node_modules/react-dom/cjs/react-dom-client.development.js:15476:11)
      at recursivelyTraversePassiveMountEffects (node_modules/.pnpm/react-dom@19.2.0_react@19.2.0/node_modules/react-dom/cjs/react-dom-client.development.js:15439:11)
      at commitPassiveMountOnFiber (node_modules/.pnpm/react-dom@19.2.0_react@19.2.0/node_modules/react-dom/cjs/react-dom-client.development.js:15476:11)
      at recursivelyTraversePassiveMountEffects (node_modules/.pnpm/react-dom@19.2.0_react@19.2.0/node_modules/react-dom/cjs/react-dom-client.development.js:15439:11)
      at commitPassiveMountOnFiber (node_modules/.pnpm/react-dom@19.2.0_react@19.2.0/node_modules/react-dom/cjs/react-dom-client.development.js:15718:11)
      at recursivelyTraversePassiveMountEffects (node_modules/.pnpm/react-dom@19.2.0_react@19.2.0/node_modules/react-dom/cjs/react-dom-client.development.js:15439:11)
      at commitPassiveMountOnFiber (node_modules/.pnpm/react-dom@19.2.0_react@19.2.0/node_modules/react-dom/cjs/react-dom-client.development.js:15476:11)
      at recursivelyTraversePassiveMountEffects (node_modules/.pnpm/react-dom@19.2.0_react@19.2.0/node_modules/react-dom/cjs/react-dom-client.development.js:15439:11)
      at commitPassiveMountOnFiber (node_modules/.pnpm/react-dom@19.2.0_react@19.2.0/node_modules/react-dom/cjs/react-dom-client.development.js:15476:11)
      at recursivelyTraversePassiveMountEffects (node_modules/.pnpm/react-dom@19.2.0_react@19.2.0/node_modules/react-dom/cjs/react-dom-client.development.js:15439:11)
      at commitPassiveMountOnFiber (node_modules/.pnpm/react-dom@19.2.0_react@19.2.0/node_modules/react-dom/cjs/react-dom-client.development.js:15718:11)
      at recursivelyTraversePassiveMountEffects (node_modules/.pnpm/react-dom@19.2.0_react@19.2.0/node_modules/react-dom/cjs/react-dom-client.development.js:15439:11)
      at commitPassiveMountOnFiber (node_modules/.pnpm/react-dom@19.2.0_react@19.2.0/node_modules/react-dom/cjs/react-dom-client.development.js:15476:11)
      at recursivelyTraversePassiveMountEffects (node_modules/.pnpm/react-dom@19.2.0_react@19.2.0/node_modules/react-dom/cjs/react-dom-client.development.js:15439:11)
      at commitPassiveMountOnFiber (node_modules/.pnpm/react-dom@19.2.0_react@19.2.0/node_modules/react-dom/cjs/react-dom-client.development.js:15476:11)
      at recursivelyTraversePassiveMountEffects (node_modules/.pnpm/react-dom@19.2.0_react@19.2.0/node_modules/react-dom/cjs/react-dom-client.development.js:15439:11)
      at commitPassiveMountOnFiber (node_modules/.pnpm/react-dom@19.2.0_react@19.2.0/node_modules/react-dom/cjs/react-dom-client.development.js:15476:11)
      at recursivelyTraversePassiveMountEffects (node_modules/.pnpm/react-dom@19.2.0_react@19.2.0/node_modules/react-dom/cjs/react-dom-client.development.js:15439:11)
      at commitPassiveMountOnFiber (node_modules/.pnpm/react-dom@19.2.0_react@19.2.0/node_modules/react-dom/cjs/react-dom-client.development.js:15718:11)
      at recursivelyTraversePassiveMountEffects (node_modules/.pnpm/react-dom@19.2.0_react@19.2.0/node_modules/react-dom/cjs/react-dom-client.development.js:15439:11)
      at commitPassiveMountOnFiber (node_modules/.pnpm/react-dom@19.2.0_react@19.2.0/node_modules/react-dom/cjs/react-dom-client.development.js:15476:11)
      at recursivelyTraversePassiveMountEffects (node_modules/.pnpm/react-dom@19.2.0_react@19.2.0/node_modules/react-dom/cjs/react-dom-client.development.js:15439:11)
      at commitPassiveMountOnFiber (node_modules/.pnpm/react-dom@19.2.0_react@19.2.0/node_modules/react-dom/cjs/react-dom-client.development.js:15476:11)
      at recursivelyTraversePassiveMountEffects (node_modules/.pnpm/react-dom@19.2.0_react@19.2.0/node_modules/react-dom/cjs/react-dom-client.development.js:15439:11)
      at commitPassiveMountOnFiber (node_modules/.pnpm/react-dom@19.2.0_react@19.2.0/node_modules/react-dom/cjs/react-dom-client.development.js:15476:11)
      at recursivelyTraversePassiveMountEffects (node_modules/.pnpm/react-dom@19.2.0_react@19.2.0/node_modules/react-dom/cjs/react-dom-client.development.js:15439:11)
      at commitPassiveMountOnFiber (node_modules/.pnpm/react-dom@19.2.0_react@19.2.0/node_modules/react-dom/cjs/react-dom-client.development.js:15519:11)
      at flushPassiveEffects (node_modules/.pnpm/react-dom@19.2.0_react@19.2.0/node_modules/react-dom/cjs/react-dom-client.development.js:18432:9)
      at flushPendingEffects (node_modules/.pnpm/react-dom@19.2.0_react@19.2.0/node_modules/react-dom/cjs/react-dom-client.development.js:18358:14)
      at flushSpawnedWork (node_modules/.pnpm/react-dom@19.2.0_react@19.2.0/node_modules/react-dom/cjs/react-dom-client.development.js:18323:44)
      at commitRoot (node_modules/.pnpm/react-dom@19.2.0_react@19.2.0/node_modules/react-dom/cjs/react-dom-client.development.js:17955:9)
      at performWorkOnRoot (node_modules/.pnpm/react-dom@19.2.0_react@19.2.0/node_modules/react-dom/cjs/react-dom-client.development.js:16667:15)
      at performSyncWorkOnRoot (node_modules/.pnpm/react-dom@19.2.0_react@19.2.0/node_modules/react-dom/cjs/react-dom-client.development.js:18972:7)
      at flushSyncWorkAcrossRoots_impl (node_modules/.pnpm/react-dom@19.2.0_react@19.2.0/node_modules/react-dom/cjs/react-dom-client.development.js:18814:21)
      at flushSpawnedWork (node_modules/.pnpm/react-dom@19.2.0_react@19.2.0/node_modules/react-dom/cjs/react-dom-client.development.js:18334:9)
      at commitRoot (node_modules/.pnpm/react-dom@19.2.0_react@19.2.0/node_modules/react-dom/cjs/react-dom-client.development.js:17955:9)
      at performWorkOnRoot (node_modules/.pnpm/react-dom@19.2.0_react@19.2.0/node_modules/react-dom/cjs/react-dom-client.development.js:16667:15)
      at performWorkOnRootViaSchedulerTask (node_modules/.pnpm/react-dom@19.2.0_react@19.2.0/node_modules/react-dom/cjs/react-dom-client.development.js:18957:7)
      at flushActQueue (node_modules/.pnpm/react@19.2.0/node_modules/react/cjs/react.development.js:590:34)
      at process.env.NODE_ENV.exports.act (node_modules/.pnpm/react@19.2.0/node_modules/react/cjs/react.development.js:884:10)
      at node_modules/.pnpm/@testing-library+react@16.3_15d474de7481bb0af842c1b1705139a8/node_modules/@testing-library/react/dist/act-compat.js:47:25
      at renderRoot (node_modules/.pnpm/@testing-library+react@16.3_15d474de7481bb0af842c1b1705139a8/node_modules/@testing-library/react/dist/pure.js:190:26)
      at render (node_modules/.pnpm/@testing-library+react@16.3_15d474de7481bb0af842c1b1705139a8/node_modules/@testing-library/react/dist/pure.js:292:10)
      at Object.<anonymous> (src/components/accessible/__tests__/AccessibleModal.test.tsx:298:13)

    console.error
      `DialogContent` requires a `DialogTitle` for the component to be accessible for screen reader users.
      
      If you want to hide the `DialogTitle`, you can wrap it with our VisuallyHidden component.
      
      For more information, see https://radix-ui.com/primitives/docs/components/dialog

    [0m [90m 373 |[39m       [36mreturn[39m[33m;[39m
     [90m 374 |[39m     }
    [31m[1m>[22m[39m[90m 375 |[39m     originalError[33m.[39mcall(console[33m,[39m [33m...[39margs)[33m;[39m
     [90m     |[39m                   [31m[1m^[22m[39m
     [90m 376 |[39m   }[33m;[39m
     [90m 377 |[39m })[33m;[39m
     [90m 378 |[39m[0m

      at console.call [as error] (jest.setup.js:375:19)
      at node_modules/.pnpm/@radix-ui+react-dialog@1.1._664b8f23a65f4708bb5cf27e5ff43c08/node_modules/@radix-ui/react-dialog/src/dialog.tsx:520:30
      at Object.react_stack_bottom_frame (node_modules/.pnpm/react-dom@19.2.0_react@19.2.0/node_modules/react-dom/cjs/react-dom-client.development.js:25989:20)
      at runWithFiberInDEV (node_modules/.pnpm/react-dom@19.2.0_react@19.2.0/node_modules/react-dom/cjs/react-dom-client.development.js:874:13)
      at commitHookEffectListMount (node_modules/.pnpm/react-dom@19.2.0_react@19.2.0/node_modules/react-dom/cjs/react-dom-client.development.js:13249:29)
      at commitHookPassiveMountEffects (node_modules/.pnpm/react-dom@19.2.0_react@19.2.0/node_modules/react-dom/cjs/react-dom-client.development.js:13336:11)
      at commitPassiveMountOnFiber (node_modules/.pnpm/react-dom@19.2.0_react@19.2.0/node_modules/react-dom/cjs/react-dom-client.development.js:15484:13)
      at recursivelyTraversePassiveMountEffects (node_modules/.pnpm/react-dom@19.2.0_react@19.2.0/node_modules/react-dom/cjs/react-dom-client.development.js:15439:11)
      at commitPassiveMountOnFiber (node_modules/.pnpm/react-dom@19.2.0_react@19.2.0/node_modules/react-dom/cjs/react-dom-client.development.js:15718:11)
      at recursivelyTraversePassiveMountEffects (node_modules/.pnpm/react-dom@19.2.0_react@19.2.0/node_modules/react-dom/cjs/react-dom-client.development.js:15439:11)
      at commitPassiveMountOnFiber (node_modules/.pnpm/react-dom@19.2.0_react@19.2.0/node_modules/react-dom/cjs/react-dom-client.development.js:15476:11)
      at recursivelyTraversePassiveMountEffects (node_modules/.pnpm/react-dom@19.2.0_react@19.2.0/node_modules/react-dom/cjs/react-dom-client.development.js:15439:11)
      at commitPassiveMountOnFiber (node_modules/.pnpm/react-dom@19.2.0_react@19.2.0/node_modules/react-dom/cjs/react-dom-client.development.js:15476:11)
      at recursivelyTraversePassiveMountEffects (node_modules/.pnpm/react-dom@19.2.0_react@19.2.0/node_modules/react-dom/cjs/react-dom-client.development.js:15439:11)
      at commitPassiveMountOnFiber (node_modules/.pnpm/react-dom@19.2.0_react@19.2.0/node_modules/react-dom/cjs/react-dom-client.development.js:15476:11)
      at recursivelyTraversePassiveMountEffects (node_modules/.pnpm/react-dom@19.2.0_react@19.2.0/node_modules/react-dom/cjs/react-dom-client.development.js:15439:11)
      at commitPassiveMountOnFiber (node_modules/.pnpm/react-dom@19.2.0_react@19.2.0/node_modules/react-dom/cjs/react-dom-client.development.js:15476:11)
      at recursivelyTraversePassiveMountEffects (node_modules/.pnpm/react-dom@19.2.0_react@19.2.0/node_modules/react-dom/cjs/react-dom-client.development.js:15439:11)
      at commitPassiveMountOnFiber (node_modules/.pnpm/react-dom@19.2.0_react@19.2.0/node_modules/react-dom/cjs/react-dom-client.development.js:15476:11)
      at recursivelyTraversePassiveMountEffects (node_modules/.pnpm/react-dom@19.2.0_react@19.2.0/node_modules/react-dom/cjs/react-dom-client.development.js:15439:11)
      at commitPassiveMountOnFiber (node_modules/.pnpm/react-dom@19.2.0_react@19.2.0/node_modules/react-dom/cjs/react-dom-client.development.js:15476:11)
      at recursivelyTraversePassiveMountEffects (node_modules/.pnpm/react-dom@19.2.0_react@19.2.0/node_modules/react-dom/cjs/react-dom-client.development.js:15439:11)
      at commitPassiveMountOnFiber (node_modules/.pnpm/react-dom@19.2.0_react@19.2.0/node_modules/react-dom/cjs/react-dom-client.development.js:15476:11)
      at recursivelyTraversePassiveMountEffects (node_modules/.pnpm/react-dom@19.2.0_react@19.2.0/node_modules/react-dom/cjs/react-dom-client.development.js:15439:11)
      at commitPassiveMountOnFiber (node_modules/.pnpm/react-dom@19.2.0_react@19.2.0/node_modules/react-dom/cjs/react-dom-client.development.js:15718:11)
      at recursivelyTraversePassiveMountEffects (node_modules/.pnpm/react-dom@19.2.0_react@19.2.0/node_modules/react-dom/cjs/react-dom-client.development.js:15439:11)
      at commitPassiveMountOnFiber (node_modules/.pnpm/react-dom@19.2.0_react@19.2.0/node_modules/react-dom/cjs/react-dom-client.development.js:15476:11)
      at recursivelyTraversePassiveMountEffects (node_modules/.pnpm/react-dom@19.2.0_react@19.2.0/node_modules/react-dom/cjs/react-dom-client.development.js:15439:11)
      at commitPassiveMountOnFiber (node_modules/.pnpm/react-dom@19.2.0_react@19.2.0/node_modules/react-dom/cjs/react-dom-client.development.js:15476:11)
      at recursivelyTraversePassiveMountEffects (node_modules/.pnpm/react-dom@19.2.0_react@19.2.0/node_modules/react-dom/cjs/react-dom-client.development.js:15439:11)
      at commitPassiveMountOnFiber (node_modules/.pnpm/react-dom@19.2.0_react@19.2.0/node_modules/react-dom/cjs/react-dom-client.development.js:15718:11)
      at recursivelyTraversePassiveMountEffects (node_modules/.pnpm/react-dom@19.2.0_react@19.2.0/node_modules/react-dom/cjs/react-dom-client.development.js:15439:11)
      at commitPassiveMountOnFiber (node_modules/.pnpm/react-dom@19.2.0_react@19.2.0/node_modules/react-dom/cjs/react-dom-client.development.js:15476:11)
      at recursivelyTraversePassiveMountEffects (node_modules/.pnpm/react-dom@19.2.0_react@19.2.0/node_modules/react-dom/cjs/react-dom-client.development.js:15439:11)
      at commitPassiveMountOnFiber (node_modules/.pnpm/react-dom@19.2.0_react@19.2.0/node_modules/react-dom/cjs/react-dom-client.development.js:15476:11)
      at recursivelyTraversePassiveMountEffects (node_modules/.pnpm/react-dom@19.2.0_react@19.2.0/node_modules/react-dom/cjs/react-dom-client.development.js:15439:11)
      at commitPassiveMountOnFiber (node_modules/.pnpm/react-dom@19.2.0_react@19.2.0/node_modules/react-dom/cjs/react-dom-client.development.js:15476:11)
      at recursivelyTraversePassiveMountEffects (node_modules/.pnpm/react-dom@19.2.0_react@19.2.0/node_modules/react-dom/cjs/react-dom-client.development.js:15439:11)
      at commitPassiveMountOnFiber (node_modules/.pnpm/react-dom@19.2.0_react@19.2.0/node_modules/react-dom/cjs/react-dom-client.development.js:15718:11)
      at recursivelyTraversePassiveMountEffects (node_modules/.pnpm/react-dom@19.2.0_react@19.2.0/node_modules/react-dom/cjs/react-dom-client.development.js:15439:11)
      at commitPassiveMountOnFiber (node_modules/.pnpm/react-dom@19.2.0_react@19.2.0/node_modules/react-dom/cjs/react-dom-client.development.js:15476:11)
      at recursivelyTraversePassiveMountEffects (node_modules/.pnpm/react-dom@19.2.0_react@19.2.0/node_modules/react-dom/cjs/react-dom-client.development.js:15439:11)
      at commitPassiveMountOnFiber (node_modules/.pnpm/react-dom@19.2.0_react@19.2.0/node_modules/react-dom/cjs/react-dom-client.development.js:15476:11)
      at recursivelyTraversePassiveMountEffects (node_modules/.pnpm/react-dom@19.2.0_react@19.2.0/node_modules/react-dom/cjs/react-dom-client.development.js:15439:11)
      at commitPassiveMountOnFiber (node_modules/.pnpm/react-dom@19.2.0_react@19.2.0/node_modules/react-dom/cjs/react-dom-client.development.js:15476:11)
      at recursivelyTraversePassiveMountEffects (node_modules/.pnpm/react-dom@19.2.0_react@19.2.0/node_modules/react-dom/cjs/react-dom-client.development.js:15439:11)
      at commitPassiveMountOnFiber (node_modules/.pnpm/react-dom@19.2.0_react@19.2.0/node_modules/react-dom/cjs/react-dom-client.development.js:15519:11)
      at flushPassiveEffects (node_modules/.pnpm/react-dom@19.2.0_react@19.2.0/node_modules/react-dom/cjs/react-dom-client.development.js:18432:9)
      at flushPendingEffects (node_modules/.pnpm/react-dom@19.2.0_react@19.2.0/node_modules/react-dom/cjs/react-dom-client.development.js:18358:14)
      at flushSpawnedWork (node_modules/.pnpm/react-dom@19.2.0_react@19.2.0/node_modules/react-dom/cjs/react-dom-client.development.js:18323:44)
      at commitRoot (node_modules/.pnpm/react-dom@19.2.0_react@19.2.0/node_modules/react-dom/cjs/react-dom-client.development.js:17955:9)
      at performWorkOnRoot (node_modules/.pnpm/react-dom@19.2.0_react@19.2.0/node_modules/react-dom/cjs/react-dom-client.development.js:16667:15)
      at performSyncWorkOnRoot (node_modules/.pnpm/react-dom@19.2.0_react@19.2.0/node_modules/react-dom/cjs/react-dom-client.development.js:18972:7)
      at flushSyncWorkAcrossRoots_impl (node_modules/.pnpm/react-dom@19.2.0_react@19.2.0/node_modules/react-dom/cjs/react-dom-client.development.js:18814:21)
      at flushSpawnedWork (node_modules/.pnpm/react-dom@19.2.0_react@19.2.0/node_modules/react-dom/cjs/react-dom-client.development.js:18334:9)
      at commitRoot (node_modules/.pnpm/react-dom@19.2.0_react@19.2.0/node_modules/react-dom/cjs/react-dom-client.development.js:17955:9)
      at performWorkOnRoot (node_modules/.pnpm/react-dom@19.2.0_react@19.2.0/node_modules/react-dom/cjs/react-dom-client.development.js:16667:15)
      at performWorkOnRootViaSchedulerTask (node_modules/.pnpm/react-dom@19.2.0_react@19.2.0/node_modules/react-dom/cjs/react-dom-client.development.js:18957:7)
      at flushActQueue (node_modules/.pnpm/react@19.2.0/node_modules/react/cjs/react.development.js:590:34)
      at process.env.NODE_ENV.exports.act (node_modules/.pnpm/react@19.2.0/node_modules/react/cjs/react.development.js:884:10)
      at node_modules/.pnpm/@testing-library+react@16.3_15d474de7481bb0af842c1b1705139a8/node_modules/@testing-library/react/dist/act-compat.js:47:25
      at renderRoot (node_modules/.pnpm/@testing-library+react@16.3_15d474de7481bb0af842c1b1705139a8/node_modules/@testing-library/react/dist/pure.js:190:26)
      at render (node_modules/.pnpm/@testing-library+react@16.3_15d474de7481bb0af842c1b1705139a8/node_modules/@testing-library/react/dist/pure.js:292:10)
      at Object.<anonymous> (src/components/accessible/__tests__/AccessibleModal.test.tsx:323:13)

    console.error
      `DialogContent` requires a `DialogTitle` for the component to be accessible for screen reader users.
      
      If you want to hide the `DialogTitle`, you can wrap it with our VisuallyHidden component.
      
      For more information, see https://radix-ui.com/primitives/docs/components/dialog

    [0m [90m 373 |[39m       [36mreturn[39m[33m;[39m
     [90m 374 |[39m     }
    [31m[1m>[22m[39m[90m 375 |[39m     originalError[33m.[39mcall(console[33m,[39m [33m...[39margs)[33m;[39m
     [90m     |[39m                   [31m[1m^[22m[39m
     [90m 376 |[39m   }[33m;[39m
     [90m 377 |[39m })[33m;[39m
     [90m 378 |[39m[0m

      at console.call [as error] (jest.setup.js:375:19)
      at node_modules/.pnpm/@radix-ui+react-dialog@1.1._664b8f23a65f4708bb5cf27e5ff43c08/node_modules/@radix-ui/react-dialog/src/dialog.tsx:520:30
      at Object.react_stack_bottom_frame (node_modules/.pnpm/react-dom@19.2.0_react@19.2.0/node_modules/react-dom/cjs/react-dom-client.development.js:25989:20)
      at runWithFiberInDEV (node_modules/.pnpm/react-dom@19.2.0_react@19.2.0/node_modules/react-dom/cjs/react-dom-client.development.js:874:13)
      at commitHookEffectListMount (node_modules/.pnpm/react-dom@19.2.0_react@19.2.0/node_modules/react-dom/cjs/react-dom-client.development.js:13249:29)
      at commitHookPassiveMountEffects (node_modules/.pnpm/react-dom@19.2.0_react@19.2.0/node_modules/react-dom/cjs/react-dom-client.development.js:13336:11)
      at commitPassiveMountOnFiber (node_modules/.pnpm/react-dom@19.2.0_react@19.2.0/node_modules/react-dom/cjs/react-dom-client.development.js:15484:13)
      at recursivelyTraversePassiveMountEffects (node_modules/.pnpm/react-dom@19.2.0_react@19.2.0/node_modules/react-dom/cjs/react-dom-client.development.js:15439:11)
      at commitPassiveMountOnFiber (node_modules/.pnpm/react-dom@19.2.0_react@19.2.0/node_modules/react-dom/cjs/react-dom-client.development.js:15718:11)
      at recursivelyTraversePassiveMountEffects (node_modules/.pnpm/react-dom@19.2.0_react@19.2.0/node_modules/react-dom/cjs/react-dom-client.development.js:15439:11)
      at commitPassiveMountOnFiber (node_modules/.pnpm/react-dom@19.2.0_react@19.2.0/node_modules/react-dom/cjs/react-dom-client.development.js:15476:11)
      at recursivelyTraversePassiveMountEffects (node_modules/.pnpm/react-dom@19.2.0_react@19.2.0/node_modules/react-dom/cjs/react-dom-client.development.js:15439:11)
      at commitPassiveMountOnFiber (node_modules/.pnpm/react-dom@19.2.0_react@19.2.0/node_modules/react-dom/cjs/react-dom-client.development.js:15476:11)
      at recursivelyTraversePassiveMountEffects (node_modules/.pnpm/react-dom@19.2.0_react@19.2.0/node_modules/react-dom/cjs/react-dom-client.development.js:15439:11)
      at commitPassiveMountOnFiber (node_modules/.pnpm/react-dom@19.2.0_react@19.2.0/node_modules/react-dom/cjs/react-dom-client.development.js:15476:11)
      at recursivelyTraversePassiveMountEffects (node_modules/.pnpm/react-dom@19.2.0_react@19.2.0/node_modules/react-dom/cjs/react-dom-client.development.js:15439:11)
      at commitPassiveMountOnFiber (node_modules/.pnpm/react-dom@19.2.0_react@19.2.0/node_modules/react-dom/cjs/react-dom-client.development.js:15476:11)
      at recursivelyTraversePassiveMountEffects (node_modules/.pnpm/react-dom@19.2.0_react@19.2.0/node_modules/react-dom/cjs/react-dom-client.development.js:15439:11)
      at commitPassiveMountOnFiber (node_modules/.pnpm/react-dom@19.2.0_react@19.2.0/node_modules/react-dom/cjs/react-dom-client.development.js:15476:11)
      at recursivelyTraversePassiveMountEffects (node_modules/.pnpm/react-dom@19.2.0_react@19.2.0/node_modules/react-dom/cjs/react-dom-client.development.js:15439:11)
      at commitPassiveMountOnFiber (node_modules/.pnpm/react-dom@19.2.0_react@19.2.0/node_modules/react-dom/cjs/react-dom-client.development.js:15476:11)
      at recursivelyTraversePassiveMountEffects (node_modules/.pnpm/react-dom@19.2.0_react@19.2.0/node_modules/react-dom/cjs/react-dom-client.development.js:15439:11)
      at commitPassiveMountOnFiber (node_modules/.pnpm/react-dom@19.2.0_react@19.2.0/node_modules/react-dom/cjs/react-dom-client.development.js:15476:11)
      at recursivelyTraversePassiveMountEffects (node_modules/.pnpm/react-dom@19.2.0_react@19.2.0/node_modules/react-dom/cjs/react-dom-client.development.js:15439:11)
      at commitPassiveMountOnFiber (node_modules/.pnpm/react-dom@19.2.0_react@19.2.0/node_modules/react-dom/cjs/react-dom-client.development.js:15718:11)
      at recursivelyTraversePassiveMountEffects (node_modules/.pnpm/react-dom@19.2.0_react@19.2.0/node_modules/react-dom/cjs/react-dom-client.development.js:15439:11)
      at commitPassiveMountOnFiber (node_modules/.pnpm/react-dom@19.2.0_react@19.2.0/node_modules/react-dom/cjs/react-dom-client.development.js:15476:11)
      at recursivelyTraversePassiveMountEffects (node_modules/.pnpm/react-dom@19.2.0_react@19.2.0/node_modules/react-dom/cjs/react-dom-client.development.js:15439:11)
      at commitPassiveMountOnFiber (node_modules/.pnpm/react-dom@19.2.0_react@19.2.0/node_modules/react-dom/cjs/react-dom-client.development.js:15476:11)
      at recursivelyTraversePassiveMountEffects (node_modules/.pnpm/react-dom@19.2.0_react@19.2.0/node_modules/react-dom/cjs/react-dom-client.development.js:15439:11)
      at commitPassiveMountOnFiber (node_modules/.pnpm/react-dom@19.2.0_react@19.2.0/node_modules/react-dom/cjs/react-dom-client.development.js:15718:11)
      at recursivelyTraversePassiveMountEffects (node_modules/.pnpm/react-dom@19.2.0_react@19.2.0/node_modules/react-dom/cjs/react-dom-client.development.js:15439:11)
      at commitPassiveMountOnFiber (node_modules/.pnpm/react-dom@19.2.0_react@19.2.0/node_modules/react-dom/cjs/react-dom-client.development.js:15476:11)
      at recursivelyTraversePassiveMountEffects (node_modules/.pnpm/react-dom@19.2.0_react@19.2.0/node_modules/react-dom/cjs/react-dom-client.development.js:15439:11)
      at commitPassiveMountOnFiber (node_modules/.pnpm/react-dom@19.2.0_react@19.2.0/node_modules/react-dom/cjs/react-dom-client.development.js:15476:11)
      at recursivelyTraversePassiveMountEffects (node_modules/.pnpm/react-dom@19.2.0_react@19.2.0/node_modules/react-dom/cjs/react-dom-client.development.js:15439:11)
      at commitPassiveMountOnFiber (node_modules/.pnpm/react-dom@19.2.0_react@19.2.0/node_modules/react-dom/cjs/react-dom-client.development.js:15476:11)
      at recursivelyTraversePassiveMountEffects (node_modules/.pnpm/react-dom@19.2.0_react@19.2.0/node_modules/react-dom/cjs/react-dom-client.development.js:15439:11)
      at commitPassiveMountOnFiber (node_modules/.pnpm/react-dom@19.2.0_react@19.2.0/node_modules/react-dom/cjs/react-dom-client.development.js:15718:11)
      at recursivelyTraversePassiveMountEffects (node_modules/.pnpm/react-dom@19.2.0_react@19.2.0/node_modules/react-dom/cjs/react-dom-client.development.js:15439:11)
      at commitPassiveMountOnFiber (node_modules/.pnpm/react-dom@19.2.0_react@19.2.0/node_modules/react-dom/cjs/react-dom-client.development.js:15476:11)
      at recursivelyTraversePassiveMountEffects (node_modules/.pnpm/react-dom@19.2.0_react@19.2.0/node_modules/react-dom/cjs/react-dom-client.development.js:15439:11)
      at commitPassiveMountOnFiber (node_modules/.pnpm/react-dom@19.2.0_react@19.2.0/node_modules/react-dom/cjs/react-dom-client.development.js:15476:11)
      at recursivelyTraversePassiveMountEffects (node_modules/.pnpm/react-dom@19.2.0_react@19.2.0/node_modules/react-dom/cjs/react-dom-client.development.js:15439:11)
      at commitPassiveMountOnFiber (node_modules/.pnpm/react-dom@19.2.0_react@19.2.0/node_modules/react-dom/cjs/react-dom-client.development.js:15476:11)
      at recursivelyTraversePassiveMountEffects (node_modules/.pnpm/react-dom@19.2.0_react@19.2.0/node_modules/react-dom/cjs/react-dom-client.development.js:15439:11)
      at commitPassiveMountOnFiber (node_modules/.pnpm/react-dom@19.2.0_react@19.2.0/node_modules/react-dom/cjs/react-dom-client.development.js:15519:11)
      at flushPassiveEffects (node_modules/.pnpm/react-dom@19.2.0_react@19.2.0/node_modules/react-dom/cjs/react-dom-client.development.js:18432:9)
      at flushPendingEffects (node_modules/.pnpm/react-dom@19.2.0_react@19.2.0/node_modules/react-dom/cjs/react-dom-client.development.js:18358:14)
      at flushSpawnedWork (node_modules/.pnpm/react-dom@19.2.0_react@19.2.0/node_modules/react-dom/cjs/react-dom-client.development.js:18323:44)
      at commitRoot (node_modules/.pnpm/react-dom@19.2.0_react@19.2.0/node_modules/react-dom/cjs/react-dom-client.development.js:17955:9)
      at performWorkOnRoot (node_modules/.pnpm/react-dom@19.2.0_react@19.2.0/node_modules/react-dom/cjs/react-dom-client.development.js:16667:15)
      at performSyncWorkOnRoot (node_modules/.pnpm/react-dom@19.2.0_react@19.2.0/node_modules/react-dom/cjs/react-dom-client.development.js:18972:7)
      at flushSyncWorkAcrossRoots_impl (node_modules/.pnpm/react-dom@19.2.0_react@19.2.0/node_modules/react-dom/cjs/react-dom-client.development.js:18814:21)
      at flushSpawnedWork (node_modules/.pnpm/react-dom@19.2.0_react@19.2.0/node_modules/react-dom/cjs/react-dom-client.development.js:18334:9)
      at commitRoot (node_modules/.pnpm/react-dom@19.2.0_react@19.2.0/node_modules/react-dom/cjs/react-dom-client.development.js:17955:9)
      at performWorkOnRoot (node_modules/.pnpm/react-dom@19.2.0_react@19.2.0/node_modules/react-dom/cjs/react-dom-client.development.js:16667:15)
      at performWorkOnRootViaSchedulerTask (node_modules/.pnpm/react-dom@19.2.0_react@19.2.0/node_modules/react-dom/cjs/react-dom-client.development.js:18957:7)
      at flushActQueue (node_modules/.pnpm/react@19.2.0/node_modules/react/cjs/react.development.js:590:34)
      at process.env.NODE_ENV.exports.act (node_modules/.pnpm/react@19.2.0/node_modules/react/cjs/react.development.js:884:10)
      at node_modules/.pnpm/@testing-library+react@16.3_15d474de7481bb0af842c1b1705139a8/node_modules/@testing-library/react/dist/act-compat.js:47:25
      at renderRoot (node_modules/.pnpm/@testing-library+react@16.3_15d474de7481bb0af842c1b1705139a8/node_modules/@testing-library/react/dist/pure.js:190:26)
      at render (node_modules/.pnpm/@testing-library+react@16.3_15d474de7481bb0af842c1b1705139a8/node_modules/@testing-library/react/dist/pure.js:292:10)
      at Object.<anonymous> (src/components/accessible/__tests__/AccessibleModal.test.tsx:348:13)

    console.error
      `DialogContent` requires a `DialogTitle` for the component to be accessible for screen reader users.
      
      If you want to hide the `DialogTitle`, you can wrap it with our VisuallyHidden component.
      
      For more information, see https://radix-ui.com/primitives/docs/components/dialog

    [0m [90m 373 |[39m       [36mreturn[39m[33m;[39m
     [90m 374 |[39m     }
    [31m[1m>[22m[39m[90m 375 |[39m     originalError[33m.[39mcall(console[33m,[39m [33m...[39margs)[33m;[39m
     [90m     |[39m                   [31m[1m^[22m[39m
     [90m 376 |[39m   }[33m;[39m
     [90m 377 |[39m })[33m;[39m
     [90m 378 |[39m[0m

      at console.call [as error] (jest.setup.js:375:19)
      at node_modules/.pnpm/@radix-ui+react-dialog@1.1._664b8f23a65f4708bb5cf27e5ff43c08/node_modules/@radix-ui/react-dialog/src/dialog.tsx:520:30
      at Object.react_stack_bottom_frame (node_modules/.pnpm/react-dom@19.2.0_react@19.2.0/node_modules/react-dom/cjs/react-dom-client.development.js:25989:20)
      at runWithFiberInDEV (node_modules/.pnpm/react-dom@19.2.0_react@19.2.0/node_modules/react-dom/cjs/react-dom-client.development.js:874:13)
      at commitHookEffectListMount (node_modules/.pnpm/react-dom@19.2.0_react@19.2.0/node_modules/react-dom/cjs/react-dom-client.development.js:13249:29)
      at commitHookPassiveMountEffects (node_modules/.pnpm/react-dom@19.2.0_react@19.2.0/node_modules/react-dom/cjs/react-dom-client.development.js:13336:11)
      at commitPassiveMountOnFiber (node_modules/.pnpm/react-dom@19.2.0_react@19.2.0/node_modules/react-dom/cjs/react-dom-client.development.js:15484:13)
      at recursivelyTraversePassiveMountEffects (node_modules/.pnpm/react-dom@19.2.0_react@19.2.0/node_modules/react-dom/cjs/react-dom-client.development.js:15439:11)
      at commitPassiveMountOnFiber (node_modules/.pnpm/react-dom@19.2.0_react@19.2.0/node_modules/react-dom/cjs/react-dom-client.development.js:15718:11)
      at recursivelyTraversePassiveMountEffects (node_modules/.pnpm/react-dom@19.2.0_react@19.2.0/node_modules/react-dom/cjs/react-dom-client.development.js:15439:11)
      at commitPassiveMountOnFiber (node_modules/.pnpm/react-dom@19.2.0_react@19.2.0/node_modules/react-dom/cjs/react-dom-client.development.js:15476:11)
      at recursivelyTraversePassiveMountEffects (node_modules/.pnpm/react-dom@19.2.0_react@19.2.0/node_modules/react-dom/cjs/react-dom-client.development.js:15439:11)
      at commitPassiveMountOnFiber (node_modules/.pnpm/react-dom@19.2.0_react@19.2.0/node_modules/react-dom/cjs/react-dom-client.development.js:15476:11)
      at recursivelyTraversePassiveMountEffects (node_modules/.pnpm/react-dom@19.2.0_react@19.2.0/node_modules/react-dom/cjs/react-dom-client.development.js:15439:11)
      at commitPassiveMountOnFiber (node_modules/.pnpm/react-dom@19.2.0_react@19.2.0/node_modules/react-dom/cjs/react-dom-client.development.js:15476:11)
      at recursivelyTraversePassiveMountEffects (node_modules/.pnpm/react-dom@19.2.0_react@19.2.0/node_modules/react-dom/cjs/react-dom-client.development.js:15439:11)
      at commitPassiveMountOnFiber (node_modules/.pnpm/react-dom@19.2.0_react@19.2.0/node_modules/react-dom/cjs/react-dom-client.development.js:15476:11)
      at recursivelyTraversePassiveMountEffects (node_modules/.pnpm/react-dom@19.2.0_react@19.2.0/node_modules/react-dom/cjs/react-dom-client.development.js:15439:11)
      at commitPassiveMountOnFiber (node_modules/.pnpm/react-dom@19.2.0_react@19.2.0/node_modules/react-dom/cjs/react-dom-client.development.js:15476:11)
      at recursivelyTraversePassiveMountEffects (node_modules/.pnpm/react-dom@19.2.0_react@19.2.0/node_modules/react-dom/cjs/react-dom-client.development.js:15439:11)
      at commitPassiveMountOnFiber (node_modules/.pnpm/react-dom@19.2.0_react@19.2.0/node_modules/react-dom/cjs/react-dom-client.development.js:15476:11)
      at recursivelyTraversePassiveMountEffects (node_modules/.pnpm/react-dom@19.2.0_react@19.2.0/node_modules/react-dom/cjs/react-dom-client.development.js:15439:11)
      at commitPassiveMountOnFiber (node_modules/.pnpm/react-dom@19.2.0_react@19.2.0/node_modules/react-dom/cjs/react-dom-client.development.js:15476:11)
      at recursivelyTraversePassiveMountEffects (node_modules/.pnpm/react-dom@19.2.0_react@19.2.0/node_modules/react-dom/cjs/react-dom-client.development.js:15439:11)
      at commitPassiveMountOnFiber (node_modules/.pnpm/react-dom@19.2.0_react@19.2.0/node_modules/react-dom/cjs/react-dom-client.development.js:15718:11)
      at recursivelyTraversePassiveMountEffects (node_modules/.pnpm/react-dom@19.2.0_react@19.2.0/node_modules/react-dom/cjs/react-dom-client.development.js:15439:11)
      at commitPassiveMountOnFiber (node_modules/.pnpm/react-dom@19.2.0_react@19.2.0/node_modules/react-dom/cjs/react-dom-client.development.js:15476:11)
      at recursivelyTraversePassiveMountEffects (node_modules/.pnpm/react-dom@19.2.0_react@19.2.0/node_modules/react-dom/cjs/react-dom-client.development.js:15439:11)
      at commitPassiveMountOnFiber (node_modules/.pnpm/react-dom@19.2.0_react@19.2.0/node_modules/react-dom/cjs/react-dom-client.development.js:15476:11)
      at recursivelyTraversePassiveMountEffects (node_modules/.pnpm/react-dom@19.2.0_react@19.2.0/node_modules/react-dom/cjs/react-dom-client.development.js:15439:11)
      at commitPassiveMountOnFiber (node_modules/.pnpm/react-dom@19.2.0_react@19.2.0/node_modules/react-dom/cjs/react-dom-client.development.js:15718:11)
      at recursivelyTraversePassiveMountEffects (node_modules/.pnpm/react-dom@19.2.0_react@19.2.0/node_modules/react-dom/cjs/react-dom-client.development.js:15439:11)
      at commitPassiveMountOnFiber (node_modules/.pnpm/react-dom@19.2.0_react@19.2.0/node_modules/react-dom/cjs/react-dom-client.development.js:15476:11)
      at recursivelyTraversePassiveMountEffects (node_modules/.pnpm/react-dom@19.2.0_react@19.2.0/node_modules/react-dom/cjs/react-dom-client.development.js:15439:11)
      at commitPassiveMountOnFiber (node_modules/.pnpm/react-dom@19.2.0_react@19.2.0/node_modules/react-dom/cjs/react-dom-client.development.js:15476:11)
      at recursivelyTraversePassiveMountEffects (node_modules/.pnpm/react-dom@19.2.0_react@19.2.0/node_modules/react-dom/cjs/react-dom-client.development.js:15439:11)
      at commitPassiveMountOnFiber (node_modules/.pnpm/react-dom@19.2.0_react@19.2.0/node_modules/react-dom/cjs/react-dom-client.development.js:15476:11)
      at recursivelyTraversePassiveMountEffects (node_modules/.pnpm/react-dom@19.2.0_react@19.2.0/node_modules/react-dom/cjs/react-dom-client.development.js:15439:11)
      at commitPassiveMountOnFiber (node_modules/.pnpm/react-dom@19.2.0_react@19.2.0/node_modules/react-dom/cjs/react-dom-client.development.js:15718:11)
      at recursivelyTraversePassiveMountEffects (node_modules/.pnpm/react-dom@19.2.0_react@19.2.0/node_modules/react-dom/cjs/react-dom-client.development.js:15439:11)
      at commitPassiveMountOnFiber (node_modules/.pnpm/react-dom@19.2.0_react@19.2.0/node_modules/react-dom/cjs/react-dom-client.development.js:15476:11)
      at recursivelyTraversePassiveMountEffects (node_modules/.pnpm/react-dom@19.2.0_react@19.2.0/node_modules/react-dom/cjs/react-dom-client.development.js:15439:11)
      at commitPassiveMountOnFiber (node_modules/.pnpm/react-dom@19.2.0_react@19.2.0/node_modules/react-dom/cjs/react-dom-client.development.js:15476:11)
      at recursivelyTraversePassiveMountEffects (node_modules/.pnpm/react-dom@19.2.0_react@19.2.0/node_modules/react-dom/cjs/react-dom-client.development.js:15439:11)
      at commitPassiveMountOnFiber (node_modules/.pnpm/react-dom@19.2.0_react@19.2.0/node_modules/react-dom/cjs/react-dom-client.development.js:15476:11)
      at recursivelyTraversePassiveMountEffects (node_modules/.pnpm/react-dom@19.2.0_react@19.2.0/node_modules/react-dom/cjs/react-dom-client.development.js:15439:11)
      at commitPassiveMountOnFiber (node_modules/.pnpm/react-dom@19.2.0_react@19.2.0/node_modules/react-dom/cjs/react-dom-client.development.js:15519:11)
      at flushPassiveEffects (node_modules/.pnpm/react-dom@19.2.0_react@19.2.0/node_modules/react-dom/cjs/react-dom-client.development.js:18432:9)
      at flushPendingEffects (node_modules/.pnpm/react-dom@19.2.0_react@19.2.0/node_modules/react-dom/cjs/react-dom-client.development.js:18358:14)
      at flushSpawnedWork (node_modules/.pnpm/react-dom@19.2.0_react@19.2.0/node_modules/react-dom/cjs/react-dom-client.development.js:18323:44)
      at commitRoot (node_modules/.pnpm/react-dom@19.2.0_react@19.2.0/node_modules/react-dom/cjs/react-dom-client.development.js:17955:9)
      at performWorkOnRoot (node_modules/.pnpm/react-dom@19.2.0_react@19.2.0/node_modules/react-dom/cjs/react-dom-client.development.js:16667:15)
      at performSyncWorkOnRoot (node_modules/.pnpm/react-dom@19.2.0_react@19.2.0/node_modules/react-dom/cjs/react-dom-client.development.js:18972:7)
      at flushSyncWorkAcrossRoots_impl (node_modules/.pnpm/react-dom@19.2.0_react@19.2.0/node_modules/react-dom/cjs/react-dom-client.development.js:18814:21)
      at flushSpawnedWork (node_modules/.pnpm/react-dom@19.2.0_react@19.2.0/node_modules/react-dom/cjs/react-dom-client.development.js:18334:9)
      at commitRoot (node_modules/.pnpm/react-dom@19.2.0_react@19.2.0/node_modules/react-dom/cjs/react-dom-client.development.js:17955:9)
      at performWorkOnRoot (node_modules/.pnpm/react-dom@19.2.0_react@19.2.0/node_modules/react-dom/cjs/react-dom-client.development.js:16667:15)
      at performWorkOnRootViaSchedulerTask (node_modules/.pnpm/react-dom@19.2.0_react@19.2.0/node_modules/react-dom/cjs/react-dom-client.development.js:18957:7)
      at flushActQueue (node_modules/.pnpm/react@19.2.0/node_modules/react/cjs/react.development.js:590:34)
      at process.env.NODE_ENV.exports.act (node_modules/.pnpm/react@19.2.0/node_modules/react/cjs/react.development.js:884:10)
      at node_modules/.pnpm/@testing-library+react@16.3_15d474de7481bb0af842c1b1705139a8/node_modules/@testing-library/react/dist/act-compat.js:47:25
      at renderRoot (node_modules/.pnpm/@testing-library+react@16.3_15d474de7481bb0af842c1b1705139a8/node_modules/@testing-library/react/dist/pure.js:190:26)
      at rerender (node_modules/.pnpm/@testing-library+react@16.3_15d474de7481bb0af842c1b1705139a8/node_modules/@testing-library/react/dist/pure.js:211:7)
      at Object.rerender (src/components/accessible/__tests__/AccessibleModal.test.tsx:385:7)

    console.error
      `DialogContent` requires a `DialogTitle` for the component to be accessible for screen reader users.
      
      If you want to hide the `DialogTitle`, you can wrap it with our VisuallyHidden component.
      
      For more information, see https://radix-ui.com/primitives/docs/components/dialog

    [0m [90m 373 |[39m       [36mreturn[39m[33m;[39m
     [90m 374 |[39m     }
    [31m[1m>[22m[39m[90m 375 |[39m     originalError[33m.[39mcall(console[33m,[39m [33m...[39margs)[33m;[39m
     [90m     |[39m                   [31m[1m^[22m[39m
     [90m 376 |[39m   }[33m;[39m
     [90m 377 |[39m })[33m;[39m
     [90m 378 |[39m[0m

      at console.call [as error] (jest.setup.js:375:19)
      at node_modules/.pnpm/@radix-ui+react-dialog@1.1._664b8f23a65f4708bb5cf27e5ff43c08/node_modules/@radix-ui/react-dialog/src/dialog.tsx:520:30
      at Object.react_stack_bottom_frame (node_modules/.pnpm/react-dom@19.2.0_react@19.2.0/node_modules/react-dom/cjs/react-dom-client.development.js:25989:20)
      at runWithFiberInDEV (node_modules/.pnpm/react-dom@19.2.0_react@19.2.0/node_modules/react-dom/cjs/react-dom-client.development.js:874:13)
      at commitHookEffectListMount (node_modules/.pnpm/react-dom@19.2.0_react@19.2.0/node_modules/react-dom/cjs/react-dom-client.development.js:13249:29)
      at commitHookPassiveMountEffects (node_modules/.pnpm/react-dom@19.2.0_react@19.2.0/node_modules/react-dom/cjs/react-dom-client.development.js:13336:11)
      at commitPassiveMountOnFiber (node_modules/.pnpm/react-dom@19.2.0_react@19.2.0/node_modules/react-dom/cjs/react-dom-client.development.js:15484:13)
      at recursivelyTraversePassiveMountEffects (node_modules/.pnpm/react-dom@19.2.0_react@19.2.0/node_modules/react-dom/cjs/react-dom-client.development.js:15439:11)
      at commitPassiveMountOnFiber (node_modules/.pnpm/react-dom@19.2.0_react@19.2.0/node_modules/react-dom/cjs/react-dom-client.development.js:15718:11)
      at recursivelyTraversePassiveMountEffects (node_modules/.pnpm/react-dom@19.2.0_react@19.2.0/node_modules/react-dom/cjs/react-dom-client.development.js:15439:11)
      at commitPassiveMountOnFiber (node_modules/.pnpm/react-dom@19.2.0_react@19.2.0/node_modules/react-dom/cjs/react-dom-client.development.js:15476:11)
      at recursivelyTraversePassiveMountEffects (node_modules/.pnpm/react-dom@19.2.0_react@19.2.0/node_modules/react-dom/cjs/react-dom-client.development.js:15439:11)
      at commitPassiveMountOnFiber (node_modules/.pnpm/react-dom@19.2.0_react@19.2.0/node_modules/react-dom/cjs/react-dom-client.development.js:15476:11)
      at recursivelyTraversePassiveMountEffects (node_modules/.pnpm/react-dom@19.2.0_react@19.2.0/node_modules/react-dom/cjs/react-dom-client.development.js:15439:11)
      at commitPassiveMountOnFiber (node_modules/.pnpm/react-dom@19.2.0_react@19.2.0/node_modules/react-dom/cjs/react-dom-client.development.js:15476:11)
      at recursivelyTraversePassiveMountEffects (node_modules/.pnpm/react-dom@19.2.0_react@19.2.0/node_modules/react-dom/cjs/react-dom-client.development.js:15439:11)
      at commitPassiveMountOnFiber (node_modules/.pnpm/react-dom@19.2.0_react@19.2.0/node_modules/react-dom/cjs/react-dom-client.development.js:15476:11)
      at recursivelyTraversePassiveMountEffects (node_modules/.pnpm/react-dom@19.2.0_react@19.2.0/node_modules/react-dom/cjs/react-dom-client.development.js:15439:11)
      at commitPassiveMountOnFiber (node_modules/.pnpm/react-dom@19.2.0_react@19.2.0/node_modules/react-dom/cjs/react-dom-client.development.js:15476:11)
      at recursivelyTraversePassiveMountEffects (node_modules/.pnpm/react-dom@19.2.0_react@19.2.0/node_modules/react-dom/cjs/react-dom-client.development.js:15439:11)
      at commitPassiveMountOnFiber (node_modules/.pnpm/react-dom@19.2.0_react@19.2.0/node_modules/react-dom/cjs/react-dom-client.development.js:15476:11)
      at recursivelyTraversePassiveMountEffects (node_modules/.pnpm/react-dom@19.2.0_react@19.2.0/node_modules/react-dom/cjs/react-dom-client.development.js:15439:11)
      at commitPassiveMountOnFiber (node_modules/.pnpm/react-dom@19.2.0_react@19.2.0/node_modules/react-dom/cjs/react-dom-client.development.js:15476:11)
      at recursivelyTraversePassiveMountEffects (node_modules/.pnpm/react-dom@19.2.0_react@19.2.0/node_modules/react-dom/cjs/react-dom-client.development.js:15439:11)
      at commitPassiveMountOnFiber (node_modules/.pnpm/react-dom@19.2.0_react@19.2.0/node_modules/react-dom/cjs/react-dom-client.development.js:15718:11)
      at recursivelyTraversePassiveMountEffects (node_modules/.pnpm/react-dom@19.2.0_react@19.2.0/node_modules/react-dom/cjs/react-dom-client.development.js:15439:11)
      at commitPassiveMountOnFiber (node_modules/.pnpm/react-dom@19.2.0_react@19.2.0/node_modules/react-dom/cjs/react-dom-client.development.js:15476:11)
      at recursivelyTraversePassiveMountEffects (node_modules/.pnpm/react-dom@19.2.0_react@19.2.0/node_modules/react-dom/cjs/react-dom-client.development.js:15439:11)
      at commitPassiveMountOnFiber (node_modules/.pnpm/react-dom@19.2.0_react@19.2.0/node_modules/react-dom/cjs/react-dom-client.development.js:15476:11)
      at recursivelyTraversePassiveMountEffects (node_modules/.pnpm/react-dom@19.2.0_react@19.2.0/node_modules/react-dom/cjs/react-dom-client.development.js:15439:11)
      at commitPassiveMountOnFiber (node_modules/.pnpm/react-dom@19.2.0_react@19.2.0/node_modules/react-dom/cjs/react-dom-client.development.js:15718:11)
      at recursivelyTraversePassiveMountEffects (node_modules/.pnpm/react-dom@19.2.0_react@19.2.0/node_modules/react-dom/cjs/react-dom-client.development.js:15439:11)
      at commitPassiveMountOnFiber (node_modules/.pnpm/react-dom@19.2.0_react@19.2.0/node_modules/react-dom/cjs/react-dom-client.development.js:15476:11)
      at recursivelyTraversePassiveMountEffects (node_modules/.pnpm/react-dom@19.2.0_react@19.2.0/node_modules/react-dom/cjs/react-dom-client.development.js:15439:11)
      at commitPassiveMountOnFiber (node_modules/.pnpm/react-dom@19.2.0_react@19.2.0/node_modules/react-dom/cjs/react-dom-client.development.js:15476:11)
      at recursivelyTraversePassiveMountEffects (node_modules/.pnpm/react-dom@19.2.0_react@19.2.0/node_modules/react-dom/cjs/react-dom-client.development.js:15439:11)
      at commitPassiveMountOnFiber (node_modules/.pnpm/react-dom@19.2.0_react@19.2.0/node_modules/react-dom/cjs/react-dom-client.development.js:15476:11)
      at recursivelyTraversePassiveMountEffects (node_modules/.pnpm/react-dom@19.2.0_react@19.2.0/node_modules/react-dom/cjs/react-dom-client.development.js:15439:11)
      at commitPassiveMountOnFiber (node_modules/.pnpm/react-dom@19.2.0_react@19.2.0/node_modules/react-dom/cjs/react-dom-client.development.js:15718:11)
      at recursivelyTraversePassiveMountEffects (node_modules/.pnpm/react-dom@19.2.0_react@19.2.0/node_modules/react-dom/cjs/react-dom-client.development.js:15439:11)
      at commitPassiveMountOnFiber (node_modules/.pnpm/react-dom@19.2.0_react@19.2.0/node_modules/react-dom/cjs/react-dom-client.development.js:15476:11)
      at recursivelyTraversePassiveMountEffects (node_modules/.pnpm/react-dom@19.2.0_react@19.2.0/node_modules/react-dom/cjs/react-dom-client.development.js:15439:11)
      at commitPassiveMountOnFiber (node_modules/.pnpm/react-dom@19.2.0_react@19.2.0/node_modules/react-dom/cjs/react-dom-client.development.js:15476:11)
      at recursivelyTraversePassiveMountEffects (node_modules/.pnpm/react-dom@19.2.0_react@19.2.0/node_modules/react-dom/cjs/react-dom-client.development.js:15439:11)
      at commitPassiveMountOnFiber (node_modules/.pnpm/react-dom@19.2.0_react@19.2.0/node_modules/react-dom/cjs/react-dom-client.development.js:15476:11)
      at recursivelyTraversePassiveMountEffects (node_modules/.pnpm/react-dom@19.2.0_react@19.2.0/node_modules/react-dom/cjs/react-dom-client.development.js:15439:11)
      at commitPassiveMountOnFiber (node_modules/.pnpm/react-dom@19.2.0_react@19.2.0/node_modules/react-dom/cjs/react-dom-client.development.js:15519:11)
      at flushPassiveEffects (node_modules/.pnpm/react-dom@19.2.0_react@19.2.0/node_modules/react-dom/cjs/react-dom-client.development.js:18432:9)
      at flushPendingEffects (node_modules/.pnpm/react-dom@19.2.0_react@19.2.0/node_modules/react-dom/cjs/react-dom-client.development.js:18358:14)
      at flushSpawnedWork (node_modules/.pnpm/react-dom@19.2.0_react@19.2.0/node_modules/react-dom/cjs/react-dom-client.development.js:18323:44)
      at commitRoot (node_modules/.pnpm/react-dom@19.2.0_react@19.2.0/node_modules/react-dom/cjs/react-dom-client.development.js:17955:9)
      at performWorkOnRoot (node_modules/.pnpm/react-dom@19.2.0_react@19.2.0/node_modules/react-dom/cjs/react-dom-client.development.js:16667:15)
      at performSyncWorkOnRoot (node_modules/.pnpm/react-dom@19.2.0_react@19.2.0/node_modules/react-dom/cjs/react-dom-client.development.js:18972:7)
      at flushSyncWorkAcrossRoots_impl (node_modules/.pnpm/react-dom@19.2.0_react@19.2.0/node_modules/react-dom/cjs/react-dom-client.development.js:18814:21)
      at flushSpawnedWork (node_modules/.pnpm/react-dom@19.2.0_react@19.2.0/node_modules/react-dom/cjs/react-dom-client.development.js:18334:9)
      at commitRoot (node_modules/.pnpm/react-dom@19.2.0_react@19.2.0/node_modules/react-dom/cjs/react-dom-client.development.js:17955:9)
      at performWorkOnRoot (node_modules/.pnpm/react-dom@19.2.0_react@19.2.0/node_modules/react-dom/cjs/react-dom-client.development.js:16667:15)
      at performWorkOnRootViaSchedulerTask (node_modules/.pnpm/react-dom@19.2.0_react@19.2.0/node_modules/react-dom/cjs/react-dom-client.development.js:18957:7)
      at flushActQueue (node_modules/.pnpm/react@19.2.0/node_modules/react/cjs/react.development.js:590:34)
      at process.env.NODE_ENV.exports.act (node_modules/.pnpm/react@19.2.0/node_modules/react/cjs/react.development.js:884:10)
      at node_modules/.pnpm/@testing-library+react@16.3_15d474de7481bb0af842c1b1705139a8/node_modules/@testing-library/react/dist/act-compat.js:47:25
      at renderRoot (node_modules/.pnpm/@testing-library+react@16.3_15d474de7481bb0af842c1b1705139a8/node_modules/@testing-library/react/dist/pure.js:190:26)
      at render (node_modules/.pnpm/@testing-library+react@16.3_15d474de7481bb0af842c1b1705139a8/node_modules/@testing-library/react/dist/pure.js:292:10)
      at Object.<anonymous> (src/components/accessible/__tests__/AccessibleModal.test.tsx:400:34)

    console.error
      `DialogContent` requires a `DialogTitle` for the component to be accessible for screen reader users.
      
      If you want to hide the `DialogTitle`, you can wrap it with our VisuallyHidden component.
      
      For more information, see https://radix-ui.com/primitives/docs/components/dialog

    [0m [90m 373 |[39m       [36mreturn[39m[33m;[39m
     [90m 374 |[39m     }
    [31m[1m>[22m[39m[90m 375 |[39m     originalError[33m.[39mcall(console[33m,[39m [33m...[39margs)[33m;[39m
     [90m     |[39m                   [31m[1m^[22m[39m
     [90m 376 |[39m   }[33m;[39m
     [90m 377 |[39m })[33m;[39m
     [90m 378 |[39m[0m

      at console.call [as error] (jest.setup.js:375:19)
      at node_modules/.pnpm/@radix-ui+react-dialog@1.1._664b8f23a65f4708bb5cf27e5ff43c08/node_modules/@radix-ui/react-dialog/src/dialog.tsx:520:30
      at Object.react_stack_bottom_frame (node_modules/.pnpm/react-dom@19.2.0_react@19.2.0/node_modules/react-dom/cjs/react-dom-client.development.js:25989:20)
      at runWithFiberInDEV (node_modules/.pnpm/react-dom@19.2.0_react@19.2.0/node_modules/react-dom/cjs/react-dom-client.development.js:874:13)
      at commitHookEffectListMount (node_modules/.pnpm/react-dom@19.2.0_react@19.2.0/node_modules/react-dom/cjs/react-dom-client.development.js:13249:29)
      at commitHookPassiveMountEffects (node_modules/.pnpm/react-dom@19.2.0_react@19.2.0/node_modules/react-dom/cjs/react-dom-client.development.js:13336:11)
      at commitPassiveMountOnFiber (node_modules/.pnpm/react-dom@19.2.0_react@19.2.0/node_modules/react-dom/cjs/react-dom-client.development.js:15484:13)
      at recursivelyTraversePassiveMountEffects (node_modules/.pnpm/react-dom@19.2.0_react@19.2.0/node_modules/react-dom/cjs/react-dom-client.development.js:15439:11)
      at commitPassiveMountOnFiber (node_modules/.pnpm/react-dom@19.2.0_react@19.2.0/node_modules/react-dom/cjs/react-dom-client.development.js:15718:11)
      at recursivelyTraversePassiveMountEffects (node_modules/.pnpm/react-dom@19.2.0_react@19.2.0/node_modules/react-dom/cjs/react-dom-client.development.js:15439:11)
      at commitPassiveMountOnFiber (node_modules/.pnpm/react-dom@19.2.0_react@19.2.0/node_modules/react-dom/cjs/react-dom-client.development.js:15476:11)
      at recursivelyTraversePassiveMountEffects (node_modules/.pnpm/react-dom@19.2.0_react@19.2.0/node_modules/react-dom/cjs/react-dom-client.development.js:15439:11)
      at commitPassiveMountOnFiber (node_modules/.pnpm/react-dom@19.2.0_react@19.2.0/node_modules/react-dom/cjs/react-dom-client.development.js:15476:11)
      at recursivelyTraversePassiveMountEffects (node_modules/.pnpm/react-dom@19.2.0_react@19.2.0/node_modules/react-dom/cjs/react-dom-client.development.js:15439:11)
      at commitPassiveMountOnFiber (node_modules/.pnpm/react-dom@19.2.0_react@19.2.0/node_modules/react-dom/cjs/react-dom-client.development.js:15476:11)
      at recursivelyTraversePassiveMountEffects (node_modules/.pnpm/react-dom@19.2.0_react@19.2.0/node_modules/react-dom/cjs/react-dom-client.development.js:15439:11)
      at commitPassiveMountOnFiber (node_modules/.pnpm/react-dom@19.2.0_react@19.2.0/node_modules/react-dom/cjs/react-dom-client.development.js:15476:11)
      at recursivelyTraversePassiveMountEffects (node_modules/.pnpm/react-dom@19.2.0_react@19.2.0/node_modules/react-dom/cjs/react-dom-client.development.js:15439:11)
      at commitPassiveMountOnFiber (node_modules/.pnpm/react-dom@19.2.0_react@19.2.0/node_modules/react-dom/cjs/react-dom-client.development.js:15476:11)
      at recursivelyTraversePassiveMountEffects (node_modules/.pnpm/react-dom@19.2.0_react@19.2.0/node_modules/react-dom/cjs/react-dom-client.development.js:15439:11)
      at commitPassiveMountOnFiber (node_modules/.pnpm/react-dom@19.2.0_react@19.2.0/node_modules/react-dom/cjs/react-dom-client.development.js:15476:11)
      at recursivelyTraversePassiveMountEffects (node_modules/.pnpm/react-dom@19.2.0_react@19.2.0/node_modules/react-dom/cjs/react-dom-client.development.js:15439:11)
      at commitPassiveMountOnFiber (node_modules/.pnpm/react-dom@19.2.0_react@19.2.0/node_modules/react-dom/cjs/react-dom-client.development.js:15476:11)
      at recursivelyTraversePassiveMountEffects (node_modules/.pnpm/react-dom@19.2.0_react@19.2.0/node_modules/react-dom/cjs/react-dom-client.development.js:15439:11)
      at commitPassiveMountOnFiber (node_modules/.pnpm/react-dom@19.2.0_react@19.2.0/node_modules/react-dom/cjs/react-dom-client.development.js:15718:11)
      at recursivelyTraversePassiveMountEffects (node_modules/.pnpm/react-dom@19.2.0_react@19.2.0/node_modules/react-dom/cjs/react-dom-client.development.js:15439:11)
      at commitPassiveMountOnFiber (node_modules/.pnpm/react-dom@19.2.0_react@19.2.0/node_modules/react-dom/cjs/react-dom-client.development.js:15476:11)
      at recursivelyTraversePassiveMountEffects (node_modules/.pnpm/react-dom@19.2.0_react@19.2.0/node_modules/react-dom/cjs/react-dom-client.development.js:15439:11)
      at commitPassiveMountOnFiber (node_modules/.pnpm/react-dom@19.2.0_react@19.2.0/node_modules/react-dom/cjs/react-dom-client.development.js:15476:11)
      at recursivelyTraversePassiveMountEffects (node_modules/.pnpm/react-dom@19.2.0_react@19.2.0/node_modules/react-dom/cjs/react-dom-client.development.js:15439:11)
      at commitPassiveMountOnFiber (node_modules/.pnpm/react-dom@19.2.0_react@19.2.0/node_modules/react-dom/cjs/react-dom-client.development.js:15718:11)
      at recursivelyTraversePassiveMountEffects (node_modules/.pnpm/react-dom@19.2.0_react@19.2.0/node_modules/react-dom/cjs/react-dom-client.development.js:15439:11)
      at commitPassiveMountOnFiber (node_modules/.pnpm/react-dom@19.2.0_react@19.2.0/node_modules/react-dom/cjs/react-dom-client.development.js:15476:11)
      at recursivelyTraversePassiveMountEffects (node_modules/.pnpm/react-dom@19.2.0_react@19.2.0/node_modules/react-dom/cjs/react-dom-client.development.js:15439:11)
      at commitPassiveMountOnFiber (node_modules/.pnpm/react-dom@19.2.0_react@19.2.0/node_modules/react-dom/cjs/react-dom-client.development.js:15476:11)
      at recursivelyTraversePassiveMountEffects (node_modules/.pnpm/react-dom@19.2.0_react@19.2.0/node_modules/react-dom/cjs/react-dom-client.development.js:15439:11)
      at commitPassiveMountOnFiber (node_modules/.pnpm/react-dom@19.2.0_react@19.2.0/node_modules/react-dom/cjs/react-dom-client.development.js:15476:11)
      at recursivelyTraversePassiveMountEffects (node_modules/.pnpm/react-dom@19.2.0_react@19.2.0/node_modules/react-dom/cjs/react-dom-client.development.js:15439:11)
      at commitPassiveMountOnFiber (node_modules/.pnpm/react-dom@19.2.0_react@19.2.0/node_modules/react-dom/cjs/react-dom-client.development.js:15718:11)
      at recursivelyTraversePassiveMountEffects (node_modules/.pnpm/react-dom@19.2.0_react@19.2.0/node_modules/react-dom/cjs/react-dom-client.development.js:15439:11)
      at commitPassiveMountOnFiber (node_modules/.pnpm/react-dom@19.2.0_react@19.2.0/node_modules/react-dom/cjs/react-dom-client.development.js:15476:11)
      at recursivelyTraversePassiveMountEffects (node_modules/.pnpm/react-dom@19.2.0_react@19.2.0/node_modules/react-dom/cjs/react-dom-client.development.js:15439:11)
      at commitPassiveMountOnFiber (node_modules/.pnpm/react-dom@19.2.0_react@19.2.0/node_modules/react-dom/cjs/react-dom-client.development.js:15476:11)
      at recursivelyTraversePassiveMountEffects (node_modules/.pnpm/react-dom@19.2.0_react@19.2.0/node_modules/react-dom/cjs/react-dom-client.development.js:15439:11)
      at commitPassiveMountOnFiber (node_modules/.pnpm/react-dom@19.2.0_react@19.2.0/node_modules/react-dom/cjs/react-dom-client.development.js:15476:11)
      at recursivelyTraversePassiveMountEffects (node_modules/.pnpm/react-dom@19.2.0_react@19.2.0/node_modules/react-dom/cjs/react-dom-client.development.js:15439:11)
      at commitPassiveMountOnFiber (node_modules/.pnpm/react-dom@19.2.0_react@19.2.0/node_modules/react-dom/cjs/react-dom-client.development.js:15519:11)
      at flushPassiveEffects (node_modules/.pnpm/react-dom@19.2.0_react@19.2.0/node_modules/react-dom/cjs/react-dom-client.development.js:18432:9)
      at flushPendingEffects (node_modules/.pnpm/react-dom@19.2.0_react@19.2.0/node_modules/react-dom/cjs/react-dom-client.development.js:18358:14)
      at flushSpawnedWork (node_modules/.pnpm/react-dom@19.2.0_react@19.2.0/node_modules/react-dom/cjs/react-dom-client.development.js:18323:44)
      at commitRoot (node_modules/.pnpm/react-dom@19.2.0_react@19.2.0/node_modules/react-dom/cjs/react-dom-client.development.js:17955:9)
      at performWorkOnRoot (node_modules/.pnpm/react-dom@19.2.0_react@19.2.0/node_modules/react-dom/cjs/react-dom-client.development.js:16667:15)
      at performSyncWorkOnRoot (node_modules/.pnpm/react-dom@19.2.0_react@19.2.0/node_modules/react-dom/cjs/react-dom-client.development.js:18972:7)
      at flushSyncWorkAcrossRoots_impl (node_modules/.pnpm/react-dom@19.2.0_react@19.2.0/node_modules/react-dom/cjs/react-dom-client.development.js:18814:21)
      at flushSpawnedWork (node_modules/.pnpm/react-dom@19.2.0_react@19.2.0/node_modules/react-dom/cjs/react-dom-client.development.js:18334:9)
      at commitRoot (node_modules/.pnpm/react-dom@19.2.0_react@19.2.0/node_modules/react-dom/cjs/react-dom-client.development.js:17955:9)
      at performWorkOnRoot (node_modules/.pnpm/react-dom@19.2.0_react@19.2.0/node_modules/react-dom/cjs/react-dom-client.development.js:16667:15)
      at performWorkOnRootViaSchedulerTask (node_modules/.pnpm/react-dom@19.2.0_react@19.2.0/node_modules/react-dom/cjs/react-dom-client.development.js:18957:7)
      at flushActQueue (node_modules/.pnpm/react@19.2.0/node_modules/react/cjs/react.development.js:590:34)
      at process.env.NODE_ENV.exports.act (node_modules/.pnpm/react@19.2.0/node_modules/react/cjs/react.development.js:884:10)
      at node_modules/.pnpm/@testing-library+react@16.3_15d474de7481bb0af842c1b1705139a8/node_modules/@testing-library/react/dist/act-compat.js:47:25
      at renderRoot (node_modules/.pnpm/@testing-library+react@16.3_15d474de7481bb0af842c1b1705139a8/node_modules/@testing-library/react/dist/pure.js:190:26)
      at render (node_modules/.pnpm/@testing-library+react@16.3_15d474de7481bb0af842c1b1705139a8/node_modules/@testing-library/react/dist/pure.js:292:10)
      at Object.<anonymous> (src/components/accessible/__tests__/AccessibleModal.test.tsx:425:33)

    console.error
      `DialogContent` requires a `DialogTitle` for the component to be accessible for screen reader users.
      
      If you want to hide the `DialogTitle`, you can wrap it with our VisuallyHidden component.
      
      For more information, see https://radix-ui.com/primitives/docs/components/dialog

    [0m [90m 373 |[39m       [36mreturn[39m[33m;[39m
     [90m 374 |[39m     }
    [31m[1m>[22m[39m[90m 375 |[39m     originalError[33m.[39mcall(console[33m,[39m [33m...[39margs)[33m;[39m
     [90m     |[39m                   [31m[1m^[22m[39m
     [90m 376 |[39m   }[33m;[39m
     [90m 377 |[39m })[33m;[39m
     [90m 378 |[39m[0m

      at console.call [as error] (jest.setup.js:375:19)
      at node_modules/.pnpm/@radix-ui+react-dialog@1.1._664b8f23a65f4708bb5cf27e5ff43c08/node_modules/@radix-ui/react-dialog/src/dialog.tsx:520:30
      at Object.react_stack_bottom_frame (node_modules/.pnpm/react-dom@19.2.0_react@19.2.0/node_modules/react-dom/cjs/react-dom-client.development.js:25989:20)
      at runWithFiberInDEV (node_modules/.pnpm/react-dom@19.2.0_react@19.2.0/node_modules/react-dom/cjs/react-dom-client.development.js:874:13)
      at commitHookEffectListMount (node_modules/.pnpm/react-dom@19.2.0_react@19.2.0/node_modules/react-dom/cjs/react-dom-client.development.js:13249:29)
      at commitHookPassiveMountEffects (node_modules/.pnpm/react-dom@19.2.0_react@19.2.0/node_modules/react-dom/cjs/react-dom-client.development.js:13336:11)
      at commitPassiveMountOnFiber (node_modules/.pnpm/react-dom@19.2.0_react@19.2.0/node_modules/react-dom/cjs/react-dom-client.development.js:15484:13)
      at recursivelyTraversePassiveMountEffects (node_modules/.pnpm/react-dom@19.2.0_react@19.2.0/node_modules/react-dom/cjs/react-dom-client.development.js:15439:11)
      at commitPassiveMountOnFiber (node_modules/.pnpm/react-dom@19.2.0_react@19.2.0/node_modules/react-dom/cjs/react-dom-client.development.js:15718:11)
      at recursivelyTraversePassiveMountEffects (node_modules/.pnpm/react-dom@19.2.0_react@19.2.0/node_modules/react-dom/cjs/react-dom-client.development.js:15439:11)
      at commitPassiveMountOnFiber (node_modules/.pnpm/react-dom@19.2.0_react@19.2.0/node_modules/react-dom/cjs/react-dom-client.development.js:15476:11)
      at recursivelyTraversePassiveMountEffects (node_modules/.pnpm/react-dom@19.2.0_react@19.2.0/node_modules/react-dom/cjs/react-dom-client.development.js:15439:11)
      at commitPassiveMountOnFiber (node_modules/.pnpm/react-dom@19.2.0_react@19.2.0/node_modules/react-dom/cjs/react-dom-client.development.js:15476:11)
      at recursivelyTraversePassiveMountEffects (node_modules/.pnpm/react-dom@19.2.0_react@19.2.0/node_modules/react-dom/cjs/react-dom-client.development.js:15439:11)
      at commitPassiveMountOnFiber (node_modules/.pnpm/react-dom@19.2.0_react@19.2.0/node_modules/react-dom/cjs/react-dom-client.development.js:15476:11)
      at recursivelyTraversePassiveMountEffects (node_modules/.pnpm/react-dom@19.2.0_react@19.2.0/node_modules/react-dom/cjs/react-dom-client.development.js:15439:11)
      at commitPassiveMountOnFiber (node_modules/.pnpm/react-dom@19.2.0_react@19.2.0/node_modules/react-dom/cjs/react-dom-client.development.js:15476:11)
      at recursivelyTraversePassiveMountEffects (node_modules/.pnpm/react-dom@19.2.0_react@19.2.0/node_modules/react-dom/cjs/react-dom-client.development.js:15439:11)
      at commitPassiveMountOnFiber (node_modules/.pnpm/react-dom@19.2.0_react@19.2.0/node_modules/react-dom/cjs/react-dom-client.development.js:15476:11)
      at recursivelyTraversePassiveMountEffects (node_modules/.pnpm/react-dom@19.2.0_react@19.2.0/node_modules/react-dom/cjs/react-dom-client.development.js:15439:11)
      at commitPassiveMountOnFiber (node_modules/.pnpm/react-dom@19.2.0_react@19.2.0/node_modules/react-dom/cjs/react-dom-client.development.js:15476:11)
      at recursivelyTraversePassiveMountEffects (node_modules/.pnpm/react-dom@19.2.0_react@19.2.0/node_modules/react-dom/cjs/react-dom-client.development.js:15439:11)
      at commitPassiveMountOnFiber (node_modules/.pnpm/react-dom@19.2.0_react@19.2.0/node_modules/react-dom/cjs/react-dom-client.development.js:15476:11)
      at recursivelyTraversePassiveMountEffects (node_modules/.pnpm/react-dom@19.2.0_react@19.2.0/node_modules/react-dom/cjs/react-dom-client.development.js:15439:11)
      at commitPassiveMountOnFiber (node_modules/.pnpm/react-dom@19.2.0_react@19.2.0/node_modules/react-dom/cjs/react-dom-client.development.js:15718:11)
      at recursivelyTraversePassiveMountEffects (node_modules/.pnpm/react-dom@19.2.0_react@19.2.0/node_modules/react-dom/cjs/react-dom-client.development.js:15439:11)
      at commitPassiveMountOnFiber (node_modules/.pnpm/react-dom@19.2.0_react@19.2.0/node_modules/react-dom/cjs/react-dom-client.development.js:15476:11)
      at recursivelyTraversePassiveMountEffects (node_modules/.pnpm/react-dom@19.2.0_react@19.2.0/node_modules/react-dom/cjs/react-dom-client.development.js:15439:11)
      at commitPassiveMountOnFiber (node_modules/.pnpm/react-dom@19.2.0_react@19.2.0/node_modules/react-dom/cjs/react-dom-client.development.js:15476:11)
      at recursivelyTraversePassiveMountEffects (node_modules/.pnpm/react-dom@19.2.0_react@19.2.0/node_modules/react-dom/cjs/react-dom-client.development.js:15439:11)
      at commitPassiveMountOnFiber (node_modules/.pnpm/react-dom@19.2.0_react@19.2.0/node_modules/react-dom/cjs/react-dom-client.development.js:15718:11)
      at recursivelyTraversePassiveMountEffects (node_modules/.pnpm/react-dom@19.2.0_react@19.2.0/node_modules/react-dom/cjs/react-dom-client.development.js:15439:11)
      at commitPassiveMountOnFiber (node_modules/.pnpm/react-dom@19.2.0_react@19.2.0/node_modules/react-dom/cjs/react-dom-client.development.js:15476:11)
      at recursivelyTraversePassiveMountEffects (node_modules/.pnpm/react-dom@19.2.0_react@19.2.0/node_modules/react-dom/cjs/react-dom-client.development.js:15439:11)
      at commitPassiveMountOnFiber (node_modules/.pnpm/react-dom@19.2.0_react@19.2.0/node_modules/react-dom/cjs/react-dom-client.development.js:15476:11)
      at recursivelyTraversePassiveMountEffects (node_modules/.pnpm/react-dom@19.2.0_react@19.2.0/node_modules/react-dom/cjs/react-dom-client.development.js:15439:11)
      at commitPassiveMountOnFiber (node_modules/.pnpm/react-dom@19.2.0_react@19.2.0/node_modules/react-dom/cjs/react-dom-client.development.js:15476:11)
      at recursivelyTraversePassiveMountEffects (node_modules/.pnpm/react-dom@19.2.0_react@19.2.0/node_modules/react-dom/cjs/react-dom-client.development.js:15439:11)
      at commitPassiveMountOnFiber (node_modules/.pnpm/react-dom@19.2.0_react@19.2.0/node_modules/react-dom/cjs/react-dom-client.development.js:15718:11)
      at recursivelyTraversePassiveMountEffects (node_modules/.pnpm/react-dom@19.2.0_react@19.2.0/node_modules/react-dom/cjs/react-dom-client.development.js:15439:11)
      at commitPassiveMountOnFiber (node_modules/.pnpm/react-dom@19.2.0_react@19.2.0/node_modules/react-dom/cjs/react-dom-client.development.js:15476:11)
      at recursivelyTraversePassiveMountEffects (node_modules/.pnpm/react-dom@19.2.0_react@19.2.0/node_modules/react-dom/cjs/react-dom-client.development.js:15439:11)
      at commitPassiveMountOnFiber (node_modules/.pnpm/react-dom@19.2.0_react@19.2.0/node_modules/react-dom/cjs/react-dom-client.development.js:15476:11)
      at recursivelyTraversePassiveMountEffects (node_modules/.pnpm/react-dom@19.2.0_react@19.2.0/node_modules/react-dom/cjs/react-dom-client.development.js:15439:11)
      at commitPassiveMountOnFiber (node_modules/.pnpm/react-dom@19.2.0_react@19.2.0/node_modules/react-dom/cjs/react-dom-client.development.js:15476:11)
      at recursivelyTraversePassiveMountEffects (node_modules/.pnpm/react-dom@19.2.0_react@19.2.0/node_modules/react-dom/cjs/react-dom-client.development.js:15439:11)
      at commitPassiveMountOnFiber (node_modules/.pnpm/react-dom@19.2.0_react@19.2.0/node_modules/react-dom/cjs/react-dom-client.development.js:15519:11)
      at flushPassiveEffects (node_modules/.pnpm/react-dom@19.2.0_react@19.2.0/node_modules/react-dom/cjs/react-dom-client.development.js:18432:9)
      at flushPendingEffects (node_modules/.pnpm/react-dom@19.2.0_react@19.2.0/node_modules/react-dom/cjs/react-dom-client.development.js:18358:14)
      at flushSpawnedWork (node_modules/.pnpm/react-dom@19.2.0_react@19.2.0/node_modules/react-dom/cjs/react-dom-client.development.js:18323:44)
      at commitRoot (node_modules/.pnpm/react-dom@19.2.0_react@19.2.0/node_modules/react-dom/cjs/react-dom-client.development.js:17955:9)
      at performWorkOnRoot (node_modules/.pnpm/react-dom@19.2.0_react@19.2.0/node_modules/react-dom/cjs/react-dom-client.development.js:16667:15)
      at performSyncWorkOnRoot (node_modules/.pnpm/react-dom@19.2.0_react@19.2.0/node_modules/react-dom/cjs/react-dom-client.development.js:18972:7)
      at flushSyncWorkAcrossRoots_impl (node_modules/.pnpm/react-dom@19.2.0_react@19.2.0/node_modules/react-dom/cjs/react-dom-client.development.js:18814:21)
      at flushSpawnedWork (node_modules/.pnpm/react-dom@19.2.0_react@19.2.0/node_modules/react-dom/cjs/react-dom-client.development.js:18334:9)
      at commitRoot (node_modules/.pnpm/react-dom@19.2.0_react@19.2.0/node_modules/react-dom/cjs/react-dom-client.development.js:17955:9)
      at performWorkOnRoot (node_modules/.pnpm/react-dom@19.2.0_react@19.2.0/node_modules/react-dom/cjs/react-dom-client.development.js:16667:15)
      at performWorkOnRootViaSchedulerTask (node_modules/.pnpm/react-dom@19.2.0_react@19.2.0/node_modules/react-dom/cjs/react-dom-client.development.js:18957:7)
      at flushActQueue (node_modules/.pnpm/react@19.2.0/node_modules/react/cjs/react.development.js:590:34)
      at process.env.NODE_ENV.exports.act (node_modules/.pnpm/react@19.2.0/node_modules/react/cjs/react.development.js:884:10)
      at node_modules/.pnpm/@testing-library+react@16.3_15d474de7481bb0af842c1b1705139a8/node_modules/@testing-library/react/dist/act-compat.js:47:25
      at renderRoot (node_modules/.pnpm/@testing-library+react@16.3_15d474de7481bb0af842c1b1705139a8/node_modules/@testing-library/react/dist/pure.js:190:26)
      at render (node_modules/.pnpm/@testing-library+react@16.3_15d474de7481bb0af842c1b1705139a8/node_modules/@testing-library/react/dist/pure.js:292:10)
      at Object.<anonymous> (src/components/accessible/__tests__/AccessibleModal.test.tsx:445:13)

    console.error
      `DialogContent` requires a `DialogTitle` for the component to be accessible for screen reader users.
      
      If you want to hide the `DialogTitle`, you can wrap it with our VisuallyHidden component.
      
      For more information, see https://radix-ui.com/primitives/docs/components/dialog

    [0m [90m 373 |[39m       [36mreturn[39m[33m;[39m
     [90m 374 |[39m     }
    [31m[1m>[22m[39m[90m 375 |[39m     originalError[33m.[39mcall(console[33m,[39m [33m...[39margs)[33m;[39m
     [90m     |[39m                   [31m[1m^[22m[39m
     [90m 376 |[39m   }[33m;[39m
     [90m 377 |[39m })[33m;[39m
     [90m 378 |[39m[0m

      at console.call [as error] (jest.setup.js:375:19)
      at node_modules/.pnpm/@radix-ui+react-dialog@1.1._664b8f23a65f4708bb5cf27e5ff43c08/node_modules/@radix-ui/react-dialog/src/dialog.tsx:520:30
      at Object.react_stack_bottom_frame (node_modules/.pnpm/react-dom@19.2.0_react@19.2.0/node_modules/react-dom/cjs/react-dom-client.development.js:25989:20)
      at runWithFiberInDEV (node_modules/.pnpm/react-dom@19.2.0_react@19.2.0/node_modules/react-dom/cjs/react-dom-client.development.js:874:13)
      at commitHookEffectListMount (node_modules/.pnpm/react-dom@19.2.0_react@19.2.0/node_modules/react-dom/cjs/react-dom-client.development.js:13249:29)
      at commitHookPassiveMountEffects (node_modules/.pnpm/react-dom@19.2.0_react@19.2.0/node_modules/react-dom/cjs/react-dom-client.development.js:13336:11)
      at commitPassiveMountOnFiber (node_modules/.pnpm/react-dom@19.2.0_react@19.2.0/node_modules/react-dom/cjs/react-dom-client.development.js:15484:13)
      at recursivelyTraversePassiveMountEffects (node_modules/.pnpm/react-dom@19.2.0_react@19.2.0/node_modules/react-dom/cjs/react-dom-client.development.js:15439:11)
      at commitPassiveMountOnFiber (node_modules/.pnpm/react-dom@19.2.0_react@19.2.0/node_modules/react-dom/cjs/react-dom-client.development.js:15718:11)
      at recursivelyTraversePassiveMountEffects (node_modules/.pnpm/react-dom@19.2.0_react@19.2.0/node_modules/react-dom/cjs/react-dom-client.development.js:15439:11)
      at commitPassiveMountOnFiber (node_modules/.pnpm/react-dom@19.2.0_react@19.2.0/node_modules/react-dom/cjs/react-dom-client.development.js:15476:11)
      at recursivelyTraversePassiveMountEffects (node_modules/.pnpm/react-dom@19.2.0_react@19.2.0/node_modules/react-dom/cjs/react-dom-client.development.js:15439:11)
      at commitPassiveMountOnFiber (node_modules/.pnpm/react-dom@19.2.0_react@19.2.0/node_modules/react-dom/cjs/react-dom-client.development.js:15476:11)
      at recursivelyTraversePassiveMountEffects (node_modules/.pnpm/react-dom@19.2.0_react@19.2.0/node_modules/react-dom/cjs/react-dom-client.development.js:15439:11)
      at commitPassiveMountOnFiber (node_modules/.pnpm/react-dom@19.2.0_react@19.2.0/node_modules/react-dom/cjs/react-dom-client.development.js:15476:11)
      at recursivelyTraversePassiveMountEffects (node_modules/.pnpm/react-dom@19.2.0_react@19.2.0/node_modules/react-dom/cjs/react-dom-client.development.js:15439:11)
      at commitPassiveMountOnFiber (node_modules/.pnpm/react-dom@19.2.0_react@19.2.0/node_modules/react-dom/cjs/react-dom-client.development.js:15476:11)
      at recursivelyTraversePassiveMountEffects (node_modules/.pnpm/react-dom@19.2.0_react@19.2.0/node_modules/react-dom/cjs/react-dom-client.development.js:15439:11)
      at commitPassiveMountOnFiber (node_modules/.pnpm/react-dom@19.2.0_react@19.2.0/node_modules/react-dom/cjs/react-dom-client.development.js:15476:11)
      at recursivelyTraversePassiveMountEffects (node_modules/.pnpm/react-dom@19.2.0_react@19.2.0/node_modules/react-dom/cjs/react-dom-client.development.js:15439:11)
      at commitPassiveMountOnFiber (node_modules/.pnpm/react-dom@19.2.0_react@19.2.0/node_modules/react-dom/cjs/react-dom-client.development.js:15476:11)
      at recursivelyTraversePassiveMountEffects (node_modules/.pnpm/react-dom@19.2.0_react@19.2.0/node_modules/react-dom/cjs/react-dom-client.development.js:15439:11)
      at commitPassiveMountOnFiber (node_modules/.pnpm/react-dom@19.2.0_react@19.2.0/node_modules/react-dom/cjs/react-dom-client.development.js:15476:11)
      at recursivelyTraversePassiveMountEffects (node_modules/.pnpm/react-dom@19.2.0_react@19.2.0/node_modules/react-dom/cjs/react-dom-client.development.js:15439:11)
      at commitPassiveMountOnFiber (node_modules/.pnpm/react-dom@19.2.0_react@19.2.0/node_modules/react-dom/cjs/react-dom-client.development.js:15718:11)
      at recursivelyTraversePassiveMountEffects (node_modules/.pnpm/react-dom@19.2.0_react@19.2.0/node_modules/react-dom/cjs/react-dom-client.development.js:15439:11)
      at commitPassiveMountOnFiber (node_modules/.pnpm/react-dom@19.2.0_react@19.2.0/node_modules/react-dom/cjs/react-dom-client.development.js:15476:11)
      at recursivelyTraversePassiveMountEffects (node_modules/.pnpm/react-dom@19.2.0_react@19.2.0/node_modules/react-dom/cjs/react-dom-client.development.js:15439:11)
      at commitPassiveMountOnFiber (node_modules/.pnpm/react-dom@19.2.0_react@19.2.0/node_modules/react-dom/cjs/react-dom-client.development.js:15476:11)
      at recursivelyTraversePassiveMountEffects (node_modules/.pnpm/react-dom@19.2.0_react@19.2.0/node_modules/react-dom/cjs/react-dom-client.development.js:15439:11)
      at commitPassiveMountOnFiber (node_modules/.pnpm/react-dom@19.2.0_react@19.2.0/node_modules/react-dom/cjs/react-dom-client.development.js:15718:11)
      at recursivelyTraversePassiveMountEffects (node_modules/.pnpm/react-dom@19.2.0_react@19.2.0/node_modules/react-dom/cjs/react-dom-client.development.js:15439:11)
      at commitPassiveMountOnFiber (node_modules/.pnpm/react-dom@19.2.0_react@19.2.0/node_modules/react-dom/cjs/react-dom-client.development.js:15476:11)
      at recursivelyTraversePassiveMountEffects (node_modules/.pnpm/react-dom@19.2.0_react@19.2.0/node_modules/react-dom/cjs/react-dom-client.development.js:15439:11)
      at commitPassiveMountOnFiber (node_modules/.pnpm/react-dom@19.2.0_react@19.2.0/node_modules/react-dom/cjs/react-dom-client.development.js:15476:11)
      at recursivelyTraversePassiveMountEffects (node_modules/.pnpm/react-dom@19.2.0_react@19.2.0/node_modules/react-dom/cjs/react-dom-client.development.js:15439:11)
      at commitPassiveMountOnFiber (node_modules/.pnpm/react-dom@19.2.0_react@19.2.0/node_modules/react-dom/cjs/react-dom-client.development.js:15476:11)
      at recursivelyTraversePassiveMountEffects (node_modules/.pnpm/react-dom@19.2.0_react@19.2.0/node_modules/react-dom/cjs/react-dom-client.development.js:15439:11)
      at commitPassiveMountOnFiber (node_modules/.pnpm/react-dom@19.2.0_react@19.2.0/node_modules/react-dom/cjs/react-dom-client.development.js:15718:11)
      at recursivelyTraversePassiveMountEffects (node_modules/.pnpm/react-dom@19.2.0_react@19.2.0/node_modules/react-dom/cjs/react-dom-client.development.js:15439:11)
      at commitPassiveMountOnFiber (node_modules/.pnpm/react-dom@19.2.0_react@19.2.0/node_modules/react-dom/cjs/react-dom-client.development.js:15476:11)
      at recursivelyTraversePassiveMountEffects (node_modules/.pnpm/react-dom@19.2.0_react@19.2.0/node_modules/react-dom/cjs/react-dom-client.development.js:15439:11)
      at commitPassiveMountOnFiber (node_modules/.pnpm/react-dom@19.2.0_react@19.2.0/node_modules/react-dom/cjs/react-dom-client.development.js:15476:11)
      at recursivelyTraversePassiveMountEffects (node_modules/.pnpm/react-dom@19.2.0_react@19.2.0/node_modules/react-dom/cjs/react-dom-client.development.js:15439:11)
      at commitPassiveMountOnFiber (node_modules/.pnpm/react-dom@19.2.0_react@19.2.0/node_modules/react-dom/cjs/react-dom-client.development.js:15476:11)
      at recursivelyTraversePassiveMountEffects (node_modules/.pnpm/react-dom@19.2.0_react@19.2.0/node_modules/react-dom/cjs/react-dom-client.development.js:15439:11)
      at commitPassiveMountOnFiber (node_modules/.pnpm/react-dom@19.2.0_react@19.2.0/node_modules/react-dom/cjs/react-dom-client.development.js:15519:11)
      at flushPassiveEffects (node_modules/.pnpm/react-dom@19.2.0_react@19.2.0/node_modules/react-dom/cjs/react-dom-client.development.js:18432:9)
      at flushPendingEffects (node_modules/.pnpm/react-dom@19.2.0_react@19.2.0/node_modules/react-dom/cjs/react-dom-client.development.js:18358:14)
      at flushSpawnedWork (node_modules/.pnpm/react-dom@19.2.0_react@19.2.0/node_modules/react-dom/cjs/react-dom-client.development.js:18323:44)
      at commitRoot (node_modules/.pnpm/react-dom@19.2.0_react@19.2.0/node_modules/react-dom/cjs/react-dom-client.development.js:17955:9)
      at performWorkOnRoot (node_modules/.pnpm/react-dom@19.2.0_react@19.2.0/node_modules/react-dom/cjs/react-dom-client.development.js:16667:15)
      at performSyncWorkOnRoot (node_modules/.pnpm/react-dom@19.2.0_react@19.2.0/node_modules/react-dom/cjs/react-dom-client.development.js:18972:7)
      at flushSyncWorkAcrossRoots_impl (node_modules/.pnpm/react-dom@19.2.0_react@19.2.0/node_modules/react-dom/cjs/react-dom-client.development.js:18814:21)
      at flushSpawnedWork (node_modules/.pnpm/react-dom@19.2.0_react@19.2.0/node_modules/react-dom/cjs/react-dom-client.development.js:18334:9)
      at commitRoot (node_modules/.pnpm/react-dom@19.2.0_react@19.2.0/node_modules/react-dom/cjs/react-dom-client.development.js:17955:9)
      at performWorkOnRoot (node_modules/.pnpm/react-dom@19.2.0_react@19.2.0/node_modules/react-dom/cjs/react-dom-client.development.js:16667:15)
      at performWorkOnRootViaSchedulerTask (node_modules/.pnpm/react-dom@19.2.0_react@19.2.0/node_modules/react-dom/cjs/react-dom-client.development.js:18957:7)
      at flushActQueue (node_modules/.pnpm/react@19.2.0/node_modules/react/cjs/react.development.js:590:34)
      at process.env.NODE_ENV.exports.act (node_modules/.pnpm/react@19.2.0/node_modules/react/cjs/react.development.js:884:10)
      at node_modules/.pnpm/@testing-library+react@16.3_15d474de7481bb0af842c1b1705139a8/node_modules/@testing-library/react/dist/act-compat.js:47:25
      at renderRoot (node_modules/.pnpm/@testing-library+react@16.3_15d474de7481bb0af842c1b1705139a8/node_modules/@testing-library/react/dist/pure.js:190:26)
      at render (node_modules/.pnpm/@testing-library+react@16.3_15d474de7481bb0af842c1b1705139a8/node_modules/@testing-library/react/dist/pure.js:292:10)
      at Object.<anonymous> (src/components/accessible/__tests__/AccessibleModal.test.tsx:468:13)

    console.error
      `DialogContent` requires a `DialogTitle` for the component to be accessible for screen reader users.
      
      If you want to hide the `DialogTitle`, you can wrap it with our VisuallyHidden component.
      
      For more information, see https://radix-ui.com/primitives/docs/components/dialog

    [0m [90m 373 |[39m       [36mreturn[39m[33m;[39m
     [90m 374 |[39m     }
    [31m[1m>[22m[39m[90m 375 |[39m     originalError[33m.[39mcall(console[33m,[39m [33m...[39margs)[33m;[39m
     [90m     |[39m                   [31m[1m^[22m[39m
     [90m 376 |[39m   }[33m;[39m
     [90m 377 |[39m })[33m;[39m
     [90m 378 |[39m[0m

      at console.call [as error] (jest.setup.js:375:19)
      at node_modules/.pnpm/@radix-ui+react-dialog@1.1._664b8f23a65f4708bb5cf27e5ff43c08/node_modules/@radix-ui/react-dialog/src/dialog.tsx:520:30
      at Object.react_stack_bottom_frame (node_modules/.pnpm/react-dom@19.2.0_react@19.2.0/node_modules/react-dom/cjs/react-dom-client.development.js:25989:20)
      at runWithFiberInDEV (node_modules/.pnpm/react-dom@19.2.0_react@19.2.0/node_modules/react-dom/cjs/react-dom-client.development.js:874:13)
      at commitHookEffectListMount (node_modules/.pnpm/react-dom@19.2.0_react@19.2.0/node_modules/react-dom/cjs/react-dom-client.development.js:13249:29)
      at commitHookPassiveMountEffects (node_modules/.pnpm/react-dom@19.2.0_react@19.2.0/node_modules/react-dom/cjs/react-dom-client.development.js:13336:11)
      at commitPassiveMountOnFiber (node_modules/.pnpm/react-dom@19.2.0_react@19.2.0/node_modules/react-dom/cjs/react-dom-client.development.js:15484:13)
      at recursivelyTraversePassiveMountEffects (node_modules/.pnpm/react-dom@19.2.0_react@19.2.0/node_modules/react-dom/cjs/react-dom-client.development.js:15439:11)
      at commitPassiveMountOnFiber (node_modules/.pnpm/react-dom@19.2.0_react@19.2.0/node_modules/react-dom/cjs/react-dom-client.development.js:15718:11)
      at recursivelyTraversePassiveMountEffects (node_modules/.pnpm/react-dom@19.2.0_react@19.2.0/node_modules/react-dom/cjs/react-dom-client.development.js:15439:11)
      at commitPassiveMountOnFiber (node_modules/.pnpm/react-dom@19.2.0_react@19.2.0/node_modules/react-dom/cjs/react-dom-client.development.js:15476:11)
      at recursivelyTraversePassiveMountEffects (node_modules/.pnpm/react-dom@19.2.0_react@19.2.0/node_modules/react-dom/cjs/react-dom-client.development.js:15439:11)
      at commitPassiveMountOnFiber (node_modules/.pnpm/react-dom@19.2.0_react@19.2.0/node_modules/react-dom/cjs/react-dom-client.development.js:15476:11)
      at recursivelyTraversePassiveMountEffects (node_modules/.pnpm/react-dom@19.2.0_react@19.2.0/node_modules/react-dom/cjs/react-dom-client.development.js:15439:11)
      at commitPassiveMountOnFiber (node_modules/.pnpm/react-dom@19.2.0_react@19.2.0/node_modules/react-dom/cjs/react-dom-client.development.js:15476:11)
      at recursivelyTraversePassiveMountEffects (node_modules/.pnpm/react-dom@19.2.0_react@19.2.0/node_modules/react-dom/cjs/react-dom-client.development.js:15439:11)
      at commitPassiveMountOnFiber (node_modules/.pnpm/react-dom@19.2.0_react@19.2.0/node_modules/react-dom/cjs/react-dom-client.development.js:15476:11)
      at recursivelyTraversePassiveMountEffects (node_modules/.pnpm/react-dom@19.2.0_react@19.2.0/node_modules/react-dom/cjs/react-dom-client.development.js:15439:11)
      at commitPassiveMountOnFiber (node_modules/.pnpm/react-dom@19.2.0_react@19.2.0/node_modules/react-dom/cjs/react-dom-client.development.js:15476:11)
      at recursivelyTraversePassiveMountEffects (node_modules/.pnpm/react-dom@19.2.0_react@19.2.0/node_modules/react-dom/cjs/react-dom-client.development.js:15439:11)
      at commitPassiveMountOnFiber (node_modules/.pnpm/react-dom@19.2.0_react@19.2.0/node_modules/react-dom/cjs/react-dom-client.development.js:15476:11)
      at recursivelyTraversePassiveMountEffects (node_modules/.pnpm/react-dom@19.2.0_react@19.2.0/node_modules/react-dom/cjs/react-dom-client.development.js:15439:11)
      at commitPassiveMountOnFiber (node_modules/.pnpm/react-dom@19.2.0_react@19.2.0/node_modules/react-dom/cjs/react-dom-client.development.js:15476:11)
      at recursivelyTraversePassiveMountEffects (node_modules/.pnpm/react-dom@19.2.0_react@19.2.0/node_modules/react-dom/cjs/react-dom-client.development.js:15439:11)
      at commitPassiveMountOnFiber (node_modules/.pnpm/react-dom@19.2.0_react@19.2.0/node_modules/react-dom/cjs/react-dom-client.development.js:15718:11)
      at recursivelyTraversePassiveMountEffects (node_modules/.pnpm/react-dom@19.2.0_react@19.2.0/node_modules/react-dom/cjs/react-dom-client.development.js:15439:11)
      at commitPassiveMountOnFiber (node_modules/.pnpm/react-dom@19.2.0_react@19.2.0/node_modules/react-dom/cjs/react-dom-client.development.js:15476:11)
      at recursivelyTraversePassiveMountEffects (node_modules/.pnpm/react-dom@19.2.0_react@19.2.0/node_modules/react-dom/cjs/react-dom-client.development.js:15439:11)
      at commitPassiveMountOnFiber (node_modules/.pnpm/react-dom@19.2.0_react@19.2.0/node_modules/react-dom/cjs/react-dom-client.development.js:15476:11)
      at recursivelyTraversePassiveMountEffects (node_modules/.pnpm/react-dom@19.2.0_react@19.2.0/node_modules/react-dom/cjs/react-dom-client.development.js:15439:11)
      at commitPassiveMountOnFiber (node_modules/.pnpm/react-dom@19.2.0_react@19.2.0/node_modules/react-dom/cjs/react-dom-client.development.js:15718:11)
      at recursivelyTraversePassiveMountEffects (node_modules/.pnpm/react-dom@19.2.0_react@19.2.0/node_modules/react-dom/cjs/react-dom-client.development.js:15439:11)
      at commitPassiveMountOnFiber (node_modules/.pnpm/react-dom@19.2.0_react@19.2.0/node_modules/react-dom/cjs/react-dom-client.development.js:15476:11)
      at recursivelyTraversePassiveMountEffects (node_modules/.pnpm/react-dom@19.2.0_react@19.2.0/node_modules/react-dom/cjs/react-dom-client.development.js:15439:11)
      at commitPassiveMountOnFiber (node_modules/.pnpm/react-dom@19.2.0_react@19.2.0/node_modules/react-dom/cjs/react-dom-client.development.js:15476:11)
      at recursivelyTraversePassiveMountEffects (node_modules/.pnpm/react-dom@19.2.0_react@19.2.0/node_modules/react-dom/cjs/react-dom-client.development.js:15439:11)
      at commitPassiveMountOnFiber (node_modules/.pnpm/react-dom@19.2.0_react@19.2.0/node_modules/react-dom/cjs/react-dom-client.development.js:15476:11)
      at recursivelyTraversePassiveMountEffects (node_modules/.pnpm/react-dom@19.2.0_react@19.2.0/node_modules/react-dom/cjs/react-dom-client.development.js:15439:11)
      at commitPassiveMountOnFiber (node_modules/.pnpm/react-dom@19.2.0_react@19.2.0/node_modules/react-dom/cjs/react-dom-client.development.js:15718:11)
      at recursivelyTraversePassiveMountEffects (node_modules/.pnpm/react-dom@19.2.0_react@19.2.0/node_modules/react-dom/cjs/react-dom-client.development.js:15439:11)
      at commitPassiveMountOnFiber (node_modules/.pnpm/react-dom@19.2.0_react@19.2.0/node_modules/react-dom/cjs/react-dom-client.development.js:15476:11)
      at recursivelyTraversePassiveMountEffects (node_modules/.pnpm/react-dom@19.2.0_react@19.2.0/node_modules/react-dom/cjs/react-dom-client.development.js:15439:11)
      at commitPassiveMountOnFiber (node_modules/.pnpm/react-dom@19.2.0_react@19.2.0/node_modules/react-dom/cjs/react-dom-client.development.js:15476:11)
      at recursivelyTraversePassiveMountEffects (node_modules/.pnpm/react-dom@19.2.0_react@19.2.0/node_modules/react-dom/cjs/react-dom-client.development.js:15439:11)
      at commitPassiveMountOnFiber (node_modules/.pnpm/react-dom@19.2.0_react@19.2.0/node_modules/react-dom/cjs/react-dom-client.development.js:15476:11)
      at recursivelyTraversePassiveMountEffects (node_modules/.pnpm/react-dom@19.2.0_react@19.2.0/node_modules/react-dom/cjs/react-dom-client.development.js:15439:11)
      at commitPassiveMountOnFiber (node_modules/.pnpm/react-dom@19.2.0_react@19.2.0/node_modules/react-dom/cjs/react-dom-client.development.js:15519:11)
      at flushPassiveEffects (node_modules/.pnpm/react-dom@19.2.0_react@19.2.0/node_modules/react-dom/cjs/react-dom-client.development.js:18432:9)
      at flushPendingEffects (node_modules/.pnpm/react-dom@19.2.0_react@19.2.0/node_modules/react-dom/cjs/react-dom-client.development.js:18358:14)
      at flushSpawnedWork (node_modules/.pnpm/react-dom@19.2.0_react@19.2.0/node_modules/react-dom/cjs/react-dom-client.development.js:18323:44)
      at commitRoot (node_modules/.pnpm/react-dom@19.2.0_react@19.2.0/node_modules/react-dom/cjs/react-dom-client.development.js:17955:9)
      at performWorkOnRoot (node_modules/.pnpm/react-dom@19.2.0_react@19.2.0/node_modules/react-dom/cjs/react-dom-client.development.js:16667:15)
      at performSyncWorkOnRoot (node_modules/.pnpm/react-dom@19.2.0_react@19.2.0/node_modules/react-dom/cjs/react-dom-client.development.js:18972:7)
      at flushSyncWorkAcrossRoots_impl (node_modules/.pnpm/react-dom@19.2.0_react@19.2.0/node_modules/react-dom/cjs/react-dom-client.development.js:18814:21)
      at flushSpawnedWork (node_modules/.pnpm/react-dom@19.2.0_react@19.2.0/node_modules/react-dom/cjs/react-dom-client.development.js:18334:9)
      at commitRoot (node_modules/.pnpm/react-dom@19.2.0_react@19.2.0/node_modules/react-dom/cjs/react-dom-client.development.js:17955:9)
      at performWorkOnRoot (node_modules/.pnpm/react-dom@19.2.0_react@19.2.0/node_modules/react-dom/cjs/react-dom-client.development.js:16667:15)
      at performWorkOnRootViaSchedulerTask (node_modules/.pnpm/react-dom@19.2.0_react@19.2.0/node_modules/react-dom/cjs/react-dom-client.development.js:18957:7)
      at flushActQueue (node_modules/.pnpm/react@19.2.0/node_modules/react/cjs/react.development.js:590:34)
      at process.env.NODE_ENV.exports.act (node_modules/.pnpm/react@19.2.0/node_modules/react/cjs/react.development.js:884:10)
      at node_modules/.pnpm/@testing-library+react@16.3_15d474de7481bb0af842c1b1705139a8/node_modules/@testing-library/react/dist/act-compat.js:47:25
      at renderRoot (node_modules/.pnpm/@testing-library+react@16.3_15d474de7481bb0af842c1b1705139a8/node_modules/@testing-library/react/dist/pure.js:190:26)
      at render (node_modules/.pnpm/@testing-library+react@16.3_15d474de7481bb0af842c1b1705139a8/node_modules/@testing-library/react/dist/pure.js:292:10)
      at Object.<anonymous> (src/components/accessible/__tests__/AccessibleModal.test.tsx:491:13)

    console.error
      `DialogContent` requires a `DialogTitle` for the component to be accessible for screen reader users.
      
      If you want to hide the `DialogTitle`, you can wrap it with our VisuallyHidden component.
      
      For more information, see https://radix-ui.com/primitives/docs/components/dialog

    [0m [90m 373 |[39m       [36mreturn[39m[33m;[39m
     [90m 374 |[39m     }
    [31m[1m>[22m[39m[90m 375 |[39m     originalError[33m.[39mcall(console[33m,[39m [33m...[39margs)[33m;[39m
     [90m     |[39m                   [31m[1m^[22m[39m
     [90m 376 |[39m   }[33m;[39m
     [90m 377 |[39m })[33m;[39m
     [90m 378 |[39m[0m

      at console.call [as error] (jest.setup.js:375:19)
      at node_modules/.pnpm/@radix-ui+react-dialog@1.1._664b8f23a65f4708bb5cf27e5ff43c08/node_modules/@radix-ui/react-dialog/src/dialog.tsx:520:30
      at Object.react_stack_bottom_frame (node_modules/.pnpm/react-dom@19.2.0_react@19.2.0/node_modules/react-dom/cjs/react-dom-client.development.js:25989:20)
      at runWithFiberInDEV (node_modules/.pnpm/react-dom@19.2.0_react@19.2.0/node_modules/react-dom/cjs/react-dom-client.development.js:874:13)
      at commitHookEffectListMount (node_modules/.pnpm/react-dom@19.2.0_react@19.2.0/node_modules/react-dom/cjs/react-dom-client.development.js:13249:29)
      at commitHookPassiveMountEffects (node_modules/.pnpm/react-dom@19.2.0_react@19.2.0/node_modules/react-dom/cjs/react-dom-client.development.js:13336:11)
      at commitPassiveMountOnFiber (node_modules/.pnpm/react-dom@19.2.0_react@19.2.0/node_modules/react-dom/cjs/react-dom-client.development.js:15484:13)
      at recursivelyTraversePassiveMountEffects (node_modules/.pnpm/react-dom@19.2.0_react@19.2.0/node_modules/react-dom/cjs/react-dom-client.development.js:15439:11)
      at commitPassiveMountOnFiber (node_modules/.pnpm/react-dom@19.2.0_react@19.2.0/node_modules/react-dom/cjs/react-dom-client.development.js:15718:11)
      at recursivelyTraversePassiveMountEffects (node_modules/.pnpm/react-dom@19.2.0_react@19.2.0/node_modules/react-dom/cjs/react-dom-client.development.js:15439:11)
      at commitPassiveMountOnFiber (node_modules/.pnpm/react-dom@19.2.0_react@19.2.0/node_modules/react-dom/cjs/react-dom-client.development.js:15476:11)
      at recursivelyTraversePassiveMountEffects (node_modules/.pnpm/react-dom@19.2.0_react@19.2.0/node_modules/react-dom/cjs/react-dom-client.development.js:15439:11)
      at commitPassiveMountOnFiber (node_modules/.pnpm/react-dom@19.2.0_react@19.2.0/node_modules/react-dom/cjs/react-dom-client.development.js:15476:11)
      at recursivelyTraversePassiveMountEffects (node_modules/.pnpm/react-dom@19.2.0_react@19.2.0/node_modules/react-dom/cjs/react-dom-client.development.js:15439:11)
      at commitPassiveMountOnFiber (node_modules/.pnpm/react-dom@19.2.0_react@19.2.0/node_modules/react-dom/cjs/react-dom-client.development.js:15476:11)
      at recursivelyTraversePassiveMountEffects (node_modules/.pnpm/react-dom@19.2.0_react@19.2.0/node_modules/react-dom/cjs/react-dom-client.development.js:15439:11)
      at commitPassiveMountOnFiber (node_modules/.pnpm/react-dom@19.2.0_react@19.2.0/node_modules/react-dom/cjs/react-dom-client.development.js:15476:11)
      at recursivelyTraversePassiveMountEffects (node_modules/.pnpm/react-dom@19.2.0_react@19.2.0/node_modules/react-dom/cjs/react-dom-client.development.js:15439:11)
      at commitPassiveMountOnFiber (node_modules/.pnpm/react-dom@19.2.0_react@19.2.0/node_modules/react-dom/cjs/react-dom-client.development.js:15476:11)
      at recursivelyTraversePassiveMountEffects (node_modules/.pnpm/react-dom@19.2.0_react@19.2.0/node_modules/react-dom/cjs/react-dom-client.development.js:15439:11)
      at commitPassiveMountOnFiber (node_modules/.pnpm/react-dom@19.2.0_react@19.2.0/node_modules/react-dom/cjs/react-dom-client.development.js:15476:11)
      at recursivelyTraversePassiveMountEffects (node_modules/.pnpm/react-dom@19.2.0_react@19.2.0/node_modules/react-dom/cjs/react-dom-client.development.js:15439:11)
      at commitPassiveMountOnFiber (node_modules/.pnpm/react-dom@19.2.0_react@19.2.0/node_modules/react-dom/cjs/react-dom-client.development.js:15476:11)
      at recursivelyTraversePassiveMountEffects (node_modules/.pnpm/react-dom@19.2.0_react@19.2.0/node_modules/react-dom/cjs/react-dom-client.development.js:15439:11)
      at commitPassiveMountOnFiber (node_modules/.pnpm/react-dom@19.2.0_react@19.2.0/node_modules/react-dom/cjs/react-dom-client.development.js:15718:11)
      at recursivelyTraversePassiveMountEffects (node_modules/.pnpm/react-dom@19.2.0_react@19.2.0/node_modules/react-dom/cjs/react-dom-client.development.js:15439:11)
      at commitPassiveMountOnFiber (node_modules/.pnpm/react-dom@19.2.0_react@19.2.0/node_modules/react-dom/cjs/react-dom-client.development.js:15476:11)
      at recursivelyTraversePassiveMountEffects (node_modules/.pnpm/react-dom@19.2.0_react@19.2.0/node_modules/react-dom/cjs/react-dom-client.development.js:15439:11)
      at commitPassiveMountOnFiber (node_modules/.pnpm/react-dom@19.2.0_react@19.2.0/node_modules/react-dom/cjs/react-dom-client.development.js:15476:11)
      at recursivelyTraversePassiveMountEffects (node_modules/.pnpm/react-dom@19.2.0_react@19.2.0/node_modules/react-dom/cjs/react-dom-client.development.js:15439:11)
      at commitPassiveMountOnFiber (node_modules/.pnpm/react-dom@19.2.0_react@19.2.0/node_modules/react-dom/cjs/react-dom-client.development.js:15718:11)
      at recursivelyTraversePassiveMountEffects (node_modules/.pnpm/react-dom@19.2.0_react@19.2.0/node_modules/react-dom/cjs/react-dom-client.development.js:15439:11)
      at commitPassiveMountOnFiber (node_modules/.pnpm/react-dom@19.2.0_react@19.2.0/node_modules/react-dom/cjs/react-dom-client.development.js:15476:11)
      at recursivelyTraversePassiveMountEffects (node_modules/.pnpm/react-dom@19.2.0_react@19.2.0/node_modules/react-dom/cjs/react-dom-client.development.js:15439:11)
      at commitPassiveMountOnFiber (node_modules/.pnpm/react-dom@19.2.0_react@19.2.0/node_modules/react-dom/cjs/react-dom-client.development.js:15476:11)
      at recursivelyTraversePassiveMountEffects (node_modules/.pnpm/react-dom@19.2.0_react@19.2.0/node_modules/react-dom/cjs/react-dom-client.development.js:15439:11)
      at commitPassiveMountOnFiber (node_modules/.pnpm/react-dom@19.2.0_react@19.2.0/node_modules/react-dom/cjs/react-dom-client.development.js:15476:11)
      at recursivelyTraversePassiveMountEffects (node_modules/.pnpm/react-dom@19.2.0_react@19.2.0/node_modules/react-dom/cjs/react-dom-client.development.js:15439:11)
      at commitPassiveMountOnFiber (node_modules/.pnpm/react-dom@19.2.0_react@19.2.0/node_modules/react-dom/cjs/react-dom-client.development.js:15718:11)
      at recursivelyTraversePassiveMountEffects (node_modules/.pnpm/react-dom@19.2.0_react@19.2.0/node_modules/react-dom/cjs/react-dom-client.development.js:15439:11)
      at commitPassiveMountOnFiber (node_modules/.pnpm/react-dom@19.2.0_react@19.2.0/node_modules/react-dom/cjs/react-dom-client.development.js:15476:11)
      at recursivelyTraversePassiveMountEffects (node_modules/.pnpm/react-dom@19.2.0_react@19.2.0/node_modules/react-dom/cjs/react-dom-client.development.js:15439:11)
      at commitPassiveMountOnFiber (node_modules/.pnpm/react-dom@19.2.0_react@19.2.0/node_modules/react-dom/cjs/react-dom-client.development.js:15476:11)
      at recursivelyTraversePassiveMountEffects (node_modules/.pnpm/react-dom@19.2.0_react@19.2.0/node_modules/react-dom/cjs/react-dom-client.development.js:15439:11)
      at commitPassiveMountOnFiber (node_modules/.pnpm/react-dom@19.2.0_react@19.2.0/node_modules/react-dom/cjs/react-dom-client.development.js:15476:11)
      at recursivelyTraversePassiveMountEffects (node_modules/.pnpm/react-dom@19.2.0_react@19.2.0/node_modules/react-dom/cjs/react-dom-client.development.js:15439:11)
      at commitPassiveMountOnFiber (node_modules/.pnpm/react-dom@19.2.0_react@19.2.0/node_modules/react-dom/cjs/react-dom-client.development.js:15519:11)
      at flushPassiveEffects (node_modules/.pnpm/react-dom@19.2.0_react@19.2.0/node_modules/react-dom/cjs/react-dom-client.development.js:18432:9)
      at flushPendingEffects (node_modules/.pnpm/react-dom@19.2.0_react@19.2.0/node_modules/react-dom/cjs/react-dom-client.development.js:18358:14)
      at flushSpawnedWork (node_modules/.pnpm/react-dom@19.2.0_react@19.2.0/node_modules/react-dom/cjs/react-dom-client.development.js:18323:44)
      at commitRoot (node_modules/.pnpm/react-dom@19.2.0_react@19.2.0/node_modules/react-dom/cjs/react-dom-client.development.js:17955:9)
      at performWorkOnRoot (node_modules/.pnpm/react-dom@19.2.0_react@19.2.0/node_modules/react-dom/cjs/react-dom-client.development.js:16667:15)
      at performSyncWorkOnRoot (node_modules/.pnpm/react-dom@19.2.0_react@19.2.0/node_modules/react-dom/cjs/react-dom-client.development.js:18972:7)
      at flushSyncWorkAcrossRoots_impl (node_modules/.pnpm/react-dom@19.2.0_react@19.2.0/node_modules/react-dom/cjs/react-dom-client.development.js:18814:21)
      at flushSpawnedWork (node_modules/.pnpm/react-dom@19.2.0_react@19.2.0/node_modules/react-dom/cjs/react-dom-client.development.js:18334:9)
      at commitRoot (node_modules/.pnpm/react-dom@19.2.0_react@19.2.0/node_modules/react-dom/cjs/react-dom-client.development.js:17955:9)
      at performWorkOnRoot (node_modules/.pnpm/react-dom@19.2.0_react@19.2.0/node_modules/react-dom/cjs/react-dom-client.development.js:16667:15)
      at performWorkOnRootViaSchedulerTask (node_modules/.pnpm/react-dom@19.2.0_react@19.2.0/node_modules/react-dom/cjs/react-dom-client.development.js:18957:7)
      at flushActQueue (node_modules/.pnpm/react@19.2.0/node_modules/react/cjs/react.development.js:590:34)
      at process.env.NODE_ENV.exports.act (node_modules/.pnpm/react@19.2.0/node_modules/react/cjs/react.development.js:884:10)
      at node_modules/.pnpm/@testing-library+react@16.3_15d474de7481bb0af842c1b1705139a8/node_modules/@testing-library/react/dist/act-compat.js:47:25
      at renderRoot (node_modules/.pnpm/@testing-library+react@16.3_15d474de7481bb0af842c1b1705139a8/node_modules/@testing-library/react/dist/pure.js:190:26)
      at render (node_modules/.pnpm/@testing-library+react@16.3_15d474de7481bb0af842c1b1705139a8/node_modules/@testing-library/react/dist/pure.js:292:10)
      at Object.<anonymous> (src/components/accessible/__tests__/AccessibleModal.test.tsx:514:13)

    console.error
      `DialogContent` requires a `DialogTitle` for the component to be accessible for screen reader users.
      
      If you want to hide the `DialogTitle`, you can wrap it with our VisuallyHidden component.
      
      For more information, see https://radix-ui.com/primitives/docs/components/dialog

    [0m [90m 373 |[39m       [36mreturn[39m[33m;[39m
     [90m 374 |[39m     }
    [31m[1m>[22m[39m[90m 375 |[39m     originalError[33m.[39mcall(console[33m,[39m [33m...[39margs)[33m;[39m
     [90m     |[39m                   [31m[1m^[22m[39m
     [90m 376 |[39m   }[33m;[39m
     [90m 377 |[39m })[33m;[39m
     [90m 378 |[39m[0m

      at console.call [as error] (jest.setup.js:375:19)
      at node_modules/.pnpm/@radix-ui+react-dialog@1.1._664b8f23a65f4708bb5cf27e5ff43c08/node_modules/@radix-ui/react-dialog/src/dialog.tsx:520:30
      at Object.react_stack_bottom_frame (node_modules/.pnpm/react-dom@19.2.0_react@19.2.0/node_modules/react-dom/cjs/react-dom-client.development.js:25989:20)
      at runWithFiberInDEV (node_modules/.pnpm/react-dom@19.2.0_react@19.2.0/node_modules/react-dom/cjs/react-dom-client.development.js:874:13)
      at commitHookEffectListMount (node_modules/.pnpm/react-dom@19.2.0_react@19.2.0/node_modules/react-dom/cjs/react-dom-client.development.js:13249:29)
      at commitHookPassiveMountEffects (node_modules/.pnpm/react-dom@19.2.0_react@19.2.0/node_modules/react-dom/cjs/react-dom-client.development.js:13336:11)
      at commitPassiveMountOnFiber (node_modules/.pnpm/react-dom@19.2.0_react@19.2.0/node_modules/react-dom/cjs/react-dom-client.development.js:15484:13)
      at recursivelyTraversePassiveMountEffects (node_modules/.pnpm/react-dom@19.2.0_react@19.2.0/node_modules/react-dom/cjs/react-dom-client.development.js:15439:11)
      at commitPassiveMountOnFiber (node_modules/.pnpm/react-dom@19.2.0_react@19.2.0/node_modules/react-dom/cjs/react-dom-client.development.js:15718:11)
      at recursivelyTraversePassiveMountEffects (node_modules/.pnpm/react-dom@19.2.0_react@19.2.0/node_modules/react-dom/cjs/react-dom-client.development.js:15439:11)
      at commitPassiveMountOnFiber (node_modules/.pnpm/react-dom@19.2.0_react@19.2.0/node_modules/react-dom/cjs/react-dom-client.development.js:15476:11)
      at recursivelyTraversePassiveMountEffects (node_modules/.pnpm/react-dom@19.2.0_react@19.2.0/node_modules/react-dom/cjs/react-dom-client.development.js:15439:11)
      at commitPassiveMountOnFiber (node_modules/.pnpm/react-dom@19.2.0_react@19.2.0/node_modules/react-dom/cjs/react-dom-client.development.js:15476:11)
      at recursivelyTraversePassiveMountEffects (node_modules/.pnpm/react-dom@19.2.0_react@19.2.0/node_modules/react-dom/cjs/react-dom-client.development.js:15439:11)
      at commitPassiveMountOnFiber (node_modules/.pnpm/react-dom@19.2.0_react@19.2.0/node_modules/react-dom/cjs/react-dom-client.development.js:15476:11)
      at recursivelyTraversePassiveMountEffects (node_modules/.pnpm/react-dom@19.2.0_react@19.2.0/node_modules/react-dom/cjs/react-dom-client.development.js:15439:11)
      at commitPassiveMountOnFiber (node_modules/.pnpm/react-dom@19.2.0_react@19.2.0/node_modules/react-dom/cjs/react-dom-client.development.js:15476:11)
      at recursivelyTraversePassiveMountEffects (node_modules/.pnpm/react-dom@19.2.0_react@19.2.0/node_modules/react-dom/cjs/react-dom-client.development.js:15439:11)
      at commitPassiveMountOnFiber (node_modules/.pnpm/react-dom@19.2.0_react@19.2.0/node_modules/react-dom/cjs/react-dom-client.development.js:15476:11)
      at recursivelyTraversePassiveMountEffects (node_modules/.pnpm/react-dom@19.2.0_react@19.2.0/node_modules/react-dom/cjs/react-dom-client.development.js:15439:11)
      at commitPassiveMountOnFiber (node_modules/.pnpm/react-dom@19.2.0_react@19.2.0/node_modules/react-dom/cjs/react-dom-client.development.js:15476:11)
      at recursivelyTraversePassiveMountEffects (node_modules/.pnpm/react-dom@19.2.0_react@19.2.0/node_modules/react-dom/cjs/react-dom-client.development.js:15439:11)
      at commitPassiveMountOnFiber (node_modules/.pnpm/react-dom@19.2.0_react@19.2.0/node_modules/react-dom/cjs/react-dom-client.development.js:15476:11)
      at recursivelyTraversePassiveMountEffects (node_modules/.pnpm/react-dom@19.2.0_react@19.2.0/node_modules/react-dom/cjs/react-dom-client.development.js:15439:11)
      at commitPassiveMountOnFiber (node_modules/.pnpm/react-dom@19.2.0_react@19.2.0/node_modules/react-dom/cjs/react-dom-client.development.js:15718:11)
      at recursivelyTraversePassiveMountEffects (node_modules/.pnpm/react-dom@19.2.0_react@19.2.0/node_modules/react-dom/cjs/react-dom-client.development.js:15439:11)
      at commitPassiveMountOnFiber (node_modules/.pnpm/react-dom@19.2.0_react@19.2.0/node_modules/react-dom/cjs/react-dom-client.development.js:15476:11)
      at recursivelyTraversePassiveMountEffects (node_modules/.pnpm/react-dom@19.2.0_react@19.2.0/node_modules/react-dom/cjs/react-dom-client.development.js:15439:11)
      at commitPassiveMountOnFiber (node_modules/.pnpm/react-dom@19.2.0_react@19.2.0/node_modules/react-dom/cjs/react-dom-client.development.js:15476:11)
      at recursivelyTraversePassiveMountEffects (node_modules/.pnpm/react-dom@19.2.0_react@19.2.0/node_modules/react-dom/cjs/react-dom-client.development.js:15439:11)
      at commitPassiveMountOnFiber (node_modules/.pnpm/react-dom@19.2.0_react@19.2.0/node_modules/react-dom/cjs/react-dom-client.development.js:15718:11)
      at recursivelyTraversePassiveMountEffects (node_modules/.pnpm/react-dom@19.2.0_react@19.2.0/node_modules/react-dom/cjs/react-dom-client.development.js:15439:11)
      at commitPassiveMountOnFiber (node_modules/.pnpm/react-dom@19.2.0_react@19.2.0/node_modules/react-dom/cjs/react-dom-client.development.js:15476:11)
      at recursivelyTraversePassiveMountEffects (node_modules/.pnpm/react-dom@19.2.0_react@19.2.0/node_modules/react-dom/cjs/react-dom-client.development.js:15439:11)
      at commitPassiveMountOnFiber (node_modules/.pnpm/react-dom@19.2.0_react@19.2.0/node_modules/react-dom/cjs/react-dom-client.development.js:15476:11)
      at recursivelyTraversePassiveMountEffects (node_modules/.pnpm/react-dom@19.2.0_react@19.2.0/node_modules/react-dom/cjs/react-dom-client.development.js:15439:11)
      at commitPassiveMountOnFiber (node_modules/.pnpm/react-dom@19.2.0_react@19.2.0/node_modules/react-dom/cjs/react-dom-client.development.js:15476:11)
      at recursivelyTraversePassiveMountEffects (node_modules/.pnpm/react-dom@19.2.0_react@19.2.0/node_modules/react-dom/cjs/react-dom-client.development.js:15439:11)
      at commitPassiveMountOnFiber (node_modules/.pnpm/react-dom@19.2.0_react@19.2.0/node_modules/react-dom/cjs/react-dom-client.development.js:15718:11)
      at recursivelyTraversePassiveMountEffects (node_modules/.pnpm/react-dom@19.2.0_react@19.2.0/node_modules/react-dom/cjs/react-dom-client.development.js:15439:11)
      at commitPassiveMountOnFiber (node_modules/.pnpm/react-dom@19.2.0_react@19.2.0/node_modules/react-dom/cjs/react-dom-client.development.js:15476:11)
      at recursivelyTraversePassiveMountEffects (node_modules/.pnpm/react-dom@19.2.0_react@19.2.0/node_modules/react-dom/cjs/react-dom-client.development.js:15439:11)
      at commitPassiveMountOnFiber (node_modules/.pnpm/react-dom@19.2.0_react@19.2.0/node_modules/react-dom/cjs/react-dom-client.development.js:15476:11)
      at recursivelyTraversePassiveMountEffects (node_modules/.pnpm/react-dom@19.2.0_react@19.2.0/node_modules/react-dom/cjs/react-dom-client.development.js:15439:11)
      at commitPassiveMountOnFiber (node_modules/.pnpm/react-dom@19.2.0_react@19.2.0/node_modules/react-dom/cjs/react-dom-client.development.js:15476:11)
      at recursivelyTraversePassiveMountEffects (node_modules/.pnpm/react-dom@19.2.0_react@19.2.0/node_modules/react-dom/cjs/react-dom-client.development.js:15439:11)
      at commitPassiveMountOnFiber (node_modules/.pnpm/react-dom@19.2.0_react@19.2.0/node_modules/react-dom/cjs/react-dom-client.development.js:15519:11)
      at flushPassiveEffects (node_modules/.pnpm/react-dom@19.2.0_react@19.2.0/node_modules/react-dom/cjs/react-dom-client.development.js:18432:9)
      at flushPendingEffects (node_modules/.pnpm/react-dom@19.2.0_react@19.2.0/node_modules/react-dom/cjs/react-dom-client.development.js:18358:14)
      at flushSpawnedWork (node_modules/.pnpm/react-dom@19.2.0_react@19.2.0/node_modules/react-dom/cjs/react-dom-client.development.js:18323:44)
      at commitRoot (node_modules/.pnpm/react-dom@19.2.0_react@19.2.0/node_modules/react-dom/cjs/react-dom-client.development.js:17955:9)
      at performWorkOnRoot (node_modules/.pnpm/react-dom@19.2.0_react@19.2.0/node_modules/react-dom/cjs/react-dom-client.development.js:16667:15)
      at performSyncWorkOnRoot (node_modules/.pnpm/react-dom@19.2.0_react@19.2.0/node_modules/react-dom/cjs/react-dom-client.development.js:18972:7)
      at flushSyncWorkAcrossRoots_impl (node_modules/.pnpm/react-dom@19.2.0_react@19.2.0/node_modules/react-dom/cjs/react-dom-client.development.js:18814:21)
      at flushSpawnedWork (node_modules/.pnpm/react-dom@19.2.0_react@19.2.0/node_modules/react-dom/cjs/react-dom-client.development.js:18334:9)
      at commitRoot (node_modules/.pnpm/react-dom@19.2.0_react@19.2.0/node_modules/react-dom/cjs/react-dom-client.development.js:17955:9)
      at performWorkOnRoot (node_modules/.pnpm/react-dom@19.2.0_react@19.2.0/node_modules/react-dom/cjs/react-dom-client.development.js:16667:15)
      at performWorkOnRootViaSchedulerTask (node_modules/.pnpm/react-dom@19.2.0_react@19.2.0/node_modules/react-dom/cjs/react-dom-client.development.js:18957:7)
      at flushActQueue (node_modules/.pnpm/react@19.2.0/node_modules/react/cjs/react.development.js:590:34)
      at process.env.NODE_ENV.exports.act (node_modules/.pnpm/react@19.2.0/node_modules/react/cjs/react.development.js:884:10)
      at node_modules/.pnpm/@testing-library+react@16.3_15d474de7481bb0af842c1b1705139a8/node_modules/@testing-library/react/dist/act-compat.js:47:25
      at renderRoot (node_modules/.pnpm/@testing-library+react@16.3_15d474de7481bb0af842c1b1705139a8/node_modules/@testing-library/react/dist/pure.js:190:26)
      at render (node_modules/.pnpm/@testing-library+react@16.3_15d474de7481bb0af842c1b1705139a8/node_modules/@testing-library/react/dist/pure.js:292:10)
      at Object.<anonymous> (src/components/accessible/__tests__/AccessibleModal.test.tsx:527:13)

    console.error
      `DialogContent` requires a `DialogTitle` for the component to be accessible for screen reader users.
      
      If you want to hide the `DialogTitle`, you can wrap it with our VisuallyHidden component.
      
      For more information, see https://radix-ui.com/primitives/docs/components/dialog

    [0m [90m 373 |[39m       [36mreturn[39m[33m;[39m
     [90m 374 |[39m     }
    [31m[1m>[22m[39m[90m 375 |[39m     originalError[33m.[39mcall(console[33m,[39m [33m...[39margs)[33m;[39m
     [90m     |[39m                   [31m[1m^[22m[39m
     [90m 376 |[39m   }[33m;[39m
     [90m 377 |[39m })[33m;[39m
     [90m 378 |[39m[0m

      at console.call [as error] (jest.setup.js:375:19)
      at node_modules/.pnpm/@radix-ui+react-dialog@1.1._664b8f23a65f4708bb5cf27e5ff43c08/node_modules/@radix-ui/react-dialog/src/dialog.tsx:520:30
      at Object.react_stack_bottom_frame (node_modules/.pnpm/react-dom@19.2.0_react@19.2.0/node_modules/react-dom/cjs/react-dom-client.development.js:25989:20)
      at runWithFiberInDEV (node_modules/.pnpm/react-dom@19.2.0_react@19.2.0/node_modules/react-dom/cjs/react-dom-client.development.js:874:13)
      at commitHookEffectListMount (node_modules/.pnpm/react-dom@19.2.0_react@19.2.0/node_modules/react-dom/cjs/react-dom-client.development.js:13249:29)
      at commitHookPassiveMountEffects (node_modules/.pnpm/react-dom@19.2.0_react@19.2.0/node_modules/react-dom/cjs/react-dom-client.development.js:13336:11)
      at commitPassiveMountOnFiber (node_modules/.pnpm/react-dom@19.2.0_react@19.2.0/node_modules/react-dom/cjs/react-dom-client.development.js:15484:13)
      at recursivelyTraversePassiveMountEffects (node_modules/.pnpm/react-dom@19.2.0_react@19.2.0/node_modules/react-dom/cjs/react-dom-client.development.js:15439:11)
      at commitPassiveMountOnFiber (node_modules/.pnpm/react-dom@19.2.0_react@19.2.0/node_modules/react-dom/cjs/react-dom-client.development.js:15718:11)
      at recursivelyTraversePassiveMountEffects (node_modules/.pnpm/react-dom@19.2.0_react@19.2.0/node_modules/react-dom/cjs/react-dom-client.development.js:15439:11)
      at commitPassiveMountOnFiber (node_modules/.pnpm/react-dom@19.2.0_react@19.2.0/node_modules/react-dom/cjs/react-dom-client.development.js:15476:11)
      at recursivelyTraversePassiveMountEffects (node_modules/.pnpm/react-dom@19.2.0_react@19.2.0/node_modules/react-dom/cjs/react-dom-client.development.js:15439:11)
      at commitPassiveMountOnFiber (node_modules/.pnpm/react-dom@19.2.0_react@19.2.0/node_modules/react-dom/cjs/react-dom-client.development.js:15476:11)
      at recursivelyTraversePassiveMountEffects (node_modules/.pnpm/react-dom@19.2.0_react@19.2.0/node_modules/react-dom/cjs/react-dom-client.development.js:15439:11)
      at commitPassiveMountOnFiber (node_modules/.pnpm/react-dom@19.2.0_react@19.2.0/node_modules/react-dom/cjs/react-dom-client.development.js:15476:11)
      at recursivelyTraversePassiveMountEffects (node_modules/.pnpm/react-dom@19.2.0_react@19.2.0/node_modules/react-dom/cjs/react-dom-client.development.js:15439:11)
      at commitPassiveMountOnFiber (node_modules/.pnpm/react-dom@19.2.0_react@19.2.0/node_modules/react-dom/cjs/react-dom-client.development.js:15476:11)
      at recursivelyTraversePassiveMountEffects (node_modules/.pnpm/react-dom@19.2.0_react@19.2.0/node_modules/react-dom/cjs/react-dom-client.development.js:15439:11)
      at commitPassiveMountOnFiber (node_modules/.pnpm/react-dom@19.2.0_react@19.2.0/node_modules/react-dom/cjs/react-dom-client.development.js:15476:11)
      at recursivelyTraversePassiveMountEffects (node_modules/.pnpm/react-dom@19.2.0_react@19.2.0/node_modules/react-dom/cjs/react-dom-client.development.js:15439:11)
      at commitPassiveMountOnFiber (node_modules/.pnpm/react-dom@19.2.0_react@19.2.0/node_modules/react-dom/cjs/react-dom-client.development.js:15476:11)
      at recursivelyTraversePassiveMountEffects (node_modules/.pnpm/react-dom@19.2.0_react@19.2.0/node_modules/react-dom/cjs/react-dom-client.development.js:15439:11)
      at commitPassiveMountOnFiber (node_modules/.pnpm/react-dom@19.2.0_react@19.2.0/node_modules/react-dom/cjs/react-dom-client.development.js:15476:11)
      at recursivelyTraversePassiveMountEffects (node_modules/.pnpm/react-dom@19.2.0_react@19.2.0/node_modules/react-dom/cjs/react-dom-client.development.js:15439:11)
      at commitPassiveMountOnFiber (node_modules/.pnpm/react-dom@19.2.0_react@19.2.0/node_modules/react-dom/cjs/react-dom-client.development.js:15718:11)
      at recursivelyTraversePassiveMountEffects (node_modules/.pnpm/react-dom@19.2.0_react@19.2.0/node_modules/react-dom/cjs/react-dom-client.development.js:15439:11)
      at commitPassiveMountOnFiber (node_modules/.pnpm/react-dom@19.2.0_react@19.2.0/node_modules/react-dom/cjs/react-dom-client.development.js:15476:11)
      at recursivelyTraversePassiveMountEffects (node_modules/.pnpm/react-dom@19.2.0_react@19.2.0/node_modules/react-dom/cjs/react-dom-client.development.js:15439:11)
      at commitPassiveMountOnFiber (node_modules/.pnpm/react-dom@19.2.0_react@19.2.0/node_modules/react-dom/cjs/react-dom-client.development.js:15476:11)
      at recursivelyTraversePassiveMountEffects (node_modules/.pnpm/react-dom@19.2.0_react@19.2.0/node_modules/react-dom/cjs/react-dom-client.development.js:15439:11)
      at commitPassiveMountOnFiber (node_modules/.pnpm/react-dom@19.2.0_react@19.2.0/node_modules/react-dom/cjs/react-dom-client.development.js:15718:11)
      at recursivelyTraversePassiveMountEffects (node_modules/.pnpm/react-dom@19.2.0_react@19.2.0/node_modules/react-dom/cjs/react-dom-client.development.js:15439:11)
      at commitPassiveMountOnFiber (node_modules/.pnpm/react-dom@19.2.0_react@19.2.0/node_modules/react-dom/cjs/react-dom-client.development.js:15476:11)
      at recursivelyTraversePassiveMountEffects (node_modules/.pnpm/react-dom@19.2.0_react@19.2.0/node_modules/react-dom/cjs/react-dom-client.development.js:15439:11)
      at commitPassiveMountOnFiber (node_modules/.pnpm/react-dom@19.2.0_react@19.2.0/node_modules/react-dom/cjs/react-dom-client.development.js:15476:11)
      at recursivelyTraversePassiveMountEffects (node_modules/.pnpm/react-dom@19.2.0_react@19.2.0/node_modules/react-dom/cjs/react-dom-client.development.js:15439:11)
      at commitPassiveMountOnFiber (node_modules/.pnpm/react-dom@19.2.0_react@19.2.0/node_modules/react-dom/cjs/react-dom-client.development.js:15476:11)
      at recursivelyTraversePassiveMountEffects (node_modules/.pnpm/react-dom@19.2.0_react@19.2.0/node_modules/react-dom/cjs/react-dom-client.development.js:15439:11)
      at commitPassiveMountOnFiber (node_modules/.pnpm/react-dom@19.2.0_react@19.2.0/node_modules/react-dom/cjs/react-dom-client.development.js:15718:11)
      at recursivelyTraversePassiveMountEffects (node_modules/.pnpm/react-dom@19.2.0_react@19.2.0/node_modules/react-dom/cjs/react-dom-client.development.js:15439:11)
      at commitPassiveMountOnFiber (node_modules/.pnpm/react-dom@19.2.0_react@19.2.0/node_modules/react-dom/cjs/react-dom-client.development.js:15476:11)
      at recursivelyTraversePassiveMountEffects (node_modules/.pnpm/react-dom@19.2.0_react@19.2.0/node_modules/react-dom/cjs/react-dom-client.development.js:15439:11)
      at commitPassiveMountOnFiber (node_modules/.pnpm/react-dom@19.2.0_react@19.2.0/node_modules/react-dom/cjs/react-dom-client.development.js:15476:11)
      at recursivelyTraversePassiveMountEffects (node_modules/.pnpm/react-dom@19.2.0_react@19.2.0/node_modules/react-dom/cjs/react-dom-client.development.js:15439:11)
      at commitPassiveMountOnFiber (node_modules/.pnpm/react-dom@19.2.0_react@19.2.0/node_modules/react-dom/cjs/react-dom-client.development.js:15476:11)
      at recursivelyTraversePassiveMountEffects (node_modules/.pnpm/react-dom@19.2.0_react@19.2.0/node_modules/react-dom/cjs/react-dom-client.development.js:15439:11)
      at commitPassiveMountOnFiber (node_modules/.pnpm/react-dom@19.2.0_react@19.2.0/node_modules/react-dom/cjs/react-dom-client.development.js:15519:11)
      at flushPassiveEffects (node_modules/.pnpm/react-dom@19.2.0_react@19.2.0/node_modules/react-dom/cjs/react-dom-client.development.js:18432:9)
      at flushPendingEffects (node_modules/.pnpm/react-dom@19.2.0_react@19.2.0/node_modules/react-dom/cjs/react-dom-client.development.js:18358:14)
      at flushSpawnedWork (node_modules/.pnpm/react-dom@19.2.0_react@19.2.0/node_modules/react-dom/cjs/react-dom-client.development.js:18323:44)
      at commitRoot (node_modules/.pnpm/react-dom@19.2.0_react@19.2.0/node_modules/react-dom/cjs/react-dom-client.development.js:17955:9)
      at performWorkOnRoot (node_modules/.pnpm/react-dom@19.2.0_react@19.2.0/node_modules/react-dom/cjs/react-dom-client.development.js:16667:15)
      at performSyncWorkOnRoot (node_modules/.pnpm/react-dom@19.2.0_react@19.2.0/node_modules/react-dom/cjs/react-dom-client.development.js:18972:7)
      at flushSyncWorkAcrossRoots_impl (node_modules/.pnpm/react-dom@19.2.0_react@19.2.0/node_modules/react-dom/cjs/react-dom-client.development.js:18814:21)
      at flushSpawnedWork (node_modules/.pnpm/react-dom@19.2.0_react@19.2.0/node_modules/react-dom/cjs/react-dom-client.development.js:18334:9)
      at commitRoot (node_modules/.pnpm/react-dom@19.2.0_react@19.2.0/node_modules/react-dom/cjs/react-dom-client.development.js:17955:9)
      at performWorkOnRoot (node_modules/.pnpm/react-dom@19.2.0_react@19.2.0/node_modules/react-dom/cjs/react-dom-client.development.js:16667:15)
      at performWorkOnRootViaSchedulerTask (node_modules/.pnpm/react-dom@19.2.0_react@19.2.0/node_modules/react-dom/cjs/react-dom-client.development.js:18957:7)
      at flushActQueue (node_modules/.pnpm/react@19.2.0/node_modules/react/cjs/react.development.js:590:34)
      at process.env.NODE_ENV.exports.act (node_modules/.pnpm/react@19.2.0/node_modules/react/cjs/react.development.js:884:10)
      at node_modules/.pnpm/@testing-library+react@16.3_15d474de7481bb0af842c1b1705139a8/node_modules/@testing-library/react/dist/act-compat.js:47:25
      at renderRoot (node_modules/.pnpm/@testing-library+react@16.3_15d474de7481bb0af842c1b1705139a8/node_modules/@testing-library/react/dist/pure.js:190:26)
      at render (node_modules/.pnpm/@testing-library+react@16.3_15d474de7481bb0af842c1b1705139a8/node_modules/@testing-library/react/dist/pure.js:292:10)
      at Object.<anonymous> (src/components/accessible/__tests__/AccessibleModal.test.tsx:540:13)

    console.error
      `DialogContent` requires a `DialogTitle` for the component to be accessible for screen reader users.
      
      If you want to hide the `DialogTitle`, you can wrap it with our VisuallyHidden component.
      
      For more information, see https://radix-ui.com/primitives/docs/components/dialog

    [0m [90m 373 |[39m       [36mreturn[39m[33m;[39m
     [90m 374 |[39m     }
    [31m[1m>[22m[39m[90m 375 |[39m     originalError[33m.[39mcall(console[33m,[39m [33m...[39margs)[33m;[39m
     [90m     |[39m                   [31m[1m^[22m[39m
     [90m 376 |[39m   }[33m;[39m
     [90m 377 |[39m })[33m;[39m
     [90m 378 |[39m[0m

      at console.call [as error] (jest.setup.js:375:19)
      at node_modules/.pnpm/@radix-ui+react-dialog@1.1._664b8f23a65f4708bb5cf27e5ff43c08/node_modules/@radix-ui/react-dialog/src/dialog.tsx:520:30
      at Object.react_stack_bottom_frame (node_modules/.pnpm/react-dom@19.2.0_react@19.2.0/node_modules/react-dom/cjs/react-dom-client.development.js:25989:20)
      at runWithFiberInDEV (node_modules/.pnpm/react-dom@19.2.0_react@19.2.0/node_modules/react-dom/cjs/react-dom-client.development.js:874:13)
      at commitHookEffectListMount (node_modules/.pnpm/react-dom@19.2.0_react@19.2.0/node_modules/react-dom/cjs/react-dom-client.development.js:13249:29)
      at commitHookPassiveMountEffects (node_modules/.pnpm/react-dom@19.2.0_react@19.2.0/node_modules/react-dom/cjs/react-dom-client.development.js:13336:11)
      at commitPassiveMountOnFiber (node_modules/.pnpm/react-dom@19.2.0_react@19.2.0/node_modules/react-dom/cjs/react-dom-client.development.js:15484:13)
      at recursivelyTraversePassiveMountEffects (node_modules/.pnpm/react-dom@19.2.0_react@19.2.0/node_modules/react-dom/cjs/react-dom-client.development.js:15439:11)
      at commitPassiveMountOnFiber (node_modules/.pnpm/react-dom@19.2.0_react@19.2.0/node_modules/react-dom/cjs/react-dom-client.development.js:15718:11)
      at recursivelyTraversePassiveMountEffects (node_modules/.pnpm/react-dom@19.2.0_react@19.2.0/node_modules/react-dom/cjs/react-dom-client.development.js:15439:11)
      at commitPassiveMountOnFiber (node_modules/.pnpm/react-dom@19.2.0_react@19.2.0/node_modules/react-dom/cjs/react-dom-client.development.js:15476:11)
      at recursivelyTraversePassiveMountEffects (node_modules/.pnpm/react-dom@19.2.0_react@19.2.0/node_modules/react-dom/cjs/react-dom-client.development.js:15439:11)
      at commitPassiveMountOnFiber (node_modules/.pnpm/react-dom@19.2.0_react@19.2.0/node_modules/react-dom/cjs/react-dom-client.development.js:15476:11)
      at recursivelyTraversePassiveMountEffects (node_modules/.pnpm/react-dom@19.2.0_react@19.2.0/node_modules/react-dom/cjs/react-dom-client.development.js:15439:11)
      at commitPassiveMountOnFiber (node_modules/.pnpm/react-dom@19.2.0_react@19.2.0/node_modules/react-dom/cjs/react-dom-client.development.js:15476:11)
      at recursivelyTraversePassiveMountEffects (node_modules/.pnpm/react-dom@19.2.0_react@19.2.0/node_modules/react-dom/cjs/react-dom-client.development.js:15439:11)
      at commitPassiveMountOnFiber (node_modules/.pnpm/react-dom@19.2.0_react@19.2.0/node_modules/react-dom/cjs/react-dom-client.development.js:15476:11)
      at recursivelyTraversePassiveMountEffects (node_modules/.pnpm/react-dom@19.2.0_react@19.2.0/node_modules/react-dom/cjs/react-dom-client.development.js:15439:11)
      at commitPassiveMountOnFiber (node_modules/.pnpm/react-dom@19.2.0_react@19.2.0/node_modules/react-dom/cjs/react-dom-client.development.js:15476:11)
      at recursivelyTraversePassiveMountEffects (node_modules/.pnpm/react-dom@19.2.0_react@19.2.0/node_modules/react-dom/cjs/react-dom-client.development.js:15439:11)
      at commitPassiveMountOnFiber (node_modules/.pnpm/react-dom@19.2.0_react@19.2.0/node_modules/react-dom/cjs/react-dom-client.development.js:15476:11)
      at recursivelyTraversePassiveMountEffects (node_modules/.pnpm/react-dom@19.2.0_react@19.2.0/node_modules/react-dom/cjs/react-dom-client.development.js:15439:11)
      at commitPassiveMountOnFiber (node_modules/.pnpm/react-dom@19.2.0_react@19.2.0/node_modules/react-dom/cjs/react-dom-client.development.js:15476:11)
      at recursivelyTraversePassiveMountEffects (node_modules/.pnpm/react-dom@19.2.0_react@19.2.0/node_modules/react-dom/cjs/react-dom-client.development.js:15439:11)
      at commitPassiveMountOnFiber (node_modules/.pnpm/react-dom@19.2.0_react@19.2.0/node_modules/react-dom/cjs/react-dom-client.development.js:15718:11)
      at recursivelyTraversePassiveMountEffects (node_modules/.pnpm/react-dom@19.2.0_react@19.2.0/node_modules/react-dom/cjs/react-dom-client.development.js:15439:11)
      at commitPassiveMountOnFiber (node_modules/.pnpm/react-dom@19.2.0_react@19.2.0/node_modules/react-dom/cjs/react-dom-client.development.js:15476:11)
      at recursivelyTraversePassiveMountEffects (node_modules/.pnpm/react-dom@19.2.0_react@19.2.0/node_modules/react-dom/cjs/react-dom-client.development.js:15439:11)
      at commitPassiveMountOnFiber (node_modules/.pnpm/react-dom@19.2.0_react@19.2.0/node_modules/react-dom/cjs/react-dom-client.development.js:15476:11)
      at recursivelyTraversePassiveMountEffects (node_modules/.pnpm/react-dom@19.2.0_react@19.2.0/node_modules/react-dom/cjs/react-dom-client.development.js:15439:11)
      at commitPassiveMountOnFiber (node_modules/.pnpm/react-dom@19.2.0_react@19.2.0/node_modules/react-dom/cjs/react-dom-client.development.js:15718:11)
      at recursivelyTraversePassiveMountEffects (node_modules/.pnpm/react-dom@19.2.0_react@19.2.0/node_modules/react-dom/cjs/react-dom-client.development.js:15439:11)
      at commitPassiveMountOnFiber (node_modules/.pnpm/react-dom@19.2.0_react@19.2.0/node_modules/react-dom/cjs/react-dom-client.development.js:15476:11)
      at recursivelyTraversePassiveMountEffects (node_modules/.pnpm/react-dom@19.2.0_react@19.2.0/node_modules/react-dom/cjs/react-dom-client.development.js:15439:11)
      at commitPassiveMountOnFiber (node_modules/.pnpm/react-dom@19.2.0_react@19.2.0/node_modules/react-dom/cjs/react-dom-client.development.js:15476:11)
      at recursivelyTraversePassiveMountEffects (node_modules/.pnpm/react-dom@19.2.0_react@19.2.0/node_modules/react-dom/cjs/react-dom-client.development.js:15439:11)
      at commitPassiveMountOnFiber (node_modules/.pnpm/react-dom@19.2.0_react@19.2.0/node_modules/react-dom/cjs/react-dom-client.development.js:15476:11)
      at recursivelyTraversePassiveMountEffects (node_modules/.pnpm/react-dom@19.2.0_react@19.2.0/node_modules/react-dom/cjs/react-dom-client.development.js:15439:11)
      at commitPassiveMountOnFiber (node_modules/.pnpm/react-dom@19.2.0_react@19.2.0/node_modules/react-dom/cjs/react-dom-client.development.js:15718:11)
      at recursivelyTraversePassiveMountEffects (node_modules/.pnpm/react-dom@19.2.0_react@19.2.0/node_modules/react-dom/cjs/react-dom-client.development.js:15439:11)
      at commitPassiveMountOnFiber (node_modules/.pnpm/react-dom@19.2.0_react@19.2.0/node_modules/react-dom/cjs/react-dom-client.development.js:15476:11)
      at recursivelyTraversePassiveMountEffects (node_modules/.pnpm/react-dom@19.2.0_react@19.2.0/node_modules/react-dom/cjs/react-dom-client.development.js:15439:11)
      at commitPassiveMountOnFiber (node_modules/.pnpm/react-dom@19.2.0_react@19.2.0/node_modules/react-dom/cjs/react-dom-client.development.js:15476:11)
      at recursivelyTraversePassiveMountEffects (node_modules/.pnpm/react-dom@19.2.0_react@19.2.0/node_modules/react-dom/cjs/react-dom-client.development.js:15439:11)
      at commitPassiveMountOnFiber (node_modules/.pnpm/react-dom@19.2.0_react@19.2.0/node_modules/react-dom/cjs/react-dom-client.development.js:15476:11)
      at recursivelyTraversePassiveMountEffects (node_modules/.pnpm/react-dom@19.2.0_react@19.2.0/node_modules/react-dom/cjs/react-dom-client.development.js:15439:11)
      at commitPassiveMountOnFiber (node_modules/.pnpm/react-dom@19.2.0_react@19.2.0/node_modules/react-dom/cjs/react-dom-client.development.js:15519:11)
      at flushPassiveEffects (node_modules/.pnpm/react-dom@19.2.0_react@19.2.0/node_modules/react-dom/cjs/react-dom-client.development.js:18432:9)
      at flushPendingEffects (node_modules/.pnpm/react-dom@19.2.0_react@19.2.0/node_modules/react-dom/cjs/react-dom-client.development.js:18358:14)
      at flushSpawnedWork (node_modules/.pnpm/react-dom@19.2.0_react@19.2.0/node_modules/react-dom/cjs/react-dom-client.development.js:18323:44)
      at commitRoot (node_modules/.pnpm/react-dom@19.2.0_react@19.2.0/node_modules/react-dom/cjs/react-dom-client.development.js:17955:9)
      at performWorkOnRoot (node_modules/.pnpm/react-dom@19.2.0_react@19.2.0/node_modules/react-dom/cjs/react-dom-client.development.js:16667:15)
      at performSyncWorkOnRoot (node_modules/.pnpm/react-dom@19.2.0_react@19.2.0/node_modules/react-dom/cjs/react-dom-client.development.js:18972:7)
      at flushSyncWorkAcrossRoots_impl (node_modules/.pnpm/react-dom@19.2.0_react@19.2.0/node_modules/react-dom/cjs/react-dom-client.development.js:18814:21)
      at flushSpawnedWork (node_modules/.pnpm/react-dom@19.2.0_react@19.2.0/node_modules/react-dom/cjs/react-dom-client.development.js:18334:9)
      at commitRoot (node_modules/.pnpm/react-dom@19.2.0_react@19.2.0/node_modules/react-dom/cjs/react-dom-client.development.js:17955:9)
      at performWorkOnRoot (node_modules/.pnpm/react-dom@19.2.0_react@19.2.0/node_modules/react-dom/cjs/react-dom-client.development.js:16667:15)
      at performWorkOnRootViaSchedulerTask (node_modules/.pnpm/react-dom@19.2.0_react@19.2.0/node_modules/react-dom/cjs/react-dom-client.development.js:18957:7)
      at flushActQueue (node_modules/.pnpm/react@19.2.0/node_modules/react/cjs/react.development.js:590:34)
      at process.env.NODE_ENV.exports.act (node_modules/.pnpm/react@19.2.0/node_modules/react/cjs/react.development.js:884:10)
      at node_modules/.pnpm/@testing-library+react@16.3_15d474de7481bb0af842c1b1705139a8/node_modules/@testing-library/react/dist/act-compat.js:47:25
      at renderRoot (node_modules/.pnpm/@testing-library+react@16.3_15d474de7481bb0af842c1b1705139a8/node_modules/@testing-library/react/dist/pure.js:190:26)
      at render (node_modules/.pnpm/@testing-library+react@16.3_15d474de7481bb0af842c1b1705139a8/node_modules/@testing-library/react/dist/pure.js:292:10)
      at Object.<anonymous> (src/components/accessible/__tests__/AccessibleModal.test.tsx:553:13)

    console.error
      `DialogContent` requires a `DialogTitle` for the component to be accessible for screen reader users.
      
      If you want to hide the `DialogTitle`, you can wrap it with our VisuallyHidden component.
      
      For more information, see https://radix-ui.com/primitives/docs/components/dialog

    [0m [90m 373 |[39m       [36mreturn[39m[33m;[39m
     [90m 374 |[39m     }
    [31m[1m>[22m[39m[90m 375 |[39m     originalError[33m.[39mcall(console[33m,[39m [33m...[39margs)[33m;[39m
     [90m     |[39m                   [31m[1m^[22m[39m
     [90m 376 |[39m   }[33m;[39m
     [90m 377 |[39m })[33m;[39m
     [90m 378 |[39m[0m

      at console.call [as error] (jest.setup.js:375:19)
      at node_modules/.pnpm/@radix-ui+react-dialog@1.1._664b8f23a65f4708bb5cf27e5ff43c08/node_modules/@radix-ui/react-dialog/src/dialog.tsx:520:30
      at Object.react_stack_bottom_frame (node_modules/.pnpm/react-dom@19.2.0_react@19.2.0/node_modules/react-dom/cjs/react-dom-client.development.js:25989:20)
      at runWithFiberInDEV (node_modules/.pnpm/react-dom@19.2.0_react@19.2.0/node_modules/react-dom/cjs/react-dom-client.development.js:874:13)
      at commitHookEffectListMount (node_modules/.pnpm/react-dom@19.2.0_react@19.2.0/node_modules/react-dom/cjs/react-dom-client.development.js:13249:29)
      at commitHookPassiveMountEffects (node_modules/.pnpm/react-dom@19.2.0_react@19.2.0/node_modules/react-dom/cjs/react-dom-client.development.js:13336:11)
      at commitPassiveMountOnFiber (node_modules/.pnpm/react-dom@19.2.0_react@19.2.0/node_modules/react-dom/cjs/react-dom-client.development.js:15484:13)
      at recursivelyTraversePassiveMountEffects (node_modules/.pnpm/react-dom@19.2.0_react@19.2.0/node_modules/react-dom/cjs/react-dom-client.development.js:15439:11)
      at commitPassiveMountOnFiber (node_modules/.pnpm/react-dom@19.2.0_react@19.2.0/node_modules/react-dom/cjs/react-dom-client.development.js:15718:11)
      at recursivelyTraversePassiveMountEffects (node_modules/.pnpm/react-dom@19.2.0_react@19.2.0/node_modules/react-dom/cjs/react-dom-client.development.js:15439:11)
      at commitPassiveMountOnFiber (node_modules/.pnpm/react-dom@19.2.0_react@19.2.0/node_modules/react-dom/cjs/react-dom-client.development.js:15476:11)
      at recursivelyTraversePassiveMountEffects (node_modules/.pnpm/react-dom@19.2.0_react@19.2.0/node_modules/react-dom/cjs/react-dom-client.development.js:15439:11)
      at commitPassiveMountOnFiber (node_modules/.pnpm/react-dom@19.2.0_react@19.2.0/node_modules/react-dom/cjs/react-dom-client.development.js:15476:11)
      at recursivelyTraversePassiveMountEffects (node_modules/.pnpm/react-dom@19.2.0_react@19.2.0/node_modules/react-dom/cjs/react-dom-client.development.js:15439:11)
      at commitPassiveMountOnFiber (node_modules/.pnpm/react-dom@19.2.0_react@19.2.0/node_modules/react-dom/cjs/react-dom-client.development.js:15476:11)
      at recursivelyTraversePassiveMountEffects (node_modules/.pnpm/react-dom@19.2.0_react@19.2.0/node_modules/react-dom/cjs/react-dom-client.development.js:15439:11)
      at commitPassiveMountOnFiber (node_modules/.pnpm/react-dom@19.2.0_react@19.2.0/node_modules/react-dom/cjs/react-dom-client.development.js:15476:11)
      at recursivelyTraversePassiveMountEffects (node_modules/.pnpm/react-dom@19.2.0_react@19.2.0/node_modules/react-dom/cjs/react-dom-client.development.js:15439:11)
      at commitPassiveMountOnFiber (node_modules/.pnpm/react-dom@19.2.0_react@19.2.0/node_modules/react-dom/cjs/react-dom-client.development.js:15476:11)
      at recursivelyTraversePassiveMountEffects (node_modules/.pnpm/react-dom@19.2.0_react@19.2.0/node_modules/react-dom/cjs/react-dom-client.development.js:15439:11)
      at commitPassiveMountOnFiber (node_modules/.pnpm/react-dom@19.2.0_react@19.2.0/node_modules/react-dom/cjs/react-dom-client.development.js:15476:11)
      at recursivelyTraversePassiveMountEffects (node_modules/.pnpm/react-dom@19.2.0_react@19.2.0/node_modules/react-dom/cjs/react-dom-client.development.js:15439:11)
      at commitPassiveMountOnFiber (node_modules/.pnpm/react-dom@19.2.0_react@19.2.0/node_modules/react-dom/cjs/react-dom-client.development.js:15476:11)
      at recursivelyTraversePassiveMountEffects (node_modules/.pnpm/react-dom@19.2.0_react@19.2.0/node_modules/react-dom/cjs/react-dom-client.development.js:15439:11)
      at commitPassiveMountOnFiber (node_modules/.pnpm/react-dom@19.2.0_react@19.2.0/node_modules/react-dom/cjs/react-dom-client.development.js:15718:11)
      at recursivelyTraversePassiveMountEffects (node_modules/.pnpm/react-dom@19.2.0_react@19.2.0/node_modules/react-dom/cjs/react-dom-client.development.js:15439:11)
      at commitPassiveMountOnFiber (node_modules/.pnpm/react-dom@19.2.0_react@19.2.0/node_modules/react-dom/cjs/react-dom-client.development.js:15476:11)
      at recursivelyTraversePassiveMountEffects (node_modules/.pnpm/react-dom@19.2.0_react@19.2.0/node_modules/react-dom/cjs/react-dom-client.development.js:15439:11)
      at commitPassiveMountOnFiber (node_modules/.pnpm/react-dom@19.2.0_react@19.2.0/node_modules/react-dom/cjs/react-dom-client.development.js:15476:11)
      at recursivelyTraversePassiveMountEffects (node_modules/.pnpm/react-dom@19.2.0_react@19.2.0/node_modules/react-dom/cjs/react-dom-client.development.js:15439:11)
      at commitPassiveMountOnFiber (node_modules/.pnpm/react-dom@19.2.0_react@19.2.0/node_modules/react-dom/cjs/react-dom-client.development.js:15718:11)
      at recursivelyTraversePassiveMountEffects (node_modules/.pnpm/react-dom@19.2.0_react@19.2.0/node_modules/react-dom/cjs/react-dom-client.development.js:15439:11)
      at commitPassiveMountOnFiber (node_modules/.pnpm/react-dom@19.2.0_react@19.2.0/node_modules/react-dom/cjs/react-dom-client.development.js:15476:11)
      at recursivelyTraversePassiveMountEffects (node_modules/.pnpm/react-dom@19.2.0_react@19.2.0/node_modules/react-dom/cjs/react-dom-client.development.js:15439:11)
      at commitPassiveMountOnFiber (node_modules/.pnpm/react-dom@19.2.0_react@19.2.0/node_modules/react-dom/cjs/react-dom-client.development.js:15476:11)
      at recursivelyTraversePassiveMountEffects (node_modules/.pnpm/react-dom@19.2.0_react@19.2.0/node_modules/react-dom/cjs/react-dom-client.development.js:15439:11)
      at commitPassiveMountOnFiber (node_modules/.pnpm/react-dom@19.2.0_react@19.2.0/node_modules/react-dom/cjs/react-dom-client.development.js:15476:11)
      at recursivelyTraversePassiveMountEffects (node_modules/.pnpm/react-dom@19.2.0_react@19.2.0/node_modules/react-dom/cjs/react-dom-client.development.js:15439:11)
      at commitPassiveMountOnFiber (node_modules/.pnpm/react-dom@19.2.0_react@19.2.0/node_modules/react-dom/cjs/react-dom-client.development.js:15718:11)
      at recursivelyTraversePassiveMountEffects (node_modules/.pnpm/react-dom@19.2.0_react@19.2.0/node_modules/react-dom/cjs/react-dom-client.development.js:15439:11)
      at commitPassiveMountOnFiber (node_modules/.pnpm/react-dom@19.2.0_react@19.2.0/node_modules/react-dom/cjs/react-dom-client.development.js:15476:11)
      at recursivelyTraversePassiveMountEffects (node_modules/.pnpm/react-dom@19.2.0_react@19.2.0/node_modules/react-dom/cjs/react-dom-client.development.js:15439:11)
      at commitPassiveMountOnFiber (node_modules/.pnpm/react-dom@19.2.0_react@19.2.0/node_modules/react-dom/cjs/react-dom-client.development.js:15476:11)
      at recursivelyTraversePassiveMountEffects (node_modules/.pnpm/react-dom@19.2.0_react@19.2.0/node_modules/react-dom/cjs/react-dom-client.development.js:15439:11)
      at commitPassiveMountOnFiber (node_modules/.pnpm/react-dom@19.2.0_react@19.2.0/node_modules/react-dom/cjs/react-dom-client.development.js:15476:11)
      at recursivelyTraversePassiveMountEffects (node_modules/.pnpm/react-dom@19.2.0_react@19.2.0/node_modules/react-dom/cjs/react-dom-client.development.js:15439:11)
      at commitPassiveMountOnFiber (node_modules/.pnpm/react-dom@19.2.0_react@19.2.0/node_modules/react-dom/cjs/react-dom-client.development.js:15519:11)
      at flushPassiveEffects (node_modules/.pnpm/react-dom@19.2.0_react@19.2.0/node_modules/react-dom/cjs/react-dom-client.development.js:18432:9)
      at flushPendingEffects (node_modules/.pnpm/react-dom@19.2.0_react@19.2.0/node_modules/react-dom/cjs/react-dom-client.development.js:18358:14)
      at flushSpawnedWork (node_modules/.pnpm/react-dom@19.2.0_react@19.2.0/node_modules/react-dom/cjs/react-dom-client.development.js:18323:44)
      at commitRoot (node_modules/.pnpm/react-dom@19.2.0_react@19.2.0/node_modules/react-dom/cjs/react-dom-client.development.js:17955:9)
      at performWorkOnRoot (node_modules/.pnpm/react-dom@19.2.0_react@19.2.0/node_modules/react-dom/cjs/react-dom-client.development.js:16667:15)
      at performSyncWorkOnRoot (node_modules/.pnpm/react-dom@19.2.0_react@19.2.0/node_modules/react-dom/cjs/react-dom-client.development.js:18972:7)
      at flushSyncWorkAcrossRoots_impl (node_modules/.pnpm/react-dom@19.2.0_react@19.2.0/node_modules/react-dom/cjs/react-dom-client.development.js:18814:21)
      at flushSpawnedWork (node_modules/.pnpm/react-dom@19.2.0_react@19.2.0/node_modules/react-dom/cjs/react-dom-client.development.js:18334:9)
      at commitRoot (node_modules/.pnpm/react-dom@19.2.0_react@19.2.0/node_modules/react-dom/cjs/react-dom-client.development.js:17955:9)
      at performWorkOnRoot (node_modules/.pnpm/react-dom@19.2.0_react@19.2.0/node_modules/react-dom/cjs/react-dom-client.development.js:16667:15)
      at performWorkOnRootViaSchedulerTask (node_modules/.pnpm/react-dom@19.2.0_react@19.2.0/node_modules/react-dom/cjs/react-dom-client.development.js:18957:7)
      at flushActQueue (node_modules/.pnpm/react@19.2.0/node_modules/react/cjs/react.development.js:590:34)
      at process.env.NODE_ENV.exports.act (node_modules/.pnpm/react@19.2.0/node_modules/react/cjs/react.development.js:884:10)
      at node_modules/.pnpm/@testing-library+react@16.3_15d474de7481bb0af842c1b1705139a8/node_modules/@testing-library/react/dist/act-compat.js:47:25
      at renderRoot (node_modules/.pnpm/@testing-library+react@16.3_15d474de7481bb0af842c1b1705139a8/node_modules/@testing-library/react/dist/pure.js:190:26)
      at render (node_modules/.pnpm/@testing-library+react@16.3_15d474de7481bb0af842c1b1705139a8/node_modules/@testing-library/react/dist/pure.js:292:10)
      at Object.<anonymous> (src/components/accessible/__tests__/AccessibleModal.test.tsx:566:13)

    console.error
      `DialogContent` requires a `DialogTitle` for the component to be accessible for screen reader users.
      
      If you want to hide the `DialogTitle`, you can wrap it with our VisuallyHidden component.
      
      For more information, see https://radix-ui.com/primitives/docs/components/dialog

    [0m [90m 373 |[39m       [36mreturn[39m[33m;[39m
     [90m 374 |[39m     }
    [31m[1m>[22m[39m[90m 375 |[39m     originalError[33m.[39mcall(console[33m,[39m [33m...[39margs)[33m;[39m
     [90m     |[39m                   [31m[1m^[22m[39m
     [90m 376 |[39m   }[33m;[39m
     [90m 377 |[39m })[33m;[39m
     [90m 378 |[39m[0m

      at console.call [as error] (jest.setup.js:375:19)
      at node_modules/.pnpm/@radix-ui+react-dialog@1.1._664b8f23a65f4708bb5cf27e5ff43c08/node_modules/@radix-ui/react-dialog/src/dialog.tsx:520:30
      at Object.react_stack_bottom_frame (node_modules/.pnpm/react-dom@19.2.0_react@19.2.0/node_modules/react-dom/cjs/react-dom-client.development.js:25989:20)
      at runWithFiberInDEV (node_modules/.pnpm/react-dom@19.2.0_react@19.2.0/node_modules/react-dom/cjs/react-dom-client.development.js:874:13)
      at commitHookEffectListMount (node_modules/.pnpm/react-dom@19.2.0_react@19.2.0/node_modules/react-dom/cjs/react-dom-client.development.js:13249:29)
      at commitHookPassiveMountEffects (node_modules/.pnpm/react-dom@19.2.0_react@19.2.0/node_modules/react-dom/cjs/react-dom-client.development.js:13336:11)
      at commitPassiveMountOnFiber (node_modules/.pnpm/react-dom@19.2.0_react@19.2.0/node_modules/react-dom/cjs/react-dom-client.development.js:15484:13)
      at recursivelyTraversePassiveMountEffects (node_modules/.pnpm/react-dom@19.2.0_react@19.2.0/node_modules/react-dom/cjs/react-dom-client.development.js:15439:11)
      at commitPassiveMountOnFiber (node_modules/.pnpm/react-dom@19.2.0_react@19.2.0/node_modules/react-dom/cjs/react-dom-client.development.js:15718:11)
      at recursivelyTraversePassiveMountEffects (node_modules/.pnpm/react-dom@19.2.0_react@19.2.0/node_modules/react-dom/cjs/react-dom-client.development.js:15439:11)
      at commitPassiveMountOnFiber (node_modules/.pnpm/react-dom@19.2.0_react@19.2.0/node_modules/react-dom/cjs/react-dom-client.development.js:15476:11)
      at recursivelyTraversePassiveMountEffects (node_modules/.pnpm/react-dom@19.2.0_react@19.2.0/node_modules/react-dom/cjs/react-dom-client.development.js:15439:11)
      at commitPassiveMountOnFiber (node_modules/.pnpm/react-dom@19.2.0_react@19.2.0/node_modules/react-dom/cjs/react-dom-client.development.js:15476:11)
      at recursivelyTraversePassiveMountEffects (node_modules/.pnpm/react-dom@19.2.0_react@19.2.0/node_modules/react-dom/cjs/react-dom-client.development.js:15439:11)
      at commitPassiveMountOnFiber (node_modules/.pnpm/react-dom@19.2.0_react@19.2.0/node_modules/react-dom/cjs/react-dom-client.development.js:15476:11)
      at recursivelyTraversePassiveMountEffects (node_modules/.pnpm/react-dom@19.2.0_react@19.2.0/node_modules/react-dom/cjs/react-dom-client.development.js:15439:11)
      at commitPassiveMountOnFiber (node_modules/.pnpm/react-dom@19.2.0_react@19.2.0/node_modules/react-dom/cjs/react-dom-client.development.js:15476:11)
      at recursivelyTraversePassiveMountEffects (node_modules/.pnpm/react-dom@19.2.0_react@19.2.0/node_modules/react-dom/cjs/react-dom-client.development.js:15439:11)
      at commitPassiveMountOnFiber (node_modules/.pnpm/react-dom@19.2.0_react@19.2.0/node_modules/react-dom/cjs/react-dom-client.development.js:15476:11)
      at recursivelyTraversePassiveMountEffects (node_modules/.pnpm/react-dom@19.2.0_react@19.2.0/node_modules/react-dom/cjs/react-dom-client.development.js:15439:11)
      at commitPassiveMountOnFiber (node_modules/.pnpm/react-dom@19.2.0_react@19.2.0/node_modules/react-dom/cjs/react-dom-client.development.js:15476:11)
      at recursivelyTraversePassiveMountEffects (node_modules/.pnpm/react-dom@19.2.0_react@19.2.0/node_modules/react-dom/cjs/react-dom-client.development.js:15439:11)
      at commitPassiveMountOnFiber (node_modules/.pnpm/react-dom@19.2.0_react@19.2.0/node_modules/react-dom/cjs/react-dom-client.development.js:15476:11)
      at recursivelyTraversePassiveMountEffects (node_modules/.pnpm/react-dom@19.2.0_react@19.2.0/node_modules/react-dom/cjs/react-dom-client.development.js:15439:11)
      at commitPassiveMountOnFiber (node_modules/.pnpm/react-dom@19.2.0_react@19.2.0/node_modules/react-dom/cjs/react-dom-client.development.js:15718:11)
      at recursivelyTraversePassiveMountEffects (node_modules/.pnpm/react-dom@19.2.0_react@19.2.0/node_modules/react-dom/cjs/react-dom-client.development.js:15439:11)
      at commitPassiveMountOnFiber (node_modules/.pnpm/react-dom@19.2.0_react@19.2.0/node_modules/react-dom/cjs/react-dom-client.development.js:15476:11)
      at recursivelyTraversePassiveMountEffects (node_modules/.pnpm/react-dom@19.2.0_react@19.2.0/node_modules/react-dom/cjs/react-dom-client.development.js:15439:11)
      at commitPassiveMountOnFiber (node_modules/.pnpm/react-dom@19.2.0_react@19.2.0/node_modules/react-dom/cjs/react-dom-client.development.js:15476:11)
      at recursivelyTraversePassiveMountEffects (node_modules/.pnpm/react-dom@19.2.0_react@19.2.0/node_modules/react-dom/cjs/react-dom-client.development.js:15439:11)
      at commitPassiveMountOnFiber (node_modules/.pnpm/react-dom@19.2.0_react@19.2.0/node_modules/react-dom/cjs/react-dom-client.development.js:15718:11)
      at recursivelyTraversePassiveMountEffects (node_modules/.pnpm/react-dom@19.2.0_react@19.2.0/node_modules/react-dom/cjs/react-dom-client.development.js:15439:11)
      at commitPassiveMountOnFiber (node_modules/.pnpm/react-dom@19.2.0_react@19.2.0/node_modules/react-dom/cjs/react-dom-client.development.js:15476:11)
      at recursivelyTraversePassiveMountEffects (node_modules/.pnpm/react-dom@19.2.0_react@19.2.0/node_modules/react-dom/cjs/react-dom-client.development.js:15439:11)
      at commitPassiveMountOnFiber (node_modules/.pnpm/react-dom@19.2.0_react@19.2.0/node_modules/react-dom/cjs/react-dom-client.development.js:15476:11)
      at recursivelyTraversePassiveMountEffects (node_modules/.pnpm/react-dom@19.2.0_react@19.2.0/node_modules/react-dom/cjs/react-dom-client.development.js:15439:11)
      at commitPassiveMountOnFiber (node_modules/.pnpm/react-dom@19.2.0_react@19.2.0/node_modules/react-dom/cjs/react-dom-client.development.js:15476:11)
      at recursivelyTraversePassiveMountEffects (node_modules/.pnpm/react-dom@19.2.0_react@19.2.0/node_modules/react-dom/cjs/react-dom-client.development.js:15439:11)
      at commitPassiveMountOnFiber (node_modules/.pnpm/react-dom@19.2.0_react@19.2.0/node_modules/react-dom/cjs/react-dom-client.development.js:15718:11)
      at recursivelyTraversePassiveMountEffects (node_modules/.pnpm/react-dom@19.2.0_react@19.2.0/node_modules/react-dom/cjs/react-dom-client.development.js:15439:11)
      at commitPassiveMountOnFiber (node_modules/.pnpm/react-dom@19.2.0_react@19.2.0/node_modules/react-dom/cjs/react-dom-client.development.js:15476:11)
      at recursivelyTraversePassiveMountEffects (node_modules/.pnpm/react-dom@19.2.0_react@19.2.0/node_modules/react-dom/cjs/react-dom-client.development.js:15439:11)
      at commitPassiveMountOnFiber (node_modules/.pnpm/react-dom@19.2.0_react@19.2.0/node_modules/react-dom/cjs/react-dom-client.development.js:15476:11)
      at recursivelyTraversePassiveMountEffects (node_modules/.pnpm/react-dom@19.2.0_react@19.2.0/node_modules/react-dom/cjs/react-dom-client.development.js:15439:11)
      at commitPassiveMountOnFiber (node_modules/.pnpm/react-dom@19.2.0_react@19.2.0/node_modules/react-dom/cjs/react-dom-client.development.js:15476:11)
      at recursivelyTraversePassiveMountEffects (node_modules/.pnpm/react-dom@19.2.0_react@19.2.0/node_modules/react-dom/cjs/react-dom-client.development.js:15439:11)
      at commitPassiveMountOnFiber (node_modules/.pnpm/react-dom@19.2.0_react@19.2.0/node_modules/react-dom/cjs/react-dom-client.development.js:15519:11)
      at flushPassiveEffects (node_modules/.pnpm/react-dom@19.2.0_react@19.2.0/node_modules/react-dom/cjs/react-dom-client.development.js:18432:9)
      at flushPendingEffects (node_modules/.pnpm/react-dom@19.2.0_react@19.2.0/node_modules/react-dom/cjs/react-dom-client.development.js:18358:14)
      at flushSpawnedWork (node_modules/.pnpm/react-dom@19.2.0_react@19.2.0/node_modules/react-dom/cjs/react-dom-client.development.js:18323:44)
      at commitRoot (node_modules/.pnpm/react-dom@19.2.0_react@19.2.0/node_modules/react-dom/cjs/react-dom-client.development.js:17955:9)
      at performWorkOnRoot (node_modules/.pnpm/react-dom@19.2.0_react@19.2.0/node_modules/react-dom/cjs/react-dom-client.development.js:16667:15)
      at performSyncWorkOnRoot (node_modules/.pnpm/react-dom@19.2.0_react@19.2.0/node_modules/react-dom/cjs/react-dom-client.development.js:18972:7)
      at flushSyncWorkAcrossRoots_impl (node_modules/.pnpm/react-dom@19.2.0_react@19.2.0/node_modules/react-dom/cjs/react-dom-client.development.js:18814:21)
      at flushSpawnedWork (node_modules/.pnpm/react-dom@19.2.0_react@19.2.0/node_modules/react-dom/cjs/react-dom-client.development.js:18334:9)
      at commitRoot (node_modules/.pnpm/react-dom@19.2.0_react@19.2.0/node_modules/react-dom/cjs/react-dom-client.development.js:17955:9)
      at performWorkOnRoot (node_modules/.pnpm/react-dom@19.2.0_react@19.2.0/node_modules/react-dom/cjs/react-dom-client.development.js:16667:15)
      at performWorkOnRootViaSchedulerTask (node_modules/.pnpm/react-dom@19.2.0_react@19.2.0/node_modules/react-dom/cjs/react-dom-client.development.js:18957:7)
      at flushActQueue (node_modules/.pnpm/react@19.2.0/node_modules/react/cjs/react.development.js:590:34)
      at process.env.NODE_ENV.exports.act (node_modules/.pnpm/react@19.2.0/node_modules/react/cjs/react.development.js:884:10)
      at node_modules/.pnpm/@testing-library+react@16.3_15d474de7481bb0af842c1b1705139a8/node_modules/@testing-library/react/dist/act-compat.js:47:25
      at renderRoot (node_modules/.pnpm/@testing-library+react@16.3_15d474de7481bb0af842c1b1705139a8/node_modules/@testing-library/react/dist/pure.js:190:26)
      at render (node_modules/.pnpm/@testing-library+react@16.3_15d474de7481bb0af842c1b1705139a8/node_modules/@testing-library/react/dist/pure.js:292:10)
      at Object.<anonymous> (src/components/accessible/__tests__/AccessibleModal.test.tsx:581:13)

    console.error
      `DialogContent` requires a `DialogTitle` for the component to be accessible for screen reader users.
      
      If you want to hide the `DialogTitle`, you can wrap it with our VisuallyHidden component.
      
      For more information, see https://radix-ui.com/primitives/docs/components/dialog

    [0m [90m 373 |[39m       [36mreturn[39m[33m;[39m
     [90m 374 |[39m     }
    [31m[1m>[22m[39m[90m 375 |[39m     originalError[33m.[39mcall(console[33m,[39m [33m...[39margs)[33m;[39m
     [90m     |[39m                   [31m[1m^[22m[39m
     [90m 376 |[39m   }[33m;[39m
     [90m 377 |[39m })[33m;[39m
     [90m 378 |[39m[0m

      at console.call [as error] (jest.setup.js:375:19)
      at node_modules/.pnpm/@radix-ui+react-dialog@1.1._664b8f23a65f4708bb5cf27e5ff43c08/node_modules/@radix-ui/react-dialog/src/dialog.tsx:520:30
      at Object.react_stack_bottom_frame (node_modules/.pnpm/react-dom@19.2.0_react@19.2.0/node_modules/react-dom/cjs/react-dom-client.development.js:25989:20)
      at runWithFiberInDEV (node_modules/.pnpm/react-dom@19.2.0_react@19.2.0/node_modules/react-dom/cjs/react-dom-client.development.js:874:13)
      at commitHookEffectListMount (node_modules/.pnpm/react-dom@19.2.0_react@19.2.0/node_modules/react-dom/cjs/react-dom-client.development.js:13249:29)
      at commitHookPassiveMountEffects (node_modules/.pnpm/react-dom@19.2.0_react@19.2.0/node_modules/react-dom/cjs/react-dom-client.development.js:13336:11)
      at commitPassiveMountOnFiber (node_modules/.pnpm/react-dom@19.2.0_react@19.2.0/node_modules/react-dom/cjs/react-dom-client.development.js:15484:13)
      at recursivelyTraversePassiveMountEffects (node_modules/.pnpm/react-dom@19.2.0_react@19.2.0/node_modules/react-dom/cjs/react-dom-client.development.js:15439:11)
      at commitPassiveMountOnFiber (node_modules/.pnpm/react-dom@19.2.0_react@19.2.0/node_modules/react-dom/cjs/react-dom-client.development.js:15718:11)
      at recursivelyTraversePassiveMountEffects (node_modules/.pnpm/react-dom@19.2.0_react@19.2.0/node_modules/react-dom/cjs/react-dom-client.development.js:15439:11)
      at commitPassiveMountOnFiber (node_modules/.pnpm/react-dom@19.2.0_react@19.2.0/node_modules/react-dom/cjs/react-dom-client.development.js:15476:11)
      at recursivelyTraversePassiveMountEffects (node_modules/.pnpm/react-dom@19.2.0_react@19.2.0/node_modules/react-dom/cjs/react-dom-client.development.js:15439:11)
      at commitPassiveMountOnFiber (node_modules/.pnpm/react-dom@19.2.0_react@19.2.0/node_modules/react-dom/cjs/react-dom-client.development.js:15476:11)
      at recursivelyTraversePassiveMountEffects (node_modules/.pnpm/react-dom@19.2.0_react@19.2.0/node_modules/react-dom/cjs/react-dom-client.development.js:15439:11)
      at commitPassiveMountOnFiber (node_modules/.pnpm/react-dom@19.2.0_react@19.2.0/node_modules/react-dom/cjs/react-dom-client.development.js:15476:11)
      at recursivelyTraversePassiveMountEffects (node_modules/.pnpm/react-dom@19.2.0_react@19.2.0/node_modules/react-dom/cjs/react-dom-client.development.js:15439:11)
      at commitPassiveMountOnFiber (node_modules/.pnpm/react-dom@19.2.0_react@19.2.0/node_modules/react-dom/cjs/react-dom-client.development.js:15476:11)
      at recursivelyTraversePassiveMountEffects (node_modules/.pnpm/react-dom@19.2.0_react@19.2.0/node_modules/react-dom/cjs/react-dom-client.development.js:15439:11)
      at commitPassiveMountOnFiber (node_modules/.pnpm/react-dom@19.2.0_react@19.2.0/node_modules/react-dom/cjs/react-dom-client.development.js:15476:11)
      at recursivelyTraversePassiveMountEffects (node_modules/.pnpm/react-dom@19.2.0_react@19.2.0/node_modules/react-dom/cjs/react-dom-client.development.js:15439:11)
      at commitPassiveMountOnFiber (node_modules/.pnpm/react-dom@19.2.0_react@19.2.0/node_modules/react-dom/cjs/react-dom-client.development.js:15476:11)
      at recursivelyTraversePassiveMountEffects (node_modules/.pnpm/react-dom@19.2.0_react@19.2.0/node_modules/react-dom/cjs/react-dom-client.development.js:15439:11)
      at commitPassiveMountOnFiber (node_modules/.pnpm/react-dom@19.2.0_react@19.2.0/node_modules/react-dom/cjs/react-dom-client.development.js:15476:11)
      at recursivelyTraversePassiveMountEffects (node_modules/.pnpm/react-dom@19.2.0_react@19.2.0/node_modules/react-dom/cjs/react-dom-client.development.js:15439:11)
      at commitPassiveMountOnFiber (node_modules/.pnpm/react-dom@19.2.0_react@19.2.0/node_modules/react-dom/cjs/react-dom-client.development.js:15718:11)
      at recursivelyTraversePassiveMountEffects (node_modules/.pnpm/react-dom@19.2.0_react@19.2.0/node_modules/react-dom/cjs/react-dom-client.development.js:15439:11)
      at commitPassiveMountOnFiber (node_modules/.pnpm/react-dom@19.2.0_react@19.2.0/node_modules/react-dom/cjs/react-dom-client.development.js:15476:11)
      at recursivelyTraversePassiveMountEffects (node_modules/.pnpm/react-dom@19.2.0_react@19.2.0/node_modules/react-dom/cjs/react-dom-client.development.js:15439:11)
      at commitPassiveMountOnFiber (node_modules/.pnpm/react-dom@19.2.0_react@19.2.0/node_modules/react-dom/cjs/react-dom-client.development.js:15476:11)
      at recursivelyTraversePassiveMountEffects (node_modules/.pnpm/react-dom@19.2.0_react@19.2.0/node_modules/react-dom/cjs/react-dom-client.development.js:15439:11)
      at commitPassiveMountOnFiber (node_modules/.pnpm/react-dom@19.2.0_react@19.2.0/node_modules/react-dom/cjs/react-dom-client.development.js:15718:11)
      at recursivelyTraversePassiveMountEffects (node_modules/.pnpm/react-dom@19.2.0_react@19.2.0/node_modules/react-dom/cjs/react-dom-client.development.js:15439:11)
      at commitPassiveMountOnFiber (node_modules/.pnpm/react-dom@19.2.0_react@19.2.0/node_modules/react-dom/cjs/react-dom-client.development.js:15476:11)
      at recursivelyTraversePassiveMountEffects (node_modules/.pnpm/react-dom@19.2.0_react@19.2.0/node_modules/react-dom/cjs/react-dom-client.development.js:15439:11)
      at commitPassiveMountOnFiber (node_modules/.pnpm/react-dom@19.2.0_react@19.2.0/node_modules/react-dom/cjs/react-dom-client.development.js:15476:11)
      at recursivelyTraversePassiveMountEffects (node_modules/.pnpm/react-dom@19.2.0_react@19.2.0/node_modules/react-dom/cjs/react-dom-client.development.js:15439:11)
      at commitPassiveMountOnFiber (node_modules/.pnpm/react-dom@19.2.0_react@19.2.0/node_modules/react-dom/cjs/react-dom-client.development.js:15476:11)
      at recursivelyTraversePassiveMountEffects (node_modules/.pnpm/react-dom@19.2.0_react@19.2.0/node_modules/react-dom/cjs/react-dom-client.development.js:15439:11)
      at commitPassiveMountOnFiber (node_modules/.pnpm/react-dom@19.2.0_react@19.2.0/node_modules/react-dom/cjs/react-dom-client.development.js:15718:11)
      at recursivelyTraversePassiveMountEffects (node_modules/.pnpm/react-dom@19.2.0_react@19.2.0/node_modules/react-dom/cjs/react-dom-client.development.js:15439:11)
      at commitPassiveMountOnFiber (node_modules/.pnpm/react-dom@19.2.0_react@19.2.0/node_modules/react-dom/cjs/react-dom-client.development.js:15476:11)
      at recursivelyTraversePassiveMountEffects (node_modules/.pnpm/react-dom@19.2.0_react@19.2.0/node_modules/react-dom/cjs/react-dom-client.development.js:15439:11)
      at commitPassiveMountOnFiber (node_modules/.pnpm/react-dom@19.2.0_react@19.2.0/node_modules/react-dom/cjs/react-dom-client.development.js:15476:11)
      at recursivelyTraversePassiveMountEffects (node_modules/.pnpm/react-dom@19.2.0_react@19.2.0/node_modules/react-dom/cjs/react-dom-client.development.js:15439:11)
      at commitPassiveMountOnFiber (node_modules/.pnpm/react-dom@19.2.0_react@19.2.0/node_modules/react-dom/cjs/react-dom-client.development.js:15476:11)
      at recursivelyTraversePassiveMountEffects (node_modules/.pnpm/react-dom@19.2.0_react@19.2.0/node_modules/react-dom/cjs/react-dom-client.development.js:15439:11)
      at commitPassiveMountOnFiber (node_modules/.pnpm/react-dom@19.2.0_react@19.2.0/node_modules/react-dom/cjs/react-dom-client.development.js:15519:11)
      at flushPassiveEffects (node_modules/.pnpm/react-dom@19.2.0_react@19.2.0/node_modules/react-dom/cjs/react-dom-client.development.js:18432:9)
      at flushPendingEffects (node_modules/.pnpm/react-dom@19.2.0_react@19.2.0/node_modules/react-dom/cjs/react-dom-client.development.js:18358:14)
      at flushSpawnedWork (node_modules/.pnpm/react-dom@19.2.0_react@19.2.0/node_modules/react-dom/cjs/react-dom-client.development.js:18323:44)
      at commitRoot (node_modules/.pnpm/react-dom@19.2.0_react@19.2.0/node_modules/react-dom/cjs/react-dom-client.development.js:17955:9)
      at performWorkOnRoot (node_modules/.pnpm/react-dom@19.2.0_react@19.2.0/node_modules/react-dom/cjs/react-dom-client.development.js:16667:15)
      at performSyncWorkOnRoot (node_modules/.pnpm/react-dom@19.2.0_react@19.2.0/node_modules/react-dom/cjs/react-dom-client.development.js:18972:7)
      at flushSyncWorkAcrossRoots_impl (node_modules/.pnpm/react-dom@19.2.0_react@19.2.0/node_modules/react-dom/cjs/react-dom-client.development.js:18814:21)
      at flushSpawnedWork (node_modules/.pnpm/react-dom@19.2.0_react@19.2.0/node_modules/react-dom/cjs/react-dom-client.development.js:18334:9)
      at commitRoot (node_modules/.pnpm/react-dom@19.2.0_react@19.2.0/node_modules/react-dom/cjs/react-dom-client.development.js:17955:9)
      at performWorkOnRoot (node_modules/.pnpm/react-dom@19.2.0_react@19.2.0/node_modules/react-dom/cjs/react-dom-client.development.js:16667:15)
      at performWorkOnRootViaSchedulerTask (node_modules/.pnpm/react-dom@19.2.0_react@19.2.0/node_modules/react-dom/cjs/react-dom-client.development.js:18957:7)
      at flushActQueue (node_modules/.pnpm/react@19.2.0/node_modules/react/cjs/react.development.js:590:34)
      at process.env.NODE_ENV.exports.act (node_modules/.pnpm/react@19.2.0/node_modules/react/cjs/react.development.js:884:10)
      at node_modules/.pnpm/@testing-library+react@16.3_15d474de7481bb0af842c1b1705139a8/node_modules/@testing-library/react/dist/act-compat.js:47:25
      at renderRoot (node_modules/.pnpm/@testing-library+react@16.3_15d474de7481bb0af842c1b1705139a8/node_modules/@testing-library/react/dist/pure.js:190:26)
      at render (node_modules/.pnpm/@testing-library+react@16.3_15d474de7481bb0af842c1b1705139a8/node_modules/@testing-library/react/dist/pure.js:292:10)
      at Object.<anonymous> (src/components/accessible/__tests__/AccessibleModal.test.tsx:595:13)

    console.error
      `DialogContent` requires a `DialogTitle` for the component to be accessible for screen reader users.
      
      If you want to hide the `DialogTitle`, you can wrap it with our VisuallyHidden component.
      
      For more information, see https://radix-ui.com/primitives/docs/components/dialog

    [0m [90m 373 |[39m       [36mreturn[39m[33m;[39m
     [90m 374 |[39m     }
    [31m[1m>[22m[39m[90m 375 |[39m     originalError[33m.[39mcall(console[33m,[39m [33m...[39margs)[33m;[39m
     [90m     |[39m                   [31m[1m^[22m[39m
     [90m 376 |[39m   }[33m;[39m
     [90m 377 |[39m })[33m;[39m
     [90m 378 |[39m[0m

      at console.call [as error] (jest.setup.js:375:19)
      at node_modules/.pnpm/@radix-ui+react-dialog@1.1._664b8f23a65f4708bb5cf27e5ff43c08/node_modules/@radix-ui/react-dialog/src/dialog.tsx:520:30
      at Object.react_stack_bottom_frame (node_modules/.pnpm/react-dom@19.2.0_react@19.2.0/node_modules/react-dom/cjs/react-dom-client.development.js:25989:20)
      at runWithFiberInDEV (node_modules/.pnpm/react-dom@19.2.0_react@19.2.0/node_modules/react-dom/cjs/react-dom-client.development.js:874:13)
      at commitHookEffectListMount (node_modules/.pnpm/react-dom@19.2.0_react@19.2.0/node_modules/react-dom/cjs/react-dom-client.development.js:13249:29)
      at commitHookPassiveMountEffects (node_modules/.pnpm/react-dom@19.2.0_react@19.2.0/node_modules/react-dom/cjs/react-dom-client.development.js:13336:11)
      at commitPassiveMountOnFiber (node_modules/.pnpm/react-dom@19.2.0_react@19.2.0/node_modules/react-dom/cjs/react-dom-client.development.js:15484:13)
      at recursivelyTraversePassiveMountEffects (node_modules/.pnpm/react-dom@19.2.0_react@19.2.0/node_modules/react-dom/cjs/react-dom-client.development.js:15439:11)
      at commitPassiveMountOnFiber (node_modules/.pnpm/react-dom@19.2.0_react@19.2.0/node_modules/react-dom/cjs/react-dom-client.development.js:15718:11)
      at recursivelyTraversePassiveMountEffects (node_modules/.pnpm/react-dom@19.2.0_react@19.2.0/node_modules/react-dom/cjs/react-dom-client.development.js:15439:11)
      at commitPassiveMountOnFiber (node_modules/.pnpm/react-dom@19.2.0_react@19.2.0/node_modules/react-dom/cjs/react-dom-client.development.js:15476:11)
      at recursivelyTraversePassiveMountEffects (node_modules/.pnpm/react-dom@19.2.0_react@19.2.0/node_modules/react-dom/cjs/react-dom-client.development.js:15439:11)
      at commitPassiveMountOnFiber (node_modules/.pnpm/react-dom@19.2.0_react@19.2.0/node_modules/react-dom/cjs/react-dom-client.development.js:15476:11)
      at recursivelyTraversePassiveMountEffects (node_modules/.pnpm/react-dom@19.2.0_react@19.2.0/node_modules/react-dom/cjs/react-dom-client.development.js:15439:11)
      at commitPassiveMountOnFiber (node_modules/.pnpm/react-dom@19.2.0_react@19.2.0/node_modules/react-dom/cjs/react-dom-client.development.js:15476:11)
      at recursivelyTraversePassiveMountEffects (node_modules/.pnpm/react-dom@19.2.0_react@19.2.0/node_modules/react-dom/cjs/react-dom-client.development.js:15439:11)
      at commitPassiveMountOnFiber (node_modules/.pnpm/react-dom@19.2.0_react@19.2.0/node_modules/react-dom/cjs/react-dom-client.development.js:15476:11)
      at recursivelyTraversePassiveMountEffects (node_modules/.pnpm/react-dom@19.2.0_react@19.2.0/node_modules/react-dom/cjs/react-dom-client.development.js:15439:11)
      at commitPassiveMountOnFiber (node_modules/.pnpm/react-dom@19.2.0_react@19.2.0/node_modules/react-dom/cjs/react-dom-client.development.js:15476:11)
      at recursivelyTraversePassiveMountEffects (node_modules/.pnpm/react-dom@19.2.0_react@19.2.0/node_modules/react-dom/cjs/react-dom-client.development.js:15439:11)
      at commitPassiveMountOnFiber (node_modules/.pnpm/react-dom@19.2.0_react@19.2.0/node_modules/react-dom/cjs/react-dom-client.development.js:15476:11)
      at recursivelyTraversePassiveMountEffects (node_modules/.pnpm/react-dom@19.2.0_react@19.2.0/node_modules/react-dom/cjs/react-dom-client.development.js:15439:11)
      at commitPassiveMountOnFiber (node_modules/.pnpm/react-dom@19.2.0_react@19.2.0/node_modules/react-dom/cjs/react-dom-client.development.js:15476:11)
      at recursivelyTraversePassiveMountEffects (node_modules/.pnpm/react-dom@19.2.0_react@19.2.0/node_modules/react-dom/cjs/react-dom-client.development.js:15439:11)
      at commitPassiveMountOnFiber (node_modules/.pnpm/react-dom@19.2.0_react@19.2.0/node_modules/react-dom/cjs/react-dom-client.development.js:15718:11)
      at recursivelyTraversePassiveMountEffects (node_modules/.pnpm/react-dom@19.2.0_react@19.2.0/node_modules/react-dom/cjs/react-dom-client.development.js:15439:11)
      at commitPassiveMountOnFiber (node_modules/.pnpm/react-dom@19.2.0_react@19.2.0/node_modules/react-dom/cjs/react-dom-client.development.js:15476:11)
      at recursivelyTraversePassiveMountEffects (node_modules/.pnpm/react-dom@19.2.0_react@19.2.0/node_modules/react-dom/cjs/react-dom-client.development.js:15439:11)
      at commitPassiveMountOnFiber (node_modules/.pnpm/react-dom@19.2.0_react@19.2.0/node_modules/react-dom/cjs/react-dom-client.development.js:15476:11)
      at recursivelyTraversePassiveMountEffects (node_modules/.pnpm/react-dom@19.2.0_react@19.2.0/node_modules/react-dom/cjs/react-dom-client.development.js:15439:11)
      at commitPassiveMountOnFiber (node_modules/.pnpm/react-dom@19.2.0_react@19.2.0/node_modules/react-dom/cjs/react-dom-client.development.js:15718:11)
      at recursivelyTraversePassiveMountEffects (node_modules/.pnpm/react-dom@19.2.0_react@19.2.0/node_modules/react-dom/cjs/react-dom-client.development.js:15439:11)
      at commitPassiveMountOnFiber (node_modules/.pnpm/react-dom@19.2.0_react@19.2.0/node_modules/react-dom/cjs/react-dom-client.development.js:15476:11)
      at recursivelyTraversePassiveMountEffects (node_modules/.pnpm/react-dom@19.2.0_react@19.2.0/node_modules/react-dom/cjs/react-dom-client.development.js:15439:11)
      at commitPassiveMountOnFiber (node_modules/.pnpm/react-dom@19.2.0_react@19.2.0/node_modules/react-dom/cjs/react-dom-client.development.js:15476:11)
      at recursivelyTraversePassiveMountEffects (node_modules/.pnpm/react-dom@19.2.0_react@19.2.0/node_modules/react-dom/cjs/react-dom-client.development.js:15439:11)
      at commitPassiveMountOnFiber (node_modules/.pnpm/react-dom@19.2.0_react@19.2.0/node_modules/react-dom/cjs/react-dom-client.development.js:15476:11)
      at recursivelyTraversePassiveMountEffects (node_modules/.pnpm/react-dom@19.2.0_react@19.2.0/node_modules/react-dom/cjs/react-dom-client.development.js:15439:11)
      at commitPassiveMountOnFiber (node_modules/.pnpm/react-dom@19.2.0_react@19.2.0/node_modules/react-dom/cjs/react-dom-client.development.js:15718:11)
      at recursivelyTraversePassiveMountEffects (node_modules/.pnpm/react-dom@19.2.0_react@19.2.0/node_modules/react-dom/cjs/react-dom-client.development.js:15439:11)
      at commitPassiveMountOnFiber (node_modules/.pnpm/react-dom@19.2.0_react@19.2.0/node_modules/react-dom/cjs/react-dom-client.development.js:15476:11)
      at recursivelyTraversePassiveMountEffects (node_modules/.pnpm/react-dom@19.2.0_react@19.2.0/node_modules/react-dom/cjs/react-dom-client.development.js:15439:11)
      at commitPassiveMountOnFiber (node_modules/.pnpm/react-dom@19.2.0_react@19.2.0/node_modules/react-dom/cjs/react-dom-client.development.js:15476:11)
      at recursivelyTraversePassiveMountEffects (node_modules/.pnpm/react-dom@19.2.0_react@19.2.0/node_modules/react-dom/cjs/react-dom-client.development.js:15439:11)
      at commitPassiveMountOnFiber (node_modules/.pnpm/react-dom@19.2.0_react@19.2.0/node_modules/react-dom/cjs/react-dom-client.development.js:15476:11)
      at recursivelyTraversePassiveMountEffects (node_modules/.pnpm/react-dom@19.2.0_react@19.2.0/node_modules/react-dom/cjs/react-dom-client.development.js:15439:11)
      at commitPassiveMountOnFiber (node_modules/.pnpm/react-dom@19.2.0_react@19.2.0/node_modules/react-dom/cjs/react-dom-client.development.js:15519:11)
      at flushPassiveEffects (node_modules/.pnpm/react-dom@19.2.0_react@19.2.0/node_modules/react-dom/cjs/react-dom-client.development.js:18432:9)
      at flushPendingEffects (node_modules/.pnpm/react-dom@19.2.0_react@19.2.0/node_modules/react-dom/cjs/react-dom-client.development.js:18358:14)
      at flushSpawnedWork (node_modules/.pnpm/react-dom@19.2.0_react@19.2.0/node_modules/react-dom/cjs/react-dom-client.development.js:18323:44)
      at commitRoot (node_modules/.pnpm/react-dom@19.2.0_react@19.2.0/node_modules/react-dom/cjs/react-dom-client.development.js:17955:9)
      at performWorkOnRoot (node_modules/.pnpm/react-dom@19.2.0_react@19.2.0/node_modules/react-dom/cjs/react-dom-client.development.js:16667:15)
      at performSyncWorkOnRoot (node_modules/.pnpm/react-dom@19.2.0_react@19.2.0/node_modules/react-dom/cjs/react-dom-client.development.js:18972:7)
      at flushSyncWorkAcrossRoots_impl (node_modules/.pnpm/react-dom@19.2.0_react@19.2.0/node_modules/react-dom/cjs/react-dom-client.development.js:18814:21)
      at flushSpawnedWork (node_modules/.pnpm/react-dom@19.2.0_react@19.2.0/node_modules/react-dom/cjs/react-dom-client.development.js:18334:9)
      at commitRoot (node_modules/.pnpm/react-dom@19.2.0_react@19.2.0/node_modules/react-dom/cjs/react-dom-client.development.js:17955:9)
      at performWorkOnRoot (node_modules/.pnpm/react-dom@19.2.0_react@19.2.0/node_modules/react-dom/cjs/react-dom-client.development.js:16667:15)
      at performWorkOnRootViaSchedulerTask (node_modules/.pnpm/react-dom@19.2.0_react@19.2.0/node_modules/react-dom/cjs/react-dom-client.development.js:18957:7)
      at flushActQueue (node_modules/.pnpm/react@19.2.0/node_modules/react/cjs/react.development.js:590:34)
      at process.env.NODE_ENV.exports.act (node_modules/.pnpm/react@19.2.0/node_modules/react/cjs/react.development.js:884:10)
      at node_modules/.pnpm/@testing-library+react@16.3_15d474de7481bb0af842c1b1705139a8/node_modules/@testing-library/react/dist/act-compat.js:47:25
      at renderRoot (node_modules/.pnpm/@testing-library+react@16.3_15d474de7481bb0af842c1b1705139a8/node_modules/@testing-library/react/dist/pure.js:190:26)
      at render (node_modules/.pnpm/@testing-library+react@16.3_15d474de7481bb0af842c1b1705139a8/node_modules/@testing-library/react/dist/pure.js:292:10)
      at Object.<anonymous> (src/components/accessible/__tests__/AccessibleModal.test.tsx:610:13)

    console.error
      `DialogContent` requires a `DialogTitle` for the component to be accessible for screen reader users.
      
      If you want to hide the `DialogTitle`, you can wrap it with our VisuallyHidden component.
      
      For more information, see https://radix-ui.com/primitives/docs/components/dialog

    [0m [90m 373 |[39m       [36mreturn[39m[33m;[39m
     [90m 374 |[39m     }
    [31m[1m>[22m[39m[90m 375 |[39m     originalError[33m.[39mcall(console[33m,[39m [33m...[39margs)[33m;[39m
     [90m     |[39m                   [31m[1m^[22m[39m
     [90m 376 |[39m   }[33m;[39m
     [90m 377 |[39m })[33m;[39m
     [90m 378 |[39m[0m

      at console.call [as error] (jest.setup.js:375:19)
      at node_modules/.pnpm/@radix-ui+react-dialog@1.1._664b8f23a65f4708bb5cf27e5ff43c08/node_modules/@radix-ui/react-dialog/src/dialog.tsx:520:30
      at Object.react_stack_bottom_frame (node_modules/.pnpm/react-dom@19.2.0_react@19.2.0/node_modules/react-dom/cjs/react-dom-client.development.js:25989:20)
      at runWithFiberInDEV (node_modules/.pnpm/react-dom@19.2.0_react@19.2.0/node_modules/react-dom/cjs/react-dom-client.development.js:874:13)
      at commitHookEffectListMount (node_modules/.pnpm/react-dom@19.2.0_react@19.2.0/node_modules/react-dom/cjs/react-dom-client.development.js:13249:29)
      at commitHookPassiveMountEffects (node_modules/.pnpm/react-dom@19.2.0_react@19.2.0/node_modules/react-dom/cjs/react-dom-client.development.js:13336:11)
      at commitPassiveMountOnFiber (node_modules/.pnpm/react-dom@19.2.0_react@19.2.0/node_modules/react-dom/cjs/react-dom-client.development.js:15484:13)
      at recursivelyTraversePassiveMountEffects (node_modules/.pnpm/react-dom@19.2.0_react@19.2.0/node_modules/react-dom/cjs/react-dom-client.development.js:15439:11)
      at commitPassiveMountOnFiber (node_modules/.pnpm/react-dom@19.2.0_react@19.2.0/node_modules/react-dom/cjs/react-dom-client.development.js:15718:11)
      at recursivelyTraversePassiveMountEffects (node_modules/.pnpm/react-dom@19.2.0_react@19.2.0/node_modules/react-dom/cjs/react-dom-client.development.js:15439:11)
      at commitPassiveMountOnFiber (node_modules/.pnpm/react-dom@19.2.0_react@19.2.0/node_modules/react-dom/cjs/react-dom-client.development.js:15476:11)
      at recursivelyTraversePassiveMountEffects (node_modules/.pnpm/react-dom@19.2.0_react@19.2.0/node_modules/react-dom/cjs/react-dom-client.development.js:15439:11)
      at commitPassiveMountOnFiber (node_modules/.pnpm/react-dom@19.2.0_react@19.2.0/node_modules/react-dom/cjs/react-dom-client.development.js:15476:11)
      at recursivelyTraversePassiveMountEffects (node_modules/.pnpm/react-dom@19.2.0_react@19.2.0/node_modules/react-dom/cjs/react-dom-client.development.js:15439:11)
      at commitPassiveMountOnFiber (node_modules/.pnpm/react-dom@19.2.0_react@19.2.0/node_modules/react-dom/cjs/react-dom-client.development.js:15476:11)
      at recursivelyTraversePassiveMountEffects (node_modules/.pnpm/react-dom@19.2.0_react@19.2.0/node_modules/react-dom/cjs/react-dom-client.development.js:15439:11)
      at commitPassiveMountOnFiber (node_modules/.pnpm/react-dom@19.2.0_react@19.2.0/node_modules/react-dom/cjs/react-dom-client.development.js:15476:11)
      at recursivelyTraversePassiveMountEffects (node_modules/.pnpm/react-dom@19.2.0_react@19.2.0/node_modules/react-dom/cjs/react-dom-client.development.js:15439:11)
      at commitPassiveMountOnFiber (node_modules/.pnpm/react-dom@19.2.0_react@19.2.0/node_modules/react-dom/cjs/react-dom-client.development.js:15476:11)
      at recursivelyTraversePassiveMountEffects (node_modules/.pnpm/react-dom@19.2.0_react@19.2.0/node_modules/react-dom/cjs/react-dom-client.development.js:15439:11)
      at commitPassiveMountOnFiber (node_modules/.pnpm/react-dom@19.2.0_react@19.2.0/node_modules/react-dom/cjs/react-dom-client.development.js:15476:11)
      at recursivelyTraversePassiveMountEffects (node_modules/.pnpm/react-dom@19.2.0_react@19.2.0/node_modules/react-dom/cjs/react-dom-client.development.js:15439:11)
      at commitPassiveMountOnFiber (node_modules/.pnpm/react-dom@19.2.0_react@19.2.0/node_modules/react-dom/cjs/react-dom-client.development.js:15476:11)
      at recursivelyTraversePassiveMountEffects (node_modules/.pnpm/react-dom@19.2.0_react@19.2.0/node_modules/react-dom/cjs/react-dom-client.development.js:15439:11)
      at commitPassiveMountOnFiber (node_modules/.pnpm/react-dom@19.2.0_react@19.2.0/node_modules/react-dom/cjs/react-dom-client.development.js:15718:11)
      at recursivelyTraversePassiveMountEffects (node_modules/.pnpm/react-dom@19.2.0_react@19.2.0/node_modules/react-dom/cjs/react-dom-client.development.js:15439:11)
      at commitPassiveMountOnFiber (node_modules/.pnpm/react-dom@19.2.0_react@19.2.0/node_modules/react-dom/cjs/react-dom-client.development.js:15476:11)
      at recursivelyTraversePassiveMountEffects (node_modules/.pnpm/react-dom@19.2.0_react@19.2.0/node_modules/react-dom/cjs/react-dom-client.development.js:15439:11)
      at commitPassiveMountOnFiber (node_modules/.pnpm/react-dom@19.2.0_react@19.2.0/node_modules/react-dom/cjs/react-dom-client.development.js:15476:11)
      at recursivelyTraversePassiveMountEffects (node_modules/.pnpm/react-dom@19.2.0_react@19.2.0/node_modules/react-dom/cjs/react-dom-client.development.js:15439:11)
      at commitPassiveMountOnFiber (node_modules/.pnpm/react-dom@19.2.0_react@19.2.0/node_modules/react-dom/cjs/react-dom-client.development.js:15718:11)
      at recursivelyTraversePassiveMountEffects (node_modules/.pnpm/react-dom@19.2.0_react@19.2.0/node_modules/react-dom/cjs/react-dom-client.development.js:15439:11)
      at commitPassiveMountOnFiber (node_modules/.pnpm/react-dom@19.2.0_react@19.2.0/node_modules/react-dom/cjs/react-dom-client.development.js:15476:11)
      at recursivelyTraversePassiveMountEffects (node_modules/.pnpm/react-dom@19.2.0_react@19.2.0/node_modules/react-dom/cjs/react-dom-client.development.js:15439:11)
      at commitPassiveMountOnFiber (node_modules/.pnpm/react-dom@19.2.0_react@19.2.0/node_modules/react-dom/cjs/react-dom-client.development.js:15476:11)
      at recursivelyTraversePassiveMountEffects (node_modules/.pnpm/react-dom@19.2.0_react@19.2.0/node_modules/react-dom/cjs/react-dom-client.development.js:15439:11)
      at commitPassiveMountOnFiber (node_modules/.pnpm/react-dom@19.2.0_react@19.2.0/node_modules/react-dom/cjs/react-dom-client.development.js:15476:11)
      at recursivelyTraversePassiveMountEffects (node_modules/.pnpm/react-dom@19.2.0_react@19.2.0/node_modules/react-dom/cjs/react-dom-client.development.js:15439:11)
      at commitPassiveMountOnFiber (node_modules/.pnpm/react-dom@19.2.0_react@19.2.0/node_modules/react-dom/cjs/react-dom-client.development.js:15718:11)
      at recursivelyTraversePassiveMountEffects (node_modules/.pnpm/react-dom@19.2.0_react@19.2.0/node_modules/react-dom/cjs/react-dom-client.development.js:15439:11)
      at commitPassiveMountOnFiber (node_modules/.pnpm/react-dom@19.2.0_react@19.2.0/node_modules/react-dom/cjs/react-dom-client.development.js:15476:11)
      at recursivelyTraversePassiveMountEffects (node_modules/.pnpm/react-dom@19.2.0_react@19.2.0/node_modules/react-dom/cjs/react-dom-client.development.js:15439:11)
      at commitPassiveMountOnFiber (node_modules/.pnpm/react-dom@19.2.0_react@19.2.0/node_modules/react-dom/cjs/react-dom-client.development.js:15476:11)
      at recursivelyTraversePassiveMountEffects (node_modules/.pnpm/react-dom@19.2.0_react@19.2.0/node_modules/react-dom/cjs/react-dom-client.development.js:15439:11)
      at commitPassiveMountOnFiber (node_modules/.pnpm/react-dom@19.2.0_react@19.2.0/node_modules/react-dom/cjs/react-dom-client.development.js:15476:11)
      at recursivelyTraversePassiveMountEffects (node_modules/.pnpm/react-dom@19.2.0_react@19.2.0/node_modules/react-dom/cjs/react-dom-client.development.js:15439:11)
      at commitPassiveMountOnFiber (node_modules/.pnpm/react-dom@19.2.0_react@19.2.0/node_modules/react-dom/cjs/react-dom-client.development.js:15519:11)
      at flushPassiveEffects (node_modules/.pnpm/react-dom@19.2.0_react@19.2.0/node_modules/react-dom/cjs/react-dom-client.development.js:18432:9)
      at flushPendingEffects (node_modules/.pnpm/react-dom@19.2.0_react@19.2.0/node_modules/react-dom/cjs/react-dom-client.development.js:18358:14)
      at flushSpawnedWork (node_modules/.pnpm/react-dom@19.2.0_react@19.2.0/node_modules/react-dom/cjs/react-dom-client.development.js:18323:44)
      at commitRoot (node_modules/.pnpm/react-dom@19.2.0_react@19.2.0/node_modules/react-dom/cjs/react-dom-client.development.js:17955:9)
      at performWorkOnRoot (node_modules/.pnpm/react-dom@19.2.0_react@19.2.0/node_modules/react-dom/cjs/react-dom-client.development.js:16667:15)
      at performSyncWorkOnRoot (node_modules/.pnpm/react-dom@19.2.0_react@19.2.0/node_modules/react-dom/cjs/react-dom-client.development.js:18972:7)
      at flushSyncWorkAcrossRoots_impl (node_modules/.pnpm/react-dom@19.2.0_react@19.2.0/node_modules/react-dom/cjs/react-dom-client.development.js:18814:21)
      at flushSpawnedWork (node_modules/.pnpm/react-dom@19.2.0_react@19.2.0/node_modules/react-dom/cjs/react-dom-client.development.js:18334:9)
      at commitRoot (node_modules/.pnpm/react-dom@19.2.0_react@19.2.0/node_modules/react-dom/cjs/react-dom-client.development.js:17955:9)
      at performWorkOnRoot (node_modules/.pnpm/react-dom@19.2.0_react@19.2.0/node_modules/react-dom/cjs/react-dom-client.development.js:16667:15)
      at performWorkOnRootViaSchedulerTask (node_modules/.pnpm/react-dom@19.2.0_react@19.2.0/node_modules/react-dom/cjs/react-dom-client.development.js:18957:7)
      at flushActQueue (node_modules/.pnpm/react@19.2.0/node_modules/react/cjs/react.development.js:590:34)
      at process.env.NODE_ENV.exports.act (node_modules/.pnpm/react@19.2.0/node_modules/react/cjs/react.development.js:884:10)
      at node_modules/.pnpm/@testing-library+react@16.3_15d474de7481bb0af842c1b1705139a8/node_modules/@testing-library/react/dist/act-compat.js:47:25
      at renderRoot (node_modules/.pnpm/@testing-library+react@16.3_15d474de7481bb0af842c1b1705139a8/node_modules/@testing-library/react/dist/pure.js:190:26)
      at rerender (node_modules/.pnpm/@testing-library+react@16.3_15d474de7481bb0af842c1b1705139a8/node_modules/@testing-library/react/dist/pure.js:211:7)
      at Object.rerender (src/components/accessible/__tests__/AccessibleModal.test.tsx:638:7)

    console.error
      `DialogContent` requires a `DialogTitle` for the component to be accessible for screen reader users.
      
      If you want to hide the `DialogTitle`, you can wrap it with our VisuallyHidden component.
      
      For more information, see https://radix-ui.com/primitives/docs/components/dialog

    [0m [90m 373 |[39m       [36mreturn[39m[33m;[39m
     [90m 374 |[39m     }
    [31m[1m>[22m[39m[90m 375 |[39m     originalError[33m.[39mcall(console[33m,[39m [33m...[39margs)[33m;[39m
     [90m     |[39m                   [31m[1m^[22m[39m
     [90m 376 |[39m   }[33m;[39m
     [90m 377 |[39m })[33m;[39m
     [90m 378 |[39m[0m

      at console.call [as error] (jest.setup.js:375:19)
      at node_modules/.pnpm/@radix-ui+react-dialog@1.1._664b8f23a65f4708bb5cf27e5ff43c08/node_modules/@radix-ui/react-dialog/src/dialog.tsx:520:30
      at Object.react_stack_bottom_frame (node_modules/.pnpm/react-dom@19.2.0_react@19.2.0/node_modules/react-dom/cjs/react-dom-client.development.js:25989:20)
      at runWithFiberInDEV (node_modules/.pnpm/react-dom@19.2.0_react@19.2.0/node_modules/react-dom/cjs/react-dom-client.development.js:874:13)
      at commitHookEffectListMount (node_modules/.pnpm/react-dom@19.2.0_react@19.2.0/node_modules/react-dom/cjs/react-dom-client.development.js:13249:29)
      at commitHookPassiveMountEffects (node_modules/.pnpm/react-dom@19.2.0_react@19.2.0/node_modules/react-dom/cjs/react-dom-client.development.js:13336:11)
      at commitPassiveMountOnFiber (node_modules/.pnpm/react-dom@19.2.0_react@19.2.0/node_modules/react-dom/cjs/react-dom-client.development.js:15484:13)
      at recursivelyTraversePassiveMountEffects (node_modules/.pnpm/react-dom@19.2.0_react@19.2.0/node_modules/react-dom/cjs/react-dom-client.development.js:15439:11)
      at commitPassiveMountOnFiber (node_modules/.pnpm/react-dom@19.2.0_react@19.2.0/node_modules/react-dom/cjs/react-dom-client.development.js:15718:11)
      at recursivelyTraversePassiveMountEffects (node_modules/.pnpm/react-dom@19.2.0_react@19.2.0/node_modules/react-dom/cjs/react-dom-client.development.js:15439:11)
      at commitPassiveMountOnFiber (node_modules/.pnpm/react-dom@19.2.0_react@19.2.0/node_modules/react-dom/cjs/react-dom-client.development.js:15476:11)
      at recursivelyTraversePassiveMountEffects (node_modules/.pnpm/react-dom@19.2.0_react@19.2.0/node_modules/react-dom/cjs/react-dom-client.development.js:15439:11)
      at commitPassiveMountOnFiber (node_modules/.pnpm/react-dom@19.2.0_react@19.2.0/node_modules/react-dom/cjs/react-dom-client.development.js:15476:11)
      at recursivelyTraversePassiveMountEffects (node_modules/.pnpm/react-dom@19.2.0_react@19.2.0/node_modules/react-dom/cjs/react-dom-client.development.js:15439:11)
      at commitPassiveMountOnFiber (node_modules/.pnpm/react-dom@19.2.0_react@19.2.0/node_modules/react-dom/cjs/react-dom-client.development.js:15476:11)
      at recursivelyTraversePassiveMountEffects (node_modules/.pnpm/react-dom@19.2.0_react@19.2.0/node_modules/react-dom/cjs/react-dom-client.development.js:15439:11)
      at commitPassiveMountOnFiber (node_modules/.pnpm/react-dom@19.2.0_react@19.2.0/node_modules/react-dom/cjs/react-dom-client.development.js:15476:11)
      at recursivelyTraversePassiveMountEffects (node_modules/.pnpm/react-dom@19.2.0_react@19.2.0/node_modules/react-dom/cjs/react-dom-client.development.js:15439:11)
      at commitPassiveMountOnFiber (node_modules/.pnpm/react-dom@19.2.0_react@19.2.0/node_modules/react-dom/cjs/react-dom-client.development.js:15476:11)
      at recursivelyTraversePassiveMountEffects (node_modules/.pnpm/react-dom@19.2.0_react@19.2.0/node_modules/react-dom/cjs/react-dom-client.development.js:15439:11)
      at commitPassiveMountOnFiber (node_modules/.pnpm/react-dom@19.2.0_react@19.2.0/node_modules/react-dom/cjs/react-dom-client.development.js:15476:11)
      at recursivelyTraversePassiveMountEffects (node_modules/.pnpm/react-dom@19.2.0_react@19.2.0/node_modules/react-dom/cjs/react-dom-client.development.js:15439:11)
      at commitPassiveMountOnFiber (node_modules/.pnpm/react-dom@19.2.0_react@19.2.0/node_modules/react-dom/cjs/react-dom-client.development.js:15476:11)
      at recursivelyTraversePassiveMountEffects (node_modules/.pnpm/react-dom@19.2.0_react@19.2.0/node_modules/react-dom/cjs/react-dom-client.development.js:15439:11)
      at commitPassiveMountOnFiber (node_modules/.pnpm/react-dom@19.2.0_react@19.2.0/node_modules/react-dom/cjs/react-dom-client.development.js:15718:11)
      at recursivelyTraversePassiveMountEffects (node_modules/.pnpm/react-dom@19.2.0_react@19.2.0/node_modules/react-dom/cjs/react-dom-client.development.js:15439:11)
      at commitPassiveMountOnFiber (node_modules/.pnpm/react-dom@19.2.0_react@19.2.0/node_modules/react-dom/cjs/react-dom-client.development.js:15476:11)
      at recursivelyTraversePassiveMountEffects (node_modules/.pnpm/react-dom@19.2.0_react@19.2.0/node_modules/react-dom/cjs/react-dom-client.development.js:15439:11)
      at commitPassiveMountOnFiber (node_modules/.pnpm/react-dom@19.2.0_react@19.2.0/node_modules/react-dom/cjs/react-dom-client.development.js:15476:11)
      at recursivelyTraversePassiveMountEffects (node_modules/.pnpm/react-dom@19.2.0_react@19.2.0/node_modules/react-dom/cjs/react-dom-client.development.js:15439:11)
      at commitPassiveMountOnFiber (node_modules/.pnpm/react-dom@19.2.0_react@19.2.0/node_modules/react-dom/cjs/react-dom-client.development.js:15718:11)
      at recursivelyTraversePassiveMountEffects (node_modules/.pnpm/react-dom@19.2.0_react@19.2.0/node_modules/react-dom/cjs/react-dom-client.development.js:15439:11)
      at commitPassiveMountOnFiber (node_modules/.pnpm/react-dom@19.2.0_react@19.2.0/node_modules/react-dom/cjs/react-dom-client.development.js:15476:11)
      at recursivelyTraversePassiveMountEffects (node_modules/.pnpm/react-dom@19.2.0_react@19.2.0/node_modules/react-dom/cjs/react-dom-client.development.js:15439:11)
      at commitPassiveMountOnFiber (node_modules/.pnpm/react-dom@19.2.0_react@19.2.0/node_modules/react-dom/cjs/react-dom-client.development.js:15476:11)
      at recursivelyTraversePassiveMountEffects (node_modules/.pnpm/react-dom@19.2.0_react@19.2.0/node_modules/react-dom/cjs/react-dom-client.development.js:15439:11)
      at commitPassiveMountOnFiber (node_modules/.pnpm/react-dom@19.2.0_react@19.2.0/node_modules/react-dom/cjs/react-dom-client.development.js:15476:11)
      at recursivelyTraversePassiveMountEffects (node_modules/.pnpm/react-dom@19.2.0_react@19.2.0/node_modules/react-dom/cjs/react-dom-client.development.js:15439:11)
      at commitPassiveMountOnFiber (node_modules/.pnpm/react-dom@19.2.0_react@19.2.0/node_modules/react-dom/cjs/react-dom-client.development.js:15718:11)
      at recursivelyTraversePassiveMountEffects (node_modules/.pnpm/react-dom@19.2.0_react@19.2.0/node_modules/react-dom/cjs/react-dom-client.development.js:15439:11)
      at commitPassiveMountOnFiber (node_modules/.pnpm/react-dom@19.2.0_react@19.2.0/node_modules/react-dom/cjs/react-dom-client.development.js:15476:11)
      at recursivelyTraversePassiveMountEffects (node_modules/.pnpm/react-dom@19.2.0_react@19.2.0/node_modules/react-dom/cjs/react-dom-client.development.js:15439:11)
      at commitPassiveMountOnFiber (node_modules/.pnpm/react-dom@19.2.0_react@19.2.0/node_modules/react-dom/cjs/react-dom-client.development.js:15476:11)
      at recursivelyTraversePassiveMountEffects (node_modules/.pnpm/react-dom@19.2.0_react@19.2.0/node_modules/react-dom/cjs/react-dom-client.development.js:15439:11)
      at commitPassiveMountOnFiber (node_modules/.pnpm/react-dom@19.2.0_react@19.2.0/node_modules/react-dom/cjs/react-dom-client.development.js:15476:11)
      at recursivelyTraversePassiveMountEffects (node_modules/.pnpm/react-dom@19.2.0_react@19.2.0/node_modules/react-dom/cjs/react-dom-client.development.js:15439:11)
      at commitPassiveMountOnFiber (node_modules/.pnpm/react-dom@19.2.0_react@19.2.0/node_modules/react-dom/cjs/react-dom-client.development.js:15519:11)
      at flushPassiveEffects (node_modules/.pnpm/react-dom@19.2.0_react@19.2.0/node_modules/react-dom/cjs/react-dom-client.development.js:18432:9)
      at flushPendingEffects (node_modules/.pnpm/react-dom@19.2.0_react@19.2.0/node_modules/react-dom/cjs/react-dom-client.development.js:18358:14)
      at flushSpawnedWork (node_modules/.pnpm/react-dom@19.2.0_react@19.2.0/node_modules/react-dom/cjs/react-dom-client.development.js:18323:44)
      at commitRoot (node_modules/.pnpm/react-dom@19.2.0_react@19.2.0/node_modules/react-dom/cjs/react-dom-client.development.js:17955:9)
      at performWorkOnRoot (node_modules/.pnpm/react-dom@19.2.0_react@19.2.0/node_modules/react-dom/cjs/react-dom-client.development.js:16667:15)
      at performSyncWorkOnRoot (node_modules/.pnpm/react-dom@19.2.0_react@19.2.0/node_modules/react-dom/cjs/react-dom-client.development.js:18972:7)
      at flushSyncWorkAcrossRoots_impl (node_modules/.pnpm/react-dom@19.2.0_react@19.2.0/node_modules/react-dom/cjs/react-dom-client.development.js:18814:21)
      at flushSpawnedWork (node_modules/.pnpm/react-dom@19.2.0_react@19.2.0/node_modules/react-dom/cjs/react-dom-client.development.js:18334:9)
      at commitRoot (node_modules/.pnpm/react-dom@19.2.0_react@19.2.0/node_modules/react-dom/cjs/react-dom-client.development.js:17955:9)
      at performWorkOnRoot (node_modules/.pnpm/react-dom@19.2.0_react@19.2.0/node_modules/react-dom/cjs/react-dom-client.development.js:16667:15)
      at performWorkOnRootViaSchedulerTask (node_modules/.pnpm/react-dom@19.2.0_react@19.2.0/node_modules/react-dom/cjs/react-dom-client.development.js:18957:7)
      at flushActQueue (node_modules/.pnpm/react@19.2.0/node_modules/react/cjs/react.development.js:590:34)
      at process.env.NODE_ENV.exports.act (node_modules/.pnpm/react@19.2.0/node_modules/react/cjs/react.development.js:884:10)
      at node_modules/.pnpm/@testing-library+react@16.3_15d474de7481bb0af842c1b1705139a8/node_modules/@testing-library/react/dist/act-compat.js:47:25
      at renderRoot (node_modules/.pnpm/@testing-library+react@16.3_15d474de7481bb0af842c1b1705139a8/node_modules/@testing-library/react/dist/pure.js:190:26)
      at rerender (node_modules/.pnpm/@testing-library+react@16.3_15d474de7481bb0af842c1b1705139a8/node_modules/@testing-library/react/dist/pure.js:211:7)
      at Object.rerender (src/components/accessible/__tests__/AccessibleModal.test.tsx:650:7)

    console.error
      `DialogContent` requires a `DialogTitle` for the component to be accessible for screen reader users.
      
      If you want to hide the `DialogTitle`, you can wrap it with our VisuallyHidden component.
      
      For more information, see https://radix-ui.com/primitives/docs/components/dialog

    [0m [90m 373 |[39m       [36mreturn[39m[33m;[39m
     [90m 374 |[39m     }
    [31m[1m>[22m[39m[90m 375 |[39m     originalError[33m.[39mcall(console[33m,[39m [33m...[39margs)[33m;[39m
     [90m     |[39m                   [31m[1m^[22m[39m
     [90m 376 |[39m   }[33m;[39m
     [90m 377 |[39m })[33m;[39m
     [90m 378 |[39m[0m

      at console.call [as error] (jest.setup.js:375:19)
      at node_modules/.pnpm/@radix-ui+react-dialog@1.1._664b8f23a65f4708bb5cf27e5ff43c08/node_modules/@radix-ui/react-dialog/src/dialog.tsx:520:30
      at Object.react_stack_bottom_frame (node_modules/.pnpm/react-dom@19.2.0_react@19.2.0/node_modules/react-dom/cjs/react-dom-client.development.js:25989:20)
      at runWithFiberInDEV (node_modules/.pnpm/react-dom@19.2.0_react@19.2.0/node_modules/react-dom/cjs/react-dom-client.development.js:874:13)
      at commitHookEffectListMount (node_modules/.pnpm/react-dom@19.2.0_react@19.2.0/node_modules/react-dom/cjs/react-dom-client.development.js:13249:29)
      at commitHookPassiveMountEffects (node_modules/.pnpm/react-dom@19.2.0_react@19.2.0/node_modules/react-dom/cjs/react-dom-client.development.js:13336:11)
      at commitPassiveMountOnFiber (node_modules/.pnpm/react-dom@19.2.0_react@19.2.0/node_modules/react-dom/cjs/react-dom-client.development.js:15484:13)
      at recursivelyTraversePassiveMountEffects (node_modules/.pnpm/react-dom@19.2.0_react@19.2.0/node_modules/react-dom/cjs/react-dom-client.development.js:15439:11)
      at commitPassiveMountOnFiber (node_modules/.pnpm/react-dom@19.2.0_react@19.2.0/node_modules/react-dom/cjs/react-dom-client.development.js:15718:11)
      at recursivelyTraversePassiveMountEffects (node_modules/.pnpm/react-dom@19.2.0_react@19.2.0/node_modules/react-dom/cjs/react-dom-client.development.js:15439:11)
      at commitPassiveMountOnFiber (node_modules/.pnpm/react-dom@19.2.0_react@19.2.0/node_modules/react-dom/cjs/react-dom-client.development.js:15476:11)
      at recursivelyTraversePassiveMountEffects (node_modules/.pnpm/react-dom@19.2.0_react@19.2.0/node_modules/react-dom/cjs/react-dom-client.development.js:15439:11)
      at commitPassiveMountOnFiber (node_modules/.pnpm/react-dom@19.2.0_react@19.2.0/node_modules/react-dom/cjs/react-dom-client.development.js:15476:11)
      at recursivelyTraversePassiveMountEffects (node_modules/.pnpm/react-dom@19.2.0_react@19.2.0/node_modules/react-dom/cjs/react-dom-client.development.js:15439:11)
      at commitPassiveMountOnFiber (node_modules/.pnpm/react-dom@19.2.0_react@19.2.0/node_modules/react-dom/cjs/react-dom-client.development.js:15476:11)
      at recursivelyTraversePassiveMountEffects (node_modules/.pnpm/react-dom@19.2.0_react@19.2.0/node_modules/react-dom/cjs/react-dom-client.development.js:15439:11)
      at commitPassiveMountOnFiber (node_modules/.pnpm/react-dom@19.2.0_react@19.2.0/node_modules/react-dom/cjs/react-dom-client.development.js:15476:11)
      at recursivelyTraversePassiveMountEffects (node_modules/.pnpm/react-dom@19.2.0_react@19.2.0/node_modules/react-dom/cjs/react-dom-client.development.js:15439:11)
      at commitPassiveMountOnFiber (node_modules/.pnpm/react-dom@19.2.0_react@19.2.0/node_modules/react-dom/cjs/react-dom-client.development.js:15476:11)
      at recursivelyTraversePassiveMountEffects (node_modules/.pnpm/react-dom@19.2.0_react@19.2.0/node_modules/react-dom/cjs/react-dom-client.development.js:15439:11)
      at commitPassiveMountOnFiber (node_modules/.pnpm/react-dom@19.2.0_react@19.2.0/node_modules/react-dom/cjs/react-dom-client.development.js:15476:11)
      at recursivelyTraversePassiveMountEffects (node_modules/.pnpm/react-dom@19.2.0_react@19.2.0/node_modules/react-dom/cjs/react-dom-client.development.js:15439:11)
      at commitPassiveMountOnFiber (node_modules/.pnpm/react-dom@19.2.0_react@19.2.0/node_modules/react-dom/cjs/react-dom-client.development.js:15476:11)
      at recursivelyTraversePassiveMountEffects (node_modules/.pnpm/react-dom@19.2.0_react@19.2.0/node_modules/react-dom/cjs/react-dom-client.development.js:15439:11)
      at commitPassiveMountOnFiber (node_modules/.pnpm/react-dom@19.2.0_react@19.2.0/node_modules/react-dom/cjs/react-dom-client.development.js:15718:11)
      at recursivelyTraversePassiveMountEffects (node_modules/.pnpm/react-dom@19.2.0_react@19.2.0/node_modules/react-dom/cjs/react-dom-client.development.js:15439:11)
      at commitPassiveMountOnFiber (node_modules/.pnpm/react-dom@19.2.0_react@19.2.0/node_modules/react-dom/cjs/react-dom-client.development.js:15476:11)
      at recursivelyTraversePassiveMountEffects (node_modules/.pnpm/react-dom@19.2.0_react@19.2.0/node_modules/react-dom/cjs/react-dom-client.development.js:15439:11)
      at commitPassiveMountOnFiber (node_modules/.pnpm/react-dom@19.2.0_react@19.2.0/node_modules/react-dom/cjs/react-dom-client.development.js:15476:11)
      at recursivelyTraversePassiveMountEffects (node_modules/.pnpm/react-dom@19.2.0_react@19.2.0/node_modules/react-dom/cjs/react-dom-client.development.js:15439:11)
      at commitPassiveMountOnFiber (node_modules/.pnpm/react-dom@19.2.0_react@19.2.0/node_modules/react-dom/cjs/react-dom-client.development.js:15718:11)
      at recursivelyTraversePassiveMountEffects (node_modules/.pnpm/react-dom@19.2.0_react@19.2.0/node_modules/react-dom/cjs/react-dom-client.development.js:15439:11)
      at commitPassiveMountOnFiber (node_modules/.pnpm/react-dom@19.2.0_react@19.2.0/node_modules/react-dom/cjs/react-dom-client.development.js:15476:11)
      at recursivelyTraversePassiveMountEffects (node_modules/.pnpm/react-dom@19.2.0_react@19.2.0/node_modules/react-dom/cjs/react-dom-client.development.js:15439:11)
      at commitPassiveMountOnFiber (node_modules/.pnpm/react-dom@19.2.0_react@19.2.0/node_modules/react-dom/cjs/react-dom-client.development.js:15476:11)
      at recursivelyTraversePassiveMountEffects (node_modules/.pnpm/react-dom@19.2.0_react@19.2.0/node_modules/react-dom/cjs/react-dom-client.development.js:15439:11)
      at commitPassiveMountOnFiber (node_modules/.pnpm/react-dom@19.2.0_react@19.2.0/node_modules/react-dom/cjs/react-dom-client.development.js:15476:11)
      at recursivelyTraversePassiveMountEffects (node_modules/.pnpm/react-dom@19.2.0_react@19.2.0/node_modules/react-dom/cjs/react-dom-client.development.js:15439:11)
      at commitPassiveMountOnFiber (node_modules/.pnpm/react-dom@19.2.0_react@19.2.0/node_modules/react-dom/cjs/react-dom-client.development.js:15718:11)
      at recursivelyTraversePassiveMountEffects (node_modules/.pnpm/react-dom@19.2.0_react@19.2.0/node_modules/react-dom/cjs/react-dom-client.development.js:15439:11)
      at commitPassiveMountOnFiber (node_modules/.pnpm/react-dom@19.2.0_react@19.2.0/node_modules/react-dom/cjs/react-dom-client.development.js:15476:11)
      at recursivelyTraversePassiveMountEffects (node_modules/.pnpm/react-dom@19.2.0_react@19.2.0/node_modules/react-dom/cjs/react-dom-client.development.js:15439:11)
      at commitPassiveMountOnFiber (node_modules/.pnpm/react-dom@19.2.0_react@19.2.0/node_modules/react-dom/cjs/react-dom-client.development.js:15476:11)
      at recursivelyTraversePassiveMountEffects (node_modules/.pnpm/react-dom@19.2.0_react@19.2.0/node_modules/react-dom/cjs/react-dom-client.development.js:15439:11)
      at commitPassiveMountOnFiber (node_modules/.pnpm/react-dom@19.2.0_react@19.2.0/node_modules/react-dom/cjs/react-dom-client.development.js:15476:11)
      at recursivelyTraversePassiveMountEffects (node_modules/.pnpm/react-dom@19.2.0_react@19.2.0/node_modules/react-dom/cjs/react-dom-client.development.js:15439:11)
      at commitPassiveMountOnFiber (node_modules/.pnpm/react-dom@19.2.0_react@19.2.0/node_modules/react-dom/cjs/react-dom-client.development.js:15519:11)
      at flushPassiveEffects (node_modules/.pnpm/react-dom@19.2.0_react@19.2.0/node_modules/react-dom/cjs/react-dom-client.development.js:18432:9)
      at flushPendingEffects (node_modules/.pnpm/react-dom@19.2.0_react@19.2.0/node_modules/react-dom/cjs/react-dom-client.development.js:18358:14)
      at flushSpawnedWork (node_modules/.pnpm/react-dom@19.2.0_react@19.2.0/node_modules/react-dom/cjs/react-dom-client.development.js:18323:44)
      at commitRoot (node_modules/.pnpm/react-dom@19.2.0_react@19.2.0/node_modules/react-dom/cjs/react-dom-client.development.js:17955:9)
      at performWorkOnRoot (node_modules/.pnpm/react-dom@19.2.0_react@19.2.0/node_modules/react-dom/cjs/react-dom-client.development.js:16667:15)
      at performSyncWorkOnRoot (node_modules/.pnpm/react-dom@19.2.0_react@19.2.0/node_modules/react-dom/cjs/react-dom-client.development.js:18972:7)
      at flushSyncWorkAcrossRoots_impl (node_modules/.pnpm/react-dom@19.2.0_react@19.2.0/node_modules/react-dom/cjs/react-dom-client.development.js:18814:21)
      at flushSpawnedWork (node_modules/.pnpm/react-dom@19.2.0_react@19.2.0/node_modules/react-dom/cjs/react-dom-client.development.js:18334:9)
      at commitRoot (node_modules/.pnpm/react-dom@19.2.0_react@19.2.0/node_modules/react-dom/cjs/react-dom-client.development.js:17955:9)
      at performWorkOnRoot (node_modules/.pnpm/react-dom@19.2.0_react@19.2.0/node_modules/react-dom/cjs/react-dom-client.development.js:16667:15)
      at performWorkOnRootViaSchedulerTask (node_modules/.pnpm/react-dom@19.2.0_react@19.2.0/node_modules/react-dom/cjs/react-dom-client.development.js:18957:7)
      at flushActQueue (node_modules/.pnpm/react@19.2.0/node_modules/react/cjs/react.development.js:590:34)
      at process.env.NODE_ENV.exports.act (node_modules/.pnpm/react@19.2.0/node_modules/react/cjs/react.development.js:884:10)
      at node_modules/.pnpm/@testing-library+react@16.3_15d474de7481bb0af842c1b1705139a8/node_modules/@testing-library/react/dist/act-compat.js:47:25
      at renderRoot (node_modules/.pnpm/@testing-library+react@16.3_15d474de7481bb0af842c1b1705139a8/node_modules/@testing-library/react/dist/pure.js:190:26)
      at render (node_modules/.pnpm/@testing-library+react@16.3_15d474de7481bb0af842c1b1705139a8/node_modules/@testing-library/react/dist/pure.js:292:10)
      at Object.<anonymous> (src/components/accessible/__tests__/AccessibleModal.test.tsx:668:13)

PASS src/__tests__/pages/admin-users.test.tsx (11.745 s)
PASS src/__tests__/utils/__tests__/async-test-helpers.test.tsx
  ● Console

    console.error
      An update to ComponentWithTimer inside a test was not wrapped in act(...).
      
      When testing, code that causes React state updates should be wrapped into act(...):
      
      act(() => {
        /* fire events that update state */
      });
      /* assert on the output */
      
      This ensures that you're testing the behavior the user would see in the browser. Learn more at https://react.dev/link/wrap-tests-with-act

    [0m [90m 373 |[39m       [36mreturn[39m[33m;[39m
     [90m 374 |[39m     }
    [31m[1m>[22m[39m[90m 375 |[39m     originalError[33m.[39mcall(console[33m,[39m [33m...[39margs)[33m;[39m
     [90m     |[39m                   [31m[1m^[22m[39m
     [90m 376 |[39m   }[33m;[39m
     [90m 377 |[39m })[33m;[39m
     [90m 378 |[39m[0m

      at console.call [as error] (jest.setup.js:375:19)
      at node_modules/.pnpm/react-dom@19.2.0_react@19.2.0/node_modules/react-dom/cjs/react-dom-client.development.js:18758:19
      at runWithFiberInDEV (node_modules/.pnpm/react-dom@19.2.0_react@19.2.0/node_modules/react-dom/cjs/react-dom-client.development.js:874:13)
      at warnIfUpdatesNotWrappedWithActDEV (node_modules/.pnpm/react-dom@19.2.0_react@19.2.0/node_modules/react-dom/cjs/react-dom-client.development.js:18757:9)
      at scheduleUpdateOnFiber (node_modules/.pnpm/react-dom@19.2.0_react@19.2.0/node_modules/react-dom/cjs/react-dom-client.development.js:16409:11)
      at dispatchSetStateInternal (node_modules/.pnpm/react-dom@19.2.0_react@19.2.0/node_modules/react-dom/cjs/react-dom-client.development.js:9170:13)
      at dispatchSetState (node_modules/.pnpm/react-dom@19.2.0_react@19.2.0/node_modules/react-dom/cjs/react-dom-client.development.js:9127:7)
      at setCount (src/__tests__/utils/__tests__/async-test-helpers.test.tsx:29:7)
      at callTimer (node_modules/.pnpm/@sinonjs+fake-timers@13.0.5/node_modules/@sinonjs/fake-timers/src/fake-timers-src.js:806:24)
      at doTickInner (node_modules/.pnpm/@sinonjs+fake-timers@13.0.5/node_modules/@sinonjs/fake-timers/src/fake-timers-src.js:1413:29)
      at doTick (node_modules/.pnpm/@sinonjs+fake-timers@13.0.5/node_modules/@sinonjs/fake-timers/src/fake-timers-src.js:1494:20)
      at Object.tick (node_modules/.pnpm/@sinonjs+fake-timers@13.0.5/node_modules/@sinonjs/fake-timers/src/fake-timers-src.js:1502:20)
      at Object.runToLast (node_modules/.pnpm/@sinonjs+fake-timers@13.0.5/node_modules/@sinonjs/fake-timers/src/fake-timers-src.js:1661:26)
      at FakeTimers.runOnlyPendingTimers (node_modules/.pnpm/@jest+fake-timers@30.2.0/node_modules/@jest/fake-timers/build/index.js:542:19)
      at Object.runOnlyPendingTimers (src/__tests__/utils/__tests__/async-test-helpers.test.tsx:60:12)

    console.error
      An update to ComponentWithTimer inside a test was not wrapped in act(...).
      
      When testing, code that causes React state updates should be wrapped into act(...):
      
      act(() => {
        /* fire events that update state */
      });
      /* assert on the output */
      
      This ensures that you're testing the behavior the user would see in the browser. Learn more at https://react.dev/link/wrap-tests-with-act

    [0m [90m 373 |[39m       [36mreturn[39m[33m;[39m
     [90m 374 |[39m     }
    [31m[1m>[22m[39m[90m 375 |[39m     originalError[33m.[39mcall(console[33m,[39m [33m...[39margs)[33m;[39m
     [90m     |[39m                   [31m[1m^[22m[39m
     [90m 376 |[39m   }[33m;[39m
     [90m 377 |[39m })[33m;[39m
     [90m 378 |[39m[0m

      at console.call [as error] (jest.setup.js:375:19)
      at node_modules/.pnpm/react-dom@19.2.0_react@19.2.0/node_modules/react-dom/cjs/react-dom-client.development.js:18758:19
      at runWithFiberInDEV (node_modules/.pnpm/react-dom@19.2.0_react@19.2.0/node_modules/react-dom/cjs/react-dom-client.development.js:874:13)
      at warnIfUpdatesNotWrappedWithActDEV (node_modules/.pnpm/react-dom@19.2.0_react@19.2.0/node_modules/react-dom/cjs/react-dom-client.development.js:18757:9)
      at scheduleUpdateOnFiber (node_modules/.pnpm/react-dom@19.2.0_react@19.2.0/node_modules/react-dom/cjs/react-dom-client.development.js:16409:11)
      at dispatchSetStateInternal (node_modules/.pnpm/react-dom@19.2.0_react@19.2.0/node_modules/react-dom/cjs/react-dom-client.development.js:9170:13)
      at dispatchSetState (node_modules/.pnpm/react-dom@19.2.0_react@19.2.0/node_modules/react-dom/cjs/react-dom-client.development.js:9127:7)
      at setCount (src/__tests__/utils/__tests__/async-test-helpers.test.tsx:29:7)
      at callTimer (node_modules/.pnpm/@sinonjs+fake-timers@13.0.5/node_modules/@sinonjs/fake-timers/src/fake-timers-src.js:806:24)
      at doTickInner (node_modules/.pnpm/@sinonjs+fake-timers@13.0.5/node_modules/@sinonjs/fake-timers/src/fake-timers-src.js:1413:29)
      at doTick (node_modules/.pnpm/@sinonjs+fake-timers@13.0.5/node_modules/@sinonjs/fake-timers/src/fake-timers-src.js:1494:20)
      at Object.tick (node_modules/.pnpm/@sinonjs+fake-timers@13.0.5/node_modules/@sinonjs/fake-timers/src/fake-timers-src.js:1502:20)
      at Object.runToLast (node_modules/.pnpm/@sinonjs+fake-timers@13.0.5/node_modules/@sinonjs/fake-timers/src/fake-timers-src.js:1661:26)
      at FakeTimers.runOnlyPendingTimers (node_modules/.pnpm/@jest+fake-timers@30.2.0/node_modules/@jest/fake-timers/build/index.js:542:19)
      at Object.runOnlyPendingTimers (src/__tests__/utils/__tests__/async-test-helpers.test.tsx:60:12)

PASS src/components/diff/__tests__/DiffSearchInput.test.tsx
PASS src/__tests__/pages/admin-cache.test.tsx
  ● Console

    console.error
      An update to CacheDashboard inside a test was not wrapped in act(...).
      
      When testing, code that causes React state updates should be wrapped into act(...):
      
      act(() => {
        /* fire events that update state */
      });
      /* assert on the output */
      
      This ensures that you're testing the behavior the user would see in the browser. Learn more at https://react.dev/link/wrap-tests-with-act

    [0m [90m 373 |[39m       [36mreturn[39m[33m;[39m
     [90m 374 |[39m     }
    [31m[1m>[22m[39m[90m 375 |[39m     originalError[33m.[39mcall(console[33m,[39m [33m...[39margs)[33m;[39m
     [90m     |[39m                   [31m[1m^[22m[39m
     [90m 376 |[39m   }[33m;[39m
     [90m 377 |[39m })[33m;[39m
     [90m 378 |[39m[0m

      at console.call [as error] (jest.setup.js:375:19)
      at node_modules/.pnpm/react-dom@19.2.0_react@19.2.0/node_modules/react-dom/cjs/react-dom-client.development.js:18758:19
      at runWithFiberInDEV (node_modules/.pnpm/react-dom@19.2.0_react@19.2.0/node_modules/react-dom/cjs/react-dom-client.development.js:874:13)
      at warnIfUpdatesNotWrappedWithActDEV (node_modules/.pnpm/react-dom@19.2.0_react@19.2.0/node_modules/react-dom/cjs/react-dom-client.development.js:18757:9)
      at scheduleUpdateOnFiber (node_modules/.pnpm/react-dom@19.2.0_react@19.2.0/node_modules/react-dom/cjs/react-dom-client.development.js:16409:11)
      at dispatchSetStateInternal (node_modules/.pnpm/react-dom@19.2.0_react@19.2.0/node_modules/react-dom/cjs/react-dom-client.development.js:9170:13)
      at dispatchSetState (node_modules/.pnpm/react-dom@19.2.0_react@19.2.0/node_modules/react-dom/cjs/react-dom-client.development.js:9127:7)
      at setToasts (src/pages/admin/cache.tsx:44:7)
      at callTimer (node_modules/.pnpm/@sinonjs+fake-timers@13.0.5/node_modules/@sinonjs/fake-timers/src/fake-timers-src.js:806:24)
      at doTickInner (node_modules/.pnpm/@sinonjs+fake-timers@13.0.5/node_modules/@sinonjs/fake-timers/src/fake-timers-src.js:1413:29)
      at doTick (node_modules/.pnpm/@sinonjs+fake-timers@13.0.5/node_modules/@sinonjs/fake-timers/src/fake-timers-src.js:1494:20)
      at Object.tick (node_modules/.pnpm/@sinonjs+fake-timers@13.0.5/node_modules/@sinonjs/fake-timers/src/fake-timers-src.js:1502:20)
      at FakeTimers.advanceTimersByTime (node_modules/.pnpm/@jest+fake-timers@30.2.0/node_modules/@jest/fake-timers/build/index.js:576:19)
      at Object.advanceTimersByTime (src/__tests__/pages/admin-cache.test.tsx:678:10)

PASS src/components/__tests__/ThemeSwitcher.test.tsx
PASS src/__tests__/pages/admin-prompts-index.test.tsx
PASS src/lib/hooks/__tests__/useMultiGameChat.test.ts
  ● Console

    console.error
      An update to TestComponent inside a test was not wrapped in act(...).
      
      When testing, code that causes React state updates should be wrapped into act(...):
      
      act(() => {
        /* fire events that update state */
      });
      /* assert on the output */
      
      This ensures that you're testing the behavior the user would see in the browser. Learn more at https://react.dev/link/wrap-tests-with-act

    [0m [90m 373 |[39m       [36mreturn[39m[33m;[39m
     [90m 374 |[39m     }
    [31m[1m>[22m[39m[90m 375 |[39m     originalError[33m.[39mcall(console[33m,[39m [33m...[39margs)[33m;[39m
     [90m     |[39m                   [31m[1m^[22m[39m
     [90m 376 |[39m   }[33m;[39m
     [90m 377 |[39m })[33m;[39m
     [90m 378 |[39m[0m

      at console.call [as error] (jest.setup.js:375:19)
      at node_modules/.pnpm/react-dom@19.2.0_react@19.2.0/node_modules/react-dom/cjs/react-dom-client.development.js:18758:19
      at runWithFiberInDEV (node_modules/.pnpm/react-dom@19.2.0_react@19.2.0/node_modules/react-dom/cjs/react-dom-client.development.js:874:13)
      at warnIfUpdatesNotWrappedWithActDEV (node_modules/.pnpm/react-dom@19.2.0_react@19.2.0/node_modules/react-dom/cjs/react-dom-client.development.js:18757:9)
      at scheduleUpdateOnFiber (node_modules/.pnpm/react-dom@19.2.0_react@19.2.0/node_modules/react-dom/cjs/react-dom-client.development.js:16409:11)
      at dispatchSetStateInternal (node_modules/.pnpm/react-dom@19.2.0_react@19.2.0/node_modules/react-dom/cjs/react-dom-client.development.js:9170:13)
      at dispatchSetState (node_modules/.pnpm/react-dom@19.2.0_react@19.2.0/node_modules/react-dom/cjs/react-dom-client.development.js:9127:7)
      at setChatStatesByGame (src/lib/hooks/useMultiGameChat.ts:133:5)
      at updateGameState (src/lib/hooks/useMultiGameChat.ts:155:7)
      at Object.<anonymous> (src/lib/hooks/useMultiGameChat.ts:177:7)

    console.error
      An update to TestComponent inside a test was not wrapped in act(...).
      
      When testing, code that causes React state updates should be wrapped into act(...):
      
      act(() => {
        /* fire events that update state */
      });
      /* assert on the output */
      
      This ensures that you're testing the behavior the user would see in the browser. Learn more at https://react.dev/link/wrap-tests-with-act

    [0m [90m 373 |[39m       [36mreturn[39m[33m;[39m
     [90m 374 |[39m     }
    [31m[1m>[22m[39m[90m 375 |[39m     originalError[33m.[39mcall(console[33m,[39m [33m...[39margs)[33m;[39m
     [90m     |[39m                   [31m[1m^[22m[39m
     [90m 376 |[39m   }[33m;[39m
     [90m 377 |[39m })[33m;[39m
     [90m 378 |[39m[0m

      at console.call [as error] (jest.setup.js:375:19)
      at node_modules/.pnpm/react-dom@19.2.0_react@19.2.0/node_modules/react-dom/cjs/react-dom-client.development.js:18758:19
      at runWithFiberInDEV (node_modules/.pnpm/react-dom@19.2.0_react@19.2.0/node_modules/react-dom/cjs/react-dom-client.development.js:874:13)
      at warnIfUpdatesNotWrappedWithActDEV (node_modules/.pnpm/react-dom@19.2.0_react@19.2.0/node_modules/react-dom/cjs/react-dom-client.development.js:18757:9)
      at scheduleUpdateOnFiber (node_modules/.pnpm/react-dom@19.2.0_react@19.2.0/node_modules/react-dom/cjs/react-dom-client.development.js:16409:11)
      at dispatchSetStateInternal (node_modules/.pnpm/react-dom@19.2.0_react@19.2.0/node_modules/react-dom/cjs/react-dom-client.development.js:9170:13)
      at dispatchSetState (node_modules/.pnpm/react-dom@19.2.0_react@19.2.0/node_modules/react-dom/cjs/react-dom-client.development.js:9127:7)
      at setChatStatesByGame (src/lib/hooks/useMultiGameChat.ts:133:5)
      at updateGameState (src/lib/hooks/useMultiGameChat.ts:155:7)
      at Object.<anonymous> (src/lib/hooks/useMultiGameChat.ts:177:7)

    console.error
      An update to TestComponent inside a test was not wrapped in act(...).
      
      When testing, code that causes React state updates should be wrapped into act(...):
      
      act(() => {
        /* fire events that update state */
      });
      /* assert on the output */
      
      This ensures that you're testing the behavior the user would see in the browser. Learn more at https://react.dev/link/wrap-tests-with-act

    [0m [90m 373 |[39m       [36mreturn[39m[33m;[39m
     [90m 374 |[39m     }
    [31m[1m>[22m[39m[90m 375 |[39m     originalError[33m.[39mcall(console[33m,[39m [33m...[39margs)[33m;[39m
     [90m     |[39m                   [31m[1m^[22m[39m
     [90m 376 |[39m   }[33m;[39m
     [90m 377 |[39m })[33m;[39m
     [90m 378 |[39m[0m

      at console.call [as error] (jest.setup.js:375:19)
      at node_modules/.pnpm/react-dom@19.2.0_react@19.2.0/node_modules/react-dom/cjs/react-dom-client.development.js:18758:19
      at runWithFiberInDEV (node_modules/.pnpm/react-dom@19.2.0_react@19.2.0/node_modules/react-dom/cjs/react-dom-client.development.js:874:13)
      at warnIfUpdatesNotWrappedWithActDEV (node_modules/.pnpm/react-dom@19.2.0_react@19.2.0/node_modules/react-dom/cjs/react-dom-client.development.js:18757:9)
      at scheduleUpdateOnFiber (node_modules/.pnpm/react-dom@19.2.0_react@19.2.0/node_modules/react-dom/cjs/react-dom-client.development.js:16409:11)
      at dispatchSetStateInternal (node_modules/.pnpm/react-dom@19.2.0_react@19.2.0/node_modules/react-dom/cjs/react-dom-client.development.js:9170:13)
      at dispatchSetState (node_modules/.pnpm/react-dom@19.2.0_react@19.2.0/node_modules/react-dom/cjs/react-dom-client.development.js:9127:7)
      at setChatStatesByGame (src/lib/hooks/useMultiGameChat.ts:133:5)
      at updateGameState (src/lib/hooks/useMultiGameChat.ts:155:7)
      at Object.<anonymous> (src/lib/hooks/useMultiGameChat.ts:177:7)

    console.error
      An update to TestComponent inside a test was not wrapped in act(...).
      
      When testing, code that causes React state updates should be wrapped into act(...):
      
      act(() => {
        /* fire events that update state */
      });
      /* assert on the output */
      
      This ensures that you're testing the behavior the user would see in the browser. Learn more at https://react.dev/link/wrap-tests-with-act

    [0m [90m 373 |[39m       [36mreturn[39m[33m;[39m
     [90m 374 |[39m     }
    [31m[1m>[22m[39m[90m 375 |[39m     originalError[33m.[39mcall(console[33m,[39m [33m...[39margs)[33m;[39m
     [90m     |[39m                   [31m[1m^[22m[39m
     [90m 376 |[39m   }[33m;[39m
     [90m 377 |[39m })[33m;[39m
     [90m 378 |[39m[0m

      at console.call [as error] (jest.setup.js:375:19)
      at node_modules/.pnpm/react-dom@19.2.0_react@19.2.0/node_modules/react-dom/cjs/react-dom-client.development.js:18758:19
      at runWithFiberInDEV (node_modules/.pnpm/react-dom@19.2.0_react@19.2.0/node_modules/react-dom/cjs/react-dom-client.development.js:874:13)
      at warnIfUpdatesNotWrappedWithActDEV (node_modules/.pnpm/react-dom@19.2.0_react@19.2.0/node_modules/react-dom/cjs/react-dom-client.development.js:18757:9)
      at scheduleUpdateOnFiber (node_modules/.pnpm/react-dom@19.2.0_react@19.2.0/node_modules/react-dom/cjs/react-dom-client.development.js:16409:11)
      at dispatchSetStateInternal (node_modules/.pnpm/react-dom@19.2.0_react@19.2.0/node_modules/react-dom/cjs/react-dom-client.development.js:9170:13)
      at dispatchSetState (node_modules/.pnpm/react-dom@19.2.0_react@19.2.0/node_modules/react-dom/cjs/react-dom-client.development.js:9127:7)
      at setChatStatesByGame (src/lib/hooks/useMultiGameChat.ts:133:5)
      at updateGameState (src/lib/hooks/useMultiGameChat.ts:155:7)
      at Object.<anonymous> (src/lib/hooks/useMultiGameChat.ts:177:7)

    console.error
      An update to TestComponent inside a test was not wrapped in act(...).
      
      When testing, code that causes React state updates should be wrapped into act(...):
      
      act(() => {
        /* fire events that update state */
      });
      /* assert on the output */
      
      This ensures that you're testing the behavior the user would see in the browser. Learn more at https://react.dev/link/wrap-tests-with-act

    [0m [90m 373 |[39m       [36mreturn[39m[33m;[39m
     [90m 374 |[39m     }
    [31m[1m>[22m[39m[90m 375 |[39m     originalError[33m.[39mcall(console[33m,[39m [33m...[39margs)[33m;[39m
     [90m     |[39m                   [31m[1m^[22m[39m
     [90m 376 |[39m   }[33m;[39m
     [90m 377 |[39m })[33m;[39m
     [90m 378 |[39m[0m

      at console.call [as error] (jest.setup.js:375:19)
      at node_modules/.pnpm/react-dom@19.2.0_react@19.2.0/node_modules/react-dom/cjs/react-dom-client.development.js:18758:19
      at runWithFiberInDEV (node_modules/.pnpm/react-dom@19.2.0_react@19.2.0/node_modules/react-dom/cjs/react-dom-client.development.js:874:13)
      at warnIfUpdatesNotWrappedWithActDEV (node_modules/.pnpm/react-dom@19.2.0_react@19.2.0/node_modules/react-dom/cjs/react-dom-client.development.js:18757:9)
      at scheduleUpdateOnFiber (node_modules/.pnpm/react-dom@19.2.0_react@19.2.0/node_modules/react-dom/cjs/react-dom-client.development.js:16409:11)
      at dispatchSetStateInternal (node_modules/.pnpm/react-dom@19.2.0_react@19.2.0/node_modules/react-dom/cjs/react-dom-client.development.js:9170:13)
      at dispatchSetState (node_modules/.pnpm/react-dom@19.2.0_react@19.2.0/node_modules/react-dom/cjs/react-dom-client.development.js:9127:7)
      at setChatStatesByGame (src/lib/hooks/useMultiGameChat.ts:133:5)
      at updateGameState (src/lib/hooks/useMultiGameChat.ts:155:7)
      at Object.<anonymous> (src/lib/hooks/useMultiGameChat.ts:177:7)

    console.error
      An update to TestComponent inside a test was not wrapped in act(...).
      
      When testing, code that causes React state updates should be wrapped into act(...):
      
      act(() => {
        /* fire events that update state */
      });
      /* assert on the output */
      
      This ensures that you're testing the behavior the user would see in the browser. Learn more at https://react.dev/link/wrap-tests-with-act

    [0m [90m 373 |[39m       [36mreturn[39m[33m;[39m
     [90m 374 |[39m     }
    [31m[1m>[22m[39m[90m 375 |[39m     originalError[33m.[39mcall(console[33m,[39m [33m...[39margs)[33m;[39m
     [90m     |[39m                   [31m[1m^[22m[39m
     [90m 376 |[39m   }[33m;[39m
     [90m 377 |[39m })[33m;[39m
     [90m 378 |[39m[0m

      at console.call [as error] (jest.setup.js:375:19)
      at node_modules/.pnpm/react-dom@19.2.0_react@19.2.0/node_modules/react-dom/cjs/react-dom-client.development.js:18758:19
      at runWithFiberInDEV (node_modules/.pnpm/react-dom@19.2.0_react@19.2.0/node_modules/react-dom/cjs/react-dom-client.development.js:874:13)
      at warnIfUpdatesNotWrappedWithActDEV (node_modules/.pnpm/react-dom@19.2.0_react@19.2.0/node_modules/react-dom/cjs/react-dom-client.development.js:18757:9)
      at scheduleUpdateOnFiber (node_modules/.pnpm/react-dom@19.2.0_react@19.2.0/node_modules/react-dom/cjs/react-dom-client.development.js:16409:11)
      at dispatchSetStateInternal (node_modules/.pnpm/react-dom@19.2.0_react@19.2.0/node_modules/react-dom/cjs/react-dom-client.development.js:9170:13)
      at dispatchSetState (node_modules/.pnpm/react-dom@19.2.0_react@19.2.0/node_modules/react-dom/cjs/react-dom-client.development.js:9127:7)
      at setChatStatesByGame (src/lib/hooks/useMultiGameChat.ts:133:5)
      at updateGameState (src/lib/hooks/useMultiGameChat.ts:155:7)
      at Object.<anonymous> (src/lib/hooks/useMultiGameChat.ts:177:7)

    console.error
      An update to TestComponent inside a test was not wrapped in act(...).
      
      When testing, code that causes React state updates should be wrapped into act(...):
      
      act(() => {
        /* fire events that update state */
      });
      /* assert on the output */
      
      This ensures that you're testing the behavior the user would see in the browser. Learn more at https://react.dev/link/wrap-tests-with-act

    [0m [90m 373 |[39m       [36mreturn[39m[33m;[39m
     [90m 374 |[39m     }
    [31m[1m>[22m[39m[90m 375 |[39m     originalError[33m.[39mcall(console[33m,[39m [33m...[39margs)[33m;[39m
     [90m     |[39m                   [31m[1m^[22m[39m
     [90m 376 |[39m   }[33m;[39m
     [90m 377 |[39m })[33m;[39m
     [90m 378 |[39m[0m

      at console.call [as error] (jest.setup.js:375:19)
      at node_modules/.pnpm/react-dom@19.2.0_react@19.2.0/node_modules/react-dom/cjs/react-dom-client.development.js:18758:19
      at runWithFiberInDEV (node_modules/.pnpm/react-dom@19.2.0_react@19.2.0/node_modules/react-dom/cjs/react-dom-client.development.js:874:13)
      at warnIfUpdatesNotWrappedWithActDEV (node_modules/.pnpm/react-dom@19.2.0_react@19.2.0/node_modules/react-dom/cjs/react-dom-client.development.js:18757:9)
      at scheduleUpdateOnFiber (node_modules/.pnpm/react-dom@19.2.0_react@19.2.0/node_modules/react-dom/cjs/react-dom-client.development.js:16409:11)
      at dispatchSetStateInternal (node_modules/.pnpm/react-dom@19.2.0_react@19.2.0/node_modules/react-dom/cjs/react-dom-client.development.js:9170:13)
      at dispatchSetState (node_modules/.pnpm/react-dom@19.2.0_react@19.2.0/node_modules/react-dom/cjs/react-dom-client.development.js:9127:7)
      at setChatStatesByGame (src/lib/hooks/useMultiGameChat.ts:133:5)
      at updateGameState (src/lib/hooks/useMultiGameChat.ts:155:7)
      at Object.<anonymous> (src/lib/hooks/useMultiGameChat.ts:177:7)

PASS src/__tests__/pages/admin-prompts-detail.test.tsx
PASS src/components/timeline/__tests__/Timeline.test.tsx
PASS src/__tests__/pages/board-game-ai.test.tsx
  ● Console

    console.error
      React does not recognize the `whileHover` prop on a DOM element. If you intentionally want it to appear in the DOM as a custom attribute, spell it as lowercase `whilehover` instead. If you accidentally passed it from a parent component, remove it from the DOM element.

    [0m [90m 373 |[39m       [36mreturn[39m[33m;[39m
     [90m 374 |[39m     }
    [31m[1m>[22m[39m[90m 375 |[39m     originalError[33m.[39mcall(console[33m,[39m [33m...[39margs)[33m;[39m
     [90m     |[39m                   [31m[1m^[22m[39m
     [90m 376 |[39m   }[33m;[39m
     [90m 377 |[39m })[33m;[39m
     [90m 378 |[39m[0m

      at console.call [as error] (jest.setup.js:375:19)
      at validateProperty (node_modules/.pnpm/react-dom@19.2.0_react@19.2.0/node_modules/react-dom/cjs/react-dom-client.development.js:3001:19)
      at warnUnknownProperties (node_modules/.pnpm/react-dom@19.2.0_react@19.2.0/node_modules/react-dom/cjs/react-dom-client.development.js:3146:9)
      at validatePropertiesInDevelopment (node_modules/.pnpm/react-dom@19.2.0_react@19.2.0/node_modules/react-dom/cjs/react-dom-client.development.js:19868:9)
      at setInitialProperties (node_modules/.pnpm/react-dom@19.2.0_react@19.2.0/node_modules/react-dom/cjs/react-dom-client.development.js:20491:7)
      at completeWork (node_modules/.pnpm/react-dom@19.2.0_react@19.2.0/node_modules/react-dom/cjs/react-dom-client.development.js:12662:18)
      at runWithFiberInDEV (node_modules/.pnpm/react-dom@19.2.0_react@19.2.0/node_modules/react-dom/cjs/react-dom-client.development.js:874:13)
      at completeUnitOfWork (node_modules/.pnpm/react-dom@19.2.0_react@19.2.0/node_modules/react-dom/cjs/react-dom-client.development.js:17777:19)
      at performUnitOfWork (node_modules/.pnpm/react-dom@19.2.0_react@19.2.0/node_modules/react-dom/cjs/react-dom-client.development.js:17658:11)
      at workLoopSync (node_modules/.pnpm/react-dom@19.2.0_react@19.2.0/node_modules/react-dom/cjs/react-dom-client.development.js:17469:41)
      at renderRootSync (node_modules/.pnpm/react-dom@19.2.0_react@19.2.0/node_modules/react-dom/cjs/react-dom-client.development.js:17450:11)
      at performWorkOnRoot (node_modules/.pnpm/react-dom@19.2.0_react@19.2.0/node_modules/react-dom/cjs/react-dom-client.development.js:16504:11)
      at performWorkOnRootViaSchedulerTask (node_modules/.pnpm/react-dom@19.2.0_react@19.2.0/node_modules/react-dom/cjs/react-dom-client.development.js:18957:7)
      at flushActQueue (node_modules/.pnpm/react@19.2.0/node_modules/react/cjs/react.development.js:590:34)
      at process.env.NODE_ENV.exports.act (node_modules/.pnpm/react@19.2.0/node_modules/react/cjs/react.development.js:884:10)
      at node_modules/.pnpm/@testing-library+react@16.3_15d474de7481bb0af842c1b1705139a8/node_modules/@testing-library/react/dist/act-compat.js:47:25
      at renderRoot (node_modules/.pnpm/@testing-library+react@16.3_15d474de7481bb0af842c1b1705139a8/node_modules/@testing-library/react/dist/pure.js:190:26)
      at render (node_modules/.pnpm/@testing-library+react@16.3_15d474de7481bb0af842c1b1705139a8/node_modules/@testing-library/react/dist/pure.js:292:10)
      at Object.<anonymous> (src/__tests__/pages/board-game-ai.test.tsx:60:13)

    console.error
      React does not recognize the `whileTap` prop on a DOM element. If you intentionally want it to appear in the DOM as a custom attribute, spell it as lowercase `whiletap` instead. If you accidentally passed it from a parent component, remove it from the DOM element.

    [0m [90m 373 |[39m       [36mreturn[39m[33m;[39m
     [90m 374 |[39m     }
    [31m[1m>[22m[39m[90m 375 |[39m     originalError[33m.[39mcall(console[33m,[39m [33m...[39margs)[33m;[39m
     [90m     |[39m                   [31m[1m^[22m[39m
     [90m 376 |[39m   }[33m;[39m
     [90m 377 |[39m })[33m;[39m
     [90m 378 |[39m[0m

      at console.call [as error] (jest.setup.js:375:19)
      at validateProperty (node_modules/.pnpm/react-dom@19.2.0_react@19.2.0/node_modules/react-dom/cjs/react-dom-client.development.js:3001:19)
      at warnUnknownProperties (node_modules/.pnpm/react-dom@19.2.0_react@19.2.0/node_modules/react-dom/cjs/react-dom-client.development.js:3146:9)
      at validatePropertiesInDevelopment (node_modules/.pnpm/react-dom@19.2.0_react@19.2.0/node_modules/react-dom/cjs/react-dom-client.development.js:19868:9)
      at setInitialProperties (node_modules/.pnpm/react-dom@19.2.0_react@19.2.0/node_modules/react-dom/cjs/react-dom-client.development.js:20491:7)
      at completeWork (node_modules/.pnpm/react-dom@19.2.0_react@19.2.0/node_modules/react-dom/cjs/react-dom-client.development.js:12662:18)
      at runWithFiberInDEV (node_modules/.pnpm/react-dom@19.2.0_react@19.2.0/node_modules/react-dom/cjs/react-dom-client.development.js:874:13)
      at completeUnitOfWork (node_modules/.pnpm/react-dom@19.2.0_react@19.2.0/node_modules/react-dom/cjs/react-dom-client.development.js:17777:19)
      at performUnitOfWork (node_modules/.pnpm/react-dom@19.2.0_react@19.2.0/node_modules/react-dom/cjs/react-dom-client.development.js:17658:11)
      at workLoopSync (node_modules/.pnpm/react-dom@19.2.0_react@19.2.0/node_modules/react-dom/cjs/react-dom-client.development.js:17469:41)
      at renderRootSync (node_modules/.pnpm/react-dom@19.2.0_react@19.2.0/node_modules/react-dom/cjs/react-dom-client.development.js:17450:11)
      at performWorkOnRoot (node_modules/.pnpm/react-dom@19.2.0_react@19.2.0/node_modules/react-dom/cjs/react-dom-client.development.js:16504:11)
      at performWorkOnRootViaSchedulerTask (node_modules/.pnpm/react-dom@19.2.0_react@19.2.0/node_modules/react-dom/cjs/react-dom-client.development.js:18957:7)
      at flushActQueue (node_modules/.pnpm/react@19.2.0/node_modules/react/cjs/react.development.js:590:34)
      at process.env.NODE_ENV.exports.act (node_modules/.pnpm/react@19.2.0/node_modules/react/cjs/react.development.js:884:10)
      at node_modules/.pnpm/@testing-library+react@16.3_15d474de7481bb0af842c1b1705139a8/node_modules/@testing-library/react/dist/act-compat.js:47:25
      at renderRoot (node_modules/.pnpm/@testing-library+react@16.3_15d474de7481bb0af842c1b1705139a8/node_modules/@testing-library/react/dist/pure.js:190:26)
      at render (node_modules/.pnpm/@testing-library+react@16.3_15d474de7481bb0af842c1b1705139a8/node_modules/@testing-library/react/dist/pure.js:292:10)
      at Object.<anonymous> (src/__tests__/pages/board-game-ai.test.tsx:60:13)

PASS src/__tests__/pages/sessions-index.test.tsx
  ● Console

    console.error
      An update to ActiveSessionsPage inside a test was not wrapped in act(...).
      
      When testing, code that causes React state updates should be wrapped into act(...):
      
      act(() => {
        /* fire events that update state */
      });
      /* assert on the output */
      
      This ensures that you're testing the behavior the user would see in the browser. Learn more at https://react.dev/link/wrap-tests-with-act

    [0m [90m 373 |[39m       [36mreturn[39m[33m;[39m
     [90m 374 |[39m     }
    [31m[1m>[22m[39m[90m 375 |[39m     originalError[33m.[39mcall(console[33m,[39m [33m...[39margs)[33m;[39m
     [90m     |[39m                   [31m[1m^[22m[39m
     [90m 376 |[39m   }[33m;[39m
     [90m 377 |[39m })[33m;[39m
     [90m 378 |[39m[0m

      at console.call [as error] (jest.setup.js:375:19)
      at node_modules/.pnpm/react-dom@19.2.0_react@19.2.0/node_modules/react-dom/cjs/react-dom-client.development.js:18758:19
      at runWithFiberInDEV (node_modules/.pnpm/react-dom@19.2.0_react@19.2.0/node_modules/react-dom/cjs/react-dom-client.development.js:874:13)
      at warnIfUpdatesNotWrappedWithActDEV (node_modules/.pnpm/react-dom@19.2.0_react@19.2.0/node_modules/react-dom/cjs/react-dom-client.development.js:18757:9)
      at scheduleUpdateOnFiber (node_modules/.pnpm/react-dom@19.2.0_react@19.2.0/node_modules/react-dom/cjs/react-dom-client.development.js:16409:11)
      at dispatchSetStateInternal (node_modules/.pnpm/react-dom@19.2.0_react@19.2.0/node_modules/react-dom/cjs/react-dom-client.development.js:9170:13)
      at dispatchSetState (node_modules/.pnpm/react-dom@19.2.0_react@19.2.0/node_modules/react-dom/cjs/react-dom-client.development.js:9127:7)
      at setGames (src/pages/sessions/index.tsx:151:7)

    console.error
      An update to ActiveSessionsPage inside a test was not wrapped in act(...).
      
      When testing, code that causes React state updates should be wrapped into act(...):
      
      act(() => {
        /* fire events that update state */
      });
      /* assert on the output */
      
      This ensures that you're testing the behavior the user would see in the browser. Learn more at https://react.dev/link/wrap-tests-with-act

    [0m [90m 373 |[39m       [36mreturn[39m[33m;[39m
     [90m 374 |[39m     }
    [31m[1m>[22m[39m[90m 375 |[39m     originalError[33m.[39mcall(console[33m,[39m [33m...[39margs)[33m;[39m
     [90m     |[39m                   [31m[1m^[22m[39m
     [90m 376 |[39m   }[33m;[39m
     [90m 377 |[39m })[33m;[39m
     [90m 378 |[39m[0m

      at console.call [as error] (jest.setup.js:375:19)
      at node_modules/.pnpm/react-dom@19.2.0_react@19.2.0/node_modules/react-dom/cjs/react-dom-client.development.js:18758:19
      at runWithFiberInDEV (node_modules/.pnpm/react-dom@19.2.0_react@19.2.0/node_modules/react-dom/cjs/react-dom-client.development.js:874:13)
      at warnIfUpdatesNotWrappedWithActDEV (node_modules/.pnpm/react-dom@19.2.0_react@19.2.0/node_modules/react-dom/cjs/react-dom-client.development.js:18757:9)
      at scheduleUpdateOnFiber (node_modules/.pnpm/react-dom@19.2.0_react@19.2.0/node_modules/react-dom/cjs/react-dom-client.development.js:16409:11)
      at dispatchSetStateInternal (node_modules/.pnpm/react-dom@19.2.0_react@19.2.0/node_modules/react-dom/cjs/react-dom-client.development.js:9170:13)
      at dispatchSetState (node_modules/.pnpm/react-dom@19.2.0_react@19.2.0/node_modules/react-dom/cjs/react-dom-client.development.js:9127:7)
      at setGames (src/pages/sessions/index.tsx:151:7)

PASS src/components/__tests__/DiffViewerEnhanced.test.tsx
PASS src/__tests__/pages/admin-prompts-audit.test.tsx
PASS src/components/auth/__tests__/OAuthButtons.test.tsx
PASS src/__tests__/pages/chat.supplementary.test.tsx
  ● Console

    console.error
      An update to GameProvider inside a test was not wrapped in act(...).
      
      When testing, code that causes React state updates should be wrapped into act(...):
      
      act(() => {
        /* fire events that update state */
      });
      /* assert on the output */
      
      This ensures that you're testing the behavior the user would see in the browser. Learn more at https://react.dev/link/wrap-tests-with-act

    [0m [90m 373 |[39m       [36mreturn[39m[33m;[39m
     [90m 374 |[39m     }
    [31m[1m>[22m[39m[90m 375 |[39m     originalError[33m.[39mcall(console[33m,[39m [33m...[39margs)[33m;[39m
     [90m     |[39m                   [31m[1m^[22m[39m
     [90m 376 |[39m   }[33m;[39m
     [90m 377 |[39m })[33m;[39m
     [90m 378 |[39m[0m

      at console.call [as error] (jest.setup.js:375:19)
      at node_modules/.pnpm/react-dom@19.2.0_react@19.2.0/node_modules/react-dom/cjs/react-dom-client.development.js:18758:19
      at runWithFiberInDEV (node_modules/.pnpm/react-dom@19.2.0_react@19.2.0/node_modules/react-dom/cjs/react-dom-client.development.js:874:13)
      at warnIfUpdatesNotWrappedWithActDEV (node_modules/.pnpm/react-dom@19.2.0_react@19.2.0/node_modules/react-dom/cjs/react-dom-client.development.js:18757:9)
      at scheduleUpdateOnFiber (node_modules/.pnpm/react-dom@19.2.0_react@19.2.0/node_modules/react-dom/cjs/react-dom-client.development.js:16409:11)
      at dispatchSetStateInternal (node_modules/.pnpm/react-dom@19.2.0_react@19.2.0/node_modules/react-dom/cjs/react-dom-client.development.js:9170:13)
      at dispatchSetState (node_modules/.pnpm/react-dom@19.2.0_react@19.2.0/node_modules/react-dom/cjs/react-dom-client.development.js:9127:7)
      at setGames (src/components/game/GameProvider.tsx:84:7)

    console.error
      An update to GameProvider inside a test was not wrapped in act(...).
      
      When testing, code that causes React state updates should be wrapped into act(...):
      
      act(() => {
        /* fire events that update state */
      });
      /* assert on the output */
      
      This ensures that you're testing the behavior the user would see in the browser. Learn more at https://react.dev/link/wrap-tests-with-act

    [0m [90m 373 |[39m       [36mreturn[39m[33m;[39m
     [90m 374 |[39m     }
    [31m[1m>[22m[39m[90m 375 |[39m     originalError[33m.[39mcall(console[33m,[39m [33m...[39margs)[33m;[39m
     [90m     |[39m                   [31m[1m^[22m[39m
     [90m 376 |[39m   }[33m;[39m
     [90m 377 |[39m })[33m;[39m
     [90m 378 |[39m[0m

      at console.call [as error] (jest.setup.js:375:19)
      at node_modules/.pnpm/react-dom@19.2.0_react@19.2.0/node_modules/react-dom/cjs/react-dom-client.development.js:18758:19
      at runWithFiberInDEV (node_modules/.pnpm/react-dom@19.2.0_react@19.2.0/node_modules/react-dom/cjs/react-dom-client.development.js:874:13)
      at warnIfUpdatesNotWrappedWithActDEV (node_modules/.pnpm/react-dom@19.2.0_react@19.2.0/node_modules/react-dom/cjs/react-dom-client.development.js:18757:9)
      at scheduleUpdateOnFiber (node_modules/.pnpm/react-dom@19.2.0_react@19.2.0/node_modules/react-dom/cjs/react-dom-client.development.js:16409:11)
      at dispatchSetStateInternal (node_modules/.pnpm/react-dom@19.2.0_react@19.2.0/node_modules/react-dom/cjs/react-dom-client.development.js:9170:13)
      at dispatchSetState (node_modules/.pnpm/react-dom@19.2.0_react@19.2.0/node_modules/react-dom/cjs/react-dom-client.development.js:9127:7)
      at setSelectedGameId (src/components/game/GameProvider.tsx:88:7)

    console.error
      An update to GameProvider inside a test was not wrapped in act(...).
      
      When testing, code that causes React state updates should be wrapped into act(...):
      
      act(() => {
        /* fire events that update state */
      });
      /* assert on the output */
      
      This ensures that you're testing the behavior the user would see in the browser. Learn more at https://react.dev/link/wrap-tests-with-act

    [0m [90m 373 |[39m       [36mreturn[39m[33m;[39m
     [90m 374 |[39m     }
    [31m[1m>[22m[39m[90m 375 |[39m     originalError[33m.[39mcall(console[33m,[39m [33m...[39margs)[33m;[39m
     [90m     |[39m                   [31m[1m^[22m[39m
     [90m 376 |[39m   }[33m;[39m
     [90m 377 |[39m })[33m;[39m
     [90m 378 |[39m[0m

      at console.call [as error] (jest.setup.js:375:19)
      at node_modules/.pnpm/react-dom@19.2.0_react@19.2.0/node_modules/react-dom/cjs/react-dom-client.development.js:18758:19
      at runWithFiberInDEV (node_modules/.pnpm/react-dom@19.2.0_react@19.2.0/node_modules/react-dom/cjs/react-dom-client.development.js:874:13)
      at warnIfUpdatesNotWrappedWithActDEV (node_modules/.pnpm/react-dom@19.2.0_react@19.2.0/node_modules/react-dom/cjs/react-dom-client.development.js:18757:9)
      at scheduleUpdateOnFiber (node_modules/.pnpm/react-dom@19.2.0_react@19.2.0/node_modules/react-dom/cjs/react-dom-client.development.js:16409:11)
      at dispatchSetStateInternal (node_modules/.pnpm/react-dom@19.2.0_react@19.2.0/node_modules/react-dom/cjs/react-dom-client.development.js:9170:13)
      at dispatchSetState (node_modules/.pnpm/react-dom@19.2.0_react@19.2.0/node_modules/react-dom/cjs/react-dom-client.development.js:9127:7)
      at setLoading (src/components/game/GameProvider.tsx:99:7)

    console.error
      An update to AuthProvider inside a test was not wrapped in act(...).
      
      When testing, code that causes React state updates should be wrapped into act(...):
      
      act(() => {
        /* fire events that update state */
      });
      /* assert on the output */
      
      This ensures that you're testing the behavior the user would see in the browser. Learn more at https://react.dev/link/wrap-tests-with-act

    [0m [90m 373 |[39m       [36mreturn[39m[33m;[39m
     [90m 374 |[39m     }
    [31m[1m>[22m[39m[90m 375 |[39m     originalError[33m.[39mcall(console[33m,[39m [33m...[39margs)[33m;[39m
     [90m     |[39m                   [31m[1m^[22m[39m
     [90m 376 |[39m   }[33m;[39m
     [90m 377 |[39m })[33m;[39m
     [90m 378 |[39m[0m

      at console.call [as error] (jest.setup.js:375:19)
      at node_modules/.pnpm/react-dom@19.2.0_react@19.2.0/node_modules/react-dom/cjs/react-dom-client.development.js:18758:19
      at runWithFiberInDEV (node_modules/.pnpm/react-dom@19.2.0_react@19.2.0/node_modules/react-dom/cjs/react-dom-client.development.js:874:13)
      at warnIfUpdatesNotWrappedWithActDEV (node_modules/.pnpm/react-dom@19.2.0_react@19.2.0/node_modules/react-dom/cjs/react-dom-client.development.js:18757:9)
      at scheduleUpdateOnFiber (node_modules/.pnpm/react-dom@19.2.0_react@19.2.0/node_modules/react-dom/cjs/react-dom-client.development.js:16409:11)
      at dispatchSetStateInternal (node_modules/.pnpm/react-dom@19.2.0_react@19.2.0/node_modules/react-dom/cjs/react-dom-client.development.js:9170:13)
      at dispatchSetState (node_modules/.pnpm/react-dom@19.2.0_react@19.2.0/node_modules/react-dom/cjs/react-dom-client.development.js:9127:7)
      at setUser (src/components/auth/AuthProvider.tsx:67:7)

    console.error
      An update to AuthProvider inside a test was not wrapped in act(...).
      
      When testing, code that causes React state updates should be wrapped into act(...):
      
      act(() => {
        /* fire events that update state */
      });
      /* assert on the output */
      
      This ensures that you're testing the behavior the user would see in the browser. Learn more at https://react.dev/link/wrap-tests-with-act

    [0m [90m 373 |[39m       [36mreturn[39m[33m;[39m
     [90m 374 |[39m     }
    [31m[1m>[22m[39m[90m 375 |[39m     originalError[33m.[39mcall(console[33m,[39m [33m...[39margs)[33m;[39m
     [90m     |[39m                   [31m[1m^[22m[39m
     [90m 376 |[39m   }[33m;[39m
     [90m 377 |[39m })[33m;[39m
     [90m 378 |[39m[0m

      at console.call [as error] (jest.setup.js:375:19)
      at node_modules/.pnpm/react-dom@19.2.0_react@19.2.0/node_modules/react-dom/cjs/react-dom-client.development.js:18758:19
      at runWithFiberInDEV (node_modules/.pnpm/react-dom@19.2.0_react@19.2.0/node_modules/react-dom/cjs/react-dom-client.development.js:874:13)
      at warnIfUpdatesNotWrappedWithActDEV (node_modules/.pnpm/react-dom@19.2.0_react@19.2.0/node_modules/react-dom/cjs/react-dom-client.development.js:18757:9)
      at scheduleUpdateOnFiber (node_modules/.pnpm/react-dom@19.2.0_react@19.2.0/node_modules/react-dom/cjs/react-dom-client.development.js:16409:11)
      at dispatchSetStateInternal (node_modules/.pnpm/react-dom@19.2.0_react@19.2.0/node_modules/react-dom/cjs/react-dom-client.development.js:9170:13)
      at dispatchSetState (node_modules/.pnpm/react-dom@19.2.0_react@19.2.0/node_modules/react-dom/cjs/react-dom-client.development.js:9127:7)
      at setLoading (src/components/auth/AuthProvider.tsx:72:7)

    console.error
      An update to GameProvider inside a test was not wrapped in act(...).
      
      When testing, code that causes React state updates should be wrapped into act(...):
      
      act(() => {
        /* fire events that update state */
      });
      /* assert on the output */
      
      This ensures that you're testing the behavior the user would see in the browser. Learn more at https://react.dev/link/wrap-tests-with-act

    [0m [90m 373 |[39m       [36mreturn[39m[33m;[39m
     [90m 374 |[39m     }
    [31m[1m>[22m[39m[90m 375 |[39m     originalError[33m.[39mcall(console[33m,[39m [33m...[39margs)[33m;[39m
     [90m     |[39m                   [31m[1m^[22m[39m
     [90m 376 |[39m   }[33m;[39m
     [90m 377 |[39m })[33m;[39m
     [90m 378 |[39m[0m

      at console.call [as error] (jest.setup.js:375:19)
      at node_modules/.pnpm/react-dom@19.2.0_react@19.2.0/node_modules/react-dom/cjs/react-dom-client.development.js:18758:19
      at runWithFiberInDEV (node_modules/.pnpm/react-dom@19.2.0_react@19.2.0/node_modules/react-dom/cjs/react-dom-client.development.js:874:13)
      at warnIfUpdatesNotWrappedWithActDEV (node_modules/.pnpm/react-dom@19.2.0_react@19.2.0/node_modules/react-dom/cjs/react-dom-client.development.js:18757:9)
      at scheduleUpdateOnFiber (node_modules/.pnpm/react-dom@19.2.0_react@19.2.0/node_modules/react-dom/cjs/react-dom-client.development.js:16409:11)
      at dispatchSetStateInternal (node_modules/.pnpm/react-dom@19.2.0_react@19.2.0/node_modules/react-dom/cjs/react-dom-client.development.js:9170:13)
      at dispatchSetState (node_modules/.pnpm/react-dom@19.2.0_react@19.2.0/node_modules/react-dom/cjs/react-dom-client.development.js:9127:7)
      at setLoading (src/components/game/GameProvider.tsx:79:5)
      at loadGames (src/components/game/GameProvider.tsx:128:10)
      at Object.react_stack_bottom_frame (node_modules/.pnpm/react-dom@19.2.0_react@19.2.0/node_modules/react-dom/cjs/react-dom-client.development.js:25989:20)
      at runWithFiberInDEV (node_modules/.pnpm/react-dom@19.2.0_react@19.2.0/node_modules/react-dom/cjs/react-dom-client.development.js:874:13)
      at commitHookEffectListMount (node_modules/.pnpm/react-dom@19.2.0_react@19.2.0/node_modules/react-dom/cjs/react-dom-client.development.js:13249:29)
      at commitHookPassiveMountEffects (node_modules/.pnpm/react-dom@19.2.0_react@19.2.0/node_modules/react-dom/cjs/react-dom-client.development.js:13336:11)
      at commitPassiveMountOnFiber (node_modules/.pnpm/react-dom@19.2.0_react@19.2.0/node_modules/react-dom/cjs/react-dom-client.development.js:15484:13)
      at recursivelyTraversePassiveMountEffects (node_modules/.pnpm/react-dom@19.2.0_react@19.2.0/node_modules/react-dom/cjs/react-dom-client.development.js:15439:11)
      at commitPassiveMountOnFiber (node_modules/.pnpm/react-dom@19.2.0_react@19.2.0/node_modules/react-dom/cjs/react-dom-client.development.js:15476:11)
      at recursivelyTraversePassiveMountEffects (node_modules/.pnpm/react-dom@19.2.0_react@19.2.0/node_modules/react-dom/cjs/react-dom-client.development.js:15439:11)
      at commitPassiveMountOnFiber (node_modules/.pnpm/react-dom@19.2.0_react@19.2.0/node_modules/react-dom/cjs/react-dom-client.development.js:15718:11)
      at recursivelyTraversePassiveMountEffects (node_modules/.pnpm/react-dom@19.2.0_react@19.2.0/node_modules/react-dom/cjs/react-dom-client.development.js:15439:11)
      at commitPassiveMountOnFiber (node_modules/.pnpm/react-dom@19.2.0_react@19.2.0/node_modules/react-dom/cjs/react-dom-client.development.js:15476:11)
      at recursivelyTraversePassiveMountEffects (node_modules/.pnpm/react-dom@19.2.0_react@19.2.0/node_modules/react-dom/cjs/react-dom-client.development.js:15439:11)
      at commitPassiveMountOnFiber (node_modules/.pnpm/react-dom@19.2.0_react@19.2.0/node_modules/react-dom/cjs/react-dom-client.development.js:15718:11)
      at recursivelyTraversePassiveMountEffects (node_modules/.pnpm/react-dom@19.2.0_react@19.2.0/node_modules/react-dom/cjs/react-dom-client.development.js:15439:11)
      at commitPassiveMountOnFiber (node_modules/.pnpm/react-dom@19.2.0_react@19.2.0/node_modules/react-dom/cjs/react-dom-client.development.js:15476:11)
      at recursivelyTraversePassiveMountEffects (node_modules/.pnpm/react-dom@19.2.0_react@19.2.0/node_modules/react-dom/cjs/react-dom-client.development.js:15439:11)
      at commitPassiveMountOnFiber (node_modules/.pnpm/react-dom@19.2.0_react@19.2.0/node_modules/react-dom/cjs/react-dom-client.development.js:15718:11)
      at recursivelyTraversePassiveMountEffects (node_modules/.pnpm/react-dom@19.2.0_react@19.2.0/node_modules/react-dom/cjs/react-dom-client.development.js:15439:11)
      at commitPassiveMountOnFiber (node_modules/.pnpm/react-dom@19.2.0_react@19.2.0/node_modules/react-dom/cjs/react-dom-client.development.js:15476:11)
      at recursivelyTraversePassiveMountEffects (node_modules/.pnpm/react-dom@19.2.0_react@19.2.0/node_modules/react-dom/cjs/react-dom-client.development.js:15439:11)
      at commitPassiveMountOnFiber (node_modules/.pnpm/react-dom@19.2.0_react@19.2.0/node_modules/react-dom/cjs/react-dom-client.development.js:15718:11)
      at recursivelyTraversePassiveMountEffects (node_modules/.pnpm/react-dom@19.2.0_react@19.2.0/node_modules/react-dom/cjs/react-dom-client.development.js:15439:11)
      at commitPassiveMountOnFiber (node_modules/.pnpm/react-dom@19.2.0_react@19.2.0/node_modules/react-dom/cjs/react-dom-client.development.js:15476:11)
      at recursivelyTraversePassiveMountEffects (node_modules/.pnpm/react-dom@19.2.0_react@19.2.0/node_modules/react-dom/cjs/react-dom-client.development.js:15439:11)
      at commitPassiveMountOnFiber (node_modules/.pnpm/react-dom@19.2.0_react@19.2.0/node_modules/react-dom/cjs/react-dom-client.development.js:15476:11)
      at recursivelyTraversePassiveMountEffects (node_modules/.pnpm/react-dom@19.2.0_react@19.2.0/node_modules/react-dom/cjs/react-dom-client.development.js:15439:11)
      at commitPassiveMountOnFiber (node_modules/.pnpm/react-dom@19.2.0_react@19.2.0/node_modules/react-dom/cjs/react-dom-client.development.js:15476:11)
      at recursivelyTraversePassiveMountEffects (node_modules/.pnpm/react-dom@19.2.0_react@19.2.0/node_modules/react-dom/cjs/react-dom-client.development.js:15439:11)
      at commitPassiveMountOnFiber (node_modules/.pnpm/react-dom@19.2.0_react@19.2.0/node_modules/react-dom/cjs/react-dom-client.development.js:15519:11)
      at flushPassiveEffects (node_modules/.pnpm/react-dom@19.2.0_react@19.2.0/node_modules/react-dom/cjs/react-dom-client.development.js:18432:9)
      at node_modules/.pnpm/react-dom@19.2.0_react@19.2.0/node_modules/react-dom/cjs/react-dom-client.development.js:17923:15
      at performWorkUntilDeadline (node_modules/.pnpm/scheduler@0.27.0/node_modules/scheduler/cjs/scheduler.development.js:45:48)
      at Timeout.task [as _onTimeout] (node_modules/.pnpm/jsdom@26.1.0/node_modules/jsdom/lib/jsdom/browser/Window.js:579:19)

    console.error
      An update to GameProvider inside a test was not wrapped in act(...).
      
      When testing, code that causes React state updates should be wrapped into act(...):
      
      act(() => {
        /* fire events that update state */
      });
      /* assert on the output */
      
      This ensures that you're testing the behavior the user would see in the browser. Learn more at https://react.dev/link/wrap-tests-with-act

    [0m [90m 373 |[39m       [36mreturn[39m[33m;[39m
     [90m 374 |[39m     }
    [31m[1m>[22m[39m[90m 375 |[39m     originalError[33m.[39mcall(console[33m,[39m [33m...[39margs)[33m;[39m
     [90m     |[39m                   [31m[1m^[22m[39m
     [90m 376 |[39m   }[33m;[39m
     [90m 377 |[39m })[33m;[39m
     [90m 378 |[39m[0m

      at console.call [as error] (jest.setup.js:375:19)
      at node_modules/.pnpm/react-dom@19.2.0_react@19.2.0/node_modules/react-dom/cjs/react-dom-client.development.js:18758:19
      at runWithFiberInDEV (node_modules/.pnpm/react-dom@19.2.0_react@19.2.0/node_modules/react-dom/cjs/react-dom-client.development.js:874:13)
      at warnIfUpdatesNotWrappedWithActDEV (node_modules/.pnpm/react-dom@19.2.0_react@19.2.0/node_modules/react-dom/cjs/react-dom-client.development.js:18757:9)
      at scheduleUpdateOnFiber (node_modules/.pnpm/react-dom@19.2.0_react@19.2.0/node_modules/react-dom/cjs/react-dom-client.development.js:16409:11)
      at dispatchSetStateInternal (node_modules/.pnpm/react-dom@19.2.0_react@19.2.0/node_modules/react-dom/cjs/react-dom-client.development.js:9170:13)
      at dispatchSetState (node_modules/.pnpm/react-dom@19.2.0_react@19.2.0/node_modules/react-dom/cjs/react-dom-client.development.js:9127:7)
      at setError (src/components/game/GameProvider.tsx:80:5)
      at loadGames (src/components/game/GameProvider.tsx:128:10)
      at Object.react_stack_bottom_frame (node_modules/.pnpm/react-dom@19.2.0_react@19.2.0/node_modules/react-dom/cjs/react-dom-client.development.js:25989:20)
      at runWithFiberInDEV (node_modules/.pnpm/react-dom@19.2.0_react@19.2.0/node_modules/react-dom/cjs/react-dom-client.development.js:874:13)
      at commitHookEffectListMount (node_modules/.pnpm/react-dom@19.2.0_react@19.2.0/node_modules/react-dom/cjs/react-dom-client.development.js:13249:29)
      at commitHookPassiveMountEffects (node_modules/.pnpm/react-dom@19.2.0_react@19.2.0/node_modules/react-dom/cjs/react-dom-client.development.js:13336:11)
      at commitPassiveMountOnFiber (node_modules/.pnpm/react-dom@19.2.0_react@19.2.0/node_modules/react-dom/cjs/react-dom-client.development.js:15484:13)
      at recursivelyTraversePassiveMountEffects (node_modules/.pnpm/react-dom@19.2.0_react@19.2.0/node_modules/react-dom/cjs/react-dom-client.development.js:15439:11)
      at commitPassiveMountOnFiber (node_modules/.pnpm/react-dom@19.2.0_react@19.2.0/node_modules/react-dom/cjs/react-dom-client.development.js:15476:11)
      at recursivelyTraversePassiveMountEffects (node_modules/.pnpm/react-dom@19.2.0_react@19.2.0/node_modules/react-dom/cjs/react-dom-client.development.js:15439:11)
      at commitPassiveMountOnFiber (node_modules/.pnpm/react-dom@19.2.0_react@19.2.0/node_modules/react-dom/cjs/react-dom-client.development.js:15718:11)
      at recursivelyTraversePassiveMountEffects (node_modules/.pnpm/react-dom@19.2.0_react@19.2.0/node_modules/react-dom/cjs/react-dom-client.development.js:15439:11)
      at commitPassiveMountOnFiber (node_modules/.pnpm/react-dom@19.2.0_react@19.2.0/node_modules/react-dom/cjs/react-dom-client.development.js:15476:11)
      at recursivelyTraversePassiveMountEffects (node_modules/.pnpm/react-dom@19.2.0_react@19.2.0/node_modules/react-dom/cjs/react-dom-client.development.js:15439:11)
      at commitPassiveMountOnFiber (node_modules/.pnpm/react-dom@19.2.0_react@19.2.0/node_modules/react-dom/cjs/react-dom-client.development.js:15718:11)
      at recursivelyTraversePassiveMountEffects (node_modules/.pnpm/react-dom@19.2.0_react@19.2.0/node_modules/react-dom/cjs/react-dom-client.development.js:15439:11)
      at commitPassiveMountOnFiber (node_modules/.pnpm/react-dom@19.2.0_react@19.2.0/node_modules/react-dom/cjs/react-dom-client.development.js:15476:11)
      at recursivelyTraversePassiveMountEffects (node_modules/.pnpm/react-dom@19.2.0_react@19.2.0/node_modules/react-dom/cjs/react-dom-client.development.js:15439:11)
      at commitPassiveMountOnFiber (node_modules/.pnpm/react-dom@19.2.0_react@19.2.0/node_modules/react-dom/cjs/react-dom-client.development.js:15718:11)
      at recursivelyTraversePassiveMountEffects (node_modules/.pnpm/react-dom@19.2.0_react@19.2.0/node_modules/react-dom/cjs/react-dom-client.development.js:15439:11)
      at commitPassiveMountOnFiber (node_modules/.pnpm/react-dom@19.2.0_react@19.2.0/node_modules/react-dom/cjs/react-dom-client.development.js:15476:11)
      at recursivelyTraversePassiveMountEffects (node_modules/.pnpm/react-dom@19.2.0_react@19.2.0/node_modules/react-dom/cjs/react-dom-client.development.js:15439:11)
      at commitPassiveMountOnFiber (node_modules/.pnpm/react-dom@19.2.0_react@19.2.0/node_modules/react-dom/cjs/react-dom-client.development.js:15718:11)
      at recursivelyTraversePassiveMountEffects (node_modules/.pnpm/react-dom@19.2.0_react@19.2.0/node_modules/react-dom/cjs/react-dom-client.development.js:15439:11)
      at commitPassiveMountOnFiber (node_modules/.pnpm/react-dom@19.2.0_react@19.2.0/node_modules/react-dom/cjs/react-dom-client.development.js:15476:11)
      at recursivelyTraversePassiveMountEffects (node_modules/.pnpm/react-dom@19.2.0_react@19.2.0/node_modules/react-dom/cjs/react-dom-client.development.js:15439:11)
      at commitPassiveMountOnFiber (node_modules/.pnpm/react-dom@19.2.0_react@19.2.0/node_modules/react-dom/cjs/react-dom-client.development.js:15476:11)
      at recursivelyTraversePassiveMountEffects (node_modules/.pnpm/react-dom@19.2.0_react@19.2.0/node_modules/react-dom/cjs/react-dom-client.development.js:15439:11)
      at commitPassiveMountOnFiber (node_modules/.pnpm/react-dom@19.2.0_react@19.2.0/node_modules/react-dom/cjs/react-dom-client.development.js:15476:11)
      at recursivelyTraversePassiveMountEffects (node_modules/.pnpm/react-dom@19.2.0_react@19.2.0/node_modules/react-dom/cjs/react-dom-client.development.js:15439:11)
      at commitPassiveMountOnFiber (node_modules/.pnpm/react-dom@19.2.0_react@19.2.0/node_modules/react-dom/cjs/react-dom-client.development.js:15519:11)
      at flushPassiveEffects (node_modules/.pnpm/react-dom@19.2.0_react@19.2.0/node_modules/react-dom/cjs/react-dom-client.development.js:18432:9)
      at node_modules/.pnpm/react-dom@19.2.0_react@19.2.0/node_modules/react-dom/cjs/react-dom-client.development.js:17923:15
      at performWorkUntilDeadline (node_modules/.pnpm/scheduler@0.27.0/node_modules/scheduler/cjs/scheduler.development.js:45:48)
      at Timeout.task [as _onTimeout] (node_modules/.pnpm/jsdom@26.1.0/node_modules/jsdom/lib/jsdom/browser/Window.js:579:19)

    console.error
      An update to GameProvider inside a test was not wrapped in act(...).
      
      When testing, code that causes React state updates should be wrapped into act(...):
      
      act(() => {
        /* fire events that update state */
      });
      /* assert on the output */
      
      This ensures that you're testing the behavior the user would see in the browser. Learn more at https://react.dev/link/wrap-tests-with-act

    [0m [90m 373 |[39m       [36mreturn[39m[33m;[39m
     [90m 374 |[39m     }
    [31m[1m>[22m[39m[90m 375 |[39m     originalError[33m.[39mcall(console[33m,[39m [33m...[39margs)[33m;[39m
     [90m     |[39m                   [31m[1m^[22m[39m
     [90m 376 |[39m   }[33m;[39m
     [90m 377 |[39m })[33m;[39m
     [90m 378 |[39m[0m

      at console.call [as error] (jest.setup.js:375:19)
      at node_modules/.pnpm/react-dom@19.2.0_react@19.2.0/node_modules/react-dom/cjs/react-dom-client.development.js:18758:19
      at runWithFiberInDEV (node_modules/.pnpm/react-dom@19.2.0_react@19.2.0/node_modules/react-dom/cjs/react-dom-client.development.js:874:13)
      at warnIfUpdatesNotWrappedWithActDEV (node_modules/.pnpm/react-dom@19.2.0_react@19.2.0/node_modules/react-dom/cjs/react-dom-client.development.js:18757:9)
      at scheduleUpdateOnFiber (node_modules/.pnpm/react-dom@19.2.0_react@19.2.0/node_modules/react-dom/cjs/react-dom-client.development.js:16409:11)
      at dispatchSetStateInternal (node_modules/.pnpm/react-dom@19.2.0_react@19.2.0/node_modules/react-dom/cjs/react-dom-client.development.js:9170:13)
      at dispatchSetState (node_modules/.pnpm/react-dom@19.2.0_react@19.2.0/node_modules/react-dom/cjs/react-dom-client.development.js:9127:7)
      at setAgents (src/components/game/GameProvider.tsx:136:7)
      at Object.react_stack_bottom_frame (node_modules/.pnpm/react-dom@19.2.0_react@19.2.0/node_modules/react-dom/cjs/react-dom-client.development.js:25989:20)
      at runWithFiberInDEV (node_modules/.pnpm/react-dom@19.2.0_react@19.2.0/node_modules/react-dom/cjs/react-dom-client.development.js:874:13)
      at commitHookEffectListMount (node_modules/.pnpm/react-dom@19.2.0_react@19.2.0/node_modules/react-dom/cjs/react-dom-client.development.js:13249:29)
      at commitHookPassiveMountEffects (node_modules/.pnpm/react-dom@19.2.0_react@19.2.0/node_modules/react-dom/cjs/react-dom-client.development.js:13336:11)
      at commitPassiveMountOnFiber (node_modules/.pnpm/react-dom@19.2.0_react@19.2.0/node_modules/react-dom/cjs/react-dom-client.development.js:15484:13)
      at recursivelyTraversePassiveMountEffects (node_modules/.pnpm/react-dom@19.2.0_react@19.2.0/node_modules/react-dom/cjs/react-dom-client.development.js:15439:11)
      at commitPassiveMountOnFiber (node_modules/.pnpm/react-dom@19.2.0_react@19.2.0/node_modules/react-dom/cjs/react-dom-client.development.js:15476:11)
      at recursivelyTraversePassiveMountEffects (node_modules/.pnpm/react-dom@19.2.0_react@19.2.0/node_modules/react-dom/cjs/react-dom-client.development.js:15439:11)
      at commitPassiveMountOnFiber (node_modules/.pnpm/react-dom@19.2.0_react@19.2.0/node_modules/react-dom/cjs/react-dom-client.development.js:15718:11)
      at recursivelyTraversePassiveMountEffects (node_modules/.pnpm/react-dom@19.2.0_react@19.2.0/node_modules/react-dom/cjs/react-dom-client.development.js:15439:11)
      at commitPassiveMountOnFiber (node_modules/.pnpm/react-dom@19.2.0_react@19.2.0/node_modules/react-dom/cjs/react-dom-client.development.js:15476:11)
      at recursivelyTraversePassiveMountEffects (node_modules/.pnpm/react-dom@19.2.0_react@19.2.0/node_modules/react-dom/cjs/react-dom-client.development.js:15439:11)
      at commitPassiveMountOnFiber (node_modules/.pnpm/react-dom@19.2.0_react@19.2.0/node_modules/react-dom/cjs/react-dom-client.development.js:15718:11)
      at recursivelyTraversePassiveMountEffects (node_modules/.pnpm/react-dom@19.2.0_react@19.2.0/node_modules/react-dom/cjs/react-dom-client.development.js:15439:11)
      at commitPassiveMountOnFiber (node_modules/.pnpm/react-dom@19.2.0_react@19.2.0/node_modules/react-dom/cjs/react-dom-client.development.js:15476:11)
      at recursivelyTraversePassiveMountEffects (node_modules/.pnpm/react-dom@19.2.0_react@19.2.0/node_modules/react-dom/cjs/react-dom-client.development.js:15439:11)
      at commitPassiveMountOnFiber (node_modules/.pnpm/react-dom@19.2.0_react@19.2.0/node_modules/react-dom/cjs/react-dom-client.development.js:15718:11)
      at recursivelyTraversePassiveMountEffects (node_modules/.pnpm/react-dom@19.2.0_react@19.2.0/node_modules/react-dom/cjs/react-dom-client.development.js:15439:11)
      at commitPassiveMountOnFiber (node_modules/.pnpm/react-dom@19.2.0_react@19.2.0/node_modules/react-dom/cjs/react-dom-client.development.js:15476:11)
      at recursivelyTraversePassiveMountEffects (node_modules/.pnpm/react-dom@19.2.0_react@19.2.0/node_modules/react-dom/cjs/react-dom-client.development.js:15439:11)
      at commitPassiveMountOnFiber (node_modules/.pnpm/react-dom@19.2.0_react@19.2.0/node_modules/react-dom/cjs/react-dom-client.development.js:15718:11)
      at recursivelyTraversePassiveMountEffects (node_modules/.pnpm/react-dom@19.2.0_react@19.2.0/node_modules/react-dom/cjs/react-dom-client.development.js:15439:11)
      at commitPassiveMountOnFiber (node_modules/.pnpm/react-dom@19.2.0_react@19.2.0/node_modules/react-dom/cjs/react-dom-client.development.js:15476:11)
      at recursivelyTraversePassiveMountEffects (node_modules/.pnpm/react-dom@19.2.0_react@19.2.0/node_modules/react-dom/cjs/react-dom-client.development.js:15439:11)
      at commitPassiveMountOnFiber (node_modules/.pnpm/react-dom@19.2.0_react@19.2.0/node_modules/react-dom/cjs/react-dom-client.development.js:15476:11)
      at recursivelyTraversePassiveMountEffects (node_modules/.pnpm/react-dom@19.2.0_react@19.2.0/node_modules/react-dom/cjs/react-dom-client.development.js:15439:11)
      at commitPassiveMountOnFiber (node_modules/.pnpm/react-dom@19.2.0_react@19.2.0/node_modules/react-dom/cjs/react-dom-client.development.js:15476:11)
      at recursivelyTraversePassiveMountEffects (node_modules/.pnpm/react-dom@19.2.0_react@19.2.0/node_modules/react-dom/cjs/react-dom-client.development.js:15439:11)
      at commitPassiveMountOnFiber (node_modules/.pnpm/react-dom@19.2.0_react@19.2.0/node_modules/react-dom/cjs/react-dom-client.development.js:15519:11)
      at flushPassiveEffects (node_modules/.pnpm/react-dom@19.2.0_react@19.2.0/node_modules/react-dom/cjs/react-dom-client.development.js:18432:9)
      at node_modules/.pnpm/react-dom@19.2.0_react@19.2.0/node_modules/react-dom/cjs/react-dom-client.development.js:17923:15
      at performWorkUntilDeadline (node_modules/.pnpm/scheduler@0.27.0/node_modules/scheduler/cjs/scheduler.development.js:45:48)
      at Timeout.task [as _onTimeout] (node_modules/.pnpm/jsdom@26.1.0/node_modules/jsdom/lib/jsdom/browser/Window.js:579:19)

    console.error
      An update to GameProvider inside a test was not wrapped in act(...).
      
      When testing, code that causes React state updates should be wrapped into act(...):
      
      act(() => {
        /* fire events that update state */
      });
      /* assert on the output */
      
      This ensures that you're testing the behavior the user would see in the browser. Learn more at https://react.dev/link/wrap-tests-with-act

    [0m [90m 373 |[39m       [36mreturn[39m[33m;[39m
     [90m 374 |[39m     }
    [31m[1m>[22m[39m[90m 375 |[39m     originalError[33m.[39mcall(console[33m,[39m [33m...[39margs)[33m;[39m
     [90m     |[39m                   [31m[1m^[22m[39m
     [90m 376 |[39m   }[33m;[39m
     [90m 377 |[39m })[33m;[39m
     [90m 378 |[39m[0m

      at console.call [as error] (jest.setup.js:375:19)
      at node_modules/.pnpm/react-dom@19.2.0_react@19.2.0/node_modules/react-dom/cjs/react-dom-client.development.js:18758:19
      at runWithFiberInDEV (node_modules/.pnpm/react-dom@19.2.0_react@19.2.0/node_modules/react-dom/cjs/react-dom-client.development.js:874:13)
      at warnIfUpdatesNotWrappedWithActDEV (node_modules/.pnpm/react-dom@19.2.0_react@19.2.0/node_modules/react-dom/cjs/react-dom-client.development.js:18757:9)
      at scheduleUpdateOnFiber (node_modules/.pnpm/react-dom@19.2.0_react@19.2.0/node_modules/react-dom/cjs/react-dom-client.development.js:16409:11)
      at dispatchSetStateInternal (node_modules/.pnpm/react-dom@19.2.0_react@19.2.0/node_modules/react-dom/cjs/react-dom-client.development.js:9170:13)
      at dispatchSetState (node_modules/.pnpm/react-dom@19.2.0_react@19.2.0/node_modules/react-dom/cjs/react-dom-client.development.js:9127:7)
      at setSelectedAgentId (src/components/game/GameProvider.tsx:137:7)
      at Object.react_stack_bottom_frame (node_modules/.pnpm/react-dom@19.2.0_react@19.2.0/node_modules/react-dom/cjs/react-dom-client.development.js:25989:20)
      at runWithFiberInDEV (node_modules/.pnpm/react-dom@19.2.0_react@19.2.0/node_modules/react-dom/cjs/react-dom-client.development.js:874:13)
      at commitHookEffectListMount (node_modules/.pnpm/react-dom@19.2.0_react@19.2.0/node_modules/react-dom/cjs/react-dom-client.development.js:13249:29)
      at commitHookPassiveMountEffects (node_modules/.pnpm/react-dom@19.2.0_react@19.2.0/node_modules/react-dom/cjs/react-dom-client.development.js:13336:11)
      at commitPassiveMountOnFiber (node_modules/.pnpm/react-dom@19.2.0_react@19.2.0/node_modules/react-dom/cjs/react-dom-client.development.js:15484:13)
      at recursivelyTraversePassiveMountEffects (node_modules/.pnpm/react-dom@19.2.0_react@19.2.0/node_modules/react-dom/cjs/react-dom-client.development.js:15439:11)
      at commitPassiveMountOnFiber (node_modules/.pnpm/react-dom@19.2.0_react@19.2.0/node_modules/react-dom/cjs/react-dom-client.development.js:15476:11)
      at recursivelyTraversePassiveMountEffects (node_modules/.pnpm/react-dom@19.2.0_react@19.2.0/node_modules/react-dom/cjs/react-dom-client.development.js:15439:11)
      at commitPassiveMountOnFiber (node_modules/.pnpm/react-dom@19.2.0_react@19.2.0/node_modules/react-dom/cjs/react-dom-client.development.js:15718:11)
      at recursivelyTraversePassiveMountEffects (node_modules/.pnpm/react-dom@19.2.0_react@19.2.0/node_modules/react-dom/cjs/react-dom-client.development.js:15439:11)
      at commitPassiveMountOnFiber (node_modules/.pnpm/react-dom@19.2.0_react@19.2.0/node_modules/react-dom/cjs/react-dom-client.development.js:15476:11)
      at recursivelyTraversePassiveMountEffects (node_modules/.pnpm/react-dom@19.2.0_react@19.2.0/node_modules/react-dom/cjs/react-dom-client.development.js:15439:11)
      at commitPassiveMountOnFiber (node_modules/.pnpm/react-dom@19.2.0_react@19.2.0/node_modules/react-dom/cjs/react-dom-client.development.js:15718:11)
      at recursivelyTraversePassiveMountEffects (node_modules/.pnpm/react-dom@19.2.0_react@19.2.0/node_modules/react-dom/cjs/react-dom-client.development.js:15439:11)
      at commitPassiveMountOnFiber (node_modules/.pnpm/react-dom@19.2.0_react@19.2.0/node_modules/react-dom/cjs/react-dom-client.development.js:15476:11)
      at recursivelyTraversePassiveMountEffects (node_modules/.pnpm/react-dom@19.2.0_react@19.2.0/node_modules/react-dom/cjs/react-dom-client.development.js:15439:11)
      at commitPassiveMountOnFiber (node_modules/.pnpm/react-dom@19.2.0_react@19.2.0/node_modules/react-dom/cjs/react-dom-client.development.js:15718:11)
      at recursivelyTraversePassiveMountEffects (node_modules/.pnpm/react-dom@19.2.0_react@19.2.0/node_modules/react-dom/cjs/react-dom-client.development.js:15439:11)
      at commitPassiveMountOnFiber (node_modules/.pnpm/react-dom@19.2.0_react@19.2.0/node_modules/react-dom/cjs/react-dom-client.development.js:15476:11)
      at recursivelyTraversePassiveMountEffects (node_modules/.pnpm/react-dom@19.2.0_react@19.2.0/node_modules/react-dom/cjs/react-dom-client.development.js:15439:11)
      at commitPassiveMountOnFiber (node_modules/.pnpm/react-dom@19.2.0_react@19.2.0/node_modules/react-dom/cjs/react-dom-client.development.js:15718:11)
      at recursivelyTraversePassiveMountEffects (node_modules/.pnpm/react-dom@19.2.0_react@19.2.0/node_modules/react-dom/cjs/react-dom-client.development.js:15439:11)
      at commitPassiveMountOnFiber (node_modules/.pnpm/react-dom@19.2.0_react@19.2.0/node_modules/react-dom/cjs/react-dom-client.development.js:15476:11)
      at recursivelyTraversePassiveMountEffects (node_modules/.pnpm/react-dom@19.2.0_react@19.2.0/node_modules/react-dom/cjs/react-dom-client.development.js:15439:11)
      at commitPassiveMountOnFiber (node_modules/.pnpm/react-dom@19.2.0_react@19.2.0/node_modules/react-dom/cjs/react-dom-client.development.js:15476:11)
      at recursivelyTraversePassiveMountEffects (node_modules/.pnpm/react-dom@19.2.0_react@19.2.0/node_modules/react-dom/cjs/react-dom-client.development.js:15439:11)
      at commitPassiveMountOnFiber (node_modules/.pnpm/react-dom@19.2.0_react@19.2.0/node_modules/react-dom/cjs/react-dom-client.development.js:15476:11)
      at recursivelyTraversePassiveMountEffects (node_modules/.pnpm/react-dom@19.2.0_react@19.2.0/node_modules/react-dom/cjs/react-dom-client.development.js:15439:11)
      at commitPassiveMountOnFiber (node_modules/.pnpm/react-dom@19.2.0_react@19.2.0/node_modules/react-dom/cjs/react-dom-client.development.js:15519:11)
      at flushPassiveEffects (node_modules/.pnpm/react-dom@19.2.0_react@19.2.0/node_modules/react-dom/cjs/react-dom-client.development.js:18432:9)
      at node_modules/.pnpm/react-dom@19.2.0_react@19.2.0/node_modules/react-dom/cjs/react-dom-client.development.js:17923:15
      at performWorkUntilDeadline (node_modules/.pnpm/scheduler@0.27.0/node_modules/scheduler/cjs/scheduler.development.js:45:48)
      at Timeout.task [as _onTimeout] (node_modules/.pnpm/jsdom@26.1.0/node_modules/jsdom/lib/jsdom/browser/Window.js:579:19)

    console.error
      An update to GameProvider inside a test was not wrapped in act(...).
      
      When testing, code that causes React state updates should be wrapped into act(...):
      
      act(() => {
        /* fire events that update state */
      });
      /* assert on the output */
      
      This ensures that you're testing the behavior the user would see in the browser. Learn more at https://react.dev/link/wrap-tests-with-act

    [0m [90m 373 |[39m       [36mreturn[39m[33m;[39m
     [90m 374 |[39m     }
    [31m[1m>[22m[39m[90m 375 |[39m     originalError[33m.[39mcall(console[33m,[39m [33m...[39margs)[33m;[39m
     [90m     |[39m                   [31m[1m^[22m[39m
     [90m 376 |[39m   }[33m;[39m
     [90m 377 |[39m })[33m;[39m
     [90m 378 |[39m[0m

      at console.call [as error] (jest.setup.js:375:19)
      at node_modules/.pnpm/react-dom@19.2.0_react@19.2.0/node_modules/react-dom/cjs/react-dom-client.development.js:18758:19
      at runWithFiberInDEV (node_modules/.pnpm/react-dom@19.2.0_react@19.2.0/node_modules/react-dom/cjs/react-dom-client.development.js:874:13)
      at warnIfUpdatesNotWrappedWithActDEV (node_modules/.pnpm/react-dom@19.2.0_react@19.2.0/node_modules/react-dom/cjs/react-dom-client.development.js:18757:9)
      at scheduleUpdateOnFiber (node_modules/.pnpm/react-dom@19.2.0_react@19.2.0/node_modules/react-dom/cjs/react-dom-client.development.js:16409:11)
      at dispatchSetStateInternal (node_modules/.pnpm/react-dom@19.2.0_react@19.2.0/node_modules/react-dom/cjs/react-dom-client.development.js:9170:13)
      at dispatchSetState (node_modules/.pnpm/react-dom@19.2.0_react@19.2.0/node_modules/react-dom/cjs/react-dom-client.development.js:9127:7)
      at setGames (src/components/game/GameProvider.tsx:84:7)

    console.error
      An update to GameProvider inside a test was not wrapped in act(...).
      
      When testing, code that causes React state updates should be wrapped into act(...):
      
      act(() => {
        /* fire events that update state */
      });
      /* assert on the output */
      
      This ensures that you're testing the behavior the user would see in the browser. Learn more at https://react.dev/link/wrap-tests-with-act

    [0m [90m 373 |[39m       [36mreturn[39m[33m;[39m
     [90m 374 |[39m     }
    [31m[1m>[22m[39m[90m 375 |[39m     originalError[33m.[39mcall(console[33m,[39m [33m...[39margs)[33m;[39m
     [90m     |[39m                   [31m[1m^[22m[39m
     [90m 376 |[39m   }[33m;[39m
     [90m 377 |[39m })[33m;[39m
     [90m 378 |[39m[0m

      at console.call [as error] (jest.setup.js:375:19)
      at node_modules/.pnpm/react-dom@19.2.0_react@19.2.0/node_modules/react-dom/cjs/react-dom-client.development.js:18758:19
      at runWithFiberInDEV (node_modules/.pnpm/react-dom@19.2.0_react@19.2.0/node_modules/react-dom/cjs/react-dom-client.development.js:874:13)
      at warnIfUpdatesNotWrappedWithActDEV (node_modules/.pnpm/react-dom@19.2.0_react@19.2.0/node_modules/react-dom/cjs/react-dom-client.development.js:18757:9)
      at scheduleUpdateOnFiber (node_modules/.pnpm/react-dom@19.2.0_react@19.2.0/node_modules/react-dom/cjs/react-dom-client.development.js:16409:11)
      at dispatchSetStateInternal (node_modules/.pnpm/react-dom@19.2.0_react@19.2.0/node_modules/react-dom/cjs/react-dom-client.development.js:9170:13)
      at dispatchSetState (node_modules/.pnpm/react-dom@19.2.0_react@19.2.0/node_modules/react-dom/cjs/react-dom-client.development.js:9127:7)
      at setSelectedGameId (src/components/game/GameProvider.tsx:88:7)

    console.error
      An update to GameProvider inside a test was not wrapped in act(...).
      
      When testing, code that causes React state updates should be wrapped into act(...):
      
      act(() => {
        /* fire events that update state */
      });
      /* assert on the output */
      
      This ensures that you're testing the behavior the user would see in the browser. Learn more at https://react.dev/link/wrap-tests-with-act

    [0m [90m 373 |[39m       [36mreturn[39m[33m;[39m
     [90m 374 |[39m     }
    [31m[1m>[22m[39m[90m 375 |[39m     originalError[33m.[39mcall(console[33m,[39m [33m...[39margs)[33m;[39m
     [90m     |[39m                   [31m[1m^[22m[39m
     [90m 376 |[39m   }[33m;[39m
     [90m 377 |[39m })[33m;[39m
     [90m 378 |[39m[0m

      at console.call [as error] (jest.setup.js:375:19)
      at node_modules/.pnpm/react-dom@19.2.0_react@19.2.0/node_modules/react-dom/cjs/react-dom-client.development.js:18758:19
      at runWithFiberInDEV (node_modules/.pnpm/react-dom@19.2.0_react@19.2.0/node_modules/react-dom/cjs/react-dom-client.development.js:874:13)
      at warnIfUpdatesNotWrappedWithActDEV (node_modules/.pnpm/react-dom@19.2.0_react@19.2.0/node_modules/react-dom/cjs/react-dom-client.development.js:18757:9)
      at scheduleUpdateOnFiber (node_modules/.pnpm/react-dom@19.2.0_react@19.2.0/node_modules/react-dom/cjs/react-dom-client.development.js:16409:11)
      at dispatchSetStateInternal (node_modules/.pnpm/react-dom@19.2.0_react@19.2.0/node_modules/react-dom/cjs/react-dom-client.development.js:9170:13)
      at dispatchSetState (node_modules/.pnpm/react-dom@19.2.0_react@19.2.0/node_modules/react-dom/cjs/react-dom-client.development.js:9127:7)
      at setLoading (src/components/game/GameProvider.tsx:99:7)

PASS src/__tests__/pages/admin-prompts-compare.test.tsx
PASS src/__tests__/pages/logs.test.tsx
  ● Console

    console.error
      Failed to load logs Error: 403 Forbidden
          at Object.<anonymous> (D:\Repositories\meepleai-monorepo\apps\web\src\__tests__\pages\logs.test.tsx:102:22)
          at Promise.finally.completed (D:\Repositories\meepleai-monorepo\apps\web\node_modules\.pnpm\jest-circus@30.2.0\node_modules\jest-circus\build\jestAdapterInit.js:1557:28)
          at new Promise (<anonymous>)
          at callAsyncCircusFn (D:\Repositories\meepleai-monorepo\apps\web\node_modules\.pnpm\jest-circus@30.2.0\node_modules\jest-circus\build\jestAdapterInit.js:1497:10)
          at _callCircusTest (D:\Repositories\meepleai-monorepo\apps\web\node_modules\.pnpm\jest-circus@30.2.0\node_modules\jest-circus\build\jestAdapterInit.js:1007:40)
          at _runTest (D:\Repositories\meepleai-monorepo\apps\web\node_modules\.pnpm\jest-circus@30.2.0\node_modules\jest-circus\build\jestAdapterInit.js:947:3)
          at D:\Repositories\meepleai-monorepo\apps\web\node_modules\.pnpm\jest-circus@30.2.0\node_modules\jest-circus\build\jestAdapterInit.js:849:7
          at _runTestsForDescribeBlock (D:\Repositories\meepleai-monorepo\apps\web\node_modules\.pnpm\jest-circus@30.2.0\node_modules\jest-circus\build\jestAdapterInit.js:862:11)
          at _runTestsForDescribeBlock (D:\Repositories\meepleai-monorepo\apps\web\node_modules\.pnpm\jest-circus@30.2.0\node_modules\jest-circus\build\jestAdapterInit.js:857:11)
          at run (D:\Repositories\meepleai-monorepo\apps\web\node_modules\.pnpm\jest-circus@30.2.0\node_modules\jest-circus\build\jestAdapterInit.js:761:3)
          at runAndTransformResultsToJestFormat (D:\Repositories\meepleai-monorepo\apps\web\node_modules\.pnpm\jest-circus@30.2.0\node_modules\jest-circus\build\jestAdapterInit.js:1918:21)
          at jestAdapter (D:\Repositories\meepleai-monorepo\apps\web\node_modules\.pnpm\jest-circus@30.2.0\node_modules\jest-circus\build\runner.js:101:19)
          at runTestInternal (D:\Repositories\meepleai-monorepo\apps\web\node_modules\.pnpm\jest-runner@30.2.0\node_modules\jest-runner\build\testWorker.js:275:16)
          at runTest (D:\Repositories\meepleai-monorepo\apps\web\node_modules\.pnpm\jest-runner@30.2.0\node_modules\jest-runner\build\testWorker.js:343:7)
          at Object.worker (D:\Repositories\meepleai-monorepo\apps\web\node_modules\.pnpm\jest-runner@30.2.0\node_modules\jest-runner\build\testWorker.js:497:12)

    [0m [90m 373 |[39m       [36mreturn[39m[33m;[39m
     [90m 374 |[39m     }
    [31m[1m>[22m[39m[90m 375 |[39m     originalError[33m.[39mcall(console[33m,[39m [33m...[39margs)[33m;[39m
     [90m     |[39m                   [31m[1m^[22m[39m
     [90m 376 |[39m   }[33m;[39m
     [90m 377 |[39m })[33m;[39m
     [90m 378 |[39m[0m

      at console.call [as error] (jest.setup.js:375:19)
      at error (src/pages/logs.tsx:34:17)

    console.error
      Failed to load logs Error: Network error
          at Object.<anonymous> (D:\Repositories\meepleai-monorepo\apps\web\src\__tests__\pages\logs.test.tsx:112:26)
          at Promise.finally.completed (D:\Repositories\meepleai-monorepo\apps\web\node_modules\.pnpm\jest-circus@30.2.0\node_modules\jest-circus\build\jestAdapterInit.js:1557:28)
          at new Promise (<anonymous>)
          at callAsyncCircusFn (D:\Repositories\meepleai-monorepo\apps\web\node_modules\.pnpm\jest-circus@30.2.0\node_modules\jest-circus\build\jestAdapterInit.js:1497:10)
          at _callCircusTest (D:\Repositories\meepleai-monorepo\apps\web\node_modules\.pnpm\jest-circus@30.2.0\node_modules\jest-circus\build\jestAdapterInit.js:1007:40)
          at _runTest (D:\Repositories\meepleai-monorepo\apps\web\node_modules\.pnpm\jest-circus@30.2.0\node_modules\jest-circus\build\jestAdapterInit.js:947:3)
          at D:\Repositories\meepleai-monorepo\apps\web\node_modules\.pnpm\jest-circus@30.2.0\node_modules\jest-circus\build\jestAdapterInit.js:849:7
          at _runTestsForDescribeBlock (D:\Repositories\meepleai-monorepo\apps\web\node_modules\.pnpm\jest-circus@30.2.0\node_modules\jest-circus\build\jestAdapterInit.js:862:11)
          at _runTestsForDescribeBlock (D:\Repositories\meepleai-monorepo\apps\web\node_modules\.pnpm\jest-circus@30.2.0\node_modules\jest-circus\build\jestAdapterInit.js:857:11)
          at run (D:\Repositories\meepleai-monorepo\apps\web\node_modules\.pnpm\jest-circus@30.2.0\node_modules\jest-circus\build\jestAdapterInit.js:761:3)
          at runAndTransformResultsToJestFormat (D:\Repositories\meepleai-monorepo\apps\web\node_modules\.pnpm\jest-circus@30.2.0\node_modules\jest-circus\build\jestAdapterInit.js:1918:21)
          at jestAdapter (D:\Repositories\meepleai-monorepo\apps\web\node_modules\.pnpm\jest-circus@30.2.0\node_modules\jest-circus\build\runner.js:101:19)
          at runTestInternal (D:\Repositories\meepleai-monorepo\apps\web\node_modules\.pnpm\jest-runner@30.2.0\node_modules\jest-runner\build\testWorker.js:275:16)
          at runTest (D:\Repositories\meepleai-monorepo\apps\web\node_modules\.pnpm\jest-runner@30.2.0\node_modules\jest-runner\build\testWorker.js:343:7)
          at Object.worker (D:\Repositories\meepleai-monorepo\apps\web\node_modules\.pnpm\jest-runner@30.2.0\node_modules\jest-runner\build\testWorker.js:497:12)

    [0m [90m 373 |[39m       [36mreturn[39m[33m;[39m
     [90m 374 |[39m     }
    [31m[1m>[22m[39m[90m 375 |[39m     originalError[33m.[39mcall(console[33m,[39m [33m...[39margs)[33m;[39m
     [90m     |[39m                   [31m[1m^[22m[39m
     [90m 376 |[39m   }[33m;[39m
     [90m 377 |[39m })[33m;[39m
     [90m 378 |[39m[0m

      at console.call [as error] (jest.setup.js:375:19)
      at error (src/pages/logs.tsx:34:17)

PASS src/components/diff/__tests__/DiffViewModeToggle.test.tsx
  ● Console

    console.error
      An update to ForwardRef inside a test was not wrapped in act(...).
      
      When testing, code that causes React state updates should be wrapped into act(...):
      
      act(() => {
        /* fire events that update state */
      });
      /* assert on the output */
      
      This ensures that you're testing the behavior the user would see in the browser. Learn more at https://react.dev/link/wrap-tests-with-act

    [0m [90m 373 |[39m       [36mreturn[39m[33m;[39m
     [90m 374 |[39m     }
    [31m[1m>[22m[39m[90m 375 |[39m     originalError[33m.[39mcall(console[33m,[39m [33m...[39margs)[33m;[39m
     [90m     |[39m                   [31m[1m^[22m[39m
     [90m 376 |[39m   }[33m;[39m
     [90m 377 |[39m })[33m;[39m
     [90m 378 |[39m[0m

      at console.call [as error] (jest.setup.js:375:19)
      at node_modules/.pnpm/react-dom@19.2.0_react@19.2.0/node_modules/react-dom/cjs/react-dom-client.development.js:18758:19
      at runWithFiberInDEV (node_modules/.pnpm/react-dom@19.2.0_react@19.2.0/node_modules/react-dom/cjs/react-dom-client.development.js:874:13)
      at warnIfUpdatesNotWrappedWithActDEV (node_modules/.pnpm/react-dom@19.2.0_react@19.2.0/node_modules/react-dom/cjs/react-dom-client.development.js:18757:9)
      at scheduleUpdateOnFiber (node_modules/.pnpm/react-dom@19.2.0_react@19.2.0/node_modules/react-dom/cjs/react-dom-client.development.js:16409:11)
      at dispatchSetStateInternal (node_modules/.pnpm/react-dom@19.2.0_react@19.2.0/node_modules/react-dom/cjs/react-dom-client.development.js:9170:13)
      at dispatchSetState (node_modules/.pnpm/react-dom@19.2.0_react@19.2.0/node_modules/react-dom/cjs/react-dom-client.development.js:9127:7)
      at node_modules/.pnpm/@radix-ui+react-use-control_d18fbb198f71e7c21e4c29858a022376/node_modules/@radix-ui/react-use-controllable-state/src/use-controllable-state.tsx:59:9
      at Object.onItemFocus (node_modules/.pnpm/@radix-ui+react-roving-focu_24c13f548d57f1c7139d1bdbb746f4d3/node_modules/@radix-ui/react-roving-focus/src/roving-focus-group.tsx:144:24)
      at node_modules/.pnpm/@radix-ui+react-roving-focu_24c13f548d57f1c7139d1bdbb746f4d3/node_modules/@radix-ui/react-roving-focus/src/roving-focus-group.tsx:258:70
      at handleEvent (node_modules/.pnpm/@radix-ui+primitive@1.1.3/node_modules/@radix-ui/primitive/src/primitive.tsx:20:14)
      at executeDispatch (node_modules/.pnpm/react-dom@19.2.0_react@19.2.0/node_modules/react-dom/cjs/react-dom-client.development.js:19116:9)
      at runWithFiberInDEV (node_modules/.pnpm/react-dom@19.2.0_react@19.2.0/node_modules/react-dom/cjs/react-dom-client.development.js:874:13)
      at processDispatchQueue (node_modules/.pnpm/react-dom@19.2.0_react@19.2.0/node_modules/react-dom/cjs/react-dom-client.development.js:19166:19)
      at node_modules/.pnpm/react-dom@19.2.0_react@19.2.0/node_modules/react-dom/cjs/react-dom-client.development.js:19767:9
      at batchedUpdates$1 (node_modules/.pnpm/react-dom@19.2.0_react@19.2.0/node_modules/react-dom/cjs/react-dom-client.development.js:3255:40)
      at dispatchEventForPluginEventSystem (node_modules/.pnpm/react-dom@19.2.0_react@19.2.0/node_modules/react-dom/cjs/react-dom-client.development.js:19320:7)
      at dispatchEvent (node_modules/.pnpm/react-dom@19.2.0_react@19.2.0/node_modules/react-dom/cjs/react-dom-client.development.js:23585:11)
      at dispatchDiscreteEvent (node_modules/.pnpm/react-dom@19.2.0_react@19.2.0/node_modules/react-dom/cjs/react-dom-client.development.js:23553:11)
      at HTMLDivElement.callTheUserObjectsOperation (node_modules/.pnpm/jsdom@26.1.0/node_modules/jsdom/lib/jsdom/living/generated/EventListener.js:26:30)
      at innerInvokeEventListeners (node_modules/.pnpm/jsdom@26.1.0/node_modules/jsdom/lib/jsdom/living/events/EventTarget-impl.js:350:25)
      at invokeEventListeners (node_modules/.pnpm/jsdom@26.1.0/node_modules/jsdom/lib/jsdom/living/events/EventTarget-impl.js:286:3)
      at HTMLButtonElementImpl._dispatch (node_modules/.pnpm/jsdom@26.1.0/node_modules/jsdom/lib/jsdom/living/events/EventTarget-impl.js:233:9)
      at Object.exports.fireFocusEventWithTargetAdjustment (node_modules/.pnpm/jsdom@26.1.0/node_modules/jsdom/lib/jsdom/living/helpers/focusing.js:103:10)
      at HTMLButtonElementImpl.focus (node_modules/.pnpm/jsdom@26.1.0/node_modules/jsdom/lib/jsdom/living/nodes/HTMLOrSVGElement-impl.js:72:14)
      at HTMLButtonElement.focus (node_modules/.pnpm/jsdom@26.1.0/node_modules/jsdom/lib/jsdom/living/generated/HTMLElement.js:128:34)
      at HTMLButtonElement.patchedFocus (node_modules/.pnpm/@testing-library+user-event_1ca100c7362ccf0b1358603d616c282d/node_modules/@testing-library/user-event/dist/cjs/document/patchFocus.js:35:26)
      at Object.focus (src/components/diff/__tests__/DiffViewModeToggle.test.tsx:214:18)

    console.error
      An update to ForwardRef inside a test was not wrapped in act(...).
      
      When testing, code that causes React state updates should be wrapped into act(...):
      
      act(() => {
        /* fire events that update state */
      });
      /* assert on the output */
      
      This ensures that you're testing the behavior the user would see in the browser. Learn more at https://react.dev/link/wrap-tests-with-act

    [0m [90m 373 |[39m       [36mreturn[39m[33m;[39m
     [90m 374 |[39m     }
    [31m[1m>[22m[39m[90m 375 |[39m     originalError[33m.[39mcall(console[33m,[39m [33m...[39margs)[33m;[39m
     [90m     |[39m                   [31m[1m^[22m[39m
     [90m 376 |[39m   }[33m;[39m
     [90m 377 |[39m })[33m;[39m
     [90m 378 |[39m[0m

      at console.call [as error] (jest.setup.js:375:19)
      at node_modules/.pnpm/react-dom@19.2.0_react@19.2.0/node_modules/react-dom/cjs/react-dom-client.development.js:18758:19
      at runWithFiberInDEV (node_modules/.pnpm/react-dom@19.2.0_react@19.2.0/node_modules/react-dom/cjs/react-dom-client.development.js:874:13)
      at warnIfUpdatesNotWrappedWithActDEV (node_modules/.pnpm/react-dom@19.2.0_react@19.2.0/node_modules/react-dom/cjs/react-dom-client.development.js:18757:9)
      at scheduleUpdateOnFiber (node_modules/.pnpm/react-dom@19.2.0_react@19.2.0/node_modules/react-dom/cjs/react-dom-client.development.js:16409:11)
      at dispatchSetStateInternal (node_modules/.pnpm/react-dom@19.2.0_react@19.2.0/node_modules/react-dom/cjs/react-dom-client.development.js:9170:13)
      at dispatchSetState (node_modules/.pnpm/react-dom@19.2.0_react@19.2.0/node_modules/react-dom/cjs/react-dom-client.development.js:9127:7)
      at node_modules/.pnpm/@radix-ui+react-use-control_d18fbb198f71e7c21e4c29858a022376/node_modules/@radix-ui/react-use-controllable-state/src/use-controllable-state.tsx:59:9
      at Object.onItemFocus (node_modules/.pnpm/@radix-ui+react-roving-focu_24c13f548d57f1c7139d1bdbb746f4d3/node_modules/@radix-ui/react-roving-focus/src/roving-focus-group.tsx:144:24)
      at node_modules/.pnpm/@radix-ui+react-roving-focu_24c13f548d57f1c7139d1bdbb746f4d3/node_modules/@radix-ui/react-roving-focus/src/roving-focus-group.tsx:258:70
      at handleEvent (node_modules/.pnpm/@radix-ui+primitive@1.1.3/node_modules/@radix-ui/primitive/src/primitive.tsx:20:14)
      at executeDispatch (node_modules/.pnpm/react-dom@19.2.0_react@19.2.0/node_modules/react-dom/cjs/react-dom-client.development.js:19116:9)
      at runWithFiberInDEV (node_modules/.pnpm/react-dom@19.2.0_react@19.2.0/node_modules/react-dom/cjs/react-dom-client.development.js:874:13)
      at processDispatchQueue (node_modules/.pnpm/react-dom@19.2.0_react@19.2.0/node_modules/react-dom/cjs/react-dom-client.development.js:19166:19)
      at node_modules/.pnpm/react-dom@19.2.0_react@19.2.0/node_modules/react-dom/cjs/react-dom-client.development.js:19767:9
      at batchedUpdates$1 (node_modules/.pnpm/react-dom@19.2.0_react@19.2.0/node_modules/react-dom/cjs/react-dom-client.development.js:3255:40)
      at dispatchEventForPluginEventSystem (node_modules/.pnpm/react-dom@19.2.0_react@19.2.0/node_modules/react-dom/cjs/react-dom-client.development.js:19320:7)
      at dispatchEvent (node_modules/.pnpm/react-dom@19.2.0_react@19.2.0/node_modules/react-dom/cjs/react-dom-client.development.js:23585:11)
      at dispatchDiscreteEvent (node_modules/.pnpm/react-dom@19.2.0_react@19.2.0/node_modules/react-dom/cjs/react-dom-client.development.js:23553:11)
      at HTMLDivElement.callTheUserObjectsOperation (node_modules/.pnpm/jsdom@26.1.0/node_modules/jsdom/lib/jsdom/living/generated/EventListener.js:26:30)
      at innerInvokeEventListeners (node_modules/.pnpm/jsdom@26.1.0/node_modules/jsdom/lib/jsdom/living/events/EventTarget-impl.js:350:25)
      at invokeEventListeners (node_modules/.pnpm/jsdom@26.1.0/node_modules/jsdom/lib/jsdom/living/events/EventTarget-impl.js:286:3)
      at HTMLButtonElementImpl._dispatch (node_modules/.pnpm/jsdom@26.1.0/node_modules/jsdom/lib/jsdom/living/events/EventTarget-impl.js:233:9)
      at Object.exports.fireFocusEventWithTargetAdjustment (node_modules/.pnpm/jsdom@26.1.0/node_modules/jsdom/lib/jsdom/living/helpers/focusing.js:103:10)
      at HTMLButtonElementImpl.focus (node_modules/.pnpm/jsdom@26.1.0/node_modules/jsdom/lib/jsdom/living/nodes/HTMLOrSVGElement-impl.js:72:14)
      at HTMLButtonElement.focus (node_modules/.pnpm/jsdom@26.1.0/node_modules/jsdom/lib/jsdom/living/generated/HTMLElement.js:128:34)
      at HTMLButtonElement.patchedFocus (node_modules/.pnpm/@testing-library+user-event_1ca100c7362ccf0b1358603d616c282d/node_modules/@testing-library/user-event/dist/cjs/document/patchFocus.js:35:26)
      at Object.focus (src/components/diff/__tests__/DiffViewModeToggle.test.tsx:227:18)

PASS src/__tests__/pages/editor.test.tsx
PASS src/__tests__/components/game/GameProvider.test.tsx
  ● Console

    console.error
      Failed to load games: Error: Failed to load games
          at Object.<anonymous> (D:\Repositories\meepleai-monorepo\apps\web\src\__tests__\components\game\GameProvider.test.tsx:107:41)
          at Promise.finally.completed (D:\Repositories\meepleai-monorepo\apps\web\node_modules\.pnpm\jest-circus@30.2.0\node_modules\jest-circus\build\jestAdapterInit.js:1557:28)
          at new Promise (<anonymous>)
          at callAsyncCircusFn (D:\Repositories\meepleai-monorepo\apps\web\node_modules\.pnpm\jest-circus@30.2.0\node_modules\jest-circus\build\jestAdapterInit.js:1497:10)
          at _callCircusTest (D:\Repositories\meepleai-monorepo\apps\web\node_modules\.pnpm\jest-circus@30.2.0\node_modules\jest-circus\build\jestAdapterInit.js:1007:40)
          at _runTest (D:\Repositories\meepleai-monorepo\apps\web\node_modules\.pnpm\jest-circus@30.2.0\node_modules\jest-circus\build\jestAdapterInit.js:947:3)
          at D:\Repositories\meepleai-monorepo\apps\web\node_modules\.pnpm\jest-circus@30.2.0\node_modules\jest-circus\build\jestAdapterInit.js:849:7
          at _runTestsForDescribeBlock (D:\Repositories\meepleai-monorepo\apps\web\node_modules\.pnpm\jest-circus@30.2.0\node_modules\jest-circus\build\jestAdapterInit.js:862:11)
          at _runTestsForDescribeBlock (D:\Repositories\meepleai-monorepo\apps\web\node_modules\.pnpm\jest-circus@30.2.0\node_modules\jest-circus\build\jestAdapterInit.js:857:11)
          at _runTestsForDescribeBlock (D:\Repositories\meepleai-monorepo\apps\web\node_modules\.pnpm\jest-circus@30.2.0\node_modules\jest-circus\build\jestAdapterInit.js:857:11)
          at run (D:\Repositories\meepleai-monorepo\apps\web\node_modules\.pnpm\jest-circus@30.2.0\node_modules\jest-circus\build\jestAdapterInit.js:761:3)
          at runAndTransformResultsToJestFormat (D:\Repositories\meepleai-monorepo\apps\web\node_modules\.pnpm\jest-circus@30.2.0\node_modules\jest-circus\build\jestAdapterInit.js:1918:21)
          at jestAdapter (D:\Repositories\meepleai-monorepo\apps\web\node_modules\.pnpm\jest-circus@30.2.0\node_modules\jest-circus\build\runner.js:101:19)
          at runTestInternal (D:\Repositories\meepleai-monorepo\apps\web\node_modules\.pnpm\jest-runner@30.2.0\node_modules\jest-runner\build\testWorker.js:275:16)
          at runTest (D:\Repositories\meepleai-monorepo\apps\web\node_modules\.pnpm\jest-runner@30.2.0\node_modules\jest-runner\build\testWorker.js:343:7)
          at Object.worker (D:\Repositories\meepleai-monorepo\apps\web\node_modules\.pnpm\jest-runner@30.2.0\node_modules\jest-runner\build\testWorker.js:497:12)

    [0m [90m 373 |[39m       [36mreturn[39m[33m;[39m
     [90m 374 |[39m     }
    [31m[1m>[22m[39m[90m 375 |[39m     originalError[33m.[39mcall(console[33m,[39m [33m...[39margs)[33m;[39m
     [90m     |[39m                   [31m[1m^[22m[39m
     [90m 376 |[39m   }[33m;[39m
     [90m 377 |[39m })[33m;[39m
     [90m 378 |[39m[0m

      at console.call [as error] (jest.setup.js:375:19)
      at error (src/components/game/GameProvider.tsx:95:15)

    console.error
      Failed to load agents: Error: Failed to load agents
          at Object.<anonymous> (D:\Repositories\meepleai-monorepo\apps\web\src\__tests__\components\game\GameProvider.test.tsx:164:32)
          at Promise.finally.completed (D:\Repositories\meepleai-monorepo\apps\web\node_modules\.pnpm\jest-circus@30.2.0\node_modules\jest-circus\build\jestAdapterInit.js:1557:28)
          at new Promise (<anonymous>)
          at callAsyncCircusFn (D:\Repositories\meepleai-monorepo\apps\web\node_modules\.pnpm\jest-circus@30.2.0\node_modules\jest-circus\build\jestAdapterInit.js:1497:10)
          at _callCircusTest (D:\Repositories\meepleai-monorepo\apps\web\node_modules\.pnpm\jest-circus@30.2.0\node_modules\jest-circus\build\jestAdapterInit.js:1007:40)
          at _runTest (D:\Repositories\meepleai-monorepo\apps\web\node_modules\.pnpm\jest-circus@30.2.0\node_modules\jest-circus\build\jestAdapterInit.js:947:3)
          at D:\Repositories\meepleai-monorepo\apps\web\node_modules\.pnpm\jest-circus@30.2.0\node_modules\jest-circus\build\jestAdapterInit.js:849:7
          at _runTestsForDescribeBlock (D:\Repositories\meepleai-monorepo\apps\web\node_modules\.pnpm\jest-circus@30.2.0\node_modules\jest-circus\build\jestAdapterInit.js:862:11)
          at _runTestsForDescribeBlock (D:\Repositories\meepleai-monorepo\apps\web\node_modules\.pnpm\jest-circus@30.2.0\node_modules\jest-circus\build\jestAdapterInit.js:857:11)
          at _runTestsForDescribeBlock (D:\Repositories\meepleai-monorepo\apps\web\node_modules\.pnpm\jest-circus@30.2.0\node_modules\jest-circus\build\jestAdapterInit.js:857:11)
          at run (D:\Repositories\meepleai-monorepo\apps\web\node_modules\.pnpm\jest-circus@30.2.0\node_modules\jest-circus\build\jestAdapterInit.js:761:3)
          at runAndTransformResultsToJestFormat (D:\Repositories\meepleai-monorepo\apps\web\node_modules\.pnpm\jest-circus@30.2.0\node_modules\jest-circus\build\jestAdapterInit.js:1918:21)
          at jestAdapter (D:\Repositories\meepleai-monorepo\apps\web\node_modules\.pnpm\jest-circus@30.2.0\node_modules\jest-circus\build\runner.js:101:19)
          at runTestInternal (D:\Repositories\meepleai-monorepo\apps\web\node_modules\.pnpm\jest-runner@30.2.0\node_modules\jest-runner\build\testWorker.js:275:16)
          at runTest (D:\Repositories\meepleai-monorepo\apps\web\node_modules\.pnpm\jest-runner@30.2.0\node_modules\jest-runner\build\testWorker.js:343:7)
          at Object.worker (D:\Repositories\meepleai-monorepo\apps\web\node_modules\.pnpm\jest-runner@30.2.0\node_modules\jest-runner\build\testWorker.js:497:12)

    [0m [90m 373 |[39m       [36mreturn[39m[33m;[39m
     [90m 374 |[39m     }
    [31m[1m>[22m[39m[90m 375 |[39m     originalError[33m.[39mcall(console[33m,[39m [33m...[39margs)[33m;[39m
     [90m     |[39m                   [31m[1m^[22m[39m
     [90m 376 |[39m   }[33m;[39m
     [90m 377 |[39m })[33m;[39m
     [90m 378 |[39m[0m

      at console.call [as error] (jest.setup.js:375:19)
      at error (src/components/game/GameProvider.tsx:117:15)

    console.error
      Failed to create game: Error: Creation failed
          at Object.<anonymous> (D:\Repositories\meepleai-monorepo\apps\web\src\__tests__\components\game\GameProvider.test.tsx:285:42)
          at Promise.finally.completed (D:\Repositories\meepleai-monorepo\apps\web\node_modules\.pnpm\jest-circus@30.2.0\node_modules\jest-circus\build\jestAdapterInit.js:1557:28)
          at new Promise (<anonymous>)
          at callAsyncCircusFn (D:\Repositories\meepleai-monorepo\apps\web\node_modules\.pnpm\jest-circus@30.2.0\node_modules\jest-circus\build\jestAdapterInit.js:1497:10)
          at _callCircusTest (D:\Repositories\meepleai-monorepo\apps\web\node_modules\.pnpm\jest-circus@30.2.0\node_modules\jest-circus\build\jestAdapterInit.js:1007:40)
          at _runTest (D:\Repositories\meepleai-monorepo\apps\web\node_modules\.pnpm\jest-circus@30.2.0\node_modules\jest-circus\build\jestAdapterInit.js:947:3)
          at D:\Repositories\meepleai-monorepo\apps\web\node_modules\.pnpm\jest-circus@30.2.0\node_modules\jest-circus\build\jestAdapterInit.js:849:7
          at _runTestsForDescribeBlock (D:\Repositories\meepleai-monorepo\apps\web\node_modules\.pnpm\jest-circus@30.2.0\node_modules\jest-circus\build\jestAdapterInit.js:862:11)
          at _runTestsForDescribeBlock (D:\Repositories\meepleai-monorepo\apps\web\node_modules\.pnpm\jest-circus@30.2.0\node_modules\jest-circus\build\jestAdapterInit.js:857:11)
          at _runTestsForDescribeBlock (D:\Repositories\meepleai-monorepo\apps\web\node_modules\.pnpm\jest-circus@30.2.0\node_modules\jest-circus\build\jestAdapterInit.js:857:11)
          at run (D:\Repositories\meepleai-monorepo\apps\web\node_modules\.pnpm\jest-circus@30.2.0\node_modules\jest-circus\build\jestAdapterInit.js:761:3)
          at runAndTransformResultsToJestFormat (D:\Repositories\meepleai-monorepo\apps\web\node_modules\.pnpm\jest-circus@30.2.0\node_modules\jest-circus\build\jestAdapterInit.js:1918:21)
          at jestAdapter (D:\Repositories\meepleai-monorepo\apps\web\node_modules\.pnpm\jest-circus@30.2.0\node_modules\jest-circus\build\runner.js:101:19)
          at runTestInternal (D:\Repositories\meepleai-monorepo\apps\web\node_modules\.pnpm\jest-runner@30.2.0\node_modules\jest-runner\build\testWorker.js:275:16)
          at runTest (D:\Repositories\meepleai-monorepo\apps\web\node_modules\.pnpm\jest-runner@30.2.0\node_modules\jest-runner\build\testWorker.js:343:7)
          at Object.worker (D:\Repositories\meepleai-monorepo\apps\web\node_modules\.pnpm\jest-runner@30.2.0\node_modules\jest-runner\build\testWorker.js:497:12)

    [0m [90m 373 |[39m       [36mreturn[39m[33m;[39m
     [90m 374 |[39m     }
    [31m[1m>[22m[39m[90m 375 |[39m     originalError[33m.[39mcall(console[33m,[39m [33m...[39margs)[33m;[39m
     [90m     |[39m                   [31m[1m^[22m[39m
     [90m 376 |[39m   }[33m;[39m
     [90m 377 |[39m })[33m;[39m
     [90m 378 |[39m[0m

      at console.call [as error] (jest.setup.js:375:19)
      at Object.error [as createGame] (src/components/game/GameProvider.tsx:161:15)
      at src/__tests__/components/game/GameProvider.test.tsx:293:11

PASS src/__tests__/pages/sessions-details.test.tsx
PASS src/__tests__/pages/editor-undo-redo.test.tsx
PASS src/__tests__/pages/sessions-history.test.tsx
PASS src/__tests__/components/CommentThread.test.tsx
  ● Console

    console.error
      An update to CommentThread inside a test was not wrapped in act(...).
      
      When testing, code that causes React state updates should be wrapped into act(...):
      
      act(() => {
        /* fire events that update state */
      });
      /* assert on the output */
      
      This ensures that you're testing the behavior the user would see in the browser. Learn more at https://react.dev/link/wrap-tests-with-act

    [0m [90m 373 |[39m       [36mreturn[39m[33m;[39m
     [90m 374 |[39m     }
    [31m[1m>[22m[39m[90m 375 |[39m     originalError[33m.[39mcall(console[33m,[39m [33m...[39margs)[33m;[39m
     [90m     |[39m                   [31m[1m^[22m[39m
     [90m 376 |[39m   }[33m;[39m
     [90m 377 |[39m })[33m;[39m
     [90m 378 |[39m[0m

      at console.call [as error] (jest.setup.js:375:19)
      at node_modules/.pnpm/react-dom@19.2.0_react@19.2.0/node_modules/react-dom/cjs/react-dom-client.development.js:18758:19
      at runWithFiberInDEV (node_modules/.pnpm/react-dom@19.2.0_react@19.2.0/node_modules/react-dom/cjs/react-dom-client.development.js:874:13)
      at warnIfUpdatesNotWrappedWithActDEV (node_modules/.pnpm/react-dom@19.2.0_react@19.2.0/node_modules/react-dom/cjs/react-dom-client.development.js:18757:9)
      at scheduleUpdateOnFiber (node_modules/.pnpm/react-dom@19.2.0_react@19.2.0/node_modules/react-dom/cjs/react-dom-client.development.js:16409:11)
      at dispatchSetStateInternal (node_modules/.pnpm/react-dom@19.2.0_react@19.2.0/node_modules/react-dom/cjs/react-dom-client.development.js:9170:13)
      at dispatchSetState (node_modules/.pnpm/react-dom@19.2.0_react@19.2.0/node_modules/react-dom/cjs/react-dom-client.development.js:9127:7)
      at setComments (src/components/CommentThread.tsx:37:9)

    console.error
      An update to CommentThread inside a test was not wrapped in act(...).
      
      When testing, code that causes React state updates should be wrapped into act(...):
      
      act(() => {
        /* fire events that update state */
      });
      /* assert on the output */
      
      This ensures that you're testing the behavior the user would see in the browser. Learn more at https://react.dev/link/wrap-tests-with-act

    [0m [90m 373 |[39m       [36mreturn[39m[33m;[39m
     [90m 374 |[39m     }
    [31m[1m>[22m[39m[90m 375 |[39m     originalError[33m.[39mcall(console[33m,[39m [33m...[39margs)[33m;[39m
     [90m     |[39m                   [31m[1m^[22m[39m
     [90m 376 |[39m   }[33m;[39m
     [90m 377 |[39m })[33m;[39m
     [90m 378 |[39m[0m

      at console.call [as error] (jest.setup.js:375:19)
      at node_modules/.pnpm/react-dom@19.2.0_react@19.2.0/node_modules/react-dom/cjs/react-dom-client.development.js:18758:19
      at runWithFiberInDEV (node_modules/.pnpm/react-dom@19.2.0_react@19.2.0/node_modules/react-dom/cjs/react-dom-client.development.js:874:13)
      at warnIfUpdatesNotWrappedWithActDEV (node_modules/.pnpm/react-dom@19.2.0_react@19.2.0/node_modules/react-dom/cjs/react-dom-client.development.js:18757:9)
      at scheduleUpdateOnFiber (node_modules/.pnpm/react-dom@19.2.0_react@19.2.0/node_modules/react-dom/cjs/react-dom-client.development.js:16409:11)
      at dispatchSetStateInternal (node_modules/.pnpm/react-dom@19.2.0_react@19.2.0/node_modules/react-dom/cjs/react-dom-client.development.js:9170:13)
      at dispatchSetState (node_modules/.pnpm/react-dom@19.2.0_react@19.2.0/node_modules/react-dom/cjs/react-dom-client.development.js:9127:7)
      at setIsLoading (src/components/CommentThread.tsx:43:7)

    console.error
      An update to CommentThread inside a test was not wrapped in act(...).
      
      When testing, code that causes React state updates should be wrapped into act(...):
      
      act(() => {
        /* fire events that update state */
      });
      /* assert on the output */
      
      This ensures that you're testing the behavior the user would see in the browser. Learn more at https://react.dev/link/wrap-tests-with-act

    [0m [90m 373 |[39m       [36mreturn[39m[33m;[39m
     [90m 374 |[39m     }
    [31m[1m>[22m[39m[90m 375 |[39m     originalError[33m.[39mcall(console[33m,[39m [33m...[39margs)[33m;[39m
     [90m     |[39m                   [31m[1m^[22m[39m
     [90m 376 |[39m   }[33m;[39m
     [90m 377 |[39m })[33m;[39m
     [90m 378 |[39m[0m

      at console.call [as error] (jest.setup.js:375:19)
      at node_modules/.pnpm/react-dom@19.2.0_react@19.2.0/node_modules/react-dom/cjs/react-dom-client.development.js:18758:19
      at runWithFiberInDEV (node_modules/.pnpm/react-dom@19.2.0_react@19.2.0/node_modules/react-dom/cjs/react-dom-client.development.js:874:13)
      at warnIfUpdatesNotWrappedWithActDEV (node_modules/.pnpm/react-dom@19.2.0_react@19.2.0/node_modules/react-dom/cjs/react-dom-client.development.js:18757:9)
      at scheduleUpdateOnFiber (node_modules/.pnpm/react-dom@19.2.0_react@19.2.0/node_modules/react-dom/cjs/react-dom-client.development.js:16409:11)
      at dispatchSetStateInternal (node_modules/.pnpm/react-dom@19.2.0_react@19.2.0/node_modules/react-dom/cjs/react-dom-client.development.js:9170:13)
      at dispatchSetState (node_modules/.pnpm/react-dom@19.2.0_react@19.2.0/node_modules/react-dom/cjs/react-dom-client.development.js:9127:7)
      at setComments (src/components/CommentThread.tsx:37:9)

    console.error
      An update to CommentThread inside a test was not wrapped in act(...).
      
      When testing, code that causes React state updates should be wrapped into act(...):
      
      act(() => {
        /* fire events that update state */
      });
      /* assert on the output */
      
      This ensures that you're testing the behavior the user would see in the browser. Learn more at https://react.dev/link/wrap-tests-with-act

    [0m [90m 373 |[39m       [36mreturn[39m[33m;[39m
     [90m 374 |[39m     }
    [31m[1m>[22m[39m[90m 375 |[39m     originalError[33m.[39mcall(console[33m,[39m [33m...[39margs)[33m;[39m
     [90m     |[39m                   [31m[1m^[22m[39m
     [90m 376 |[39m   }[33m;[39m
     [90m 377 |[39m })[33m;[39m
     [90m 378 |[39m[0m

      at console.call [as error] (jest.setup.js:375:19)
      at node_modules/.pnpm/react-dom@19.2.0_react@19.2.0/node_modules/react-dom/cjs/react-dom-client.development.js:18758:19
      at runWithFiberInDEV (node_modules/.pnpm/react-dom@19.2.0_react@19.2.0/node_modules/react-dom/cjs/react-dom-client.development.js:874:13)
      at warnIfUpdatesNotWrappedWithActDEV (node_modules/.pnpm/react-dom@19.2.0_react@19.2.0/node_modules/react-dom/cjs/react-dom-client.development.js:18757:9)
      at scheduleUpdateOnFiber (node_modules/.pnpm/react-dom@19.2.0_react@19.2.0/node_modules/react-dom/cjs/react-dom-client.development.js:16409:11)
      at dispatchSetStateInternal (node_modules/.pnpm/react-dom@19.2.0_react@19.2.0/node_modules/react-dom/cjs/react-dom-client.development.js:9170:13)
      at dispatchSetState (node_modules/.pnpm/react-dom@19.2.0_react@19.2.0/node_modules/react-dom/cjs/react-dom-client.development.js:9127:7)
      at setIsLoading (src/components/CommentThread.tsx:43:7)

    console.error
      An update to CommentThread inside a test was not wrapped in act(...).
      
      When testing, code that causes React state updates should be wrapped into act(...):
      
      act(() => {
        /* fire events that update state */
      });
      /* assert on the output */
      
      This ensures that you're testing the behavior the user would see in the browser. Learn more at https://react.dev/link/wrap-tests-with-act

    [0m [90m 373 |[39m       [36mreturn[39m[33m;[39m
     [90m 374 |[39m     }
    [31m[1m>[22m[39m[90m 375 |[39m     originalError[33m.[39mcall(console[33m,[39m [33m...[39margs)[33m;[39m
     [90m     |[39m                   [31m[1m^[22m[39m
     [90m 376 |[39m   }[33m;[39m
     [90m 377 |[39m })[33m;[39m
     [90m 378 |[39m[0m

      at console.call [as error] (jest.setup.js:375:19)
      at node_modules/.pnpm/react-dom@19.2.0_react@19.2.0/node_modules/react-dom/cjs/react-dom-client.development.js:18758:19
      at runWithFiberInDEV (node_modules/.pnpm/react-dom@19.2.0_react@19.2.0/node_modules/react-dom/cjs/react-dom-client.development.js:874:13)
      at warnIfUpdatesNotWrappedWithActDEV (node_modules/.pnpm/react-dom@19.2.0_react@19.2.0/node_modules/react-dom/cjs/react-dom-client.development.js:18757:9)
      at scheduleUpdateOnFiber (node_modules/.pnpm/react-dom@19.2.0_react@19.2.0/node_modules/react-dom/cjs/react-dom-client.development.js:16409:11)
      at dispatchSetStateInternal (node_modules/.pnpm/react-dom@19.2.0_react@19.2.0/node_modules/react-dom/cjs/react-dom-client.development.js:9170:13)
      at dispatchSetState (node_modules/.pnpm/react-dom@19.2.0_react@19.2.0/node_modules/react-dom/cjs/react-dom-client.development.js:9127:7)
      at setComments (src/components/CommentThread.tsx:37:9)

    console.error
      An update to CommentThread inside a test was not wrapped in act(...).
      
      When testing, code that causes React state updates should be wrapped into act(...):
      
      act(() => {
        /* fire events that update state */
      });
      /* assert on the output */
      
      This ensures that you're testing the behavior the user would see in the browser. Learn more at https://react.dev/link/wrap-tests-with-act

    [0m [90m 373 |[39m       [36mreturn[39m[33m;[39m
     [90m 374 |[39m     }
    [31m[1m>[22m[39m[90m 375 |[39m     originalError[33m.[39mcall(console[33m,[39m [33m...[39margs)[33m;[39m
     [90m     |[39m                   [31m[1m^[22m[39m
     [90m 376 |[39m   }[33m;[39m
     [90m 377 |[39m })[33m;[39m
     [90m 378 |[39m[0m

      at console.call [as error] (jest.setup.js:375:19)
      at node_modules/.pnpm/react-dom@19.2.0_react@19.2.0/node_modules/react-dom/cjs/react-dom-client.development.js:18758:19
      at runWithFiberInDEV (node_modules/.pnpm/react-dom@19.2.0_react@19.2.0/node_modules/react-dom/cjs/react-dom-client.development.js:874:13)
      at warnIfUpdatesNotWrappedWithActDEV (node_modules/.pnpm/react-dom@19.2.0_react@19.2.0/node_modules/react-dom/cjs/react-dom-client.development.js:18757:9)
      at scheduleUpdateOnFiber (node_modules/.pnpm/react-dom@19.2.0_react@19.2.0/node_modules/react-dom/cjs/react-dom-client.development.js:16409:11)
      at dispatchSetStateInternal (node_modules/.pnpm/react-dom@19.2.0_react@19.2.0/node_modules/react-dom/cjs/react-dom-client.development.js:9170:13)
      at dispatchSetState (node_modules/.pnpm/react-dom@19.2.0_react@19.2.0/node_modules/react-dom/cjs/react-dom-client.development.js:9127:7)
      at setIsLoading (src/components/CommentThread.tsx:43:7)

    console.error
      An update to CommentThread inside a test was not wrapped in act(...).
      
      When testing, code that causes React state updates should be wrapped into act(...):
      
      act(() => {
        /* fire events that update state */
      });
      /* assert on the output */
      
      This ensures that you're testing the behavior the user would see in the browser. Learn more at https://react.dev/link/wrap-tests-with-act

    [0m [90m 373 |[39m       [36mreturn[39m[33m;[39m
     [90m 374 |[39m     }
    [31m[1m>[22m[39m[90m 375 |[39m     originalError[33m.[39mcall(console[33m,[39m [33m...[39margs)[33m;[39m
     [90m     |[39m                   [31m[1m^[22m[39m
     [90m 376 |[39m   }[33m;[39m
     [90m 377 |[39m })[33m;[39m
     [90m 378 |[39m[0m

      at console.call [as error] (jest.setup.js:375:19)
      at node_modules/.pnpm/react-dom@19.2.0_react@19.2.0/node_modules/react-dom/cjs/react-dom-client.development.js:18758:19
      at runWithFiberInDEV (node_modules/.pnpm/react-dom@19.2.0_react@19.2.0/node_modules/react-dom/cjs/react-dom-client.development.js:874:13)
      at warnIfUpdatesNotWrappedWithActDEV (node_modules/.pnpm/react-dom@19.2.0_react@19.2.0/node_modules/react-dom/cjs/react-dom-client.development.js:18757:9)
      at scheduleUpdateOnFiber (node_modules/.pnpm/react-dom@19.2.0_react@19.2.0/node_modules/react-dom/cjs/react-dom-client.development.js:16409:11)
      at dispatchSetStateInternal (node_modules/.pnpm/react-dom@19.2.0_react@19.2.0/node_modules/react-dom/cjs/react-dom-client.development.js:9170:13)
      at dispatchSetState (node_modules/.pnpm/react-dom@19.2.0_react@19.2.0/node_modules/react-dom/cjs/react-dom-client.development.js:9127:7)
      at setComments (src/components/CommentThread.tsx:37:9)

    console.error
      An update to CommentThread inside a test was not wrapped in act(...).
      
      When testing, code that causes React state updates should be wrapped into act(...):
      
      act(() => {
        /* fire events that update state */
      });
      /* assert on the output */
      
      This ensures that you're testing the behavior the user would see in the browser. Learn more at https://react.dev/link/wrap-tests-with-act

    [0m [90m 373 |[39m       [36mreturn[39m[33m;[39m
     [90m 374 |[39m     }
    [31m[1m>[22m[39m[90m 375 |[39m     originalError[33m.[39mcall(console[33m,[39m [33m...[39margs)[33m;[39m
     [90m     |[39m                   [31m[1m^[22m[39m
     [90m 376 |[39m   }[33m;[39m
     [90m 377 |[39m })[33m;[39m
     [90m 378 |[39m[0m

      at console.call [as error] (jest.setup.js:375:19)
      at node_modules/.pnpm/react-dom@19.2.0_react@19.2.0/node_modules/react-dom/cjs/react-dom-client.development.js:18758:19
      at runWithFiberInDEV (node_modules/.pnpm/react-dom@19.2.0_react@19.2.0/node_modules/react-dom/cjs/react-dom-client.development.js:874:13)
      at warnIfUpdatesNotWrappedWithActDEV (node_modules/.pnpm/react-dom@19.2.0_react@19.2.0/node_modules/react-dom/cjs/react-dom-client.development.js:18757:9)
      at scheduleUpdateOnFiber (node_modules/.pnpm/react-dom@19.2.0_react@19.2.0/node_modules/react-dom/cjs/react-dom-client.development.js:16409:11)
      at dispatchSetStateInternal (node_modules/.pnpm/react-dom@19.2.0_react@19.2.0/node_modules/react-dom/cjs/react-dom-client.development.js:9170:13)
      at dispatchSetState (node_modules/.pnpm/react-dom@19.2.0_react@19.2.0/node_modules/react-dom/cjs/react-dom-client.development.js:9127:7)
      at setIsLoading (src/components/CommentThread.tsx:43:7)

    console.error
      An update to CommentThread inside a test was not wrapped in act(...).
      
      When testing, code that causes React state updates should be wrapped into act(...):
      
      act(() => {
        /* fire events that update state */
      });
      /* assert on the output */
      
      This ensures that you're testing the behavior the user would see in the browser. Learn more at https://react.dev/link/wrap-tests-with-act

    [0m [90m 373 |[39m       [36mreturn[39m[33m;[39m
     [90m 374 |[39m     }
    [31m[1m>[22m[39m[90m 375 |[39m     originalError[33m.[39mcall(console[33m,[39m [33m...[39margs)[33m;[39m
     [90m     |[39m                   [31m[1m^[22m[39m
     [90m 376 |[39m   }[33m;[39m
     [90m 377 |[39m })[33m;[39m
     [90m 378 |[39m[0m

      at console.call [as error] (jest.setup.js:375:19)
      at node_modules/.pnpm/react-dom@19.2.0_react@19.2.0/node_modules/react-dom/cjs/react-dom-client.development.js:18758:19
      at runWithFiberInDEV (node_modules/.pnpm/react-dom@19.2.0_react@19.2.0/node_modules/react-dom/cjs/react-dom-client.development.js:874:13)
      at warnIfUpdatesNotWrappedWithActDEV (node_modules/.pnpm/react-dom@19.2.0_react@19.2.0/node_modules/react-dom/cjs/react-dom-client.development.js:18757:9)
      at scheduleUpdateOnFiber (node_modules/.pnpm/react-dom@19.2.0_react@19.2.0/node_modules/react-dom/cjs/react-dom-client.development.js:16409:11)
      at dispatchSetStateInternal (node_modules/.pnpm/react-dom@19.2.0_react@19.2.0/node_modules/react-dom/cjs/react-dom-client.development.js:9170:13)
      at dispatchSetState (node_modules/.pnpm/react-dom@19.2.0_react@19.2.0/node_modules/react-dom/cjs/react-dom-client.development.js:9127:7)
      at setComments (src/components/CommentThread.tsx:37:9)

    console.error
      An update to CommentThread inside a test was not wrapped in act(...).
      
      When testing, code that causes React state updates should be wrapped into act(...):
      
      act(() => {
        /* fire events that update state */
      });
      /* assert on the output */
      
      This ensures that you're testing the behavior the user would see in the browser. Learn more at https://react.dev/link/wrap-tests-with-act

    [0m [90m 373 |[39m       [36mreturn[39m[33m;[39m
     [90m 374 |[39m     }
    [31m[1m>[22m[39m[90m 375 |[39m     originalError[33m.[39mcall(console[33m,[39m [33m...[39margs)[33m;[39m
     [90m     |[39m                   [31m[1m^[22m[39m
     [90m 376 |[39m   }[33m;[39m
     [90m 377 |[39m })[33m;[39m
     [90m 378 |[39m[0m

      at console.call [as error] (jest.setup.js:375:19)
      at node_modules/.pnpm/react-dom@19.2.0_react@19.2.0/node_modules/react-dom/cjs/react-dom-client.development.js:18758:19
      at runWithFiberInDEV (node_modules/.pnpm/react-dom@19.2.0_react@19.2.0/node_modules/react-dom/cjs/react-dom-client.development.js:874:13)
      at warnIfUpdatesNotWrappedWithActDEV (node_modules/.pnpm/react-dom@19.2.0_react@19.2.0/node_modules/react-dom/cjs/react-dom-client.development.js:18757:9)
      at scheduleUpdateOnFiber (node_modules/.pnpm/react-dom@19.2.0_react@19.2.0/node_modules/react-dom/cjs/react-dom-client.development.js:16409:11)
      at dispatchSetStateInternal (node_modules/.pnpm/react-dom@19.2.0_react@19.2.0/node_modules/react-dom/cjs/react-dom-client.development.js:9170:13)
      at dispatchSetState (node_modules/.pnpm/react-dom@19.2.0_react@19.2.0/node_modules/react-dom/cjs/react-dom-client.development.js:9127:7)
      at setIsLoading (src/components/CommentThread.tsx:43:7)

    console.error
      An update to CommentThread inside a test was not wrapped in act(...).
      
      When testing, code that causes React state updates should be wrapped into act(...):
      
      act(() => {
        /* fire events that update state */
      });
      /* assert on the output */
      
      This ensures that you're testing the behavior the user would see in the browser. Learn more at https://react.dev/link/wrap-tests-with-act

    [0m [90m 373 |[39m       [36mreturn[39m[33m;[39m
     [90m 374 |[39m     }
    [31m[1m>[22m[39m[90m 375 |[39m     originalError[33m.[39mcall(console[33m,[39m [33m...[39margs)[33m;[39m
     [90m     |[39m                   [31m[1m^[22m[39m
     [90m 376 |[39m   }[33m;[39m
     [90m 377 |[39m })[33m;[39m
     [90m 378 |[39m[0m

      at console.call [as error] (jest.setup.js:375:19)
      at node_modules/.pnpm/react-dom@19.2.0_react@19.2.0/node_modules/react-dom/cjs/react-dom-client.development.js:18758:19
      at runWithFiberInDEV (node_modules/.pnpm/react-dom@19.2.0_react@19.2.0/node_modules/react-dom/cjs/react-dom-client.development.js:874:13)
      at warnIfUpdatesNotWrappedWithActDEV (node_modules/.pnpm/react-dom@19.2.0_react@19.2.0/node_modules/react-dom/cjs/react-dom-client.development.js:18757:9)
      at scheduleUpdateOnFiber (node_modules/.pnpm/react-dom@19.2.0_react@19.2.0/node_modules/react-dom/cjs/react-dom-client.development.js:16409:11)
      at dispatchSetStateInternal (node_modules/.pnpm/react-dom@19.2.0_react@19.2.0/node_modules/react-dom/cjs/react-dom-client.development.js:9170:13)
      at dispatchSetState (node_modules/.pnpm/react-dom@19.2.0_react@19.2.0/node_modules/react-dom/cjs/react-dom-client.development.js:9127:7)
      at setComments (src/components/CommentThread.tsx:37:9)

    console.error
      An update to CommentThread inside a test was not wrapped in act(...).
      
      When testing, code that causes React state updates should be wrapped into act(...):
      
      act(() => {
        /* fire events that update state */
      });
      /* assert on the output */
      
      This ensures that you're testing the behavior the user would see in the browser. Learn more at https://react.dev/link/wrap-tests-with-act

    [0m [90m 373 |[39m       [36mreturn[39m[33m;[39m
     [90m 374 |[39m     }
    [31m[1m>[22m[39m[90m 375 |[39m     originalError[33m.[39mcall(console[33m,[39m [33m...[39margs)[33m;[39m
     [90m     |[39m                   [31m[1m^[22m[39m
     [90m 376 |[39m   }[33m;[39m
     [90m 377 |[39m })[33m;[39m
     [90m 378 |[39m[0m

      at console.call [as error] (jest.setup.js:375:19)
      at node_modules/.pnpm/react-dom@19.2.0_react@19.2.0/node_modules/react-dom/cjs/react-dom-client.development.js:18758:19
      at runWithFiberInDEV (node_modules/.pnpm/react-dom@19.2.0_react@19.2.0/node_modules/react-dom/cjs/react-dom-client.development.js:874:13)
      at warnIfUpdatesNotWrappedWithActDEV (node_modules/.pnpm/react-dom@19.2.0_react@19.2.0/node_modules/react-dom/cjs/react-dom-client.development.js:18757:9)
      at scheduleUpdateOnFiber (node_modules/.pnpm/react-dom@19.2.0_react@19.2.0/node_modules/react-dom/cjs/react-dom-client.development.js:16409:11)
      at dispatchSetStateInternal (node_modules/.pnpm/react-dom@19.2.0_react@19.2.0/node_modules/react-dom/cjs/react-dom-client.development.js:9170:13)
      at dispatchSetState (node_modules/.pnpm/react-dom@19.2.0_react@19.2.0/node_modules/react-dom/cjs/react-dom-client.development.js:9127:7)
      at setIsLoading (src/components/CommentThread.tsx:43:7)

    console.error
      An update to CommentThread inside a test was not wrapped in act(...).
      
      When testing, code that causes React state updates should be wrapped into act(...):
      
      act(() => {
        /* fire events that update state */
      });
      /* assert on the output */
      
      This ensures that you're testing the behavior the user would see in the browser. Learn more at https://react.dev/link/wrap-tests-with-act

    [0m [90m 373 |[39m       [36mreturn[39m[33m;[39m
     [90m 374 |[39m     }
    [31m[1m>[22m[39m[90m 375 |[39m     originalError[33m.[39mcall(console[33m,[39m [33m...[39margs)[33m;[39m
     [90m     |[39m                   [31m[1m^[22m[39m
     [90m 376 |[39m   }[33m;[39m
     [90m 377 |[39m })[33m;[39m
     [90m 378 |[39m[0m

      at console.call [as error] (jest.setup.js:375:19)
      at node_modules/.pnpm/react-dom@19.2.0_react@19.2.0/node_modules/react-dom/cjs/react-dom-client.development.js:18758:19
      at runWithFiberInDEV (node_modules/.pnpm/react-dom@19.2.0_react@19.2.0/node_modules/react-dom/cjs/react-dom-client.development.js:874:13)
      at warnIfUpdatesNotWrappedWithActDEV (node_modules/.pnpm/react-dom@19.2.0_react@19.2.0/node_modules/react-dom/cjs/react-dom-client.development.js:18757:9)
      at scheduleUpdateOnFiber (node_modules/.pnpm/react-dom@19.2.0_react@19.2.0/node_modules/react-dom/cjs/react-dom-client.development.js:16409:11)
      at dispatchSetStateInternal (node_modules/.pnpm/react-dom@19.2.0_react@19.2.0/node_modules/react-dom/cjs/react-dom-client.development.js:9170:13)
      at dispatchSetState (node_modules/.pnpm/react-dom@19.2.0_react@19.2.0/node_modules/react-dom/cjs/react-dom-client.development.js:9127:7)
      at setComments (src/components/CommentThread.tsx:37:9)

    console.error
      An update to CommentThread inside a test was not wrapped in act(...).
      
      When testing, code that causes React state updates should be wrapped into act(...):
      
      act(() => {
        /* fire events that update state */
      });
      /* assert on the output */
      
      This ensures that you're testing the behavior the user would see in the browser. Learn more at https://react.dev/link/wrap-tests-with-act

    [0m [90m 373 |[39m       [36mreturn[39m[33m;[39m
     [90m 374 |[39m     }
    [31m[1m>[22m[39m[90m 375 |[39m     originalError[33m.[39mcall(console[33m,[39m [33m...[39margs)[33m;[39m
     [90m     |[39m                   [31m[1m^[22m[39m
     [90m 376 |[39m   }[33m;[39m
     [90m 377 |[39m })[33m;[39m
     [90m 378 |[39m[0m

      at console.call [as error] (jest.setup.js:375:19)
      at node_modules/.pnpm/react-dom@19.2.0_react@19.2.0/node_modules/react-dom/cjs/react-dom-client.development.js:18758:19
      at runWithFiberInDEV (node_modules/.pnpm/react-dom@19.2.0_react@19.2.0/node_modules/react-dom/cjs/react-dom-client.development.js:874:13)
      at warnIfUpdatesNotWrappedWithActDEV (node_modules/.pnpm/react-dom@19.2.0_react@19.2.0/node_modules/react-dom/cjs/react-dom-client.development.js:18757:9)
      at scheduleUpdateOnFiber (node_modules/.pnpm/react-dom@19.2.0_react@19.2.0/node_modules/react-dom/cjs/react-dom-client.development.js:16409:11)
      at dispatchSetStateInternal (node_modules/.pnpm/react-dom@19.2.0_react@19.2.0/node_modules/react-dom/cjs/react-dom-client.development.js:9170:13)
      at dispatchSetState (node_modules/.pnpm/react-dom@19.2.0_react@19.2.0/node_modules/react-dom/cjs/react-dom-client.development.js:9127:7)
      at setIsLoading (src/components/CommentThread.tsx:43:7)

    console.error
      An update to CommentThread inside a test was not wrapped in act(...).
      
      When testing, code that causes React state updates should be wrapped into act(...):
      
      act(() => {
        /* fire events that update state */
      });
      /* assert on the output */
      
      This ensures that you're testing the behavior the user would see in the browser. Learn more at https://react.dev/link/wrap-tests-with-act

    [0m [90m 373 |[39m       [36mreturn[39m[33m;[39m
     [90m 374 |[39m     }
    [31m[1m>[22m[39m[90m 375 |[39m     originalError[33m.[39mcall(console[33m,[39m [33m...[39margs)[33m;[39m
     [90m     |[39m                   [31m[1m^[22m[39m
     [90m 376 |[39m   }[33m;[39m
     [90m 377 |[39m })[33m;[39m
     [90m 378 |[39m[0m

      at console.call [as error] (jest.setup.js:375:19)
      at node_modules/.pnpm/react-dom@19.2.0_react@19.2.0/node_modules/react-dom/cjs/react-dom-client.development.js:18758:19
      at runWithFiberInDEV (node_modules/.pnpm/react-dom@19.2.0_react@19.2.0/node_modules/react-dom/cjs/react-dom-client.development.js:874:13)
      at warnIfUpdatesNotWrappedWithActDEV (node_modules/.pnpm/react-dom@19.2.0_react@19.2.0/node_modules/react-dom/cjs/react-dom-client.development.js:18757:9)
      at scheduleUpdateOnFiber (node_modules/.pnpm/react-dom@19.2.0_react@19.2.0/node_modules/react-dom/cjs/react-dom-client.development.js:16409:11)
      at dispatchSetStateInternal (node_modules/.pnpm/react-dom@19.2.0_react@19.2.0/node_modules/react-dom/cjs/react-dom-client.development.js:9170:13)
      at dispatchSetState (node_modules/.pnpm/react-dom@19.2.0_react@19.2.0/node_modules/react-dom/cjs/react-dom-client.development.js:9127:7)
      at setComments (src/components/CommentThread.tsx:37:9)

    console.error
      An update to CommentThread inside a test was not wrapped in act(...).
      
      When testing, code that causes React state updates should be wrapped into act(...):
      
      act(() => {
        /* fire events that update state */
      });
      /* assert on the output */
      
      This ensures that you're testing the behavior the user would see in the browser. Learn more at https://react.dev/link/wrap-tests-with-act

    [0m [90m 373 |[39m       [36mreturn[39m[33m;[39m
     [90m 374 |[39m     }
    [31m[1m>[22m[39m[90m 375 |[39m     originalError[33m.[39mcall(console[33m,[39m [33m...[39margs)[33m;[39m
     [90m     |[39m                   [31m[1m^[22m[39m
     [90m 376 |[39m   }[33m;[39m
     [90m 377 |[39m })[33m;[39m
     [90m 378 |[39m[0m

      at console.call [as error] (jest.setup.js:375:19)
      at node_modules/.pnpm/react-dom@19.2.0_react@19.2.0/node_modules/react-dom/cjs/react-dom-client.development.js:18758:19
      at runWithFiberInDEV (node_modules/.pnpm/react-dom@19.2.0_react@19.2.0/node_modules/react-dom/cjs/react-dom-client.development.js:874:13)
      at warnIfUpdatesNotWrappedWithActDEV (node_modules/.pnpm/react-dom@19.2.0_react@19.2.0/node_modules/react-dom/cjs/react-dom-client.development.js:18757:9)
      at scheduleUpdateOnFiber (node_modules/.pnpm/react-dom@19.2.0_react@19.2.0/node_modules/react-dom/cjs/react-dom-client.development.js:16409:11)
      at dispatchSetStateInternal (node_modules/.pnpm/react-dom@19.2.0_react@19.2.0/node_modules/react-dom/cjs/react-dom-client.development.js:9170:13)
      at dispatchSetState (node_modules/.pnpm/react-dom@19.2.0_react@19.2.0/node_modules/react-dom/cjs/react-dom-client.development.js:9127:7)
      at setIsLoading (src/components/CommentThread.tsx:43:7)

    console.error
      An update to CommentThread inside a test was not wrapped in act(...).
      
      When testing, code that causes React state updates should be wrapped into act(...):
      
      act(() => {
        /* fire events that update state */
      });
      /* assert on the output */
      
      This ensures that you're testing the behavior the user would see in the browser. Learn more at https://react.dev/link/wrap-tests-with-act

    [0m [90m 373 |[39m       [36mreturn[39m[33m;[39m
     [90m 374 |[39m     }
    [31m[1m>[22m[39m[90m 375 |[39m     originalError[33m.[39mcall(console[33m,[39m [33m...[39margs)[33m;[39m
     [90m     |[39m                   [31m[1m^[22m[39m
     [90m 376 |[39m   }[33m;[39m
     [90m 377 |[39m })[33m;[39m
     [90m 378 |[39m[0m

      at console.call [as error] (jest.setup.js:375:19)
      at node_modules/.pnpm/react-dom@19.2.0_react@19.2.0/node_modules/react-dom/cjs/react-dom-client.development.js:18758:19
      at runWithFiberInDEV (node_modules/.pnpm/react-dom@19.2.0_react@19.2.0/node_modules/react-dom/cjs/react-dom-client.development.js:874:13)
      at warnIfUpdatesNotWrappedWithActDEV (node_modules/.pnpm/react-dom@19.2.0_react@19.2.0/node_modules/react-dom/cjs/react-dom-client.development.js:18757:9)
      at scheduleUpdateOnFiber (node_modules/.pnpm/react-dom@19.2.0_react@19.2.0/node_modules/react-dom/cjs/react-dom-client.development.js:16409:11)
      at dispatchSetStateInternal (node_modules/.pnpm/react-dom@19.2.0_react@19.2.0/node_modules/react-dom/cjs/react-dom-client.development.js:9170:13)
      at dispatchSetState (node_modules/.pnpm/react-dom@19.2.0_react@19.2.0/node_modules/react-dom/cjs/react-dom-client.development.js:9127:7)
      at setComments (src/components/CommentThread.tsx:37:9)

    console.error
      An update to CommentThread inside a test was not wrapped in act(...).
      
      When testing, code that causes React state updates should be wrapped into act(...):
      
      act(() => {
        /* fire events that update state */
      });
      /* assert on the output */
      
      This ensures that you're testing the behavior the user would see in the browser. Learn more at https://react.dev/link/wrap-tests-with-act

    [0m [90m 373 |[39m       [36mreturn[39m[33m;[39m
     [90m 374 |[39m     }
    [31m[1m>[22m[39m[90m 375 |[39m     originalError[33m.[39mcall(console[33m,[39m [33m...[39margs)[33m;[39m
     [90m     |[39m                   [31m[1m^[22m[39m
     [90m 376 |[39m   }[33m;[39m
     [90m 377 |[39m })[33m;[39m
     [90m 378 |[39m[0m

      at console.call [as error] (jest.setup.js:375:19)
      at node_modules/.pnpm/react-dom@19.2.0_react@19.2.0/node_modules/react-dom/cjs/react-dom-client.development.js:18758:19
      at runWithFiberInDEV (node_modules/.pnpm/react-dom@19.2.0_react@19.2.0/node_modules/react-dom/cjs/react-dom-client.development.js:874:13)
      at warnIfUpdatesNotWrappedWithActDEV (node_modules/.pnpm/react-dom@19.2.0_react@19.2.0/node_modules/react-dom/cjs/react-dom-client.development.js:18757:9)
      at scheduleUpdateOnFiber (node_modules/.pnpm/react-dom@19.2.0_react@19.2.0/node_modules/react-dom/cjs/react-dom-client.development.js:16409:11)
      at dispatchSetStateInternal (node_modules/.pnpm/react-dom@19.2.0_react@19.2.0/node_modules/react-dom/cjs/react-dom-client.development.js:9170:13)
      at dispatchSetState (node_modules/.pnpm/react-dom@19.2.0_react@19.2.0/node_modules/react-dom/cjs/react-dom-client.development.js:9127:7)
      at setIsLoading (src/components/CommentThread.tsx:43:7)

    console.error
      Failed to load comments: Error: Load failed
          at Object.<anonymous> (D:\Repositories\meepleai-monorepo\apps\web\src\__tests__\components\CommentThread.test.tsx:777:77)
          at Promise.finally.completed (D:\Repositories\meepleai-monorepo\apps\web\node_modules\.pnpm\jest-circus@30.2.0\node_modules\jest-circus\build\jestAdapterInit.js:1557:28)
          at new Promise (<anonymous>)
          at callAsyncCircusFn (D:\Repositories\meepleai-monorepo\apps\web\node_modules\.pnpm\jest-circus@30.2.0\node_modules\jest-circus\build\jestAdapterInit.js:1497:10)
          at _callCircusTest (D:\Repositories\meepleai-monorepo\apps\web\node_modules\.pnpm\jest-circus@30.2.0\node_modules\jest-circus\build\jestAdapterInit.js:1007:40)
          at _runTest (D:\Repositories\meepleai-monorepo\apps\web\node_modules\.pnpm\jest-circus@30.2.0\node_modules\jest-circus\build\jestAdapterInit.js:947:3)
          at D:\Repositories\meepleai-monorepo\apps\web\node_modules\.pnpm\jest-circus@30.2.0\node_modules\jest-circus\build\jestAdapterInit.js:849:7
          at _runTestsForDescribeBlock (D:\Repositories\meepleai-monorepo\apps\web\node_modules\.pnpm\jest-circus@30.2.0\node_modules\jest-circus\build\jestAdapterInit.js:862:11)
          at _runTestsForDescribeBlock (D:\Repositories\meepleai-monorepo\apps\web\node_modules\.pnpm\jest-circus@30.2.0\node_modules\jest-circus\build\jestAdapterInit.js:857:11)
          at _runTestsForDescribeBlock (D:\Repositories\meepleai-monorepo\apps\web\node_modules\.pnpm\jest-circus@30.2.0\node_modules\jest-circus\build\jestAdapterInit.js:857:11)
          at run (D:\Repositories\meepleai-monorepo\apps\web\node_modules\.pnpm\jest-circus@30.2.0\node_modules\jest-circus\build\jestAdapterInit.js:761:3)
          at runAndTransformResultsToJestFormat (D:\Repositories\meepleai-monorepo\apps\web\node_modules\.pnpm\jest-circus@30.2.0\node_modules\jest-circus\build\jestAdapterInit.js:1918:21)
          at jestAdapter (D:\Repositories\meepleai-monorepo\apps\web\node_modules\.pnpm\jest-circus@30.2.0\node_modules\jest-circus\build\runner.js:101:19)
          at runTestInternal (D:\Repositories\meepleai-monorepo\apps\web\node_modules\.pnpm\jest-runner@30.2.0\node_modules\jest-runner\build\testWorker.js:275:16)
          at runTest (D:\Repositories\meepleai-monorepo\apps\web\node_modules\.pnpm\jest-runner@30.2.0\node_modules\jest-runner\build\testWorker.js:343:7)
          at Object.worker (D:\Repositories\meepleai-monorepo\apps\web\node_modules\.pnpm\jest-runner@30.2.0\node_modules\jest-runner\build\testWorker.js:497:12)

    [0m [90m 373 |[39m       [36mreturn[39m[33m;[39m
     [90m 374 |[39m     }
    [31m[1m>[22m[39m[90m 375 |[39m     originalError[33m.[39mcall(console[33m,[39m [33m...[39margs)[33m;[39m
     [90m     |[39m                   [31m[1m^[22m[39m
     [90m 376 |[39m   }[33m;[39m
     [90m 377 |[39m })[33m;[39m
     [90m 378 |[39m[0m

      at console.call [as error] (jest.setup.js:375:19)
      at error (src/components/CommentThread.tsx:40:15)

    console.error
      Failed to create comment: Error: Create failed
          at Object.<anonymous> (D:\Repositories\meepleai-monorepo\apps\web\src\__tests__\components\CommentThread.test.tsx:788:79)
          at Promise.finally.completed (D:\Repositories\meepleai-monorepo\apps\web\node_modules\.pnpm\jest-circus@30.2.0\node_modules\jest-circus\build\jestAdapterInit.js:1557:28)
          at new Promise (<anonymous>)
          at callAsyncCircusFn (D:\Repositories\meepleai-monorepo\apps\web\node_modules\.pnpm\jest-circus@30.2.0\node_modules\jest-circus\build\jestAdapterInit.js:1497:10)
          at _callCircusTest (D:\Repositories\meepleai-monorepo\apps\web\node_modules\.pnpm\jest-circus@30.2.0\node_modules\jest-circus\build\jestAdapterInit.js:1007:40)
          at _runTest (D:\Repositories\meepleai-monorepo\apps\web\node_modules\.pnpm\jest-circus@30.2.0\node_modules\jest-circus\build\jestAdapterInit.js:947:3)
          at D:\Repositories\meepleai-monorepo\apps\web\node_modules\.pnpm\jest-circus@30.2.0\node_modules\jest-circus\build\jestAdapterInit.js:849:7
          at _runTestsForDescribeBlock (D:\Repositories\meepleai-monorepo\apps\web\node_modules\.pnpm\jest-circus@30.2.0\node_modules\jest-circus\build\jestAdapterInit.js:862:11)
          at _runTestsForDescribeBlock (D:\Repositories\meepleai-monorepo\apps\web\node_modules\.pnpm\jest-circus@30.2.0\node_modules\jest-circus\build\jestAdapterInit.js:857:11)
          at _runTestsForDescribeBlock (D:\Repositories\meepleai-monorepo\apps\web\node_modules\.pnpm\jest-circus@30.2.0\node_modules\jest-circus\build\jestAdapterInit.js:857:11)
          at run (D:\Repositories\meepleai-monorepo\apps\web\node_modules\.pnpm\jest-circus@30.2.0\node_modules\jest-circus\build\jestAdapterInit.js:761:3)
          at runAndTransformResultsToJestFormat (D:\Repositories\meepleai-monorepo\apps\web\node_modules\.pnpm\jest-circus@30.2.0\node_modules\jest-circus\build\jestAdapterInit.js:1918:21)
          at jestAdapter (D:\Repositories\meepleai-monorepo\apps\web\node_modules\.pnpm\jest-circus@30.2.0\node_modules\jest-circus\build\runner.js:101:19)
          at runTestInternal (D:\Repositories\meepleai-monorepo\apps\web\node_modules\.pnpm\jest-runner@30.2.0\node_modules\jest-runner\build\testWorker.js:275:16)
          at runTest (D:\Repositories\meepleai-monorepo\apps\web\node_modules\.pnpm\jest-runner@30.2.0\node_modules\jest-runner\build\testWorker.js:343:7)
          at Object.worker (D:\Repositories\meepleai-monorepo\apps\web\node_modules\.pnpm\jest-runner@30.2.0\node_modules\jest-runner\build\testWorker.js:497:12)

    [0m [90m 373 |[39m       [36mreturn[39m[33m;[39m
     [90m 374 |[39m     }
    [31m[1m>[22m[39m[90m 375 |[39m     originalError[33m.[39mcall(console[33m,[39m [33m...[39margs)[33m;[39m
     [90m     |[39m                   [31m[1m^[22m[39m
     [90m 376 |[39m   }[33m;[39m
     [90m 377 |[39m })[33m;[39m
     [90m 378 |[39m[0m

      at console.call [as error] (jest.setup.js:375:19)
      at error (src/components/CommentThread.tsx:63:15)
      at handleSubmit (src/components/CommentForm.tsx:29:7)

    console.error
      Failed to load comments: Unknown error

    [0m [90m 373 |[39m       [36mreturn[39m[33m;[39m
     [90m 374 |[39m     }
    [31m[1m>[22m[39m[90m 375 |[39m     originalError[33m.[39mcall(console[33m,[39m [33m...[39margs)[33m;[39m
     [90m     |[39m                   [31m[1m^[22m[39m
     [90m 376 |[39m   }[33m;[39m
     [90m 377 |[39m })[33m;[39m
     [90m 378 |[39m[0m

      at console.call [as error] (jest.setup.js:375:19)
      at error (src/components/CommentThread.tsx:40:15)

    console.error
      An update to CommentThread inside a test was not wrapped in act(...).
      
      When testing, code that causes React state updates should be wrapped into act(...):
      
      act(() => {
        /* fire events that update state */
      });
      /* assert on the output */
      
      This ensures that you're testing the behavior the user would see in the browser. Learn more at https://react.dev/link/wrap-tests-with-act

    [0m [90m 373 |[39m       [36mreturn[39m[33m;[39m
     [90m 374 |[39m     }
    [31m[1m>[22m[39m[90m 375 |[39m     originalError[33m.[39mcall(console[33m,[39m [33m...[39margs)[33m;[39m
     [90m     |[39m                   [31m[1m^[22m[39m
     [90m 376 |[39m   }[33m;[39m
     [90m 377 |[39m })[33m;[39m
     [90m 378 |[39m[0m

      at console.call [as error] (jest.setup.js:375:19)
      at node_modules/.pnpm/react-dom@19.2.0_react@19.2.0/node_modules/react-dom/cjs/react-dom-client.development.js:18758:19
      at runWithFiberInDEV (node_modules/.pnpm/react-dom@19.2.0_react@19.2.0/node_modules/react-dom/cjs/react-dom-client.development.js:874:13)
      at warnIfUpdatesNotWrappedWithActDEV (node_modules/.pnpm/react-dom@19.2.0_react@19.2.0/node_modules/react-dom/cjs/react-dom-client.development.js:18757:9)
      at scheduleUpdateOnFiber (node_modules/.pnpm/react-dom@19.2.0_react@19.2.0/node_modules/react-dom/cjs/react-dom-client.development.js:16409:11)
      at dispatchSetStateInternal (node_modules/.pnpm/react-dom@19.2.0_react@19.2.0/node_modules/react-dom/cjs/react-dom-client.development.js:9170:13)
      at dispatchSetState (node_modules/.pnpm/react-dom@19.2.0_react@19.2.0/node_modules/react-dom/cjs/react-dom-client.development.js:9127:7)
      at setComments (src/components/CommentThread.tsx:37:9)

    console.error
      An update to CommentThread inside a test was not wrapped in act(...).
      
      When testing, code that causes React state updates should be wrapped into act(...):
      
      act(() => {
        /* fire events that update state */
      });
      /* assert on the output */
      
      This ensures that you're testing the behavior the user would see in the browser. Learn more at https://react.dev/link/wrap-tests-with-act

    [0m [90m 373 |[39m       [36mreturn[39m[33m;[39m
     [90m 374 |[39m     }
    [31m[1m>[22m[39m[90m 375 |[39m     originalError[33m.[39mcall(console[33m,[39m [33m...[39margs)[33m;[39m
     [90m     |[39m                   [31m[1m^[22m[39m
     [90m 376 |[39m   }[33m;[39m
     [90m 377 |[39m })[33m;[39m
     [90m 378 |[39m[0m

      at console.call [as error] (jest.setup.js:375:19)
      at node_modules/.pnpm/react-dom@19.2.0_react@19.2.0/node_modules/react-dom/cjs/react-dom-client.development.js:18758:19
      at runWithFiberInDEV (node_modules/.pnpm/react-dom@19.2.0_react@19.2.0/node_modules/react-dom/cjs/react-dom-client.development.js:874:13)
      at warnIfUpdatesNotWrappedWithActDEV (node_modules/.pnpm/react-dom@19.2.0_react@19.2.0/node_modules/react-dom/cjs/react-dom-client.development.js:18757:9)
      at scheduleUpdateOnFiber (node_modules/.pnpm/react-dom@19.2.0_react@19.2.0/node_modules/react-dom/cjs/react-dom-client.development.js:16409:11)
      at dispatchSetStateInternal (node_modules/.pnpm/react-dom@19.2.0_react@19.2.0/node_modules/react-dom/cjs/react-dom-client.development.js:9170:13)
      at dispatchSetState (node_modules/.pnpm/react-dom@19.2.0_react@19.2.0/node_modules/react-dom/cjs/react-dom-client.development.js:9127:7)
      at setIsLoading (src/components/CommentThread.tsx:43:7)

    console.error
      An update to CommentThread inside a test was not wrapped in act(...).
      
      When testing, code that causes React state updates should be wrapped into act(...):
      
      act(() => {
        /* fire events that update state */
      });
      /* assert on the output */
      
      This ensures that you're testing the behavior the user would see in the browser. Learn more at https://react.dev/link/wrap-tests-with-act

    [0m [90m 373 |[39m       [36mreturn[39m[33m;[39m
     [90m 374 |[39m     }
    [31m[1m>[22m[39m[90m 375 |[39m     originalError[33m.[39mcall(console[33m,[39m [33m...[39margs)[33m;[39m
     [90m     |[39m                   [31m[1m^[22m[39m
     [90m 376 |[39m   }[33m;[39m
     [90m 377 |[39m })[33m;[39m
     [90m 378 |[39m[0m

      at console.call [as error] (jest.setup.js:375:19)
      at node_modules/.pnpm/react-dom@19.2.0_react@19.2.0/node_modules/react-dom/cjs/react-dom-client.development.js:18758:19
      at runWithFiberInDEV (node_modules/.pnpm/react-dom@19.2.0_react@19.2.0/node_modules/react-dom/cjs/react-dom-client.development.js:874:13)
      at warnIfUpdatesNotWrappedWithActDEV (node_modules/.pnpm/react-dom@19.2.0_react@19.2.0/node_modules/react-dom/cjs/react-dom-client.development.js:18757:9)
      at scheduleUpdateOnFiber (node_modules/.pnpm/react-dom@19.2.0_react@19.2.0/node_modules/react-dom/cjs/react-dom-client.development.js:16409:11)
      at dispatchSetStateInternal (node_modules/.pnpm/react-dom@19.2.0_react@19.2.0/node_modules/react-dom/cjs/react-dom-client.development.js:9170:13)
      at dispatchSetState (node_modules/.pnpm/react-dom@19.2.0_react@19.2.0/node_modules/react-dom/cjs/react-dom-client.development.js:9127:7)
      at setComments (src/components/CommentThread.tsx:37:9)

    console.error
      An update to CommentThread inside a test was not wrapped in act(...).
      
      When testing, code that causes React state updates should be wrapped into act(...):
      
      act(() => {
        /* fire events that update state */
      });
      /* assert on the output */
      
      This ensures that you're testing the behavior the user would see in the browser. Learn more at https://react.dev/link/wrap-tests-with-act

    [0m [90m 373 |[39m       [36mreturn[39m[33m;[39m
     [90m 374 |[39m     }
    [31m[1m>[22m[39m[90m 375 |[39m     originalError[33m.[39mcall(console[33m,[39m [33m...[39margs)[33m;[39m
     [90m     |[39m                   [31m[1m^[22m[39m
     [90m 376 |[39m   }[33m;[39m
     [90m 377 |[39m })[33m;[39m
     [90m 378 |[39m[0m

      at console.call [as error] (jest.setup.js:375:19)
      at node_modules/.pnpm/react-dom@19.2.0_react@19.2.0/node_modules/react-dom/cjs/react-dom-client.development.js:18758:19
      at runWithFiberInDEV (node_modules/.pnpm/react-dom@19.2.0_react@19.2.0/node_modules/react-dom/cjs/react-dom-client.development.js:874:13)
      at warnIfUpdatesNotWrappedWithActDEV (node_modules/.pnpm/react-dom@19.2.0_react@19.2.0/node_modules/react-dom/cjs/react-dom-client.development.js:18757:9)
      at scheduleUpdateOnFiber (node_modules/.pnpm/react-dom@19.2.0_react@19.2.0/node_modules/react-dom/cjs/react-dom-client.development.js:16409:11)
      at dispatchSetStateInternal (node_modules/.pnpm/react-dom@19.2.0_react@19.2.0/node_modules/react-dom/cjs/react-dom-client.development.js:9170:13)
      at dispatchSetState (node_modules/.pnpm/react-dom@19.2.0_react@19.2.0/node_modules/react-dom/cjs/react-dom-client.development.js:9127:7)
      at setIsLoading (src/components/CommentThread.tsx:43:7)

    console.error
      Failed to load comments: Error: Load failed
          at Object.<anonymous> (D:\Repositories\meepleai-monorepo\apps\web\src\__tests__\components\CommentThread.test.tsx:890:77)
          at Promise.finally.completed (D:\Repositories\meepleai-monorepo\apps\web\node_modules\.pnpm\jest-circus@30.2.0\node_modules\jest-circus\build\jestAdapterInit.js:1557:28)
          at new Promise (<anonymous>)
          at callAsyncCircusFn (D:\Repositories\meepleai-monorepo\apps\web\node_modules\.pnpm\jest-circus@30.2.0\node_modules\jest-circus\build\jestAdapterInit.js:1497:10)
          at _callCircusTest (D:\Repositories\meepleai-monorepo\apps\web\node_modules\.pnpm\jest-circus@30.2.0\node_modules\jest-circus\build\jestAdapterInit.js:1007:40)
          at _runTest (D:\Repositories\meepleai-monorepo\apps\web\node_modules\.pnpm\jest-circus@30.2.0\node_modules\jest-circus\build\jestAdapterInit.js:947:3)
          at D:\Repositories\meepleai-monorepo\apps\web\node_modules\.pnpm\jest-circus@30.2.0\node_modules\jest-circus\build\jestAdapterInit.js:849:7
          at _runTestsForDescribeBlock (D:\Repositories\meepleai-monorepo\apps\web\node_modules\.pnpm\jest-circus@30.2.0\node_modules\jest-circus\build\jestAdapterInit.js:862:11)
          at _runTestsForDescribeBlock (D:\Repositories\meepleai-monorepo\apps\web\node_modules\.pnpm\jest-circus@30.2.0\node_modules\jest-circus\build\jestAdapterInit.js:857:11)
          at _runTestsForDescribeBlock (D:\Repositories\meepleai-monorepo\apps\web\node_modules\.pnpm\jest-circus@30.2.0\node_modules\jest-circus\build\jestAdapterInit.js:857:11)
          at run (D:\Repositories\meepleai-monorepo\apps\web\node_modules\.pnpm\jest-circus@30.2.0\node_modules\jest-circus\build\jestAdapterInit.js:761:3)
          at runAndTransformResultsToJestFormat (D:\Repositories\meepleai-monorepo\apps\web\node_modules\.pnpm\jest-circus@30.2.0\node_modules\jest-circus\build\jestAdapterInit.js:1918:21)
          at jestAdapter (D:\Repositories\meepleai-monorepo\apps\web\node_modules\.pnpm\jest-circus@30.2.0\node_modules\jest-circus\build\runner.js:101:19)
          at runTestInternal (D:\Repositories\meepleai-monorepo\apps\web\node_modules\.pnpm\jest-runner@30.2.0\node_modules\jest-runner\build\testWorker.js:275:16)
          at runTest (D:\Repositories\meepleai-monorepo\apps\web\node_modules\.pnpm\jest-runner@30.2.0\node_modules\jest-runner\build\testWorker.js:343:7)
          at Object.worker (D:\Repositories\meepleai-monorepo\apps\web\node_modules\.pnpm\jest-runner@30.2.0\node_modules\jest-runner\build\testWorker.js:497:12)

    [0m [90m 373 |[39m       [36mreturn[39m[33m;[39m
     [90m 374 |[39m     }
    [31m[1m>[22m[39m[90m 375 |[39m     originalError[33m.[39mcall(console[33m,[39m [33m...[39margs)[33m;[39m
     [90m     |[39m                   [31m[1m^[22m[39m
     [90m 376 |[39m   }[33m;[39m
     [90m 377 |[39m })[33m;[39m
     [90m 378 |[39m[0m

      at console.call [as error] (jest.setup.js:375:19)
      at error (src/components/CommentThread.tsx:40:15)

PASS src/__tests__/pages/admin-n8n-templates.test.tsx (14.599 s)
  ● Console

    console.error
      Failed to load templates: Error: Network error
          at Object.<anonymous> (D:\Repositories\meepleai-monorepo\apps\web\src\__tests__\pages\admin-n8n-templates.test.tsx:196:33)
          at Promise.finally.completed (D:\Repositories\meepleai-monorepo\apps\web\node_modules\.pnpm\jest-circus@30.2.0\node_modules\jest-circus\build\jestAdapterInit.js:1557:28)
          at new Promise (<anonymous>)
          at callAsyncCircusFn (D:\Repositories\meepleai-monorepo\apps\web\node_modules\.pnpm\jest-circus@30.2.0\node_modules\jest-circus\build\jestAdapterInit.js:1497:10)
          at _callCircusTest (D:\Repositories\meepleai-monorepo\apps\web\node_modules\.pnpm\jest-circus@30.2.0\node_modules\jest-circus\build\jestAdapterInit.js:1007:40)
          at _runTest (D:\Repositories\meepleai-monorepo\apps\web\node_modules\.pnpm\jest-circus@30.2.0\node_modules\jest-circus\build\jestAdapterInit.js:947:3)
          at D:\Repositories\meepleai-monorepo\apps\web\node_modules\.pnpm\jest-circus@30.2.0\node_modules\jest-circus\build\jestAdapterInit.js:849:7
          at _runTestsForDescribeBlock (D:\Repositories\meepleai-monorepo\apps\web\node_modules\.pnpm\jest-circus@30.2.0\node_modules\jest-circus\build\jestAdapterInit.js:862:11)
          at _runTestsForDescribeBlock (D:\Repositories\meepleai-monorepo\apps\web\node_modules\.pnpm\jest-circus@30.2.0\node_modules\jest-circus\build\jestAdapterInit.js:857:11)
          at _runTestsForDescribeBlock (D:\Repositories\meepleai-monorepo\apps\web\node_modules\.pnpm\jest-circus@30.2.0\node_modules\jest-circus\build\jestAdapterInit.js:857:11)
          at run (D:\Repositories\meepleai-monorepo\apps\web\node_modules\.pnpm\jest-circus@30.2.0\node_modules\jest-circus\build\jestAdapterInit.js:761:3)
          at runAndTransformResultsToJestFormat (D:\Repositories\meepleai-monorepo\apps\web\node_modules\.pnpm\jest-circus@30.2.0\node_modules\jest-circus\build\jestAdapterInit.js:1918:21)
          at jestAdapter (D:\Repositories\meepleai-monorepo\apps\web\node_modules\.pnpm\jest-circus@30.2.0\node_modules\jest-circus\build\runner.js:101:19)
          at runTestInternal (D:\Repositories\meepleai-monorepo\apps\web\node_modules\.pnpm\jest-runner@30.2.0\node_modules\jest-runner\build\testWorker.js:275:16)
          at runTest (D:\Repositories\meepleai-monorepo\apps\web\node_modules\.pnpm\jest-runner@30.2.0\node_modules\jest-runner\build\testWorker.js:343:7)
          at Object.worker (D:\Repositories\meepleai-monorepo\apps\web\node_modules\.pnpm\jest-runner@30.2.0\node_modules\jest-runner\build\testWorker.js:497:12)

    [0m [90m 373 |[39m       [36mreturn[39m[33m;[39m
     [90m 374 |[39m     }
    [31m[1m>[22m[39m[90m 375 |[39m     originalError[33m.[39mcall(console[33m,[39m [33m...[39margs)[33m;[39m
     [90m     |[39m                   [31m[1m^[22m[39m
     [90m 376 |[39m   }[33m;[39m
     [90m 377 |[39m })[33m;[39m
     [90m 378 |[39m[0m

      at console.call [as error] (jest.setup.js:375:19)
      at error (src/pages/admin/n8n-templates.tsx:67:15)

    console.error
      Failed to load template details: Error: Failed to load
          at Object.<anonymous> (D:\Repositories\meepleai-monorepo\apps\web\src\__tests__\pages\admin-n8n-templates.test.tsx:536:32)
          at Promise.finally.completed (D:\Repositories\meepleai-monorepo\apps\web\node_modules\.pnpm\jest-circus@30.2.0\node_modules\jest-circus\build\jestAdapterInit.js:1557:28)
          at new Promise (<anonymous>)
          at callAsyncCircusFn (D:\Repositories\meepleai-monorepo\apps\web\node_modules\.pnpm\jest-circus@30.2.0\node_modules\jest-circus\build\jestAdapterInit.js:1497:10)
          at _callCircusTest (D:\Repositories\meepleai-monorepo\apps\web\node_modules\.pnpm\jest-circus@30.2.0\node_modules\jest-circus\build\jestAdapterInit.js:1007:40)
          at runNextTicks (node:internal/process/task_queues:65:5)
          at listOnTimeout (node:internal/timers:549:9)
          at processTimers (node:internal/timers:523:7)
          at _runTest (D:\Repositories\meepleai-monorepo\apps\web\node_modules\.pnpm\jest-circus@30.2.0\node_modules\jest-circus\build\jestAdapterInit.js:947:3)
          at D:\Repositories\meepleai-monorepo\apps\web\node_modules\.pnpm\jest-circus@30.2.0\node_modules\jest-circus\build\jestAdapterInit.js:849:7
          at _runTestsForDescribeBlock (D:\Repositories\meepleai-monorepo\apps\web\node_modules\.pnpm\jest-circus@30.2.0\node_modules\jest-circus\build\jestAdapterInit.js:862:11)
          at _runTestsForDescribeBlock (D:\Repositories\meepleai-monorepo\apps\web\node_modules\.pnpm\jest-circus@30.2.0\node_modules\jest-circus\build\jestAdapterInit.js:857:11)
          at _runTestsForDescribeBlock (D:\Repositories\meepleai-monorepo\apps\web\node_modules\.pnpm\jest-circus@30.2.0\node_modules\jest-circus\build\jestAdapterInit.js:857:11)
          at run (D:\Repositories\meepleai-monorepo\apps\web\node_modules\.pnpm\jest-circus@30.2.0\node_modules\jest-circus\build\jestAdapterInit.js:761:3)
          at runAndTransformResultsToJestFormat (D:\Repositories\meepleai-monorepo\apps\web\node_modules\.pnpm\jest-circus@30.2.0\node_modules\jest-circus\build\jestAdapterInit.js:1918:21)
          at jestAdapter (D:\Repositories\meepleai-monorepo\apps\web\node_modules\.pnpm\jest-circus@30.2.0\node_modules\jest-circus\build\runner.js:101:19)
          at runTestInternal (D:\Repositories\meepleai-monorepo\apps\web\node_modules\.pnpm\jest-runner@30.2.0\node_modules\jest-runner\build\testWorker.js:275:16)
          at runTest (D:\Repositories\meepleai-monorepo\apps\web\node_modules\.pnpm\jest-runner@30.2.0\node_modules\jest-runner\build\testWorker.js:343:7)
          at Object.worker (D:\Repositories\meepleai-monorepo\apps\web\node_modules\.pnpm\jest-runner@30.2.0\node_modules\jest-runner\build\testWorker.js:497:12)

    [0m [90m 373 |[39m       [36mreturn[39m[33m;[39m
     [90m 374 |[39m     }
    [31m[1m>[22m[39m[90m 375 |[39m     originalError[33m.[39mcall(console[33m,[39m [33m...[39margs)[33m;[39m
     [90m     |[39m                   [31m[1m^[22m[39m
     [90m 376 |[39m   }[33m;[39m
     [90m 377 |[39m })[33m;[39m
     [90m 378 |[39m[0m

      at console.call [as error] (jest.setup.js:375:19)
      at error (src/pages/admin/n8n-templates.tsx:89:15)

    console.error
      Failed to import template: { response: { data: { error: 'Invalid webhook URL' } } }

    [0m [90m 373 |[39m       [36mreturn[39m[33m;[39m
     [90m 374 |[39m     }
    [31m[1m>[22m[39m[90m 375 |[39m     originalError[33m.[39mcall(console[33m,[39m [33m...[39margs)[33m;[39m
     [90m     |[39m                   [31m[1m^[22m[39m
     [90m 376 |[39m   }[33m;[39m
     [90m 377 |[39m })[33m;[39m
     [90m 378 |[39m[0m

      at console.call [as error] (jest.setup.js:375:19)
      at error (src/pages/admin/n8n-templates.tsx:111:15)
      at handleSubmit (src/pages/admin/n8n-templates.tsx:349:5)

    console.error
      Failed to load templates: Error: Network error
          at Object.<anonymous> (D:\Repositories\meepleai-monorepo\apps\web\src\__tests__\pages\admin-n8n-templates.test.tsx:1312:33)
          at Promise.finally.completed (D:\Repositories\meepleai-monorepo\apps\web\node_modules\.pnpm\jest-circus@30.2.0\node_modules\jest-circus\build\jestAdapterInit.js:1557:28)
          at new Promise (<anonymous>)
          at callAsyncCircusFn (D:\Repositories\meepleai-monorepo\apps\web\node_modules\.pnpm\jest-circus@30.2.0\node_modules\jest-circus\build\jestAdapterInit.js:1497:10)
          at _callCircusTest (D:\Repositories\meepleai-monorepo\apps\web\node_modules\.pnpm\jest-circus@30.2.0\node_modules\jest-circus\build\jestAdapterInit.js:1007:40)
          at _runTest (D:\Repositories\meepleai-monorepo\apps\web\node_modules\.pnpm\jest-circus@30.2.0\node_modules\jest-circus\build\jestAdapterInit.js:947:3)
          at D:\Repositories\meepleai-monorepo\apps\web\node_modules\.pnpm\jest-circus@30.2.0\node_modules\jest-circus\build\jestAdapterInit.js:849:7
          at _runTestsForDescribeBlock (D:\Repositories\meepleai-monorepo\apps\web\node_modules\.pnpm\jest-circus@30.2.0\node_modules\jest-circus\build\jestAdapterInit.js:862:11)
          at _runTestsForDescribeBlock (D:\Repositories\meepleai-monorepo\apps\web\node_modules\.pnpm\jest-circus@30.2.0\node_modules\jest-circus\build\jestAdapterInit.js:857:11)
          at _runTestsForDescribeBlock (D:\Repositories\meepleai-monorepo\apps\web\node_modules\.pnpm\jest-circus@30.2.0\node_modules\jest-circus\build\jestAdapterInit.js:857:11)
          at run (D:\Repositories\meepleai-monorepo\apps\web\node_modules\.pnpm\jest-circus@30.2.0\node_modules\jest-circus\build\jestAdapterInit.js:761:3)
          at runAndTransformResultsToJestFormat (D:\Repositories\meepleai-monorepo\apps\web\node_modules\.pnpm\jest-circus@30.2.0\node_modules\jest-circus\build\jestAdapterInit.js:1918:21)
          at jestAdapter (D:\Repositories\meepleai-monorepo\apps\web\node_modules\.pnpm\jest-circus@30.2.0\node_modules\jest-circus\build\runner.js:101:19)
          at runTestInternal (D:\Repositories\meepleai-monorepo\apps\web\node_modules\.pnpm\jest-runner@30.2.0\node_modules\jest-runner\build\testWorker.js:275:16)
          at runTest (D:\Repositories\meepleai-monorepo\apps\web\node_modules\.pnpm\jest-runner@30.2.0\node_modules\jest-runner\build\testWorker.js:343:7)
          at Object.worker (D:\Repositories\meepleai-monorepo\apps\web\node_modules\.pnpm\jest-runner@30.2.0\node_modules\jest-runner\build\testWorker.js:497:12)

    [0m [90m 373 |[39m       [36mreturn[39m[33m;[39m
     [90m 374 |[39m     }
    [31m[1m>[22m[39m[90m 375 |[39m     originalError[33m.[39mcall(console[33m,[39m [33m...[39margs)[33m;[39m
     [90m     |[39m                   [31m[1m^[22m[39m
     [90m 376 |[39m   }[33m;[39m
     [90m 377 |[39m })[33m;[39m
     [90m 378 |[39m[0m

      at console.call [as error] (jest.setup.js:375:19)
      at error (src/pages/admin/n8n-templates.tsx:67:15)

PASS src/components/__tests__/MentionInput.test.tsx
PASS src/components/timeline/__tests__/TimelineFilters.test.tsx
PASS src/__tests__/pages/chat/chat.auth.test.tsx
PASS src/__tests__/components/auth/AuthProvider.test.tsx
  ● Console

    console.error
      Failed to load current user: Error: Not authenticated
          at Object.<anonymous> (D:\Repositories\meepleai-monorepo\apps\web\src\__tests__\components\auth\AuthProvider.test.tsx:55:41)
          at Promise.finally.completed (D:\Repositories\meepleai-monorepo\apps\web\node_modules\.pnpm\jest-circus@30.2.0\node_modules\jest-circus\build\jestAdapterInit.js:1557:28)
          at new Promise (<anonymous>)
          at callAsyncCircusFn (D:\Repositories\meepleai-monorepo\apps\web\node_modules\.pnpm\jest-circus@30.2.0\node_modules\jest-circus\build\jestAdapterInit.js:1497:10)
          at _callCircusTest (D:\Repositories\meepleai-monorepo\apps\web\node_modules\.pnpm\jest-circus@30.2.0\node_modules\jest-circus\build\jestAdapterInit.js:1007:40)
          at _runTest (D:\Repositories\meepleai-monorepo\apps\web\node_modules\.pnpm\jest-circus@30.2.0\node_modules\jest-circus\build\jestAdapterInit.js:947:3)
          at D:\Repositories\meepleai-monorepo\apps\web\node_modules\.pnpm\jest-circus@30.2.0\node_modules\jest-circus\build\jestAdapterInit.js:849:7
          at _runTestsForDescribeBlock (D:\Repositories\meepleai-monorepo\apps\web\node_modules\.pnpm\jest-circus@30.2.0\node_modules\jest-circus\build\jestAdapterInit.js:862:11)
          at _runTestsForDescribeBlock (D:\Repositories\meepleai-monorepo\apps\web\node_modules\.pnpm\jest-circus@30.2.0\node_modules\jest-circus\build\jestAdapterInit.js:857:11)
          at _runTestsForDescribeBlock (D:\Repositories\meepleai-monorepo\apps\web\node_modules\.pnpm\jest-circus@30.2.0\node_modules\jest-circus\build\jestAdapterInit.js:857:11)
          at run (D:\Repositories\meepleai-monorepo\apps\web\node_modules\.pnpm\jest-circus@30.2.0\node_modules\jest-circus\build\jestAdapterInit.js:761:3)
          at runAndTransformResultsToJestFormat (D:\Repositories\meepleai-monorepo\apps\web\node_modules\.pnpm\jest-circus@30.2.0\node_modules\jest-circus\build\jestAdapterInit.js:1918:21)
          at jestAdapter (D:\Repositories\meepleai-monorepo\apps\web\node_modules\.pnpm\jest-circus@30.2.0\node_modules\jest-circus\build\runner.js:101:19)
          at runTestInternal (D:\Repositories\meepleai-monorepo\apps\web\node_modules\.pnpm\jest-runner@30.2.0\node_modules\jest-runner\build\testWorker.js:275:16)
          at runTest (D:\Repositories\meepleai-monorepo\apps\web\node_modules\.pnpm\jest-runner@30.2.0\node_modules\jest-runner\build\testWorker.js:343:7)
          at Object.worker (D:\Repositories\meepleai-monorepo\apps\web\node_modules\.pnpm\jest-runner@30.2.0\node_modules\jest-runner\build\testWorker.js:497:12)

    [0m [90m 373 |[39m       [36mreturn[39m[33m;[39m
     [90m 374 |[39m     }
    [31m[1m>[22m[39m[90m 375 |[39m     originalError[33m.[39mcall(console[33m,[39m [33m...[39margs)[33m;[39m
     [90m     |[39m                   [31m[1m^[22m[39m
     [90m 376 |[39m   }[33m;[39m
     [90m 377 |[39m })[33m;[39m
     [90m 378 |[39m[0m

      at console.call [as error] (jest.setup.js:375:19)
      at error (src/components/auth/AuthProvider.tsx:69:15)

    console.error
      Login failed: Error: Invalid credentials
          at Object.<anonymous> (D:\Repositories\meepleai-monorepo\apps\web\src\__tests__\components\auth\AuthProvider.test.tsx:98:42)
          at Promise.finally.completed (D:\Repositories\meepleai-monorepo\apps\web\node_modules\.pnpm\jest-circus@30.2.0\node_modules\jest-circus\build\jestAdapterInit.js:1557:28)
          at new Promise (<anonymous>)
          at callAsyncCircusFn (D:\Repositories\meepleai-monorepo\apps\web\node_modules\.pnpm\jest-circus@30.2.0\node_modules\jest-circus\build\jestAdapterInit.js:1497:10)
          at _callCircusTest (D:\Repositories\meepleai-monorepo\apps\web\node_modules\.pnpm\jest-circus@30.2.0\node_modules\jest-circus\build\jestAdapterInit.js:1007:40)
          at _runTest (D:\Repositories\meepleai-monorepo\apps\web\node_modules\.pnpm\jest-circus@30.2.0\node_modules\jest-circus\build\jestAdapterInit.js:947:3)
          at D:\Repositories\meepleai-monorepo\apps\web\node_modules\.pnpm\jest-circus@30.2.0\node_modules\jest-circus\build\jestAdapterInit.js:849:7
          at _runTestsForDescribeBlock (D:\Repositories\meepleai-monorepo\apps\web\node_modules\.pnpm\jest-circus@30.2.0\node_modules\jest-circus\build\jestAdapterInit.js:862:11)
          at _runTestsForDescribeBlock (D:\Repositories\meepleai-monorepo\apps\web\node_modules\.pnpm\jest-circus@30.2.0\node_modules\jest-circus\build\jestAdapterInit.js:857:11)
          at _runTestsForDescribeBlock (D:\Repositories\meepleai-monorepo\apps\web\node_modules\.pnpm\jest-circus@30.2.0\node_modules\jest-circus\build\jestAdapterInit.js:857:11)
          at run (D:\Repositories\meepleai-monorepo\apps\web\node_modules\.pnpm\jest-circus@30.2.0\node_modules\jest-circus\build\jestAdapterInit.js:761:3)
          at runAndTransformResultsToJestFormat (D:\Repositories\meepleai-monorepo\apps\web\node_modules\.pnpm\jest-circus@30.2.0\node_modules\jest-circus\build\jestAdapterInit.js:1918:21)
          at jestAdapter (D:\Repositories\meepleai-monorepo\apps\web\node_modules\.pnpm\jest-circus@30.2.0\node_modules\jest-circus\build\runner.js:101:19)
          at runTestInternal (D:\Repositories\meepleai-monorepo\apps\web\node_modules\.pnpm\jest-runner@30.2.0\node_modules\jest-runner\build\testWorker.js:275:16)
          at runTest (D:\Repositories\meepleai-monorepo\apps\web\node_modules\.pnpm\jest-runner@30.2.0\node_modules\jest-runner\build\testWorker.js:343:7)
          at Object.worker (D:\Repositories\meepleai-monorepo\apps\web\node_modules\.pnpm\jest-runner@30.2.0\node_modules\jest-runner\build\testWorker.js:497:12)

    [0m [90m 373 |[39m       [36mreturn[39m[33m;[39m
     [90m 374 |[39m     }
    [31m[1m>[22m[39m[90m 375 |[39m     originalError[33m.[39mcall(console[33m,[39m [33m...[39margs)[33m;[39m
     [90m     |[39m                   [31m[1m^[22m[39m
     [90m 376 |[39m   }[33m;[39m
     [90m 377 |[39m })[33m;[39m
     [90m 378 |[39m[0m

      at console.call [as error] (jest.setup.js:375:19)
      at Object.error (src/components/auth/AuthProvider.tsx:86:15)
      at src/__tests__/components/auth/AuthProvider.test.tsx:106:11

    console.error
      Registration failed: Error: Email already exists
          at Object.<anonymous> (D:\Repositories\meepleai-monorepo\apps\web\src\__tests__\components\auth\AuthProvider.test.tsx:149:42)
          at Promise.finally.completed (D:\Repositories\meepleai-monorepo\apps\web\node_modules\.pnpm\jest-circus@30.2.0\node_modules\jest-circus\build\jestAdapterInit.js:1557:28)
          at new Promise (<anonymous>)
          at callAsyncCircusFn (D:\Repositories\meepleai-monorepo\apps\web\node_modules\.pnpm\jest-circus@30.2.0\node_modules\jest-circus\build\jestAdapterInit.js:1497:10)
          at _callCircusTest (D:\Repositories\meepleai-monorepo\apps\web\node_modules\.pnpm\jest-circus@30.2.0\node_modules\jest-circus\build\jestAdapterInit.js:1007:40)
          at _runTest (D:\Repositories\meepleai-monorepo\apps\web\node_modules\.pnpm\jest-circus@30.2.0\node_modules\jest-circus\build\jestAdapterInit.js:947:3)
          at D:\Repositories\meepleai-monorepo\apps\web\node_modules\.pnpm\jest-circus@30.2.0\node_modules\jest-circus\build\jestAdapterInit.js:849:7
          at _runTestsForDescribeBlock (D:\Repositories\meepleai-monorepo\apps\web\node_modules\.pnpm\jest-circus@30.2.0\node_modules\jest-circus\build\jestAdapterInit.js:862:11)
          at _runTestsForDescribeBlock (D:\Repositories\meepleai-monorepo\apps\web\node_modules\.pnpm\jest-circus@30.2.0\node_modules\jest-circus\build\jestAdapterInit.js:857:11)
          at _runTestsForDescribeBlock (D:\Repositories\meepleai-monorepo\apps\web\node_modules\.pnpm\jest-circus@30.2.0\node_modules\jest-circus\build\jestAdapterInit.js:857:11)
          at run (D:\Repositories\meepleai-monorepo\apps\web\node_modules\.pnpm\jest-circus@30.2.0\node_modules\jest-circus\build\jestAdapterInit.js:761:3)
          at runAndTransformResultsToJestFormat (D:\Repositories\meepleai-monorepo\apps\web\node_modules\.pnpm\jest-circus@30.2.0\node_modules\jest-circus\build\jestAdapterInit.js:1918:21)
          at jestAdapter (D:\Repositories\meepleai-monorepo\apps\web\node_modules\.pnpm\jest-circus@30.2.0\node_modules\jest-circus\build\runner.js:101:19)
          at runTestInternal (D:\Repositories\meepleai-monorepo\apps\web\node_modules\.pnpm\jest-runner@30.2.0\node_modules\jest-runner\build\testWorker.js:275:16)
          at runTest (D:\Repositories\meepleai-monorepo\apps\web\node_modules\.pnpm\jest-runner@30.2.0\node_modules\jest-runner\build\testWorker.js:343:7)
          at Object.worker (D:\Repositories\meepleai-monorepo\apps\web\node_modules\.pnpm\jest-runner@30.2.0\node_modules\jest-runner\build\testWorker.js:497:12)

    [0m [90m 373 |[39m       [36mreturn[39m[33m;[39m
     [90m 374 |[39m     }
    [31m[1m>[22m[39m[90m 375 |[39m     originalError[33m.[39mcall(console[33m,[39m [33m...[39margs)[33m;[39m
     [90m     |[39m                   [31m[1m^[22m[39m
     [90m 376 |[39m   }[33m;[39m
     [90m 377 |[39m })[33m;[39m
     [90m 378 |[39m[0m

      at console.call [as error] (jest.setup.js:375:19)
      at Object.error [as register] (src/components/auth/AuthProvider.tsx:104:15)
      at src/__tests__/components/auth/AuthProvider.test.tsx:157:11

    console.error
      Logout failed: Error: Logout failed
          at Object.<anonymous> (D:\Repositories\meepleai-monorepo\apps\web\src\__tests__\components\auth\AuthProvider.test.tsx:204:42)
          at Promise.finally.completed (D:\Repositories\meepleai-monorepo\apps\web\node_modules\.pnpm\jest-circus@30.2.0\node_modules\jest-circus\build\jestAdapterInit.js:1557:28)
          at new Promise (<anonymous>)
          at callAsyncCircusFn (D:\Repositories\meepleai-monorepo\apps\web\node_modules\.pnpm\jest-circus@30.2.0\node_modules\jest-circus\build\jestAdapterInit.js:1497:10)
          at _callCircusTest (D:\Repositories\meepleai-monorepo\apps\web\node_modules\.pnpm\jest-circus@30.2.0\node_modules\jest-circus\build\jestAdapterInit.js:1007:40)
          at _runTest (D:\Repositories\meepleai-monorepo\apps\web\node_modules\.pnpm\jest-circus@30.2.0\node_modules\jest-circus\build\jestAdapterInit.js:947:3)
          at D:\Repositories\meepleai-monorepo\apps\web\node_modules\.pnpm\jest-circus@30.2.0\node_modules\jest-circus\build\jestAdapterInit.js:849:7
          at _runTestsForDescribeBlock (D:\Repositories\meepleai-monorepo\apps\web\node_modules\.pnpm\jest-circus@30.2.0\node_modules\jest-circus\build\jestAdapterInit.js:862:11)
          at _runTestsForDescribeBlock (D:\Repositories\meepleai-monorepo\apps\web\node_modules\.pnpm\jest-circus@30.2.0\node_modules\jest-circus\build\jestAdapterInit.js:857:11)
          at _runTestsForDescribeBlock (D:\Repositories\meepleai-monorepo\apps\web\node_modules\.pnpm\jest-circus@30.2.0\node_modules\jest-circus\build\jestAdapterInit.js:857:11)
          at run (D:\Repositories\meepleai-monorepo\apps\web\node_modules\.pnpm\jest-circus@30.2.0\node_modules\jest-circus\build\jestAdapterInit.js:761:3)
          at runAndTransformResultsToJestFormat (D:\Repositories\meepleai-monorepo\apps\web\node_modules\.pnpm\jest-circus@30.2.0\node_modules\jest-circus\build\jestAdapterInit.js:1918:21)
          at jestAdapter (D:\Repositories\meepleai-monorepo\apps\web\node_modules\.pnpm\jest-circus@30.2.0\node_modules\jest-circus\build\runner.js:101:19)
          at runTestInternal (D:\Repositories\meepleai-monorepo\apps\web\node_modules\.pnpm\jest-runner@30.2.0\node_modules\jest-runner\build\testWorker.js:275:16)
          at runTest (D:\Repositories\meepleai-monorepo\apps\web\node_modules\.pnpm\jest-runner@30.2.0\node_modules\jest-runner\build\testWorker.js:343:7)
          at Object.worker (D:\Repositories\meepleai-monorepo\apps\web\node_modules\.pnpm\jest-runner@30.2.0\node_modules\jest-runner\build\testWorker.js:497:12)

    [0m [90m 373 |[39m       [36mreturn[39m[33m;[39m
     [90m 374 |[39m     }
    [31m[1m>[22m[39m[90m 375 |[39m     originalError[33m.[39mcall(console[33m,[39m [33m...[39margs)[33m;[39m
     [90m     |[39m                   [31m[1m^[22m[39m
     [90m 376 |[39m   }[33m;[39m
     [90m 377 |[39m })[33m;[39m
     [90m 378 |[39m[0m

      at console.call [as error] (jest.setup.js:375:19)
      at Object.error [as logout] (src/components/auth/AuthProvider.tsx:118:15)
      at src/__tests__/components/auth/AuthProvider.test.tsx:212:11

    console.error
      Login failed: Error: Login failed
          at Object.<anonymous> (D:\Repositories\meepleai-monorepo\apps\web\src\__tests__\components\auth\AuthProvider.test.tsx:255:42)
          at Promise.finally.completed (D:\Repositories\meepleai-monorepo\apps\web\node_modules\.pnpm\jest-circus@30.2.0\node_modules\jest-circus\build\jestAdapterInit.js:1557:28)
          at new Promise (<anonymous>)
          at callAsyncCircusFn (D:\Repositories\meepleai-monorepo\apps\web\node_modules\.pnpm\jest-circus@30.2.0\node_modules\jest-circus\build\jestAdapterInit.js:1497:10)
          at _callCircusTest (D:\Repositories\meepleai-monorepo\apps\web\node_modules\.pnpm\jest-circus@30.2.0\node_modules\jest-circus\build\jestAdapterInit.js:1007:40)
          at _runTest (D:\Repositories\meepleai-monorepo\apps\web\node_modules\.pnpm\jest-circus@30.2.0\node_modules\jest-circus\build\jestAdapterInit.js:947:3)
          at D:\Repositories\meepleai-monorepo\apps\web\node_modules\.pnpm\jest-circus@30.2.0\node_modules\jest-circus\build\jestAdapterInit.js:849:7
          at _runTestsForDescribeBlock (D:\Repositories\meepleai-monorepo\apps\web\node_modules\.pnpm\jest-circus@30.2.0\node_modules\jest-circus\build\jestAdapterInit.js:862:11)
          at _runTestsForDescribeBlock (D:\Repositories\meepleai-monorepo\apps\web\node_modules\.pnpm\jest-circus@30.2.0\node_modules\jest-circus\build\jestAdapterInit.js:857:11)
          at _runTestsForDescribeBlock (D:\Repositories\meepleai-monorepo\apps\web\node_modules\.pnpm\jest-circus@30.2.0\node_modules\jest-circus\build\jestAdapterInit.js:857:11)
          at run (D:\Repositories\meepleai-monorepo\apps\web\node_modules\.pnpm\jest-circus@30.2.0\node_modules\jest-circus\build\jestAdapterInit.js:761:3)
          at runAndTransformResultsToJestFormat (D:\Repositories\meepleai-monorepo\apps\web\node_modules\.pnpm\jest-circus@30.2.0\node_modules\jest-circus\build\jestAdapterInit.js:1918:21)
          at jestAdapter (D:\Repositories\meepleai-monorepo\apps\web\node_modules\.pnpm\jest-circus@30.2.0\node_modules\jest-circus\build\runner.js:101:19)
          at runTestInternal (D:\Repositories\meepleai-monorepo\apps\web\node_modules\.pnpm\jest-runner@30.2.0\node_modules\jest-runner\build\testWorker.js:275:16)
          at runTest (D:\Repositories\meepleai-monorepo\apps\web\node_modules\.pnpm\jest-runner@30.2.0\node_modules\jest-runner\build\testWorker.js:343:7)
          at Object.worker (D:\Repositories\meepleai-monorepo\apps\web\node_modules\.pnpm\jest-runner@30.2.0\node_modules\jest-runner\build\testWorker.js:497:12)

    [0m [90m 373 |[39m       [36mreturn[39m[33m;[39m
     [90m 374 |[39m     }
    [31m[1m>[22m[39m[90m 375 |[39m     originalError[33m.[39mcall(console[33m,[39m [33m...[39margs)[33m;[39m
     [90m     |[39m                   [31m[1m^[22m[39m
     [90m 376 |[39m   }[33m;[39m
     [90m 377 |[39m })[33m;[39m
     [90m 378 |[39m[0m

      at console.call [as error] (jest.setup.js:375:19)
      at Object.error (src/components/auth/AuthProvider.tsx:86:15)
      at src/__tests__/components/auth/AuthProvider.test.tsx:264:11

PASS src/components/__tests__/BggSearchModal.test.tsx
  ● Console

    console.error
      BGG search error: TypeError: Cannot read properties of undefined (reading 'results')
          at results (D:\Repositories\meepleai-monorepo\apps\web\src\components\BggSearchModal.tsx:51:27)
          at processTicksAndRejections (node:internal/process/task_queues:105:5)

    [0m [90m 373 |[39m       [36mreturn[39m[33m;[39m
     [90m 374 |[39m     }
    [31m[1m>[22m[39m[90m 375 |[39m     originalError[33m.[39mcall(console[33m,[39m [33m...[39margs)[33m;[39m
     [90m     |[39m                   [31m[1m^[22m[39m
     [90m 376 |[39m   }[33m;[39m
     [90m 377 |[39m })[33m;[39m
     [90m 378 |[39m[0m

      at console.call [as error] (jest.setup.js:375:19)
      at error (src/components/BggSearchModal.tsx:57:15)

    console.error
      BGG search error: TypeError: Cannot read properties of undefined (reading 'results')
          at results (D:\Repositories\meepleai-monorepo\apps\web\src\components\BggSearchModal.tsx:51:27)
          at processTicksAndRejections (node:internal/process/task_queues:105:5)

    [0m [90m 373 |[39m       [36mreturn[39m[33m;[39m
     [90m 374 |[39m     }
    [31m[1m>[22m[39m[90m 375 |[39m     originalError[33m.[39mcall(console[33m,[39m [33m...[39margs)[33m;[39m
     [90m     |[39m                   [31m[1m^[22m[39m
     [90m 376 |[39m   }[33m;[39m
     [90m 377 |[39m })[33m;[39m
     [90m 378 |[39m[0m

      at console.call [as error] (jest.setup.js:375:19)
      at error (src/components/BggSearchModal.tsx:57:15)

    console.error
      BGG search error: TypeError: Cannot read properties of undefined (reading 'results')
          at results (D:\Repositories\meepleai-monorepo\apps\web\src\components\BggSearchModal.tsx:51:27)
          at processTicksAndRejections (node:internal/process/task_queues:105:5)

    [0m [90m 373 |[39m       [36mreturn[39m[33m;[39m
     [90m 374 |[39m     }
    [31m[1m>[22m[39m[90m 375 |[39m     originalError[33m.[39mcall(console[33m,[39m [33m...[39margs)[33m;[39m
     [90m     |[39m                   [31m[1m^[22m[39m
     [90m 376 |[39m   }[33m;[39m
     [90m 377 |[39m })[33m;[39m
     [90m 378 |[39m[0m

      at console.call [as error] (jest.setup.js:375:19)
      at error (src/components/BggSearchModal.tsx:57:15)

    console.error
      Received `true` for a non-boolean attribute `unoptimized`.
      
      If you want to write it to the DOM, pass a string instead: unoptimized="true" or unoptimized={value.toString()}.

    [0m [90m 373 |[39m       [36mreturn[39m[33m;[39m
     [90m 374 |[39m     }
    [31m[1m>[22m[39m[90m 375 |[39m     originalError[33m.[39mcall(console[33m,[39m [33m...[39margs)[33m;[39m
     [90m     |[39m                   [31m[1m^[22m[39m
     [90m 376 |[39m   }[33m;[39m
     [90m 377 |[39m })[33m;[39m
     [90m 378 |[39m[0m

      at console.call [as error] (jest.setup.js:375:19)
      at validateProperty (node_modules/.pnpm/react-dom@19.2.0_react@19.2.0/node_modules/react-dom/cjs/react-dom-client.development.js:3070:27)
      at warnUnknownProperties (node_modules/.pnpm/react-dom@19.2.0_react@19.2.0/node_modules/react-dom/cjs/react-dom-client.development.js:3146:9)
      at validatePropertiesInDevelopment (node_modules/.pnpm/react-dom@19.2.0_react@19.2.0/node_modules/react-dom/cjs/react-dom-client.development.js:19868:9)
      at setInitialProperties (node_modules/.pnpm/react-dom@19.2.0_react@19.2.0/node_modules/react-dom/cjs/react-dom-client.development.js:20491:7)
      at completeWork (node_modules/.pnpm/react-dom@19.2.0_react@19.2.0/node_modules/react-dom/cjs/react-dom-client.development.js:12662:18)
      at runWithFiberInDEV (node_modules/.pnpm/react-dom@19.2.0_react@19.2.0/node_modules/react-dom/cjs/react-dom-client.development.js:874:13)
      at completeUnitOfWork (node_modules/.pnpm/react-dom@19.2.0_react@19.2.0/node_modules/react-dom/cjs/react-dom-client.development.js:17777:19)
      at performUnitOfWork (node_modules/.pnpm/react-dom@19.2.0_react@19.2.0/node_modules/react-dom/cjs/react-dom-client.development.js:17658:11)
      at workLoopSync (node_modules/.pnpm/react-dom@19.2.0_react@19.2.0/node_modules/react-dom/cjs/react-dom-client.development.js:17469:41)
      at renderRootSync (node_modules/.pnpm/react-dom@19.2.0_react@19.2.0/node_modules/react-dom/cjs/react-dom-client.development.js:17450:11)
      at performWorkOnRoot (node_modules/.pnpm/react-dom@19.2.0_react@19.2.0/node_modules/react-dom/cjs/react-dom-client.development.js:16504:11)
      at performSyncWorkOnRoot (node_modules/.pnpm/react-dom@19.2.0_react@19.2.0/node_modules/react-dom/cjs/react-dom-client.development.js:18972:7)
      at flushSyncWorkAcrossRoots_impl (node_modules/.pnpm/react-dom@19.2.0_react@19.2.0/node_modules/react-dom/cjs/react-dom-client.development.js:18814:21)
      at flushSyncWork$1 (node_modules/.pnpm/react-dom@19.2.0_react@19.2.0/node_modules/react-dom/cjs/react-dom-client.development.js:16898:12)
      at batchedUpdates$1 (node_modules/.pnpm/react-dom@19.2.0_react@19.2.0/node_modules/react-dom/cjs/react-dom-client.development.js:3263:14)
      at dispatchEventForPluginEventSystem (node_modules/.pnpm/react-dom@19.2.0_react@19.2.0/node_modules/react-dom/cjs/react-dom-client.development.js:19320:7)
      at dispatchEvent (node_modules/.pnpm/react-dom@19.2.0_react@19.2.0/node_modules/react-dom/cjs/react-dom-client.development.js:23585:11)
      at dispatchDiscreteEvent (node_modules/.pnpm/react-dom@19.2.0_react@19.2.0/node_modules/react-dom/cjs/react-dom-client.development.js:23553:11)
      at HTMLDivElement.callTheUserObjectsOperation (node_modules/.pnpm/jsdom@26.1.0/node_modules/jsdom/lib/jsdom/living/generated/EventListener.js:26:30)
      at innerInvokeEventListeners (node_modules/.pnpm/jsdom@26.1.0/node_modules/jsdom/lib/jsdom/living/events/EventTarget-impl.js:350:25)
      at invokeEventListeners (node_modules/.pnpm/jsdom@26.1.0/node_modules/jsdom/lib/jsdom/living/events/EventTarget-impl.js:286:3)
      at HTMLInputElementImpl._dispatch (node_modules/.pnpm/jsdom@26.1.0/node_modules/jsdom/lib/jsdom/living/events/EventTarget-impl.js:233:9)
      at HTMLInputElementImpl.dispatchEvent (node_modules/.pnpm/jsdom@26.1.0/node_modules/jsdom/lib/jsdom/living/events/EventTarget-impl.js:104:17)
      at HTMLInputElement.dispatchEvent (node_modules/.pnpm/jsdom@26.1.0/node_modules/jsdom/lib/jsdom/living/generated/EventTarget.js:241:34)
      at node_modules/.pnpm/@testing-library+user-event_1ca100c7362ccf0b1358603d616c282d/node_modules/@testing-library/user-event/dist/cjs/event/dispatchEvent.js:45:43
      at node_modules/.pnpm/@testing-library+react@16.3_15d474de7481bb0af842c1b1705139a8/node_modules/@testing-library/react/dist/pure.js:108:16
      at node_modules/.pnpm/@testing-library+react@16.3_15d474de7481bb0af842c1b1705139a8/node_modules/@testing-library/react/dist/act-compat.js:48:24
      at process.env.NODE_ENV.exports.act (node_modules/.pnpm/react@19.2.0/node_modules/react/cjs/react.development.js:814:22)
      at node_modules/.pnpm/@testing-library+react@16.3_15d474de7481bb0af842c1b1705139a8/node_modules/@testing-library/react/dist/act-compat.js:47:25
      at Object.eventWrapper (node_modules/.pnpm/@testing-library+react@16.3_15d474de7481bb0af842c1b1705139a8/node_modules/@testing-library/react/dist/pure.js:107:28)
      at Object.wrapEvent (node_modules/.pnpm/@testing-library+user-event_1ca100c7362ccf0b1358603d616c282d/node_modules/@testing-library/user-event/dist/cjs/event/wrapEvent.js:6:28)
      at Object.dispatchEvent (node_modules/.pnpm/@testing-library+user-event_1ca100c7362ccf0b1358603d616c282d/node_modules/@testing-library/user-event/dist/cjs/event/dispatchEvent.js:45:22)
      at Object.dispatchUIEvent (node_modules/.pnpm/@testing-library+user-event_1ca100c7362ccf0b1358603d616c282d/node_modules/@testing-library/user-event/dist/cjs/event/dispatchEvent.js:22:26)
      at commitInput (node_modules/.pnpm/@testing-library+user-event_1ca100c7362ccf0b1358603d616c282d/node_modules/@testing-library/user-event/dist/cjs/event/input.js:145:14)
      at editInputElement (node_modules/.pnpm/@testing-library+user-event_1ca100c7362ccf0b1358603d616c282d/node_modules/@testing-library/user-event/dist/cjs/event/input.js:115:9)
      at Object.input (node_modules/.pnpm/@testing-library+user-event_1ca100c7362ccf0b1358603d616c282d/node_modules/@testing-library/user-event/dist/cjs/event/input.js:37:9)
      at node_modules/.pnpm/@testing-library+user-event_1ca100c7362ccf0b1358603d616c282d/node_modules/@testing-library/user-event/dist/cjs/event/behavior/keypress.js:31:26
      at Object.dispatchEvent (node_modules/.pnpm/@testing-library+user-event_1ca100c7362ccf0b1358603d616c282d/node_modules/@testing-library/user-event/dist/cjs/event/dispatchEvent.js:41:13)
      at Object.dispatchUIEvent (node_modules/.pnpm/@testing-library+user-event_1ca100c7362ccf0b1358603d616c282d/node_modules/@testing-library/user-event/dist/cjs/event/dispatchEvent.js:22:26)
      at KeyboardHost.keydown (node_modules/.pnpm/@testing-library+user-event_1ca100c7362ccf0b1358603d616c282d/node_modules/@testing-library/user-event/dist/cjs/system/keyboard.js:76:22)
      at keyboardAction (node_modules/.pnpm/@testing-library+user-event_1ca100c7362ccf0b1358603d616c282d/node_modules/@testing-library/user-event/dist/cjs/keyboard/index.js:22:35)
      at Object.keyboard (node_modules/.pnpm/@testing-library+user-event_1ca100c7362ccf0b1358603d616c282d/node_modules/@testing-library/user-event/dist/cjs/keyboard/index.js:11:15)
      at Object.type (node_modules/.pnpm/@testing-library+user-event_1ca100c7362ccf0b1358603d616c282d/node_modules/@testing-library/user-event/dist/cjs/utility/type.js:17:5)
      at Object.asyncWrapper (node_modules/.pnpm/@testing-library+react@16.3_15d474de7481bb0af842c1b1705139a8/node_modules/@testing-library/react/dist/pure.js:88:22)
      at Object.<anonymous> (src/components/__tests__/BggSearchModal.test.tsx:172:7)

    console.error
      An update to BggSearchModal inside a test was not wrapped in act(...).
      
      When testing, code that causes React state updates should be wrapped into act(...):
      
      act(() => {
        /* fire events that update state */
      });
      /* assert on the output */
      
      This ensures that you're testing the behavior the user would see in the browser. Learn more at https://react.dev/link/wrap-tests-with-act

    [0m [90m 373 |[39m       [36mreturn[39m[33m;[39m
     [90m 374 |[39m     }
    [31m[1m>[22m[39m[90m 375 |[39m     originalError[33m.[39mcall(console[33m,[39m [33m...[39margs)[33m;[39m
     [90m     |[39m                   [31m[1m^[22m[39m
     [90m 376 |[39m   }[33m;[39m
     [90m 377 |[39m })[33m;[39m
     [90m 378 |[39m[0m

      at console.call [as error] (jest.setup.js:375:19)
      at node_modules/.pnpm/react-dom@19.2.0_react@19.2.0/node_modules/react-dom/cjs/react-dom-client.development.js:18758:19
      at runWithFiberInDEV (node_modules/.pnpm/react-dom@19.2.0_react@19.2.0/node_modules/react-dom/cjs/react-dom-client.development.js:874:13)
      at warnIfUpdatesNotWrappedWithActDEV (node_modules/.pnpm/react-dom@19.2.0_react@19.2.0/node_modules/react-dom/cjs/react-dom-client.development.js:18757:9)
      at scheduleUpdateOnFiber (node_modules/.pnpm/react-dom@19.2.0_react@19.2.0/node_modules/react-dom/cjs/react-dom-client.development.js:16409:11)
      at dispatchSetStateInternal (node_modules/.pnpm/react-dom@19.2.0_react@19.2.0/node_modules/react-dom/cjs/react-dom-client.development.js:9170:13)
      at dispatchSetState (node_modules/.pnpm/react-dom@19.2.0_react@19.2.0/node_modules/react-dom/cjs/react-dom-client.development.js:9127:7)
      at setResults (src/components/BggSearchModal.tsx:51:7)

    console.error
      An update to BggSearchModal inside a test was not wrapped in act(...).
      
      When testing, code that causes React state updates should be wrapped into act(...):
      
      act(() => {
        /* fire events that update state */
      });
      /* assert on the output */
      
      This ensures that you're testing the behavior the user would see in the browser. Learn more at https://react.dev/link/wrap-tests-with-act

    [0m [90m 373 |[39m       [36mreturn[39m[33m;[39m
     [90m 374 |[39m     }
    [31m[1m>[22m[39m[90m 375 |[39m     originalError[33m.[39mcall(console[33m,[39m [33m...[39margs)[33m;[39m
     [90m     |[39m                   [31m[1m^[22m[39m
     [90m 376 |[39m   }[33m;[39m
     [90m 377 |[39m })[33m;[39m
     [90m 378 |[39m[0m

      at console.call [as error] (jest.setup.js:375:19)
      at node_modules/.pnpm/react-dom@19.2.0_react@19.2.0/node_modules/react-dom/cjs/react-dom-client.development.js:18758:19
      at runWithFiberInDEV (node_modules/.pnpm/react-dom@19.2.0_react@19.2.0/node_modules/react-dom/cjs/react-dom-client.development.js:874:13)
      at warnIfUpdatesNotWrappedWithActDEV (node_modules/.pnpm/react-dom@19.2.0_react@19.2.0/node_modules/react-dom/cjs/react-dom-client.development.js:18757:9)
      at scheduleUpdateOnFiber (node_modules/.pnpm/react-dom@19.2.0_react@19.2.0/node_modules/react-dom/cjs/react-dom-client.development.js:16409:11)
      at dispatchSetStateInternal (node_modules/.pnpm/react-dom@19.2.0_react@19.2.0/node_modules/react-dom/cjs/react-dom-client.development.js:9170:13)
      at dispatchSetState (node_modules/.pnpm/react-dom@19.2.0_react@19.2.0/node_modules/react-dom/cjs/react-dom-client.development.js:9127:7)
      at setLoading (src/components/BggSearchModal.tsx:61:7)

    console.error
      An update to BggSearchModal inside a test was not wrapped in act(...).
      
      When testing, code that causes React state updates should be wrapped into act(...):
      
      act(() => {
        /* fire events that update state */
      });
      /* assert on the output */
      
      This ensures that you're testing the behavior the user would see in the browser. Learn more at https://react.dev/link/wrap-tests-with-act

    [0m [90m 373 |[39m       [36mreturn[39m[33m;[39m
     [90m 374 |[39m     }
    [31m[1m>[22m[39m[90m 375 |[39m     originalError[33m.[39mcall(console[33m,[39m [33m...[39margs)[33m;[39m
     [90m     |[39m                   [31m[1m^[22m[39m
     [90m 376 |[39m   }[33m;[39m
     [90m 377 |[39m })[33m;[39m
     [90m 378 |[39m[0m

      at console.call [as error] (jest.setup.js:375:19)
      at node_modules/.pnpm/react-dom@19.2.0_react@19.2.0/node_modules/react-dom/cjs/react-dom-client.development.js:18758:19
      at runWithFiberInDEV (node_modules/.pnpm/react-dom@19.2.0_react@19.2.0/node_modules/react-dom/cjs/react-dom-client.development.js:874:13)
      at warnIfUpdatesNotWrappedWithActDEV (node_modules/.pnpm/react-dom@19.2.0_react@19.2.0/node_modules/react-dom/cjs/react-dom-client.development.js:18757:9)
      at scheduleUpdateOnFiber (node_modules/.pnpm/react-dom@19.2.0_react@19.2.0/node_modules/react-dom/cjs/react-dom-client.development.js:16409:11)
      at dispatchSetStateInternal (node_modules/.pnpm/react-dom@19.2.0_react@19.2.0/node_modules/react-dom/cjs/react-dom-client.development.js:9170:13)
      at dispatchSetState (node_modules/.pnpm/react-dom@19.2.0_react@19.2.0/node_modules/react-dom/cjs/react-dom-client.development.js:9127:7)
      at setResults (src/components/BggSearchModal.tsx:51:7)

    console.error
      An update to BggSearchModal inside a test was not wrapped in act(...).
      
      When testing, code that causes React state updates should be wrapped into act(...):
      
      act(() => {
        /* fire events that update state */
      });
      /* assert on the output */
      
      This ensures that you're testing the behavior the user would see in the browser. Learn more at https://react.dev/link/wrap-tests-with-act

    [0m [90m 373 |[39m       [36mreturn[39m[33m;[39m
     [90m 374 |[39m     }
    [31m[1m>[22m[39m[90m 375 |[39m     originalError[33m.[39mcall(console[33m,[39m [33m...[39margs)[33m;[39m
     [90m     |[39m                   [31m[1m^[22m[39m
     [90m 376 |[39m   }[33m;[39m
     [90m 377 |[39m })[33m;[39m
     [90m 378 |[39m[0m

      at console.call [as error] (jest.setup.js:375:19)
      at node_modules/.pnpm/react-dom@19.2.0_react@19.2.0/node_modules/react-dom/cjs/react-dom-client.development.js:18758:19
      at runWithFiberInDEV (node_modules/.pnpm/react-dom@19.2.0_react@19.2.0/node_modules/react-dom/cjs/react-dom-client.development.js:874:13)
      at warnIfUpdatesNotWrappedWithActDEV (node_modules/.pnpm/react-dom@19.2.0_react@19.2.0/node_modules/react-dom/cjs/react-dom-client.development.js:18757:9)
      at scheduleUpdateOnFiber (node_modules/.pnpm/react-dom@19.2.0_react@19.2.0/node_modules/react-dom/cjs/react-dom-client.development.js:16409:11)
      at dispatchSetStateInternal (node_modules/.pnpm/react-dom@19.2.0_react@19.2.0/node_modules/react-dom/cjs/react-dom-client.development.js:9170:13)
      at dispatchSetState (node_modules/.pnpm/react-dom@19.2.0_react@19.2.0/node_modules/react-dom/cjs/react-dom-client.development.js:9127:7)
      at setLoading (src/components/BggSearchModal.tsx:61:7)

    console.error
      BGG search error: Error: Network error
          at Object.<anonymous> (D:\Repositories\meepleai-monorepo\apps\web\src\components\__tests__\BggSearchModal.test.tsx:242:59)
          at Promise.finally.completed (D:\Repositories\meepleai-monorepo\apps\web\node_modules\.pnpm\jest-circus@30.2.0\node_modules\jest-circus\build\jestAdapterInit.js:1557:28)
          at new Promise (<anonymous>)
          at callAsyncCircusFn (D:\Repositories\meepleai-monorepo\apps\web\node_modules\.pnpm\jest-circus@30.2.0\node_modules\jest-circus\build\jestAdapterInit.js:1497:10)
          at _callCircusTest (D:\Repositories\meepleai-monorepo\apps\web\node_modules\.pnpm\jest-circus@30.2.0\node_modules\jest-circus\build\jestAdapterInit.js:1007:40)
          at _runTest (D:\Repositories\meepleai-monorepo\apps\web\node_modules\.pnpm\jest-circus@30.2.0\node_modules\jest-circus\build\jestAdapterInit.js:947:3)
          at D:\Repositories\meepleai-monorepo\apps\web\node_modules\.pnpm\jest-circus@30.2.0\node_modules\jest-circus\build\jestAdapterInit.js:849:7
          at _runTestsForDescribeBlock (D:\Repositories\meepleai-monorepo\apps\web\node_modules\.pnpm\jest-circus@30.2.0\node_modules\jest-circus\build\jestAdapterInit.js:862:11)
          at _runTestsForDescribeBlock (D:\Repositories\meepleai-monorepo\apps\web\node_modules\.pnpm\jest-circus@30.2.0\node_modules\jest-circus\build\jestAdapterInit.js:857:11)
          at _runTestsForDescribeBlock (D:\Repositories\meepleai-monorepo\apps\web\node_modules\.pnpm\jest-circus@30.2.0\node_modules\jest-circus\build\jestAdapterInit.js:857:11)
          at run (D:\Repositories\meepleai-monorepo\apps\web\node_modules\.pnpm\jest-circus@30.2.0\node_modules\jest-circus\build\jestAdapterInit.js:761:3)
          at runAndTransformResultsToJestFormat (D:\Repositories\meepleai-monorepo\apps\web\node_modules\.pnpm\jest-circus@30.2.0\node_modules\jest-circus\build\jestAdapterInit.js:1918:21)
          at jestAdapter (D:\Repositories\meepleai-monorepo\apps\web\node_modules\.pnpm\jest-circus@30.2.0\node_modules\jest-circus\build\runner.js:101:19)
          at runTestInternal (D:\Repositories\meepleai-monorepo\apps\web\node_modules\.pnpm\jest-runner@30.2.0\node_modules\jest-runner\build\testWorker.js:275:16)
          at runTest (D:\Repositories\meepleai-monorepo\apps\web\node_modules\.pnpm\jest-runner@30.2.0\node_modules\jest-runner\build\testWorker.js:343:7)
          at Object.worker (D:\Repositories\meepleai-monorepo\apps\web\node_modules\.pnpm\jest-runner@30.2.0\node_modules\jest-runner\build\testWorker.js:497:12)

    [0m [90m 373 |[39m       [36mreturn[39m[33m;[39m
     [90m 374 |[39m     }
    [31m[1m>[22m[39m[90m 375 |[39m     originalError[33m.[39mcall(console[33m,[39m [33m...[39margs)[33m;[39m
     [90m     |[39m                   [31m[1m^[22m[39m
     [90m 376 |[39m   }[33m;[39m
     [90m 377 |[39m })[33m;[39m
     [90m 378 |[39m[0m

      at console.call [as error] (jest.setup.js:375:19)
      at error (src/components/BggSearchModal.tsx:57:15)

    console.error
      BGG search error: Error: Network error
          at Object.<anonymous> (D:\Repositories\meepleai-monorepo\apps\web\src\components\__tests__\BggSearchModal.test.tsx:242:59)
          at Promise.finally.completed (D:\Repositories\meepleai-monorepo\apps\web\node_modules\.pnpm\jest-circus@30.2.0\node_modules\jest-circus\build\jestAdapterInit.js:1557:28)
          at new Promise (<anonymous>)
          at callAsyncCircusFn (D:\Repositories\meepleai-monorepo\apps\web\node_modules\.pnpm\jest-circus@30.2.0\node_modules\jest-circus\build\jestAdapterInit.js:1497:10)
          at _callCircusTest (D:\Repositories\meepleai-monorepo\apps\web\node_modules\.pnpm\jest-circus@30.2.0\node_modules\jest-circus\build\jestAdapterInit.js:1007:40)
          at _runTest (D:\Repositories\meepleai-monorepo\apps\web\node_modules\.pnpm\jest-circus@30.2.0\node_modules\jest-circus\build\jestAdapterInit.js:947:3)
          at D:\Repositories\meepleai-monorepo\apps\web\node_modules\.pnpm\jest-circus@30.2.0\node_modules\jest-circus\build\jestAdapterInit.js:849:7
          at _runTestsForDescribeBlock (D:\Repositories\meepleai-monorepo\apps\web\node_modules\.pnpm\jest-circus@30.2.0\node_modules\jest-circus\build\jestAdapterInit.js:862:11)
          at _runTestsForDescribeBlock (D:\Repositories\meepleai-monorepo\apps\web\node_modules\.pnpm\jest-circus@30.2.0\node_modules\jest-circus\build\jestAdapterInit.js:857:11)
          at _runTestsForDescribeBlock (D:\Repositories\meepleai-monorepo\apps\web\node_modules\.pnpm\jest-circus@30.2.0\node_modules\jest-circus\build\jestAdapterInit.js:857:11)
          at run (D:\Repositories\meepleai-monorepo\apps\web\node_modules\.pnpm\jest-circus@30.2.0\node_modules\jest-circus\build\jestAdapterInit.js:761:3)
          at runAndTransformResultsToJestFormat (D:\Repositories\meepleai-monorepo\apps\web\node_modules\.pnpm\jest-circus@30.2.0\node_modules\jest-circus\build\jestAdapterInit.js:1918:21)
          at jestAdapter (D:\Repositories\meepleai-monorepo\apps\web\node_modules\.pnpm\jest-circus@30.2.0\node_modules\jest-circus\build\runner.js:101:19)
          at runTestInternal (D:\Repositories\meepleai-monorepo\apps\web\node_modules\.pnpm\jest-runner@30.2.0\node_modules\jest-runner\build\testWorker.js:275:16)
          at runTest (D:\Repositories\meepleai-monorepo\apps\web\node_modules\.pnpm\jest-runner@30.2.0\node_modules\jest-runner\build\testWorker.js:343:7)
          at Object.worker (D:\Repositories\meepleai-monorepo\apps\web\node_modules\.pnpm\jest-runner@30.2.0\node_modules\jest-runner\build\testWorker.js:497:12)

    [0m [90m 373 |[39m       [36mreturn[39m[33m;[39m
     [90m 374 |[39m     }
    [31m[1m>[22m[39m[90m 375 |[39m     originalError[33m.[39mcall(console[33m,[39m [33m...[39margs)[33m;[39m
     [90m     |[39m                   [31m[1m^[22m[39m
     [90m 376 |[39m   }[33m;[39m
     [90m 377 |[39m })[33m;[39m
     [90m 378 |[39m[0m

      at console.call [as error] (jest.setup.js:375:19)
      at error (src/components/BggSearchModal.tsx:57:15)

    console.error
      An update to BggSearchModal inside a test was not wrapped in act(...).
      
      When testing, code that causes React state updates should be wrapped into act(...):
      
      act(() => {
        /* fire events that update state */
      });
      /* assert on the output */
      
      This ensures that you're testing the behavior the user would see in the browser. Learn more at https://react.dev/link/wrap-tests-with-act

    [0m [90m 373 |[39m       [36mreturn[39m[33m;[39m
     [90m 374 |[39m     }
    [31m[1m>[22m[39m[90m 375 |[39m     originalError[33m.[39mcall(console[33m,[39m [33m...[39margs)[33m;[39m
     [90m     |[39m                   [31m[1m^[22m[39m
     [90m 376 |[39m   }[33m;[39m
     [90m 377 |[39m })[33m;[39m
     [90m 378 |[39m[0m

      at console.call [as error] (jest.setup.js:375:19)
      at node_modules/.pnpm/react-dom@19.2.0_react@19.2.0/node_modules/react-dom/cjs/react-dom-client.development.js:18758:19
      at runWithFiberInDEV (node_modules/.pnpm/react-dom@19.2.0_react@19.2.0/node_modules/react-dom/cjs/react-dom-client.development.js:874:13)
      at warnIfUpdatesNotWrappedWithActDEV (node_modules/.pnpm/react-dom@19.2.0_react@19.2.0/node_modules/react-dom/cjs/react-dom-client.development.js:18757:9)
      at scheduleUpdateOnFiber (node_modules/.pnpm/react-dom@19.2.0_react@19.2.0/node_modules/react-dom/cjs/react-dom-client.development.js:16409:11)
      at dispatchSetStateInternal (node_modules/.pnpm/react-dom@19.2.0_react@19.2.0/node_modules/react-dom/cjs/react-dom-client.development.js:9170:13)
      at dispatchSetState (node_modules/.pnpm/react-dom@19.2.0_react@19.2.0/node_modules/react-dom/cjs/react-dom-client.development.js:9127:7)
      at setLoadingDetails (src/components/BggSearchModal.tsx:77:7)

    console.error
      BGG game details error: Error: Network error
          at Object.<anonymous> (D:\Repositories\meepleai-monorepo\apps\web\src\components\__tests__\BggSearchModal.test.tsx:330:67)
          at Promise.finally.completed (D:\Repositories\meepleai-monorepo\apps\web\node_modules\.pnpm\jest-circus@30.2.0\node_modules\jest-circus\build\jestAdapterInit.js:1557:28)
          at new Promise (<anonymous>)
          at callAsyncCircusFn (D:\Repositories\meepleai-monorepo\apps\web\node_modules\.pnpm\jest-circus@30.2.0\node_modules\jest-circus\build\jestAdapterInit.js:1497:10)
          at _callCircusTest (D:\Repositories\meepleai-monorepo\apps\web\node_modules\.pnpm\jest-circus@30.2.0\node_modules\jest-circus\build\jestAdapterInit.js:1007:40)
          at _runTest (D:\Repositories\meepleai-monorepo\apps\web\node_modules\.pnpm\jest-circus@30.2.0\node_modules\jest-circus\build\jestAdapterInit.js:947:3)
          at D:\Repositories\meepleai-monorepo\apps\web\node_modules\.pnpm\jest-circus@30.2.0\node_modules\jest-circus\build\jestAdapterInit.js:849:7
          at _runTestsForDescribeBlock (D:\Repositories\meepleai-monorepo\apps\web\node_modules\.pnpm\jest-circus@30.2.0\node_modules\jest-circus\build\jestAdapterInit.js:862:11)
          at _runTestsForDescribeBlock (D:\Repositories\meepleai-monorepo\apps\web\node_modules\.pnpm\jest-circus@30.2.0\node_modules\jest-circus\build\jestAdapterInit.js:857:11)
          at _runTestsForDescribeBlock (D:\Repositories\meepleai-monorepo\apps\web\node_modules\.pnpm\jest-circus@30.2.0\node_modules\jest-circus\build\jestAdapterInit.js:857:11)
          at run (D:\Repositories\meepleai-monorepo\apps\web\node_modules\.pnpm\jest-circus@30.2.0\node_modules\jest-circus\build\jestAdapterInit.js:761:3)
          at runAndTransformResultsToJestFormat (D:\Repositories\meepleai-monorepo\apps\web\node_modules\.pnpm\jest-circus@30.2.0\node_modules\jest-circus\build\jestAdapterInit.js:1918:21)
          at jestAdapter (D:\Repositories\meepleai-monorepo\apps\web\node_modules\.pnpm\jest-circus@30.2.0\node_modules\jest-circus\build\runner.js:101:19)
          at runTestInternal (D:\Repositories\meepleai-monorepo\apps\web\node_modules\.pnpm\jest-runner@30.2.0\node_modules\jest-runner\build\testWorker.js:275:16)
          at runTest (D:\Repositories\meepleai-monorepo\apps\web\node_modules\.pnpm\jest-runner@30.2.0\node_modules\jest-runner\build\testWorker.js:343:7)
          at Object.worker (D:\Repositories\meepleai-monorepo\apps\web\node_modules\.pnpm\jest-runner@30.2.0\node_modules\jest-runner\build\testWorker.js:497:12)

    [0m [90m 373 |[39m       [36mreturn[39m[33m;[39m
     [90m 374 |[39m     }
    [31m[1m>[22m[39m[90m 375 |[39m     originalError[33m.[39mcall(console[33m,[39m [33m...[39margs)[33m;[39m
     [90m     |[39m                   [31m[1m^[22m[39m
     [90m 376 |[39m   }[33m;[39m
     [90m 377 |[39m })[33m;[39m
     [90m 378 |[39m[0m

      at console.call [as error] (jest.setup.js:375:19)
      at error (src/components/BggSearchModal.tsx:74:15)

    console.error
      An update to BggSearchModal inside a test was not wrapped in act(...).
      
      When testing, code that causes React state updates should be wrapped into act(...):
      
      act(() => {
        /* fire events that update state */
      });
      /* assert on the output */
      
      This ensures that you're testing the behavior the user would see in the browser. Learn more at https://react.dev/link/wrap-tests-with-act

    [0m [90m 373 |[39m       [36mreturn[39m[33m;[39m
     [90m 374 |[39m     }
    [31m[1m>[22m[39m[90m 375 |[39m     originalError[33m.[39mcall(console[33m,[39m [33m...[39margs)[33m;[39m
     [90m     |[39m                   [31m[1m^[22m[39m
     [90m 376 |[39m   }[33m;[39m
     [90m 377 |[39m })[33m;[39m
     [90m 378 |[39m[0m

      at console.call [as error] (jest.setup.js:375:19)
      at node_modules/.pnpm/react-dom@19.2.0_react@19.2.0/node_modules/react-dom/cjs/react-dom-client.development.js:18758:19
      at runWithFiberInDEV (node_modules/.pnpm/react-dom@19.2.0_react@19.2.0/node_modules/react-dom/cjs/react-dom-client.development.js:874:13)
      at warnIfUpdatesNotWrappedWithActDEV (node_modules/.pnpm/react-dom@19.2.0_react@19.2.0/node_modules/react-dom/cjs/react-dom-client.development.js:18757:9)
      at scheduleUpdateOnFiber (node_modules/.pnpm/react-dom@19.2.0_react@19.2.0/node_modules/react-dom/cjs/react-dom-client.development.js:16409:11)
      at dispatchSetStateInternal (node_modules/.pnpm/react-dom@19.2.0_react@19.2.0/node_modules/react-dom/cjs/react-dom-client.development.js:9170:13)
      at dispatchSetState (node_modules/.pnpm/react-dom@19.2.0_react@19.2.0/node_modules/react-dom/cjs/react-dom-client.development.js:9127:7)
      at setLoadingDetails (src/components/BggSearchModal.tsx:77:7)

PASS src/__tests__/integration/ProviderTree.integration.test.tsx
PASS src/__tests__/hooks/wizard/usePdfs.test.ts
  ● Console

    console.error
      Failed to load PDFs: Not Found

    [0m [90m 373 |[39m       [36mreturn[39m[33m;[39m
     [90m 374 |[39m     }
    [31m[1m>[22m[39m[90m 375 |[39m     originalError[33m.[39mcall(console[33m,[39m [33m...[39margs)[33m;[39m
     [90m     |[39m                   [31m[1m^[22m[39m
     [90m 376 |[39m   }[33m;[39m
     [90m 377 |[39m })[33m;[39m
     [90m 378 |[39m[0m

      at console.call [as error] (jest.setup.js:375:19)
      at error (src/hooks/wizard/usePdfs.ts:50:17)

    console.error
      Failed to load PDFs: Error: Network error
          at Object.<anonymous> (D:\Repositories\meepleai-monorepo\apps\web\src\__tests__\hooks\wizard\usePdfs.test.ts:135:53)
          at Promise.finally.completed (D:\Repositories\meepleai-monorepo\apps\web\node_modules\.pnpm\jest-circus@30.2.0\node_modules\jest-circus\build\jestAdapterInit.js:1557:28)
          at new Promise (<anonymous>)
          at callAsyncCircusFn (D:\Repositories\meepleai-monorepo\apps\web\node_modules\.pnpm\jest-circus@30.2.0\node_modules\jest-circus\build\jestAdapterInit.js:1497:10)
          at _callCircusTest (D:\Repositories\meepleai-monorepo\apps\web\node_modules\.pnpm\jest-circus@30.2.0\node_modules\jest-circus\build\jestAdapterInit.js:1007:40)
          at _runTest (D:\Repositories\meepleai-monorepo\apps\web\node_modules\.pnpm\jest-circus@30.2.0\node_modules\jest-circus\build\jestAdapterInit.js:947:3)
          at D:\Repositories\meepleai-monorepo\apps\web\node_modules\.pnpm\jest-circus@30.2.0\node_modules\jest-circus\build\jestAdapterInit.js:849:7
          at _runTestsForDescribeBlock (D:\Repositories\meepleai-monorepo\apps\web\node_modules\.pnpm\jest-circus@30.2.0\node_modules\jest-circus\build\jestAdapterInit.js:862:11)
          at _runTestsForDescribeBlock (D:\Repositories\meepleai-monorepo\apps\web\node_modules\.pnpm\jest-circus@30.2.0\node_modules\jest-circus\build\jestAdapterInit.js:857:11)
          at _runTestsForDescribeBlock (D:\Repositories\meepleai-monorepo\apps\web\node_modules\.pnpm\jest-circus@30.2.0\node_modules\jest-circus\build\jestAdapterInit.js:857:11)
          at run (D:\Repositories\meepleai-monorepo\apps\web\node_modules\.pnpm\jest-circus@30.2.0\node_modules\jest-circus\build\jestAdapterInit.js:761:3)
          at runAndTransformResultsToJestFormat (D:\Repositories\meepleai-monorepo\apps\web\node_modules\.pnpm\jest-circus@30.2.0\node_modules\jest-circus\build\jestAdapterInit.js:1918:21)
          at jestAdapter (D:\Repositories\meepleai-monorepo\apps\web\node_modules\.pnpm\jest-circus@30.2.0\node_modules\jest-circus\build\runner.js:101:19)
          at runTestInternal (D:\Repositories\meepleai-monorepo\apps\web\node_modules\.pnpm\jest-runner@30.2.0\node_modules\jest-runner\build\testWorker.js:275:16)
          at runTest (D:\Repositories\meepleai-monorepo\apps\web\node_modules\.pnpm\jest-runner@30.2.0\node_modules\jest-runner\build\testWorker.js:343:7)
          at Object.worker (D:\Repositories\meepleai-monorepo\apps\web\node_modules\.pnpm\jest-runner@30.2.0\node_modules\jest-runner\build\testWorker.js:497:12)

    [0m [90m 373 |[39m       [36mreturn[39m[33m;[39m
     [90m 374 |[39m     }
    [31m[1m>[22m[39m[90m 375 |[39m     originalError[33m.[39mcall(console[33m,[39m [33m...[39margs)[33m;[39m
     [90m     |[39m                   [31m[1m^[22m[39m
     [90m 376 |[39m   }[33m;[39m
     [90m 377 |[39m })[33m;[39m
     [90m 378 |[39m[0m

      at console.call [as error] (jest.setup.js:375:19)
      at error (src/hooks/wizard/usePdfs.ts:58:15)

PASS src/components/__tests__/ProcessingProgress.test.tsx
PASS src/__tests__/hooks/wizard/useGames.test.ts
  ● Console

    console.error
      Failed to load games Error: Network error
          at Object.<anonymous> (D:\Repositories\meepleai-monorepo\apps\web\src\__tests__\hooks\wizard\useGames.test.ts:77:48)
          at Promise.finally.completed (D:\Repositories\meepleai-monorepo\apps\web\node_modules\.pnpm\jest-circus@30.2.0\node_modules\jest-circus\build\jestAdapterInit.js:1557:28)
          at new Promise (<anonymous>)
          at callAsyncCircusFn (D:\Repositories\meepleai-monorepo\apps\web\node_modules\.pnpm\jest-circus@30.2.0\node_modules\jest-circus\build\jestAdapterInit.js:1497:10)
          at _callCircusTest (D:\Repositories\meepleai-monorepo\apps\web\node_modules\.pnpm\jest-circus@30.2.0\node_modules\jest-circus\build\jestAdapterInit.js:1007:40)
          at runNextTicks (node:internal/process/task_queues:65:5)
          at listOnTimeout (node:internal/timers:549:9)
          at processTimers (node:internal/timers:523:7)
          at _runTest (D:\Repositories\meepleai-monorepo\apps\web\node_modules\.pnpm\jest-circus@30.2.0\node_modules\jest-circus\build\jestAdapterInit.js:947:3)
          at D:\Repositories\meepleai-monorepo\apps\web\node_modules\.pnpm\jest-circus@30.2.0\node_modules\jest-circus\build\jestAdapterInit.js:849:7
          at _runTestsForDescribeBlock (D:\Repositories\meepleai-monorepo\apps\web\node_modules\.pnpm\jest-circus@30.2.0\node_modules\jest-circus\build\jestAdapterInit.js:862:11)
          at _runTestsForDescribeBlock (D:\Repositories\meepleai-monorepo\apps\web\node_modules\.pnpm\jest-circus@30.2.0\node_modules\jest-circus\build\jestAdapterInit.js:857:11)
          at _runTestsForDescribeBlock (D:\Repositories\meepleai-monorepo\apps\web\node_modules\.pnpm\jest-circus@30.2.0\node_modules\jest-circus\build\jestAdapterInit.js:857:11)
          at run (D:\Repositories\meepleai-monorepo\apps\web\node_modules\.pnpm\jest-circus@30.2.0\node_modules\jest-circus\build\jestAdapterInit.js:761:3)
          at runAndTransformResultsToJestFormat (D:\Repositories\meepleai-monorepo\apps\web\node_modules\.pnpm\jest-circus@30.2.0\node_modules\jest-circus\build\jestAdapterInit.js:1918:21)
          at jestAdapter (D:\Repositories\meepleai-monorepo\apps\web\node_modules\.pnpm\jest-circus@30.2.0\node_modules\jest-circus\build\runner.js:101:19)
          at runTestInternal (D:\Repositories\meepleai-monorepo\apps\web\node_modules\.pnpm\jest-runner@30.2.0\node_modules\jest-runner\build\testWorker.js:275:16)
          at runTest (D:\Repositories\meepleai-monorepo\apps\web\node_modules\.pnpm\jest-runner@30.2.0\node_modules\jest-runner\build\testWorker.js:343:7)
          at Object.worker (D:\Repositories\meepleai-monorepo\apps\web\node_modules\.pnpm\jest-runner@30.2.0\node_modules\jest-runner\build\testWorker.js:497:12)

    [0m [90m 373 |[39m       [36mreturn[39m[33m;[39m
     [90m 374 |[39m     }
    [31m[1m>[22m[39m[90m 375 |[39m     originalError[33m.[39mcall(console[33m,[39m [33m...[39margs)[33m;[39m
     [90m     |[39m                   [31m[1m^[22m[39m
     [90m 376 |[39m   }[33m;[39m
     [90m 377 |[39m })[33m;[39m
     [90m 378 |[39m[0m

      at console.call [as error] (jest.setup.js:375:19)
      at error (src/hooks/wizard/useGames.ts:55:15)

    console.error
      Failed to create game Error: Creation failed
          at Object.<anonymous> (D:\Repositories\meepleai-monorepo\apps\web\src\__tests__\hooks\wizard\useGames.test.ts:170:49)
          at Promise.finally.completed (D:\Repositories\meepleai-monorepo\apps\web\node_modules\.pnpm\jest-circus@30.2.0\node_modules\jest-circus\build\jestAdapterInit.js:1557:28)
          at new Promise (<anonymous>)
          at callAsyncCircusFn (D:\Repositories\meepleai-monorepo\apps\web\node_modules\.pnpm\jest-circus@30.2.0\node_modules\jest-circus\build\jestAdapterInit.js:1497:10)
          at _callCircusTest (D:\Repositories\meepleai-monorepo\apps\web\node_modules\.pnpm\jest-circus@30.2.0\node_modules\jest-circus\build\jestAdapterInit.js:1007:40)
          at _runTest (D:\Repositories\meepleai-monorepo\apps\web\node_modules\.pnpm\jest-circus@30.2.0\node_modules\jest-circus\build\jestAdapterInit.js:947:3)
          at D:\Repositories\meepleai-monorepo\apps\web\node_modules\.pnpm\jest-circus@30.2.0\node_modules\jest-circus\build\jestAdapterInit.js:849:7
          at _runTestsForDescribeBlock (D:\Repositories\meepleai-monorepo\apps\web\node_modules\.pnpm\jest-circus@30.2.0\node_modules\jest-circus\build\jestAdapterInit.js:862:11)
          at _runTestsForDescribeBlock (D:\Repositories\meepleai-monorepo\apps\web\node_modules\.pnpm\jest-circus@30.2.0\node_modules\jest-circus\build\jestAdapterInit.js:857:11)
          at _runTestsForDescribeBlock (D:\Repositories\meepleai-monorepo\apps\web\node_modules\.pnpm\jest-circus@30.2.0\node_modules\jest-circus\build\jestAdapterInit.js:857:11)
          at run (D:\Repositories\meepleai-monorepo\apps\web\node_modules\.pnpm\jest-circus@30.2.0\node_modules\jest-circus\build\jestAdapterInit.js:761:3)
          at runAndTransformResultsToJestFormat (D:\Repositories\meepleai-monorepo\apps\web\node_modules\.pnpm\jest-circus@30.2.0\node_modules\jest-circus\build\jestAdapterInit.js:1918:21)
          at jestAdapter (D:\Repositories\meepleai-monorepo\apps\web\node_modules\.pnpm\jest-circus@30.2.0\node_modules\jest-circus\build\runner.js:101:19)
          at runTestInternal (D:\Repositories\meepleai-monorepo\apps\web\node_modules\.pnpm\jest-runner@30.2.0\node_modules\jest-runner\build\testWorker.js:275:16)
          at runTest (D:\Repositories\meepleai-monorepo\apps\web\node_modules\.pnpm\jest-runner@30.2.0\node_modules\jest-runner\build\testWorker.js:343:7)
          at Object.worker (D:\Repositories\meepleai-monorepo\apps\web\node_modules\.pnpm\jest-runner@30.2.0\node_modules\jest-runner\build\testWorker.js:497:12)

    [0m [90m 373 |[39m       [36mreturn[39m[33m;[39m
     [90m 374 |[39m     }
    [31m[1m>[22m[39m[90m 375 |[39m     originalError[33m.[39mcall(console[33m,[39m [33m...[39margs)[33m;[39m
     [90m     |[39m                   [31m[1m^[22m[39m
     [90m 376 |[39m   }[33m;[39m
     [90m 377 |[39m })[33m;[39m
     [90m 378 |[39m[0m

      at console.call [as error] (jest.setup.js:375:19)
      at Object.error [as createGame] (src/hooks/wizard/useGames.ts:74:17)
      at src/__tests__/hooks/wizard/useGames.test.ts:182:11

PASS src/__tests__/pages/upload.edge-cases.test.tsx
PASS src/__tests__/pages/n8n.test.tsx
PASS src/__tests__/pages/chess.accessibility.test.tsx
  ● Console

    console.error
      Error: Not implemented: HTMLCanvasElement.prototype.getContext (without installing the canvas npm package)
          at new Promise (<anonymous>)
          at Object.<anonymous> (D:\Repositories\meepleai-monorepo\apps\web\src\__tests__\pages\chess.accessibility.test.tsx:69:32)
          at new Promise (<anonymous>) {
        type: 'not implemented'
      }

    [0m [90m 373 |[39m       [36mreturn[39m[33m;[39m
     [90m 374 |[39m     }
    [31m[1m>[22m[39m[90m 375 |[39m     originalError[33m.[39mcall(console[33m,[39m [33m...[39margs)[33m;[39m
     [90m     |[39m                   [31m[1m^[22m[39m
     [90m 376 |[39m   }[33m;[39m
     [90m 377 |[39m })[33m;[39m
     [90m 378 |[39m[0m

      at console.call [as error] (jest.setup.js:375:19)
      at VirtualConsole.<anonymous> (node_modules/.pnpm/@jest+environment-jsdom-abstract@30.2.0_jsdom@26.1.0/node_modules/@jest/environment-jsdom-abstract/build/index.js:87:23)
      at module.exports (node_modules/.pnpm/jsdom@26.1.0/node_modules/jsdom/lib/jsdom/browser/not-implemented.js:12:26)
      at HTMLCanvasElementImpl.getContext (node_modules/.pnpm/jsdom@26.1.0/node_modules/jsdom/lib/jsdom/living/nodes/HTMLCanvasElement-impl.js:42:5)
      at HTMLCanvasElement.getContext (node_modules/.pnpm/jsdom@26.1.0/node_modules/jsdom/lib/jsdom/living/generated/HTMLCanvasElement.js:131:58)
      at node_modules/.pnpm/axe-core@4.10.2/node_modules/axe-core/axe.js:13407:49
      at Object.get (node_modules/.pnpm/axe-core@4.10.2/node_modules/axe-core/axe.js:7719:23)
      at _isIconLigature (node_modules/.pnpm/axe-core@4.10.2/node_modules/axe-core/axe.js:13406:41)
      at node_modules/.pnpm/axe-core@4.10.2/node_modules/axe-core/axe.js:27313:54
          at Array.some (<anonymous>)
      at hasRealTextChildren (node_modules/.pnpm/axe-core@4.10.2/node_modules/axe-core/axe.js:27312:35)
      at Rule.colorContrastMatches [as matches] (node_modules/.pnpm/axe-core@4.10.2/node_modules/axe-core/axe.js:27277:12)
      at node_modules/.pnpm/axe-core@4.10.2/node_modules/axe-core/axe.js:27944:24
          at Array.filter (<anonymous>)
      at Rule.gatherAndMatchNodes (node_modules/.pnpm/axe-core@4.10.2/node_modules/axe-core/axe.js:27943:21)
      at Rule.run2 [as run] (node_modules/.pnpm/axe-core@4.10.2/node_modules/axe-core/axe.js:27794:22)
      at node_modules/.pnpm/axe-core@4.10.2/node_modules/axe-core/axe.js:28570:14
      at pop (node_modules/.pnpm/axe-core@4.10.2/node_modules/axe-core/axe.js:8169:18)
      at Object.defer (node_modules/.pnpm/axe-core@4.10.2/node_modules/axe-core/axe.js:8191:11)
      at node_modules/.pnpm/axe-core@4.10.2/node_modules/axe-core/axe.js:28284:27
          at Array.forEach (<anonymous>)
      at Audit.run (node_modules/.pnpm/axe-core@4.10.2/node_modules/axe-core/axe.js:28283:23)
      at node_modules/.pnpm/axe-core@4.10.2/node_modules/axe-core/axe.js:28652:15
      at pop (node_modules/.pnpm/axe-core@4.10.2/node_modules/axe-core/axe.js:8169:18)
      at Object.defer (node_modules/.pnpm/axe-core@4.10.2/node_modules/axe-core/axe.js:8191:11)
      at Object.runRules [as _runRules] (node_modules/.pnpm/axe-core@4.10.2/node_modules/axe-core/axe.js:28651:9)
      at Object.run4 [as run] (node_modules/.pnpm/axe-core@4.10.2/node_modules/axe-core/axe.js:28902:11)
      at Object.<anonymous> (src/__tests__/pages/chess.accessibility.test.tsx:69:32)

    console.error
      Error: Not implemented: HTMLCanvasElement.prototype.getContext (without installing the canvas npm package)
          at new Promise (<anonymous>)
          at Object.<anonymous> (D:\Repositories\meepleai-monorepo\apps\web\src\__tests__\pages\chess.accessibility.test.tsx:84:32)
          at new Promise (<anonymous>) {
        type: 'not implemented'
      }

    [0m [90m 373 |[39m       [36mreturn[39m[33m;[39m
     [90m 374 |[39m     }
    [31m[1m>[22m[39m[90m 375 |[39m     originalError[33m.[39mcall(console[33m,[39m [33m...[39margs)[33m;[39m
     [90m     |[39m                   [31m[1m^[22m[39m
     [90m 376 |[39m   }[33m;[39m
     [90m 377 |[39m })[33m;[39m
     [90m 378 |[39m[0m

      at console.call [as error] (jest.setup.js:375:19)
      at VirtualConsole.<anonymous> (node_modules/.pnpm/@jest+environment-jsdom-abstract@30.2.0_jsdom@26.1.0/node_modules/@jest/environment-jsdom-abstract/build/index.js:87:23)
      at module.exports (node_modules/.pnpm/jsdom@26.1.0/node_modules/jsdom/lib/jsdom/browser/not-implemented.js:12:26)
      at HTMLCanvasElementImpl.getContext (node_modules/.pnpm/jsdom@26.1.0/node_modules/jsdom/lib/jsdom/living/nodes/HTMLCanvasElement-impl.js:42:5)
      at HTMLCanvasElement.getContext (node_modules/.pnpm/jsdom@26.1.0/node_modules/jsdom/lib/jsdom/living/generated/HTMLCanvasElement.js:131:58)
      at node_modules/.pnpm/axe-core@4.10.2/node_modules/axe-core/axe.js:13407:49
      at Object.get (node_modules/.pnpm/axe-core@4.10.2/node_modules/axe-core/axe.js:7719:23)
      at _isIconLigature (node_modules/.pnpm/axe-core@4.10.2/node_modules/axe-core/axe.js:13406:41)
      at node_modules/.pnpm/axe-core@4.10.2/node_modules/axe-core/axe.js:27313:54
          at Array.some (<anonymous>)
      at hasRealTextChildren (node_modules/.pnpm/axe-core@4.10.2/node_modules/axe-core/axe.js:27312:35)
      at Rule.colorContrastMatches [as matches] (node_modules/.pnpm/axe-core@4.10.2/node_modules/axe-core/axe.js:27277:12)
      at node_modules/.pnpm/axe-core@4.10.2/node_modules/axe-core/axe.js:27944:24
          at Array.filter (<anonymous>)
      at Rule.gatherAndMatchNodes (node_modules/.pnpm/axe-core@4.10.2/node_modules/axe-core/axe.js:27943:21)
      at Rule.run2 [as run] (node_modules/.pnpm/axe-core@4.10.2/node_modules/axe-core/axe.js:27794:22)
      at node_modules/.pnpm/axe-core@4.10.2/node_modules/axe-core/axe.js:28570:14
      at pop (node_modules/.pnpm/axe-core@4.10.2/node_modules/axe-core/axe.js:8169:18)
      at Object.defer (node_modules/.pnpm/axe-core@4.10.2/node_modules/axe-core/axe.js:8191:11)
      at node_modules/.pnpm/axe-core@4.10.2/node_modules/axe-core/axe.js:28284:27
          at Array.forEach (<anonymous>)
      at Audit.run (node_modules/.pnpm/axe-core@4.10.2/node_modules/axe-core/axe.js:28283:23)
      at node_modules/.pnpm/axe-core@4.10.2/node_modules/axe-core/axe.js:28652:15
      at pop (node_modules/.pnpm/axe-core@4.10.2/node_modules/axe-core/axe.js:8169:18)
      at Object.defer (node_modules/.pnpm/axe-core@4.10.2/node_modules/axe-core/axe.js:8191:11)
      at Object.runRules [as _runRules] (node_modules/.pnpm/axe-core@4.10.2/node_modules/axe-core/axe.js:28651:9)
      at Object.run4 [as run] (node_modules/.pnpm/axe-core@4.10.2/node_modules/axe-core/axe.js:28902:11)
      at Object.<anonymous> (src/__tests__/pages/chess.accessibility.test.tsx:84:32)

    console.error
      Error: Not implemented: HTMLCanvasElement.prototype.getContext (without installing the canvas npm package)
          at new Promise (<anonymous>)
          at Object.<anonymous> (D:\Repositories\meepleai-monorepo\apps\web\src\__tests__\pages\chess.accessibility.test.tsx:95:32)
          at new Promise (<anonymous>) {
        type: 'not implemented'
      }

    [0m [90m 373 |[39m       [36mreturn[39m[33m;[39m
     [90m 374 |[39m     }
    [31m[1m>[22m[39m[90m 375 |[39m     originalError[33m.[39mcall(console[33m,[39m [33m...[39margs)[33m;[39m
     [90m     |[39m                   [31m[1m^[22m[39m
     [90m 376 |[39m   }[33m;[39m
     [90m 377 |[39m })[33m;[39m
     [90m 378 |[39m[0m

      at console.call [as error] (jest.setup.js:375:19)
      at VirtualConsole.<anonymous> (node_modules/.pnpm/@jest+environment-jsdom-abstract@30.2.0_jsdom@26.1.0/node_modules/@jest/environment-jsdom-abstract/build/index.js:87:23)
      at module.exports (node_modules/.pnpm/jsdom@26.1.0/node_modules/jsdom/lib/jsdom/browser/not-implemented.js:12:26)
      at HTMLCanvasElementImpl.getContext (node_modules/.pnpm/jsdom@26.1.0/node_modules/jsdom/lib/jsdom/living/nodes/HTMLCanvasElement-impl.js:42:5)
      at HTMLCanvasElement.getContext (node_modules/.pnpm/jsdom@26.1.0/node_modules/jsdom/lib/jsdom/living/generated/HTMLCanvasElement.js:131:58)
      at node_modules/.pnpm/axe-core@4.10.2/node_modules/axe-core/axe.js:13407:49
      at Object.get (node_modules/.pnpm/axe-core@4.10.2/node_modules/axe-core/axe.js:7719:23)
      at _isIconLigature (node_modules/.pnpm/axe-core@4.10.2/node_modules/axe-core/axe.js:13406:41)
      at node_modules/.pnpm/axe-core@4.10.2/node_modules/axe-core/axe.js:27313:54
          at Array.some (<anonymous>)
      at hasRealTextChildren (node_modules/.pnpm/axe-core@4.10.2/node_modules/axe-core/axe.js:27312:35)
      at Rule.colorContrastMatches [as matches] (node_modules/.pnpm/axe-core@4.10.2/node_modules/axe-core/axe.js:27277:12)
      at node_modules/.pnpm/axe-core@4.10.2/node_modules/axe-core/axe.js:27944:24
          at Array.filter (<anonymous>)
      at Rule.gatherAndMatchNodes (node_modules/.pnpm/axe-core@4.10.2/node_modules/axe-core/axe.js:27943:21)
      at Rule.run2 [as run] (node_modules/.pnpm/axe-core@4.10.2/node_modules/axe-core/axe.js:27794:22)
      at node_modules/.pnpm/axe-core@4.10.2/node_modules/axe-core/axe.js:28570:14
      at pop (node_modules/.pnpm/axe-core@4.10.2/node_modules/axe-core/axe.js:8169:18)
      at Object.defer (node_modules/.pnpm/axe-core@4.10.2/node_modules/axe-core/axe.js:8191:11)
      at node_modules/.pnpm/axe-core@4.10.2/node_modules/axe-core/axe.js:28284:27
          at Array.forEach (<anonymous>)
      at Audit.run (node_modules/.pnpm/axe-core@4.10.2/node_modules/axe-core/axe.js:28283:23)
      at node_modules/.pnpm/axe-core@4.10.2/node_modules/axe-core/axe.js:28652:15
      at pop (node_modules/.pnpm/axe-core@4.10.2/node_modules/axe-core/axe.js:8169:18)
      at Object.defer (node_modules/.pnpm/axe-core@4.10.2/node_modules/axe-core/axe.js:8191:11)
      at Object.runRules [as _runRules] (node_modules/.pnpm/axe-core@4.10.2/node_modules/axe-core/axe.js:28651:9)
      at Object.run4 [as run] (node_modules/.pnpm/axe-core@4.10.2/node_modules/axe-core/axe.js:28902:11)
      at Object.<anonymous> (src/__tests__/pages/chess.accessibility.test.tsx:95:32)

    console.error
      Error: Not implemented: HTMLCanvasElement.prototype.getContext (without installing the canvas npm package)
          at new Promise (<anonymous>)
          at Object.<anonymous> (D:\Repositories\meepleai-monorepo\apps\web\src\__tests__\pages\chess.accessibility.test.tsx:107:32)
          at new Promise (<anonymous>) {
        type: 'not implemented'
      }

    [0m [90m 373 |[39m       [36mreturn[39m[33m;[39m
     [90m 374 |[39m     }
    [31m[1m>[22m[39m[90m 375 |[39m     originalError[33m.[39mcall(console[33m,[39m [33m...[39margs)[33m;[39m
     [90m     |[39m                   [31m[1m^[22m[39m
     [90m 376 |[39m   }[33m;[39m
     [90m 377 |[39m })[33m;[39m
     [90m 378 |[39m[0m

      at console.call [as error] (jest.setup.js:375:19)
      at VirtualConsole.<anonymous> (node_modules/.pnpm/@jest+environment-jsdom-abstract@30.2.0_jsdom@26.1.0/node_modules/@jest/environment-jsdom-abstract/build/index.js:87:23)
      at module.exports (node_modules/.pnpm/jsdom@26.1.0/node_modules/jsdom/lib/jsdom/browser/not-implemented.js:12:26)
      at HTMLCanvasElementImpl.getContext (node_modules/.pnpm/jsdom@26.1.0/node_modules/jsdom/lib/jsdom/living/nodes/HTMLCanvasElement-impl.js:42:5)
      at HTMLCanvasElement.getContext (node_modules/.pnpm/jsdom@26.1.0/node_modules/jsdom/lib/jsdom/living/generated/HTMLCanvasElement.js:131:58)
      at node_modules/.pnpm/axe-core@4.10.2/node_modules/axe-core/axe.js:13407:49
      at Object.get (node_modules/.pnpm/axe-core@4.10.2/node_modules/axe-core/axe.js:7719:23)
      at _isIconLigature (node_modules/.pnpm/axe-core@4.10.2/node_modules/axe-core/axe.js:13406:41)
      at node_modules/.pnpm/axe-core@4.10.2/node_modules/axe-core/axe.js:27313:54
          at Array.some (<anonymous>)
      at hasRealTextChildren (node_modules/.pnpm/axe-core@4.10.2/node_modules/axe-core/axe.js:27312:35)
      at Rule.colorContrastMatches [as matches] (node_modules/.pnpm/axe-core@4.10.2/node_modules/axe-core/axe.js:27277:12)
      at node_modules/.pnpm/axe-core@4.10.2/node_modules/axe-core/axe.js:27944:24
          at Array.filter (<anonymous>)
      at Rule.gatherAndMatchNodes (node_modules/.pnpm/axe-core@4.10.2/node_modules/axe-core/axe.js:27943:21)
      at Rule.run2 [as run] (node_modules/.pnpm/axe-core@4.10.2/node_modules/axe-core/axe.js:27794:22)
      at node_modules/.pnpm/axe-core@4.10.2/node_modules/axe-core/axe.js:28570:14
      at pop (node_modules/.pnpm/axe-core@4.10.2/node_modules/axe-core/axe.js:8169:18)
      at Object.defer (node_modules/.pnpm/axe-core@4.10.2/node_modules/axe-core/axe.js:8191:11)
      at node_modules/.pnpm/axe-core@4.10.2/node_modules/axe-core/axe.js:28284:27
          at Array.forEach (<anonymous>)
      at Audit.run (node_modules/.pnpm/axe-core@4.10.2/node_modules/axe-core/axe.js:28283:23)
      at node_modules/.pnpm/axe-core@4.10.2/node_modules/axe-core/axe.js:28652:15
      at pop (node_modules/.pnpm/axe-core@4.10.2/node_modules/axe-core/axe.js:8169:18)
      at Object.defer (node_modules/.pnpm/axe-core@4.10.2/node_modules/axe-core/axe.js:8191:11)
      at Object.runRules [as _runRules] (node_modules/.pnpm/axe-core@4.10.2/node_modules/axe-core/axe.js:28651:9)
      at Object.run4 [as run] (node_modules/.pnpm/axe-core@4.10.2/node_modules/axe-core/axe.js:28902:11)
      at Object.<anonymous> (src/__tests__/pages/chess.accessibility.test.tsx:107:32)

    console.error
      An update to ChessPage inside a test was not wrapped in act(...).
      
      When testing, code that causes React state updates should be wrapped into act(...):
      
      act(() => {
        /* fire events that update state */
      });
      /* assert on the output */
      
      This ensures that you're testing the behavior the user would see in the browser. Learn more at https://react.dev/link/wrap-tests-with-act

    [0m [90m 373 |[39m       [36mreturn[39m[33m;[39m
     [90m 374 |[39m     }
    [31m[1m>[22m[39m[90m 375 |[39m     originalError[33m.[39mcall(console[33m,[39m [33m...[39margs)[33m;[39m
     [90m     |[39m                   [31m[1m^[22m[39m
     [90m 376 |[39m   }[33m;[39m
     [90m 377 |[39m })[33m;[39m
     [90m 378 |[39m[0m

      at console.call [as error] (jest.setup.js:375:19)
      at node_modules/.pnpm/react-dom@19.2.0_react@19.2.0/node_modules/react-dom/cjs/react-dom-client.development.js:18758:19
      at runWithFiberInDEV (node_modules/.pnpm/react-dom@19.2.0_react@19.2.0/node_modules/react-dom/cjs/react-dom-client.development.js:874:13)
      at warnIfUpdatesNotWrappedWithActDEV (node_modules/.pnpm/react-dom@19.2.0_react@19.2.0/node_modules/react-dom/cjs/react-dom-client.development.js:18757:9)
      at scheduleUpdateOnFiber (node_modules/.pnpm/react-dom@19.2.0_react@19.2.0/node_modules/react-dom/cjs/react-dom-client.development.js:16409:11)
      at dispatchSetStateInternal (node_modules/.pnpm/react-dom@19.2.0_react@19.2.0/node_modules/react-dom/cjs/react-dom-client.development.js:9170:13)
      at dispatchSetState (node_modules/.pnpm/react-dom@19.2.0_react@19.2.0/node_modules/react-dom/cjs/react-dom-client.development.js:9127:7)
      at setAuthUser (src/pages/chess.tsx:63:9)

    console.error
      Error: Not implemented: HTMLCanvasElement.prototype.getContext (without installing the canvas npm package)
          at new Promise (<anonymous>)
          at Object.<anonymous> (D:\Repositories\meepleai-monorepo\apps\web\src\__tests__\pages\chess.accessibility.test.tsx:139:32) {
        type: 'not implemented'
      }

    [0m [90m 373 |[39m       [36mreturn[39m[33m;[39m
     [90m 374 |[39m     }
    [31m[1m>[22m[39m[90m 375 |[39m     originalError[33m.[39mcall(console[33m,[39m [33m...[39margs)[33m;[39m
     [90m     |[39m                   [31m[1m^[22m[39m
     [90m 376 |[39m   }[33m;[39m
     [90m 377 |[39m })[33m;[39m
     [90m 378 |[39m[0m

      at console.call [as error] (jest.setup.js:375:19)
      at VirtualConsole.<anonymous> (node_modules/.pnpm/@jest+environment-jsdom-abstract@30.2.0_jsdom@26.1.0/node_modules/@jest/environment-jsdom-abstract/build/index.js:87:23)
      at module.exports (node_modules/.pnpm/jsdom@26.1.0/node_modules/jsdom/lib/jsdom/browser/not-implemented.js:12:26)
      at HTMLCanvasElementImpl.getContext (node_modules/.pnpm/jsdom@26.1.0/node_modules/jsdom/lib/jsdom/living/nodes/HTMLCanvasElement-impl.js:42:5)
      at HTMLCanvasElement.getContext (node_modules/.pnpm/jsdom@26.1.0/node_modules/jsdom/lib/jsdom/living/generated/HTMLCanvasElement.js:131:58)
      at node_modules/.pnpm/axe-core@4.10.2/node_modules/axe-core/axe.js:13407:49
      at Object.get (node_modules/.pnpm/axe-core@4.10.2/node_modules/axe-core/axe.js:7719:23)
      at _isIconLigature (node_modules/.pnpm/axe-core@4.10.2/node_modules/axe-core/axe.js:13406:41)
      at node_modules/.pnpm/axe-core@4.10.2/node_modules/axe-core/axe.js:27313:54
          at Array.some (<anonymous>)
      at hasRealTextChildren (node_modules/.pnpm/axe-core@4.10.2/node_modules/axe-core/axe.js:27312:35)
      at Rule.colorContrastMatches [as matches] (node_modules/.pnpm/axe-core@4.10.2/node_modules/axe-core/axe.js:27277:12)
      at node_modules/.pnpm/axe-core@4.10.2/node_modules/axe-core/axe.js:27944:24
          at Array.filter (<anonymous>)
      at Rule.gatherAndMatchNodes (node_modules/.pnpm/axe-core@4.10.2/node_modules/axe-core/axe.js:27943:21)
      at Rule.run2 [as run] (node_modules/.pnpm/axe-core@4.10.2/node_modules/axe-core/axe.js:27794:22)
      at node_modules/.pnpm/axe-core@4.10.2/node_modules/axe-core/axe.js:28570:14
      at pop (node_modules/.pnpm/axe-core@4.10.2/node_modules/axe-core/axe.js:8169:18)
      at Object.defer (node_modules/.pnpm/axe-core@4.10.2/node_modules/axe-core/axe.js:8191:11)
      at node_modules/.pnpm/axe-core@4.10.2/node_modules/axe-core/axe.js:28284:27
          at Array.forEach (<anonymous>)
      at Audit.run (node_modules/.pnpm/axe-core@4.10.2/node_modules/axe-core/axe.js:28283:23)
      at node_modules/.pnpm/axe-core@4.10.2/node_modules/axe-core/axe.js:28652:15
      at pop (node_modules/.pnpm/axe-core@4.10.2/node_modules/axe-core/axe.js:8169:18)
      at Object.defer (node_modules/.pnpm/axe-core@4.10.2/node_modules/axe-core/axe.js:8191:11)
      at Object.runRules [as _runRules] (node_modules/.pnpm/axe-core@4.10.2/node_modules/axe-core/axe.js:28651:9)
      at Object.run4 [as run] (node_modules/.pnpm/axe-core@4.10.2/node_modules/axe-core/axe.js:28902:11)
      at Object.<anonymous> (src/__tests__/pages/chess.accessibility.test.tsx:139:32)

    console.error
      An update to ChessPage inside a test was not wrapped in act(...).
      
      When testing, code that causes React state updates should be wrapped into act(...):
      
      act(() => {
        /* fire events that update state */
      });
      /* assert on the output */
      
      This ensures that you're testing the behavior the user would see in the browser. Learn more at https://react.dev/link/wrap-tests-with-act

    [0m [90m 373 |[39m       [36mreturn[39m[33m;[39m
     [90m 374 |[39m     }
    [31m[1m>[22m[39m[90m 375 |[39m     originalError[33m.[39mcall(console[33m,[39m [33m...[39margs)[33m;[39m
     [90m     |[39m                   [31m[1m^[22m[39m
     [90m 376 |[39m   }[33m;[39m
     [90m 377 |[39m })[33m;[39m
     [90m 378 |[39m[0m

      at console.call [as error] (jest.setup.js:375:19)
      at node_modules/.pnpm/react-dom@19.2.0_react@19.2.0/node_modules/react-dom/cjs/react-dom-client.development.js:18758:19
      at runWithFiberInDEV (node_modules/.pnpm/react-dom@19.2.0_react@19.2.0/node_modules/react-dom/cjs/react-dom-client.development.js:874:13)
      at warnIfUpdatesNotWrappedWithActDEV (node_modules/.pnpm/react-dom@19.2.0_react@19.2.0/node_modules/react-dom/cjs/react-dom-client.development.js:18757:9)
      at scheduleUpdateOnFiber (node_modules/.pnpm/react-dom@19.2.0_react@19.2.0/node_modules/react-dom/cjs/react-dom-client.development.js:16409:11)
      at dispatchSetStateInternal (node_modules/.pnpm/react-dom@19.2.0_react@19.2.0/node_modules/react-dom/cjs/react-dom-client.development.js:9170:13)
      at dispatchSetState (node_modules/.pnpm/react-dom@19.2.0_react@19.2.0/node_modules/react-dom/cjs/react-dom-client.development.js:9127:7)
      at setAuthUser (src/pages/chess.tsx:63:9)

    console.error
      An update to ChessPage inside a test was not wrapped in act(...).
      
      When testing, code that causes React state updates should be wrapped into act(...):
      
      act(() => {
        /* fire events that update state */
      });
      /* assert on the output */
      
      This ensures that you're testing the behavior the user would see in the browser. Learn more at https://react.dev/link/wrap-tests-with-act

    [0m [90m 373 |[39m       [36mreturn[39m[33m;[39m
     [90m 374 |[39m     }
    [31m[1m>[22m[39m[90m 375 |[39m     originalError[33m.[39mcall(console[33m,[39m [33m...[39margs)[33m;[39m
     [90m     |[39m                   [31m[1m^[22m[39m
     [90m 376 |[39m   }[33m;[39m
     [90m 377 |[39m })[33m;[39m
     [90m 378 |[39m[0m

      at console.call [as error] (jest.setup.js:375:19)
      at node_modules/.pnpm/react-dom@19.2.0_react@19.2.0/node_modules/react-dom/cjs/react-dom-client.development.js:18758:19
      at runWithFiberInDEV (node_modules/.pnpm/react-dom@19.2.0_react@19.2.0/node_modules/react-dom/cjs/react-dom-client.development.js:874:13)
      at warnIfUpdatesNotWrappedWithActDEV (node_modules/.pnpm/react-dom@19.2.0_react@19.2.0/node_modules/react-dom/cjs/react-dom-client.development.js:18757:9)
      at scheduleUpdateOnFiber (node_modules/.pnpm/react-dom@19.2.0_react@19.2.0/node_modules/react-dom/cjs/react-dom-client.development.js:16409:11)
      at dispatchSetStateInternal (node_modules/.pnpm/react-dom@19.2.0_react@19.2.0/node_modules/react-dom/cjs/react-dom-client.development.js:9170:13)
      at dispatchSetState (node_modules/.pnpm/react-dom@19.2.0_react@19.2.0/node_modules/react-dom/cjs/react-dom-client.development.js:9127:7)
      at setAuthUser (src/pages/chess.tsx:63:9)

    console.error
      An update to ChessPage inside a test was not wrapped in act(...).
      
      When testing, code that causes React state updates should be wrapped into act(...):
      
      act(() => {
        /* fire events that update state */
      });
      /* assert on the output */
      
      This ensures that you're testing the behavior the user would see in the browser. Learn more at https://react.dev/link/wrap-tests-with-act

    [0m [90m 373 |[39m       [36mreturn[39m[33m;[39m
     [90m 374 |[39m     }
    [31m[1m>[22m[39m[90m 375 |[39m     originalError[33m.[39mcall(console[33m,[39m [33m...[39margs)[33m;[39m
     [90m     |[39m                   [31m[1m^[22m[39m
     [90m 376 |[39m   }[33m;[39m
     [90m 377 |[39m })[33m;[39m
     [90m 378 |[39m[0m

      at console.call [as error] (jest.setup.js:375:19)
      at node_modules/.pnpm/react-dom@19.2.0_react@19.2.0/node_modules/react-dom/cjs/react-dom-client.development.js:18758:19
      at runWithFiberInDEV (node_modules/.pnpm/react-dom@19.2.0_react@19.2.0/node_modules/react-dom/cjs/react-dom-client.development.js:874:13)
      at warnIfUpdatesNotWrappedWithActDEV (node_modules/.pnpm/react-dom@19.2.0_react@19.2.0/node_modules/react-dom/cjs/react-dom-client.development.js:18757:9)
      at scheduleUpdateOnFiber (node_modules/.pnpm/react-dom@19.2.0_react@19.2.0/node_modules/react-dom/cjs/react-dom-client.development.js:16409:11)
      at dispatchSetStateInternal (node_modules/.pnpm/react-dom@19.2.0_react@19.2.0/node_modules/react-dom/cjs/react-dom-client.development.js:9170:13)
      at dispatchSetState (node_modules/.pnpm/react-dom@19.2.0_react@19.2.0/node_modules/react-dom/cjs/react-dom-client.development.js:9127:7)
      at setAuthUser (src/pages/chess.tsx:63:9)

    console.error
      An update to ChessPage inside a test was not wrapped in act(...).
      
      When testing, code that causes React state updates should be wrapped into act(...):
      
      act(() => {
        /* fire events that update state */
      });
      /* assert on the output */
      
      This ensures that you're testing the behavior the user would see in the browser. Learn more at https://react.dev/link/wrap-tests-with-act

    [0m [90m 373 |[39m       [36mreturn[39m[33m;[39m
     [90m 374 |[39m     }
    [31m[1m>[22m[39m[90m 375 |[39m     originalError[33m.[39mcall(console[33m,[39m [33m...[39margs)[33m;[39m
     [90m     |[39m                   [31m[1m^[22m[39m
     [90m 376 |[39m   }[33m;[39m
     [90m 377 |[39m })[33m;[39m
     [90m 378 |[39m[0m

      at console.call [as error] (jest.setup.js:375:19)
      at node_modules/.pnpm/react-dom@19.2.0_react@19.2.0/node_modules/react-dom/cjs/react-dom-client.development.js:18758:19
      at runWithFiberInDEV (node_modules/.pnpm/react-dom@19.2.0_react@19.2.0/node_modules/react-dom/cjs/react-dom-client.development.js:874:13)
      at warnIfUpdatesNotWrappedWithActDEV (node_modules/.pnpm/react-dom@19.2.0_react@19.2.0/node_modules/react-dom/cjs/react-dom-client.development.js:18757:9)
      at scheduleUpdateOnFiber (node_modules/.pnpm/react-dom@19.2.0_react@19.2.0/node_modules/react-dom/cjs/react-dom-client.development.js:16409:11)
      at dispatchSetStateInternal (node_modules/.pnpm/react-dom@19.2.0_react@19.2.0/node_modules/react-dom/cjs/react-dom-client.development.js:9170:13)
      at dispatchSetState (node_modules/.pnpm/react-dom@19.2.0_react@19.2.0/node_modules/react-dom/cjs/react-dom-client.development.js:9127:7)
      at setAuthUser (src/pages/chess.tsx:63:9)

    console.error
      An update to ChessPage inside a test was not wrapped in act(...).
      
      When testing, code that causes React state updates should be wrapped into act(...):
      
      act(() => {
        /* fire events that update state */
      });
      /* assert on the output */
      
      This ensures that you're testing the behavior the user would see in the browser. Learn more at https://react.dev/link/wrap-tests-with-act

    [0m [90m 373 |[39m       [36mreturn[39m[33m;[39m
     [90m 374 |[39m     }
    [31m[1m>[22m[39m[90m 375 |[39m     originalError[33m.[39mcall(console[33m,[39m [33m...[39margs)[33m;[39m
     [90m     |[39m                   [31m[1m^[22m[39m
     [90m 376 |[39m   }[33m;[39m
     [90m 377 |[39m })[33m;[39m
     [90m 378 |[39m[0m

      at console.call [as error] (jest.setup.js:375:19)
      at node_modules/.pnpm/react-dom@19.2.0_react@19.2.0/node_modules/react-dom/cjs/react-dom-client.development.js:18758:19
      at runWithFiberInDEV (node_modules/.pnpm/react-dom@19.2.0_react@19.2.0/node_modules/react-dom/cjs/react-dom-client.development.js:874:13)
      at warnIfUpdatesNotWrappedWithActDEV (node_modules/.pnpm/react-dom@19.2.0_react@19.2.0/node_modules/react-dom/cjs/react-dom-client.development.js:18757:9)
      at scheduleUpdateOnFiber (node_modules/.pnpm/react-dom@19.2.0_react@19.2.0/node_modules/react-dom/cjs/react-dom-client.development.js:16409:11)
      at dispatchSetStateInternal (node_modules/.pnpm/react-dom@19.2.0_react@19.2.0/node_modules/react-dom/cjs/react-dom-client.development.js:9170:13)
      at dispatchSetState (node_modules/.pnpm/react-dom@19.2.0_react@19.2.0/node_modules/react-dom/cjs/react-dom-client.development.js:9127:7)
      at setAuthUser (src/pages/chess.tsx:63:9)

    console.error
      Error: Not implemented: HTMLCanvasElement.prototype.getContext (without installing the canvas npm package)
          at new Promise (<anonymous>)
          at Object.<anonymous> (D:\Repositories\meepleai-monorepo\apps\web\src\__tests__\pages\chess.accessibility.test.tsx:224:32)
          at new Promise (<anonymous>) {
        type: 'not implemented'
      }

    [0m [90m 373 |[39m       [36mreturn[39m[33m;[39m
     [90m 374 |[39m     }
    [31m[1m>[22m[39m[90m 375 |[39m     originalError[33m.[39mcall(console[33m,[39m [33m...[39margs)[33m;[39m
     [90m     |[39m                   [31m[1m^[22m[39m
     [90m 376 |[39m   }[33m;[39m
     [90m 377 |[39m })[33m;[39m
     [90m 378 |[39m[0m

      at console.call [as error] (jest.setup.js:375:19)
      at VirtualConsole.<anonymous> (node_modules/.pnpm/@jest+environment-jsdom-abstract@30.2.0_jsdom@26.1.0/node_modules/@jest/environment-jsdom-abstract/build/index.js:87:23)
      at module.exports (node_modules/.pnpm/jsdom@26.1.0/node_modules/jsdom/lib/jsdom/browser/not-implemented.js:12:26)
      at HTMLCanvasElementImpl.getContext (node_modules/.pnpm/jsdom@26.1.0/node_modules/jsdom/lib/jsdom/living/nodes/HTMLCanvasElement-impl.js:42:5)
      at HTMLCanvasElement.getContext (node_modules/.pnpm/jsdom@26.1.0/node_modules/jsdom/lib/jsdom/living/generated/HTMLCanvasElement.js:131:58)
      at node_modules/.pnpm/axe-core@4.10.2/node_modules/axe-core/axe.js:13407:49
      at Object.get (node_modules/.pnpm/axe-core@4.10.2/node_modules/axe-core/axe.js:7719:23)
      at _isIconLigature (node_modules/.pnpm/axe-core@4.10.2/node_modules/axe-core/axe.js:13406:41)
      at node_modules/.pnpm/axe-core@4.10.2/node_modules/axe-core/axe.js:27313:54
          at Array.some (<anonymous>)
      at hasRealTextChildren (node_modules/.pnpm/axe-core@4.10.2/node_modules/axe-core/axe.js:27312:35)
      at Rule.colorContrastMatches [as matches] (node_modules/.pnpm/axe-core@4.10.2/node_modules/axe-core/axe.js:27277:12)
      at node_modules/.pnpm/axe-core@4.10.2/node_modules/axe-core/axe.js:27944:24
          at Array.filter (<anonymous>)
      at Rule.gatherAndMatchNodes (node_modules/.pnpm/axe-core@4.10.2/node_modules/axe-core/axe.js:27943:21)
      at Rule.run2 [as run] (node_modules/.pnpm/axe-core@4.10.2/node_modules/axe-core/axe.js:27794:22)
      at node_modules/.pnpm/axe-core@4.10.2/node_modules/axe-core/axe.js:28570:14
      at pop (node_modules/.pnpm/axe-core@4.10.2/node_modules/axe-core/axe.js:8169:18)
      at Object.defer (node_modules/.pnpm/axe-core@4.10.2/node_modules/axe-core/axe.js:8191:11)
      at node_modules/.pnpm/axe-core@4.10.2/node_modules/axe-core/axe.js:28284:27
          at Array.forEach (<anonymous>)
      at Audit.run (node_modules/.pnpm/axe-core@4.10.2/node_modules/axe-core/axe.js:28283:23)
      at node_modules/.pnpm/axe-core@4.10.2/node_modules/axe-core/axe.js:28652:15
      at pop (node_modules/.pnpm/axe-core@4.10.2/node_modules/axe-core/axe.js:8169:18)
      at Object.defer (node_modules/.pnpm/axe-core@4.10.2/node_modules/axe-core/axe.js:8191:11)
      at Object.runRules [as _runRules] (node_modules/.pnpm/axe-core@4.10.2/node_modules/axe-core/axe.js:28651:9)
      at Object.run4 [as run] (node_modules/.pnpm/axe-core@4.10.2/node_modules/axe-core/axe.js:28902:11)
      at Object.<anonymous> (src/__tests__/pages/chess.accessibility.test.tsx:224:32)

    console.error
      An update to ChessPage inside a test was not wrapped in act(...).
      
      When testing, code that causes React state updates should be wrapped into act(...):
      
      act(() => {
        /* fire events that update state */
      });
      /* assert on the output */
      
      This ensures that you're testing the behavior the user would see in the browser. Learn more at https://react.dev/link/wrap-tests-with-act

    [0m [90m 373 |[39m       [36mreturn[39m[33m;[39m
     [90m 374 |[39m     }
    [31m[1m>[22m[39m[90m 375 |[39m     originalError[33m.[39mcall(console[33m,[39m [33m...[39margs)[33m;[39m
     [90m     |[39m                   [31m[1m^[22m[39m
     [90m 376 |[39m   }[33m;[39m
     [90m 377 |[39m })[33m;[39m
     [90m 378 |[39m[0m

      at console.call [as error] (jest.setup.js:375:19)
      at node_modules/.pnpm/react-dom@19.2.0_react@19.2.0/node_modules/react-dom/cjs/react-dom-client.development.js:18758:19
      at runWithFiberInDEV (node_modules/.pnpm/react-dom@19.2.0_react@19.2.0/node_modules/react-dom/cjs/react-dom-client.development.js:874:13)
      at warnIfUpdatesNotWrappedWithActDEV (node_modules/.pnpm/react-dom@19.2.0_react@19.2.0/node_modules/react-dom/cjs/react-dom-client.development.js:18757:9)
      at scheduleUpdateOnFiber (node_modules/.pnpm/react-dom@19.2.0_react@19.2.0/node_modules/react-dom/cjs/react-dom-client.development.js:16409:11)
      at dispatchSetStateInternal (node_modules/.pnpm/react-dom@19.2.0_react@19.2.0/node_modules/react-dom/cjs/react-dom-client.development.js:9170:13)
      at dispatchSetState (node_modules/.pnpm/react-dom@19.2.0_react@19.2.0/node_modules/react-dom/cjs/react-dom-client.development.js:9127:7)
      at setAuthUser (src/pages/chess.tsx:63:9)

PASS src/components/__tests__/CommentThread.test.tsx
PASS src/__tests__/components/pdf/PdfTable.test.tsx
PASS src/components/editor/__tests__/RichTextEditor.test.tsx
PASS src/__tests__/components/CommentItem.test.tsx
  ● Console

    console.error
      Failed to edit comment: Error: Edit failed
          at Object.<anonymous> (D:\Repositories\meepleai-monorepo\apps\web\src\__tests__\components\CommentItem.test.tsx:379:36)
          at Promise.finally.completed (D:\Repositories\meepleai-monorepo\apps\web\node_modules\.pnpm\jest-circus@30.2.0\node_modules\jest-circus\build\jestAdapterInit.js:1557:28)
          at new Promise (<anonymous>)
          at callAsyncCircusFn (D:\Repositories\meepleai-monorepo\apps\web\node_modules\.pnpm\jest-circus@30.2.0\node_modules\jest-circus\build\jestAdapterInit.js:1497:10)
          at _callCircusTest (D:\Repositories\meepleai-monorepo\apps\web\node_modules\.pnpm\jest-circus@30.2.0\node_modules\jest-circus\build\jestAdapterInit.js:1007:40)
          at _runTest (D:\Repositories\meepleai-monorepo\apps\web\node_modules\.pnpm\jest-circus@30.2.0\node_modules\jest-circus\build\jestAdapterInit.js:947:3)
          at D:\Repositories\meepleai-monorepo\apps\web\node_modules\.pnpm\jest-circus@30.2.0\node_modules\jest-circus\build\jestAdapterInit.js:849:7
          at _runTestsForDescribeBlock (D:\Repositories\meepleai-monorepo\apps\web\node_modules\.pnpm\jest-circus@30.2.0\node_modules\jest-circus\build\jestAdapterInit.js:862:11)
          at _runTestsForDescribeBlock (D:\Repositories\meepleai-monorepo\apps\web\node_modules\.pnpm\jest-circus@30.2.0\node_modules\jest-circus\build\jestAdapterInit.js:857:11)
          at _runTestsForDescribeBlock (D:\Repositories\meepleai-monorepo\apps\web\node_modules\.pnpm\jest-circus@30.2.0\node_modules\jest-circus\build\jestAdapterInit.js:857:11)
          at run (D:\Repositories\meepleai-monorepo\apps\web\node_modules\.pnpm\jest-circus@30.2.0\node_modules\jest-circus\build\jestAdapterInit.js:761:3)
          at runAndTransformResultsToJestFormat (D:\Repositories\meepleai-monorepo\apps\web\node_modules\.pnpm\jest-circus@30.2.0\node_modules\jest-circus\build\jestAdapterInit.js:1918:21)
          at jestAdapter (D:\Repositories\meepleai-monorepo\apps\web\node_modules\.pnpm\jest-circus@30.2.0\node_modules\jest-circus\build\runner.js:101:19)
          at runTestInternal (D:\Repositories\meepleai-monorepo\apps\web\node_modules\.pnpm\jest-runner@30.2.0\node_modules\jest-runner\build\testWorker.js:275:16)
          at runTest (D:\Repositories\meepleai-monorepo\apps\web\node_modules\.pnpm\jest-runner@30.2.0\node_modules\jest-runner\build\testWorker.js:343:7)
          at Object.worker (D:\Repositories\meepleai-monorepo\apps\web\node_modules\.pnpm\jest-runner@30.2.0\node_modules\jest-runner\build\testWorker.js:497:12)

    [0m [90m 373 |[39m       [36mreturn[39m[33m;[39m
     [90m 374 |[39m     }
    [31m[1m>[22m[39m[90m 375 |[39m     originalError[33m.[39mcall(console[33m,[39m [33m...[39margs)[33m;[39m
     [90m     |[39m                   [31m[1m^[22m[39m
     [90m 376 |[39m   }[33m;[39m
     [90m 377 |[39m })[33m;[39m
     [90m 378 |[39m[0m

      at console.call [as error] (jest.setup.js:375:19)
      at error (src/components/CommentItem.tsx:54:15)

    console.error
      An update to CommentItem inside a test was not wrapped in act(...).
      
      When testing, code that causes React state updates should be wrapped into act(...):
      
      act(() => {
        /* fire events that update state */
      });
      /* assert on the output */
      
      This ensures that you're testing the behavior the user would see in the browser. Learn more at https://react.dev/link/wrap-tests-with-act

    [0m [90m 373 |[39m       [36mreturn[39m[33m;[39m
     [90m 374 |[39m     }
    [31m[1m>[22m[39m[90m 375 |[39m     originalError[33m.[39mcall(console[33m,[39m [33m...[39margs)[33m;[39m
     [90m     |[39m                   [31m[1m^[22m[39m
     [90m 376 |[39m   }[33m;[39m
     [90m 377 |[39m })[33m;[39m
     [90m 378 |[39m[0m

      at console.call [as error] (jest.setup.js:375:19)
      at node_modules/.pnpm/react-dom@19.2.0_react@19.2.0/node_modules/react-dom/cjs/react-dom-client.development.js:18758:19
      at runWithFiberInDEV (node_modules/.pnpm/react-dom@19.2.0_react@19.2.0/node_modules/react-dom/cjs/react-dom-client.development.js:874:13)
      at warnIfUpdatesNotWrappedWithActDEV (node_modules/.pnpm/react-dom@19.2.0_react@19.2.0/node_modules/react-dom/cjs/react-dom-client.development.js:18757:9)
      at scheduleUpdateOnFiber (node_modules/.pnpm/react-dom@19.2.0_react@19.2.0/node_modules/react-dom/cjs/react-dom-client.development.js:16409:11)
      at dispatchSetStateInternal (node_modules/.pnpm/react-dom@19.2.0_react@19.2.0/node_modules/react-dom/cjs/react-dom-client.development.js:9170:13)
      at dispatchSetState (node_modules/.pnpm/react-dom@19.2.0_react@19.2.0/node_modules/react-dom/cjs/react-dom-client.development.js:9127:7)
      at setIsSubmitting (src/components/CommentItem.tsx:79:7)

    console.error
      Failed to delete comment: Error: Delete failed
          at Object.<anonymous> (D:\Repositories\meepleai-monorepo\apps\web\src\__tests__\components\CommentItem.test.tsx:445:38)
          at Promise.finally.completed (D:\Repositories\meepleai-monorepo\apps\web\node_modules\.pnpm\jest-circus@30.2.0\node_modules\jest-circus\build\jestAdapterInit.js:1557:28)
          at new Promise (<anonymous>)
          at callAsyncCircusFn (D:\Repositories\meepleai-monorepo\apps\web\node_modules\.pnpm\jest-circus@30.2.0\node_modules\jest-circus\build\jestAdapterInit.js:1497:10)
          at _callCircusTest (D:\Repositories\meepleai-monorepo\apps\web\node_modules\.pnpm\jest-circus@30.2.0\node_modules\jest-circus\build\jestAdapterInit.js:1007:40)
          at _runTest (D:\Repositories\meepleai-monorepo\apps\web\node_modules\.pnpm\jest-circus@30.2.0\node_modules\jest-circus\build\jestAdapterInit.js:947:3)
          at D:\Repositories\meepleai-monorepo\apps\web\node_modules\.pnpm\jest-circus@30.2.0\node_modules\jest-circus\build\jestAdapterInit.js:849:7
          at _runTestsForDescribeBlock (D:\Repositories\meepleai-monorepo\apps\web\node_modules\.pnpm\jest-circus@30.2.0\node_modules\jest-circus\build\jestAdapterInit.js:862:11)
          at _runTestsForDescribeBlock (D:\Repositories\meepleai-monorepo\apps\web\node_modules\.pnpm\jest-circus@30.2.0\node_modules\jest-circus\build\jestAdapterInit.js:857:11)
          at _runTestsForDescribeBlock (D:\Repositories\meepleai-monorepo\apps\web\node_modules\.pnpm\jest-circus@30.2.0\node_modules\jest-circus\build\jestAdapterInit.js:857:11)
          at run (D:\Repositories\meepleai-monorepo\apps\web\node_modules\.pnpm\jest-circus@30.2.0\node_modules\jest-circus\build\jestAdapterInit.js:761:3)
          at runAndTransformResultsToJestFormat (D:\Repositories\meepleai-monorepo\apps\web\node_modules\.pnpm\jest-circus@30.2.0\node_modules\jest-circus\build\jestAdapterInit.js:1918:21)
          at jestAdapter (D:\Repositories\meepleai-monorepo\apps\web\node_modules\.pnpm\jest-circus@30.2.0\node_modules\jest-circus\build\runner.js:101:19)
          at runTestInternal (D:\Repositories\meepleai-monorepo\apps\web\node_modules\.pnpm\jest-runner@30.2.0\node_modules\jest-runner\build\testWorker.js:275:16)
          at runTest (D:\Repositories\meepleai-monorepo\apps\web\node_modules\.pnpm\jest-runner@30.2.0\node_modules\jest-runner\build\testWorker.js:343:7)
          at Object.worker (D:\Repositories\meepleai-monorepo\apps\web\node_modules\.pnpm\jest-runner@30.2.0\node_modules\jest-runner\build\testWorker.js:497:12)

    [0m [90m 373 |[39m       [36mreturn[39m[33m;[39m
     [90m 374 |[39m     }
    [31m[1m>[22m[39m[90m 375 |[39m     originalError[33m.[39mcall(console[33m,[39m [33m...[39margs)[33m;[39m
     [90m     |[39m                   [31m[1m^[22m[39m
     [90m 376 |[39m   }[33m;[39m
     [90m 377 |[39m })[33m;[39m
     [90m 378 |[39m[0m

      at console.call [as error] (jest.setup.js:375:19)
      at error (src/components/CommentItem.tsx:76:15)

    console.error
      Failed to reply: Error: Reply failed
          at Object.<anonymous> (D:\Repositories\meepleai-monorepo\apps\web\src\__tests__\components\CommentItem.test.tsx:552:37)
          at Promise.finally.completed (D:\Repositories\meepleai-monorepo\apps\web\node_modules\.pnpm\jest-circus@30.2.0\node_modules\jest-circus\build\jestAdapterInit.js:1557:28)
          at new Promise (<anonymous>)
          at callAsyncCircusFn (D:\Repositories\meepleai-monorepo\apps\web\node_modules\.pnpm\jest-circus@30.2.0\node_modules\jest-circus\build\jestAdapterInit.js:1497:10)
          at _callCircusTest (D:\Repositories\meepleai-monorepo\apps\web\node_modules\.pnpm\jest-circus@30.2.0\node_modules\jest-circus\build\jestAdapterInit.js:1007:40)
          at _runTest (D:\Repositories\meepleai-monorepo\apps\web\node_modules\.pnpm\jest-circus@30.2.0\node_modules\jest-circus\build\jestAdapterInit.js:947:3)
          at D:\Repositories\meepleai-monorepo\apps\web\node_modules\.pnpm\jest-circus@30.2.0\node_modules\jest-circus\build\jestAdapterInit.js:849:7
          at _runTestsForDescribeBlock (D:\Repositories\meepleai-monorepo\apps\web\node_modules\.pnpm\jest-circus@30.2.0\node_modules\jest-circus\build\jestAdapterInit.js:862:11)
          at _runTestsForDescribeBlock (D:\Repositories\meepleai-monorepo\apps\web\node_modules\.pnpm\jest-circus@30.2.0\node_modules\jest-circus\build\jestAdapterInit.js:857:11)
          at _runTestsForDescribeBlock (D:\Repositories\meepleai-monorepo\apps\web\node_modules\.pnpm\jest-circus@30.2.0\node_modules\jest-circus\build\jestAdapterInit.js:857:11)
          at run (D:\Repositories\meepleai-monorepo\apps\web\node_modules\.pnpm\jest-circus@30.2.0\node_modules\jest-circus\build\jestAdapterInit.js:761:3)
          at runAndTransformResultsToJestFormat (D:\Repositories\meepleai-monorepo\apps\web\node_modules\.pnpm\jest-circus@30.2.0\node_modules\jest-circus\build\jestAdapterInit.js:1918:21)
          at jestAdapter (D:\Repositories\meepleai-monorepo\apps\web\node_modules\.pnpm\jest-circus@30.2.0\node_modules\jest-circus\build\runner.js:101:19)
          at runTestInternal (D:\Repositories\meepleai-monorepo\apps\web\node_modules\.pnpm\jest-runner@30.2.0\node_modules\jest-runner\build\testWorker.js:275:16)
          at runTest (D:\Repositories\meepleai-monorepo\apps\web\node_modules\.pnpm\jest-runner@30.2.0\node_modules\jest-runner\build\testWorker.js:343:7)
          at Object.worker (D:\Repositories\meepleai-monorepo\apps\web\node_modules\.pnpm\jest-runner@30.2.0\node_modules\jest-runner\build\testWorker.js:497:12)

    [0m [90m 373 |[39m       [36mreturn[39m[33m;[39m
     [90m 374 |[39m     }
    [31m[1m>[22m[39m[90m 375 |[39m     originalError[33m.[39mcall(console[33m,[39m [33m...[39margs)[33m;[39m
     [90m     |[39m                   [31m[1m^[22m[39m
     [90m 376 |[39m   }[33m;[39m
     [90m 377 |[39m })[33m;[39m
     [90m 378 |[39m[0m

      at console.call [as error] (jest.setup.js:375:19)
      at error (src/components/CommentItem.tsx:94:15)

    console.error
      Failed to resolve comment: Error: Resolve failed
          at Object.<anonymous> (D:\Repositories\meepleai-monorepo\apps\web\src\__tests__\components\CommentItem.test.tsx:602:39)
          at Promise.finally.completed (D:\Repositories\meepleai-monorepo\apps\web\node_modules\.pnpm\jest-circus@30.2.0\node_modules\jest-circus\build\jestAdapterInit.js:1557:28)
          at new Promise (<anonymous>)
          at callAsyncCircusFn (D:\Repositories\meepleai-monorepo\apps\web\node_modules\.pnpm\jest-circus@30.2.0\node_modules\jest-circus\build\jestAdapterInit.js:1497:10)
          at _callCircusTest (D:\Repositories\meepleai-monorepo\apps\web\node_modules\.pnpm\jest-circus@30.2.0\node_modules\jest-circus\build\jestAdapterInit.js:1007:40)
          at _runTest (D:\Repositories\meepleai-monorepo\apps\web\node_modules\.pnpm\jest-circus@30.2.0\node_modules\jest-circus\build\jestAdapterInit.js:947:3)
          at D:\Repositories\meepleai-monorepo\apps\web\node_modules\.pnpm\jest-circus@30.2.0\node_modules\jest-circus\build\jestAdapterInit.js:849:7
          at _runTestsForDescribeBlock (D:\Repositories\meepleai-monorepo\apps\web\node_modules\.pnpm\jest-circus@30.2.0\node_modules\jest-circus\build\jestAdapterInit.js:862:11)
          at _runTestsForDescribeBlock (D:\Repositories\meepleai-monorepo\apps\web\node_modules\.pnpm\jest-circus@30.2.0\node_modules\jest-circus\build\jestAdapterInit.js:857:11)
          at _runTestsForDescribeBlock (D:\Repositories\meepleai-monorepo\apps\web\node_modules\.pnpm\jest-circus@30.2.0\node_modules\jest-circus\build\jestAdapterInit.js:857:11)
          at run (D:\Repositories\meepleai-monorepo\apps\web\node_modules\.pnpm\jest-circus@30.2.0\node_modules\jest-circus\build\jestAdapterInit.js:761:3)
          at runAndTransformResultsToJestFormat (D:\Repositories\meepleai-monorepo\apps\web\node_modules\.pnpm\jest-circus@30.2.0\node_modules\jest-circus\build\jestAdapterInit.js:1918:21)
          at jestAdapter (D:\Repositories\meepleai-monorepo\apps\web\node_modules\.pnpm\jest-circus@30.2.0\node_modules\jest-circus\build\runner.js:101:19)
          at runTestInternal (D:\Repositories\meepleai-monorepo\apps\web\node_modules\.pnpm\jest-runner@30.2.0\node_modules\jest-runner\build\testWorker.js:275:16)
          at runTest (D:\Repositories\meepleai-monorepo\apps\web\node_modules\.pnpm\jest-runner@30.2.0\node_modules\jest-runner\build\testWorker.js:343:7)
          at Object.worker (D:\Repositories\meepleai-monorepo\apps\web\node_modules\.pnpm\jest-runner@30.2.0\node_modules\jest-runner\build\testWorker.js:497:12)

    [0m [90m 373 |[39m       [36mreturn[39m[33m;[39m
     [90m 374 |[39m     }
    [31m[1m>[22m[39m[90m 375 |[39m     originalError[33m.[39mcall(console[33m,[39m [33m...[39margs)[33m;[39m
     [90m     |[39m                   [31m[1m^[22m[39m
     [90m 376 |[39m   }[33m;[39m
     [90m 377 |[39m })[33m;[39m
     [90m 378 |[39m[0m

      at console.call [as error] (jest.setup.js:375:19)
      at error (src/components/CommentItem.tsx:111:15)

    console.error
      Failed to unresolve comment: Error: Unresolve failed
          at Object.<anonymous> (D:\Repositories\meepleai-monorepo\apps\web\src\__tests__\components\CommentItem.test.tsx:614:41)
          at Promise.finally.completed (D:\Repositories\meepleai-monorepo\apps\web\node_modules\.pnpm\jest-circus@30.2.0\node_modules\jest-circus\build\jestAdapterInit.js:1557:28)
          at new Promise (<anonymous>)
          at callAsyncCircusFn (D:\Repositories\meepleai-monorepo\apps\web\node_modules\.pnpm\jest-circus@30.2.0\node_modules\jest-circus\build\jestAdapterInit.js:1497:10)
          at _callCircusTest (D:\Repositories\meepleai-monorepo\apps\web\node_modules\.pnpm\jest-circus@30.2.0\node_modules\jest-circus\build\jestAdapterInit.js:1007:40)
          at _runTest (D:\Repositories\meepleai-monorepo\apps\web\node_modules\.pnpm\jest-circus@30.2.0\node_modules\jest-circus\build\jestAdapterInit.js:947:3)
          at D:\Repositories\meepleai-monorepo\apps\web\node_modules\.pnpm\jest-circus@30.2.0\node_modules\jest-circus\build\jestAdapterInit.js:849:7
          at _runTestsForDescribeBlock (D:\Repositories\meepleai-monorepo\apps\web\node_modules\.pnpm\jest-circus@30.2.0\node_modules\jest-circus\build\jestAdapterInit.js:862:11)
          at _runTestsForDescribeBlock (D:\Repositories\meepleai-monorepo\apps\web\node_modules\.pnpm\jest-circus@30.2.0\node_modules\jest-circus\build\jestAdapterInit.js:857:11)
          at _runTestsForDescribeBlock (D:\Repositories\meepleai-monorepo\apps\web\node_modules\.pnpm\jest-circus@30.2.0\node_modules\jest-circus\build\jestAdapterInit.js:857:11)
          at run (D:\Repositories\meepleai-monorepo\apps\web\node_modules\.pnpm\jest-circus@30.2.0\node_modules\jest-circus\build\jestAdapterInit.js:761:3)
          at runAndTransformResultsToJestFormat (D:\Repositories\meepleai-monorepo\apps\web\node_modules\.pnpm\jest-circus@30.2.0\node_modules\jest-circus\build\jestAdapterInit.js:1918:21)
          at jestAdapter (D:\Repositories\meepleai-monorepo\apps\web\node_modules\.pnpm\jest-circus@30.2.0\node_modules\jest-circus\build\runner.js:101:19)
          at runTestInternal (D:\Repositories\meepleai-monorepo\apps\web\node_modules\.pnpm\jest-runner@30.2.0\node_modules\jest-runner\build\testWorker.js:275:16)
          at runTest (D:\Repositories\meepleai-monorepo\apps\web\node_modules\.pnpm\jest-runner@30.2.0\node_modules\jest-runner\build\testWorker.js:343:7)
          at Object.worker (D:\Repositories\meepleai-monorepo\apps\web\node_modules\.pnpm\jest-runner@30.2.0\node_modules\jest-runner\build\testWorker.js:497:12)

    [0m [90m 373 |[39m       [36mreturn[39m[33m;[39m
     [90m 374 |[39m     }
    [31m[1m>[22m[39m[90m 375 |[39m     originalError[33m.[39mcall(console[33m,[39m [33m...[39margs)[33m;[39m
     [90m     |[39m                   [31m[1m^[22m[39m
     [90m 376 |[39m   }[33m;[39m
     [90m 377 |[39m })[33m;[39m
     [90m 378 |[39m[0m

      at console.call [as error] (jest.setup.js:375:19)
      at error (src/components/CommentItem.tsx:123:15)

PASS src/components/accessible/__tests__/AccessibleButton.a11y.test.tsx
PASS src/components/timeline/__tests__/TimelineEventItem.test.tsx
PASS src/__tests__/pages/admin-prompts-version-new.test.tsx
PASS src/components/__tests__/SearchModeToggle.test.tsx
  ● Console

    console.error
      An update to ForwardRef inside a test was not wrapped in act(...).
      
      When testing, code that causes React state updates should be wrapped into act(...):
      
      act(() => {
        /* fire events that update state */
      });
      /* assert on the output */
      
      This ensures that you're testing the behavior the user would see in the browser. Learn more at https://react.dev/link/wrap-tests-with-act

    [0m [90m 373 |[39m       [36mreturn[39m[33m;[39m
     [90m 374 |[39m     }
    [31m[1m>[22m[39m[90m 375 |[39m     originalError[33m.[39mcall(console[33m,[39m [33m...[39margs)[33m;[39m
     [90m     |[39m                   [31m[1m^[22m[39m
     [90m 376 |[39m   }[33m;[39m
     [90m 377 |[39m })[33m;[39m
     [90m 378 |[39m[0m

      at console.call [as error] (jest.setup.js:375:19)
      at node_modules/.pnpm/react-dom@19.2.0_react@19.2.0/node_modules/react-dom/cjs/react-dom-client.development.js:18758:19
      at runWithFiberInDEV (node_modules/.pnpm/react-dom@19.2.0_react@19.2.0/node_modules/react-dom/cjs/react-dom-client.development.js:874:13)
      at warnIfUpdatesNotWrappedWithActDEV (node_modules/.pnpm/react-dom@19.2.0_react@19.2.0/node_modules/react-dom/cjs/react-dom-client.development.js:18757:9)
      at scheduleUpdateOnFiber (node_modules/.pnpm/react-dom@19.2.0_react@19.2.0/node_modules/react-dom/cjs/react-dom-client.development.js:16409:11)
      at dispatchSetStateInternal (node_modules/.pnpm/react-dom@19.2.0_react@19.2.0/node_modules/react-dom/cjs/react-dom-client.development.js:9170:13)
      at dispatchSetState (node_modules/.pnpm/react-dom@19.2.0_react@19.2.0/node_modules/react-dom/cjs/react-dom-client.development.js:9127:7)
      at node_modules/.pnpm/@radix-ui+react-use-control_d18fbb198f71e7c21e4c29858a022376/node_modules/@radix-ui/react-use-controllable-state/src/use-controllable-state.tsx:59:9
      at Object.onItemFocus (node_modules/.pnpm/@radix-ui+react-roving-focu_24c13f548d57f1c7139d1bdbb746f4d3/node_modules/@radix-ui/react-roving-focus/src/roving-focus-group.tsx:144:24)
      at node_modules/.pnpm/@radix-ui+react-roving-focu_24c13f548d57f1c7139d1bdbb746f4d3/node_modules/@radix-ui/react-roving-focus/src/roving-focus-group.tsx:258:70
      at handleEvent (node_modules/.pnpm/@radix-ui+primitive@1.1.3/node_modules/@radix-ui/primitive/src/primitive.tsx:20:14)
      at executeDispatch (node_modules/.pnpm/react-dom@19.2.0_react@19.2.0/node_modules/react-dom/cjs/react-dom-client.development.js:19116:9)
      at runWithFiberInDEV (node_modules/.pnpm/react-dom@19.2.0_react@19.2.0/node_modules/react-dom/cjs/react-dom-client.development.js:874:13)
      at processDispatchQueue (node_modules/.pnpm/react-dom@19.2.0_react@19.2.0/node_modules/react-dom/cjs/react-dom-client.development.js:19166:19)
      at node_modules/.pnpm/react-dom@19.2.0_react@19.2.0/node_modules/react-dom/cjs/react-dom-client.development.js:19767:9
      at batchedUpdates$1 (node_modules/.pnpm/react-dom@19.2.0_react@19.2.0/node_modules/react-dom/cjs/react-dom-client.development.js:3255:40)
      at dispatchEventForPluginEventSystem (node_modules/.pnpm/react-dom@19.2.0_react@19.2.0/node_modules/react-dom/cjs/react-dom-client.development.js:19320:7)
      at dispatchEvent (node_modules/.pnpm/react-dom@19.2.0_react@19.2.0/node_modules/react-dom/cjs/react-dom-client.development.js:23585:11)
      at dispatchDiscreteEvent (node_modules/.pnpm/react-dom@19.2.0_react@19.2.0/node_modules/react-dom/cjs/react-dom-client.development.js:23553:11)
      at HTMLDivElement.callTheUserObjectsOperation (node_modules/.pnpm/jsdom@26.1.0/node_modules/jsdom/lib/jsdom/living/generated/EventListener.js:26:30)
      at innerInvokeEventListeners (node_modules/.pnpm/jsdom@26.1.0/node_modules/jsdom/lib/jsdom/living/events/EventTarget-impl.js:350:25)
      at invokeEventListeners (node_modules/.pnpm/jsdom@26.1.0/node_modules/jsdom/lib/jsdom/living/events/EventTarget-impl.js:286:3)
      at HTMLButtonElementImpl._dispatch (node_modules/.pnpm/jsdom@26.1.0/node_modules/jsdom/lib/jsdom/living/events/EventTarget-impl.js:233:9)
      at Object.exports.fireFocusEventWithTargetAdjustment (node_modules/.pnpm/jsdom@26.1.0/node_modules/jsdom/lib/jsdom/living/helpers/focusing.js:103:10)
      at HTMLButtonElementImpl.focus (node_modules/.pnpm/jsdom@26.1.0/node_modules/jsdom/lib/jsdom/living/nodes/HTMLOrSVGElement-impl.js:72:14)
      at HTMLButtonElement.focus (node_modules/.pnpm/jsdom@26.1.0/node_modules/jsdom/lib/jsdom/living/generated/HTMLElement.js:128:34)
      at Object.focus (src/components/__tests__/SearchModeToggle.test.tsx:279:22)

PASS src/components/__tests__/PromptVersionCard.test.tsx
PASS src/__tests__/components/VersionTimelineFilters.test.tsx
PASS src/components/__tests__/ErrorModal.test.tsx
PASS src/lib/animations/__tests__/VERIFICATION.test.tsx
PASS src/__tests__/components/games/GameList.test.tsx
PASS src/__tests__/pages/chat/chat.feedback.test.tsx
PASS src/__tests__/pages/admin-bulk-export.test.tsx
PASS src/__tests__/pages/upload.review-edit.test.tsx
PASS src/__tests__/components/UploadQueueItem.test.tsx
PASS src/components/__tests__/PromptEditor.test.tsx
PASS src/hooks/__tests__/useUploadQueue.test.ts
  ● Console

    console.error
      An update to TestComponent inside a test was not wrapped in act(...).
      
      When testing, code that causes React state updates should be wrapped into act(...):
      
      act(() => {
        /* fire events that update state */
      });
      /* assert on the output */
      
      This ensures that you're testing the behavior the user would see in the browser. Learn more at https://react.dev/link/wrap-tests-with-act

    [0m [90m 373 |[39m       [36mreturn[39m[33m;[39m
     [90m 374 |[39m     }
    [31m[1m>[22m[39m[90m 375 |[39m     originalError[33m.[39mcall(console[33m,[39m [33m...[39margs)[33m;[39m
     [90m     |[39m                   [31m[1m^[22m[39m
     [90m 376 |[39m   }[33m;[39m
     [90m 377 |[39m })[33m;[39m
     [90m 378 |[39m[0m

      at console.call [as error] (jest.setup.js:375:19)
      at node_modules/.pnpm/react-dom@19.2.0_react@19.2.0/node_modules/react-dom/cjs/react-dom-client.development.js:18758:19
      at runWithFiberInDEV (node_modules/.pnpm/react-dom@19.2.0_react@19.2.0/node_modules/react-dom/cjs/react-dom-client.development.js:874:13)
      at warnIfUpdatesNotWrappedWithActDEV (node_modules/.pnpm/react-dom@19.2.0_react@19.2.0/node_modules/react-dom/cjs/react-dom-client.development.js:18757:9)
      at scheduleUpdateOnFiber (node_modules/.pnpm/react-dom@19.2.0_react@19.2.0/node_modules/react-dom/cjs/react-dom-client.development.js:16409:11)
      at dispatchSetStateInternal (node_modules/.pnpm/react-dom@19.2.0_react@19.2.0/node_modules/react-dom/cjs/react-dom-client.development.js:9170:13)
      at dispatchSetState (node_modules/.pnpm/react-dom@19.2.0_react@19.2.0/node_modules/react-dom/cjs/react-dom-client.development.js:9127:7)
      at setQueue (src/hooks/useUploadQueue.ts:299:9)

    console.error
      An update to TestComponent inside a test was not wrapped in act(...).
      
      When testing, code that causes React state updates should be wrapped into act(...):
      
      act(() => {
        /* fire events that update state */
      });
      /* assert on the output */
      
      This ensures that you're testing the behavior the user would see in the browser. Learn more at https://react.dev/link/wrap-tests-with-act

    [0m [90m 373 |[39m       [36mreturn[39m[33m;[39m
     [90m 374 |[39m     }
    [31m[1m>[22m[39m[90m 375 |[39m     originalError[33m.[39mcall(console[33m,[39m [33m...[39margs)[33m;[39m
     [90m     |[39m                   [31m[1m^[22m[39m
     [90m 376 |[39m   }[33m;[39m
     [90m 377 |[39m })[33m;[39m
     [90m 378 |[39m[0m

      at console.call [as error] (jest.setup.js:375:19)
      at node_modules/.pnpm/react-dom@19.2.0_react@19.2.0/node_modules/react-dom/cjs/react-dom-client.development.js:18758:19
      at runWithFiberInDEV (node_modules/.pnpm/react-dom@19.2.0_react@19.2.0/node_modules/react-dom/cjs/react-dom-client.development.js:874:13)
      at warnIfUpdatesNotWrappedWithActDEV (node_modules/.pnpm/react-dom@19.2.0_react@19.2.0/node_modules/react-dom/cjs/react-dom-client.development.js:18757:9)
      at scheduleUpdateOnFiber (node_modules/.pnpm/react-dom@19.2.0_react@19.2.0/node_modules/react-dom/cjs/react-dom-client.development.js:16409:11)
      at dispatchSetStateInternal (node_modules/.pnpm/react-dom@19.2.0_react@19.2.0/node_modules/react-dom/cjs/react-dom-client.development.js:9170:13)
      at dispatchSetState (node_modules/.pnpm/react-dom@19.2.0_react@19.2.0/node_modules/react-dom/cjs/react-dom-client.development.js:9127:7)
      at setQueue (src/hooks/useUploadQueue.ts:282:9)

    console.error
      An update to TestComponent inside a test was not wrapped in act(...).
      
      When testing, code that causes React state updates should be wrapped into act(...):
      
      act(() => {
        /* fire events that update state */
      });
      /* assert on the output */
      
      This ensures that you're testing the behavior the user would see in the browser. Learn more at https://react.dev/link/wrap-tests-with-act

    [0m [90m 373 |[39m       [36mreturn[39m[33m;[39m
     [90m 374 |[39m     }
    [31m[1m>[22m[39m[90m 375 |[39m     originalError[33m.[39mcall(console[33m,[39m [33m...[39margs)[33m;[39m
     [90m     |[39m                   [31m[1m^[22m[39m
     [90m 376 |[39m   }[33m;[39m
     [90m 377 |[39m })[33m;[39m
     [90m 378 |[39m[0m

      at console.call [as error] (jest.setup.js:375:19)
      at node_modules/.pnpm/react-dom@19.2.0_react@19.2.0/node_modules/react-dom/cjs/react-dom-client.development.js:18758:19
      at runWithFiberInDEV (node_modules/.pnpm/react-dom@19.2.0_react@19.2.0/node_modules/react-dom/cjs/react-dom-client.development.js:874:13)
      at warnIfUpdatesNotWrappedWithActDEV (node_modules/.pnpm/react-dom@19.2.0_react@19.2.0/node_modules/react-dom/cjs/react-dom-client.development.js:18757:9)
      at scheduleUpdateOnFiber (node_modules/.pnpm/react-dom@19.2.0_react@19.2.0/node_modules/react-dom/cjs/react-dom-client.development.js:16409:11)
      at dispatchSetStateInternal (node_modules/.pnpm/react-dom@19.2.0_react@19.2.0/node_modules/react-dom/cjs/react-dom-client.development.js:9170:13)
      at dispatchSetState (node_modules/.pnpm/react-dom@19.2.0_react@19.2.0/node_modules/react-dom/cjs/react-dom-client.development.js:9127:7)
      at setQueue (src/hooks/useUploadQueue.ts:217:9)
      at Object.uploadFile [as startUpload] (src/hooks/useUploadQueue.ts:381:14)

    console.error
      An update to TestComponent inside a test was not wrapped in act(...).
      
      When testing, code that causes React state updates should be wrapped into act(...):
      
      act(() => {
        /* fire events that update state */
      });
      /* assert on the output */
      
      This ensures that you're testing the behavior the user would see in the browser. Learn more at https://react.dev/link/wrap-tests-with-act

    [0m [90m 373 |[39m       [36mreturn[39m[33m;[39m
     [90m 374 |[39m     }
    [31m[1m>[22m[39m[90m 375 |[39m     originalError[33m.[39mcall(console[33m,[39m [33m...[39margs)[33m;[39m
     [90m     |[39m                   [31m[1m^[22m[39m
     [90m 376 |[39m   }[33m;[39m
     [90m 377 |[39m })[33m;[39m
     [90m 378 |[39m[0m

      at console.call [as error] (jest.setup.js:375:19)
      at node_modules/.pnpm/react-dom@19.2.0_react@19.2.0/node_modules/react-dom/cjs/react-dom-client.development.js:18758:19
      at runWithFiberInDEV (node_modules/.pnpm/react-dom@19.2.0_react@19.2.0/node_modules/react-dom/cjs/react-dom-client.development.js:874:13)
      at warnIfUpdatesNotWrappedWithActDEV (node_modules/.pnpm/react-dom@19.2.0_react@19.2.0/node_modules/react-dom/cjs/react-dom-client.development.js:18757:9)
      at scheduleUpdateOnFiber (node_modules/.pnpm/react-dom@19.2.0_react@19.2.0/node_modules/react-dom/cjs/react-dom-client.development.js:16409:11)
      at dispatchSetStateInternal (node_modules/.pnpm/react-dom@19.2.0_react@19.2.0/node_modules/react-dom/cjs/react-dom-client.development.js:9170:13)
      at dispatchSetState (node_modules/.pnpm/react-dom@19.2.0_react@19.2.0/node_modules/react-dom/cjs/react-dom-client.development.js:9127:7)
      at setQueue (src/hooks/useUploadQueue.ts:299:9)

    console.error
      An update to TestComponent inside a test was not wrapped in act(...).
      
      When testing, code that causes React state updates should be wrapped into act(...):
      
      act(() => {
        /* fire events that update state */
      });
      /* assert on the output */
      
      This ensures that you're testing the behavior the user would see in the browser. Learn more at https://react.dev/link/wrap-tests-with-act

    [0m [90m 373 |[39m       [36mreturn[39m[33m;[39m
     [90m 374 |[39m     }
    [31m[1m>[22m[39m[90m 375 |[39m     originalError[33m.[39mcall(console[33m,[39m [33m...[39margs)[33m;[39m
     [90m     |[39m                   [31m[1m^[22m[39m
     [90m 376 |[39m   }[33m;[39m
     [90m 377 |[39m })[33m;[39m
     [90m 378 |[39m[0m

      at console.call [as error] (jest.setup.js:375:19)
      at node_modules/.pnpm/react-dom@19.2.0_react@19.2.0/node_modules/react-dom/cjs/react-dom-client.development.js:18758:19
      at runWithFiberInDEV (node_modules/.pnpm/react-dom@19.2.0_react@19.2.0/node_modules/react-dom/cjs/react-dom-client.development.js:874:13)
      at warnIfUpdatesNotWrappedWithActDEV (node_modules/.pnpm/react-dom@19.2.0_react@19.2.0/node_modules/react-dom/cjs/react-dom-client.development.js:18757:9)
      at scheduleUpdateOnFiber (node_modules/.pnpm/react-dom@19.2.0_react@19.2.0/node_modules/react-dom/cjs/react-dom-client.development.js:16409:11)
      at dispatchSetStateInternal (node_modules/.pnpm/react-dom@19.2.0_react@19.2.0/node_modules/react-dom/cjs/react-dom-client.development.js:9170:13)
      at dispatchSetState (node_modules/.pnpm/react-dom@19.2.0_react@19.2.0/node_modules/react-dom/cjs/react-dom-client.development.js:9127:7)
      at setQueue (src/hooks/useUploadQueue.ts:282:9)

    console.error
      An update to TestComponent inside a test was not wrapped in act(...).
      
      When testing, code that causes React state updates should be wrapped into act(...):
      
      act(() => {
        /* fire events that update state */
      });
      /* assert on the output */
      
      This ensures that you're testing the behavior the user would see in the browser. Learn more at https://react.dev/link/wrap-tests-with-act

    [0m [90m 373 |[39m       [36mreturn[39m[33m;[39m
     [90m 374 |[39m     }
    [31m[1m>[22m[39m[90m 375 |[39m     originalError[33m.[39mcall(console[33m,[39m [33m...[39margs)[33m;[39m
     [90m     |[39m                   [31m[1m^[22m[39m
     [90m 376 |[39m   }[33m;[39m
     [90m 377 |[39m })[33m;[39m
     [90m 378 |[39m[0m

      at console.call [as error] (jest.setup.js:375:19)
      at node_modules/.pnpm/react-dom@19.2.0_react@19.2.0/node_modules/react-dom/cjs/react-dom-client.development.js:18758:19
      at runWithFiberInDEV (node_modules/.pnpm/react-dom@19.2.0_react@19.2.0/node_modules/react-dom/cjs/react-dom-client.development.js:874:13)
      at warnIfUpdatesNotWrappedWithActDEV (node_modules/.pnpm/react-dom@19.2.0_react@19.2.0/node_modules/react-dom/cjs/react-dom-client.development.js:18757:9)
      at scheduleUpdateOnFiber (node_modules/.pnpm/react-dom@19.2.0_react@19.2.0/node_modules/react-dom/cjs/react-dom-client.development.js:16409:11)
      at dispatchSetStateInternal (node_modules/.pnpm/react-dom@19.2.0_react@19.2.0/node_modules/react-dom/cjs/react-dom-client.development.js:9170:13)
      at dispatchSetState (node_modules/.pnpm/react-dom@19.2.0_react@19.2.0/node_modules/react-dom/cjs/react-dom-client.development.js:9127:7)
      at setQueue (src/hooks/useUploadQueue.ts:217:9)
      at Object.uploadFile [as startUpload] (src/hooks/useUploadQueue.ts:381:14)

    console.error
      An update to TestComponent inside a test was not wrapped in act(...).
      
      When testing, code that causes React state updates should be wrapped into act(...):
      
      act(() => {
        /* fire events that update state */
      });
      /* assert on the output */
      
      This ensures that you're testing the behavior the user would see in the browser. Learn more at https://react.dev/link/wrap-tests-with-act

    [0m [90m 373 |[39m       [36mreturn[39m[33m;[39m
     [90m 374 |[39m     }
    [31m[1m>[22m[39m[90m 375 |[39m     originalError[33m.[39mcall(console[33m,[39m [33m...[39margs)[33m;[39m
     [90m     |[39m                   [31m[1m^[22m[39m
     [90m 376 |[39m   }[33m;[39m
     [90m 377 |[39m })[33m;[39m
     [90m 378 |[39m[0m

      at console.call [as error] (jest.setup.js:375:19)
      at node_modules/.pnpm/react-dom@19.2.0_react@19.2.0/node_modules/react-dom/cjs/react-dom-client.development.js:18758:19
      at runWithFiberInDEV (node_modules/.pnpm/react-dom@19.2.0_react@19.2.0/node_modules/react-dom/cjs/react-dom-client.development.js:874:13)
      at warnIfUpdatesNotWrappedWithActDEV (node_modules/.pnpm/react-dom@19.2.0_react@19.2.0/node_modules/react-dom/cjs/react-dom-client.development.js:18757:9)
      at scheduleUpdateOnFiber (node_modules/.pnpm/react-dom@19.2.0_react@19.2.0/node_modules/react-dom/cjs/react-dom-client.development.js:16409:11)
      at dispatchSetStateInternal (node_modules/.pnpm/react-dom@19.2.0_react@19.2.0/node_modules/react-dom/cjs/react-dom-client.development.js:9170:13)
      at dispatchSetState (node_modules/.pnpm/react-dom@19.2.0_react@19.2.0/node_modules/react-dom/cjs/react-dom-client.development.js:9127:7)
      at setQueue (src/hooks/useUploadQueue.ts:329:9)

    console.error
      An update to TestComponent inside a test was not wrapped in act(...).
      
      When testing, code that causes React state updates should be wrapped into act(...):
      
      act(() => {
        /* fire events that update state */
      });
      /* assert on the output */
      
      This ensures that you're testing the behavior the user would see in the browser. Learn more at https://react.dev/link/wrap-tests-with-act

    [0m [90m 373 |[39m       [36mreturn[39m[33m;[39m
     [90m 374 |[39m     }
    [31m[1m>[22m[39m[90m 375 |[39m     originalError[33m.[39mcall(console[33m,[39m [33m...[39margs)[33m;[39m
     [90m     |[39m                   [31m[1m^[22m[39m
     [90m 376 |[39m   }[33m;[39m
     [90m 377 |[39m })[33m;[39m
     [90m 378 |[39m[0m

      at console.call [as error] (jest.setup.js:375:19)
      at node_modules/.pnpm/react-dom@19.2.0_react@19.2.0/node_modules/react-dom/cjs/react-dom-client.development.js:18758:19
      at runWithFiberInDEV (node_modules/.pnpm/react-dom@19.2.0_react@19.2.0/node_modules/react-dom/cjs/react-dom-client.development.js:874:13)
      at warnIfUpdatesNotWrappedWithActDEV (node_modules/.pnpm/react-dom@19.2.0_react@19.2.0/node_modules/react-dom/cjs/react-dom-client.development.js:18757:9)
      at scheduleUpdateOnFiber (node_modules/.pnpm/react-dom@19.2.0_react@19.2.0/node_modules/react-dom/cjs/react-dom-client.development.js:16409:11)
      at dispatchSetStateInternal (node_modules/.pnpm/react-dom@19.2.0_react@19.2.0/node_modules/react-dom/cjs/react-dom-client.development.js:9170:13)
      at dispatchSetState (node_modules/.pnpm/react-dom@19.2.0_react@19.2.0/node_modules/react-dom/cjs/react-dom-client.development.js:9127:7)
      at setQueue (src/hooks/useUploadQueue.ts:217:9)
      at Object.uploadFile [as startUpload] (src/hooks/useUploadQueue.ts:381:14)

    console.error
      An update to TestComponent inside a test was not wrapped in act(...).
      
      When testing, code that causes React state updates should be wrapped into act(...):
      
      act(() => {
        /* fire events that update state */
      });
      /* assert on the output */
      
      This ensures that you're testing the behavior the user would see in the browser. Learn more at https://react.dev/link/wrap-tests-with-act

    [0m [90m 373 |[39m       [36mreturn[39m[33m;[39m
     [90m 374 |[39m     }
    [31m[1m>[22m[39m[90m 375 |[39m     originalError[33m.[39mcall(console[33m,[39m [33m...[39margs)[33m;[39m
     [90m     |[39m                   [31m[1m^[22m[39m
     [90m 376 |[39m   }[33m;[39m
     [90m 377 |[39m })[33m;[39m
     [90m 378 |[39m[0m

      at console.call [as error] (jest.setup.js:375:19)
      at node_modules/.pnpm/react-dom@19.2.0_react@19.2.0/node_modules/react-dom/cjs/react-dom-client.development.js:18758:19
      at runWithFiberInDEV (node_modules/.pnpm/react-dom@19.2.0_react@19.2.0/node_modules/react-dom/cjs/react-dom-client.development.js:874:13)
      at warnIfUpdatesNotWrappedWithActDEV (node_modules/.pnpm/react-dom@19.2.0_react@19.2.0/node_modules/react-dom/cjs/react-dom-client.development.js:18757:9)
      at scheduleUpdateOnFiber (node_modules/.pnpm/react-dom@19.2.0_react@19.2.0/node_modules/react-dom/cjs/react-dom-client.development.js:16409:11)
      at dispatchSetStateInternal (node_modules/.pnpm/react-dom@19.2.0_react@19.2.0/node_modules/react-dom/cjs/react-dom-client.development.js:9170:13)
      at dispatchSetState (node_modules/.pnpm/react-dom@19.2.0_react@19.2.0/node_modules/react-dom/cjs/react-dom-client.development.js:9127:7)
      at setQueue (src/hooks/useUploadQueue.ts:217:9)
      at Object.uploadFile [as startUpload] (src/hooks/useUploadQueue.ts:381:14)

    console.error
      An update to TestComponent inside a test was not wrapped in act(...).
      
      When testing, code that causes React state updates should be wrapped into act(...):
      
      act(() => {
        /* fire events that update state */
      });
      /* assert on the output */
      
      This ensures that you're testing the behavior the user would see in the browser. Learn more at https://react.dev/link/wrap-tests-with-act

    [0m [90m 373 |[39m       [36mreturn[39m[33m;[39m
     [90m 374 |[39m     }
    [31m[1m>[22m[39m[90m 375 |[39m     originalError[33m.[39mcall(console[33m,[39m [33m...[39margs)[33m;[39m
     [90m     |[39m                   [31m[1m^[22m[39m
     [90m 376 |[39m   }[33m;[39m
     [90m 377 |[39m })[33m;[39m
     [90m 378 |[39m[0m

      at console.call [as error] (jest.setup.js:375:19)
      at node_modules/.pnpm/react-dom@19.2.0_react@19.2.0/node_modules/react-dom/cjs/react-dom-client.development.js:18758:19
      at runWithFiberInDEV (node_modules/.pnpm/react-dom@19.2.0_react@19.2.0/node_modules/react-dom/cjs/react-dom-client.development.js:874:13)
      at warnIfUpdatesNotWrappedWithActDEV (node_modules/.pnpm/react-dom@19.2.0_react@19.2.0/node_modules/react-dom/cjs/react-dom-client.development.js:18757:9)
      at scheduleUpdateOnFiber (node_modules/.pnpm/react-dom@19.2.0_react@19.2.0/node_modules/react-dom/cjs/react-dom-client.development.js:16409:11)
      at dispatchSetStateInternal (node_modules/.pnpm/react-dom@19.2.0_react@19.2.0/node_modules/react-dom/cjs/react-dom-client.development.js:9170:13)
      at dispatchSetState (node_modules/.pnpm/react-dom@19.2.0_react@19.2.0/node_modules/react-dom/cjs/react-dom-client.development.js:9127:7)
      at setQueue (src/hooks/useUploadQueue.ts:329:9)

    console.error
      An update to TestComponent inside a test was not wrapped in act(...).
      
      When testing, code that causes React state updates should be wrapped into act(...):
      
      act(() => {
        /* fire events that update state */
      });
      /* assert on the output */
      
      This ensures that you're testing the behavior the user would see in the browser. Learn more at https://react.dev/link/wrap-tests-with-act

    [0m [90m 373 |[39m       [36mreturn[39m[33m;[39m
     [90m 374 |[39m     }
    [31m[1m>[22m[39m[90m 375 |[39m     originalError[33m.[39mcall(console[33m,[39m [33m...[39margs)[33m;[39m
     [90m     |[39m                   [31m[1m^[22m[39m
     [90m 376 |[39m   }[33m;[39m
     [90m 377 |[39m })[33m;[39m
     [90m 378 |[39m[0m

      at console.call [as error] (jest.setup.js:375:19)
      at node_modules/.pnpm/react-dom@19.2.0_react@19.2.0/node_modules/react-dom/cjs/react-dom-client.development.js:18758:19
      at runWithFiberInDEV (node_modules/.pnpm/react-dom@19.2.0_react@19.2.0/node_modules/react-dom/cjs/react-dom-client.development.js:874:13)
      at warnIfUpdatesNotWrappedWithActDEV (node_modules/.pnpm/react-dom@19.2.0_react@19.2.0/node_modules/react-dom/cjs/react-dom-client.development.js:18757:9)
      at scheduleUpdateOnFiber (node_modules/.pnpm/react-dom@19.2.0_react@19.2.0/node_modules/react-dom/cjs/react-dom-client.development.js:16409:11)
      at dispatchSetStateInternal (node_modules/.pnpm/react-dom@19.2.0_react@19.2.0/node_modules/react-dom/cjs/react-dom-client.development.js:9170:13)
      at dispatchSetState (node_modules/.pnpm/react-dom@19.2.0_react@19.2.0/node_modules/react-dom/cjs/react-dom-client.development.js:9127:7)
      at setQueue (src/hooks/useUploadQueue.ts:217:9)
      at Object.uploadFile [as startUpload] (src/hooks/useUploadQueue.ts:381:14)

    console.error
      An update to TestComponent inside a test was not wrapped in act(...).
      
      When testing, code that causes React state updates should be wrapped into act(...):
      
      act(() => {
        /* fire events that update state */
      });
      /* assert on the output */
      
      This ensures that you're testing the behavior the user would see in the browser. Learn more at https://react.dev/link/wrap-tests-with-act

    [0m [90m 373 |[39m       [36mreturn[39m[33m;[39m
     [90m 374 |[39m     }
    [31m[1m>[22m[39m[90m 375 |[39m     originalError[33m.[39mcall(console[33m,[39m [33m...[39margs)[33m;[39m
     [90m     |[39m                   [31m[1m^[22m[39m
     [90m 376 |[39m   }[33m;[39m
     [90m 377 |[39m })[33m;[39m
     [90m 378 |[39m[0m

      at console.call [as error] (jest.setup.js:375:19)
      at node_modules/.pnpm/react-dom@19.2.0_react@19.2.0/node_modules/react-dom/cjs/react-dom-client.development.js:18758:19
      at runWithFiberInDEV (node_modules/.pnpm/react-dom@19.2.0_react@19.2.0/node_modules/react-dom/cjs/react-dom-client.development.js:874:13)
      at warnIfUpdatesNotWrappedWithActDEV (node_modules/.pnpm/react-dom@19.2.0_react@19.2.0/node_modules/react-dom/cjs/react-dom-client.development.js:18757:9)
      at scheduleUpdateOnFiber (node_modules/.pnpm/react-dom@19.2.0_react@19.2.0/node_modules/react-dom/cjs/react-dom-client.development.js:16409:11)
      at dispatchSetStateInternal (node_modules/.pnpm/react-dom@19.2.0_react@19.2.0/node_modules/react-dom/cjs/react-dom-client.development.js:9170:13)
      at dispatchSetState (node_modules/.pnpm/react-dom@19.2.0_react@19.2.0/node_modules/react-dom/cjs/react-dom-client.development.js:9127:7)
      at setQueue (src/hooks/useUploadQueue.ts:217:9)
      at Object.uploadFile [as startUpload] (src/hooks/useUploadQueue.ts:381:14)

    console.error
      An update to TestComponent inside a test was not wrapped in act(...).
      
      When testing, code that causes React state updates should be wrapped into act(...):
      
      act(() => {
        /* fire events that update state */
      });
      /* assert on the output */
      
      This ensures that you're testing the behavior the user would see in the browser. Learn more at https://react.dev/link/wrap-tests-with-act

    [0m [90m 373 |[39m       [36mreturn[39m[33m;[39m
     [90m 374 |[39m     }
    [31m[1m>[22m[39m[90m 375 |[39m     originalError[33m.[39mcall(console[33m,[39m [33m...[39margs)[33m;[39m
     [90m     |[39m                   [31m[1m^[22m[39m
     [90m 376 |[39m   }[33m;[39m
     [90m 377 |[39m })[33m;[39m
     [90m 378 |[39m[0m

      at console.call [as error] (jest.setup.js:375:19)
      at node_modules/.pnpm/react-dom@19.2.0_react@19.2.0/node_modules/react-dom/cjs/react-dom-client.development.js:18758:19
      at runWithFiberInDEV (node_modules/.pnpm/react-dom@19.2.0_react@19.2.0/node_modules/react-dom/cjs/react-dom-client.development.js:874:13)
      at warnIfUpdatesNotWrappedWithActDEV (node_modules/.pnpm/react-dom@19.2.0_react@19.2.0/node_modules/react-dom/cjs/react-dom-client.development.js:18757:9)
      at scheduleUpdateOnFiber (node_modules/.pnpm/react-dom@19.2.0_react@19.2.0/node_modules/react-dom/cjs/react-dom-client.development.js:16409:11)
      at dispatchSetStateInternal (node_modules/.pnpm/react-dom@19.2.0_react@19.2.0/node_modules/react-dom/cjs/react-dom-client.development.js:9170:13)
      at dispatchSetState (node_modules/.pnpm/react-dom@19.2.0_react@19.2.0/node_modules/react-dom/cjs/react-dom-client.development.js:9127:7)
      at setQueue (src/hooks/useUploadQueue.ts:217:9)
      at Object.uploadFile [as startUpload] (src/hooks/useUploadQueue.ts:381:14)

    console.error
      An update to TestComponent inside a test was not wrapped in act(...).
      
      When testing, code that causes React state updates should be wrapped into act(...):
      
      act(() => {
        /* fire events that update state */
      });
      /* assert on the output */
      
      This ensures that you're testing the behavior the user would see in the browser. Learn more at https://react.dev/link/wrap-tests-with-act

    [0m [90m 373 |[39m       [36mreturn[39m[33m;[39m
     [90m 374 |[39m     }
    [31m[1m>[22m[39m[90m 375 |[39m     originalError[33m.[39mcall(console[33m,[39m [33m...[39margs)[33m;[39m
     [90m     |[39m                   [31m[1m^[22m[39m
     [90m 376 |[39m   }[33m;[39m
     [90m 377 |[39m })[33m;[39m
     [90m 378 |[39m[0m

      at console.call [as error] (jest.setup.js:375:19)
      at node_modules/.pnpm/react-dom@19.2.0_react@19.2.0/node_modules/react-dom/cjs/react-dom-client.development.js:18758:19
      at runWithFiberInDEV (node_modules/.pnpm/react-dom@19.2.0_react@19.2.0/node_modules/react-dom/cjs/react-dom-client.development.js:874:13)
      at warnIfUpdatesNotWrappedWithActDEV (node_modules/.pnpm/react-dom@19.2.0_react@19.2.0/node_modules/react-dom/cjs/react-dom-client.development.js:18757:9)
      at scheduleUpdateOnFiber (node_modules/.pnpm/react-dom@19.2.0_react@19.2.0/node_modules/react-dom/cjs/react-dom-client.development.js:16409:11)
      at dispatchSetStateInternal (node_modules/.pnpm/react-dom@19.2.0_react@19.2.0/node_modules/react-dom/cjs/react-dom-client.development.js:9170:13)
      at dispatchSetState (node_modules/.pnpm/react-dom@19.2.0_react@19.2.0/node_modules/react-dom/cjs/react-dom-client.development.js:9127:7)
      at setQueue (src/hooks/useUploadQueue.ts:217:9)
      at Object.uploadFile [as startUpload] (src/hooks/useUploadQueue.ts:381:14)

    console.error
      An update to TestComponent inside a test was not wrapped in act(...).
      
      When testing, code that causes React state updates should be wrapped into act(...):
      
      act(() => {
        /* fire events that update state */
      });
      /* assert on the output */
      
      This ensures that you're testing the behavior the user would see in the browser. Learn more at https://react.dev/link/wrap-tests-with-act

    [0m [90m 373 |[39m       [36mreturn[39m[33m;[39m
     [90m 374 |[39m     }
    [31m[1m>[22m[39m[90m 375 |[39m     originalError[33m.[39mcall(console[33m,[39m [33m...[39margs)[33m;[39m
     [90m     |[39m                   [31m[1m^[22m[39m
     [90m 376 |[39m   }[33m;[39m
     [90m 377 |[39m })[33m;[39m
     [90m 378 |[39m[0m

      at console.call [as error] (jest.setup.js:375:19)
      at node_modules/.pnpm/react-dom@19.2.0_react@19.2.0/node_modules/react-dom/cjs/react-dom-client.development.js:18758:19
      at runWithFiberInDEV (node_modules/.pnpm/react-dom@19.2.0_react@19.2.0/node_modules/react-dom/cjs/react-dom-client.development.js:874:13)
      at warnIfUpdatesNotWrappedWithActDEV (node_modules/.pnpm/react-dom@19.2.0_react@19.2.0/node_modules/react-dom/cjs/react-dom-client.development.js:18757:9)
      at scheduleUpdateOnFiber (node_modules/.pnpm/react-dom@19.2.0_react@19.2.0/node_modules/react-dom/cjs/react-dom-client.development.js:16409:11)
      at dispatchSetStateInternal (node_modules/.pnpm/react-dom@19.2.0_react@19.2.0/node_modules/react-dom/cjs/react-dom-client.development.js:9170:13)
      at dispatchSetState (node_modules/.pnpm/react-dom@19.2.0_react@19.2.0/node_modules/react-dom/cjs/react-dom-client.development.js:9127:7)
      at setQueue (src/hooks/useUploadQueue.ts:329:9)

    console.error
      An update to TestComponent inside a test was not wrapped in act(...).
      
      When testing, code that causes React state updates should be wrapped into act(...):
      
      act(() => {
        /* fire events that update state */
      });
      /* assert on the output */
      
      This ensures that you're testing the behavior the user would see in the browser. Learn more at https://react.dev/link/wrap-tests-with-act

    [0m [90m 373 |[39m       [36mreturn[39m[33m;[39m
     [90m 374 |[39m     }
    [31m[1m>[22m[39m[90m 375 |[39m     originalError[33m.[39mcall(console[33m,[39m [33m...[39margs)[33m;[39m
     [90m     |[39m                   [31m[1m^[22m[39m
     [90m 376 |[39m   }[33m;[39m
     [90m 377 |[39m })[33m;[39m
     [90m 378 |[39m[0m

      at console.call [as error] (jest.setup.js:375:19)
      at node_modules/.pnpm/react-dom@19.2.0_react@19.2.0/node_modules/react-dom/cjs/react-dom-client.development.js:18758:19
      at runWithFiberInDEV (node_modules/.pnpm/react-dom@19.2.0_react@19.2.0/node_modules/react-dom/cjs/react-dom-client.development.js:874:13)
      at warnIfUpdatesNotWrappedWithActDEV (node_modules/.pnpm/react-dom@19.2.0_react@19.2.0/node_modules/react-dom/cjs/react-dom-client.development.js:18757:9)
      at scheduleUpdateOnFiber (node_modules/.pnpm/react-dom@19.2.0_react@19.2.0/node_modules/react-dom/cjs/react-dom-client.development.js:16409:11)
      at dispatchSetStateInternal (node_modules/.pnpm/react-dom@19.2.0_react@19.2.0/node_modules/react-dom/cjs/react-dom-client.development.js:9170:13)
      at dispatchSetState (node_modules/.pnpm/react-dom@19.2.0_react@19.2.0/node_modules/react-dom/cjs/react-dom-client.development.js:9127:7)
      at setQueue (src/hooks/useUploadQueue.ts:299:9)

    console.error
      An update to TestComponent inside a test was not wrapped in act(...).
      
      When testing, code that causes React state updates should be wrapped into act(...):
      
      act(() => {
        /* fire events that update state */
      });
      /* assert on the output */
      
      This ensures that you're testing the behavior the user would see in the browser. Learn more at https://react.dev/link/wrap-tests-with-act

    [0m [90m 373 |[39m       [36mreturn[39m[33m;[39m
     [90m 374 |[39m     }
    [31m[1m>[22m[39m[90m 375 |[39m     originalError[33m.[39mcall(console[33m,[39m [33m...[39margs)[33m;[39m
     [90m     |[39m                   [31m[1m^[22m[39m
     [90m 376 |[39m   }[33m;[39m
     [90m 377 |[39m })[33m;[39m
     [90m 378 |[39m[0m

      at console.call [as error] (jest.setup.js:375:19)
      at node_modules/.pnpm/react-dom@19.2.0_react@19.2.0/node_modules/react-dom/cjs/react-dom-client.development.js:18758:19
      at runWithFiberInDEV (node_modules/.pnpm/react-dom@19.2.0_react@19.2.0/node_modules/react-dom/cjs/react-dom-client.development.js:874:13)
      at warnIfUpdatesNotWrappedWithActDEV (node_modules/.pnpm/react-dom@19.2.0_react@19.2.0/node_modules/react-dom/cjs/react-dom-client.development.js:18757:9)
      at scheduleUpdateOnFiber (node_modules/.pnpm/react-dom@19.2.0_react@19.2.0/node_modules/react-dom/cjs/react-dom-client.development.js:16409:11)
      at dispatchSetStateInternal (node_modules/.pnpm/react-dom@19.2.0_react@19.2.0/node_modules/react-dom/cjs/react-dom-client.development.js:9170:13)
      at dispatchSetState (node_modules/.pnpm/react-dom@19.2.0_react@19.2.0/node_modules/react-dom/cjs/react-dom-client.development.js:9127:7)
      at setQueue (src/hooks/useUploadQueue.ts:217:9)
      at Object.uploadFile [as startUpload] (src/hooks/useUploadQueue.ts:381:14)

    console.error
      An update to TestComponent inside a test was not wrapped in act(...).
      
      When testing, code that causes React state updates should be wrapped into act(...):
      
      act(() => {
        /* fire events that update state */
      });
      /* assert on the output */
      
      This ensures that you're testing the behavior the user would see in the browser. Learn more at https://react.dev/link/wrap-tests-with-act

    [0m [90m 373 |[39m       [36mreturn[39m[33m;[39m
     [90m 374 |[39m     }
    [31m[1m>[22m[39m[90m 375 |[39m     originalError[33m.[39mcall(console[33m,[39m [33m...[39margs)[33m;[39m
     [90m     |[39m                   [31m[1m^[22m[39m
     [90m 376 |[39m   }[33m;[39m
     [90m 377 |[39m })[33m;[39m
     [90m 378 |[39m[0m

      at console.call [as error] (jest.setup.js:375:19)
      at node_modules/.pnpm/react-dom@19.2.0_react@19.2.0/node_modules/react-dom/cjs/react-dom-client.development.js:18758:19
      at runWithFiberInDEV (node_modules/.pnpm/react-dom@19.2.0_react@19.2.0/node_modules/react-dom/cjs/react-dom-client.development.js:874:13)
      at warnIfUpdatesNotWrappedWithActDEV (node_modules/.pnpm/react-dom@19.2.0_react@19.2.0/node_modules/react-dom/cjs/react-dom-client.development.js:18757:9)
      at scheduleUpdateOnFiber (node_modules/.pnpm/react-dom@19.2.0_react@19.2.0/node_modules/react-dom/cjs/react-dom-client.development.js:16409:11)
      at dispatchSetStateInternal (node_modules/.pnpm/react-dom@19.2.0_react@19.2.0/node_modules/react-dom/cjs/react-dom-client.development.js:9170:13)
      at dispatchSetState (node_modules/.pnpm/react-dom@19.2.0_react@19.2.0/node_modules/react-dom/cjs/react-dom-client.development.js:9127:7)
      at setQueue (src/hooks/useUploadQueue.ts:217:9)
      at Object.uploadFile [as startUpload] (src/hooks/useUploadQueue.ts:381:14)

    console.error
      An update to TestComponent inside a test was not wrapped in act(...).
      
      When testing, code that causes React state updates should be wrapped into act(...):
      
      act(() => {
        /* fire events that update state */
      });
      /* assert on the output */
      
      This ensures that you're testing the behavior the user would see in the browser. Learn more at https://react.dev/link/wrap-tests-with-act

    [0m [90m 373 |[39m       [36mreturn[39m[33m;[39m
     [90m 374 |[39m     }
    [31m[1m>[22m[39m[90m 375 |[39m     originalError[33m.[39mcall(console[33m,[39m [33m...[39margs)[33m;[39m
     [90m     |[39m                   [31m[1m^[22m[39m
     [90m 376 |[39m   }[33m;[39m
     [90m 377 |[39m })[33m;[39m
     [90m 378 |[39m[0m

      at console.call [as error] (jest.setup.js:375:19)
      at node_modules/.pnpm/react-dom@19.2.0_react@19.2.0/node_modules/react-dom/cjs/react-dom-client.development.js:18758:19
      at runWithFiberInDEV (node_modules/.pnpm/react-dom@19.2.0_react@19.2.0/node_modules/react-dom/cjs/react-dom-client.development.js:874:13)
      at warnIfUpdatesNotWrappedWithActDEV (node_modules/.pnpm/react-dom@19.2.0_react@19.2.0/node_modules/react-dom/cjs/react-dom-client.development.js:18757:9)
      at scheduleUpdateOnFiber (node_modules/.pnpm/react-dom@19.2.0_react@19.2.0/node_modules/react-dom/cjs/react-dom-client.development.js:16409:11)
      at dispatchSetStateInternal (node_modules/.pnpm/react-dom@19.2.0_react@19.2.0/node_modules/react-dom/cjs/react-dom-client.development.js:9170:13)
      at dispatchSetState (node_modules/.pnpm/react-dom@19.2.0_react@19.2.0/node_modules/react-dom/cjs/react-dom-client.development.js:9127:7)
      at setQueue (src/hooks/useUploadQueue.ts:299:9)

    console.error
      An update to TestComponent inside a test was not wrapped in act(...).
      
      When testing, code that causes React state updates should be wrapped into act(...):
      
      act(() => {
        /* fire events that update state */
      });
      /* assert on the output */
      
      This ensures that you're testing the behavior the user would see in the browser. Learn more at https://react.dev/link/wrap-tests-with-act

    [0m [90m 373 |[39m       [36mreturn[39m[33m;[39m
     [90m 374 |[39m     }
    [31m[1m>[22m[39m[90m 375 |[39m     originalError[33m.[39mcall(console[33m,[39m [33m...[39margs)[33m;[39m
     [90m     |[39m                   [31m[1m^[22m[39m
     [90m 376 |[39m   }[33m;[39m
     [90m 377 |[39m })[33m;[39m
     [90m 378 |[39m[0m

      at console.call [as error] (jest.setup.js:375:19)
      at node_modules/.pnpm/react-dom@19.2.0_react@19.2.0/node_modules/react-dom/cjs/react-dom-client.development.js:18758:19
      at runWithFiberInDEV (node_modules/.pnpm/react-dom@19.2.0_react@19.2.0/node_modules/react-dom/cjs/react-dom-client.development.js:874:13)
      at warnIfUpdatesNotWrappedWithActDEV (node_modules/.pnpm/react-dom@19.2.0_react@19.2.0/node_modules/react-dom/cjs/react-dom-client.development.js:18757:9)
      at scheduleUpdateOnFiber (node_modules/.pnpm/react-dom@19.2.0_react@19.2.0/node_modules/react-dom/cjs/react-dom-client.development.js:16409:11)
      at dispatchSetStateInternal (node_modules/.pnpm/react-dom@19.2.0_react@19.2.0/node_modules/react-dom/cjs/react-dom-client.development.js:9170:13)
      at dispatchSetState (node_modules/.pnpm/react-dom@19.2.0_react@19.2.0/node_modules/react-dom/cjs/react-dom-client.development.js:9127:7)
      at setQueue (src/hooks/useUploadQueue.ts:217:9)
      at Object.uploadFile [as startUpload] (src/hooks/useUploadQueue.ts:381:14)

    console.error
      An update to TestComponent inside a test was not wrapped in act(...).
      
      When testing, code that causes React state updates should be wrapped into act(...):
      
      act(() => {
        /* fire events that update state */
      });
      /* assert on the output */
      
      This ensures that you're testing the behavior the user would see in the browser. Learn more at https://react.dev/link/wrap-tests-with-act

    [0m [90m 373 |[39m       [36mreturn[39m[33m;[39m
     [90m 374 |[39m     }
    [31m[1m>[22m[39m[90m 375 |[39m     originalError[33m.[39mcall(console[33m,[39m [33m...[39margs)[33m;[39m
     [90m     |[39m                   [31m[1m^[22m[39m
     [90m 376 |[39m   }[33m;[39m
     [90m 377 |[39m })[33m;[39m
     [90m 378 |[39m[0m

      at console.call [as error] (jest.setup.js:375:19)
      at node_modules/.pnpm/react-dom@19.2.0_react@19.2.0/node_modules/react-dom/cjs/react-dom-client.development.js:18758:19
      at runWithFiberInDEV (node_modules/.pnpm/react-dom@19.2.0_react@19.2.0/node_modules/react-dom/cjs/react-dom-client.development.js:874:13)
      at warnIfUpdatesNotWrappedWithActDEV (node_modules/.pnpm/react-dom@19.2.0_react@19.2.0/node_modules/react-dom/cjs/react-dom-client.development.js:18757:9)
      at scheduleUpdateOnFiber (node_modules/.pnpm/react-dom@19.2.0_react@19.2.0/node_modules/react-dom/cjs/react-dom-client.development.js:16409:11)
      at dispatchSetStateInternal (node_modules/.pnpm/react-dom@19.2.0_react@19.2.0/node_modules/react-dom/cjs/react-dom-client.development.js:9170:13)
      at dispatchSetState (node_modules/.pnpm/react-dom@19.2.0_react@19.2.0/node_modules/react-dom/cjs/react-dom-client.development.js:9127:7)
      at setQueue (src/hooks/useUploadQueue.ts:329:9)

    console.error
      An update to TestComponent inside a test was not wrapped in act(...).
      
      When testing, code that causes React state updates should be wrapped into act(...):
      
      act(() => {
        /* fire events that update state */
      });
      /* assert on the output */
      
      This ensures that you're testing the behavior the user would see in the browser. Learn more at https://react.dev/link/wrap-tests-with-act

    [0m [90m 373 |[39m       [36mreturn[39m[33m;[39m
     [90m 374 |[39m     }
    [31m[1m>[22m[39m[90m 375 |[39m     originalError[33m.[39mcall(console[33m,[39m [33m...[39margs)[33m;[39m
     [90m     |[39m                   [31m[1m^[22m[39m
     [90m 376 |[39m   }[33m;[39m
     [90m 377 |[39m })[33m;[39m
     [90m 378 |[39m[0m

      at console.call [as error] (jest.setup.js:375:19)
      at node_modules/.pnpm/react-dom@19.2.0_react@19.2.0/node_modules/react-dom/cjs/react-dom-client.development.js:18758:19
      at runWithFiberInDEV (node_modules/.pnpm/react-dom@19.2.0_react@19.2.0/node_modules/react-dom/cjs/react-dom-client.development.js:874:13)
      at warnIfUpdatesNotWrappedWithActDEV (node_modules/.pnpm/react-dom@19.2.0_react@19.2.0/node_modules/react-dom/cjs/react-dom-client.development.js:18757:9)
      at scheduleUpdateOnFiber (node_modules/.pnpm/react-dom@19.2.0_react@19.2.0/node_modules/react-dom/cjs/react-dom-client.development.js:16409:11)
      at dispatchSetStateInternal (node_modules/.pnpm/react-dom@19.2.0_react@19.2.0/node_modules/react-dom/cjs/react-dom-client.development.js:9170:13)
      at dispatchSetState (node_modules/.pnpm/react-dom@19.2.0_react@19.2.0/node_modules/react-dom/cjs/react-dom-client.development.js:9127:7)
      at setQueue (src/hooks/useUploadQueue.ts:217:9)
      at Object.uploadFile [as startUpload] (src/hooks/useUploadQueue.ts:381:14)

    console.error
      An update to TestComponent inside a test was not wrapped in act(...).
      
      When testing, code that causes React state updates should be wrapped into act(...):
      
      act(() => {
        /* fire events that update state */
      });
      /* assert on the output */
      
      This ensures that you're testing the behavior the user would see in the browser. Learn more at https://react.dev/link/wrap-tests-with-act

    [0m [90m 373 |[39m       [36mreturn[39m[33m;[39m
     [90m 374 |[39m     }
    [31m[1m>[22m[39m[90m 375 |[39m     originalError[33m.[39mcall(console[33m,[39m [33m...[39margs)[33m;[39m
     [90m     |[39m                   [31m[1m^[22m[39m
     [90m 376 |[39m   }[33m;[39m
     [90m 377 |[39m })[33m;[39m
     [90m 378 |[39m[0m

      at console.call [as error] (jest.setup.js:375:19)
      at node_modules/.pnpm/react-dom@19.2.0_react@19.2.0/node_modules/react-dom/cjs/react-dom-client.development.js:18758:19
      at runWithFiberInDEV (node_modules/.pnpm/react-dom@19.2.0_react@19.2.0/node_modules/react-dom/cjs/react-dom-client.development.js:874:13)
      at warnIfUpdatesNotWrappedWithActDEV (node_modules/.pnpm/react-dom@19.2.0_react@19.2.0/node_modules/react-dom/cjs/react-dom-client.development.js:18757:9)
      at scheduleUpdateOnFiber (node_modules/.pnpm/react-dom@19.2.0_react@19.2.0/node_modules/react-dom/cjs/react-dom-client.development.js:16409:11)
      at dispatchSetStateInternal (node_modules/.pnpm/react-dom@19.2.0_react@19.2.0/node_modules/react-dom/cjs/react-dom-client.development.js:9170:13)
      at dispatchSetState (node_modules/.pnpm/react-dom@19.2.0_react@19.2.0/node_modules/react-dom/cjs/react-dom-client.development.js:9127:7)
      at setQueue (src/hooks/useUploadQueue.ts:329:9)

    console.error
      An update to TestComponent inside a test was not wrapped in act(...).
      
      When testing, code that causes React state updates should be wrapped into act(...):
      
      act(() => {
        /* fire events that update state */
      });
      /* assert on the output */
      
      This ensures that you're testing the behavior the user would see in the browser. Learn more at https://react.dev/link/wrap-tests-with-act

    [0m [90m 373 |[39m       [36mreturn[39m[33m;[39m
     [90m 374 |[39m     }
    [31m[1m>[22m[39m[90m 375 |[39m     originalError[33m.[39mcall(console[33m,[39m [33m...[39margs)[33m;[39m
     [90m     |[39m                   [31m[1m^[22m[39m
     [90m 376 |[39m   }[33m;[39m
     [90m 377 |[39m })[33m;[39m
     [90m 378 |[39m[0m

      at console.call [as error] (jest.setup.js:375:19)
      at node_modules/.pnpm/react-dom@19.2.0_react@19.2.0/node_modules/react-dom/cjs/react-dom-client.development.js:18758:19
      at runWithFiberInDEV (node_modules/.pnpm/react-dom@19.2.0_react@19.2.0/node_modules/react-dom/cjs/react-dom-client.development.js:874:13)
      at warnIfUpdatesNotWrappedWithActDEV (node_modules/.pnpm/react-dom@19.2.0_react@19.2.0/node_modules/react-dom/cjs/react-dom-client.development.js:18757:9)
      at scheduleUpdateOnFiber (node_modules/.pnpm/react-dom@19.2.0_react@19.2.0/node_modules/react-dom/cjs/react-dom-client.development.js:16409:11)
      at dispatchSetStateInternal (node_modules/.pnpm/react-dom@19.2.0_react@19.2.0/node_modules/react-dom/cjs/react-dom-client.development.js:9170:13)
      at dispatchSetState (node_modules/.pnpm/react-dom@19.2.0_react@19.2.0/node_modules/react-dom/cjs/react-dom-client.development.js:9127:7)
      at setQueue (src/hooks/useUploadQueue.ts:217:9)
      at Object.uploadFile [as startUpload] (src/hooks/useUploadQueue.ts:381:14)

    console.error
      An update to TestComponent inside a test was not wrapped in act(...).
      
      When testing, code that causes React state updates should be wrapped into act(...):
      
      act(() => {
        /* fire events that update state */
      });
      /* assert on the output */
      
      This ensures that you're testing the behavior the user would see in the browser. Learn more at https://react.dev/link/wrap-tests-with-act

    [0m [90m 373 |[39m       [36mreturn[39m[33m;[39m
     [90m 374 |[39m     }
    [31m[1m>[22m[39m[90m 375 |[39m     originalError[33m.[39mcall(console[33m,[39m [33m...[39margs)[33m;[39m
     [90m     |[39m                   [31m[1m^[22m[39m
     [90m 376 |[39m   }[33m;[39m
     [90m 377 |[39m })[33m;[39m
     [90m 378 |[39m[0m

      at console.call [as error] (jest.setup.js:375:19)
      at node_modules/.pnpm/react-dom@19.2.0_react@19.2.0/node_modules/react-dom/cjs/react-dom-client.development.js:18758:19
      at runWithFiberInDEV (node_modules/.pnpm/react-dom@19.2.0_react@19.2.0/node_modules/react-dom/cjs/react-dom-client.development.js:874:13)
      at warnIfUpdatesNotWrappedWithActDEV (node_modules/.pnpm/react-dom@19.2.0_react@19.2.0/node_modules/react-dom/cjs/react-dom-client.development.js:18757:9)
      at scheduleUpdateOnFiber (node_modules/.pnpm/react-dom@19.2.0_react@19.2.0/node_modules/react-dom/cjs/react-dom-client.development.js:16409:11)
      at dispatchSetStateInternal (node_modules/.pnpm/react-dom@19.2.0_react@19.2.0/node_modules/react-dom/cjs/react-dom-client.development.js:9170:13)
      at dispatchSetState (node_modules/.pnpm/react-dom@19.2.0_react@19.2.0/node_modules/react-dom/cjs/react-dom-client.development.js:9127:7)
      at setQueue (src/hooks/useUploadQueue.ts:329:9)

    console.error
      An update to TestComponent inside a test was not wrapped in act(...).
      
      When testing, code that causes React state updates should be wrapped into act(...):
      
      act(() => {
        /* fire events that update state */
      });
      /* assert on the output */
      
      This ensures that you're testing the behavior the user would see in the browser. Learn more at https://react.dev/link/wrap-tests-with-act

    [0m [90m 373 |[39m       [36mreturn[39m[33m;[39m
     [90m 374 |[39m     }
    [31m[1m>[22m[39m[90m 375 |[39m     originalError[33m.[39mcall(console[33m,[39m [33m...[39margs)[33m;[39m
     [90m     |[39m                   [31m[1m^[22m[39m
     [90m 376 |[39m   }[33m;[39m
     [90m 377 |[39m })[33m;[39m
     [90m 378 |[39m[0m

      at console.call [as error] (jest.setup.js:375:19)
      at node_modules/.pnpm/react-dom@19.2.0_react@19.2.0/node_modules/react-dom/cjs/react-dom-client.development.js:18758:19
      at runWithFiberInDEV (node_modules/.pnpm/react-dom@19.2.0_react@19.2.0/node_modules/react-dom/cjs/react-dom-client.development.js:874:13)
      at warnIfUpdatesNotWrappedWithActDEV (node_modules/.pnpm/react-dom@19.2.0_react@19.2.0/node_modules/react-dom/cjs/react-dom-client.development.js:18757:9)
      at scheduleUpdateOnFiber (node_modules/.pnpm/react-dom@19.2.0_react@19.2.0/node_modules/react-dom/cjs/react-dom-client.development.js:16409:11)
      at dispatchSetStateInternal (node_modules/.pnpm/react-dom@19.2.0_react@19.2.0/node_modules/react-dom/cjs/react-dom-client.development.js:9170:13)
      at dispatchSetState (node_modules/.pnpm/react-dom@19.2.0_react@19.2.0/node_modules/react-dom/cjs/react-dom-client.development.js:9127:7)
      at setQueue (src/hooks/useUploadQueue.ts:217:9)
      at Object.uploadFile [as startUpload] (src/hooks/useUploadQueue.ts:381:14)

    console.error
      An update to TestComponent inside a test was not wrapped in act(...).
      
      When testing, code that causes React state updates should be wrapped into act(...):
      
      act(() => {
        /* fire events that update state */
      });
      /* assert on the output */
      
      This ensures that you're testing the behavior the user would see in the browser. Learn more at https://react.dev/link/wrap-tests-with-act

    [0m [90m 373 |[39m       [36mreturn[39m[33m;[39m
     [90m 374 |[39m     }
    [31m[1m>[22m[39m[90m 375 |[39m     originalError[33m.[39mcall(console[33m,[39m [33m...[39margs)[33m;[39m
     [90m     |[39m                   [31m[1m^[22m[39m
     [90m 376 |[39m   }[33m;[39m
     [90m 377 |[39m })[33m;[39m
     [90m 378 |[39m[0m

      at console.call [as error] (jest.setup.js:375:19)
      at node_modules/.pnpm/react-dom@19.2.0_react@19.2.0/node_modules/react-dom/cjs/react-dom-client.development.js:18758:19
      at runWithFiberInDEV (node_modules/.pnpm/react-dom@19.2.0_react@19.2.0/node_modules/react-dom/cjs/react-dom-client.development.js:874:13)
      at warnIfUpdatesNotWrappedWithActDEV (node_modules/.pnpm/react-dom@19.2.0_react@19.2.0/node_modules/react-dom/cjs/react-dom-client.development.js:18757:9)
      at scheduleUpdateOnFiber (node_modules/.pnpm/react-dom@19.2.0_react@19.2.0/node_modules/react-dom/cjs/react-dom-client.development.js:16409:11)
      at dispatchSetStateInternal (node_modules/.pnpm/react-dom@19.2.0_react@19.2.0/node_modules/react-dom/cjs/react-dom-client.development.js:9170:13)
      at dispatchSetState (node_modules/.pnpm/react-dom@19.2.0_react@19.2.0/node_modules/react-dom/cjs/react-dom-client.development.js:9127:7)
      at Object.setQueue (src/hooks/useUploadQueue.ts:170:5)
      at clearAll (src/hooks/__tests__/useUploadQueue.test.ts:1644:24)
      at src/hooks/useUploadQueue.ts:231:48
      at Object.uploadFile [as startUpload] (src/hooks/useUploadQueue.ts:381:14)

    console.error
      An update to TestComponent inside a test was not wrapped in act(...).
      
      When testing, code that causes React state updates should be wrapped into act(...):
      
      act(() => {
        /* fire events that update state */
      });
      /* assert on the output */
      
      This ensures that you're testing the behavior the user would see in the browser. Learn more at https://react.dev/link/wrap-tests-with-act

    [0m [90m 373 |[39m       [36mreturn[39m[33m;[39m
     [90m 374 |[39m     }
    [31m[1m>[22m[39m[90m 375 |[39m     originalError[33m.[39mcall(console[33m,[39m [33m...[39margs)[33m;[39m
     [90m     |[39m                   [31m[1m^[22m[39m
     [90m 376 |[39m   }[33m;[39m
     [90m 377 |[39m })[33m;[39m
     [90m 378 |[39m[0m

      at console.call [as error] (jest.setup.js:375:19)
      at node_modules/.pnpm/react-dom@19.2.0_react@19.2.0/node_modules/react-dom/cjs/react-dom-client.development.js:18758:19
      at runWithFiberInDEV (node_modules/.pnpm/react-dom@19.2.0_react@19.2.0/node_modules/react-dom/cjs/react-dom-client.development.js:874:13)
      at warnIfUpdatesNotWrappedWithActDEV (node_modules/.pnpm/react-dom@19.2.0_react@19.2.0/node_modules/react-dom/cjs/react-dom-client.development.js:18757:9)
      at scheduleUpdateOnFiber (node_modules/.pnpm/react-dom@19.2.0_react@19.2.0/node_modules/react-dom/cjs/react-dom-client.development.js:16409:11)
      at dispatchSetStateInternal (node_modules/.pnpm/react-dom@19.2.0_react@19.2.0/node_modules/react-dom/cjs/react-dom-client.development.js:9170:13)
      at dispatchSetState (node_modules/.pnpm/react-dom@19.2.0_react@19.2.0/node_modules/react-dom/cjs/react-dom-client.development.js:9127:7)
      at Object.setQueue [as onRetry] (src/hooks/useUploadQueue.ts:268:15)
      at onRetry (src/hooks/__tests__/useUploadQueue.test.ts:1648:19)
      at src/hooks/useUploadQueue.ts:231:48
      at Object.uploadFile [as startUpload] (src/hooks/useUploadQueue.ts:381:14)

    console.error
      An update to TestComponent inside a test was not wrapped in act(...).
      
      When testing, code that causes React state updates should be wrapped into act(...):
      
      act(() => {
        /* fire events that update state */
      });
      /* assert on the output */
      
      This ensures that you're testing the behavior the user would see in the browser. Learn more at https://react.dev/link/wrap-tests-with-act

    [0m [90m 373 |[39m       [36mreturn[39m[33m;[39m
     [90m 374 |[39m     }
    [31m[1m>[22m[39m[90m 375 |[39m     originalError[33m.[39mcall(console[33m,[39m [33m...[39margs)[33m;[39m
     [90m     |[39m                   [31m[1m^[22m[39m
     [90m 376 |[39m   }[33m;[39m
     [90m 377 |[39m })[33m;[39m
     [90m 378 |[39m[0m

      at console.call [as error] (jest.setup.js:375:19)
      at node_modules/.pnpm/react-dom@19.2.0_react@19.2.0/node_modules/react-dom/cjs/react-dom-client.development.js:18758:19
      at runWithFiberInDEV (node_modules/.pnpm/react-dom@19.2.0_react@19.2.0/node_modules/react-dom/cjs/react-dom-client.development.js:874:13)
      at warnIfUpdatesNotWrappedWithActDEV (node_modules/.pnpm/react-dom@19.2.0_react@19.2.0/node_modules/react-dom/cjs/react-dom-client.development.js:18757:9)
      at scheduleUpdateOnFiber (node_modules/.pnpm/react-dom@19.2.0_react@19.2.0/node_modules/react-dom/cjs/react-dom-client.development.js:16409:11)
      at dispatchSetStateInternal (node_modules/.pnpm/react-dom@19.2.0_react@19.2.0/node_modules/react-dom/cjs/react-dom-client.development.js:9170:13)
      at dispatchSetState (node_modules/.pnpm/react-dom@19.2.0_react@19.2.0/node_modules/react-dom/cjs/react-dom-client.development.js:9127:7)
      at setQueue (src/hooks/useUploadQueue.ts:329:9)

PASS src/__tests__/components/UploadQueue.test.tsx
PASS src/components/__tests__/InlineCommentIndicator.test.tsx
PASS src/__tests__/pages/admin-prompts-version-detail.test.tsx
PASS src/__tests__/components/VersionTimeline.test.tsx
PASS src/__tests__/components/chat/MessageActions.test.tsx
PASS src/__tests__/components/chat/ChatContent.test.tsx
PASS src/__tests__/components/editor/EditorToolbar.test.tsx
PASS src/components/admin/__tests__/FeatureFlagsTab.test.tsx
PASS src/components/diff/__tests__/DiffNavigationControls.test.tsx
PASS src/components/timeline/__tests__/TimelineEventList.test.tsx
PASS src/__tests__/components/wizard/WizardSteps.test.tsx
PASS src/__tests__/pages/auth-callback.test.tsx
PASS src/components/__tests__/SessionWarningModal.test.tsx
  ● Console

    console.error
      An update to SessionWarningModal inside a test was not wrapped in act(...).
      
      When testing, code that causes React state updates should be wrapped into act(...):
      
      act(() => {
        /* fire events that update state */
      });
      /* assert on the output */
      
      This ensures that you're testing the behavior the user would see in the browser. Learn more at https://react.dev/link/wrap-tests-with-act

    [0m [90m 373 |[39m       [36mreturn[39m[33m;[39m
     [90m 374 |[39m     }
    [31m[1m>[22m[39m[90m 375 |[39m     originalError[33m.[39mcall(console[33m,[39m [33m...[39margs)[33m;[39m
     [90m     |[39m                   [31m[1m^[22m[39m
     [90m 376 |[39m   }[33m;[39m
     [90m 377 |[39m })[33m;[39m
     [90m 378 |[39m[0m

      at console.call [as error] (jest.setup.js:375:19)
      at node_modules/.pnpm/react-dom@19.2.0_react@19.2.0/node_modules/react-dom/cjs/react-dom-client.development.js:18758:19
      at runWithFiberInDEV (node_modules/.pnpm/react-dom@19.2.0_react@19.2.0/node_modules/react-dom/cjs/react-dom-client.development.js:874:13)
      at warnIfUpdatesNotWrappedWithActDEV (node_modules/.pnpm/react-dom@19.2.0_react@19.2.0/node_modules/react-dom/cjs/react-dom-client.development.js:18757:9)
      at scheduleUpdateOnFiber (node_modules/.pnpm/react-dom@19.2.0_react@19.2.0/node_modules/react-dom/cjs/react-dom-client.development.js:16409:11)
      at dispatchSetStateInternal (node_modules/.pnpm/react-dom@19.2.0_react@19.2.0/node_modules/react-dom/cjs/react-dom-client.development.js:9170:13)
      at dispatchSetState (node_modules/.pnpm/react-dom@19.2.0_react@19.2.0/node_modules/react-dom/cjs/react-dom-client.development.js:9127:7)
      at setRemainingMinutes (src/components/SessionWarningModal.tsx:61:7)
      at callTimer (node_modules/.pnpm/@sinonjs+fake-timers@13.0.5/node_modules/@sinonjs/fake-timers/src/fake-timers-src.js:806:24)
      at doTickInner (node_modules/.pnpm/@sinonjs+fake-timers@13.0.5/node_modules/@sinonjs/fake-timers/src/fake-timers-src.js:1413:29)
      at doTick (node_modules/.pnpm/@sinonjs+fake-timers@13.0.5/node_modules/@sinonjs/fake-timers/src/fake-timers-src.js:1494:20)
      at Object.tick (node_modules/.pnpm/@sinonjs+fake-timers@13.0.5/node_modules/@sinonjs/fake-timers/src/fake-timers-src.js:1502:20)
      at Object.runToLast (node_modules/.pnpm/@sinonjs+fake-timers@13.0.5/node_modules/@sinonjs/fake-timers/src/fake-timers-src.js:1661:26)
      at FakeTimers.runOnlyPendingTimers (node_modules/.pnpm/@jest+fake-timers@30.2.0/node_modules/@jest/fake-timers/build/index.js:542:19)
      at Object.runOnlyPendingTimers (src/components/__tests__/SessionWarningModal.test.tsx:52:10)

    console.error
      An update to SessionWarningModal inside a test was not wrapped in act(...).
      
      When testing, code that causes React state updates should be wrapped into act(...):
      
      act(() => {
        /* fire events that update state */
      });
      /* assert on the output */
      
      This ensures that you're testing the behavior the user would see in the browser. Learn more at https://react.dev/link/wrap-tests-with-act

    [0m [90m 373 |[39m       [36mreturn[39m[33m;[39m
     [90m 374 |[39m     }
    [31m[1m>[22m[39m[90m 375 |[39m     originalError[33m.[39mcall(console[33m,[39m [33m...[39margs)[33m;[39m
     [90m     |[39m                   [31m[1m^[22m[39m
     [90m 376 |[39m   }[33m;[39m
     [90m 377 |[39m })[33m;[39m
     [90m 378 |[39m[0m

      at console.call [as error] (jest.setup.js:375:19)
      at node_modules/.pnpm/react-dom@19.2.0_react@19.2.0/node_modules/react-dom/cjs/react-dom-client.development.js:18758:19
      at runWithFiberInDEV (node_modules/.pnpm/react-dom@19.2.0_react@19.2.0/node_modules/react-dom/cjs/react-dom-client.development.js:874:13)
      at warnIfUpdatesNotWrappedWithActDEV (node_modules/.pnpm/react-dom@19.2.0_react@19.2.0/node_modules/react-dom/cjs/react-dom-client.development.js:18757:9)
      at scheduleUpdateOnFiber (node_modules/.pnpm/react-dom@19.2.0_react@19.2.0/node_modules/react-dom/cjs/react-dom-client.development.js:16409:11)
      at dispatchSetStateInternal (node_modules/.pnpm/react-dom@19.2.0_react@19.2.0/node_modules/react-dom/cjs/react-dom-client.development.js:9170:13)
      at dispatchSetState (node_modules/.pnpm/react-dom@19.2.0_react@19.2.0/node_modules/react-dom/cjs/react-dom-client.development.js:9127:7)
      at setRemainingMinutes (src/components/SessionWarningModal.tsx:61:7)
      at callTimer (node_modules/.pnpm/@sinonjs+fake-timers@13.0.5/node_modules/@sinonjs/fake-timers/src/fake-timers-src.js:806:24)
      at doTickInner (node_modules/.pnpm/@sinonjs+fake-timers@13.0.5/node_modules/@sinonjs/fake-timers/src/fake-timers-src.js:1413:29)
      at doTick (node_modules/.pnpm/@sinonjs+fake-timers@13.0.5/node_modules/@sinonjs/fake-timers/src/fake-timers-src.js:1494:20)
      at Object.tick (node_modules/.pnpm/@sinonjs+fake-timers@13.0.5/node_modules/@sinonjs/fake-timers/src/fake-timers-src.js:1502:20)
      at Object.runToLast (node_modules/.pnpm/@sinonjs+fake-timers@13.0.5/node_modules/@sinonjs/fake-timers/src/fake-timers-src.js:1661:26)
      at FakeTimers.runOnlyPendingTimers (node_modules/.pnpm/@jest+fake-timers@30.2.0/node_modules/@jest/fake-timers/build/index.js:542:19)
      at Object.runOnlyPendingTimers (src/components/__tests__/SessionWarningModal.test.tsx:52:10)

    console.error
      An update to SessionWarningModal inside a test was not wrapped in act(...).
      
      When testing, code that causes React state updates should be wrapped into act(...):
      
      act(() => {
        /* fire events that update state */
      });
      /* assert on the output */
      
      This ensures that you're testing the behavior the user would see in the browser. Learn more at https://react.dev/link/wrap-tests-with-act

    [0m [90m 373 |[39m       [36mreturn[39m[33m;[39m
     [90m 374 |[39m     }
    [31m[1m>[22m[39m[90m 375 |[39m     originalError[33m.[39mcall(console[33m,[39m [33m...[39margs)[33m;[39m
     [90m     |[39m                   [31m[1m^[22m[39m
     [90m 376 |[39m   }[33m;[39m
     [90m 377 |[39m })[33m;[39m
     [90m 378 |[39m[0m

      at console.call [as error] (jest.setup.js:375:19)
      at node_modules/.pnpm/react-dom@19.2.0_react@19.2.0/node_modules/react-dom/cjs/react-dom-client.development.js:18758:19
      at runWithFiberInDEV (node_modules/.pnpm/react-dom@19.2.0_react@19.2.0/node_modules/react-dom/cjs/react-dom-client.development.js:874:13)
      at warnIfUpdatesNotWrappedWithActDEV (node_modules/.pnpm/react-dom@19.2.0_react@19.2.0/node_modules/react-dom/cjs/react-dom-client.development.js:18757:9)
      at scheduleUpdateOnFiber (node_modules/.pnpm/react-dom@19.2.0_react@19.2.0/node_modules/react-dom/cjs/react-dom-client.development.js:16409:11)
      at dispatchSetStateInternal (node_modules/.pnpm/react-dom@19.2.0_react@19.2.0/node_modules/react-dom/cjs/react-dom-client.development.js:9170:13)
      at dispatchSetState (node_modules/.pnpm/react-dom@19.2.0_react@19.2.0/node_modules/react-dom/cjs/react-dom-client.development.js:9127:7)
      at setRemainingMinutes (src/components/SessionWarningModal.tsx:61:7)
      at callTimer (node_modules/.pnpm/@sinonjs+fake-timers@13.0.5/node_modules/@sinonjs/fake-timers/src/fake-timers-src.js:806:24)
      at doTickInner (node_modules/.pnpm/@sinonjs+fake-timers@13.0.5/node_modules/@sinonjs/fake-timers/src/fake-timers-src.js:1413:29)
      at doTick (node_modules/.pnpm/@sinonjs+fake-timers@13.0.5/node_modules/@sinonjs/fake-timers/src/fake-timers-src.js:1494:20)
      at Object.tick (node_modules/.pnpm/@sinonjs+fake-timers@13.0.5/node_modules/@sinonjs/fake-timers/src/fake-timers-src.js:1502:20)
      at Object.runToLast (node_modules/.pnpm/@sinonjs+fake-timers@13.0.5/node_modules/@sinonjs/fake-timers/src/fake-timers-src.js:1661:26)
      at FakeTimers.runOnlyPendingTimers (node_modules/.pnpm/@jest+fake-timers@30.2.0/node_modules/@jest/fake-timers/build/index.js:542:19)
      at Object.runOnlyPendingTimers (src/components/__tests__/SessionWarningModal.test.tsx:52:10)

    console.error
      An update to SessionWarningModal inside a test was not wrapped in act(...).
      
      When testing, code that causes React state updates should be wrapped into act(...):
      
      act(() => {
        /* fire events that update state */
      });
      /* assert on the output */
      
      This ensures that you're testing the behavior the user would see in the browser. Learn more at https://react.dev/link/wrap-tests-with-act

    [0m [90m 373 |[39m       [36mreturn[39m[33m;[39m
     [90m 374 |[39m     }
    [31m[1m>[22m[39m[90m 375 |[39m     originalError[33m.[39mcall(console[33m,[39m [33m...[39margs)[33m;[39m
     [90m     |[39m                   [31m[1m^[22m[39m
     [90m 376 |[39m   }[33m;[39m
     [90m 377 |[39m })[33m;[39m
     [90m 378 |[39m[0m

      at console.call [as error] (jest.setup.js:375:19)
      at node_modules/.pnpm/react-dom@19.2.0_react@19.2.0/node_modules/react-dom/cjs/react-dom-client.development.js:18758:19
      at runWithFiberInDEV (node_modules/.pnpm/react-dom@19.2.0_react@19.2.0/node_modules/react-dom/cjs/react-dom-client.development.js:874:13)
      at warnIfUpdatesNotWrappedWithActDEV (node_modules/.pnpm/react-dom@19.2.0_react@19.2.0/node_modules/react-dom/cjs/react-dom-client.development.js:18757:9)
      at scheduleUpdateOnFiber (node_modules/.pnpm/react-dom@19.2.0_react@19.2.0/node_modules/react-dom/cjs/react-dom-client.development.js:16409:11)
      at dispatchSetStateInternal (node_modules/.pnpm/react-dom@19.2.0_react@19.2.0/node_modules/react-dom/cjs/react-dom-client.development.js:9170:13)
      at dispatchSetState (node_modules/.pnpm/react-dom@19.2.0_react@19.2.0/node_modules/react-dom/cjs/react-dom-client.development.js:9127:7)
      at setRemainingMinutes (src/components/SessionWarningModal.tsx:61:7)
      at callTimer (node_modules/.pnpm/@sinonjs+fake-timers@13.0.5/node_modules/@sinonjs/fake-timers/src/fake-timers-src.js:806:24)
      at doTickInner (node_modules/.pnpm/@sinonjs+fake-timers@13.0.5/node_modules/@sinonjs/fake-timers/src/fake-timers-src.js:1413:29)
      at doTick (node_modules/.pnpm/@sinonjs+fake-timers@13.0.5/node_modules/@sinonjs/fake-timers/src/fake-timers-src.js:1494:20)
      at Object.tick (node_modules/.pnpm/@sinonjs+fake-timers@13.0.5/node_modules/@sinonjs/fake-timers/src/fake-timers-src.js:1502:20)
      at Object.runToLast (node_modules/.pnpm/@sinonjs+fake-timers@13.0.5/node_modules/@sinonjs/fake-timers/src/fake-timers-src.js:1661:26)
      at FakeTimers.runOnlyPendingTimers (node_modules/.pnpm/@jest+fake-timers@30.2.0/node_modules/@jest/fake-timers/build/index.js:542:19)
      at Object.runOnlyPendingTimers (src/components/__tests__/SessionWarningModal.test.tsx:52:10)

    console.error
      An update to SessionWarningModal inside a test was not wrapped in act(...).
      
      When testing, code that causes React state updates should be wrapped into act(...):
      
      act(() => {
        /* fire events that update state */
      });
      /* assert on the output */
      
      This ensures that you're testing the behavior the user would see in the browser. Learn more at https://react.dev/link/wrap-tests-with-act

    [0m [90m 373 |[39m       [36mreturn[39m[33m;[39m
     [90m 374 |[39m     }
    [31m[1m>[22m[39m[90m 375 |[39m     originalError[33m.[39mcall(console[33m,[39m [33m...[39margs)[33m;[39m
     [90m     |[39m                   [31m[1m^[22m[39m
     [90m 376 |[39m   }[33m;[39m
     [90m 377 |[39m })[33m;[39m
     [90m 378 |[39m[0m

      at console.call [as error] (jest.setup.js:375:19)
      at node_modules/.pnpm/react-dom@19.2.0_react@19.2.0/node_modules/react-dom/cjs/react-dom-client.development.js:18758:19
      at runWithFiberInDEV (node_modules/.pnpm/react-dom@19.2.0_react@19.2.0/node_modules/react-dom/cjs/react-dom-client.development.js:874:13)
      at warnIfUpdatesNotWrappedWithActDEV (node_modules/.pnpm/react-dom@19.2.0_react@19.2.0/node_modules/react-dom/cjs/react-dom-client.development.js:18757:9)
      at scheduleUpdateOnFiber (node_modules/.pnpm/react-dom@19.2.0_react@19.2.0/node_modules/react-dom/cjs/react-dom-client.development.js:16409:11)
      at dispatchSetStateInternal (node_modules/.pnpm/react-dom@19.2.0_react@19.2.0/node_modules/react-dom/cjs/react-dom-client.development.js:9170:13)
      at dispatchSetState (node_modules/.pnpm/react-dom@19.2.0_react@19.2.0/node_modules/react-dom/cjs/react-dom-client.development.js:9127:7)
      at setRemainingMinutes (src/components/SessionWarningModal.tsx:61:7)
      at callTimer (node_modules/.pnpm/@sinonjs+fake-timers@13.0.5/node_modules/@sinonjs/fake-timers/src/fake-timers-src.js:806:24)
      at doTickInner (node_modules/.pnpm/@sinonjs+fake-timers@13.0.5/node_modules/@sinonjs/fake-timers/src/fake-timers-src.js:1413:29)
      at doTick (node_modules/.pnpm/@sinonjs+fake-timers@13.0.5/node_modules/@sinonjs/fake-timers/src/fake-timers-src.js:1494:20)
      at Object.tick (node_modules/.pnpm/@sinonjs+fake-timers@13.0.5/node_modules/@sinonjs/fake-timers/src/fake-timers-src.js:1502:20)
      at Object.runToLast (node_modules/.pnpm/@sinonjs+fake-timers@13.0.5/node_modules/@sinonjs/fake-timers/src/fake-timers-src.js:1661:26)
      at FakeTimers.runOnlyPendingTimers (node_modules/.pnpm/@jest+fake-timers@30.2.0/node_modules/@jest/fake-timers/build/index.js:542:19)
      at Object.runOnlyPendingTimers (src/components/__tests__/SessionWarningModal.test.tsx:52:10)

    console.error
      An update to SessionWarningModal inside a test was not wrapped in act(...).
      
      When testing, code that causes React state updates should be wrapped into act(...):
      
      act(() => {
        /* fire events that update state */
      });
      /* assert on the output */
      
      This ensures that you're testing the behavior the user would see in the browser. Learn more at https://react.dev/link/wrap-tests-with-act

    [0m [90m 373 |[39m       [36mreturn[39m[33m;[39m
     [90m 374 |[39m     }
    [31m[1m>[22m[39m[90m 375 |[39m     originalError[33m.[39mcall(console[33m,[39m [33m...[39margs)[33m;[39m
     [90m     |[39m                   [31m[1m^[22m[39m
     [90m 376 |[39m   }[33m;[39m
     [90m 377 |[39m })[33m;[39m
     [90m 378 |[39m[0m

      at console.call [as error] (jest.setup.js:375:19)
      at node_modules/.pnpm/react-dom@19.2.0_react@19.2.0/node_modules/react-dom/cjs/react-dom-client.development.js:18758:19
      at runWithFiberInDEV (node_modules/.pnpm/react-dom@19.2.0_react@19.2.0/node_modules/react-dom/cjs/react-dom-client.development.js:874:13)
      at warnIfUpdatesNotWrappedWithActDEV (node_modules/.pnpm/react-dom@19.2.0_react@19.2.0/node_modules/react-dom/cjs/react-dom-client.development.js:18757:9)
      at scheduleUpdateOnFiber (node_modules/.pnpm/react-dom@19.2.0_react@19.2.0/node_modules/react-dom/cjs/react-dom-client.development.js:16409:11)
      at dispatchSetStateInternal (node_modules/.pnpm/react-dom@19.2.0_react@19.2.0/node_modules/react-dom/cjs/react-dom-client.development.js:9170:13)
      at dispatchSetState (node_modules/.pnpm/react-dom@19.2.0_react@19.2.0/node_modules/react-dom/cjs/react-dom-client.development.js:9127:7)
      at setRemainingMinutes (src/components/SessionWarningModal.tsx:61:7)
      at callTimer (node_modules/.pnpm/@sinonjs+fake-timers@13.0.5/node_modules/@sinonjs/fake-timers/src/fake-timers-src.js:806:24)
      at doTickInner (node_modules/.pnpm/@sinonjs+fake-timers@13.0.5/node_modules/@sinonjs/fake-timers/src/fake-timers-src.js:1413:29)
      at doTick (node_modules/.pnpm/@sinonjs+fake-timers@13.0.5/node_modules/@sinonjs/fake-timers/src/fake-timers-src.js:1494:20)
      at Object.tick (node_modules/.pnpm/@sinonjs+fake-timers@13.0.5/node_modules/@sinonjs/fake-timers/src/fake-timers-src.js:1502:20)
      at Object.runToLast (node_modules/.pnpm/@sinonjs+fake-timers@13.0.5/node_modules/@sinonjs/fake-timers/src/fake-timers-src.js:1661:26)
      at FakeTimers.runOnlyPendingTimers (node_modules/.pnpm/@jest+fake-timers@30.2.0/node_modules/@jest/fake-timers/build/index.js:542:19)
      at Object.runOnlyPendingTimers (src/components/__tests__/SessionWarningModal.test.tsx:52:10)

    console.error
      An update to SessionWarningModal inside a test was not wrapped in act(...).
      
      When testing, code that causes React state updates should be wrapped into act(...):
      
      act(() => {
        /* fire events that update state */
      });
      /* assert on the output */
      
      This ensures that you're testing the behavior the user would see in the browser. Learn more at https://react.dev/link/wrap-tests-with-act

    [0m [90m 373 |[39m       [36mreturn[39m[33m;[39m
     [90m 374 |[39m     }
    [31m[1m>[22m[39m[90m 375 |[39m     originalError[33m.[39mcall(console[33m,[39m [33m...[39margs)[33m;[39m
     [90m     |[39m                   [31m[1m^[22m[39m
     [90m 376 |[39m   }[33m;[39m
     [90m 377 |[39m })[33m;[39m
     [90m 378 |[39m[0m

      at console.call [as error] (jest.setup.js:375:19)
      at node_modules/.pnpm/react-dom@19.2.0_react@19.2.0/node_modules/react-dom/cjs/react-dom-client.development.js:18758:19
      at runWithFiberInDEV (node_modules/.pnpm/react-dom@19.2.0_react@19.2.0/node_modules/react-dom/cjs/react-dom-client.development.js:874:13)
      at warnIfUpdatesNotWrappedWithActDEV (node_modules/.pnpm/react-dom@19.2.0_react@19.2.0/node_modules/react-dom/cjs/react-dom-client.development.js:18757:9)
      at scheduleUpdateOnFiber (node_modules/.pnpm/react-dom@19.2.0_react@19.2.0/node_modules/react-dom/cjs/react-dom-client.development.js:16409:11)
      at dispatchSetStateInternal (node_modules/.pnpm/react-dom@19.2.0_react@19.2.0/node_modules/react-dom/cjs/react-dom-client.development.js:9170:13)
      at dispatchSetState (node_modules/.pnpm/react-dom@19.2.0_react@19.2.0/node_modules/react-dom/cjs/react-dom-client.development.js:9127:7)
      at setRemainingMinutes (src/components/SessionWarningModal.tsx:61:7)
      at callTimer (node_modules/.pnpm/@sinonjs+fake-timers@13.0.5/node_modules/@sinonjs/fake-timers/src/fake-timers-src.js:806:24)
      at doTickInner (node_modules/.pnpm/@sinonjs+fake-timers@13.0.5/node_modules/@sinonjs/fake-timers/src/fake-timers-src.js:1413:29)
      at doTick (node_modules/.pnpm/@sinonjs+fake-timers@13.0.5/node_modules/@sinonjs/fake-timers/src/fake-timers-src.js:1494:20)
      at Object.tick (node_modules/.pnpm/@sinonjs+fake-timers@13.0.5/node_modules/@sinonjs/fake-timers/src/fake-timers-src.js:1502:20)
      at Object.runToLast (node_modules/.pnpm/@sinonjs+fake-timers@13.0.5/node_modules/@sinonjs/fake-timers/src/fake-timers-src.js:1661:26)
      at FakeTimers.runOnlyPendingTimers (node_modules/.pnpm/@jest+fake-timers@30.2.0/node_modules/@jest/fake-timers/build/index.js:542:19)
      at Object.runOnlyPendingTimers (src/components/__tests__/SessionWarningModal.test.tsx:52:10)

    console.error
      An update to SessionWarningModal inside a test was not wrapped in act(...).
      
      When testing, code that causes React state updates should be wrapped into act(...):
      
      act(() => {
        /* fire events that update state */
      });
      /* assert on the output */
      
      This ensures that you're testing the behavior the user would see in the browser. Learn more at https://react.dev/link/wrap-tests-with-act

    [0m [90m 373 |[39m       [36mreturn[39m[33m;[39m
     [90m 374 |[39m     }
    [31m[1m>[22m[39m[90m 375 |[39m     originalError[33m.[39mcall(console[33m,[39m [33m...[39margs)[33m;[39m
     [90m     |[39m                   [31m[1m^[22m[39m
     [90m 376 |[39m   }[33m;[39m
     [90m 377 |[39m })[33m;[39m
     [90m 378 |[39m[0m

      at console.call [as error] (jest.setup.js:375:19)
      at node_modules/.pnpm/react-dom@19.2.0_react@19.2.0/node_modules/react-dom/cjs/react-dom-client.development.js:18758:19
      at runWithFiberInDEV (node_modules/.pnpm/react-dom@19.2.0_react@19.2.0/node_modules/react-dom/cjs/react-dom-client.development.js:874:13)
      at warnIfUpdatesNotWrappedWithActDEV (node_modules/.pnpm/react-dom@19.2.0_react@19.2.0/node_modules/react-dom/cjs/react-dom-client.development.js:18757:9)
      at scheduleUpdateOnFiber (node_modules/.pnpm/react-dom@19.2.0_react@19.2.0/node_modules/react-dom/cjs/react-dom-client.development.js:16409:11)
      at dispatchSetStateInternal (node_modules/.pnpm/react-dom@19.2.0_react@19.2.0/node_modules/react-dom/cjs/react-dom-client.development.js:9170:13)
      at dispatchSetState (node_modules/.pnpm/react-dom@19.2.0_react@19.2.0/node_modules/react-dom/cjs/react-dom-client.development.js:9127:7)
      at setRemainingMinutes (src/components/SessionWarningModal.tsx:61:7)
      at callTimer (node_modules/.pnpm/@sinonjs+fake-timers@13.0.5/node_modules/@sinonjs/fake-timers/src/fake-timers-src.js:806:24)
      at doTickInner (node_modules/.pnpm/@sinonjs+fake-timers@13.0.5/node_modules/@sinonjs/fake-timers/src/fake-timers-src.js:1413:29)
      at doTick (node_modules/.pnpm/@sinonjs+fake-timers@13.0.5/node_modules/@sinonjs/fake-timers/src/fake-timers-src.js:1494:20)
      at Object.tick (node_modules/.pnpm/@sinonjs+fake-timers@13.0.5/node_modules/@sinonjs/fake-timers/src/fake-timers-src.js:1502:20)
      at Object.runToLast (node_modules/.pnpm/@sinonjs+fake-timers@13.0.5/node_modules/@sinonjs/fake-timers/src/fake-timers-src.js:1661:26)
      at FakeTimers.runOnlyPendingTimers (node_modules/.pnpm/@jest+fake-timers@30.2.0/node_modules/@jest/fake-timers/build/index.js:542:19)
      at Object.runOnlyPendingTimers (src/components/__tests__/SessionWarningModal.test.tsx:52:10)

    console.error
      An update to SessionWarningModal inside a test was not wrapped in act(...).
      
      When testing, code that causes React state updates should be wrapped into act(...):
      
      act(() => {
        /* fire events that update state */
      });
      /* assert on the output */
      
      This ensures that you're testing the behavior the user would see in the browser. Learn more at https://react.dev/link/wrap-tests-with-act

    [0m [90m 373 |[39m       [36mreturn[39m[33m;[39m
     [90m 374 |[39m     }
    [31m[1m>[22m[39m[90m 375 |[39m     originalError[33m.[39mcall(console[33m,[39m [33m...[39margs)[33m;[39m
     [90m     |[39m                   [31m[1m^[22m[39m
     [90m 376 |[39m   }[33m;[39m
     [90m 377 |[39m })[33m;[39m
     [90m 378 |[39m[0m

      at console.call [as error] (jest.setup.js:375:19)
      at node_modules/.pnpm/react-dom@19.2.0_react@19.2.0/node_modules/react-dom/cjs/react-dom-client.development.js:18758:19
      at runWithFiberInDEV (node_modules/.pnpm/react-dom@19.2.0_react@19.2.0/node_modules/react-dom/cjs/react-dom-client.development.js:874:13)
      at warnIfUpdatesNotWrappedWithActDEV (node_modules/.pnpm/react-dom@19.2.0_react@19.2.0/node_modules/react-dom/cjs/react-dom-client.development.js:18757:9)
      at scheduleUpdateOnFiber (node_modules/.pnpm/react-dom@19.2.0_react@19.2.0/node_modules/react-dom/cjs/react-dom-client.development.js:16409:11)
      at dispatchSetStateInternal (node_modules/.pnpm/react-dom@19.2.0_react@19.2.0/node_modules/react-dom/cjs/react-dom-client.development.js:9170:13)
      at dispatchSetState (node_modules/.pnpm/react-dom@19.2.0_react@19.2.0/node_modules/react-dom/cjs/react-dom-client.development.js:9127:7)
      at setRemainingMinutes (src/components/SessionWarningModal.tsx:61:7)
      at callTimer (node_modules/.pnpm/@sinonjs+fake-timers@13.0.5/node_modules/@sinonjs/fake-timers/src/fake-timers-src.js:806:24)
      at doTickInner (node_modules/.pnpm/@sinonjs+fake-timers@13.0.5/node_modules/@sinonjs/fake-timers/src/fake-timers-src.js:1413:29)
      at doTick (node_modules/.pnpm/@sinonjs+fake-timers@13.0.5/node_modules/@sinonjs/fake-timers/src/fake-timers-src.js:1494:20)
      at Object.tick (node_modules/.pnpm/@sinonjs+fake-timers@13.0.5/node_modules/@sinonjs/fake-timers/src/fake-timers-src.js:1502:20)
      at Object.runToLast (node_modules/.pnpm/@sinonjs+fake-timers@13.0.5/node_modules/@sinonjs/fake-timers/src/fake-timers-src.js:1661:26)
      at FakeTimers.runOnlyPendingTimers (node_modules/.pnpm/@jest+fake-timers@30.2.0/node_modules/@jest/fake-timers/build/index.js:542:19)
      at Object.runOnlyPendingTimers (src/components/__tests__/SessionWarningModal.test.tsx:52:10)

    console.error
      An update to SessionWarningModal inside a test was not wrapped in act(...).
      
      When testing, code that causes React state updates should be wrapped into act(...):
      
      act(() => {
        /* fire events that update state */
      });
      /* assert on the output */
      
      This ensures that you're testing the behavior the user would see in the browser. Learn more at https://react.dev/link/wrap-tests-with-act

    [0m [90m 373 |[39m       [36mreturn[39m[33m;[39m
     [90m 374 |[39m     }
    [31m[1m>[22m[39m[90m 375 |[39m     originalError[33m.[39mcall(console[33m,[39m [33m...[39margs)[33m;[39m
     [90m     |[39m                   [31m[1m^[22m[39m
     [90m 376 |[39m   }[33m;[39m
     [90m 377 |[39m })[33m;[39m
     [90m 378 |[39m[0m

      at console.call [as error] (jest.setup.js:375:19)
      at node_modules/.pnpm/react-dom@19.2.0_react@19.2.0/node_modules/react-dom/cjs/react-dom-client.development.js:18758:19
      at runWithFiberInDEV (node_modules/.pnpm/react-dom@19.2.0_react@19.2.0/node_modules/react-dom/cjs/react-dom-client.development.js:874:13)
      at warnIfUpdatesNotWrappedWithActDEV (node_modules/.pnpm/react-dom@19.2.0_react@19.2.0/node_modules/react-dom/cjs/react-dom-client.development.js:18757:9)
      at scheduleUpdateOnFiber (node_modules/.pnpm/react-dom@19.2.0_react@19.2.0/node_modules/react-dom/cjs/react-dom-client.development.js:16409:11)
      at dispatchSetStateInternal (node_modules/.pnpm/react-dom@19.2.0_react@19.2.0/node_modules/react-dom/cjs/react-dom-client.development.js:9170:13)
      at dispatchSetState (node_modules/.pnpm/react-dom@19.2.0_react@19.2.0/node_modules/react-dom/cjs/react-dom-client.development.js:9127:7)
      at setRemainingMinutes (src/components/SessionWarningModal.tsx:61:7)
      at callTimer (node_modules/.pnpm/@sinonjs+fake-timers@13.0.5/node_modules/@sinonjs/fake-timers/src/fake-timers-src.js:806:24)
      at doTickInner (node_modules/.pnpm/@sinonjs+fake-timers@13.0.5/node_modules/@sinonjs/fake-timers/src/fake-timers-src.js:1413:29)
      at doTick (node_modules/.pnpm/@sinonjs+fake-timers@13.0.5/node_modules/@sinonjs/fake-timers/src/fake-timers-src.js:1494:20)
      at Object.tick (node_modules/.pnpm/@sinonjs+fake-timers@13.0.5/node_modules/@sinonjs/fake-timers/src/fake-timers-src.js:1502:20)
      at Object.runToLast (node_modules/.pnpm/@sinonjs+fake-timers@13.0.5/node_modules/@sinonjs/fake-timers/src/fake-timers-src.js:1661:26)
      at FakeTimers.runOnlyPendingTimers (node_modules/.pnpm/@jest+fake-timers@30.2.0/node_modules/@jest/fake-timers/build/index.js:542:19)
      at Object.runOnlyPendingTimers (src/components/__tests__/SessionWarningModal.test.tsx:52:10)

    console.error
      An update to SessionWarningModal inside a test was not wrapped in act(...).
      
      When testing, code that causes React state updates should be wrapped into act(...):
      
      act(() => {
        /* fire events that update state */
      });
      /* assert on the output */
      
      This ensures that you're testing the behavior the user would see in the browser. Learn more at https://react.dev/link/wrap-tests-with-act

    [0m [90m 373 |[39m       [36mreturn[39m[33m;[39m
     [90m 374 |[39m     }
    [31m[1m>[22m[39m[90m 375 |[39m     originalError[33m.[39mcall(console[33m,[39m [33m...[39margs)[33m;[39m
     [90m     |[39m                   [31m[1m^[22m[39m
     [90m 376 |[39m   }[33m;[39m
     [90m 377 |[39m })[33m;[39m
     [90m 378 |[39m[0m

      at console.call [as error] (jest.setup.js:375:19)
      at node_modules/.pnpm/react-dom@19.2.0_react@19.2.0/node_modules/react-dom/cjs/react-dom-client.development.js:18758:19
      at runWithFiberInDEV (node_modules/.pnpm/react-dom@19.2.0_react@19.2.0/node_modules/react-dom/cjs/react-dom-client.development.js:874:13)
      at warnIfUpdatesNotWrappedWithActDEV (node_modules/.pnpm/react-dom@19.2.0_react@19.2.0/node_modules/react-dom/cjs/react-dom-client.development.js:18757:9)
      at scheduleUpdateOnFiber (node_modules/.pnpm/react-dom@19.2.0_react@19.2.0/node_modules/react-dom/cjs/react-dom-client.development.js:16409:11)
      at dispatchSetStateInternal (node_modules/.pnpm/react-dom@19.2.0_react@19.2.0/node_modules/react-dom/cjs/react-dom-client.development.js:9170:13)
      at dispatchSetState (node_modules/.pnpm/react-dom@19.2.0_react@19.2.0/node_modules/react-dom/cjs/react-dom-client.development.js:9127:7)
      at setRemainingMinutes (src/components/SessionWarningModal.tsx:61:7)
      at callTimer (node_modules/.pnpm/@sinonjs+fake-timers@13.0.5/node_modules/@sinonjs/fake-timers/src/fake-timers-src.js:806:24)
      at doTickInner (node_modules/.pnpm/@sinonjs+fake-timers@13.0.5/node_modules/@sinonjs/fake-timers/src/fake-timers-src.js:1413:29)
      at doTick (node_modules/.pnpm/@sinonjs+fake-timers@13.0.5/node_modules/@sinonjs/fake-timers/src/fake-timers-src.js:1494:20)
      at Object.tick (node_modules/.pnpm/@sinonjs+fake-timers@13.0.5/node_modules/@sinonjs/fake-timers/src/fake-timers-src.js:1502:20)
      at Object.runToLast (node_modules/.pnpm/@sinonjs+fake-timers@13.0.5/node_modules/@sinonjs/fake-timers/src/fake-timers-src.js:1661:26)
      at FakeTimers.runOnlyPendingTimers (node_modules/.pnpm/@jest+fake-timers@30.2.0/node_modules/@jest/fake-timers/build/index.js:542:19)
      at Object.runOnlyPendingTimers (src/components/__tests__/SessionWarningModal.test.tsx:52:10)

    console.error
      An update to SessionWarningModal inside a test was not wrapped in act(...).
      
      When testing, code that causes React state updates should be wrapped into act(...):
      
      act(() => {
        /* fire events that update state */
      });
      /* assert on the output */
      
      This ensures that you're testing the behavior the user would see in the browser. Learn more at https://react.dev/link/wrap-tests-with-act

    [0m [90m 373 |[39m       [36mreturn[39m[33m;[39m
     [90m 374 |[39m     }
    [31m[1m>[22m[39m[90m 375 |[39m     originalError[33m.[39mcall(console[33m,[39m [33m...[39margs)[33m;[39m
     [90m     |[39m                   [31m[1m^[22m[39m
     [90m 376 |[39m   }[33m;[39m
     [90m 377 |[39m })[33m;[39m
     [90m 378 |[39m[0m

      at console.call [as error] (jest.setup.js:375:19)
      at node_modules/.pnpm/react-dom@19.2.0_react@19.2.0/node_modules/react-dom/cjs/react-dom-client.development.js:18758:19
      at runWithFiberInDEV (node_modules/.pnpm/react-dom@19.2.0_react@19.2.0/node_modules/react-dom/cjs/react-dom-client.development.js:874:13)
      at warnIfUpdatesNotWrappedWithActDEV (node_modules/.pnpm/react-dom@19.2.0_react@19.2.0/node_modules/react-dom/cjs/react-dom-client.development.js:18757:9)
      at scheduleUpdateOnFiber (node_modules/.pnpm/react-dom@19.2.0_react@19.2.0/node_modules/react-dom/cjs/react-dom-client.development.js:16409:11)
      at dispatchSetStateInternal (node_modules/.pnpm/react-dom@19.2.0_react@19.2.0/node_modules/react-dom/cjs/react-dom-client.development.js:9170:13)
      at dispatchSetState (node_modules/.pnpm/react-dom@19.2.0_react@19.2.0/node_modules/react-dom/cjs/react-dom-client.development.js:9127:7)
      at setRemainingMinutes (src/components/SessionWarningModal.tsx:61:7)
      at callTimer (node_modules/.pnpm/@sinonjs+fake-timers@13.0.5/node_modules/@sinonjs/fake-timers/src/fake-timers-src.js:806:24)
      at doTickInner (node_modules/.pnpm/@sinonjs+fake-timers@13.0.5/node_modules/@sinonjs/fake-timers/src/fake-timers-src.js:1413:29)
      at doTick (node_modules/.pnpm/@sinonjs+fake-timers@13.0.5/node_modules/@sinonjs/fake-timers/src/fake-timers-src.js:1494:20)
      at Object.tick (node_modules/.pnpm/@sinonjs+fake-timers@13.0.5/node_modules/@sinonjs/fake-timers/src/fake-timers-src.js:1502:20)
      at Object.runToLast (node_modules/.pnpm/@sinonjs+fake-timers@13.0.5/node_modules/@sinonjs/fake-timers/src/fake-timers-src.js:1661:26)
      at FakeTimers.runOnlyPendingTimers (node_modules/.pnpm/@jest+fake-timers@30.2.0/node_modules/@jest/fake-timers/build/index.js:542:19)
      at Object.runOnlyPendingTimers (src/components/__tests__/SessionWarningModal.test.tsx:52:10)

    console.error
      An update to SessionWarningModal inside a test was not wrapped in act(...).
      
      When testing, code that causes React state updates should be wrapped into act(...):
      
      act(() => {
        /* fire events that update state */
      });
      /* assert on the output */
      
      This ensures that you're testing the behavior the user would see in the browser. Learn more at https://react.dev/link/wrap-tests-with-act

    [0m [90m 373 |[39m       [36mreturn[39m[33m;[39m
     [90m 374 |[39m     }
    [31m[1m>[22m[39m[90m 375 |[39m     originalError[33m.[39mcall(console[33m,[39m [33m...[39margs)[33m;[39m
     [90m     |[39m                   [31m[1m^[22m[39m
     [90m 376 |[39m   }[33m;[39m
     [90m 377 |[39m })[33m;[39m
     [90m 378 |[39m[0m

      at console.call [as error] (jest.setup.js:375:19)
      at node_modules/.pnpm/react-dom@19.2.0_react@19.2.0/node_modules/react-dom/cjs/react-dom-client.development.js:18758:19
      at runWithFiberInDEV (node_modules/.pnpm/react-dom@19.2.0_react@19.2.0/node_modules/react-dom/cjs/react-dom-client.development.js:874:13)
      at warnIfUpdatesNotWrappedWithActDEV (node_modules/.pnpm/react-dom@19.2.0_react@19.2.0/node_modules/react-dom/cjs/react-dom-client.development.js:18757:9)
      at scheduleUpdateOnFiber (node_modules/.pnpm/react-dom@19.2.0_react@19.2.0/node_modules/react-dom/cjs/react-dom-client.development.js:16409:11)
      at dispatchSetStateInternal (node_modules/.pnpm/react-dom@19.2.0_react@19.2.0/node_modules/react-dom/cjs/react-dom-client.development.js:9170:13)
      at dispatchSetState (node_modules/.pnpm/react-dom@19.2.0_react@19.2.0/node_modules/react-dom/cjs/react-dom-client.development.js:9127:7)
      at setRemainingMinutes (src/components/SessionWarningModal.tsx:61:7)
      at callTimer (node_modules/.pnpm/@sinonjs+fake-timers@13.0.5/node_modules/@sinonjs/fake-timers/src/fake-timers-src.js:806:24)
      at doTickInner (node_modules/.pnpm/@sinonjs+fake-timers@13.0.5/node_modules/@sinonjs/fake-timers/src/fake-timers-src.js:1413:29)
      at doTick (node_modules/.pnpm/@sinonjs+fake-timers@13.0.5/node_modules/@sinonjs/fake-timers/src/fake-timers-src.js:1494:20)
      at Object.tick (node_modules/.pnpm/@sinonjs+fake-timers@13.0.5/node_modules/@sinonjs/fake-timers/src/fake-timers-src.js:1502:20)
      at Object.runToLast (node_modules/.pnpm/@sinonjs+fake-timers@13.0.5/node_modules/@sinonjs/fake-timers/src/fake-timers-src.js:1661:26)
      at FakeTimers.runOnlyPendingTimers (node_modules/.pnpm/@jest+fake-timers@30.2.0/node_modules/@jest/fake-timers/build/index.js:542:19)
      at Object.runOnlyPendingTimers (src/components/__tests__/SessionWarningModal.test.tsx:52:10)

    console.error
      An update to SessionWarningModal inside a test was not wrapped in act(...).
      
      When testing, code that causes React state updates should be wrapped into act(...):
      
      act(() => {
        /* fire events that update state */
      });
      /* assert on the output */
      
      This ensures that you're testing the behavior the user would see in the browser. Learn more at https://react.dev/link/wrap-tests-with-act

    [0m [90m 373 |[39m       [36mreturn[39m[33m;[39m
     [90m 374 |[39m     }
    [31m[1m>[22m[39m[90m 375 |[39m     originalError[33m.[39mcall(console[33m,[39m [33m...[39margs)[33m;[39m
     [90m     |[39m                   [31m[1m^[22m[39m
     [90m 376 |[39m   }[33m;[39m
     [90m 377 |[39m })[33m;[39m
     [90m 378 |[39m[0m

      at console.call [as error] (jest.setup.js:375:19)
      at node_modules/.pnpm/react-dom@19.2.0_react@19.2.0/node_modules/react-dom/cjs/react-dom-client.development.js:18758:19
      at runWithFiberInDEV (node_modules/.pnpm/react-dom@19.2.0_react@19.2.0/node_modules/react-dom/cjs/react-dom-client.development.js:874:13)
      at warnIfUpdatesNotWrappedWithActDEV (node_modules/.pnpm/react-dom@19.2.0_react@19.2.0/node_modules/react-dom/cjs/react-dom-client.development.js:18757:9)
      at scheduleUpdateOnFiber (node_modules/.pnpm/react-dom@19.2.0_react@19.2.0/node_modules/react-dom/cjs/react-dom-client.development.js:16409:11)
      at dispatchSetStateInternal (node_modules/.pnpm/react-dom@19.2.0_react@19.2.0/node_modules/react-dom/cjs/react-dom-client.development.js:9170:13)
      at dispatchSetState (node_modules/.pnpm/react-dom@19.2.0_react@19.2.0/node_modules/react-dom/cjs/react-dom-client.development.js:9127:7)
      at setRemainingMinutes (src/components/SessionWarningModal.tsx:61:7)
      at callTimer (node_modules/.pnpm/@sinonjs+fake-timers@13.0.5/node_modules/@sinonjs/fake-timers/src/fake-timers-src.js:806:24)
      at doTickInner (node_modules/.pnpm/@sinonjs+fake-timers@13.0.5/node_modules/@sinonjs/fake-timers/src/fake-timers-src.js:1413:29)
      at doTick (node_modules/.pnpm/@sinonjs+fake-timers@13.0.5/node_modules/@sinonjs/fake-timers/src/fake-timers-src.js:1494:20)
      at Object.tick (node_modules/.pnpm/@sinonjs+fake-timers@13.0.5/node_modules/@sinonjs/fake-timers/src/fake-timers-src.js:1502:20)
      at Object.runToLast (node_modules/.pnpm/@sinonjs+fake-timers@13.0.5/node_modules/@sinonjs/fake-timers/src/fake-timers-src.js:1661:26)
      at FakeTimers.runOnlyPendingTimers (node_modules/.pnpm/@jest+fake-timers@30.2.0/node_modules/@jest/fake-timers/build/index.js:542:19)
      at Object.runOnlyPendingTimers (src/components/__tests__/SessionWarningModal.test.tsx:52:10)

    console.error
      An update to SessionWarningModal inside a test was not wrapped in act(...).
      
      When testing, code that causes React state updates should be wrapped into act(...):
      
      act(() => {
        /* fire events that update state */
      });
      /* assert on the output */
      
      This ensures that you're testing the behavior the user would see in the browser. Learn more at https://react.dev/link/wrap-tests-with-act

    [0m [90m 373 |[39m       [36mreturn[39m[33m;[39m
     [90m 374 |[39m     }
    [31m[1m>[22m[39m[90m 375 |[39m     originalError[33m.[39mcall(console[33m,[39m [33m...[39margs)[33m;[39m
     [90m     |[39m                   [31m[1m^[22m[39m
     [90m 376 |[39m   }[33m;[39m
     [90m 377 |[39m })[33m;[39m
     [90m 378 |[39m[0m

      at console.call [as error] (jest.setup.js:375:19)
      at node_modules/.pnpm/react-dom@19.2.0_react@19.2.0/node_modules/react-dom/cjs/react-dom-client.development.js:18758:19
      at runWithFiberInDEV (node_modules/.pnpm/react-dom@19.2.0_react@19.2.0/node_modules/react-dom/cjs/react-dom-client.development.js:874:13)
      at warnIfUpdatesNotWrappedWithActDEV (node_modules/.pnpm/react-dom@19.2.0_react@19.2.0/node_modules/react-dom/cjs/react-dom-client.development.js:18757:9)
      at scheduleUpdateOnFiber (node_modules/.pnpm/react-dom@19.2.0_react@19.2.0/node_modules/react-dom/cjs/react-dom-client.development.js:16409:11)
      at dispatchSetStateInternal (node_modules/.pnpm/react-dom@19.2.0_react@19.2.0/node_modules/react-dom/cjs/react-dom-client.development.js:9170:13)
      at dispatchSetState (node_modules/.pnpm/react-dom@19.2.0_react@19.2.0/node_modules/react-dom/cjs/react-dom-client.development.js:9127:7)
      at setRemainingMinutes (src/components/SessionWarningModal.tsx:61:7)
      at callTimer (node_modules/.pnpm/@sinonjs+fake-timers@13.0.5/node_modules/@sinonjs/fake-timers/src/fake-timers-src.js:806:24)
      at doTickInner (node_modules/.pnpm/@sinonjs+fake-timers@13.0.5/node_modules/@sinonjs/fake-timers/src/fake-timers-src.js:1413:29)
      at doTick (node_modules/.pnpm/@sinonjs+fake-timers@13.0.5/node_modules/@sinonjs/fake-timers/src/fake-timers-src.js:1494:20)
      at Object.tick (node_modules/.pnpm/@sinonjs+fake-timers@13.0.5/node_modules/@sinonjs/fake-timers/src/fake-timers-src.js:1502:20)
      at Object.runToLast (node_modules/.pnpm/@sinonjs+fake-timers@13.0.5/node_modules/@sinonjs/fake-timers/src/fake-timers-src.js:1661:26)
      at FakeTimers.runOnlyPendingTimers (node_modules/.pnpm/@jest+fake-timers@30.2.0/node_modules/@jest/fake-timers/build/index.js:542:19)
      at Object.runOnlyPendingTimers (src/components/__tests__/SessionWarningModal.test.tsx:52:10)

    console.error
      An update to SessionWarningModal inside a test was not wrapped in act(...).
      
      When testing, code that causes React state updates should be wrapped into act(...):
      
      act(() => {
        /* fire events that update state */
      });
      /* assert on the output */
      
      This ensures that you're testing the behavior the user would see in the browser. Learn more at https://react.dev/link/wrap-tests-with-act

    [0m [90m 373 |[39m       [36mreturn[39m[33m;[39m
     [90m 374 |[39m     }
    [31m[1m>[22m[39m[90m 375 |[39m     originalError[33m.[39mcall(console[33m,[39m [33m...[39margs)[33m;[39m
     [90m     |[39m                   [31m[1m^[22m[39m
     [90m 376 |[39m   }[33m;[39m
     [90m 377 |[39m })[33m;[39m
     [90m 378 |[39m[0m

      at console.call [as error] (jest.setup.js:375:19)
      at node_modules/.pnpm/react-dom@19.2.0_react@19.2.0/node_modules/react-dom/cjs/react-dom-client.development.js:18758:19
      at runWithFiberInDEV (node_modules/.pnpm/react-dom@19.2.0_react@19.2.0/node_modules/react-dom/cjs/react-dom-client.development.js:874:13)
      at warnIfUpdatesNotWrappedWithActDEV (node_modules/.pnpm/react-dom@19.2.0_react@19.2.0/node_modules/react-dom/cjs/react-dom-client.development.js:18757:9)
      at scheduleUpdateOnFiber (node_modules/.pnpm/react-dom@19.2.0_react@19.2.0/node_modules/react-dom/cjs/react-dom-client.development.js:16409:11)
      at dispatchSetStateInternal (node_modules/.pnpm/react-dom@19.2.0_react@19.2.0/node_modules/react-dom/cjs/react-dom-client.development.js:9170:13)
      at dispatchSetState (node_modules/.pnpm/react-dom@19.2.0_react@19.2.0/node_modules/react-dom/cjs/react-dom-client.development.js:9127:7)
      at setRemainingMinutes (src/components/SessionWarningModal.tsx:61:7)
      at callTimer (node_modules/.pnpm/@sinonjs+fake-timers@13.0.5/node_modules/@sinonjs/fake-timers/src/fake-timers-src.js:806:24)
      at doTickInner (node_modules/.pnpm/@sinonjs+fake-timers@13.0.5/node_modules/@sinonjs/fake-timers/src/fake-timers-src.js:1413:29)
      at doTick (node_modules/.pnpm/@sinonjs+fake-timers@13.0.5/node_modules/@sinonjs/fake-timers/src/fake-timers-src.js:1494:20)
      at Object.tick (node_modules/.pnpm/@sinonjs+fake-timers@13.0.5/node_modules/@sinonjs/fake-timers/src/fake-timers-src.js:1502:20)
      at Object.runToLast (node_modules/.pnpm/@sinonjs+fake-timers@13.0.5/node_modules/@sinonjs/fake-timers/src/fake-timers-src.js:1661:26)
      at FakeTimers.runOnlyPendingTimers (node_modules/.pnpm/@jest+fake-timers@30.2.0/node_modules/@jest/fake-timers/build/index.js:542:19)
      at Object.runOnlyPendingTimers (src/components/__tests__/SessionWarningModal.test.tsx:52:10)

    console.error
      An update to SessionWarningModal inside a test was not wrapped in act(...).
      
      When testing, code that causes React state updates should be wrapped into act(...):
      
      act(() => {
        /* fire events that update state */
      });
      /* assert on the output */
      
      This ensures that you're testing the behavior the user would see in the browser. Learn more at https://react.dev/link/wrap-tests-with-act

    [0m [90m 373 |[39m       [36mreturn[39m[33m;[39m
     [90m 374 |[39m     }
    [31m[1m>[22m[39m[90m 375 |[39m     originalError[33m.[39mcall(console[33m,[39m [33m...[39margs)[33m;[39m
     [90m     |[39m                   [31m[1m^[22m[39m
     [90m 376 |[39m   }[33m;[39m
     [90m 377 |[39m })[33m;[39m
     [90m 378 |[39m[0m

      at console.call [as error] (jest.setup.js:375:19)
      at node_modules/.pnpm/react-dom@19.2.0_react@19.2.0/node_modules/react-dom/cjs/react-dom-client.development.js:18758:19
      at runWithFiberInDEV (node_modules/.pnpm/react-dom@19.2.0_react@19.2.0/node_modules/react-dom/cjs/react-dom-client.development.js:874:13)
      at warnIfUpdatesNotWrappedWithActDEV (node_modules/.pnpm/react-dom@19.2.0_react@19.2.0/node_modules/react-dom/cjs/react-dom-client.development.js:18757:9)
      at scheduleUpdateOnFiber (node_modules/.pnpm/react-dom@19.2.0_react@19.2.0/node_modules/react-dom/cjs/react-dom-client.development.js:16409:11)
      at dispatchSetStateInternal (node_modules/.pnpm/react-dom@19.2.0_react@19.2.0/node_modules/react-dom/cjs/react-dom-client.development.js:9170:13)
      at dispatchSetState (node_modules/.pnpm/react-dom@19.2.0_react@19.2.0/node_modules/react-dom/cjs/react-dom-client.development.js:9127:7)
      at setRemainingMinutes (src/components/SessionWarningModal.tsx:61:7)
      at callTimer (node_modules/.pnpm/@sinonjs+fake-timers@13.0.5/node_modules/@sinonjs/fake-timers/src/fake-timers-src.js:806:24)
      at doTickInner (node_modules/.pnpm/@sinonjs+fake-timers@13.0.5/node_modules/@sinonjs/fake-timers/src/fake-timers-src.js:1413:29)
      at doTick (node_modules/.pnpm/@sinonjs+fake-timers@13.0.5/node_modules/@sinonjs/fake-timers/src/fake-timers-src.js:1494:20)
      at Object.tick (node_modules/.pnpm/@sinonjs+fake-timers@13.0.5/node_modules/@sinonjs/fake-timers/src/fake-timers-src.js:1502:20)
      at Object.runToLast (node_modules/.pnpm/@sinonjs+fake-timers@13.0.5/node_modules/@sinonjs/fake-timers/src/fake-timers-src.js:1661:26)
      at FakeTimers.runOnlyPendingTimers (node_modules/.pnpm/@jest+fake-timers@30.2.0/node_modules/@jest/fake-timers/build/index.js:542:19)
      at Object.runOnlyPendingTimers (src/components/__tests__/SessionWarningModal.test.tsx:52:10)

    console.error
      An update to SessionWarningModal inside a test was not wrapped in act(...).
      
      When testing, code that causes React state updates should be wrapped into act(...):
      
      act(() => {
        /* fire events that update state */
      });
      /* assert on the output */
      
      This ensures that you're testing the behavior the user would see in the browser. Learn more at https://react.dev/link/wrap-tests-with-act

    [0m [90m 373 |[39m       [36mreturn[39m[33m;[39m
     [90m 374 |[39m     }
    [31m[1m>[22m[39m[90m 375 |[39m     originalError[33m.[39mcall(console[33m,[39m [33m...[39margs)[33m;[39m
     [90m     |[39m                   [31m[1m^[22m[39m
     [90m 376 |[39m   }[33m;[39m
     [90m 377 |[39m })[33m;[39m
     [90m 378 |[39m[0m

      at console.call [as error] (jest.setup.js:375:19)
      at node_modules/.pnpm/react-dom@19.2.0_react@19.2.0/node_modules/react-dom/cjs/react-dom-client.development.js:18758:19
      at runWithFiberInDEV (node_modules/.pnpm/react-dom@19.2.0_react@19.2.0/node_modules/react-dom/cjs/react-dom-client.development.js:874:13)
      at warnIfUpdatesNotWrappedWithActDEV (node_modules/.pnpm/react-dom@19.2.0_react@19.2.0/node_modules/react-dom/cjs/react-dom-client.development.js:18757:9)
      at scheduleUpdateOnFiber (node_modules/.pnpm/react-dom@19.2.0_react@19.2.0/node_modules/react-dom/cjs/react-dom-client.development.js:16409:11)
      at dispatchSetStateInternal (node_modules/.pnpm/react-dom@19.2.0_react@19.2.0/node_modules/react-dom/cjs/react-dom-client.development.js:9170:13)
      at dispatchSetState (node_modules/.pnpm/react-dom@19.2.0_react@19.2.0/node_modules/react-dom/cjs/react-dom-client.development.js:9127:7)
      at setRemainingMinutes (src/components/SessionWarningModal.tsx:61:7)
      at callTimer (node_modules/.pnpm/@sinonjs+fake-timers@13.0.5/node_modules/@sinonjs/fake-timers/src/fake-timers-src.js:806:24)
      at doTickInner (node_modules/.pnpm/@sinonjs+fake-timers@13.0.5/node_modules/@sinonjs/fake-timers/src/fake-timers-src.js:1413:29)
      at doTick (node_modules/.pnpm/@sinonjs+fake-timers@13.0.5/node_modules/@sinonjs/fake-timers/src/fake-timers-src.js:1494:20)
      at Object.tick (node_modules/.pnpm/@sinonjs+fake-timers@13.0.5/node_modules/@sinonjs/fake-timers/src/fake-timers-src.js:1502:20)
      at Object.runToLast (node_modules/.pnpm/@sinonjs+fake-timers@13.0.5/node_modules/@sinonjs/fake-timers/src/fake-timers-src.js:1661:26)
      at FakeTimers.runOnlyPendingTimers (node_modules/.pnpm/@jest+fake-timers@30.2.0/node_modules/@jest/fake-timers/build/index.js:542:19)
      at Object.runOnlyPendingTimers (src/components/__tests__/SessionWarningModal.test.tsx:52:10)

    console.error
      An update to SessionWarningModal inside a test was not wrapped in act(...).
      
      When testing, code that causes React state updates should be wrapped into act(...):
      
      act(() => {
        /* fire events that update state */
      });
      /* assert on the output */
      
      This ensures that you're testing the behavior the user would see in the browser. Learn more at https://react.dev/link/wrap-tests-with-act

    [0m [90m 373 |[39m       [36mreturn[39m[33m;[39m
     [90m 374 |[39m     }
    [31m[1m>[22m[39m[90m 375 |[39m     originalError[33m.[39mcall(console[33m,[39m [33m...[39margs)[33m;[39m
     [90m     |[39m                   [31m[1m^[22m[39m
     [90m 376 |[39m   }[33m;[39m
     [90m 377 |[39m })[33m;[39m
     [90m 378 |[39m[0m

      at console.call [as error] (jest.setup.js:375:19)
      at node_modules/.pnpm/react-dom@19.2.0_react@19.2.0/node_modules/react-dom/cjs/react-dom-client.development.js:18758:19
      at runWithFiberInDEV (node_modules/.pnpm/react-dom@19.2.0_react@19.2.0/node_modules/react-dom/cjs/react-dom-client.development.js:874:13)
      at warnIfUpdatesNotWrappedWithActDEV (node_modules/.pnpm/react-dom@19.2.0_react@19.2.0/node_modules/react-dom/cjs/react-dom-client.development.js:18757:9)
      at scheduleUpdateOnFiber (node_modules/.pnpm/react-dom@19.2.0_react@19.2.0/node_modules/react-dom/cjs/react-dom-client.development.js:16409:11)
      at dispatchSetStateInternal (node_modules/.pnpm/react-dom@19.2.0_react@19.2.0/node_modules/react-dom/cjs/react-dom-client.development.js:9170:13)
      at dispatchSetState (node_modules/.pnpm/react-dom@19.2.0_react@19.2.0/node_modules/react-dom/cjs/react-dom-client.development.js:9127:7)
      at setRemainingMinutes (src/components/SessionWarningModal.tsx:61:7)
      at callTimer (node_modules/.pnpm/@sinonjs+fake-timers@13.0.5/node_modules/@sinonjs/fake-timers/src/fake-timers-src.js:806:24)
      at doTickInner (node_modules/.pnpm/@sinonjs+fake-timers@13.0.5/node_modules/@sinonjs/fake-timers/src/fake-timers-src.js:1413:29)
      at doTick (node_modules/.pnpm/@sinonjs+fake-timers@13.0.5/node_modules/@sinonjs/fake-timers/src/fake-timers-src.js:1494:20)
      at Object.tick (node_modules/.pnpm/@sinonjs+fake-timers@13.0.5/node_modules/@sinonjs/fake-timers/src/fake-timers-src.js:1502:20)
      at Object.runToLast (node_modules/.pnpm/@sinonjs+fake-timers@13.0.5/node_modules/@sinonjs/fake-timers/src/fake-timers-src.js:1661:26)
      at FakeTimers.runOnlyPendingTimers (node_modules/.pnpm/@jest+fake-timers@30.2.0/node_modules/@jest/fake-timers/build/index.js:542:19)
      at Object.runOnlyPendingTimers (src/components/__tests__/SessionWarningModal.test.tsx:52:10)

    console.error
      An update to SessionWarningModal inside a test was not wrapped in act(...).
      
      When testing, code that causes React state updates should be wrapped into act(...):
      
      act(() => {
        /* fire events that update state */
      });
      /* assert on the output */
      
      This ensures that you're testing the behavior the user would see in the browser. Learn more at https://react.dev/link/wrap-tests-with-act

    [0m [90m 373 |[39m       [36mreturn[39m[33m;[39m
     [90m 374 |[39m     }
    [31m[1m>[22m[39m[90m 375 |[39m     originalError[33m.[39mcall(console[33m,[39m [33m...[39margs)[33m;[39m
     [90m     |[39m                   [31m[1m^[22m[39m
     [90m 376 |[39m   }[33m;[39m
     [90m 377 |[39m })[33m;[39m
     [90m 378 |[39m[0m

      at console.call [as error] (jest.setup.js:375:19)
      at node_modules/.pnpm/react-dom@19.2.0_react@19.2.0/node_modules/react-dom/cjs/react-dom-client.development.js:18758:19
      at runWithFiberInDEV (node_modules/.pnpm/react-dom@19.2.0_react@19.2.0/node_modules/react-dom/cjs/react-dom-client.development.js:874:13)
      at warnIfUpdatesNotWrappedWithActDEV (node_modules/.pnpm/react-dom@19.2.0_react@19.2.0/node_modules/react-dom/cjs/react-dom-client.development.js:18757:9)
      at scheduleUpdateOnFiber (node_modules/.pnpm/react-dom@19.2.0_react@19.2.0/node_modules/react-dom/cjs/react-dom-client.development.js:16409:11)
      at dispatchSetStateInternal (node_modules/.pnpm/react-dom@19.2.0_react@19.2.0/node_modules/react-dom/cjs/react-dom-client.development.js:9170:13)
      at dispatchSetState (node_modules/.pnpm/react-dom@19.2.0_react@19.2.0/node_modules/react-dom/cjs/react-dom-client.development.js:9127:7)
      at setRemainingMinutes (src/components/SessionWarningModal.tsx:61:7)
      at callTimer (node_modules/.pnpm/@sinonjs+fake-timers@13.0.5/node_modules/@sinonjs/fake-timers/src/fake-timers-src.js:806:24)
      at doTickInner (node_modules/.pnpm/@sinonjs+fake-timers@13.0.5/node_modules/@sinonjs/fake-timers/src/fake-timers-src.js:1413:29)
      at doTick (node_modules/.pnpm/@sinonjs+fake-timers@13.0.5/node_modules/@sinonjs/fake-timers/src/fake-timers-src.js:1494:20)
      at Object.tick (node_modules/.pnpm/@sinonjs+fake-timers@13.0.5/node_modules/@sinonjs/fake-timers/src/fake-timers-src.js:1502:20)
      at Object.runToLast (node_modules/.pnpm/@sinonjs+fake-timers@13.0.5/node_modules/@sinonjs/fake-timers/src/fake-timers-src.js:1661:26)
      at FakeTimers.runOnlyPendingTimers (node_modules/.pnpm/@jest+fake-timers@30.2.0/node_modules/@jest/fake-timers/build/index.js:542:19)
      at Object.runOnlyPendingTimers (src/components/__tests__/SessionWarningModal.test.tsx:52:10)

    console.error
      An update to SessionWarningModal inside a test was not wrapped in act(...).
      
      When testing, code that causes React state updates should be wrapped into act(...):
      
      act(() => {
        /* fire events that update state */
      });
      /* assert on the output */
      
      This ensures that you're testing the behavior the user would see in the browser. Learn more at https://react.dev/link/wrap-tests-with-act

    [0m [90m 373 |[39m       [36mreturn[39m[33m;[39m
     [90m 374 |[39m     }
    [31m[1m>[22m[39m[90m 375 |[39m     originalError[33m.[39mcall(console[33m,[39m [33m...[39margs)[33m;[39m
     [90m     |[39m                   [31m[1m^[22m[39m
     [90m 376 |[39m   }[33m;[39m
     [90m 377 |[39m })[33m;[39m
     [90m 378 |[39m[0m

      at console.call [as error] (jest.setup.js:375:19)
      at node_modules/.pnpm/react-dom@19.2.0_react@19.2.0/node_modules/react-dom/cjs/react-dom-client.development.js:18758:19
      at runWithFiberInDEV (node_modules/.pnpm/react-dom@19.2.0_react@19.2.0/node_modules/react-dom/cjs/react-dom-client.development.js:874:13)
      at warnIfUpdatesNotWrappedWithActDEV (node_modules/.pnpm/react-dom@19.2.0_react@19.2.0/node_modules/react-dom/cjs/react-dom-client.development.js:18757:9)
      at scheduleUpdateOnFiber (node_modules/.pnpm/react-dom@19.2.0_react@19.2.0/node_modules/react-dom/cjs/react-dom-client.development.js:16409:11)
      at dispatchSetStateInternal (node_modules/.pnpm/react-dom@19.2.0_react@19.2.0/node_modules/react-dom/cjs/react-dom-client.development.js:9170:13)
      at dispatchSetState (node_modules/.pnpm/react-dom@19.2.0_react@19.2.0/node_modules/react-dom/cjs/react-dom-client.development.js:9127:7)
      at setRemainingMinutes (src/components/SessionWarningModal.tsx:61:7)
      at callTimer (node_modules/.pnpm/@sinonjs+fake-timers@13.0.5/node_modules/@sinonjs/fake-timers/src/fake-timers-src.js:806:24)
      at doTickInner (node_modules/.pnpm/@sinonjs+fake-timers@13.0.5/node_modules/@sinonjs/fake-timers/src/fake-timers-src.js:1413:29)
      at doTick (node_modules/.pnpm/@sinonjs+fake-timers@13.0.5/node_modules/@sinonjs/fake-timers/src/fake-timers-src.js:1494:20)
      at Object.tick (node_modules/.pnpm/@sinonjs+fake-timers@13.0.5/node_modules/@sinonjs/fake-timers/src/fake-timers-src.js:1502:20)
      at Object.runToLast (node_modules/.pnpm/@sinonjs+fake-timers@13.0.5/node_modules/@sinonjs/fake-timers/src/fake-timers-src.js:1661:26)
      at FakeTimers.runOnlyPendingTimers (node_modules/.pnpm/@jest+fake-timers@30.2.0/node_modules/@jest/fake-timers/build/index.js:542:19)
      at Object.runOnlyPendingTimers (src/components/__tests__/SessionWarningModal.test.tsx:52:10)

    console.error
      An update to SessionWarningModal inside a test was not wrapped in act(...).
      
      When testing, code that causes React state updates should be wrapped into act(...):
      
      act(() => {
        /* fire events that update state */
      });
      /* assert on the output */
      
      This ensures that you're testing the behavior the user would see in the browser. Learn more at https://react.dev/link/wrap-tests-with-act

    [0m [90m 373 |[39m       [36mreturn[39m[33m;[39m
     [90m 374 |[39m     }
    [31m[1m>[22m[39m[90m 375 |[39m     originalError[33m.[39mcall(console[33m,[39m [33m...[39margs)[33m;[39m
     [90m     |[39m                   [31m[1m^[22m[39m
     [90m 376 |[39m   }[33m;[39m
     [90m 377 |[39m })[33m;[39m
     [90m 378 |[39m[0m

      at console.call [as error] (jest.setup.js:375:19)
      at node_modules/.pnpm/react-dom@19.2.0_react@19.2.0/node_modules/react-dom/cjs/react-dom-client.development.js:18758:19
      at runWithFiberInDEV (node_modules/.pnpm/react-dom@19.2.0_react@19.2.0/node_modules/react-dom/cjs/react-dom-client.development.js:874:13)
      at warnIfUpdatesNotWrappedWithActDEV (node_modules/.pnpm/react-dom@19.2.0_react@19.2.0/node_modules/react-dom/cjs/react-dom-client.development.js:18757:9)
      at scheduleUpdateOnFiber (node_modules/.pnpm/react-dom@19.2.0_react@19.2.0/node_modules/react-dom/cjs/react-dom-client.development.js:16409:11)
      at dispatchSetStateInternal (node_modules/.pnpm/react-dom@19.2.0_react@19.2.0/node_modules/react-dom/cjs/react-dom-client.development.js:9170:13)
      at dispatchSetState (node_modules/.pnpm/react-dom@19.2.0_react@19.2.0/node_modules/react-dom/cjs/react-dom-client.development.js:9127:7)
      at setRemainingMinutes (src/components/SessionWarningModal.tsx:61:7)
      at callTimer (node_modules/.pnpm/@sinonjs+fake-timers@13.0.5/node_modules/@sinonjs/fake-timers/src/fake-timers-src.js:806:24)
      at doTickInner (node_modules/.pnpm/@sinonjs+fake-timers@13.0.5/node_modules/@sinonjs/fake-timers/src/fake-timers-src.js:1413:29)
      at doTick (node_modules/.pnpm/@sinonjs+fake-timers@13.0.5/node_modules/@sinonjs/fake-timers/src/fake-timers-src.js:1494:20)
      at Object.tick (node_modules/.pnpm/@sinonjs+fake-timers@13.0.5/node_modules/@sinonjs/fake-timers/src/fake-timers-src.js:1502:20)
      at Object.runToLast (node_modules/.pnpm/@sinonjs+fake-timers@13.0.5/node_modules/@sinonjs/fake-timers/src/fake-timers-src.js:1661:26)
      at FakeTimers.runOnlyPendingTimers (node_modules/.pnpm/@jest+fake-timers@30.2.0/node_modules/@jest/fake-timers/build/index.js:542:19)
      at Object.runOnlyPendingTimers (src/components/__tests__/SessionWarningModal.test.tsx:52:10)

    console.error
      An update to SessionWarningModal inside a test was not wrapped in act(...).
      
      When testing, code that causes React state updates should be wrapped into act(...):
      
      act(() => {
        /* fire events that update state */
      });
      /* assert on the output */
      
      This ensures that you're testing the behavior the user would see in the browser. Learn more at https://react.dev/link/wrap-tests-with-act

    [0m [90m 373 |[39m       [36mreturn[39m[33m;[39m
     [90m 374 |[39m     }
    [31m[1m>[22m[39m[90m 375 |[39m     originalError[33m.[39mcall(console[33m,[39m [33m...[39margs)[33m;[39m
     [90m     |[39m                   [31m[1m^[22m[39m
     [90m 376 |[39m   }[33m;[39m
     [90m 377 |[39m })[33m;[39m
     [90m 378 |[39m[0m

      at console.call [as error] (jest.setup.js:375:19)
      at node_modules/.pnpm/react-dom@19.2.0_react@19.2.0/node_modules/react-dom/cjs/react-dom-client.development.js:18758:19
      at runWithFiberInDEV (node_modules/.pnpm/react-dom@19.2.0_react@19.2.0/node_modules/react-dom/cjs/react-dom-client.development.js:874:13)
      at warnIfUpdatesNotWrappedWithActDEV (node_modules/.pnpm/react-dom@19.2.0_react@19.2.0/node_modules/react-dom/cjs/react-dom-client.development.js:18757:9)
      at scheduleUpdateOnFiber (node_modules/.pnpm/react-dom@19.2.0_react@19.2.0/node_modules/react-dom/cjs/react-dom-client.development.js:16409:11)
      at dispatchSetStateInternal (node_modules/.pnpm/react-dom@19.2.0_react@19.2.0/node_modules/react-dom/cjs/react-dom-client.development.js:9170:13)
      at dispatchSetState (node_modules/.pnpm/react-dom@19.2.0_react@19.2.0/node_modules/react-dom/cjs/react-dom-client.development.js:9127:7)
      at setRemainingMinutes (src/components/SessionWarningModal.tsx:61:7)
      at callTimer (node_modules/.pnpm/@sinonjs+fake-timers@13.0.5/node_modules/@sinonjs/fake-timers/src/fake-timers-src.js:806:24)
      at doTickInner (node_modules/.pnpm/@sinonjs+fake-timers@13.0.5/node_modules/@sinonjs/fake-timers/src/fake-timers-src.js:1413:29)
      at doTick (node_modules/.pnpm/@sinonjs+fake-timers@13.0.5/node_modules/@sinonjs/fake-timers/src/fake-timers-src.js:1494:20)
      at Object.tick (node_modules/.pnpm/@sinonjs+fake-timers@13.0.5/node_modules/@sinonjs/fake-timers/src/fake-timers-src.js:1502:20)
      at Object.runToLast (node_modules/.pnpm/@sinonjs+fake-timers@13.0.5/node_modules/@sinonjs/fake-timers/src/fake-timers-src.js:1661:26)
      at FakeTimers.runOnlyPendingTimers (node_modules/.pnpm/@jest+fake-timers@30.2.0/node_modules/@jest/fake-timers/build/index.js:542:19)
      at Object.runOnlyPendingTimers (src/components/__tests__/SessionWarningModal.test.tsx:52:10)

    console.error
      An update to SessionWarningModal inside a test was not wrapped in act(...).
      
      When testing, code that causes React state updates should be wrapped into act(...):
      
      act(() => {
        /* fire events that update state */
      });
      /* assert on the output */
      
      This ensures that you're testing the behavior the user would see in the browser. Learn more at https://react.dev/link/wrap-tests-with-act

    [0m [90m 373 |[39m       [36mreturn[39m[33m;[39m
     [90m 374 |[39m     }
    [31m[1m>[22m[39m[90m 375 |[39m     originalError[33m.[39mcall(console[33m,[39m [33m...[39margs)[33m;[39m
     [90m     |[39m                   [31m[1m^[22m[39m
     [90m 376 |[39m   }[33m;[39m
     [90m 377 |[39m })[33m;[39m
     [90m 378 |[39m[0m

      at console.call [as error] (jest.setup.js:375:19)
      at node_modules/.pnpm/react-dom@19.2.0_react@19.2.0/node_modules/react-dom/cjs/react-dom-client.development.js:18758:19
      at runWithFiberInDEV (node_modules/.pnpm/react-dom@19.2.0_react@19.2.0/node_modules/react-dom/cjs/react-dom-client.development.js:874:13)
      at warnIfUpdatesNotWrappedWithActDEV (node_modules/.pnpm/react-dom@19.2.0_react@19.2.0/node_modules/react-dom/cjs/react-dom-client.development.js:18757:9)
      at scheduleUpdateOnFiber (node_modules/.pnpm/react-dom@19.2.0_react@19.2.0/node_modules/react-dom/cjs/react-dom-client.development.js:16409:11)
      at dispatchSetStateInternal (node_modules/.pnpm/react-dom@19.2.0_react@19.2.0/node_modules/react-dom/cjs/react-dom-client.development.js:9170:13)
      at dispatchSetState (node_modules/.pnpm/react-dom@19.2.0_react@19.2.0/node_modules/react-dom/cjs/react-dom-client.development.js:9127:7)
      at setRemainingMinutes (src/components/SessionWarningModal.tsx:61:7)
      at callTimer (node_modules/.pnpm/@sinonjs+fake-timers@13.0.5/node_modules/@sinonjs/fake-timers/src/fake-timers-src.js:806:24)
      at doTickInner (node_modules/.pnpm/@sinonjs+fake-timers@13.0.5/node_modules/@sinonjs/fake-timers/src/fake-timers-src.js:1413:29)
      at doTick (node_modules/.pnpm/@sinonjs+fake-timers@13.0.5/node_modules/@sinonjs/fake-timers/src/fake-timers-src.js:1494:20)
      at Object.tick (node_modules/.pnpm/@sinonjs+fake-timers@13.0.5/node_modules/@sinonjs/fake-timers/src/fake-timers-src.js:1502:20)
      at Object.runToLast (node_modules/.pnpm/@sinonjs+fake-timers@13.0.5/node_modules/@sinonjs/fake-timers/src/fake-timers-src.js:1661:26)
      at FakeTimers.runOnlyPendingTimers (node_modules/.pnpm/@jest+fake-timers@30.2.0/node_modules/@jest/fake-timers/build/index.js:542:19)
      at Object.runOnlyPendingTimers (src/components/__tests__/SessionWarningModal.test.tsx:52:10)

    console.error
      An update to SessionWarningModal inside a test was not wrapped in act(...).
      
      When testing, code that causes React state updates should be wrapped into act(...):
      
      act(() => {
        /* fire events that update state */
      });
      /* assert on the output */
      
      This ensures that you're testing the behavior the user would see in the browser. Learn more at https://react.dev/link/wrap-tests-with-act

    [0m [90m 373 |[39m       [36mreturn[39m[33m;[39m
     [90m 374 |[39m     }
    [31m[1m>[22m[39m[90m 375 |[39m     originalError[33m.[39mcall(console[33m,[39m [33m...[39margs)[33m;[39m
     [90m     |[39m                   [31m[1m^[22m[39m
     [90m 376 |[39m   }[33m;[39m
     [90m 377 |[39m })[33m;[39m
     [90m 378 |[39m[0m

      at console.call [as error] (jest.setup.js:375:19)
      at node_modules/.pnpm/react-dom@19.2.0_react@19.2.0/node_modules/react-dom/cjs/react-dom-client.development.js:18758:19
      at runWithFiberInDEV (node_modules/.pnpm/react-dom@19.2.0_react@19.2.0/node_modules/react-dom/cjs/react-dom-client.development.js:874:13)
      at warnIfUpdatesNotWrappedWithActDEV (node_modules/.pnpm/react-dom@19.2.0_react@19.2.0/node_modules/react-dom/cjs/react-dom-client.development.js:18757:9)
      at scheduleUpdateOnFiber (node_modules/.pnpm/react-dom@19.2.0_react@19.2.0/node_modules/react-dom/cjs/react-dom-client.development.js:16409:11)
      at dispatchSetStateInternal (node_modules/.pnpm/react-dom@19.2.0_react@19.2.0/node_modules/react-dom/cjs/react-dom-client.development.js:9170:13)
      at dispatchSetState (node_modules/.pnpm/react-dom@19.2.0_react@19.2.0/node_modules/react-dom/cjs/react-dom-client.development.js:9127:7)
      at setRemainingMinutes (src/components/SessionWarningModal.tsx:61:7)
      at callTimer (node_modules/.pnpm/@sinonjs+fake-timers@13.0.5/node_modules/@sinonjs/fake-timers/src/fake-timers-src.js:806:24)
      at doTickInner (node_modules/.pnpm/@sinonjs+fake-timers@13.0.5/node_modules/@sinonjs/fake-timers/src/fake-timers-src.js:1413:29)
      at doTick (node_modules/.pnpm/@sinonjs+fake-timers@13.0.5/node_modules/@sinonjs/fake-timers/src/fake-timers-src.js:1494:20)
      at Object.tick (node_modules/.pnpm/@sinonjs+fake-timers@13.0.5/node_modules/@sinonjs/fake-timers/src/fake-timers-src.js:1502:20)
      at Object.runToLast (node_modules/.pnpm/@sinonjs+fake-timers@13.0.5/node_modules/@sinonjs/fake-timers/src/fake-timers-src.js:1661:26)
      at FakeTimers.runOnlyPendingTimers (node_modules/.pnpm/@jest+fake-timers@30.2.0/node_modules/@jest/fake-timers/build/index.js:542:19)
      at Object.runOnlyPendingTimers (src/components/__tests__/SessionWarningModal.test.tsx:52:10)

PASS src/components/diff/__tests__/DiffToolbar.test.tsx
PASS src/components/accessible/__tests__/AccessibleModal.a11y.test.tsx
  ● Console

    console.error
      `DialogContent` requires a `DialogTitle` for the component to be accessible for screen reader users.
      
      If you want to hide the `DialogTitle`, you can wrap it with our VisuallyHidden component.
      
      For more information, see https://radix-ui.com/primitives/docs/components/dialog

    [0m [90m 373 |[39m       [36mreturn[39m[33m;[39m
     [90m 374 |[39m     }
    [31m[1m>[22m[39m[90m 375 |[39m     originalError[33m.[39mcall(console[33m,[39m [33m...[39margs)[33m;[39m
     [90m     |[39m                   [31m[1m^[22m[39m
     [90m 376 |[39m   }[33m;[39m
     [90m 377 |[39m })[33m;[39m
     [90m 378 |[39m[0m

      at console.call [as error] (jest.setup.js:375:19)
      at node_modules/.pnpm/@radix-ui+react-dialog@1.1._664b8f23a65f4708bb5cf27e5ff43c08/node_modules/@radix-ui/react-dialog/src/dialog.tsx:520:30
      at Object.react_stack_bottom_frame (node_modules/.pnpm/react-dom@19.2.0_react@19.2.0/node_modules/react-dom/cjs/react-dom-client.development.js:25989:20)
      at runWithFiberInDEV (node_modules/.pnpm/react-dom@19.2.0_react@19.2.0/node_modules/react-dom/cjs/react-dom-client.development.js:874:13)
      at commitHookEffectListMount (node_modules/.pnpm/react-dom@19.2.0_react@19.2.0/node_modules/react-dom/cjs/react-dom-client.development.js:13249:29)
      at commitHookPassiveMountEffects (node_modules/.pnpm/react-dom@19.2.0_react@19.2.0/node_modules/react-dom/cjs/react-dom-client.development.js:13336:11)
      at commitPassiveMountOnFiber (node_modules/.pnpm/react-dom@19.2.0_react@19.2.0/node_modules/react-dom/cjs/react-dom-client.development.js:15484:13)
      at recursivelyTraversePassiveMountEffects (node_modules/.pnpm/react-dom@19.2.0_react@19.2.0/node_modules/react-dom/cjs/react-dom-client.development.js:15439:11)
      at commitPassiveMountOnFiber (node_modules/.pnpm/react-dom@19.2.0_react@19.2.0/node_modules/react-dom/cjs/react-dom-client.development.js:15718:11)
      at recursivelyTraversePassiveMountEffects (node_modules/.pnpm/react-dom@19.2.0_react@19.2.0/node_modules/react-dom/cjs/react-dom-client.development.js:15439:11)
      at commitPassiveMountOnFiber (node_modules/.pnpm/react-dom@19.2.0_react@19.2.0/node_modules/react-dom/cjs/react-dom-client.development.js:15476:11)
      at recursivelyTraversePassiveMountEffects (node_modules/.pnpm/react-dom@19.2.0_react@19.2.0/node_modules/react-dom/cjs/react-dom-client.development.js:15439:11)
      at commitPassiveMountOnFiber (node_modules/.pnpm/react-dom@19.2.0_react@19.2.0/node_modules/react-dom/cjs/react-dom-client.development.js:15476:11)
      at recursivelyTraversePassiveMountEffects (node_modules/.pnpm/react-dom@19.2.0_react@19.2.0/node_modules/react-dom/cjs/react-dom-client.development.js:15439:11)
      at commitPassiveMountOnFiber (node_modules/.pnpm/react-dom@19.2.0_react@19.2.0/node_modules/react-dom/cjs/react-dom-client.development.js:15476:11)
      at recursivelyTraversePassiveMountEffects (node_modules/.pnpm/react-dom@19.2.0_react@19.2.0/node_modules/react-dom/cjs/react-dom-client.development.js:15439:11)
      at commitPassiveMountOnFiber (node_modules/.pnpm/react-dom@19.2.0_react@19.2.0/node_modules/react-dom/cjs/react-dom-client.development.js:15476:11)
      at recursivelyTraversePassiveMountEffects (node_modules/.pnpm/react-dom@19.2.0_react@19.2.0/node_modules/react-dom/cjs/react-dom-client.development.js:15439:11)
      at commitPassiveMountOnFiber (node_modules/.pnpm/react-dom@19.2.0_react@19.2.0/node_modules/react-dom/cjs/react-dom-client.development.js:15476:11)
      at recursivelyTraversePassiveMountEffects (node_modules/.pnpm/react-dom@19.2.0_react@19.2.0/node_modules/react-dom/cjs/react-dom-client.development.js:15439:11)
      at commitPassiveMountOnFiber (node_modules/.pnpm/react-dom@19.2.0_react@19.2.0/node_modules/react-dom/cjs/react-dom-client.development.js:15476:11)
      at recursivelyTraversePassiveMountEffects (node_modules/.pnpm/react-dom@19.2.0_react@19.2.0/node_modules/react-dom/cjs/react-dom-client.development.js:15439:11)
      at commitPassiveMountOnFiber (node_modules/.pnpm/react-dom@19.2.0_react@19.2.0/node_modules/react-dom/cjs/react-dom-client.development.js:15476:11)
      at recursivelyTraversePassiveMountEffects (node_modules/.pnpm/react-dom@19.2.0_react@19.2.0/node_modules/react-dom/cjs/react-dom-client.development.js:15439:11)
      at commitPassiveMountOnFiber (node_modules/.pnpm/react-dom@19.2.0_react@19.2.0/node_modules/react-dom/cjs/react-dom-client.development.js:15718:11)
      at recursivelyTraversePassiveMountEffects (node_modules/.pnpm/react-dom@19.2.0_react@19.2.0/node_modules/react-dom/cjs/react-dom-client.development.js:15439:11)
      at commitPassiveMountOnFiber (node_modules/.pnpm/react-dom@19.2.0_react@19.2.0/node_modules/react-dom/cjs/react-dom-client.development.js:15476:11)
      at recursivelyTraversePassiveMountEffects (node_modules/.pnpm/react-dom@19.2.0_react@19.2.0/node_modules/react-dom/cjs/react-dom-client.development.js:15439:11)
      at commitPassiveMountOnFiber (node_modules/.pnpm/react-dom@19.2.0_react@19.2.0/node_modules/react-dom/cjs/react-dom-client.development.js:15476:11)
      at recursivelyTraversePassiveMountEffects (node_modules/.pnpm/react-dom@19.2.0_react@19.2.0/node_modules/react-dom/cjs/react-dom-client.development.js:15439:11)
      at commitPassiveMountOnFiber (node_modules/.pnpm/react-dom@19.2.0_react@19.2.0/node_modules/react-dom/cjs/react-dom-client.development.js:15718:11)
      at recursivelyTraversePassiveMountEffects (node_modules/.pnpm/react-dom@19.2.0_react@19.2.0/node_modules/react-dom/cjs/react-dom-client.development.js:15439:11)
      at commitPassiveMountOnFiber (node_modules/.pnpm/react-dom@19.2.0_react@19.2.0/node_modules/react-dom/cjs/react-dom-client.development.js:15476:11)
      at recursivelyTraversePassiveMountEffects (node_modules/.pnpm/react-dom@19.2.0_react@19.2.0/node_modules/react-dom/cjs/react-dom-client.development.js:15439:11)
      at commitPassiveMountOnFiber (node_modules/.pnpm/react-dom@19.2.0_react@19.2.0/node_modules/react-dom/cjs/react-dom-client.development.js:15476:11)
      at recursivelyTraversePassiveMountEffects (node_modules/.pnpm/react-dom@19.2.0_react@19.2.0/node_modules/react-dom/cjs/react-dom-client.development.js:15439:11)
      at commitPassiveMountOnFiber (node_modules/.pnpm/react-dom@19.2.0_react@19.2.0/node_modules/react-dom/cjs/react-dom-client.development.js:15476:11)
      at recursivelyTraversePassiveMountEffects (node_modules/.pnpm/react-dom@19.2.0_react@19.2.0/node_modules/react-dom/cjs/react-dom-client.development.js:15439:11)
      at commitPassiveMountOnFiber (node_modules/.pnpm/react-dom@19.2.0_react@19.2.0/node_modules/react-dom/cjs/react-dom-client.development.js:15718:11)
      at recursivelyTraversePassiveMountEffects (node_modules/.pnpm/react-dom@19.2.0_react@19.2.0/node_modules/react-dom/cjs/react-dom-client.development.js:15439:11)
      at commitPassiveMountOnFiber (node_modules/.pnpm/react-dom@19.2.0_react@19.2.0/node_modules/react-dom/cjs/react-dom-client.development.js:15476:11)
      at recursivelyTraversePassiveMountEffects (node_modules/.pnpm/react-dom@19.2.0_react@19.2.0/node_modules/react-dom/cjs/react-dom-client.development.js:15439:11)
      at commitPassiveMountOnFiber (node_modules/.pnpm/react-dom@19.2.0_react@19.2.0/node_modules/react-dom/cjs/react-dom-client.development.js:15476:11)
      at recursivelyTraversePassiveMountEffects (node_modules/.pnpm/react-dom@19.2.0_react@19.2.0/node_modules/react-dom/cjs/react-dom-client.development.js:15439:11)
      at commitPassiveMountOnFiber (node_modules/.pnpm/react-dom@19.2.0_react@19.2.0/node_modules/react-dom/cjs/react-dom-client.development.js:15476:11)
      at recursivelyTraversePassiveMountEffects (node_modules/.pnpm/react-dom@19.2.0_react@19.2.0/node_modules/react-dom/cjs/react-dom-client.development.js:15439:11)
      at commitPassiveMountOnFiber (node_modules/.pnpm/react-dom@19.2.0_react@19.2.0/node_modules/react-dom/cjs/react-dom-client.development.js:15519:11)
      at flushPassiveEffects (node_modules/.pnpm/react-dom@19.2.0_react@19.2.0/node_modules/react-dom/cjs/react-dom-client.development.js:18432:9)
      at flushPendingEffects (node_modules/.pnpm/react-dom@19.2.0_react@19.2.0/node_modules/react-dom/cjs/react-dom-client.development.js:18358:14)
      at flushSpawnedWork (node_modules/.pnpm/react-dom@19.2.0_react@19.2.0/node_modules/react-dom/cjs/react-dom-client.development.js:18323:44)
      at commitRoot (node_modules/.pnpm/react-dom@19.2.0_react@19.2.0/node_modules/react-dom/cjs/react-dom-client.development.js:17955:9)
      at performWorkOnRoot (node_modules/.pnpm/react-dom@19.2.0_react@19.2.0/node_modules/react-dom/cjs/react-dom-client.development.js:16667:15)
      at performSyncWorkOnRoot (node_modules/.pnpm/react-dom@19.2.0_react@19.2.0/node_modules/react-dom/cjs/react-dom-client.development.js:18972:7)
      at flushSyncWorkAcrossRoots_impl (node_modules/.pnpm/react-dom@19.2.0_react@19.2.0/node_modules/react-dom/cjs/react-dom-client.development.js:18814:21)
      at flushSpawnedWork (node_modules/.pnpm/react-dom@19.2.0_react@19.2.0/node_modules/react-dom/cjs/react-dom-client.development.js:18334:9)
      at commitRoot (node_modules/.pnpm/react-dom@19.2.0_react@19.2.0/node_modules/react-dom/cjs/react-dom-client.development.js:17955:9)
      at performWorkOnRoot (node_modules/.pnpm/react-dom@19.2.0_react@19.2.0/node_modules/react-dom/cjs/react-dom-client.development.js:16667:15)
      at performWorkOnRootViaSchedulerTask (node_modules/.pnpm/react-dom@19.2.0_react@19.2.0/node_modules/react-dom/cjs/react-dom-client.development.js:18957:7)
      at flushActQueue (node_modules/.pnpm/react@19.2.0/node_modules/react/cjs/react.development.js:590:34)
      at process.env.NODE_ENV.exports.act (node_modules/.pnpm/react@19.2.0/node_modules/react/cjs/react.development.js:884:10)
      at node_modules/.pnpm/@testing-library+react@16.3_15d474de7481bb0af842c1b1705139a8/node_modules/@testing-library/react/dist/act-compat.js:47:25
      at renderRoot (node_modules/.pnpm/@testing-library+react@16.3_15d474de7481bb0af842c1b1705139a8/node_modules/@testing-library/react/dist/pure.js:190:26)
      at render (node_modules/.pnpm/@testing-library+react@16.3_15d474de7481bb0af842c1b1705139a8/node_modules/@testing-library/react/dist/pure.js:292:10)
      at Object.<anonymous> (src/components/accessible/__tests__/AccessibleModal.a11y.test.tsx:13:33)

    console.error
      `DialogContent` requires a `DialogTitle` for the component to be accessible for screen reader users.
      
      If you want to hide the `DialogTitle`, you can wrap it with our VisuallyHidden component.
      
      For more information, see https://radix-ui.com/primitives/docs/components/dialog

    [0m [90m 373 |[39m       [36mreturn[39m[33m;[39m
     [90m 374 |[39m     }
    [31m[1m>[22m[39m[90m 375 |[39m     originalError[33m.[39mcall(console[33m,[39m [33m...[39margs)[33m;[39m
     [90m     |[39m                   [31m[1m^[22m[39m
     [90m 376 |[39m   }[33m;[39m
     [90m 377 |[39m })[33m;[39m
     [90m 378 |[39m[0m

      at console.call [as error] (jest.setup.js:375:19)
      at node_modules/.pnpm/@radix-ui+react-dialog@1.1._664b8f23a65f4708bb5cf27e5ff43c08/node_modules/@radix-ui/react-dialog/src/dialog.tsx:520:30
      at Object.react_stack_bottom_frame (node_modules/.pnpm/react-dom@19.2.0_react@19.2.0/node_modules/react-dom/cjs/react-dom-client.development.js:25989:20)
      at runWithFiberInDEV (node_modules/.pnpm/react-dom@19.2.0_react@19.2.0/node_modules/react-dom/cjs/react-dom-client.development.js:874:13)
      at commitHookEffectListMount (node_modules/.pnpm/react-dom@19.2.0_react@19.2.0/node_modules/react-dom/cjs/react-dom-client.development.js:13249:29)
      at commitHookPassiveMountEffects (node_modules/.pnpm/react-dom@19.2.0_react@19.2.0/node_modules/react-dom/cjs/react-dom-client.development.js:13336:11)
      at commitPassiveMountOnFiber (node_modules/.pnpm/react-dom@19.2.0_react@19.2.0/node_modules/react-dom/cjs/react-dom-client.development.js:15484:13)
      at recursivelyTraversePassiveMountEffects (node_modules/.pnpm/react-dom@19.2.0_react@19.2.0/node_modules/react-dom/cjs/react-dom-client.development.js:15439:11)
      at commitPassiveMountOnFiber (node_modules/.pnpm/react-dom@19.2.0_react@19.2.0/node_modules/react-dom/cjs/react-dom-client.development.js:15718:11)
      at recursivelyTraversePassiveMountEffects (node_modules/.pnpm/react-dom@19.2.0_react@19.2.0/node_modules/react-dom/cjs/react-dom-client.development.js:15439:11)
      at commitPassiveMountOnFiber (node_modules/.pnpm/react-dom@19.2.0_react@19.2.0/node_modules/react-dom/cjs/react-dom-client.development.js:15476:11)
      at recursivelyTraversePassiveMountEffects (node_modules/.pnpm/react-dom@19.2.0_react@19.2.0/node_modules/react-dom/cjs/react-dom-client.development.js:15439:11)
      at commitPassiveMountOnFiber (node_modules/.pnpm/react-dom@19.2.0_react@19.2.0/node_modules/react-dom/cjs/react-dom-client.development.js:15476:11)
      at recursivelyTraversePassiveMountEffects (node_modules/.pnpm/react-dom@19.2.0_react@19.2.0/node_modules/react-dom/cjs/react-dom-client.development.js:15439:11)
      at commitPassiveMountOnFiber (node_modules/.pnpm/react-dom@19.2.0_react@19.2.0/node_modules/react-dom/cjs/react-dom-client.development.js:15476:11)
      at recursivelyTraversePassiveMountEffects (node_modules/.pnpm/react-dom@19.2.0_react@19.2.0/node_modules/react-dom/cjs/react-dom-client.development.js:15439:11)
      at commitPassiveMountOnFiber (node_modules/.pnpm/react-dom@19.2.0_react@19.2.0/node_modules/react-dom/cjs/react-dom-client.development.js:15476:11)
      at recursivelyTraversePassiveMountEffects (node_modules/.pnpm/react-dom@19.2.0_react@19.2.0/node_modules/react-dom/cjs/react-dom-client.development.js:15439:11)
      at commitPassiveMountOnFiber (node_modules/.pnpm/react-dom@19.2.0_react@19.2.0/node_modules/react-dom/cjs/react-dom-client.development.js:15476:11)
      at recursivelyTraversePassiveMountEffects (node_modules/.pnpm/react-dom@19.2.0_react@19.2.0/node_modules/react-dom/cjs/react-dom-client.development.js:15439:11)
      at commitPassiveMountOnFiber (node_modules/.pnpm/react-dom@19.2.0_react@19.2.0/node_modules/react-dom/cjs/react-dom-client.development.js:15476:11)
      at recursivelyTraversePassiveMountEffects (node_modules/.pnpm/react-dom@19.2.0_react@19.2.0/node_modules/react-dom/cjs/react-dom-client.development.js:15439:11)
      at commitPassiveMountOnFiber (node_modules/.pnpm/react-dom@19.2.0_react@19.2.0/node_modules/react-dom/cjs/react-dom-client.development.js:15476:11)
      at recursivelyTraversePassiveMountEffects (node_modules/.pnpm/react-dom@19.2.0_react@19.2.0/node_modules/react-dom/cjs/react-dom-client.development.js:15439:11)
      at commitPassiveMountOnFiber (node_modules/.pnpm/react-dom@19.2.0_react@19.2.0/node_modules/react-dom/cjs/react-dom-client.development.js:15718:11)
      at recursivelyTraversePassiveMountEffects (node_modules/.pnpm/react-dom@19.2.0_react@19.2.0/node_modules/react-dom/cjs/react-dom-client.development.js:15439:11)
      at commitPassiveMountOnFiber (node_modules/.pnpm/react-dom@19.2.0_react@19.2.0/node_modules/react-dom/cjs/react-dom-client.development.js:15476:11)
      at recursivelyTraversePassiveMountEffects (node_modules/.pnpm/react-dom@19.2.0_react@19.2.0/node_modules/react-dom/cjs/react-dom-client.development.js:15439:11)
      at commitPassiveMountOnFiber (node_modules/.pnpm/react-dom@19.2.0_react@19.2.0/node_modules/react-dom/cjs/react-dom-client.development.js:15476:11)
      at recursivelyTraversePassiveMountEffects (node_modules/.pnpm/react-dom@19.2.0_react@19.2.0/node_modules/react-dom/cjs/react-dom-client.development.js:15439:11)
      at commitPassiveMountOnFiber (node_modules/.pnpm/react-dom@19.2.0_react@19.2.0/node_modules/react-dom/cjs/react-dom-client.development.js:15718:11)
      at recursivelyTraversePassiveMountEffects (node_modules/.pnpm/react-dom@19.2.0_react@19.2.0/node_modules/react-dom/cjs/react-dom-client.development.js:15439:11)
      at commitPassiveMountOnFiber (node_modules/.pnpm/react-dom@19.2.0_react@19.2.0/node_modules/react-dom/cjs/react-dom-client.development.js:15476:11)
      at recursivelyTraversePassiveMountEffects (node_modules/.pnpm/react-dom@19.2.0_react@19.2.0/node_modules/react-dom/cjs/react-dom-client.development.js:15439:11)
      at commitPassiveMountOnFiber (node_modules/.pnpm/react-dom@19.2.0_react@19.2.0/node_modules/react-dom/cjs/react-dom-client.development.js:15476:11)
      at recursivelyTraversePassiveMountEffects (node_modules/.pnpm/react-dom@19.2.0_react@19.2.0/node_modules/react-dom/cjs/react-dom-client.development.js:15439:11)
      at commitPassiveMountOnFiber (node_modules/.pnpm/react-dom@19.2.0_react@19.2.0/node_modules/react-dom/cjs/react-dom-client.development.js:15476:11)
      at recursivelyTraversePassiveMountEffects (node_modules/.pnpm/react-dom@19.2.0_react@19.2.0/node_modules/react-dom/cjs/react-dom-client.development.js:15439:11)
      at commitPassiveMountOnFiber (node_modules/.pnpm/react-dom@19.2.0_react@19.2.0/node_modules/react-dom/cjs/react-dom-client.development.js:15718:11)
      at recursivelyTraversePassiveMountEffects (node_modules/.pnpm/react-dom@19.2.0_react@19.2.0/node_modules/react-dom/cjs/react-dom-client.development.js:15439:11)
      at commitPassiveMountOnFiber (node_modules/.pnpm/react-dom@19.2.0_react@19.2.0/node_modules/react-dom/cjs/react-dom-client.development.js:15476:11)
      at recursivelyTraversePassiveMountEffects (node_modules/.pnpm/react-dom@19.2.0_react@19.2.0/node_modules/react-dom/cjs/react-dom-client.development.js:15439:11)
      at commitPassiveMountOnFiber (node_modules/.pnpm/react-dom@19.2.0_react@19.2.0/node_modules/react-dom/cjs/react-dom-client.development.js:15476:11)
      at recursivelyTraversePassiveMountEffects (node_modules/.pnpm/react-dom@19.2.0_react@19.2.0/node_modules/react-dom/cjs/react-dom-client.development.js:15439:11)
      at commitPassiveMountOnFiber (node_modules/.pnpm/react-dom@19.2.0_react@19.2.0/node_modules/react-dom/cjs/react-dom-client.development.js:15476:11)
      at recursivelyTraversePassiveMountEffects (node_modules/.pnpm/react-dom@19.2.0_react@19.2.0/node_modules/react-dom/cjs/react-dom-client.development.js:15439:11)
      at commitPassiveMountOnFiber (node_modules/.pnpm/react-dom@19.2.0_react@19.2.0/node_modules/react-dom/cjs/react-dom-client.development.js:15519:11)
      at flushPassiveEffects (node_modules/.pnpm/react-dom@19.2.0_react@19.2.0/node_modules/react-dom/cjs/react-dom-client.development.js:18432:9)
      at flushPendingEffects (node_modules/.pnpm/react-dom@19.2.0_react@19.2.0/node_modules/react-dom/cjs/react-dom-client.development.js:18358:14)
      at flushSpawnedWork (node_modules/.pnpm/react-dom@19.2.0_react@19.2.0/node_modules/react-dom/cjs/react-dom-client.development.js:18323:44)
      at commitRoot (node_modules/.pnpm/react-dom@19.2.0_react@19.2.0/node_modules/react-dom/cjs/react-dom-client.development.js:17955:9)
      at performWorkOnRoot (node_modules/.pnpm/react-dom@19.2.0_react@19.2.0/node_modules/react-dom/cjs/react-dom-client.development.js:16667:15)
      at performSyncWorkOnRoot (node_modules/.pnpm/react-dom@19.2.0_react@19.2.0/node_modules/react-dom/cjs/react-dom-client.development.js:18972:7)
      at flushSyncWorkAcrossRoots_impl (node_modules/.pnpm/react-dom@19.2.0_react@19.2.0/node_modules/react-dom/cjs/react-dom-client.development.js:18814:21)
      at flushSpawnedWork (node_modules/.pnpm/react-dom@19.2.0_react@19.2.0/node_modules/react-dom/cjs/react-dom-client.development.js:18334:9)
      at commitRoot (node_modules/.pnpm/react-dom@19.2.0_react@19.2.0/node_modules/react-dom/cjs/react-dom-client.development.js:17955:9)
      at performWorkOnRoot (node_modules/.pnpm/react-dom@19.2.0_react@19.2.0/node_modules/react-dom/cjs/react-dom-client.development.js:16667:15)
      at performWorkOnRootViaSchedulerTask (node_modules/.pnpm/react-dom@19.2.0_react@19.2.0/node_modules/react-dom/cjs/react-dom-client.development.js:18957:7)
      at flushActQueue (node_modules/.pnpm/react@19.2.0/node_modules/react/cjs/react.development.js:590:34)
      at process.env.NODE_ENV.exports.act (node_modules/.pnpm/react@19.2.0/node_modules/react/cjs/react.development.js:884:10)
      at node_modules/.pnpm/@testing-library+react@16.3_15d474de7481bb0af842c1b1705139a8/node_modules/@testing-library/react/dist/act-compat.js:47:25
      at renderRoot (node_modules/.pnpm/@testing-library+react@16.3_15d474de7481bb0af842c1b1705139a8/node_modules/@testing-library/react/dist/pure.js:190:26)
      at render (node_modules/.pnpm/@testing-library+react@16.3_15d474de7481bb0af842c1b1705139a8/node_modules/@testing-library/react/dist/pure.js:292:10)
      at Object.<anonymous> (src/components/accessible/__tests__/AccessibleModal.a11y.test.tsx:24:33)

    console.warn
      Warning: Missing `Description` or `aria-describedby={undefined}` for {DialogContent}.

    [0m [90m 22 |[39m
     [90m 23 |[39m   it([32m'should have no accessibility violations with description'[39m[33m,[39m [36masync[39m () [33m=>[39m {
    [31m[1m>[22m[39m[90m 24 |[39m     [36mconst[39m { container } [33m=[39m render(
     [90m    |[39m                                 [31m[1m^[22m[39m
     [90m 25 |[39m       [33m<[39m[33mAccessibleModal[39m
     [90m 26 |[39m         isOpen[33m=[39m{[36mtrue[39m}
     [90m 27 |[39m         onClose[33m=[39m{() [33m=>[39m {}}[0m

      at node_modules/.pnpm/@radix-ui+react-dialog@1.1._664b8f23a65f4708bb5cf27e5ff43c08/node_modules/@radix-ui/react-dialog/src/dialog.tsx:543:36
      at Object.react_stack_bottom_frame (node_modules/.pnpm/react-dom@19.2.0_react@19.2.0/node_modules/react-dom/cjs/react-dom-client.development.js:25989:20)
      at runWithFiberInDEV (node_modules/.pnpm/react-dom@19.2.0_react@19.2.0/node_modules/react-dom/cjs/react-dom-client.development.js:874:13)
      at commitHookEffectListMount (node_modules/.pnpm/react-dom@19.2.0_react@19.2.0/node_modules/react-dom/cjs/react-dom-client.development.js:13249:29)
      at commitHookPassiveMountEffects (node_modules/.pnpm/react-dom@19.2.0_react@19.2.0/node_modules/react-dom/cjs/react-dom-client.development.js:13336:11)
      at commitPassiveMountOnFiber (node_modules/.pnpm/react-dom@19.2.0_react@19.2.0/node_modules/react-dom/cjs/react-dom-client.development.js:15484:13)
      at recursivelyTraversePassiveMountEffects (node_modules/.pnpm/react-dom@19.2.0_react@19.2.0/node_modules/react-dom/cjs/react-dom-client.development.js:15439:11)
      at commitPassiveMountOnFiber (node_modules/.pnpm/react-dom@19.2.0_react@19.2.0/node_modules/react-dom/cjs/react-dom-client.development.js:15718:11)
      at recursivelyTraversePassiveMountEffects (node_modules/.pnpm/react-dom@19.2.0_react@19.2.0/node_modules/react-dom/cjs/react-dom-client.development.js:15439:11)
      at commitPassiveMountOnFiber (node_modules/.pnpm/react-dom@19.2.0_react@19.2.0/node_modules/react-dom/cjs/react-dom-client.development.js:15476:11)
      at recursivelyTraversePassiveMountEffects (node_modules/.pnpm/react-dom@19.2.0_react@19.2.0/node_modules/react-dom/cjs/react-dom-client.development.js:15439:11)
      at commitPassiveMountOnFiber (node_modules/.pnpm/react-dom@19.2.0_react@19.2.0/node_modules/react-dom/cjs/react-dom-client.development.js:15476:11)
      at recursivelyTraversePassiveMountEffects (node_modules/.pnpm/react-dom@19.2.0_react@19.2.0/node_modules/react-dom/cjs/react-dom-client.development.js:15439:11)
      at commitPassiveMountOnFiber (node_modules/.pnpm/react-dom@19.2.0_react@19.2.0/node_modules/react-dom/cjs/react-dom-client.development.js:15476:11)
      at recursivelyTraversePassiveMountEffects (node_modules/.pnpm/react-dom@19.2.0_react@19.2.0/node_modules/react-dom/cjs/react-dom-client.development.js:15439:11)
      at commitPassiveMountOnFiber (node_modules/.pnpm/react-dom@19.2.0_react@19.2.0/node_modules/react-dom/cjs/react-dom-client.development.js:15476:11)
      at recursivelyTraversePassiveMountEffects (node_modules/.pnpm/react-dom@19.2.0_react@19.2.0/node_modules/react-dom/cjs/react-dom-client.development.js:15439:11)
      at commitPassiveMountOnFiber (node_modules/.pnpm/react-dom@19.2.0_react@19.2.0/node_modules/react-dom/cjs/react-dom-client.development.js:15476:11)
      at recursivelyTraversePassiveMountEffects (node_modules/.pnpm/react-dom@19.2.0_react@19.2.0/node_modules/react-dom/cjs/react-dom-client.development.js:15439:11)
      at commitPassiveMountOnFiber (node_modules/.pnpm/react-dom@19.2.0_react@19.2.0/node_modules/react-dom/cjs/react-dom-client.development.js:15476:11)
      at recursivelyTraversePassiveMountEffects (node_modules/.pnpm/react-dom@19.2.0_react@19.2.0/node_modules/react-dom/cjs/react-dom-client.development.js:15439:11)
      at commitPassiveMountOnFiber (node_modules/.pnpm/react-dom@19.2.0_react@19.2.0/node_modules/react-dom/cjs/react-dom-client.development.js:15476:11)
      at recursivelyTraversePassiveMountEffects (node_modules/.pnpm/react-dom@19.2.0_react@19.2.0/node_modules/react-dom/cjs/react-dom-client.development.js:15439:11)
      at commitPassiveMountOnFiber (node_modules/.pnpm/react-dom@19.2.0_react@19.2.0/node_modules/react-dom/cjs/react-dom-client.development.js:15718:11)
      at recursivelyTraversePassiveMountEffects (node_modules/.pnpm/react-dom@19.2.0_react@19.2.0/node_modules/react-dom/cjs/react-dom-client.development.js:15439:11)
      at commitPassiveMountOnFiber (node_modules/.pnpm/react-dom@19.2.0_react@19.2.0/node_modules/react-dom/cjs/react-dom-client.development.js:15476:11)
      at recursivelyTraversePassiveMountEffects (node_modules/.pnpm/react-dom@19.2.0_react@19.2.0/node_modules/react-dom/cjs/react-dom-client.development.js:15439:11)
      at commitPassiveMountOnFiber (node_modules/.pnpm/react-dom@19.2.0_react@19.2.0/node_modules/react-dom/cjs/react-dom-client.development.js:15476:11)
      at recursivelyTraversePassiveMountEffects (node_modules/.pnpm/react-dom@19.2.0_react@19.2.0/node_modules/react-dom/cjs/react-dom-client.development.js:15439:11)
      at commitPassiveMountOnFiber (node_modules/.pnpm/react-dom@19.2.0_react@19.2.0/node_modules/react-dom/cjs/react-dom-client.development.js:15718:11)
      at recursivelyTraversePassiveMountEffects (node_modules/.pnpm/react-dom@19.2.0_react@19.2.0/node_modules/react-dom/cjs/react-dom-client.development.js:15439:11)
      at commitPassiveMountOnFiber (node_modules/.pnpm/react-dom@19.2.0_react@19.2.0/node_modules/react-dom/cjs/react-dom-client.development.js:15476:11)
      at recursivelyTraversePassiveMountEffects (node_modules/.pnpm/react-dom@19.2.0_react@19.2.0/node_modules/react-dom/cjs/react-dom-client.development.js:15439:11)
      at commitPassiveMountOnFiber (node_modules/.pnpm/react-dom@19.2.0_react@19.2.0/node_modules/react-dom/cjs/react-dom-client.development.js:15476:11)
      at recursivelyTraversePassiveMountEffects (node_modules/.pnpm/react-dom@19.2.0_react@19.2.0/node_modules/react-dom/cjs/react-dom-client.development.js:15439:11)
      at commitPassiveMountOnFiber (node_modules/.pnpm/react-dom@19.2.0_react@19.2.0/node_modules/react-dom/cjs/react-dom-client.development.js:15476:11)
      at recursivelyTraversePassiveMountEffects (node_modules/.pnpm/react-dom@19.2.0_react@19.2.0/node_modules/react-dom/cjs/react-dom-client.development.js:15439:11)
      at commitPassiveMountOnFiber (node_modules/.pnpm/react-dom@19.2.0_react@19.2.0/node_modules/react-dom/cjs/react-dom-client.development.js:15718:11)
      at recursivelyTraversePassiveMountEffects (node_modules/.pnpm/react-dom@19.2.0_react@19.2.0/node_modules/react-dom/cjs/react-dom-client.development.js:15439:11)
      at commitPassiveMountOnFiber (node_modules/.pnpm/react-dom@19.2.0_react@19.2.0/node_modules/react-dom/cjs/react-dom-client.development.js:15476:11)
      at recursivelyTraversePassiveMountEffects (node_modules/.pnpm/react-dom@19.2.0_react@19.2.0/node_modules/react-dom/cjs/react-dom-client.development.js:15439:11)
      at commitPassiveMountOnFiber (node_modules/.pnpm/react-dom@19.2.0_react@19.2.0/node_modules/react-dom/cjs/react-dom-client.development.js:15476:11)
      at recursivelyTraversePassiveMountEffects (node_modules/.pnpm/react-dom@19.2.0_react@19.2.0/node_modules/react-dom/cjs/react-dom-client.development.js:15439:11)
      at commitPassiveMountOnFiber (node_modules/.pnpm/react-dom@19.2.0_react@19.2.0/node_modules/react-dom/cjs/react-dom-client.development.js:15476:11)
      at recursivelyTraversePassiveMountEffects (node_modules/.pnpm/react-dom@19.2.0_react@19.2.0/node_modules/react-dom/cjs/react-dom-client.development.js:15439:11)
      at commitPassiveMountOnFiber (node_modules/.pnpm/react-dom@19.2.0_react@19.2.0/node_modules/react-dom/cjs/react-dom-client.development.js:15519:11)
      at flushPassiveEffects (node_modules/.pnpm/react-dom@19.2.0_react@19.2.0/node_modules/react-dom/cjs/react-dom-client.development.js:18432:9)
      at flushPendingEffects (node_modules/.pnpm/react-dom@19.2.0_react@19.2.0/node_modules/react-dom/cjs/react-dom-client.development.js:18358:14)
      at flushSpawnedWork (node_modules/.pnpm/react-dom@19.2.0_react@19.2.0/node_modules/react-dom/cjs/react-dom-client.development.js:18323:44)
      at commitRoot (node_modules/.pnpm/react-dom@19.2.0_react@19.2.0/node_modules/react-dom/cjs/react-dom-client.development.js:17955:9)
      at performWorkOnRoot (node_modules/.pnpm/react-dom@19.2.0_react@19.2.0/node_modules/react-dom/cjs/react-dom-client.development.js:16667:15)
      at performSyncWorkOnRoot (node_modules/.pnpm/react-dom@19.2.0_react@19.2.0/node_modules/react-dom/cjs/react-dom-client.development.js:18972:7)
      at flushSyncWorkAcrossRoots_impl (node_modules/.pnpm/react-dom@19.2.0_react@19.2.0/node_modules/react-dom/cjs/react-dom-client.development.js:18814:21)
      at flushSpawnedWork (node_modules/.pnpm/react-dom@19.2.0_react@19.2.0/node_modules/react-dom/cjs/react-dom-client.development.js:18334:9)
      at commitRoot (node_modules/.pnpm/react-dom@19.2.0_react@19.2.0/node_modules/react-dom/cjs/react-dom-client.development.js:17955:9)
      at performWorkOnRoot (node_modules/.pnpm/react-dom@19.2.0_react@19.2.0/node_modules/react-dom/cjs/react-dom-client.development.js:16667:15)
      at performWorkOnRootViaSchedulerTask (node_modules/.pnpm/react-dom@19.2.0_react@19.2.0/node_modules/react-dom/cjs/react-dom-client.development.js:18957:7)
      at flushActQueue (node_modules/.pnpm/react@19.2.0/node_modules/react/cjs/react.development.js:590:34)
      at process.env.NODE_ENV.exports.act (node_modules/.pnpm/react@19.2.0/node_modules/react/cjs/react.development.js:884:10)
      at node_modules/.pnpm/@testing-library+react@16.3_15d474de7481bb0af842c1b1705139a8/node_modules/@testing-library/react/dist/act-compat.js:47:25
      at renderRoot (node_modules/.pnpm/@testing-library+react@16.3_15d474de7481bb0af842c1b1705139a8/node_modules/@testing-library/react/dist/pure.js:190:26)
      at render (node_modules/.pnpm/@testing-library+react@16.3_15d474de7481bb0af842c1b1705139a8/node_modules/@testing-library/react/dist/pure.js:292:10)
      at Object.<anonymous> (src/components/accessible/__tests__/AccessibleModal.a11y.test.tsx:24:33)

    console.error
      `DialogContent` requires a `DialogTitle` for the component to be accessible for screen reader users.
      
      If you want to hide the `DialogTitle`, you can wrap it with our VisuallyHidden component.
      
      For more information, see https://radix-ui.com/primitives/docs/components/dialog

    [0m [90m 373 |[39m       [36mreturn[39m[33m;[39m
     [90m 374 |[39m     }
    [31m[1m>[22m[39m[90m 375 |[39m     originalError[33m.[39mcall(console[33m,[39m [33m...[39margs)[33m;[39m
     [90m     |[39m                   [31m[1m^[22m[39m
     [90m 376 |[39m   }[33m;[39m
     [90m 377 |[39m })[33m;[39m
     [90m 378 |[39m[0m

      at console.call [as error] (jest.setup.js:375:19)
      at node_modules/.pnpm/@radix-ui+react-dialog@1.1._664b8f23a65f4708bb5cf27e5ff43c08/node_modules/@radix-ui/react-dialog/src/dialog.tsx:520:30
      at Object.react_stack_bottom_frame (node_modules/.pnpm/react-dom@19.2.0_react@19.2.0/node_modules/react-dom/cjs/react-dom-client.development.js:25989:20)
      at runWithFiberInDEV (node_modules/.pnpm/react-dom@19.2.0_react@19.2.0/node_modules/react-dom/cjs/react-dom-client.development.js:874:13)
      at commitHookEffectListMount (node_modules/.pnpm/react-dom@19.2.0_react@19.2.0/node_modules/react-dom/cjs/react-dom-client.development.js:13249:29)
      at commitHookPassiveMountEffects (node_modules/.pnpm/react-dom@19.2.0_react@19.2.0/node_modules/react-dom/cjs/react-dom-client.development.js:13336:11)
      at commitPassiveMountOnFiber (node_modules/.pnpm/react-dom@19.2.0_react@19.2.0/node_modules/react-dom/cjs/react-dom-client.development.js:15484:13)
      at recursivelyTraversePassiveMountEffects (node_modules/.pnpm/react-dom@19.2.0_react@19.2.0/node_modules/react-dom/cjs/react-dom-client.development.js:15439:11)
      at commitPassiveMountOnFiber (node_modules/.pnpm/react-dom@19.2.0_react@19.2.0/node_modules/react-dom/cjs/react-dom-client.development.js:15718:11)
      at recursivelyTraversePassiveMountEffects (node_modules/.pnpm/react-dom@19.2.0_react@19.2.0/node_modules/react-dom/cjs/react-dom-client.development.js:15439:11)
      at commitPassiveMountOnFiber (node_modules/.pnpm/react-dom@19.2.0_react@19.2.0/node_modules/react-dom/cjs/react-dom-client.development.js:15476:11)
      at recursivelyTraversePassiveMountEffects (node_modules/.pnpm/react-dom@19.2.0_react@19.2.0/node_modules/react-dom/cjs/react-dom-client.development.js:15439:11)
      at commitPassiveMountOnFiber (node_modules/.pnpm/react-dom@19.2.0_react@19.2.0/node_modules/react-dom/cjs/react-dom-client.development.js:15476:11)
      at recursivelyTraversePassiveMountEffects (node_modules/.pnpm/react-dom@19.2.0_react@19.2.0/node_modules/react-dom/cjs/react-dom-client.development.js:15439:11)
      at commitPassiveMountOnFiber (node_modules/.pnpm/react-dom@19.2.0_react@19.2.0/node_modules/react-dom/cjs/react-dom-client.development.js:15476:11)
      at recursivelyTraversePassiveMountEffects (node_modules/.pnpm/react-dom@19.2.0_react@19.2.0/node_modules/react-dom/cjs/react-dom-client.development.js:15439:11)
      at commitPassiveMountOnFiber (node_modules/.pnpm/react-dom@19.2.0_react@19.2.0/node_modules/react-dom/cjs/react-dom-client.development.js:15476:11)
      at recursivelyTraversePassiveMountEffects (node_modules/.pnpm/react-dom@19.2.0_react@19.2.0/node_modules/react-dom/cjs/react-dom-client.development.js:15439:11)
      at commitPassiveMountOnFiber (node_modules/.pnpm/react-dom@19.2.0_react@19.2.0/node_modules/react-dom/cjs/react-dom-client.development.js:15476:11)
      at recursivelyTraversePassiveMountEffects (node_modules/.pnpm/react-dom@19.2.0_react@19.2.0/node_modules/react-dom/cjs/react-dom-client.development.js:15439:11)
      at commitPassiveMountOnFiber (node_modules/.pnpm/react-dom@19.2.0_react@19.2.0/node_modules/react-dom/cjs/react-dom-client.development.js:15476:11)
      at recursivelyTraversePassiveMountEffects (node_modules/.pnpm/react-dom@19.2.0_react@19.2.0/node_modules/react-dom/cjs/react-dom-client.development.js:15439:11)
      at commitPassiveMountOnFiber (node_modules/.pnpm/react-dom@19.2.0_react@19.2.0/node_modules/react-dom/cjs/react-dom-client.development.js:15476:11)
      at recursivelyTraversePassiveMountEffects (node_modules/.pnpm/react-dom@19.2.0_react@19.2.0/node_modules/react-dom/cjs/react-dom-client.development.js:15439:11)
      at commitPassiveMountOnFiber (node_modules/.pnpm/react-dom@19.2.0_react@19.2.0/node_modules/react-dom/cjs/react-dom-client.development.js:15718:11)
      at recursivelyTraversePassiveMountEffects (node_modules/.pnpm/react-dom@19.2.0_react@19.2.0/node_modules/react-dom/cjs/react-dom-client.development.js:15439:11)
      at commitPassiveMountOnFiber (node_modules/.pnpm/react-dom@19.2.0_react@19.2.0/node_modules/react-dom/cjs/react-dom-client.development.js:15476:11)
      at recursivelyTraversePassiveMountEffects (node_modules/.pnpm/react-dom@19.2.0_react@19.2.0/node_modules/react-dom/cjs/react-dom-client.development.js:15439:11)
      at commitPassiveMountOnFiber (node_modules/.pnpm/react-dom@19.2.0_react@19.2.0/node_modules/react-dom/cjs/react-dom-client.development.js:15476:11)
      at recursivelyTraversePassiveMountEffects (node_modules/.pnpm/react-dom@19.2.0_react@19.2.0/node_modules/react-dom/cjs/react-dom-client.development.js:15439:11)
      at commitPassiveMountOnFiber (node_modules/.pnpm/react-dom@19.2.0_react@19.2.0/node_modules/react-dom/cjs/react-dom-client.development.js:15718:11)
      at recursivelyTraversePassiveMountEffects (node_modules/.pnpm/react-dom@19.2.0_react@19.2.0/node_modules/react-dom/cjs/react-dom-client.development.js:15439:11)
      at commitPassiveMountOnFiber (node_modules/.pnpm/react-dom@19.2.0_react@19.2.0/node_modules/react-dom/cjs/react-dom-client.development.js:15476:11)
      at recursivelyTraversePassiveMountEffects (node_modules/.pnpm/react-dom@19.2.0_react@19.2.0/node_modules/react-dom/cjs/react-dom-client.development.js:15439:11)
      at commitPassiveMountOnFiber (node_modules/.pnpm/react-dom@19.2.0_react@19.2.0/node_modules/react-dom/cjs/react-dom-client.development.js:15476:11)
      at recursivelyTraversePassiveMountEffects (node_modules/.pnpm/react-dom@19.2.0_react@19.2.0/node_modules/react-dom/cjs/react-dom-client.development.js:15439:11)
      at commitPassiveMountOnFiber (node_modules/.pnpm/react-dom@19.2.0_react@19.2.0/node_modules/react-dom/cjs/react-dom-client.development.js:15476:11)
      at recursivelyTraversePassiveMountEffects (node_modules/.pnpm/react-dom@19.2.0_react@19.2.0/node_modules/react-dom/cjs/react-dom-client.development.js:15439:11)
      at commitPassiveMountOnFiber (node_modules/.pnpm/react-dom@19.2.0_react@19.2.0/node_modules/react-dom/cjs/react-dom-client.development.js:15718:11)
      at recursivelyTraversePassiveMountEffects (node_modules/.pnpm/react-dom@19.2.0_react@19.2.0/node_modules/react-dom/cjs/react-dom-client.development.js:15439:11)
      at commitPassiveMountOnFiber (node_modules/.pnpm/react-dom@19.2.0_react@19.2.0/node_modules/react-dom/cjs/react-dom-client.development.js:15476:11)
      at recursivelyTraversePassiveMountEffects (node_modules/.pnpm/react-dom@19.2.0_react@19.2.0/node_modules/react-dom/cjs/react-dom-client.development.js:15439:11)
      at commitPassiveMountOnFiber (node_modules/.pnpm/react-dom@19.2.0_react@19.2.0/node_modules/react-dom/cjs/react-dom-client.development.js:15476:11)
      at recursivelyTraversePassiveMountEffects (node_modules/.pnpm/react-dom@19.2.0_react@19.2.0/node_modules/react-dom/cjs/react-dom-client.development.js:15439:11)
      at commitPassiveMountOnFiber (node_modules/.pnpm/react-dom@19.2.0_react@19.2.0/node_modules/react-dom/cjs/react-dom-client.development.js:15476:11)
      at recursivelyTraversePassiveMountEffects (node_modules/.pnpm/react-dom@19.2.0_react@19.2.0/node_modules/react-dom/cjs/react-dom-client.development.js:15439:11)
      at commitPassiveMountOnFiber (node_modules/.pnpm/react-dom@19.2.0_react@19.2.0/node_modules/react-dom/cjs/react-dom-client.development.js:15519:11)
      at flushPassiveEffects (node_modules/.pnpm/react-dom@19.2.0_react@19.2.0/node_modules/react-dom/cjs/react-dom-client.development.js:18432:9)
      at flushPendingEffects (node_modules/.pnpm/react-dom@19.2.0_react@19.2.0/node_modules/react-dom/cjs/react-dom-client.development.js:18358:14)
      at flushSpawnedWork (node_modules/.pnpm/react-dom@19.2.0_react@19.2.0/node_modules/react-dom/cjs/react-dom-client.development.js:18323:44)
      at commitRoot (node_modules/.pnpm/react-dom@19.2.0_react@19.2.0/node_modules/react-dom/cjs/react-dom-client.development.js:17955:9)
      at performWorkOnRoot (node_modules/.pnpm/react-dom@19.2.0_react@19.2.0/node_modules/react-dom/cjs/react-dom-client.development.js:16667:15)
      at performSyncWorkOnRoot (node_modules/.pnpm/react-dom@19.2.0_react@19.2.0/node_modules/react-dom/cjs/react-dom-client.development.js:18972:7)
      at flushSyncWorkAcrossRoots_impl (node_modules/.pnpm/react-dom@19.2.0_react@19.2.0/node_modules/react-dom/cjs/react-dom-client.development.js:18814:21)
      at flushSpawnedWork (node_modules/.pnpm/react-dom@19.2.0_react@19.2.0/node_modules/react-dom/cjs/react-dom-client.development.js:18334:9)
      at commitRoot (node_modules/.pnpm/react-dom@19.2.0_react@19.2.0/node_modules/react-dom/cjs/react-dom-client.development.js:17955:9)
      at performWorkOnRoot (node_modules/.pnpm/react-dom@19.2.0_react@19.2.0/node_modules/react-dom/cjs/react-dom-client.development.js:16667:15)
      at performWorkOnRootViaSchedulerTask (node_modules/.pnpm/react-dom@19.2.0_react@19.2.0/node_modules/react-dom/cjs/react-dom-client.development.js:18957:7)
      at flushActQueue (node_modules/.pnpm/react@19.2.0/node_modules/react/cjs/react.development.js:590:34)
      at process.env.NODE_ENV.exports.act (node_modules/.pnpm/react@19.2.0/node_modules/react/cjs/react.development.js:884:10)
      at node_modules/.pnpm/@testing-library+react@16.3_15d474de7481bb0af842c1b1705139a8/node_modules/@testing-library/react/dist/act-compat.js:47:25
      at renderRoot (node_modules/.pnpm/@testing-library+react@16.3_15d474de7481bb0af842c1b1705139a8/node_modules/@testing-library/react/dist/pure.js:190:26)
      at render (node_modules/.pnpm/@testing-library+react@16.3_15d474de7481bb0af842c1b1705139a8/node_modules/@testing-library/react/dist/pure.js:292:10)
      at Object.<anonymous> (src/components/accessible/__tests__/AccessibleModal.a11y.test.tsx:40:33)

    console.error
      `DialogContent` requires a `DialogTitle` for the component to be accessible for screen reader users.
      
      If you want to hide the `DialogTitle`, you can wrap it with our VisuallyHidden component.
      
      For more information, see https://radix-ui.com/primitives/docs/components/dialog

    [0m [90m 373 |[39m       [36mreturn[39m[33m;[39m
     [90m 374 |[39m     }
    [31m[1m>[22m[39m[90m 375 |[39m     originalError[33m.[39mcall(console[33m,[39m [33m...[39margs)[33m;[39m
     [90m     |[39m                   [31m[1m^[22m[39m
     [90m 376 |[39m   }[33m;[39m
     [90m 377 |[39m })[33m;[39m
     [90m 378 |[39m[0m

      at console.call [as error] (jest.setup.js:375:19)
      at node_modules/.pnpm/@radix-ui+react-dialog@1.1._664b8f23a65f4708bb5cf27e5ff43c08/node_modules/@radix-ui/react-dialog/src/dialog.tsx:520:30
      at Object.react_stack_bottom_frame (node_modules/.pnpm/react-dom@19.2.0_react@19.2.0/node_modules/react-dom/cjs/react-dom-client.development.js:25989:20)
      at runWithFiberInDEV (node_modules/.pnpm/react-dom@19.2.0_react@19.2.0/node_modules/react-dom/cjs/react-dom-client.development.js:874:13)
      at commitHookEffectListMount (node_modules/.pnpm/react-dom@19.2.0_react@19.2.0/node_modules/react-dom/cjs/react-dom-client.development.js:13249:29)
      at commitHookPassiveMountEffects (node_modules/.pnpm/react-dom@19.2.0_react@19.2.0/node_modules/react-dom/cjs/react-dom-client.development.js:13336:11)
      at commitPassiveMountOnFiber (node_modules/.pnpm/react-dom@19.2.0_react@19.2.0/node_modules/react-dom/cjs/react-dom-client.development.js:15484:13)
      at recursivelyTraversePassiveMountEffects (node_modules/.pnpm/react-dom@19.2.0_react@19.2.0/node_modules/react-dom/cjs/react-dom-client.development.js:15439:11)
      at commitPassiveMountOnFiber (node_modules/.pnpm/react-dom@19.2.0_react@19.2.0/node_modules/react-dom/cjs/react-dom-client.development.js:15718:11)
      at recursivelyTraversePassiveMountEffects (node_modules/.pnpm/react-dom@19.2.0_react@19.2.0/node_modules/react-dom/cjs/react-dom-client.development.js:15439:11)
      at commitPassiveMountOnFiber (node_modules/.pnpm/react-dom@19.2.0_react@19.2.0/node_modules/react-dom/cjs/react-dom-client.development.js:15476:11)
      at recursivelyTraversePassiveMountEffects (node_modules/.pnpm/react-dom@19.2.0_react@19.2.0/node_modules/react-dom/cjs/react-dom-client.development.js:15439:11)
      at commitPassiveMountOnFiber (node_modules/.pnpm/react-dom@19.2.0_react@19.2.0/node_modules/react-dom/cjs/react-dom-client.development.js:15476:11)
      at recursivelyTraversePassiveMountEffects (node_modules/.pnpm/react-dom@19.2.0_react@19.2.0/node_modules/react-dom/cjs/react-dom-client.development.js:15439:11)
      at commitPassiveMountOnFiber (node_modules/.pnpm/react-dom@19.2.0_react@19.2.0/node_modules/react-dom/cjs/react-dom-client.development.js:15476:11)
      at recursivelyTraversePassiveMountEffects (node_modules/.pnpm/react-dom@19.2.0_react@19.2.0/node_modules/react-dom/cjs/react-dom-client.development.js:15439:11)
      at commitPassiveMountOnFiber (node_modules/.pnpm/react-dom@19.2.0_react@19.2.0/node_modules/react-dom/cjs/react-dom-client.development.js:15476:11)
      at recursivelyTraversePassiveMountEffects (node_modules/.pnpm/react-dom@19.2.0_react@19.2.0/node_modules/react-dom/cjs/react-dom-client.development.js:15439:11)
      at commitPassiveMountOnFiber (node_modules/.pnpm/react-dom@19.2.0_react@19.2.0/node_modules/react-dom/cjs/react-dom-client.development.js:15476:11)
      at recursivelyTraversePassiveMountEffects (node_modules/.pnpm/react-dom@19.2.0_react@19.2.0/node_modules/react-dom/cjs/react-dom-client.development.js:15439:11)
      at commitPassiveMountOnFiber (node_modules/.pnpm/react-dom@19.2.0_react@19.2.0/node_modules/react-dom/cjs/react-dom-client.development.js:15476:11)
      at recursivelyTraversePassiveMountEffects (node_modules/.pnpm/react-dom@19.2.0_react@19.2.0/node_modules/react-dom/cjs/react-dom-client.development.js:15439:11)
      at commitPassiveMountOnFiber (node_modules/.pnpm/react-dom@19.2.0_react@19.2.0/node_modules/react-dom/cjs/react-dom-client.development.js:15476:11)
      at recursivelyTraversePassiveMountEffects (node_modules/.pnpm/react-dom@19.2.0_react@19.2.0/node_modules/react-dom/cjs/react-dom-client.development.js:15439:11)
      at commitPassiveMountOnFiber (node_modules/.pnpm/react-dom@19.2.0_react@19.2.0/node_modules/react-dom/cjs/react-dom-client.development.js:15718:11)
      at recursivelyTraversePassiveMountEffects (node_modules/.pnpm/react-dom@19.2.0_react@19.2.0/node_modules/react-dom/cjs/react-dom-client.development.js:15439:11)
      at commitPassiveMountOnFiber (node_modules/.pnpm/react-dom@19.2.0_react@19.2.0/node_modules/react-dom/cjs/react-dom-client.development.js:15476:11)
      at recursivelyTraversePassiveMountEffects (node_modules/.pnpm/react-dom@19.2.0_react@19.2.0/node_modules/react-dom/cjs/react-dom-client.development.js:15439:11)
      at commitPassiveMountOnFiber (node_modules/.pnpm/react-dom@19.2.0_react@19.2.0/node_modules/react-dom/cjs/react-dom-client.development.js:15476:11)
      at recursivelyTraversePassiveMountEffects (node_modules/.pnpm/react-dom@19.2.0_react@19.2.0/node_modules/react-dom/cjs/react-dom-client.development.js:15439:11)
      at commitPassiveMountOnFiber (node_modules/.pnpm/react-dom@19.2.0_react@19.2.0/node_modules/react-dom/cjs/react-dom-client.development.js:15718:11)
      at recursivelyTraversePassiveMountEffects (node_modules/.pnpm/react-dom@19.2.0_react@19.2.0/node_modules/react-dom/cjs/react-dom-client.development.js:15439:11)
      at commitPassiveMountOnFiber (node_modules/.pnpm/react-dom@19.2.0_react@19.2.0/node_modules/react-dom/cjs/react-dom-client.development.js:15476:11)
      at recursivelyTraversePassiveMountEffects (node_modules/.pnpm/react-dom@19.2.0_react@19.2.0/node_modules/react-dom/cjs/react-dom-client.development.js:15439:11)
      at commitPassiveMountOnFiber (node_modules/.pnpm/react-dom@19.2.0_react@19.2.0/node_modules/react-dom/cjs/react-dom-client.development.js:15476:11)
      at recursivelyTraversePassiveMountEffects (node_modules/.pnpm/react-dom@19.2.0_react@19.2.0/node_modules/react-dom/cjs/react-dom-client.development.js:15439:11)
      at commitPassiveMountOnFiber (node_modules/.pnpm/react-dom@19.2.0_react@19.2.0/node_modules/react-dom/cjs/react-dom-client.development.js:15476:11)
      at recursivelyTraversePassiveMountEffects (node_modules/.pnpm/react-dom@19.2.0_react@19.2.0/node_modules/react-dom/cjs/react-dom-client.development.js:15439:11)
      at commitPassiveMountOnFiber (node_modules/.pnpm/react-dom@19.2.0_react@19.2.0/node_modules/react-dom/cjs/react-dom-client.development.js:15718:11)
      at recursivelyTraversePassiveMountEffects (node_modules/.pnpm/react-dom@19.2.0_react@19.2.0/node_modules/react-dom/cjs/react-dom-client.development.js:15439:11)
      at commitPassiveMountOnFiber (node_modules/.pnpm/react-dom@19.2.0_react@19.2.0/node_modules/react-dom/cjs/react-dom-client.development.js:15476:11)
      at recursivelyTraversePassiveMountEffects (node_modules/.pnpm/react-dom@19.2.0_react@19.2.0/node_modules/react-dom/cjs/react-dom-client.development.js:15439:11)
      at commitPassiveMountOnFiber (node_modules/.pnpm/react-dom@19.2.0_react@19.2.0/node_modules/react-dom/cjs/react-dom-client.development.js:15476:11)
      at recursivelyTraversePassiveMountEffects (node_modules/.pnpm/react-dom@19.2.0_react@19.2.0/node_modules/react-dom/cjs/react-dom-client.development.js:15439:11)
      at commitPassiveMountOnFiber (node_modules/.pnpm/react-dom@19.2.0_react@19.2.0/node_modules/react-dom/cjs/react-dom-client.development.js:15476:11)
      at recursivelyTraversePassiveMountEffects (node_modules/.pnpm/react-dom@19.2.0_react@19.2.0/node_modules/react-dom/cjs/react-dom-client.development.js:15439:11)
      at commitPassiveMountOnFiber (node_modules/.pnpm/react-dom@19.2.0_react@19.2.0/node_modules/react-dom/cjs/react-dom-client.development.js:15519:11)
      at flushPassiveEffects (node_modules/.pnpm/react-dom@19.2.0_react@19.2.0/node_modules/react-dom/cjs/react-dom-client.development.js:18432:9)
      at flushPendingEffects (node_modules/.pnpm/react-dom@19.2.0_react@19.2.0/node_modules/react-dom/cjs/react-dom-client.development.js:18358:14)
      at flushSpawnedWork (node_modules/.pnpm/react-dom@19.2.0_react@19.2.0/node_modules/react-dom/cjs/react-dom-client.development.js:18323:44)
      at commitRoot (node_modules/.pnpm/react-dom@19.2.0_react@19.2.0/node_modules/react-dom/cjs/react-dom-client.development.js:17955:9)
      at performWorkOnRoot (node_modules/.pnpm/react-dom@19.2.0_react@19.2.0/node_modules/react-dom/cjs/react-dom-client.development.js:16667:15)
      at performSyncWorkOnRoot (node_modules/.pnpm/react-dom@19.2.0_react@19.2.0/node_modules/react-dom/cjs/react-dom-client.development.js:18972:7)
      at flushSyncWorkAcrossRoots_impl (node_modules/.pnpm/react-dom@19.2.0_react@19.2.0/node_modules/react-dom/cjs/react-dom-client.development.js:18814:21)
      at flushSpawnedWork (node_modules/.pnpm/react-dom@19.2.0_react@19.2.0/node_modules/react-dom/cjs/react-dom-client.development.js:18334:9)
      at commitRoot (node_modules/.pnpm/react-dom@19.2.0_react@19.2.0/node_modules/react-dom/cjs/react-dom-client.development.js:17955:9)
      at performWorkOnRoot (node_modules/.pnpm/react-dom@19.2.0_react@19.2.0/node_modules/react-dom/cjs/react-dom-client.development.js:16667:15)
      at performWorkOnRootViaSchedulerTask (node_modules/.pnpm/react-dom@19.2.0_react@19.2.0/node_modules/react-dom/cjs/react-dom-client.development.js:18957:7)
      at flushActQueue (node_modules/.pnpm/react@19.2.0/node_modules/react/cjs/react.development.js:590:34)
      at process.env.NODE_ENV.exports.act (node_modules/.pnpm/react@19.2.0/node_modules/react/cjs/react.development.js:884:10)
      at node_modules/.pnpm/@testing-library+react@16.3_15d474de7481bb0af842c1b1705139a8/node_modules/@testing-library/react/dist/act-compat.js:47:25
      at renderRoot (node_modules/.pnpm/@testing-library+react@16.3_15d474de7481bb0af842c1b1705139a8/node_modules/@testing-library/react/dist/pure.js:190:26)
      at render (node_modules/.pnpm/@testing-library+react@16.3_15d474de7481bb0af842c1b1705139a8/node_modules/@testing-library/react/dist/pure.js:292:10)
      at Object.<anonymous> (src/components/accessible/__tests__/AccessibleModal.a11y.test.tsx:55:11)

    console.error
      `DialogContent` requires a `DialogTitle` for the component to be accessible for screen reader users.
      
      If you want to hide the `DialogTitle`, you can wrap it with our VisuallyHidden component.
      
      For more information, see https://radix-ui.com/primitives/docs/components/dialog

    [0m [90m 373 |[39m       [36mreturn[39m[33m;[39m
     [90m 374 |[39m     }
    [31m[1m>[22m[39m[90m 375 |[39m     originalError[33m.[39mcall(console[33m,[39m [33m...[39margs)[33m;[39m
     [90m     |[39m                   [31m[1m^[22m[39m
     [90m 376 |[39m   }[33m;[39m
     [90m 377 |[39m })[33m;[39m
     [90m 378 |[39m[0m

      at console.call [as error] (jest.setup.js:375:19)
      at node_modules/.pnpm/@radix-ui+react-dialog@1.1._664b8f23a65f4708bb5cf27e5ff43c08/node_modules/@radix-ui/react-dialog/src/dialog.tsx:520:30
      at Object.react_stack_bottom_frame (node_modules/.pnpm/react-dom@19.2.0_react@19.2.0/node_modules/react-dom/cjs/react-dom-client.development.js:25989:20)
      at runWithFiberInDEV (node_modules/.pnpm/react-dom@19.2.0_react@19.2.0/node_modules/react-dom/cjs/react-dom-client.development.js:874:13)
      at commitHookEffectListMount (node_modules/.pnpm/react-dom@19.2.0_react@19.2.0/node_modules/react-dom/cjs/react-dom-client.development.js:13249:29)
      at commitHookPassiveMountEffects (node_modules/.pnpm/react-dom@19.2.0_react@19.2.0/node_modules/react-dom/cjs/react-dom-client.development.js:13336:11)
      at commitPassiveMountOnFiber (node_modules/.pnpm/react-dom@19.2.0_react@19.2.0/node_modules/react-dom/cjs/react-dom-client.development.js:15484:13)
      at recursivelyTraversePassiveMountEffects (node_modules/.pnpm/react-dom@19.2.0_react@19.2.0/node_modules/react-dom/cjs/react-dom-client.development.js:15439:11)
      at commitPassiveMountOnFiber (node_modules/.pnpm/react-dom@19.2.0_react@19.2.0/node_modules/react-dom/cjs/react-dom-client.development.js:15718:11)
      at recursivelyTraversePassiveMountEffects (node_modules/.pnpm/react-dom@19.2.0_react@19.2.0/node_modules/react-dom/cjs/react-dom-client.development.js:15439:11)
      at commitPassiveMountOnFiber (node_modules/.pnpm/react-dom@19.2.0_react@19.2.0/node_modules/react-dom/cjs/react-dom-client.development.js:15476:11)
      at recursivelyTraversePassiveMountEffects (node_modules/.pnpm/react-dom@19.2.0_react@19.2.0/node_modules/react-dom/cjs/react-dom-client.development.js:15439:11)
      at commitPassiveMountOnFiber (node_modules/.pnpm/react-dom@19.2.0_react@19.2.0/node_modules/react-dom/cjs/react-dom-client.development.js:15476:11)
      at recursivelyTraversePassiveMountEffects (node_modules/.pnpm/react-dom@19.2.0_react@19.2.0/node_modules/react-dom/cjs/react-dom-client.development.js:15439:11)
      at commitPassiveMountOnFiber (node_modules/.pnpm/react-dom@19.2.0_react@19.2.0/node_modules/react-dom/cjs/react-dom-client.development.js:15476:11)
      at recursivelyTraversePassiveMountEffects (node_modules/.pnpm/react-dom@19.2.0_react@19.2.0/node_modules/react-dom/cjs/react-dom-client.development.js:15439:11)
      at commitPassiveMountOnFiber (node_modules/.pnpm/react-dom@19.2.0_react@19.2.0/node_modules/react-dom/cjs/react-dom-client.development.js:15476:11)
      at recursivelyTraversePassiveMountEffects (node_modules/.pnpm/react-dom@19.2.0_react@19.2.0/node_modules/react-dom/cjs/react-dom-client.development.js:15439:11)
      at commitPassiveMountOnFiber (node_modules/.pnpm/react-dom@19.2.0_react@19.2.0/node_modules/react-dom/cjs/react-dom-client.development.js:15476:11)
      at recursivelyTraversePassiveMountEffects (node_modules/.pnpm/react-dom@19.2.0_react@19.2.0/node_modules/react-dom/cjs/react-dom-client.development.js:15439:11)
      at commitPassiveMountOnFiber (node_modules/.pnpm/react-dom@19.2.0_react@19.2.0/node_modules/react-dom/cjs/react-dom-client.development.js:15476:11)
      at recursivelyTraversePassiveMountEffects (node_modules/.pnpm/react-dom@19.2.0_react@19.2.0/node_modules/react-dom/cjs/react-dom-client.development.js:15439:11)
      at commitPassiveMountOnFiber (node_modules/.pnpm/react-dom@19.2.0_react@19.2.0/node_modules/react-dom/cjs/react-dom-client.development.js:15476:11)
      at recursivelyTraversePassiveMountEffects (node_modules/.pnpm/react-dom@19.2.0_react@19.2.0/node_modules/react-dom/cjs/react-dom-client.development.js:15439:11)
      at commitPassiveMountOnFiber (node_modules/.pnpm/react-dom@19.2.0_react@19.2.0/node_modules/react-dom/cjs/react-dom-client.development.js:15718:11)
      at recursivelyTraversePassiveMountEffects (node_modules/.pnpm/react-dom@19.2.0_react@19.2.0/node_modules/react-dom/cjs/react-dom-client.development.js:15439:11)
      at commitPassiveMountOnFiber (node_modules/.pnpm/react-dom@19.2.0_react@19.2.0/node_modules/react-dom/cjs/react-dom-client.development.js:15476:11)
      at recursivelyTraversePassiveMountEffects (node_modules/.pnpm/react-dom@19.2.0_react@19.2.0/node_modules/react-dom/cjs/react-dom-client.development.js:15439:11)
      at commitPassiveMountOnFiber (node_modules/.pnpm/react-dom@19.2.0_react@19.2.0/node_modules/react-dom/cjs/react-dom-client.development.js:15476:11)
      at recursivelyTraversePassiveMountEffects (node_modules/.pnpm/react-dom@19.2.0_react@19.2.0/node_modules/react-dom/cjs/react-dom-client.development.js:15439:11)
      at commitPassiveMountOnFiber (node_modules/.pnpm/react-dom@19.2.0_react@19.2.0/node_modules/react-dom/cjs/react-dom-client.development.js:15718:11)
      at recursivelyTraversePassiveMountEffects (node_modules/.pnpm/react-dom@19.2.0_react@19.2.0/node_modules/react-dom/cjs/react-dom-client.development.js:15439:11)
      at commitPassiveMountOnFiber (node_modules/.pnpm/react-dom@19.2.0_react@19.2.0/node_modules/react-dom/cjs/react-dom-client.development.js:15476:11)
      at recursivelyTraversePassiveMountEffects (node_modules/.pnpm/react-dom@19.2.0_react@19.2.0/node_modules/react-dom/cjs/react-dom-client.development.js:15439:11)
      at commitPassiveMountOnFiber (node_modules/.pnpm/react-dom@19.2.0_react@19.2.0/node_modules/react-dom/cjs/react-dom-client.development.js:15476:11)
      at recursivelyTraversePassiveMountEffects (node_modules/.pnpm/react-dom@19.2.0_react@19.2.0/node_modules/react-dom/cjs/react-dom-client.development.js:15439:11)
      at commitPassiveMountOnFiber (node_modules/.pnpm/react-dom@19.2.0_react@19.2.0/node_modules/react-dom/cjs/react-dom-client.development.js:15476:11)
      at recursivelyTraversePassiveMountEffects (node_modules/.pnpm/react-dom@19.2.0_react@19.2.0/node_modules/react-dom/cjs/react-dom-client.development.js:15439:11)
      at commitPassiveMountOnFiber (node_modules/.pnpm/react-dom@19.2.0_react@19.2.0/node_modules/react-dom/cjs/react-dom-client.development.js:15718:11)
      at recursivelyTraversePassiveMountEffects (node_modules/.pnpm/react-dom@19.2.0_react@19.2.0/node_modules/react-dom/cjs/react-dom-client.development.js:15439:11)
      at commitPassiveMountOnFiber (node_modules/.pnpm/react-dom@19.2.0_react@19.2.0/node_modules/react-dom/cjs/react-dom-client.development.js:15476:11)
      at recursivelyTraversePassiveMountEffects (node_modules/.pnpm/react-dom@19.2.0_react@19.2.0/node_modules/react-dom/cjs/react-dom-client.development.js:15439:11)
      at commitPassiveMountOnFiber (node_modules/.pnpm/react-dom@19.2.0_react@19.2.0/node_modules/react-dom/cjs/react-dom-client.development.js:15476:11)
      at recursivelyTraversePassiveMountEffects (node_modules/.pnpm/react-dom@19.2.0_react@19.2.0/node_modules/react-dom/cjs/react-dom-client.development.js:15439:11)
      at commitPassiveMountOnFiber (node_modules/.pnpm/react-dom@19.2.0_react@19.2.0/node_modules/react-dom/cjs/react-dom-client.development.js:15476:11)
      at recursivelyTraversePassiveMountEffects (node_modules/.pnpm/react-dom@19.2.0_react@19.2.0/node_modules/react-dom/cjs/react-dom-client.development.js:15439:11)
      at commitPassiveMountOnFiber (node_modules/.pnpm/react-dom@19.2.0_react@19.2.0/node_modules/react-dom/cjs/react-dom-client.development.js:15519:11)
      at flushPassiveEffects (node_modules/.pnpm/react-dom@19.2.0_react@19.2.0/node_modules/react-dom/cjs/react-dom-client.development.js:18432:9)
      at flushPendingEffects (node_modules/.pnpm/react-dom@19.2.0_react@19.2.0/node_modules/react-dom/cjs/react-dom-client.development.js:18358:14)
      at flushSpawnedWork (node_modules/.pnpm/react-dom@19.2.0_react@19.2.0/node_modules/react-dom/cjs/react-dom-client.development.js:18323:44)
      at commitRoot (node_modules/.pnpm/react-dom@19.2.0_react@19.2.0/node_modules/react-dom/cjs/react-dom-client.development.js:17955:9)
      at performWorkOnRoot (node_modules/.pnpm/react-dom@19.2.0_react@19.2.0/node_modules/react-dom/cjs/react-dom-client.development.js:16667:15)
      at performSyncWorkOnRoot (node_modules/.pnpm/react-dom@19.2.0_react@19.2.0/node_modules/react-dom/cjs/react-dom-client.development.js:18972:7)
      at flushSyncWorkAcrossRoots_impl (node_modules/.pnpm/react-dom@19.2.0_react@19.2.0/node_modules/react-dom/cjs/react-dom-client.development.js:18814:21)
      at flushSpawnedWork (node_modules/.pnpm/react-dom@19.2.0_react@19.2.0/node_modules/react-dom/cjs/react-dom-client.development.js:18334:9)
      at commitRoot (node_modules/.pnpm/react-dom@19.2.0_react@19.2.0/node_modules/react-dom/cjs/react-dom-client.development.js:17955:9)
      at performWorkOnRoot (node_modules/.pnpm/react-dom@19.2.0_react@19.2.0/node_modules/react-dom/cjs/react-dom-client.development.js:16667:15)
      at performWorkOnRootViaSchedulerTask (node_modules/.pnpm/react-dom@19.2.0_react@19.2.0/node_modules/react-dom/cjs/react-dom-client.development.js:18957:7)
      at flushActQueue (node_modules/.pnpm/react@19.2.0/node_modules/react/cjs/react.development.js:590:34)
      at process.env.NODE_ENV.exports.act (node_modules/.pnpm/react@19.2.0/node_modules/react/cjs/react.development.js:884:10)
      at node_modules/.pnpm/@testing-library+react@16.3_15d474de7481bb0af842c1b1705139a8/node_modules/@testing-library/react/dist/act-compat.js:47:25
      at renderRoot (node_modules/.pnpm/@testing-library+react@16.3_15d474de7481bb0af842c1b1705139a8/node_modules/@testing-library/react/dist/pure.js:190:26)
      at render (node_modules/.pnpm/@testing-library+react@16.3_15d474de7481bb0af842c1b1705139a8/node_modules/@testing-library/react/dist/pure.js:292:10)
      at Object.<anonymous> (src/components/accessible/__tests__/AccessibleModal.a11y.test.tsx:66:11)

    console.error
      `DialogContent` requires a `DialogTitle` for the component to be accessible for screen reader users.
      
      If you want to hide the `DialogTitle`, you can wrap it with our VisuallyHidden component.
      
      For more information, see https://radix-ui.com/primitives/docs/components/dialog

    [0m [90m 373 |[39m       [36mreturn[39m[33m;[39m
     [90m 374 |[39m     }
    [31m[1m>[22m[39m[90m 375 |[39m     originalError[33m.[39mcall(console[33m,[39m [33m...[39margs)[33m;[39m
     [90m     |[39m                   [31m[1m^[22m[39m
     [90m 376 |[39m   }[33m;[39m
     [90m 377 |[39m })[33m;[39m
     [90m 378 |[39m[0m

      at console.call [as error] (jest.setup.js:375:19)
      at node_modules/.pnpm/@radix-ui+react-dialog@1.1._664b8f23a65f4708bb5cf27e5ff43c08/node_modules/@radix-ui/react-dialog/src/dialog.tsx:520:30
      at Object.react_stack_bottom_frame (node_modules/.pnpm/react-dom@19.2.0_react@19.2.0/node_modules/react-dom/cjs/react-dom-client.development.js:25989:20)
      at runWithFiberInDEV (node_modules/.pnpm/react-dom@19.2.0_react@19.2.0/node_modules/react-dom/cjs/react-dom-client.development.js:874:13)
      at commitHookEffectListMount (node_modules/.pnpm/react-dom@19.2.0_react@19.2.0/node_modules/react-dom/cjs/react-dom-client.development.js:13249:29)
      at commitHookPassiveMountEffects (node_modules/.pnpm/react-dom@19.2.0_react@19.2.0/node_modules/react-dom/cjs/react-dom-client.development.js:13336:11)
      at commitPassiveMountOnFiber (node_modules/.pnpm/react-dom@19.2.0_react@19.2.0/node_modules/react-dom/cjs/react-dom-client.development.js:15484:13)
      at recursivelyTraversePassiveMountEffects (node_modules/.pnpm/react-dom@19.2.0_react@19.2.0/node_modules/react-dom/cjs/react-dom-client.development.js:15439:11)
      at commitPassiveMountOnFiber (node_modules/.pnpm/react-dom@19.2.0_react@19.2.0/node_modules/react-dom/cjs/react-dom-client.development.js:15718:11)
      at recursivelyTraversePassiveMountEffects (node_modules/.pnpm/react-dom@19.2.0_react@19.2.0/node_modules/react-dom/cjs/react-dom-client.development.js:15439:11)
      at commitPassiveMountOnFiber (node_modules/.pnpm/react-dom@19.2.0_react@19.2.0/node_modules/react-dom/cjs/react-dom-client.development.js:15476:11)
      at recursivelyTraversePassiveMountEffects (node_modules/.pnpm/react-dom@19.2.0_react@19.2.0/node_modules/react-dom/cjs/react-dom-client.development.js:15439:11)
      at commitPassiveMountOnFiber (node_modules/.pnpm/react-dom@19.2.0_react@19.2.0/node_modules/react-dom/cjs/react-dom-client.development.js:15476:11)
      at recursivelyTraversePassiveMountEffects (node_modules/.pnpm/react-dom@19.2.0_react@19.2.0/node_modules/react-dom/cjs/react-dom-client.development.js:15439:11)
      at commitPassiveMountOnFiber (node_modules/.pnpm/react-dom@19.2.0_react@19.2.0/node_modules/react-dom/cjs/react-dom-client.development.js:15476:11)
      at recursivelyTraversePassiveMountEffects (node_modules/.pnpm/react-dom@19.2.0_react@19.2.0/node_modules/react-dom/cjs/react-dom-client.development.js:15439:11)
      at commitPassiveMountOnFiber (node_modules/.pnpm/react-dom@19.2.0_react@19.2.0/node_modules/react-dom/cjs/react-dom-client.development.js:15476:11)
      at recursivelyTraversePassiveMountEffects (node_modules/.pnpm/react-dom@19.2.0_react@19.2.0/node_modules/react-dom/cjs/react-dom-client.development.js:15439:11)
      at commitPassiveMountOnFiber (node_modules/.pnpm/react-dom@19.2.0_react@19.2.0/node_modules/react-dom/cjs/react-dom-client.development.js:15476:11)
      at recursivelyTraversePassiveMountEffects (node_modules/.pnpm/react-dom@19.2.0_react@19.2.0/node_modules/react-dom/cjs/react-dom-client.development.js:15439:11)
      at commitPassiveMountOnFiber (node_modules/.pnpm/react-dom@19.2.0_react@19.2.0/node_modules/react-dom/cjs/react-dom-client.development.js:15476:11)
      at recursivelyTraversePassiveMountEffects (node_modules/.pnpm/react-dom@19.2.0_react@19.2.0/node_modules/react-dom/cjs/react-dom-client.development.js:15439:11)
      at commitPassiveMountOnFiber (node_modules/.pnpm/react-dom@19.2.0_react@19.2.0/node_modules/react-dom/cjs/react-dom-client.development.js:15476:11)
      at recursivelyTraversePassiveMountEffects (node_modules/.pnpm/react-dom@19.2.0_react@19.2.0/node_modules/react-dom/cjs/react-dom-client.development.js:15439:11)
      at commitPassiveMountOnFiber (node_modules/.pnpm/react-dom@19.2.0_react@19.2.0/node_modules/react-dom/cjs/react-dom-client.development.js:15718:11)
      at recursivelyTraversePassiveMountEffects (node_modules/.pnpm/react-dom@19.2.0_react@19.2.0/node_modules/react-dom/cjs/react-dom-client.development.js:15439:11)
      at commitPassiveMountOnFiber (node_modules/.pnpm/react-dom@19.2.0_react@19.2.0/node_modules/react-dom/cjs/react-dom-client.development.js:15476:11)
      at recursivelyTraversePassiveMountEffects (node_modules/.pnpm/react-dom@19.2.0_react@19.2.0/node_modules/react-dom/cjs/react-dom-client.development.js:15439:11)
      at commitPassiveMountOnFiber (node_modules/.pnpm/react-dom@19.2.0_react@19.2.0/node_modules/react-dom/cjs/react-dom-client.development.js:15476:11)
      at recursivelyTraversePassiveMountEffects (node_modules/.pnpm/react-dom@19.2.0_react@19.2.0/node_modules/react-dom/cjs/react-dom-client.development.js:15439:11)
      at commitPassiveMountOnFiber (node_modules/.pnpm/react-dom@19.2.0_react@19.2.0/node_modules/react-dom/cjs/react-dom-client.development.js:15718:11)
      at recursivelyTraversePassiveMountEffects (node_modules/.pnpm/react-dom@19.2.0_react@19.2.0/node_modules/react-dom/cjs/react-dom-client.development.js:15439:11)
      at commitPassiveMountOnFiber (node_modules/.pnpm/react-dom@19.2.0_react@19.2.0/node_modules/react-dom/cjs/react-dom-client.development.js:15476:11)
      at recursivelyTraversePassiveMountEffects (node_modules/.pnpm/react-dom@19.2.0_react@19.2.0/node_modules/react-dom/cjs/react-dom-client.development.js:15439:11)
      at commitPassiveMountOnFiber (node_modules/.pnpm/react-dom@19.2.0_react@19.2.0/node_modules/react-dom/cjs/react-dom-client.development.js:15476:11)
      at recursivelyTraversePassiveMountEffects (node_modules/.pnpm/react-dom@19.2.0_react@19.2.0/node_modules/react-dom/cjs/react-dom-client.development.js:15439:11)
      at commitPassiveMountOnFiber (node_modules/.pnpm/react-dom@19.2.0_react@19.2.0/node_modules/react-dom/cjs/react-dom-client.development.js:15476:11)
      at recursivelyTraversePassiveMountEffects (node_modules/.pnpm/react-dom@19.2.0_react@19.2.0/node_modules/react-dom/cjs/react-dom-client.development.js:15439:11)
      at commitPassiveMountOnFiber (node_modules/.pnpm/react-dom@19.2.0_react@19.2.0/node_modules/react-dom/cjs/react-dom-client.development.js:15718:11)
      at recursivelyTraversePassiveMountEffects (node_modules/.pnpm/react-dom@19.2.0_react@19.2.0/node_modules/react-dom/cjs/react-dom-client.development.js:15439:11)
      at commitPassiveMountOnFiber (node_modules/.pnpm/react-dom@19.2.0_react@19.2.0/node_modules/react-dom/cjs/react-dom-client.development.js:15476:11)
      at recursivelyTraversePassiveMountEffects (node_modules/.pnpm/react-dom@19.2.0_react@19.2.0/node_modules/react-dom/cjs/react-dom-client.development.js:15439:11)
      at commitPassiveMountOnFiber (node_modules/.pnpm/react-dom@19.2.0_react@19.2.0/node_modules/react-dom/cjs/react-dom-client.development.js:15476:11)
      at recursivelyTraversePassiveMountEffects (node_modules/.pnpm/react-dom@19.2.0_react@19.2.0/node_modules/react-dom/cjs/react-dom-client.development.js:15439:11)
      at commitPassiveMountOnFiber (node_modules/.pnpm/react-dom@19.2.0_react@19.2.0/node_modules/react-dom/cjs/react-dom-client.development.js:15476:11)
      at recursivelyTraversePassiveMountEffects (node_modules/.pnpm/react-dom@19.2.0_react@19.2.0/node_modules/react-dom/cjs/react-dom-client.development.js:15439:11)
      at commitPassiveMountOnFiber (node_modules/.pnpm/react-dom@19.2.0_react@19.2.0/node_modules/react-dom/cjs/react-dom-client.development.js:15519:11)
      at flushPassiveEffects (node_modules/.pnpm/react-dom@19.2.0_react@19.2.0/node_modules/react-dom/cjs/react-dom-client.development.js:18432:9)
      at flushPendingEffects (node_modules/.pnpm/react-dom@19.2.0_react@19.2.0/node_modules/react-dom/cjs/react-dom-client.development.js:18358:14)
      at flushSpawnedWork (node_modules/.pnpm/react-dom@19.2.0_react@19.2.0/node_modules/react-dom/cjs/react-dom-client.development.js:18323:44)
      at commitRoot (node_modules/.pnpm/react-dom@19.2.0_react@19.2.0/node_modules/react-dom/cjs/react-dom-client.development.js:17955:9)
      at performWorkOnRoot (node_modules/.pnpm/react-dom@19.2.0_react@19.2.0/node_modules/react-dom/cjs/react-dom-client.development.js:16667:15)
      at performSyncWorkOnRoot (node_modules/.pnpm/react-dom@19.2.0_react@19.2.0/node_modules/react-dom/cjs/react-dom-client.development.js:18972:7)
      at flushSyncWorkAcrossRoots_impl (node_modules/.pnpm/react-dom@19.2.0_react@19.2.0/node_modules/react-dom/cjs/react-dom-client.development.js:18814:21)
      at flushSpawnedWork (node_modules/.pnpm/react-dom@19.2.0_react@19.2.0/node_modules/react-dom/cjs/react-dom-client.development.js:18334:9)
      at commitRoot (node_modules/.pnpm/react-dom@19.2.0_react@19.2.0/node_modules/react-dom/cjs/react-dom-client.development.js:17955:9)
      at performWorkOnRoot (node_modules/.pnpm/react-dom@19.2.0_react@19.2.0/node_modules/react-dom/cjs/react-dom-client.development.js:16667:15)
      at performWorkOnRootViaSchedulerTask (node_modules/.pnpm/react-dom@19.2.0_react@19.2.0/node_modules/react-dom/cjs/react-dom-client.development.js:18957:7)
      at flushActQueue (node_modules/.pnpm/react@19.2.0/node_modules/react/cjs/react.development.js:590:34)
      at process.env.NODE_ENV.exports.act (node_modules/.pnpm/react@19.2.0/node_modules/react/cjs/react.development.js:884:10)
      at node_modules/.pnpm/@testing-library+react@16.3_15d474de7481bb0af842c1b1705139a8/node_modules/@testing-library/react/dist/act-compat.js:47:25
      at renderRoot (node_modules/.pnpm/@testing-library+react@16.3_15d474de7481bb0af842c1b1705139a8/node_modules/@testing-library/react/dist/pure.js:190:26)
      at render (node_modules/.pnpm/@testing-library+react@16.3_15d474de7481bb0af842c1b1705139a8/node_modules/@testing-library/react/dist/pure.js:292:10)
      at Object.<anonymous> (src/components/accessible/__tests__/AccessibleModal.a11y.test.tsx:77:11)

    console.error
      `DialogContent` requires a `DialogTitle` for the component to be accessible for screen reader users.
      
      If you want to hide the `DialogTitle`, you can wrap it with our VisuallyHidden component.
      
      For more information, see https://radix-ui.com/primitives/docs/components/dialog

    [0m [90m 373 |[39m       [36mreturn[39m[33m;[39m
     [90m 374 |[39m     }
    [31m[1m>[22m[39m[90m 375 |[39m     originalError[33m.[39mcall(console[33m,[39m [33m...[39margs)[33m;[39m
     [90m     |[39m                   [31m[1m^[22m[39m
     [90m 376 |[39m   }[33m;[39m
     [90m 377 |[39m })[33m;[39m
     [90m 378 |[39m[0m

      at console.call [as error] (jest.setup.js:375:19)
      at node_modules/.pnpm/@radix-ui+react-dialog@1.1._664b8f23a65f4708bb5cf27e5ff43c08/node_modules/@radix-ui/react-dialog/src/dialog.tsx:520:30
      at Object.react_stack_bottom_frame (node_modules/.pnpm/react-dom@19.2.0_react@19.2.0/node_modules/react-dom/cjs/react-dom-client.development.js:25989:20)
      at runWithFiberInDEV (node_modules/.pnpm/react-dom@19.2.0_react@19.2.0/node_modules/react-dom/cjs/react-dom-client.development.js:874:13)
      at commitHookEffectListMount (node_modules/.pnpm/react-dom@19.2.0_react@19.2.0/node_modules/react-dom/cjs/react-dom-client.development.js:13249:29)
      at commitHookPassiveMountEffects (node_modules/.pnpm/react-dom@19.2.0_react@19.2.0/node_modules/react-dom/cjs/react-dom-client.development.js:13336:11)
      at commitPassiveMountOnFiber (node_modules/.pnpm/react-dom@19.2.0_react@19.2.0/node_modules/react-dom/cjs/react-dom-client.development.js:15484:13)
      at recursivelyTraversePassiveMountEffects (node_modules/.pnpm/react-dom@19.2.0_react@19.2.0/node_modules/react-dom/cjs/react-dom-client.development.js:15439:11)
      at commitPassiveMountOnFiber (node_modules/.pnpm/react-dom@19.2.0_react@19.2.0/node_modules/react-dom/cjs/react-dom-client.development.js:15718:11)
      at recursivelyTraversePassiveMountEffects (node_modules/.pnpm/react-dom@19.2.0_react@19.2.0/node_modules/react-dom/cjs/react-dom-client.development.js:15439:11)
      at commitPassiveMountOnFiber (node_modules/.pnpm/react-dom@19.2.0_react@19.2.0/node_modules/react-dom/cjs/react-dom-client.development.js:15476:11)
      at recursivelyTraversePassiveMountEffects (node_modules/.pnpm/react-dom@19.2.0_react@19.2.0/node_modules/react-dom/cjs/react-dom-client.development.js:15439:11)
      at commitPassiveMountOnFiber (node_modules/.pnpm/react-dom@19.2.0_react@19.2.0/node_modules/react-dom/cjs/react-dom-client.development.js:15476:11)
      at recursivelyTraversePassiveMountEffects (node_modules/.pnpm/react-dom@19.2.0_react@19.2.0/node_modules/react-dom/cjs/react-dom-client.development.js:15439:11)
      at commitPassiveMountOnFiber (node_modules/.pnpm/react-dom@19.2.0_react@19.2.0/node_modules/react-dom/cjs/react-dom-client.development.js:15476:11)
      at recursivelyTraversePassiveMountEffects (node_modules/.pnpm/react-dom@19.2.0_react@19.2.0/node_modules/react-dom/cjs/react-dom-client.development.js:15439:11)
      at commitPassiveMountOnFiber (node_modules/.pnpm/react-dom@19.2.0_react@19.2.0/node_modules/react-dom/cjs/react-dom-client.development.js:15476:11)
      at recursivelyTraversePassiveMountEffects (node_modules/.pnpm/react-dom@19.2.0_react@19.2.0/node_modules/react-dom/cjs/react-dom-client.development.js:15439:11)
      at commitPassiveMountOnFiber (node_modules/.pnpm/react-dom@19.2.0_react@19.2.0/node_modules/react-dom/cjs/react-dom-client.development.js:15476:11)
      at recursivelyTraversePassiveMountEffects (node_modules/.pnpm/react-dom@19.2.0_react@19.2.0/node_modules/react-dom/cjs/react-dom-client.development.js:15439:11)
      at commitPassiveMountOnFiber (node_modules/.pnpm/react-dom@19.2.0_react@19.2.0/node_modules/react-dom/cjs/react-dom-client.development.js:15476:11)
      at recursivelyTraversePassiveMountEffects (node_modules/.pnpm/react-dom@19.2.0_react@19.2.0/node_modules/react-dom/cjs/react-dom-client.development.js:15439:11)
      at commitPassiveMountOnFiber (node_modules/.pnpm/react-dom@19.2.0_react@19.2.0/node_modules/react-dom/cjs/react-dom-client.development.js:15476:11)
      at recursivelyTraversePassiveMountEffects (node_modules/.pnpm/react-dom@19.2.0_react@19.2.0/node_modules/react-dom/cjs/react-dom-client.development.js:15439:11)
      at commitPassiveMountOnFiber (node_modules/.pnpm/react-dom@19.2.0_react@19.2.0/node_modules/react-dom/cjs/react-dom-client.development.js:15718:11)
      at recursivelyTraversePassiveMountEffects (node_modules/.pnpm/react-dom@19.2.0_react@19.2.0/node_modules/react-dom/cjs/react-dom-client.development.js:15439:11)
      at commitPassiveMountOnFiber (node_modules/.pnpm/react-dom@19.2.0_react@19.2.0/node_modules/react-dom/cjs/react-dom-client.development.js:15476:11)
      at recursivelyTraversePassiveMountEffects (node_modules/.pnpm/react-dom@19.2.0_react@19.2.0/node_modules/react-dom/cjs/react-dom-client.development.js:15439:11)
      at commitPassiveMountOnFiber (node_modules/.pnpm/react-dom@19.2.0_react@19.2.0/node_modules/react-dom/cjs/react-dom-client.development.js:15476:11)
      at recursivelyTraversePassiveMountEffects (node_modules/.pnpm/react-dom@19.2.0_react@19.2.0/node_modules/react-dom/cjs/react-dom-client.development.js:15439:11)
      at commitPassiveMountOnFiber (node_modules/.pnpm/react-dom@19.2.0_react@19.2.0/node_modules/react-dom/cjs/react-dom-client.development.js:15718:11)
      at recursivelyTraversePassiveMountEffects (node_modules/.pnpm/react-dom@19.2.0_react@19.2.0/node_modules/react-dom/cjs/react-dom-client.development.js:15439:11)
      at commitPassiveMountOnFiber (node_modules/.pnpm/react-dom@19.2.0_react@19.2.0/node_modules/react-dom/cjs/react-dom-client.development.js:15476:11)
      at recursivelyTraversePassiveMountEffects (node_modules/.pnpm/react-dom@19.2.0_react@19.2.0/node_modules/react-dom/cjs/react-dom-client.development.js:15439:11)
      at commitPassiveMountOnFiber (node_modules/.pnpm/react-dom@19.2.0_react@19.2.0/node_modules/react-dom/cjs/react-dom-client.development.js:15476:11)
      at recursivelyTraversePassiveMountEffects (node_modules/.pnpm/react-dom@19.2.0_react@19.2.0/node_modules/react-dom/cjs/react-dom-client.development.js:15439:11)
      at commitPassiveMountOnFiber (node_modules/.pnpm/react-dom@19.2.0_react@19.2.0/node_modules/react-dom/cjs/react-dom-client.development.js:15476:11)
      at recursivelyTraversePassiveMountEffects (node_modules/.pnpm/react-dom@19.2.0_react@19.2.0/node_modules/react-dom/cjs/react-dom-client.development.js:15439:11)
      at commitPassiveMountOnFiber (node_modules/.pnpm/react-dom@19.2.0_react@19.2.0/node_modules/react-dom/cjs/react-dom-client.development.js:15718:11)
      at recursivelyTraversePassiveMountEffects (node_modules/.pnpm/react-dom@19.2.0_react@19.2.0/node_modules/react-dom/cjs/react-dom-client.development.js:15439:11)
      at commitPassiveMountOnFiber (node_modules/.pnpm/react-dom@19.2.0_react@19.2.0/node_modules/react-dom/cjs/react-dom-client.development.js:15476:11)
      at recursivelyTraversePassiveMountEffects (node_modules/.pnpm/react-dom@19.2.0_react@19.2.0/node_modules/react-dom/cjs/react-dom-client.development.js:15439:11)
      at commitPassiveMountOnFiber (node_modules/.pnpm/react-dom@19.2.0_react@19.2.0/node_modules/react-dom/cjs/react-dom-client.development.js:15476:11)
      at recursivelyTraversePassiveMountEffects (node_modules/.pnpm/react-dom@19.2.0_react@19.2.0/node_modules/react-dom/cjs/react-dom-client.development.js:15439:11)
      at commitPassiveMountOnFiber (node_modules/.pnpm/react-dom@19.2.0_react@19.2.0/node_modules/react-dom/cjs/react-dom-client.development.js:15476:11)
      at recursivelyTraversePassiveMountEffects (node_modules/.pnpm/react-dom@19.2.0_react@19.2.0/node_modules/react-dom/cjs/react-dom-client.development.js:15439:11)
      at commitPassiveMountOnFiber (node_modules/.pnpm/react-dom@19.2.0_react@19.2.0/node_modules/react-dom/cjs/react-dom-client.development.js:15519:11)
      at flushPassiveEffects (node_modules/.pnpm/react-dom@19.2.0_react@19.2.0/node_modules/react-dom/cjs/react-dom-client.development.js:18432:9)
      at flushPendingEffects (node_modules/.pnpm/react-dom@19.2.0_react@19.2.0/node_modules/react-dom/cjs/react-dom-client.development.js:18358:14)
      at flushSpawnedWork (node_modules/.pnpm/react-dom@19.2.0_react@19.2.0/node_modules/react-dom/cjs/react-dom-client.development.js:18323:44)
      at commitRoot (node_modules/.pnpm/react-dom@19.2.0_react@19.2.0/node_modules/react-dom/cjs/react-dom-client.development.js:17955:9)
      at performWorkOnRoot (node_modules/.pnpm/react-dom@19.2.0_react@19.2.0/node_modules/react-dom/cjs/react-dom-client.development.js:16667:15)
      at performSyncWorkOnRoot (node_modules/.pnpm/react-dom@19.2.0_react@19.2.0/node_modules/react-dom/cjs/react-dom-client.development.js:18972:7)
      at flushSyncWorkAcrossRoots_impl (node_modules/.pnpm/react-dom@19.2.0_react@19.2.0/node_modules/react-dom/cjs/react-dom-client.development.js:18814:21)
      at flushSpawnedWork (node_modules/.pnpm/react-dom@19.2.0_react@19.2.0/node_modules/react-dom/cjs/react-dom-client.development.js:18334:9)
      at commitRoot (node_modules/.pnpm/react-dom@19.2.0_react@19.2.0/node_modules/react-dom/cjs/react-dom-client.development.js:17955:9)
      at performWorkOnRoot (node_modules/.pnpm/react-dom@19.2.0_react@19.2.0/node_modules/react-dom/cjs/react-dom-client.development.js:16667:15)
      at performWorkOnRootViaSchedulerTask (node_modules/.pnpm/react-dom@19.2.0_react@19.2.0/node_modules/react-dom/cjs/react-dom-client.development.js:18957:7)
      at flushActQueue (node_modules/.pnpm/react@19.2.0/node_modules/react/cjs/react.development.js:590:34)
      at process.env.NODE_ENV.exports.act (node_modules/.pnpm/react@19.2.0/node_modules/react/cjs/react.development.js:884:10)
      at node_modules/.pnpm/@testing-library+react@16.3_15d474de7481bb0af842c1b1705139a8/node_modules/@testing-library/react/dist/act-compat.js:47:25
      at renderRoot (node_modules/.pnpm/@testing-library+react@16.3_15d474de7481bb0af842c1b1705139a8/node_modules/@testing-library/react/dist/pure.js:190:26)
      at render (node_modules/.pnpm/@testing-library+react@16.3_15d474de7481bb0af842c1b1705139a8/node_modules/@testing-library/react/dist/pure.js:292:10)
      at Object.<anonymous> (src/components/accessible/__tests__/AccessibleModal.a11y.test.tsx:93:11)

    console.warn
      Warning: Missing `Description` or `aria-describedby={undefined}` for {DialogContent}.

    [0m [90m 91 |[39m
     [90m 92 |[39m   it([32m'should have aria-describedby when description is provided'[39m[33m,[39m () [33m=>[39m {
    [31m[1m>[22m[39m[90m 93 |[39m     render(
     [90m    |[39m           [31m[1m^[22m[39m
     [90m 94 |[39m       [33m<[39m[33mAccessibleModal[39m
     [90m 95 |[39m         isOpen[33m=[39m{[36mtrue[39m}
     [90m 96 |[39m         onClose[33m=[39m{() [33m=>[39m {}}[0m

      at node_modules/.pnpm/@radix-ui+react-dialog@1.1._664b8f23a65f4708bb5cf27e5ff43c08/node_modules/@radix-ui/react-dialog/src/dialog.tsx:543:36
      at Object.react_stack_bottom_frame (node_modules/.pnpm/react-dom@19.2.0_react@19.2.0/node_modules/react-dom/cjs/react-dom-client.development.js:25989:20)
      at runWithFiberInDEV (node_modules/.pnpm/react-dom@19.2.0_react@19.2.0/node_modules/react-dom/cjs/react-dom-client.development.js:874:13)
      at commitHookEffectListMount (node_modules/.pnpm/react-dom@19.2.0_react@19.2.0/node_modules/react-dom/cjs/react-dom-client.development.js:13249:29)
      at commitHookPassiveMountEffects (node_modules/.pnpm/react-dom@19.2.0_react@19.2.0/node_modules/react-dom/cjs/react-dom-client.development.js:13336:11)
      at commitPassiveMountOnFiber (node_modules/.pnpm/react-dom@19.2.0_react@19.2.0/node_modules/react-dom/cjs/react-dom-client.development.js:15484:13)
      at recursivelyTraversePassiveMountEffects (node_modules/.pnpm/react-dom@19.2.0_react@19.2.0/node_modules/react-dom/cjs/react-dom-client.development.js:15439:11)
      at commitPassiveMountOnFiber (node_modules/.pnpm/react-dom@19.2.0_react@19.2.0/node_modules/react-dom/cjs/react-dom-client.development.js:15718:11)
      at recursivelyTraversePassiveMountEffects (node_modules/.pnpm/react-dom@19.2.0_react@19.2.0/node_modules/react-dom/cjs/react-dom-client.development.js:15439:11)
      at commitPassiveMountOnFiber (node_modules/.pnpm/react-dom@19.2.0_react@19.2.0/node_modules/react-dom/cjs/react-dom-client.development.js:15476:11)
      at recursivelyTraversePassiveMountEffects (node_modules/.pnpm/react-dom@19.2.0_react@19.2.0/node_modules/react-dom/cjs/react-dom-client.development.js:15439:11)
      at commitPassiveMountOnFiber (node_modules/.pnpm/react-dom@19.2.0_react@19.2.0/node_modules/react-dom/cjs/react-dom-client.development.js:15476:11)
      at recursivelyTraversePassiveMountEffects (node_modules/.pnpm/react-dom@19.2.0_react@19.2.0/node_modules/react-dom/cjs/react-dom-client.development.js:15439:11)
      at commitPassiveMountOnFiber (node_modules/.pnpm/react-dom@19.2.0_react@19.2.0/node_modules/react-dom/cjs/react-dom-client.development.js:15476:11)
      at recursivelyTraversePassiveMountEffects (node_modules/.pnpm/react-dom@19.2.0_react@19.2.0/node_modules/react-dom/cjs/react-dom-client.development.js:15439:11)
      at commitPassiveMountOnFiber (node_modules/.pnpm/react-dom@19.2.0_react@19.2.0/node_modules/react-dom/cjs/react-dom-client.development.js:15476:11)
      at recursivelyTraversePassiveMountEffects (node_modules/.pnpm/react-dom@19.2.0_react@19.2.0/node_modules/react-dom/cjs/react-dom-client.development.js:15439:11)
      at commitPassiveMountOnFiber (node_modules/.pnpm/react-dom@19.2.0_react@19.2.0/node_modules/react-dom/cjs/react-dom-client.development.js:15476:11)
      at recursivelyTraversePassiveMountEffects (node_modules/.pnpm/react-dom@19.2.0_react@19.2.0/node_modules/react-dom/cjs/react-dom-client.development.js:15439:11)
      at commitPassiveMountOnFiber (node_modules/.pnpm/react-dom@19.2.0_react@19.2.0/node_modules/react-dom/cjs/react-dom-client.development.js:15476:11)
      at recursivelyTraversePassiveMountEffects (node_modules/.pnpm/react-dom@19.2.0_react@19.2.0/node_modules/react-dom/cjs/react-dom-client.development.js:15439:11)
      at commitPassiveMountOnFiber (node_modules/.pnpm/react-dom@19.2.0_react@19.2.0/node_modules/react-dom/cjs/react-dom-client.development.js:15476:11)
      at recursivelyTraversePassiveMountEffects (node_modules/.pnpm/react-dom@19.2.0_react@19.2.0/node_modules/react-dom/cjs/react-dom-client.development.js:15439:11)
      at commitPassiveMountOnFiber (node_modules/.pnpm/react-dom@19.2.0_react@19.2.0/node_modules/react-dom/cjs/react-dom-client.development.js:15718:11)
      at recursivelyTraversePassiveMountEffects (node_modules/.pnpm/react-dom@19.2.0_react@19.2.0/node_modules/react-dom/cjs/react-dom-client.development.js:15439:11)
      at commitPassiveMountOnFiber (node_modules/.pnpm/react-dom@19.2.0_react@19.2.0/node_modules/react-dom/cjs/react-dom-client.development.js:15476:11)
      at recursivelyTraversePassiveMountEffects (node_modules/.pnpm/react-dom@19.2.0_react@19.2.0/node_modules/react-dom/cjs/react-dom-client.development.js:15439:11)
      at commitPassiveMountOnFiber (node_modules/.pnpm/react-dom@19.2.0_react@19.2.0/node_modules/react-dom/cjs/react-dom-client.development.js:15476:11)
      at recursivelyTraversePassiveMountEffects (node_modules/.pnpm/react-dom@19.2.0_react@19.2.0/node_modules/react-dom/cjs/react-dom-client.development.js:15439:11)
      at commitPassiveMountOnFiber (node_modules/.pnpm/react-dom@19.2.0_react@19.2.0/node_modules/react-dom/cjs/react-dom-client.development.js:15718:11)
      at recursivelyTraversePassiveMountEffects (node_modules/.pnpm/react-dom@19.2.0_react@19.2.0/node_modules/react-dom/cjs/react-dom-client.development.js:15439:11)
      at commitPassiveMountOnFiber (node_modules/.pnpm/react-dom@19.2.0_react@19.2.0/node_modules/react-dom/cjs/react-dom-client.development.js:15476:11)
      at recursivelyTraversePassiveMountEffects (node_modules/.pnpm/react-dom@19.2.0_react@19.2.0/node_modules/react-dom/cjs/react-dom-client.development.js:15439:11)
      at commitPassiveMountOnFiber (node_modules/.pnpm/react-dom@19.2.0_react@19.2.0/node_modules/react-dom/cjs/react-dom-client.development.js:15476:11)
      at recursivelyTraversePassiveMountEffects (node_modules/.pnpm/react-dom@19.2.0_react@19.2.0/node_modules/react-dom/cjs/react-dom-client.development.js:15439:11)
      at commitPassiveMountOnFiber (node_modules/.pnpm/react-dom@19.2.0_react@19.2.0/node_modules/react-dom/cjs/react-dom-client.development.js:15476:11)
      at recursivelyTraversePassiveMountEffects (node_modules/.pnpm/react-dom@19.2.0_react@19.2.0/node_modules/react-dom/cjs/react-dom-client.development.js:15439:11)
      at commitPassiveMountOnFiber (node_modules/.pnpm/react-dom@19.2.0_react@19.2.0/node_modules/react-dom/cjs/react-dom-client.development.js:15718:11)
      at recursivelyTraversePassiveMountEffects (node_modules/.pnpm/react-dom@19.2.0_react@19.2.0/node_modules/react-dom/cjs/react-dom-client.development.js:15439:11)
      at commitPassiveMountOnFiber (node_modules/.pnpm/react-dom@19.2.0_react@19.2.0/node_modules/react-dom/cjs/react-dom-client.development.js:15476:11)
      at recursivelyTraversePassiveMountEffects (node_modules/.pnpm/react-dom@19.2.0_react@19.2.0/node_modules/react-dom/cjs/react-dom-client.development.js:15439:11)
      at commitPassiveMountOnFiber (node_modules/.pnpm/react-dom@19.2.0_react@19.2.0/node_modules/react-dom/cjs/react-dom-client.development.js:15476:11)
      at recursivelyTraversePassiveMountEffects (node_modules/.pnpm/react-dom@19.2.0_react@19.2.0/node_modules/react-dom/cjs/react-dom-client.development.js:15439:11)
      at commitPassiveMountOnFiber (node_modules/.pnpm/react-dom@19.2.0_react@19.2.0/node_modules/react-dom/cjs/react-dom-client.development.js:15476:11)
      at recursivelyTraversePassiveMountEffects (node_modules/.pnpm/react-dom@19.2.0_react@19.2.0/node_modules/react-dom/cjs/react-dom-client.development.js:15439:11)
      at commitPassiveMountOnFiber (node_modules/.pnpm/react-dom@19.2.0_react@19.2.0/node_modules/react-dom/cjs/react-dom-client.development.js:15519:11)
      at flushPassiveEffects (node_modules/.pnpm/react-dom@19.2.0_react@19.2.0/node_modules/react-dom/cjs/react-dom-client.development.js:18432:9)
      at flushPendingEffects (node_modules/.pnpm/react-dom@19.2.0_react@19.2.0/node_modules/react-dom/cjs/react-dom-client.development.js:18358:14)
      at flushSpawnedWork (node_modules/.pnpm/react-dom@19.2.0_react@19.2.0/node_modules/react-dom/cjs/react-dom-client.development.js:18323:44)
      at commitRoot (node_modules/.pnpm/react-dom@19.2.0_react@19.2.0/node_modules/react-dom/cjs/react-dom-client.development.js:17955:9)
      at performWorkOnRoot (node_modules/.pnpm/react-dom@19.2.0_react@19.2.0/node_modules/react-dom/cjs/react-dom-client.development.js:16667:15)
      at performSyncWorkOnRoot (node_modules/.pnpm/react-dom@19.2.0_react@19.2.0/node_modules/react-dom/cjs/react-dom-client.development.js:18972:7)
      at flushSyncWorkAcrossRoots_impl (node_modules/.pnpm/react-dom@19.2.0_react@19.2.0/node_modules/react-dom/cjs/react-dom-client.development.js:18814:21)
      at flushSpawnedWork (node_modules/.pnpm/react-dom@19.2.0_react@19.2.0/node_modules/react-dom/cjs/react-dom-client.development.js:18334:9)
      at commitRoot (node_modules/.pnpm/react-dom@19.2.0_react@19.2.0/node_modules/react-dom/cjs/react-dom-client.development.js:17955:9)
      at performWorkOnRoot (node_modules/.pnpm/react-dom@19.2.0_react@19.2.0/node_modules/react-dom/cjs/react-dom-client.development.js:16667:15)
      at performWorkOnRootViaSchedulerTask (node_modules/.pnpm/react-dom@19.2.0_react@19.2.0/node_modules/react-dom/cjs/react-dom-client.development.js:18957:7)
      at flushActQueue (node_modules/.pnpm/react@19.2.0/node_modules/react/cjs/react.development.js:590:34)
      at process.env.NODE_ENV.exports.act (node_modules/.pnpm/react@19.2.0/node_modules/react/cjs/react.development.js:884:10)
      at node_modules/.pnpm/@testing-library+react@16.3_15d474de7481bb0af842c1b1705139a8/node_modules/@testing-library/react/dist/act-compat.js:47:25
      at renderRoot (node_modules/.pnpm/@testing-library+react@16.3_15d474de7481bb0af842c1b1705139a8/node_modules/@testing-library/react/dist/pure.js:190:26)
      at render (node_modules/.pnpm/@testing-library+react@16.3_15d474de7481bb0af842c1b1705139a8/node_modules/@testing-library/react/dist/pure.js:292:10)
      at Object.<anonymous> (src/components/accessible/__tests__/AccessibleModal.a11y.test.tsx:93:11)

    console.error
      `DialogContent` requires a `DialogTitle` for the component to be accessible for screen reader users.
      
      If you want to hide the `DialogTitle`, you can wrap it with our VisuallyHidden component.
      
      For more information, see https://radix-ui.com/primitives/docs/components/dialog

    [0m [90m 373 |[39m       [36mreturn[39m[33m;[39m
     [90m 374 |[39m     }
    [31m[1m>[22m[39m[90m 375 |[39m     originalError[33m.[39mcall(console[33m,[39m [33m...[39margs)[33m;[39m
     [90m     |[39m                   [31m[1m^[22m[39m
     [90m 376 |[39m   }[33m;[39m
     [90m 377 |[39m })[33m;[39m
     [90m 378 |[39m[0m

      at console.call [as error] (jest.setup.js:375:19)
      at node_modules/.pnpm/@radix-ui+react-dialog@1.1._664b8f23a65f4708bb5cf27e5ff43c08/node_modules/@radix-ui/react-dialog/src/dialog.tsx:520:30
      at Object.react_stack_bottom_frame (node_modules/.pnpm/react-dom@19.2.0_react@19.2.0/node_modules/react-dom/cjs/react-dom-client.development.js:25989:20)
      at runWithFiberInDEV (node_modules/.pnpm/react-dom@19.2.0_react@19.2.0/node_modules/react-dom/cjs/react-dom-client.development.js:874:13)
      at commitHookEffectListMount (node_modules/.pnpm/react-dom@19.2.0_react@19.2.0/node_modules/react-dom/cjs/react-dom-client.development.js:13249:29)
      at commitHookPassiveMountEffects (node_modules/.pnpm/react-dom@19.2.0_react@19.2.0/node_modules/react-dom/cjs/react-dom-client.development.js:13336:11)
      at commitPassiveMountOnFiber (node_modules/.pnpm/react-dom@19.2.0_react@19.2.0/node_modules/react-dom/cjs/react-dom-client.development.js:15484:13)
      at recursivelyTraversePassiveMountEffects (node_modules/.pnpm/react-dom@19.2.0_react@19.2.0/node_modules/react-dom/cjs/react-dom-client.development.js:15439:11)
      at commitPassiveMountOnFiber (node_modules/.pnpm/react-dom@19.2.0_react@19.2.0/node_modules/react-dom/cjs/react-dom-client.development.js:15718:11)
      at recursivelyTraversePassiveMountEffects (node_modules/.pnpm/react-dom@19.2.0_react@19.2.0/node_modules/react-dom/cjs/react-dom-client.development.js:15439:11)
      at commitPassiveMountOnFiber (node_modules/.pnpm/react-dom@19.2.0_react@19.2.0/node_modules/react-dom/cjs/react-dom-client.development.js:15476:11)
      at recursivelyTraversePassiveMountEffects (node_modules/.pnpm/react-dom@19.2.0_react@19.2.0/node_modules/react-dom/cjs/react-dom-client.development.js:15439:11)
      at commitPassiveMountOnFiber (node_modules/.pnpm/react-dom@19.2.0_react@19.2.0/node_modules/react-dom/cjs/react-dom-client.development.js:15476:11)
      at recursivelyTraversePassiveMountEffects (node_modules/.pnpm/react-dom@19.2.0_react@19.2.0/node_modules/react-dom/cjs/react-dom-client.development.js:15439:11)
      at commitPassiveMountOnFiber (node_modules/.pnpm/react-dom@19.2.0_react@19.2.0/node_modules/react-dom/cjs/react-dom-client.development.js:15476:11)
      at recursivelyTraversePassiveMountEffects (node_modules/.pnpm/react-dom@19.2.0_react@19.2.0/node_modules/react-dom/cjs/react-dom-client.development.js:15439:11)
      at commitPassiveMountOnFiber (node_modules/.pnpm/react-dom@19.2.0_react@19.2.0/node_modules/react-dom/cjs/react-dom-client.development.js:15476:11)
      at recursivelyTraversePassiveMountEffects (node_modules/.pnpm/react-dom@19.2.0_react@19.2.0/node_modules/react-dom/cjs/react-dom-client.development.js:15439:11)
      at commitPassiveMountOnFiber (node_modules/.pnpm/react-dom@19.2.0_react@19.2.0/node_modules/react-dom/cjs/react-dom-client.development.js:15476:11)
      at recursivelyTraversePassiveMountEffects (node_modules/.pnpm/react-dom@19.2.0_react@19.2.0/node_modules/react-dom/cjs/react-dom-client.development.js:15439:11)
      at commitPassiveMountOnFiber (node_modules/.pnpm/react-dom@19.2.0_react@19.2.0/node_modules/react-dom/cjs/react-dom-client.development.js:15476:11)
      at recursivelyTraversePassiveMountEffects (node_modules/.pnpm/react-dom@19.2.0_react@19.2.0/node_modules/react-dom/cjs/react-dom-client.development.js:15439:11)
      at commitPassiveMountOnFiber (node_modules/.pnpm/react-dom@19.2.0_react@19.2.0/node_modules/react-dom/cjs/react-dom-client.development.js:15476:11)
      at recursivelyTraversePassiveMountEffects (node_modules/.pnpm/react-dom@19.2.0_react@19.2.0/node_modules/react-dom/cjs/react-dom-client.development.js:15439:11)
      at commitPassiveMountOnFiber (node_modules/.pnpm/react-dom@19.2.0_react@19.2.0/node_modules/react-dom/cjs/react-dom-client.development.js:15718:11)
      at recursivelyTraversePassiveMountEffects (node_modules/.pnpm/react-dom@19.2.0_react@19.2.0/node_modules/react-dom/cjs/react-dom-client.development.js:15439:11)
      at commitPassiveMountOnFiber (node_modules/.pnpm/react-dom@19.2.0_react@19.2.0/node_modules/react-dom/cjs/react-dom-client.development.js:15476:11)
      at recursivelyTraversePassiveMountEffects (node_modules/.pnpm/react-dom@19.2.0_react@19.2.0/node_modules/react-dom/cjs/react-dom-client.development.js:15439:11)
      at commitPassiveMountOnFiber (node_modules/.pnpm/react-dom@19.2.0_react@19.2.0/node_modules/react-dom/cjs/react-dom-client.development.js:15476:11)
      at recursivelyTraversePassiveMountEffects (node_modules/.pnpm/react-dom@19.2.0_react@19.2.0/node_modules/react-dom/cjs/react-dom-client.development.js:15439:11)
      at commitPassiveMountOnFiber (node_modules/.pnpm/react-dom@19.2.0_react@19.2.0/node_modules/react-dom/cjs/react-dom-client.development.js:15718:11)
      at recursivelyTraversePassiveMountEffects (node_modules/.pnpm/react-dom@19.2.0_react@19.2.0/node_modules/react-dom/cjs/react-dom-client.development.js:15439:11)
      at commitPassiveMountOnFiber (node_modules/.pnpm/react-dom@19.2.0_react@19.2.0/node_modules/react-dom/cjs/react-dom-client.development.js:15476:11)
      at recursivelyTraversePassiveMountEffects (node_modules/.pnpm/react-dom@19.2.0_react@19.2.0/node_modules/react-dom/cjs/react-dom-client.development.js:15439:11)
      at commitPassiveMountOnFiber (node_modules/.pnpm/react-dom@19.2.0_react@19.2.0/node_modules/react-dom/cjs/react-dom-client.development.js:15476:11)
      at recursivelyTraversePassiveMountEffects (node_modules/.pnpm/react-dom@19.2.0_react@19.2.0/node_modules/react-dom/cjs/react-dom-client.development.js:15439:11)
      at commitPassiveMountOnFiber (node_modules/.pnpm/react-dom@19.2.0_react@19.2.0/node_modules/react-dom/cjs/react-dom-client.development.js:15476:11)
      at recursivelyTraversePassiveMountEffects (node_modules/.pnpm/react-dom@19.2.0_react@19.2.0/node_modules/react-dom/cjs/react-dom-client.development.js:15439:11)
      at commitPassiveMountOnFiber (node_modules/.pnpm/react-dom@19.2.0_react@19.2.0/node_modules/react-dom/cjs/react-dom-client.development.js:15718:11)
      at recursivelyTraversePassiveMountEffects (node_modules/.pnpm/react-dom@19.2.0_react@19.2.0/node_modules/react-dom/cjs/react-dom-client.development.js:15439:11)
      at commitPassiveMountOnFiber (node_modules/.pnpm/react-dom@19.2.0_react@19.2.0/node_modules/react-dom/cjs/react-dom-client.development.js:15476:11)
      at recursivelyTraversePassiveMountEffects (node_modules/.pnpm/react-dom@19.2.0_react@19.2.0/node_modules/react-dom/cjs/react-dom-client.development.js:15439:11)
      at commitPassiveMountOnFiber (node_modules/.pnpm/react-dom@19.2.0_react@19.2.0/node_modules/react-dom/cjs/react-dom-client.development.js:15476:11)
      at recursivelyTraversePassiveMountEffects (node_modules/.pnpm/react-dom@19.2.0_react@19.2.0/node_modules/react-dom/cjs/react-dom-client.development.js:15439:11)
      at commitPassiveMountOnFiber (node_modules/.pnpm/react-dom@19.2.0_react@19.2.0/node_modules/react-dom/cjs/react-dom-client.development.js:15476:11)
      at recursivelyTraversePassiveMountEffects (node_modules/.pnpm/react-dom@19.2.0_react@19.2.0/node_modules/react-dom/cjs/react-dom-client.development.js:15439:11)
      at commitPassiveMountOnFiber (node_modules/.pnpm/react-dom@19.2.0_react@19.2.0/node_modules/react-dom/cjs/react-dom-client.development.js:15519:11)
      at flushPassiveEffects (node_modules/.pnpm/react-dom@19.2.0_react@19.2.0/node_modules/react-dom/cjs/react-dom-client.development.js:18432:9)
      at flushPendingEffects (node_modules/.pnpm/react-dom@19.2.0_react@19.2.0/node_modules/react-dom/cjs/react-dom-client.development.js:18358:14)
      at flushSpawnedWork (node_modules/.pnpm/react-dom@19.2.0_react@19.2.0/node_modules/react-dom/cjs/react-dom-client.development.js:18323:44)
      at commitRoot (node_modules/.pnpm/react-dom@19.2.0_react@19.2.0/node_modules/react-dom/cjs/react-dom-client.development.js:17955:9)
      at performWorkOnRoot (node_modules/.pnpm/react-dom@19.2.0_react@19.2.0/node_modules/react-dom/cjs/react-dom-client.development.js:16667:15)
      at performSyncWorkOnRoot (node_modules/.pnpm/react-dom@19.2.0_react@19.2.0/node_modules/react-dom/cjs/react-dom-client.development.js:18972:7)
      at flushSyncWorkAcrossRoots_impl (node_modules/.pnpm/react-dom@19.2.0_react@19.2.0/node_modules/react-dom/cjs/react-dom-client.development.js:18814:21)
      at flushSpawnedWork (node_modules/.pnpm/react-dom@19.2.0_react@19.2.0/node_modules/react-dom/cjs/react-dom-client.development.js:18334:9)
      at commitRoot (node_modules/.pnpm/react-dom@19.2.0_react@19.2.0/node_modules/react-dom/cjs/react-dom-client.development.js:17955:9)
      at performWorkOnRoot (node_modules/.pnpm/react-dom@19.2.0_react@19.2.0/node_modules/react-dom/cjs/react-dom-client.development.js:16667:15)
      at performWorkOnRootViaSchedulerTask (node_modules/.pnpm/react-dom@19.2.0_react@19.2.0/node_modules/react-dom/cjs/react-dom-client.development.js:18957:7)
      at flushActQueue (node_modules/.pnpm/react@19.2.0/node_modules/react/cjs/react.development.js:590:34)
      at process.env.NODE_ENV.exports.act (node_modules/.pnpm/react@19.2.0/node_modules/react/cjs/react.development.js:884:10)
      at node_modules/.pnpm/@testing-library+react@16.3_15d474de7481bb0af842c1b1705139a8/node_modules/@testing-library/react/dist/act-compat.js:47:25
      at renderRoot (node_modules/.pnpm/@testing-library+react@16.3_15d474de7481bb0af842c1b1705139a8/node_modules/@testing-library/react/dist/pure.js:190:26)
      at render (node_modules/.pnpm/@testing-library+react@16.3_15d474de7481bb0af842c1b1705139a8/node_modules/@testing-library/react/dist/pure.js:292:10)
      at Object.<anonymous> (src/components/accessible/__tests__/AccessibleModal.a11y.test.tsx:114:11)

    console.error
      `DialogContent` requires a `DialogTitle` for the component to be accessible for screen reader users.
      
      If you want to hide the `DialogTitle`, you can wrap it with our VisuallyHidden component.
      
      For more information, see https://radix-ui.com/primitives/docs/components/dialog

    [0m [90m 373 |[39m       [36mreturn[39m[33m;[39m
     [90m 374 |[39m     }
    [31m[1m>[22m[39m[90m 375 |[39m     originalError[33m.[39mcall(console[33m,[39m [33m...[39margs)[33m;[39m
     [90m     |[39m                   [31m[1m^[22m[39m
     [90m 376 |[39m   }[33m;[39m
     [90m 377 |[39m })[33m;[39m
     [90m 378 |[39m[0m

      at console.call [as error] (jest.setup.js:375:19)
      at node_modules/.pnpm/@radix-ui+react-dialog@1.1._664b8f23a65f4708bb5cf27e5ff43c08/node_modules/@radix-ui/react-dialog/src/dialog.tsx:520:30
      at Object.react_stack_bottom_frame (node_modules/.pnpm/react-dom@19.2.0_react@19.2.0/node_modules/react-dom/cjs/react-dom-client.development.js:25989:20)
      at runWithFiberInDEV (node_modules/.pnpm/react-dom@19.2.0_react@19.2.0/node_modules/react-dom/cjs/react-dom-client.development.js:874:13)
      at commitHookEffectListMount (node_modules/.pnpm/react-dom@19.2.0_react@19.2.0/node_modules/react-dom/cjs/react-dom-client.development.js:13249:29)
      at commitHookPassiveMountEffects (node_modules/.pnpm/react-dom@19.2.0_react@19.2.0/node_modules/react-dom/cjs/react-dom-client.development.js:13336:11)
      at commitPassiveMountOnFiber (node_modules/.pnpm/react-dom@19.2.0_react@19.2.0/node_modules/react-dom/cjs/react-dom-client.development.js:15484:13)
      at recursivelyTraversePassiveMountEffects (node_modules/.pnpm/react-dom@19.2.0_react@19.2.0/node_modules/react-dom/cjs/react-dom-client.development.js:15439:11)
      at commitPassiveMountOnFiber (node_modules/.pnpm/react-dom@19.2.0_react@19.2.0/node_modules/react-dom/cjs/react-dom-client.development.js:15718:11)
      at recursivelyTraversePassiveMountEffects (node_modules/.pnpm/react-dom@19.2.0_react@19.2.0/node_modules/react-dom/cjs/react-dom-client.development.js:15439:11)
      at commitPassiveMountOnFiber (node_modules/.pnpm/react-dom@19.2.0_react@19.2.0/node_modules/react-dom/cjs/react-dom-client.development.js:15476:11)
      at recursivelyTraversePassiveMountEffects (node_modules/.pnpm/react-dom@19.2.0_react@19.2.0/node_modules/react-dom/cjs/react-dom-client.development.js:15439:11)
      at commitPassiveMountOnFiber (node_modules/.pnpm/react-dom@19.2.0_react@19.2.0/node_modules/react-dom/cjs/react-dom-client.development.js:15476:11)
      at recursivelyTraversePassiveMountEffects (node_modules/.pnpm/react-dom@19.2.0_react@19.2.0/node_modules/react-dom/cjs/react-dom-client.development.js:15439:11)
      at commitPassiveMountOnFiber (node_modules/.pnpm/react-dom@19.2.0_react@19.2.0/node_modules/react-dom/cjs/react-dom-client.development.js:15476:11)
      at recursivelyTraversePassiveMountEffects (node_modules/.pnpm/react-dom@19.2.0_react@19.2.0/node_modules/react-dom/cjs/react-dom-client.development.js:15439:11)
      at commitPassiveMountOnFiber (node_modules/.pnpm/react-dom@19.2.0_react@19.2.0/node_modules/react-dom/cjs/react-dom-client.development.js:15476:11)
      at recursivelyTraversePassiveMountEffects (node_modules/.pnpm/react-dom@19.2.0_react@19.2.0/node_modules/react-dom/cjs/react-dom-client.development.js:15439:11)
      at commitPassiveMountOnFiber (node_modules/.pnpm/react-dom@19.2.0_react@19.2.0/node_modules/react-dom/cjs/react-dom-client.development.js:15476:11)
      at recursivelyTraversePassiveMountEffects (node_modules/.pnpm/react-dom@19.2.0_react@19.2.0/node_modules/react-dom/cjs/react-dom-client.development.js:15439:11)
      at commitPassiveMountOnFiber (node_modules/.pnpm/react-dom@19.2.0_react@19.2.0/node_modules/react-dom/cjs/react-dom-client.development.js:15476:11)
      at recursivelyTraversePassiveMountEffects (node_modules/.pnpm/react-dom@19.2.0_react@19.2.0/node_modules/react-dom/cjs/react-dom-client.development.js:15439:11)
      at commitPassiveMountOnFiber (node_modules/.pnpm/react-dom@19.2.0_react@19.2.0/node_modules/react-dom/cjs/react-dom-client.development.js:15476:11)
      at recursivelyTraversePassiveMountEffects (node_modules/.pnpm/react-dom@19.2.0_react@19.2.0/node_modules/react-dom/cjs/react-dom-client.development.js:15439:11)
      at commitPassiveMountOnFiber (node_modules/.pnpm/react-dom@19.2.0_react@19.2.0/node_modules/react-dom/cjs/react-dom-client.development.js:15718:11)
      at recursivelyTraversePassiveMountEffects (node_modules/.pnpm/react-dom@19.2.0_react@19.2.0/node_modules/react-dom/cjs/react-dom-client.development.js:15439:11)
      at commitPassiveMountOnFiber (node_modules/.pnpm/react-dom@19.2.0_react@19.2.0/node_modules/react-dom/cjs/react-dom-client.development.js:15476:11)
      at recursivelyTraversePassiveMountEffects (node_modules/.pnpm/react-dom@19.2.0_react@19.2.0/node_modules/react-dom/cjs/react-dom-client.development.js:15439:11)
      at commitPassiveMountOnFiber (node_modules/.pnpm/react-dom@19.2.0_react@19.2.0/node_modules/react-dom/cjs/react-dom-client.development.js:15476:11)
      at recursivelyTraversePassiveMountEffects (node_modules/.pnpm/react-dom@19.2.0_react@19.2.0/node_modules/react-dom/cjs/react-dom-client.development.js:15439:11)
      at commitPassiveMountOnFiber (node_modules/.pnpm/react-dom@19.2.0_react@19.2.0/node_modules/react-dom/cjs/react-dom-client.development.js:15718:11)
      at recursivelyTraversePassiveMountEffects (node_modules/.pnpm/react-dom@19.2.0_react@19.2.0/node_modules/react-dom/cjs/react-dom-client.development.js:15439:11)
      at commitPassiveMountOnFiber (node_modules/.pnpm/react-dom@19.2.0_react@19.2.0/node_modules/react-dom/cjs/react-dom-client.development.js:15476:11)
      at recursivelyTraversePassiveMountEffects (node_modules/.pnpm/react-dom@19.2.0_react@19.2.0/node_modules/react-dom/cjs/react-dom-client.development.js:15439:11)
      at commitPassiveMountOnFiber (node_modules/.pnpm/react-dom@19.2.0_react@19.2.0/node_modules/react-dom/cjs/react-dom-client.development.js:15476:11)
      at recursivelyTraversePassiveMountEffects (node_modules/.pnpm/react-dom@19.2.0_react@19.2.0/node_modules/react-dom/cjs/react-dom-client.development.js:15439:11)
      at commitPassiveMountOnFiber (node_modules/.pnpm/react-dom@19.2.0_react@19.2.0/node_modules/react-dom/cjs/react-dom-client.development.js:15476:11)
      at recursivelyTraversePassiveMountEffects (node_modules/.pnpm/react-dom@19.2.0_react@19.2.0/node_modules/react-dom/cjs/react-dom-client.development.js:15439:11)
      at commitPassiveMountOnFiber (node_modules/.pnpm/react-dom@19.2.0_react@19.2.0/node_modules/react-dom/cjs/react-dom-client.development.js:15718:11)
      at recursivelyTraversePassiveMountEffects (node_modules/.pnpm/react-dom@19.2.0_react@19.2.0/node_modules/react-dom/cjs/react-dom-client.development.js:15439:11)
      at commitPassiveMountOnFiber (node_modules/.pnpm/react-dom@19.2.0_react@19.2.0/node_modules/react-dom/cjs/react-dom-client.development.js:15476:11)
      at recursivelyTraversePassiveMountEffects (node_modules/.pnpm/react-dom@19.2.0_react@19.2.0/node_modules/react-dom/cjs/react-dom-client.development.js:15439:11)
      at commitPassiveMountOnFiber (node_modules/.pnpm/react-dom@19.2.0_react@19.2.0/node_modules/react-dom/cjs/react-dom-client.development.js:15476:11)
      at recursivelyTraversePassiveMountEffects (node_modules/.pnpm/react-dom@19.2.0_react@19.2.0/node_modules/react-dom/cjs/react-dom-client.development.js:15439:11)
      at commitPassiveMountOnFiber (node_modules/.pnpm/react-dom@19.2.0_react@19.2.0/node_modules/react-dom/cjs/react-dom-client.development.js:15476:11)
      at recursivelyTraversePassiveMountEffects (node_modules/.pnpm/react-dom@19.2.0_react@19.2.0/node_modules/react-dom/cjs/react-dom-client.development.js:15439:11)
      at commitPassiveMountOnFiber (node_modules/.pnpm/react-dom@19.2.0_react@19.2.0/node_modules/react-dom/cjs/react-dom-client.development.js:15519:11)
      at flushPassiveEffects (node_modules/.pnpm/react-dom@19.2.0_react@19.2.0/node_modules/react-dom/cjs/react-dom-client.development.js:18432:9)
      at flushPendingEffects (node_modules/.pnpm/react-dom@19.2.0_react@19.2.0/node_modules/react-dom/cjs/react-dom-client.development.js:18358:14)
      at flushSpawnedWork (node_modules/.pnpm/react-dom@19.2.0_react@19.2.0/node_modules/react-dom/cjs/react-dom-client.development.js:18323:44)
      at commitRoot (node_modules/.pnpm/react-dom@19.2.0_react@19.2.0/node_modules/react-dom/cjs/react-dom-client.development.js:17955:9)
      at performWorkOnRoot (node_modules/.pnpm/react-dom@19.2.0_react@19.2.0/node_modules/react-dom/cjs/react-dom-client.development.js:16667:15)
      at performSyncWorkOnRoot (node_modules/.pnpm/react-dom@19.2.0_react@19.2.0/node_modules/react-dom/cjs/react-dom-client.development.js:18972:7)
      at flushSyncWorkAcrossRoots_impl (node_modules/.pnpm/react-dom@19.2.0_react@19.2.0/node_modules/react-dom/cjs/react-dom-client.development.js:18814:21)
      at flushSpawnedWork (node_modules/.pnpm/react-dom@19.2.0_react@19.2.0/node_modules/react-dom/cjs/react-dom-client.development.js:18334:9)
      at commitRoot (node_modules/.pnpm/react-dom@19.2.0_react@19.2.0/node_modules/react-dom/cjs/react-dom-client.development.js:17955:9)
      at performWorkOnRoot (node_modules/.pnpm/react-dom@19.2.0_react@19.2.0/node_modules/react-dom/cjs/react-dom-client.development.js:16667:15)
      at performWorkOnRootViaSchedulerTask (node_modules/.pnpm/react-dom@19.2.0_react@19.2.0/node_modules/react-dom/cjs/react-dom-client.development.js:18957:7)
      at flushActQueue (node_modules/.pnpm/react@19.2.0/node_modules/react/cjs/react.development.js:590:34)
      at process.env.NODE_ENV.exports.act (node_modules/.pnpm/react@19.2.0/node_modules/react/cjs/react.development.js:884:10)
      at node_modules/.pnpm/@testing-library+react@16.3_15d474de7481bb0af842c1b1705139a8/node_modules/@testing-library/react/dist/act-compat.js:47:25
      at renderRoot (node_modules/.pnpm/@testing-library+react@16.3_15d474de7481bb0af842c1b1705139a8/node_modules/@testing-library/react/dist/pure.js:190:26)
      at render (node_modules/.pnpm/@testing-library+react@16.3_15d474de7481bb0af842c1b1705139a8/node_modules/@testing-library/react/dist/pure.js:292:10)
      at Object.<anonymous> (src/components/accessible/__tests__/AccessibleModal.a11y.test.tsx:126:11)

    console.error
      `DialogContent` requires a `DialogTitle` for the component to be accessible for screen reader users.
      
      If you want to hide the `DialogTitle`, you can wrap it with our VisuallyHidden component.
      
      For more information, see https://radix-ui.com/primitives/docs/components/dialog

    [0m [90m 373 |[39m       [36mreturn[39m[33m;[39m
     [90m 374 |[39m     }
    [31m[1m>[22m[39m[90m 375 |[39m     originalError[33m.[39mcall(console[33m,[39m [33m...[39margs)[33m;[39m
     [90m     |[39m                   [31m[1m^[22m[39m
     [90m 376 |[39m   }[33m;[39m
     [90m 377 |[39m })[33m;[39m
     [90m 378 |[39m[0m

      at console.call [as error] (jest.setup.js:375:19)
      at node_modules/.pnpm/@radix-ui+react-dialog@1.1._664b8f23a65f4708bb5cf27e5ff43c08/node_modules/@radix-ui/react-dialog/src/dialog.tsx:520:30
      at Object.react_stack_bottom_frame (node_modules/.pnpm/react-dom@19.2.0_react@19.2.0/node_modules/react-dom/cjs/react-dom-client.development.js:25989:20)
      at runWithFiberInDEV (node_modules/.pnpm/react-dom@19.2.0_react@19.2.0/node_modules/react-dom/cjs/react-dom-client.development.js:874:13)
      at commitHookEffectListMount (node_modules/.pnpm/react-dom@19.2.0_react@19.2.0/node_modules/react-dom/cjs/react-dom-client.development.js:13249:29)
      at commitHookPassiveMountEffects (node_modules/.pnpm/react-dom@19.2.0_react@19.2.0/node_modules/react-dom/cjs/react-dom-client.development.js:13336:11)
      at commitPassiveMountOnFiber (node_modules/.pnpm/react-dom@19.2.0_react@19.2.0/node_modules/react-dom/cjs/react-dom-client.development.js:15484:13)
      at recursivelyTraversePassiveMountEffects (node_modules/.pnpm/react-dom@19.2.0_react@19.2.0/node_modules/react-dom/cjs/react-dom-client.development.js:15439:11)
      at commitPassiveMountOnFiber (node_modules/.pnpm/react-dom@19.2.0_react@19.2.0/node_modules/react-dom/cjs/react-dom-client.development.js:15718:11)
      at recursivelyTraversePassiveMountEffects (node_modules/.pnpm/react-dom@19.2.0_react@19.2.0/node_modules/react-dom/cjs/react-dom-client.development.js:15439:11)
      at commitPassiveMountOnFiber (node_modules/.pnpm/react-dom@19.2.0_react@19.2.0/node_modules/react-dom/cjs/react-dom-client.development.js:15476:11)
      at recursivelyTraversePassiveMountEffects (node_modules/.pnpm/react-dom@19.2.0_react@19.2.0/node_modules/react-dom/cjs/react-dom-client.development.js:15439:11)
      at commitPassiveMountOnFiber (node_modules/.pnpm/react-dom@19.2.0_react@19.2.0/node_modules/react-dom/cjs/react-dom-client.development.js:15476:11)
      at recursivelyTraversePassiveMountEffects (node_modules/.pnpm/react-dom@19.2.0_react@19.2.0/node_modules/react-dom/cjs/react-dom-client.development.js:15439:11)
      at commitPassiveMountOnFiber (node_modules/.pnpm/react-dom@19.2.0_react@19.2.0/node_modules/react-dom/cjs/react-dom-client.development.js:15476:11)
      at recursivelyTraversePassiveMountEffects (node_modules/.pnpm/react-dom@19.2.0_react@19.2.0/node_modules/react-dom/cjs/react-dom-client.development.js:15439:11)
      at commitPassiveMountOnFiber (node_modules/.pnpm/react-dom@19.2.0_react@19.2.0/node_modules/react-dom/cjs/react-dom-client.development.js:15476:11)
      at recursivelyTraversePassiveMountEffects (node_modules/.pnpm/react-dom@19.2.0_react@19.2.0/node_modules/react-dom/cjs/react-dom-client.development.js:15439:11)
      at commitPassiveMountOnFiber (node_modules/.pnpm/react-dom@19.2.0_react@19.2.0/node_modules/react-dom/cjs/react-dom-client.development.js:15476:11)
      at recursivelyTraversePassiveMountEffects (node_modules/.pnpm/react-dom@19.2.0_react@19.2.0/node_modules/react-dom/cjs/react-dom-client.development.js:15439:11)
      at commitPassiveMountOnFiber (node_modules/.pnpm/react-dom@19.2.0_react@19.2.0/node_modules/react-dom/cjs/react-dom-client.development.js:15476:11)
      at recursivelyTraversePassiveMountEffects (node_modules/.pnpm/react-dom@19.2.0_react@19.2.0/node_modules/react-dom/cjs/react-dom-client.development.js:15439:11)
      at commitPassiveMountOnFiber (node_modules/.pnpm/react-dom@19.2.0_react@19.2.0/node_modules/react-dom/cjs/react-dom-client.development.js:15476:11)
      at recursivelyTraversePassiveMountEffects (node_modules/.pnpm/react-dom@19.2.0_react@19.2.0/node_modules/react-dom/cjs/react-dom-client.development.js:15439:11)
      at commitPassiveMountOnFiber (node_modules/.pnpm/react-dom@19.2.0_react@19.2.0/node_modules/react-dom/cjs/react-dom-client.development.js:15718:11)
      at recursivelyTraversePassiveMountEffects (node_modules/.pnpm/react-dom@19.2.0_react@19.2.0/node_modules/react-dom/cjs/react-dom-client.development.js:15439:11)
      at commitPassiveMountOnFiber (node_modules/.pnpm/react-dom@19.2.0_react@19.2.0/node_modules/react-dom/cjs/react-dom-client.development.js:15476:11)
      at recursivelyTraversePassiveMountEffects (node_modules/.pnpm/react-dom@19.2.0_react@19.2.0/node_modules/react-dom/cjs/react-dom-client.development.js:15439:11)
      at commitPassiveMountOnFiber (node_modules/.pnpm/react-dom@19.2.0_react@19.2.0/node_modules/react-dom/cjs/react-dom-client.development.js:15476:11)
      at recursivelyTraversePassiveMountEffects (node_modules/.pnpm/react-dom@19.2.0_react@19.2.0/node_modules/react-dom/cjs/react-dom-client.development.js:15439:11)
      at commitPassiveMountOnFiber (node_modules/.pnpm/react-dom@19.2.0_react@19.2.0/node_modules/react-dom/cjs/react-dom-client.development.js:15718:11)
      at recursivelyTraversePassiveMountEffects (node_modules/.pnpm/react-dom@19.2.0_react@19.2.0/node_modules/react-dom/cjs/react-dom-client.development.js:15439:11)
      at commitPassiveMountOnFiber (node_modules/.pnpm/react-dom@19.2.0_react@19.2.0/node_modules/react-dom/cjs/react-dom-client.development.js:15476:11)
      at recursivelyTraversePassiveMountEffects (node_modules/.pnpm/react-dom@19.2.0_react@19.2.0/node_modules/react-dom/cjs/react-dom-client.development.js:15439:11)
      at commitPassiveMountOnFiber (node_modules/.pnpm/react-dom@19.2.0_react@19.2.0/node_modules/react-dom/cjs/react-dom-client.development.js:15476:11)
      at recursivelyTraversePassiveMountEffects (node_modules/.pnpm/react-dom@19.2.0_react@19.2.0/node_modules/react-dom/cjs/react-dom-client.development.js:15439:11)
      at commitPassiveMountOnFiber (node_modules/.pnpm/react-dom@19.2.0_react@19.2.0/node_modules/react-dom/cjs/react-dom-client.development.js:15476:11)
      at recursivelyTraversePassiveMountEffects (node_modules/.pnpm/react-dom@19.2.0_react@19.2.0/node_modules/react-dom/cjs/react-dom-client.development.js:15439:11)
      at commitPassiveMountOnFiber (node_modules/.pnpm/react-dom@19.2.0_react@19.2.0/node_modules/react-dom/cjs/react-dom-client.development.js:15718:11)
      at recursivelyTraversePassiveMountEffects (node_modules/.pnpm/react-dom@19.2.0_react@19.2.0/node_modules/react-dom/cjs/react-dom-client.development.js:15439:11)
      at commitPassiveMountOnFiber (node_modules/.pnpm/react-dom@19.2.0_react@19.2.0/node_modules/react-dom/cjs/react-dom-client.development.js:15476:11)
      at recursivelyTraversePassiveMountEffects (node_modules/.pnpm/react-dom@19.2.0_react@19.2.0/node_modules/react-dom/cjs/react-dom-client.development.js:15439:11)
      at commitPassiveMountOnFiber (node_modules/.pnpm/react-dom@19.2.0_react@19.2.0/node_modules/react-dom/cjs/react-dom-client.development.js:15476:11)
      at recursivelyTraversePassiveMountEffects (node_modules/.pnpm/react-dom@19.2.0_react@19.2.0/node_modules/react-dom/cjs/react-dom-client.development.js:15439:11)
      at commitPassiveMountOnFiber (node_modules/.pnpm/react-dom@19.2.0_react@19.2.0/node_modules/react-dom/cjs/react-dom-client.development.js:15476:11)
      at recursivelyTraversePassiveMountEffects (node_modules/.pnpm/react-dom@19.2.0_react@19.2.0/node_modules/react-dom/cjs/react-dom-client.development.js:15439:11)
      at commitPassiveMountOnFiber (node_modules/.pnpm/react-dom@19.2.0_react@19.2.0/node_modules/react-dom/cjs/react-dom-client.development.js:15519:11)
      at flushPassiveEffects (node_modules/.pnpm/react-dom@19.2.0_react@19.2.0/node_modules/react-dom/cjs/react-dom-client.development.js:18432:9)
      at flushPendingEffects (node_modules/.pnpm/react-dom@19.2.0_react@19.2.0/node_modules/react-dom/cjs/react-dom-client.development.js:18358:14)
      at flushSpawnedWork (node_modules/.pnpm/react-dom@19.2.0_react@19.2.0/node_modules/react-dom/cjs/react-dom-client.development.js:18323:44)
      at commitRoot (node_modules/.pnpm/react-dom@19.2.0_react@19.2.0/node_modules/react-dom/cjs/react-dom-client.development.js:17955:9)
      at performWorkOnRoot (node_modules/.pnpm/react-dom@19.2.0_react@19.2.0/node_modules/react-dom/cjs/react-dom-client.development.js:16667:15)
      at performSyncWorkOnRoot (node_modules/.pnpm/react-dom@19.2.0_react@19.2.0/node_modules/react-dom/cjs/react-dom-client.development.js:18972:7)
      at flushSyncWorkAcrossRoots_impl (node_modules/.pnpm/react-dom@19.2.0_react@19.2.0/node_modules/react-dom/cjs/react-dom-client.development.js:18814:21)
      at flushSpawnedWork (node_modules/.pnpm/react-dom@19.2.0_react@19.2.0/node_modules/react-dom/cjs/react-dom-client.development.js:18334:9)
      at commitRoot (node_modules/.pnpm/react-dom@19.2.0_react@19.2.0/node_modules/react-dom/cjs/react-dom-client.development.js:17955:9)
      at performWorkOnRoot (node_modules/.pnpm/react-dom@19.2.0_react@19.2.0/node_modules/react-dom/cjs/react-dom-client.development.js:16667:15)
      at performWorkOnRootViaSchedulerTask (node_modules/.pnpm/react-dom@19.2.0_react@19.2.0/node_modules/react-dom/cjs/react-dom-client.development.js:18957:7)
      at flushActQueue (node_modules/.pnpm/react@19.2.0/node_modules/react/cjs/react.development.js:590:34)
      at process.env.NODE_ENV.exports.act (node_modules/.pnpm/react@19.2.0/node_modules/react/cjs/react.development.js:884:10)
      at node_modules/.pnpm/@testing-library+react@16.3_15d474de7481bb0af842c1b1705139a8/node_modules/@testing-library/react/dist/act-compat.js:47:25
      at renderRoot (node_modules/.pnpm/@testing-library+react@16.3_15d474de7481bb0af842c1b1705139a8/node_modules/@testing-library/react/dist/pure.js:190:26)
      at render (node_modules/.pnpm/@testing-library+react@16.3_15d474de7481bb0af842c1b1705139a8/node_modules/@testing-library/react/dist/pure.js:292:10)
      at Object.<anonymous> (src/components/accessible/__tests__/AccessibleModal.a11y.test.tsx:148:11)

    console.error
      `DialogContent` requires a `DialogTitle` for the component to be accessible for screen reader users.
      
      If you want to hide the `DialogTitle`, you can wrap it with our VisuallyHidden component.
      
      For more information, see https://radix-ui.com/primitives/docs/components/dialog

    [0m [90m 373 |[39m       [36mreturn[39m[33m;[39m
     [90m 374 |[39m     }
    [31m[1m>[22m[39m[90m 375 |[39m     originalError[33m.[39mcall(console[33m,[39m [33m...[39margs)[33m;[39m
     [90m     |[39m                   [31m[1m^[22m[39m
     [90m 376 |[39m   }[33m;[39m
     [90m 377 |[39m })[33m;[39m
     [90m 378 |[39m[0m

      at console.call [as error] (jest.setup.js:375:19)
      at node_modules/.pnpm/@radix-ui+react-dialog@1.1._664b8f23a65f4708bb5cf27e5ff43c08/node_modules/@radix-ui/react-dialog/src/dialog.tsx:520:30
      at Object.react_stack_bottom_frame (node_modules/.pnpm/react-dom@19.2.0_react@19.2.0/node_modules/react-dom/cjs/react-dom-client.development.js:25989:20)
      at runWithFiberInDEV (node_modules/.pnpm/react-dom@19.2.0_react@19.2.0/node_modules/react-dom/cjs/react-dom-client.development.js:874:13)
      at commitHookEffectListMount (node_modules/.pnpm/react-dom@19.2.0_react@19.2.0/node_modules/react-dom/cjs/react-dom-client.development.js:13249:29)
      at commitHookPassiveMountEffects (node_modules/.pnpm/react-dom@19.2.0_react@19.2.0/node_modules/react-dom/cjs/react-dom-client.development.js:13336:11)
      at commitPassiveMountOnFiber (node_modules/.pnpm/react-dom@19.2.0_react@19.2.0/node_modules/react-dom/cjs/react-dom-client.development.js:15484:13)
      at recursivelyTraversePassiveMountEffects (node_modules/.pnpm/react-dom@19.2.0_react@19.2.0/node_modules/react-dom/cjs/react-dom-client.development.js:15439:11)
      at commitPassiveMountOnFiber (node_modules/.pnpm/react-dom@19.2.0_react@19.2.0/node_modules/react-dom/cjs/react-dom-client.development.js:15718:11)
      at recursivelyTraversePassiveMountEffects (node_modules/.pnpm/react-dom@19.2.0_react@19.2.0/node_modules/react-dom/cjs/react-dom-client.development.js:15439:11)
      at commitPassiveMountOnFiber (node_modules/.pnpm/react-dom@19.2.0_react@19.2.0/node_modules/react-dom/cjs/react-dom-client.development.js:15476:11)
      at recursivelyTraversePassiveMountEffects (node_modules/.pnpm/react-dom@19.2.0_react@19.2.0/node_modules/react-dom/cjs/react-dom-client.development.js:15439:11)
      at commitPassiveMountOnFiber (node_modules/.pnpm/react-dom@19.2.0_react@19.2.0/node_modules/react-dom/cjs/react-dom-client.development.js:15476:11)
      at recursivelyTraversePassiveMountEffects (node_modules/.pnpm/react-dom@19.2.0_react@19.2.0/node_modules/react-dom/cjs/react-dom-client.development.js:15439:11)
      at commitPassiveMountOnFiber (node_modules/.pnpm/react-dom@19.2.0_react@19.2.0/node_modules/react-dom/cjs/react-dom-client.development.js:15476:11)
      at recursivelyTraversePassiveMountEffects (node_modules/.pnpm/react-dom@19.2.0_react@19.2.0/node_modules/react-dom/cjs/react-dom-client.development.js:15439:11)
      at commitPassiveMountOnFiber (node_modules/.pnpm/react-dom@19.2.0_react@19.2.0/node_modules/react-dom/cjs/react-dom-client.development.js:15476:11)
      at recursivelyTraversePassiveMountEffects (node_modules/.pnpm/react-dom@19.2.0_react@19.2.0/node_modules/react-dom/cjs/react-dom-client.development.js:15439:11)
      at commitPassiveMountOnFiber (node_modules/.pnpm/react-dom@19.2.0_react@19.2.0/node_modules/react-dom/cjs/react-dom-client.development.js:15476:11)
      at recursivelyTraversePassiveMountEffects (node_modules/.pnpm/react-dom@19.2.0_react@19.2.0/node_modules/react-dom/cjs/react-dom-client.development.js:15439:11)
      at commitPassiveMountOnFiber (node_modules/.pnpm/react-dom@19.2.0_react@19.2.0/node_modules/react-dom/cjs/react-dom-client.development.js:15476:11)
      at recursivelyTraversePassiveMountEffects (node_modules/.pnpm/react-dom@19.2.0_react@19.2.0/node_modules/react-dom/cjs/react-dom-client.development.js:15439:11)
      at commitPassiveMountOnFiber (node_modules/.pnpm/react-dom@19.2.0_react@19.2.0/node_modules/react-dom/cjs/react-dom-client.development.js:15476:11)
      at recursivelyTraversePassiveMountEffects (node_modules/.pnpm/react-dom@19.2.0_react@19.2.0/node_modules/react-dom/cjs/react-dom-client.development.js:15439:11)
      at commitPassiveMountOnFiber (node_modules/.pnpm/react-dom@19.2.0_react@19.2.0/node_modules/react-dom/cjs/react-dom-client.development.js:15718:11)
      at recursivelyTraversePassiveMountEffects (node_modules/.pnpm/react-dom@19.2.0_react@19.2.0/node_modules/react-dom/cjs/react-dom-client.development.js:15439:11)
      at commitPassiveMountOnFiber (node_modules/.pnpm/react-dom@19.2.0_react@19.2.0/node_modules/react-dom/cjs/react-dom-client.development.js:15476:11)
      at recursivelyTraversePassiveMountEffects (node_modules/.pnpm/react-dom@19.2.0_react@19.2.0/node_modules/react-dom/cjs/react-dom-client.development.js:15439:11)
      at commitPassiveMountOnFiber (node_modules/.pnpm/react-dom@19.2.0_react@19.2.0/node_modules/react-dom/cjs/react-dom-client.development.js:15476:11)
      at recursivelyTraversePassiveMountEffects (node_modules/.pnpm/react-dom@19.2.0_react@19.2.0/node_modules/react-dom/cjs/react-dom-client.development.js:15439:11)
      at commitPassiveMountOnFiber (node_modules/.pnpm/react-dom@19.2.0_react@19.2.0/node_modules/react-dom/cjs/react-dom-client.development.js:15718:11)
      at recursivelyTraversePassiveMountEffects (node_modules/.pnpm/react-dom@19.2.0_react@19.2.0/node_modules/react-dom/cjs/react-dom-client.development.js:15439:11)
      at commitPassiveMountOnFiber (node_modules/.pnpm/react-dom@19.2.0_react@19.2.0/node_modules/react-dom/cjs/react-dom-client.development.js:15476:11)
      at recursivelyTraversePassiveMountEffects (node_modules/.pnpm/react-dom@19.2.0_react@19.2.0/node_modules/react-dom/cjs/react-dom-client.development.js:15439:11)
      at commitPassiveMountOnFiber (node_modules/.pnpm/react-dom@19.2.0_react@19.2.0/node_modules/react-dom/cjs/react-dom-client.development.js:15476:11)
      at recursivelyTraversePassiveMountEffects (node_modules/.pnpm/react-dom@19.2.0_react@19.2.0/node_modules/react-dom/cjs/react-dom-client.development.js:15439:11)
      at commitPassiveMountOnFiber (node_modules/.pnpm/react-dom@19.2.0_react@19.2.0/node_modules/react-dom/cjs/react-dom-client.development.js:15476:11)
      at recursivelyTraversePassiveMountEffects (node_modules/.pnpm/react-dom@19.2.0_react@19.2.0/node_modules/react-dom/cjs/react-dom-client.development.js:15439:11)
      at commitPassiveMountOnFiber (node_modules/.pnpm/react-dom@19.2.0_react@19.2.0/node_modules/react-dom/cjs/react-dom-client.development.js:15718:11)
      at recursivelyTraversePassiveMountEffects (node_modules/.pnpm/react-dom@19.2.0_react@19.2.0/node_modules/react-dom/cjs/react-dom-client.development.js:15439:11)
      at commitPassiveMountOnFiber (node_modules/.pnpm/react-dom@19.2.0_react@19.2.0/node_modules/react-dom/cjs/react-dom-client.development.js:15476:11)
      at recursivelyTraversePassiveMountEffects (node_modules/.pnpm/react-dom@19.2.0_react@19.2.0/node_modules/react-dom/cjs/react-dom-client.development.js:15439:11)
      at commitPassiveMountOnFiber (node_modules/.pnpm/react-dom@19.2.0_react@19.2.0/node_modules/react-dom/cjs/react-dom-client.development.js:15476:11)
      at recursivelyTraversePassiveMountEffects (node_modules/.pnpm/react-dom@19.2.0_react@19.2.0/node_modules/react-dom/cjs/react-dom-client.development.js:15439:11)
      at commitPassiveMountOnFiber (node_modules/.pnpm/react-dom@19.2.0_react@19.2.0/node_modules/react-dom/cjs/react-dom-client.development.js:15476:11)
      at recursivelyTraversePassiveMountEffects (node_modules/.pnpm/react-dom@19.2.0_react@19.2.0/node_modules/react-dom/cjs/react-dom-client.development.js:15439:11)
      at commitPassiveMountOnFiber (node_modules/.pnpm/react-dom@19.2.0_react@19.2.0/node_modules/react-dom/cjs/react-dom-client.development.js:15519:11)
      at flushPassiveEffects (node_modules/.pnpm/react-dom@19.2.0_react@19.2.0/node_modules/react-dom/cjs/react-dom-client.development.js:18432:9)
      at flushPendingEffects (node_modules/.pnpm/react-dom@19.2.0_react@19.2.0/node_modules/react-dom/cjs/react-dom-client.development.js:18358:14)
      at flushSpawnedWork (node_modules/.pnpm/react-dom@19.2.0_react@19.2.0/node_modules/react-dom/cjs/react-dom-client.development.js:18323:44)
      at commitRoot (node_modules/.pnpm/react-dom@19.2.0_react@19.2.0/node_modules/react-dom/cjs/react-dom-client.development.js:17955:9)
      at performWorkOnRoot (node_modules/.pnpm/react-dom@19.2.0_react@19.2.0/node_modules/react-dom/cjs/react-dom-client.development.js:16667:15)
      at performSyncWorkOnRoot (node_modules/.pnpm/react-dom@19.2.0_react@19.2.0/node_modules/react-dom/cjs/react-dom-client.development.js:18972:7)
      at flushSyncWorkAcrossRoots_impl (node_modules/.pnpm/react-dom@19.2.0_react@19.2.0/node_modules/react-dom/cjs/react-dom-client.development.js:18814:21)
      at flushSpawnedWork (node_modules/.pnpm/react-dom@19.2.0_react@19.2.0/node_modules/react-dom/cjs/react-dom-client.development.js:18334:9)
      at commitRoot (node_modules/.pnpm/react-dom@19.2.0_react@19.2.0/node_modules/react-dom/cjs/react-dom-client.development.js:17955:9)
      at performWorkOnRoot (node_modules/.pnpm/react-dom@19.2.0_react@19.2.0/node_modules/react-dom/cjs/react-dom-client.development.js:16667:15)
      at performWorkOnRootViaSchedulerTask (node_modules/.pnpm/react-dom@19.2.0_react@19.2.0/node_modules/react-dom/cjs/react-dom-client.development.js:18957:7)
      at flushActQueue (node_modules/.pnpm/react@19.2.0/node_modules/react/cjs/react.development.js:590:34)
      at process.env.NODE_ENV.exports.act (node_modules/.pnpm/react@19.2.0/node_modules/react/cjs/react.development.js:884:10)
      at node_modules/.pnpm/@testing-library+react@16.3_15d474de7481bb0af842c1b1705139a8/node_modules/@testing-library/react/dist/act-compat.js:47:25
      at renderRoot (node_modules/.pnpm/@testing-library+react@16.3_15d474de7481bb0af842c1b1705139a8/node_modules/@testing-library/react/dist/pure.js:190:26)
      at render (node_modules/.pnpm/@testing-library+react@16.3_15d474de7481bb0af842c1b1705139a8/node_modules/@testing-library/react/dist/pure.js:292:10)
      at Object.<anonymous> (src/components/accessible/__tests__/AccessibleModal.a11y.test.tsx:159:32)

PASS src/__tests__/components/chat/ChatSidebar.test.tsx
PASS src/__tests__/pages/reset-password.test.tsx (18.862 s)
PASS src/components/__tests__/ErrorBoundary.test.tsx
PASS src/hooks/__tests__/useSessionCheck.test.ts
  ● Console

    console.error
      An update to TestComponent inside a test was not wrapped in act(...).
      
      When testing, code that causes React state updates should be wrapped into act(...):
      
      act(() => {
        /* fire events that update state */
      });
      /* assert on the output */
      
      This ensures that you're testing the behavior the user would see in the browser. Learn more at https://react.dev/link/wrap-tests-with-act

    [0m [90m 373 |[39m       [36mreturn[39m[33m;[39m
     [90m 374 |[39m     }
    [31m[1m>[22m[39m[90m 375 |[39m     originalError[33m.[39mcall(console[33m,[39m [33m...[39margs)[33m;[39m
     [90m     |[39m                   [31m[1m^[22m[39m
     [90m 376 |[39m   }[33m;[39m
     [90m 377 |[39m })[33m;[39m
     [90m 378 |[39m[0m

      at console.call [as error] (jest.setup.js:375:19)
      at node_modules/.pnpm/react-dom@19.2.0_react@19.2.0/node_modules/react-dom/cjs/react-dom-client.development.js:18758:19
      at runWithFiberInDEV (node_modules/.pnpm/react-dom@19.2.0_react@19.2.0/node_modules/react-dom/cjs/react-dom-client.development.js:874:13)
      at warnIfUpdatesNotWrappedWithActDEV (node_modules/.pnpm/react-dom@19.2.0_react@19.2.0/node_modules/react-dom/cjs/react-dom-client.development.js:18757:9)
      at scheduleUpdateOnFiber (node_modules/.pnpm/react-dom@19.2.0_react@19.2.0/node_modules/react-dom/cjs/react-dom-client.development.js:16409:11)
      at dispatchSetStateInternal (node_modules/.pnpm/react-dom@19.2.0_react@19.2.0/node_modules/react-dom/cjs/react-dom-client.development.js:9170:13)
      at dispatchSetState (node_modules/.pnpm/react-dom@19.2.0_react@19.2.0/node_modules/react-dom/cjs/react-dom-client.development.js:9127:7)
      at setIsChecking (src/hooks/useSessionCheck.ts:41:7)
      at callTimer (node_modules/.pnpm/@sinonjs+fake-timers@13.0.5/node_modules/@sinonjs/fake-timers/src/fake-timers-src.js:806:24)
      at doTickInner (node_modules/.pnpm/@sinonjs+fake-timers@13.0.5/node_modules/@sinonjs/fake-timers/src/fake-timers-src.js:1413:29)
      at doTick (node_modules/.pnpm/@sinonjs+fake-timers@13.0.5/node_modules/@sinonjs/fake-timers/src/fake-timers-src.js:1494:20)
      at Object.tick (node_modules/.pnpm/@sinonjs+fake-timers@13.0.5/node_modules/@sinonjs/fake-timers/src/fake-timers-src.js:1502:20)
      at Object.runToLast (node_modules/.pnpm/@sinonjs+fake-timers@13.0.5/node_modules/@sinonjs/fake-timers/src/fake-timers-src.js:1661:26)
      at FakeTimers.runOnlyPendingTimers (node_modules/.pnpm/@jest+fake-timers@30.2.0/node_modules/@jest/fake-timers/build/index.js:542:19)
      at Object.runOnlyPendingTimers (src/hooks/__tests__/useSessionCheck.test.ts:45:10)

    console.error
      An update to TestComponent inside a test was not wrapped in act(...).
      
      When testing, code that causes React state updates should be wrapped into act(...):
      
      act(() => {
        /* fire events that update state */
      });
      /* assert on the output */
      
      This ensures that you're testing the behavior the user would see in the browser. Learn more at https://react.dev/link/wrap-tests-with-act

    [0m [90m 373 |[39m       [36mreturn[39m[33m;[39m
     [90m 374 |[39m     }
    [31m[1m>[22m[39m[90m 375 |[39m     originalError[33m.[39mcall(console[33m,[39m [33m...[39margs)[33m;[39m
     [90m     |[39m                   [31m[1m^[22m[39m
     [90m 376 |[39m   }[33m;[39m
     [90m 377 |[39m })[33m;[39m
     [90m 378 |[39m[0m

      at console.call [as error] (jest.setup.js:375:19)
      at node_modules/.pnpm/react-dom@19.2.0_react@19.2.0/node_modules/react-dom/cjs/react-dom-client.development.js:18758:19
      at runWithFiberInDEV (node_modules/.pnpm/react-dom@19.2.0_react@19.2.0/node_modules/react-dom/cjs/react-dom-client.development.js:874:13)
      at warnIfUpdatesNotWrappedWithActDEV (node_modules/.pnpm/react-dom@19.2.0_react@19.2.0/node_modules/react-dom/cjs/react-dom-client.development.js:18757:9)
      at scheduleUpdateOnFiber (node_modules/.pnpm/react-dom@19.2.0_react@19.2.0/node_modules/react-dom/cjs/react-dom-client.development.js:16409:11)
      at dispatchSetStateInternal (node_modules/.pnpm/react-dom@19.2.0_react@19.2.0/node_modules/react-dom/cjs/react-dom-client.development.js:9170:13)
      at dispatchSetState (node_modules/.pnpm/react-dom@19.2.0_react@19.2.0/node_modules/react-dom/cjs/react-dom-client.development.js:9127:7)
      at setError (src/hooks/useSessionCheck.ts:42:7)
      at callTimer (node_modules/.pnpm/@sinonjs+fake-timers@13.0.5/node_modules/@sinonjs/fake-timers/src/fake-timers-src.js:806:24)
      at doTickInner (node_modules/.pnpm/@sinonjs+fake-timers@13.0.5/node_modules/@sinonjs/fake-timers/src/fake-timers-src.js:1413:29)
      at doTick (node_modules/.pnpm/@sinonjs+fake-timers@13.0.5/node_modules/@sinonjs/fake-timers/src/fake-timers-src.js:1494:20)
      at Object.tick (node_modules/.pnpm/@sinonjs+fake-timers@13.0.5/node_modules/@sinonjs/fake-timers/src/fake-timers-src.js:1502:20)
      at Object.runToLast (node_modules/.pnpm/@sinonjs+fake-timers@13.0.5/node_modules/@sinonjs/fake-timers/src/fake-timers-src.js:1661:26)
      at FakeTimers.runOnlyPendingTimers (node_modules/.pnpm/@jest+fake-timers@30.2.0/node_modules/@jest/fake-timers/build/index.js:542:19)
      at Object.runOnlyPendingTimers (src/hooks/__tests__/useSessionCheck.test.ts:45:10)

    console.error
      An update to TestComponent inside a test was not wrapped in act(...).
      
      When testing, code that causes React state updates should be wrapped into act(...):
      
      act(() => {
        /* fire events that update state */
      });
      /* assert on the output */
      
      This ensures that you're testing the behavior the user would see in the browser. Learn more at https://react.dev/link/wrap-tests-with-act

    [0m [90m 373 |[39m       [36mreturn[39m[33m;[39m
     [90m 374 |[39m     }
    [31m[1m>[22m[39m[90m 375 |[39m     originalError[33m.[39mcall(console[33m,[39m [33m...[39margs)[33m;[39m
     [90m     |[39m                   [31m[1m^[22m[39m
     [90m 376 |[39m   }[33m;[39m
     [90m 377 |[39m })[33m;[39m
     [90m 378 |[39m[0m

      at console.call [as error] (jest.setup.js:375:19)
      at node_modules/.pnpm/react-dom@19.2.0_react@19.2.0/node_modules/react-dom/cjs/react-dom-client.development.js:18758:19
      at runWithFiberInDEV (node_modules/.pnpm/react-dom@19.2.0_react@19.2.0/node_modules/react-dom/cjs/react-dom-client.development.js:874:13)
      at warnIfUpdatesNotWrappedWithActDEV (node_modules/.pnpm/react-dom@19.2.0_react@19.2.0/node_modules/react-dom/cjs/react-dom-client.development.js:18757:9)
      at scheduleUpdateOnFiber (node_modules/.pnpm/react-dom@19.2.0_react@19.2.0/node_modules/react-dom/cjs/react-dom-client.development.js:16409:11)
      at dispatchSetStateInternal (node_modules/.pnpm/react-dom@19.2.0_react@19.2.0/node_modules/react-dom/cjs/react-dom-client.development.js:9170:13)
      at dispatchSetState (node_modules/.pnpm/react-dom@19.2.0_react@19.2.0/node_modules/react-dom/cjs/react-dom-client.development.js:9127:7)
      at setError (src/hooks/useSessionCheck.ts:66:7)

    console.error
      Session check error: TypeError: Cannot read properties of undefined (reading 'remainingMinutes')
          at remainingMinutes (D:\Repositories\meepleai-monorepo\apps\web\src\hooks\useSessionCheck.ts:53:34)
          at processTicksAndRejections (node:internal/process/task_queues:105:5)

    [0m [90m 373 |[39m       [36mreturn[39m[33m;[39m
     [90m 374 |[39m     }
    [31m[1m>[22m[39m[90m 375 |[39m     originalError[33m.[39mcall(console[33m,[39m [33m...[39margs)[33m;[39m
     [90m     |[39m                   [31m[1m^[22m[39m
     [90m 376 |[39m   }[33m;[39m
     [90m 377 |[39m })[33m;[39m
     [90m 378 |[39m[0m

      at console.call [as error] (jest.setup.js:375:19)
      at error (src/hooks/useSessionCheck.ts:67:15)

    console.error
      An update to TestComponent inside a test was not wrapped in act(...).
      
      When testing, code that causes React state updates should be wrapped into act(...):
      
      act(() => {
        /* fire events that update state */
      });
      /* assert on the output */
      
      This ensures that you're testing the behavior the user would see in the browser. Learn more at https://react.dev/link/wrap-tests-with-act

    [0m [90m 373 |[39m       [36mreturn[39m[33m;[39m
     [90m 374 |[39m     }
    [31m[1m>[22m[39m[90m 375 |[39m     originalError[33m.[39mcall(console[33m,[39m [33m...[39margs)[33m;[39m
     [90m     |[39m                   [31m[1m^[22m[39m
     [90m 376 |[39m   }[33m;[39m
     [90m 377 |[39m })[33m;[39m
     [90m 378 |[39m[0m

      at console.call [as error] (jest.setup.js:375:19)
      at node_modules/.pnpm/react-dom@19.2.0_react@19.2.0/node_modules/react-dom/cjs/react-dom-client.development.js:18758:19
      at runWithFiberInDEV (node_modules/.pnpm/react-dom@19.2.0_react@19.2.0/node_modules/react-dom/cjs/react-dom-client.development.js:874:13)
      at warnIfUpdatesNotWrappedWithActDEV (node_modules/.pnpm/react-dom@19.2.0_react@19.2.0/node_modules/react-dom/cjs/react-dom-client.development.js:18757:9)
      at scheduleUpdateOnFiber (node_modules/.pnpm/react-dom@19.2.0_react@19.2.0/node_modules/react-dom/cjs/react-dom-client.development.js:16409:11)
      at dispatchSetStateInternal (node_modules/.pnpm/react-dom@19.2.0_react@19.2.0/node_modules/react-dom/cjs/react-dom-client.development.js:9170:13)
      at dispatchSetState (node_modules/.pnpm/react-dom@19.2.0_react@19.2.0/node_modules/react-dom/cjs/react-dom-client.development.js:9127:7)
      at setIsChecking (src/hooks/useSessionCheck.ts:69:7)

    console.error
      An update to TestComponent inside a test was not wrapped in act(...).
      
      When testing, code that causes React state updates should be wrapped into act(...):
      
      act(() => {
        /* fire events that update state */
      });
      /* assert on the output */
      
      This ensures that you're testing the behavior the user would see in the browser. Learn more at https://react.dev/link/wrap-tests-with-act

    [0m [90m 373 |[39m       [36mreturn[39m[33m;[39m
     [90m 374 |[39m     }
    [31m[1m>[22m[39m[90m 375 |[39m     originalError[33m.[39mcall(console[33m,[39m [33m...[39margs)[33m;[39m
     [90m     |[39m                   [31m[1m^[22m[39m
     [90m 376 |[39m   }[33m;[39m
     [90m 377 |[39m })[33m;[39m
     [90m 378 |[39m[0m

      at console.call [as error] (jest.setup.js:375:19)
      at node_modules/.pnpm/react-dom@19.2.0_react@19.2.0/node_modules/react-dom/cjs/react-dom-client.development.js:18758:19
      at runWithFiberInDEV (node_modules/.pnpm/react-dom@19.2.0_react@19.2.0/node_modules/react-dom/cjs/react-dom-client.development.js:874:13)
      at warnIfUpdatesNotWrappedWithActDEV (node_modules/.pnpm/react-dom@19.2.0_react@19.2.0/node_modules/react-dom/cjs/react-dom-client.development.js:18757:9)
      at scheduleUpdateOnFiber (node_modules/.pnpm/react-dom@19.2.0_react@19.2.0/node_modules/react-dom/cjs/react-dom-client.development.js:16409:11)
      at dispatchSetStateInternal (node_modules/.pnpm/react-dom@19.2.0_react@19.2.0/node_modules/react-dom/cjs/react-dom-client.development.js:9170:13)
      at dispatchSetState (node_modules/.pnpm/react-dom@19.2.0_react@19.2.0/node_modules/react-dom/cjs/react-dom-client.development.js:9127:7)
      at setIsChecking (src/hooks/useSessionCheck.ts:41:7)
      at callTimer (node_modules/.pnpm/@sinonjs+fake-timers@13.0.5/node_modules/@sinonjs/fake-timers/src/fake-timers-src.js:806:24)
      at doTickInner (node_modules/.pnpm/@sinonjs+fake-timers@13.0.5/node_modules/@sinonjs/fake-timers/src/fake-timers-src.js:1413:29)
      at doTick (node_modules/.pnpm/@sinonjs+fake-timers@13.0.5/node_modules/@sinonjs/fake-timers/src/fake-timers-src.js:1494:20)
      at Object.tick (node_modules/.pnpm/@sinonjs+fake-timers@13.0.5/node_modules/@sinonjs/fake-timers/src/fake-timers-src.js:1502:20)
      at Object.runToLast (node_modules/.pnpm/@sinonjs+fake-timers@13.0.5/node_modules/@sinonjs/fake-timers/src/fake-timers-src.js:1661:26)
      at FakeTimers.runOnlyPendingTimers (node_modules/.pnpm/@jest+fake-timers@30.2.0/node_modules/@jest/fake-timers/build/index.js:542:19)
      at Object.runOnlyPendingTimers (src/hooks/__tests__/useSessionCheck.test.ts:45:10)

    console.error
      An update to TestComponent inside a test was not wrapped in act(...).
      
      When testing, code that causes React state updates should be wrapped into act(...):
      
      act(() => {
        /* fire events that update state */
      });
      /* assert on the output */
      
      This ensures that you're testing the behavior the user would see in the browser. Learn more at https://react.dev/link/wrap-tests-with-act

    [0m [90m 373 |[39m       [36mreturn[39m[33m;[39m
     [90m 374 |[39m     }
    [31m[1m>[22m[39m[90m 375 |[39m     originalError[33m.[39mcall(console[33m,[39m [33m...[39margs)[33m;[39m
     [90m     |[39m                   [31m[1m^[22m[39m
     [90m 376 |[39m   }[33m;[39m
     [90m 377 |[39m })[33m;[39m
     [90m 378 |[39m[0m

      at console.call [as error] (jest.setup.js:375:19)
      at node_modules/.pnpm/react-dom@19.2.0_react@19.2.0/node_modules/react-dom/cjs/react-dom-client.development.js:18758:19
      at runWithFiberInDEV (node_modules/.pnpm/react-dom@19.2.0_react@19.2.0/node_modules/react-dom/cjs/react-dom-client.development.js:874:13)
      at warnIfUpdatesNotWrappedWithActDEV (node_modules/.pnpm/react-dom@19.2.0_react@19.2.0/node_modules/react-dom/cjs/react-dom-client.development.js:18757:9)
      at scheduleUpdateOnFiber (node_modules/.pnpm/react-dom@19.2.0_react@19.2.0/node_modules/react-dom/cjs/react-dom-client.development.js:16409:11)
      at dispatchSetStateInternal (node_modules/.pnpm/react-dom@19.2.0_react@19.2.0/node_modules/react-dom/cjs/react-dom-client.development.js:9170:13)
      at dispatchSetState (node_modules/.pnpm/react-dom@19.2.0_react@19.2.0/node_modules/react-dom/cjs/react-dom-client.development.js:9127:7)
      at setError (src/hooks/useSessionCheck.ts:42:7)
      at callTimer (node_modules/.pnpm/@sinonjs+fake-timers@13.0.5/node_modules/@sinonjs/fake-timers/src/fake-timers-src.js:806:24)
      at doTickInner (node_modules/.pnpm/@sinonjs+fake-timers@13.0.5/node_modules/@sinonjs/fake-timers/src/fake-timers-src.js:1413:29)
      at doTick (node_modules/.pnpm/@sinonjs+fake-timers@13.0.5/node_modules/@sinonjs/fake-timers/src/fake-timers-src.js:1494:20)
      at Object.tick (node_modules/.pnpm/@sinonjs+fake-timers@13.0.5/node_modules/@sinonjs/fake-timers/src/fake-timers-src.js:1502:20)
      at Object.runToLast (node_modules/.pnpm/@sinonjs+fake-timers@13.0.5/node_modules/@sinonjs/fake-timers/src/fake-timers-src.js:1661:26)
      at FakeTimers.runOnlyPendingTimers (node_modules/.pnpm/@jest+fake-timers@30.2.0/node_modules/@jest/fake-timers/build/index.js:542:19)
      at Object.runOnlyPendingTimers (src/hooks/__tests__/useSessionCheck.test.ts:45:10)

    console.error
      An update to TestComponent inside a test was not wrapped in act(...).
      
      When testing, code that causes React state updates should be wrapped into act(...):
      
      act(() => {
        /* fire events that update state */
      });
      /* assert on the output */
      
      This ensures that you're testing the behavior the user would see in the browser. Learn more at https://react.dev/link/wrap-tests-with-act

    [0m [90m 373 |[39m       [36mreturn[39m[33m;[39m
     [90m 374 |[39m     }
    [31m[1m>[22m[39m[90m 375 |[39m     originalError[33m.[39mcall(console[33m,[39m [33m...[39margs)[33m;[39m
     [90m     |[39m                   [31m[1m^[22m[39m
     [90m 376 |[39m   }[33m;[39m
     [90m 377 |[39m })[33m;[39m
     [90m 378 |[39m[0m

      at console.call [as error] (jest.setup.js:375:19)
      at node_modules/.pnpm/react-dom@19.2.0_react@19.2.0/node_modules/react-dom/cjs/react-dom-client.development.js:18758:19
      at runWithFiberInDEV (node_modules/.pnpm/react-dom@19.2.0_react@19.2.0/node_modules/react-dom/cjs/react-dom-client.development.js:874:13)
      at warnIfUpdatesNotWrappedWithActDEV (node_modules/.pnpm/react-dom@19.2.0_react@19.2.0/node_modules/react-dom/cjs/react-dom-client.development.js:18757:9)
      at scheduleUpdateOnFiber (node_modules/.pnpm/react-dom@19.2.0_react@19.2.0/node_modules/react-dom/cjs/react-dom-client.development.js:16409:11)
      at dispatchSetStateInternal (node_modules/.pnpm/react-dom@19.2.0_react@19.2.0/node_modules/react-dom/cjs/react-dom-client.development.js:9170:13)
      at dispatchSetState (node_modules/.pnpm/react-dom@19.2.0_react@19.2.0/node_modules/react-dom/cjs/react-dom-client.development.js:9127:7)
      at setError (src/hooks/useSessionCheck.ts:66:7)

    console.error
      Session check error: TypeError: Cannot read properties of undefined (reading 'remainingMinutes')
          at remainingMinutes (D:\Repositories\meepleai-monorepo\apps\web\src\hooks\useSessionCheck.ts:53:34)

    [0m [90m 373 |[39m       [36mreturn[39m[33m;[39m
     [90m 374 |[39m     }
    [31m[1m>[22m[39m[90m 375 |[39m     originalError[33m.[39mcall(console[33m,[39m [33m...[39margs)[33m;[39m
     [90m     |[39m                   [31m[1m^[22m[39m
     [90m 376 |[39m   }[33m;[39m
     [90m 377 |[39m })[33m;[39m
     [90m 378 |[39m[0m

      at console.call [as error] (jest.setup.js:375:19)
      at error (src/hooks/useSessionCheck.ts:67:15)

    console.error
      An update to TestComponent inside a test was not wrapped in act(...).
      
      When testing, code that causes React state updates should be wrapped into act(...):
      
      act(() => {
        /* fire events that update state */
      });
      /* assert on the output */
      
      This ensures that you're testing the behavior the user would see in the browser. Learn more at https://react.dev/link/wrap-tests-with-act

    [0m [90m 373 |[39m       [36mreturn[39m[33m;[39m
     [90m 374 |[39m     }
    [31m[1m>[22m[39m[90m 375 |[39m     originalError[33m.[39mcall(console[33m,[39m [33m...[39margs)[33m;[39m
     [90m     |[39m                   [31m[1m^[22m[39m
     [90m 376 |[39m   }[33m;[39m
     [90m 377 |[39m })[33m;[39m
     [90m 378 |[39m[0m

      at console.call [as error] (jest.setup.js:375:19)
      at node_modules/.pnpm/react-dom@19.2.0_react@19.2.0/node_modules/react-dom/cjs/react-dom-client.development.js:18758:19
      at runWithFiberInDEV (node_modules/.pnpm/react-dom@19.2.0_react@19.2.0/node_modules/react-dom/cjs/react-dom-client.development.js:874:13)
      at warnIfUpdatesNotWrappedWithActDEV (node_modules/.pnpm/react-dom@19.2.0_react@19.2.0/node_modules/react-dom/cjs/react-dom-client.development.js:18757:9)
      at scheduleUpdateOnFiber (node_modules/.pnpm/react-dom@19.2.0_react@19.2.0/node_modules/react-dom/cjs/react-dom-client.development.js:16409:11)
      at dispatchSetStateInternal (node_modules/.pnpm/react-dom@19.2.0_react@19.2.0/node_modules/react-dom/cjs/react-dom-client.development.js:9170:13)
      at dispatchSetState (node_modules/.pnpm/react-dom@19.2.0_react@19.2.0/node_modules/react-dom/cjs/react-dom-client.development.js:9127:7)
      at setIsChecking (src/hooks/useSessionCheck.ts:69:7)

    console.error
      An update to TestComponent inside a test was not wrapped in act(...).
      
      When testing, code that causes React state updates should be wrapped into act(...):
      
      act(() => {
        /* fire events that update state */
      });
      /* assert on the output */
      
      This ensures that you're testing the behavior the user would see in the browser. Learn more at https://react.dev/link/wrap-tests-with-act

    [0m [90m 373 |[39m       [36mreturn[39m[33m;[39m
     [90m 374 |[39m     }
    [31m[1m>[22m[39m[90m 375 |[39m     originalError[33m.[39mcall(console[33m,[39m [33m...[39margs)[33m;[39m
     [90m     |[39m                   [31m[1m^[22m[39m
     [90m 376 |[39m   }[33m;[39m
     [90m 377 |[39m })[33m;[39m
     [90m 378 |[39m[0m

      at console.call [as error] (jest.setup.js:375:19)
      at node_modules/.pnpm/react-dom@19.2.0_react@19.2.0/node_modules/react-dom/cjs/react-dom-client.development.js:18758:19
      at runWithFiberInDEV (node_modules/.pnpm/react-dom@19.2.0_react@19.2.0/node_modules/react-dom/cjs/react-dom-client.development.js:874:13)
      at warnIfUpdatesNotWrappedWithActDEV (node_modules/.pnpm/react-dom@19.2.0_react@19.2.0/node_modules/react-dom/cjs/react-dom-client.development.js:18757:9)
      at scheduleUpdateOnFiber (node_modules/.pnpm/react-dom@19.2.0_react@19.2.0/node_modules/react-dom/cjs/react-dom-client.development.js:16409:11)
      at dispatchSetStateInternal (node_modules/.pnpm/react-dom@19.2.0_react@19.2.0/node_modules/react-dom/cjs/react-dom-client.development.js:9170:13)
      at dispatchSetState (node_modules/.pnpm/react-dom@19.2.0_react@19.2.0/node_modules/react-dom/cjs/react-dom-client.development.js:9127:7)
      at setIsChecking (src/hooks/useSessionCheck.ts:41:7)
      at callTimer (node_modules/.pnpm/@sinonjs+fake-timers@13.0.5/node_modules/@sinonjs/fake-timers/src/fake-timers-src.js:806:24)
      at doTickInner (node_modules/.pnpm/@sinonjs+fake-timers@13.0.5/node_modules/@sinonjs/fake-timers/src/fake-timers-src.js:1413:29)
      at doTick (node_modules/.pnpm/@sinonjs+fake-timers@13.0.5/node_modules/@sinonjs/fake-timers/src/fake-timers-src.js:1494:20)
      at Object.tick (node_modules/.pnpm/@sinonjs+fake-timers@13.0.5/node_modules/@sinonjs/fake-timers/src/fake-timers-src.js:1502:20)
      at Object.runToLast (node_modules/.pnpm/@sinonjs+fake-timers@13.0.5/node_modules/@sinonjs/fake-timers/src/fake-timers-src.js:1661:26)
      at FakeTimers.runOnlyPendingTimers (node_modules/.pnpm/@jest+fake-timers@30.2.0/node_modules/@jest/fake-timers/build/index.js:542:19)
      at Object.runOnlyPendingTimers (src/hooks/__tests__/useSessionCheck.test.ts:45:10)

    console.error
      An update to TestComponent inside a test was not wrapped in act(...).
      
      When testing, code that causes React state updates should be wrapped into act(...):
      
      act(() => {
        /* fire events that update state */
      });
      /* assert on the output */
      
      This ensures that you're testing the behavior the user would see in the browser. Learn more at https://react.dev/link/wrap-tests-with-act

    [0m [90m 373 |[39m       [36mreturn[39m[33m;[39m
     [90m 374 |[39m     }
    [31m[1m>[22m[39m[90m 375 |[39m     originalError[33m.[39mcall(console[33m,[39m [33m...[39margs)[33m;[39m
     [90m     |[39m                   [31m[1m^[22m[39m
     [90m 376 |[39m   }[33m;[39m
     [90m 377 |[39m })[33m;[39m
     [90m 378 |[39m[0m

      at console.call [as error] (jest.setup.js:375:19)
      at node_modules/.pnpm/react-dom@19.2.0_react@19.2.0/node_modules/react-dom/cjs/react-dom-client.development.js:18758:19
      at runWithFiberInDEV (node_modules/.pnpm/react-dom@19.2.0_react@19.2.0/node_modules/react-dom/cjs/react-dom-client.development.js:874:13)
      at warnIfUpdatesNotWrappedWithActDEV (node_modules/.pnpm/react-dom@19.2.0_react@19.2.0/node_modules/react-dom/cjs/react-dom-client.development.js:18757:9)
      at scheduleUpdateOnFiber (node_modules/.pnpm/react-dom@19.2.0_react@19.2.0/node_modules/react-dom/cjs/react-dom-client.development.js:16409:11)
      at dispatchSetStateInternal (node_modules/.pnpm/react-dom@19.2.0_react@19.2.0/node_modules/react-dom/cjs/react-dom-client.development.js:9170:13)
      at dispatchSetState (node_modules/.pnpm/react-dom@19.2.0_react@19.2.0/node_modules/react-dom/cjs/react-dom-client.development.js:9127:7)
      at setError (src/hooks/useSessionCheck.ts:42:7)
      at callTimer (node_modules/.pnpm/@sinonjs+fake-timers@13.0.5/node_modules/@sinonjs/fake-timers/src/fake-timers-src.js:806:24)
      at doTickInner (node_modules/.pnpm/@sinonjs+fake-timers@13.0.5/node_modules/@sinonjs/fake-timers/src/fake-timers-src.js:1413:29)
      at doTick (node_modules/.pnpm/@sinonjs+fake-timers@13.0.5/node_modules/@sinonjs/fake-timers/src/fake-timers-src.js:1494:20)
      at Object.tick (node_modules/.pnpm/@sinonjs+fake-timers@13.0.5/node_modules/@sinonjs/fake-timers/src/fake-timers-src.js:1502:20)
      at Object.runToLast (node_modules/.pnpm/@sinonjs+fake-timers@13.0.5/node_modules/@sinonjs/fake-timers/src/fake-timers-src.js:1661:26)
      at FakeTimers.runOnlyPendingTimers (node_modules/.pnpm/@jest+fake-timers@30.2.0/node_modules/@jest/fake-timers/build/index.js:542:19)
      at Object.runOnlyPendingTimers (src/hooks/__tests__/useSessionCheck.test.ts:45:10)

    console.error
      An update to TestComponent inside a test was not wrapped in act(...).
      
      When testing, code that causes React state updates should be wrapped into act(...):
      
      act(() => {
        /* fire events that update state */
      });
      /* assert on the output */
      
      This ensures that you're testing the behavior the user would see in the browser. Learn more at https://react.dev/link/wrap-tests-with-act

    [0m [90m 373 |[39m       [36mreturn[39m[33m;[39m
     [90m 374 |[39m     }
    [31m[1m>[22m[39m[90m 375 |[39m     originalError[33m.[39mcall(console[33m,[39m [33m...[39margs)[33m;[39m
     [90m     |[39m                   [31m[1m^[22m[39m
     [90m 376 |[39m   }[33m;[39m
     [90m 377 |[39m })[33m;[39m
     [90m 378 |[39m[0m

      at console.call [as error] (jest.setup.js:375:19)
      at node_modules/.pnpm/react-dom@19.2.0_react@19.2.0/node_modules/react-dom/cjs/react-dom-client.development.js:18758:19
      at runWithFiberInDEV (node_modules/.pnpm/react-dom@19.2.0_react@19.2.0/node_modules/react-dom/cjs/react-dom-client.development.js:874:13)
      at warnIfUpdatesNotWrappedWithActDEV (node_modules/.pnpm/react-dom@19.2.0_react@19.2.0/node_modules/react-dom/cjs/react-dom-client.development.js:18757:9)
      at scheduleUpdateOnFiber (node_modules/.pnpm/react-dom@19.2.0_react@19.2.0/node_modules/react-dom/cjs/react-dom-client.development.js:16409:11)
      at dispatchSetStateInternal (node_modules/.pnpm/react-dom@19.2.0_react@19.2.0/node_modules/react-dom/cjs/react-dom-client.development.js:9170:13)
      at dispatchSetState (node_modules/.pnpm/react-dom@19.2.0_react@19.2.0/node_modules/react-dom/cjs/react-dom-client.development.js:9127:7)
      at setError (src/hooks/useSessionCheck.ts:66:7)

    console.error
      Session check error: TypeError: Cannot read properties of undefined (reading 'remainingMinutes')
          at remainingMinutes (D:\Repositories\meepleai-monorepo\apps\web\src\hooks\useSessionCheck.ts:53:34)

    [0m [90m 373 |[39m       [36mreturn[39m[33m;[39m
     [90m 374 |[39m     }
    [31m[1m>[22m[39m[90m 375 |[39m     originalError[33m.[39mcall(console[33m,[39m [33m...[39margs)[33m;[39m
     [90m     |[39m                   [31m[1m^[22m[39m
     [90m 376 |[39m   }[33m;[39m
     [90m 377 |[39m })[33m;[39m
     [90m 378 |[39m[0m

      at console.call [as error] (jest.setup.js:375:19)
      at error (src/hooks/useSessionCheck.ts:67:15)

    console.error
      An update to TestComponent inside a test was not wrapped in act(...).
      
      When testing, code that causes React state updates should be wrapped into act(...):
      
      act(() => {
        /* fire events that update state */
      });
      /* assert on the output */
      
      This ensures that you're testing the behavior the user would see in the browser. Learn more at https://react.dev/link/wrap-tests-with-act

    [0m [90m 373 |[39m       [36mreturn[39m[33m;[39m
     [90m 374 |[39m     }
    [31m[1m>[22m[39m[90m 375 |[39m     originalError[33m.[39mcall(console[33m,[39m [33m...[39margs)[33m;[39m
     [90m     |[39m                   [31m[1m^[22m[39m
     [90m 376 |[39m   }[33m;[39m
     [90m 377 |[39m })[33m;[39m
     [90m 378 |[39m[0m

      at console.call [as error] (jest.setup.js:375:19)
      at node_modules/.pnpm/react-dom@19.2.0_react@19.2.0/node_modules/react-dom/cjs/react-dom-client.development.js:18758:19
      at runWithFiberInDEV (node_modules/.pnpm/react-dom@19.2.0_react@19.2.0/node_modules/react-dom/cjs/react-dom-client.development.js:874:13)
      at warnIfUpdatesNotWrappedWithActDEV (node_modules/.pnpm/react-dom@19.2.0_react@19.2.0/node_modules/react-dom/cjs/react-dom-client.development.js:18757:9)
      at scheduleUpdateOnFiber (node_modules/.pnpm/react-dom@19.2.0_react@19.2.0/node_modules/react-dom/cjs/react-dom-client.development.js:16409:11)
      at dispatchSetStateInternal (node_modules/.pnpm/react-dom@19.2.0_react@19.2.0/node_modules/react-dom/cjs/react-dom-client.development.js:9170:13)
      at dispatchSetState (node_modules/.pnpm/react-dom@19.2.0_react@19.2.0/node_modules/react-dom/cjs/react-dom-client.development.js:9127:7)
      at setIsChecking (src/hooks/useSessionCheck.ts:69:7)

    console.error
      An update to TestComponent inside a test was not wrapped in act(...).
      
      When testing, code that causes React state updates should be wrapped into act(...):
      
      act(() => {
        /* fire events that update state */
      });
      /* assert on the output */
      
      This ensures that you're testing the behavior the user would see in the browser. Learn more at https://react.dev/link/wrap-tests-with-act

    [0m [90m 373 |[39m       [36mreturn[39m[33m;[39m
     [90m 374 |[39m     }
    [31m[1m>[22m[39m[90m 375 |[39m     originalError[33m.[39mcall(console[33m,[39m [33m...[39margs)[33m;[39m
     [90m     |[39m                   [31m[1m^[22m[39m
     [90m 376 |[39m   }[33m;[39m
     [90m 377 |[39m })[33m;[39m
     [90m 378 |[39m[0m

      at console.call [as error] (jest.setup.js:375:19)
      at node_modules/.pnpm/react-dom@19.2.0_react@19.2.0/node_modules/react-dom/cjs/react-dom-client.development.js:18758:19
      at runWithFiberInDEV (node_modules/.pnpm/react-dom@19.2.0_react@19.2.0/node_modules/react-dom/cjs/react-dom-client.development.js:874:13)
      at warnIfUpdatesNotWrappedWithActDEV (node_modules/.pnpm/react-dom@19.2.0_react@19.2.0/node_modules/react-dom/cjs/react-dom-client.development.js:18757:9)
      at scheduleUpdateOnFiber (node_modules/.pnpm/react-dom@19.2.0_react@19.2.0/node_modules/react-dom/cjs/react-dom-client.development.js:16409:11)
      at dispatchSetStateInternal (node_modules/.pnpm/react-dom@19.2.0_react@19.2.0/node_modules/react-dom/cjs/react-dom-client.development.js:9170:13)
      at dispatchSetState (node_modules/.pnpm/react-dom@19.2.0_react@19.2.0/node_modules/react-dom/cjs/react-dom-client.development.js:9127:7)
      at setIsChecking (src/hooks/useSessionCheck.ts:41:7)
      at callTimer (node_modules/.pnpm/@sinonjs+fake-timers@13.0.5/node_modules/@sinonjs/fake-timers/src/fake-timers-src.js:806:24)
      at doTickInner (node_modules/.pnpm/@sinonjs+fake-timers@13.0.5/node_modules/@sinonjs/fake-timers/src/fake-timers-src.js:1413:29)
      at doTick (node_modules/.pnpm/@sinonjs+fake-timers@13.0.5/node_modules/@sinonjs/fake-timers/src/fake-timers-src.js:1494:20)
      at Object.tick (node_modules/.pnpm/@sinonjs+fake-timers@13.0.5/node_modules/@sinonjs/fake-timers/src/fake-timers-src.js:1502:20)
      at Object.runToLast (node_modules/.pnpm/@sinonjs+fake-timers@13.0.5/node_modules/@sinonjs/fake-timers/src/fake-timers-src.js:1661:26)
      at FakeTimers.runOnlyPendingTimers (node_modules/.pnpm/@jest+fake-timers@30.2.0/node_modules/@jest/fake-timers/build/index.js:542:19)
      at Object.runOnlyPendingTimers (src/hooks/__tests__/useSessionCheck.test.ts:45:10)

    console.error
      An update to TestComponent inside a test was not wrapped in act(...).
      
      When testing, code that causes React state updates should be wrapped into act(...):
      
      act(() => {
        /* fire events that update state */
      });
      /* assert on the output */
      
      This ensures that you're testing the behavior the user would see in the browser. Learn more at https://react.dev/link/wrap-tests-with-act

    [0m [90m 373 |[39m       [36mreturn[39m[33m;[39m
     [90m 374 |[39m     }
    [31m[1m>[22m[39m[90m 375 |[39m     originalError[33m.[39mcall(console[33m,[39m [33m...[39margs)[33m;[39m
     [90m     |[39m                   [31m[1m^[22m[39m
     [90m 376 |[39m   }[33m;[39m
     [90m 377 |[39m })[33m;[39m
     [90m 378 |[39m[0m

      at console.call [as error] (jest.setup.js:375:19)
      at node_modules/.pnpm/react-dom@19.2.0_react@19.2.0/node_modules/react-dom/cjs/react-dom-client.development.js:18758:19
      at runWithFiberInDEV (node_modules/.pnpm/react-dom@19.2.0_react@19.2.0/node_modules/react-dom/cjs/react-dom-client.development.js:874:13)
      at warnIfUpdatesNotWrappedWithActDEV (node_modules/.pnpm/react-dom@19.2.0_react@19.2.0/node_modules/react-dom/cjs/react-dom-client.development.js:18757:9)
      at scheduleUpdateOnFiber (node_modules/.pnpm/react-dom@19.2.0_react@19.2.0/node_modules/react-dom/cjs/react-dom-client.development.js:16409:11)
      at dispatchSetStateInternal (node_modules/.pnpm/react-dom@19.2.0_react@19.2.0/node_modules/react-dom/cjs/react-dom-client.development.js:9170:13)
      at dispatchSetState (node_modules/.pnpm/react-dom@19.2.0_react@19.2.0/node_modules/react-dom/cjs/react-dom-client.development.js:9127:7)
      at setError (src/hooks/useSessionCheck.ts:42:7)
      at callTimer (node_modules/.pnpm/@sinonjs+fake-timers@13.0.5/node_modules/@sinonjs/fake-timers/src/fake-timers-src.js:806:24)
      at doTickInner (node_modules/.pnpm/@sinonjs+fake-timers@13.0.5/node_modules/@sinonjs/fake-timers/src/fake-timers-src.js:1413:29)
      at doTick (node_modules/.pnpm/@sinonjs+fake-timers@13.0.5/node_modules/@sinonjs/fake-timers/src/fake-timers-src.js:1494:20)
      at Object.tick (node_modules/.pnpm/@sinonjs+fake-timers@13.0.5/node_modules/@sinonjs/fake-timers/src/fake-timers-src.js:1502:20)
      at Object.runToLast (node_modules/.pnpm/@sinonjs+fake-timers@13.0.5/node_modules/@sinonjs/fake-timers/src/fake-timers-src.js:1661:26)
      at FakeTimers.runOnlyPendingTimers (node_modules/.pnpm/@jest+fake-timers@30.2.0/node_modules/@jest/fake-timers/build/index.js:542:19)
      at Object.runOnlyPendingTimers (src/hooks/__tests__/useSessionCheck.test.ts:45:10)

    console.error
      An update to TestComponent inside a test was not wrapped in act(...).
      
      When testing, code that causes React state updates should be wrapped into act(...):
      
      act(() => {
        /* fire events that update state */
      });
      /* assert on the output */
      
      This ensures that you're testing the behavior the user would see in the browser. Learn more at https://react.dev/link/wrap-tests-with-act

    [0m [90m 373 |[39m       [36mreturn[39m[33m;[39m
     [90m 374 |[39m     }
    [31m[1m>[22m[39m[90m 375 |[39m     originalError[33m.[39mcall(console[33m,[39m [33m...[39margs)[33m;[39m
     [90m     |[39m                   [31m[1m^[22m[39m
     [90m 376 |[39m   }[33m;[39m
     [90m 377 |[39m })[33m;[39m
     [90m 378 |[39m[0m

      at console.call [as error] (jest.setup.js:375:19)
      at node_modules/.pnpm/react-dom@19.2.0_react@19.2.0/node_modules/react-dom/cjs/react-dom-client.development.js:18758:19
      at runWithFiberInDEV (node_modules/.pnpm/react-dom@19.2.0_react@19.2.0/node_modules/react-dom/cjs/react-dom-client.development.js:874:13)
      at warnIfUpdatesNotWrappedWithActDEV (node_modules/.pnpm/react-dom@19.2.0_react@19.2.0/node_modules/react-dom/cjs/react-dom-client.development.js:18757:9)
      at scheduleUpdateOnFiber (node_modules/.pnpm/react-dom@19.2.0_react@19.2.0/node_modules/react-dom/cjs/react-dom-client.development.js:16409:11)
      at dispatchSetStateInternal (node_modules/.pnpm/react-dom@19.2.0_react@19.2.0/node_modules/react-dom/cjs/react-dom-client.development.js:9170:13)
      at dispatchSetState (node_modules/.pnpm/react-dom@19.2.0_react@19.2.0/node_modules/react-dom/cjs/react-dom-client.development.js:9127:7)
      at setError (src/hooks/useSessionCheck.ts:66:7)

    console.error
      Session check error: TypeError: Cannot read properties of undefined (reading 'remainingMinutes')
          at remainingMinutes (D:\Repositories\meepleai-monorepo\apps\web\src\hooks\useSessionCheck.ts:53:34)

    [0m [90m 373 |[39m       [36mreturn[39m[33m;[39m
     [90m 374 |[39m     }
    [31m[1m>[22m[39m[90m 375 |[39m     originalError[33m.[39mcall(console[33m,[39m [33m...[39margs)[33m;[39m
     [90m     |[39m                   [31m[1m^[22m[39m
     [90m 376 |[39m   }[33m;[39m
     [90m 377 |[39m })[33m;[39m
     [90m 378 |[39m[0m

      at console.call [as error] (jest.setup.js:375:19)
      at error (src/hooks/useSessionCheck.ts:67:15)

    console.error
      An update to TestComponent inside a test was not wrapped in act(...).
      
      When testing, code that causes React state updates should be wrapped into act(...):
      
      act(() => {
        /* fire events that update state */
      });
      /* assert on the output */
      
      This ensures that you're testing the behavior the user would see in the browser. Learn more at https://react.dev/link/wrap-tests-with-act

    [0m [90m 373 |[39m       [36mreturn[39m[33m;[39m
     [90m 374 |[39m     }
    [31m[1m>[22m[39m[90m 375 |[39m     originalError[33m.[39mcall(console[33m,[39m [33m...[39margs)[33m;[39m
     [90m     |[39m                   [31m[1m^[22m[39m
     [90m 376 |[39m   }[33m;[39m
     [90m 377 |[39m })[33m;[39m
     [90m 378 |[39m[0m

      at console.call [as error] (jest.setup.js:375:19)
      at node_modules/.pnpm/react-dom@19.2.0_react@19.2.0/node_modules/react-dom/cjs/react-dom-client.development.js:18758:19
      at runWithFiberInDEV (node_modules/.pnpm/react-dom@19.2.0_react@19.2.0/node_modules/react-dom/cjs/react-dom-client.development.js:874:13)
      at warnIfUpdatesNotWrappedWithActDEV (node_modules/.pnpm/react-dom@19.2.0_react@19.2.0/node_modules/react-dom/cjs/react-dom-client.development.js:18757:9)
      at scheduleUpdateOnFiber (node_modules/.pnpm/react-dom@19.2.0_react@19.2.0/node_modules/react-dom/cjs/react-dom-client.development.js:16409:11)
      at dispatchSetStateInternal (node_modules/.pnpm/react-dom@19.2.0_react@19.2.0/node_modules/react-dom/cjs/react-dom-client.development.js:9170:13)
      at dispatchSetState (node_modules/.pnpm/react-dom@19.2.0_react@19.2.0/node_modules/react-dom/cjs/react-dom-client.development.js:9127:7)
      at setIsChecking (src/hooks/useSessionCheck.ts:69:7)

    console.error
      An update to TestComponent inside a test was not wrapped in act(...).
      
      When testing, code that causes React state updates should be wrapped into act(...):
      
      act(() => {
        /* fire events that update state */
      });
      /* assert on the output */
      
      This ensures that you're testing the behavior the user would see in the browser. Learn more at https://react.dev/link/wrap-tests-with-act

    [0m [90m 373 |[39m       [36mreturn[39m[33m;[39m
     [90m 374 |[39m     }
    [31m[1m>[22m[39m[90m 375 |[39m     originalError[33m.[39mcall(console[33m,[39m [33m...[39margs)[33m;[39m
     [90m     |[39m                   [31m[1m^[22m[39m
     [90m 376 |[39m   }[33m;[39m
     [90m 377 |[39m })[33m;[39m
     [90m 378 |[39m[0m

      at console.call [as error] (jest.setup.js:375:19)
      at node_modules/.pnpm/react-dom@19.2.0_react@19.2.0/node_modules/react-dom/cjs/react-dom-client.development.js:18758:19
      at runWithFiberInDEV (node_modules/.pnpm/react-dom@19.2.0_react@19.2.0/node_modules/react-dom/cjs/react-dom-client.development.js:874:13)
      at warnIfUpdatesNotWrappedWithActDEV (node_modules/.pnpm/react-dom@19.2.0_react@19.2.0/node_modules/react-dom/cjs/react-dom-client.development.js:18757:9)
      at scheduleUpdateOnFiber (node_modules/.pnpm/react-dom@19.2.0_react@19.2.0/node_modules/react-dom/cjs/react-dom-client.development.js:16409:11)
      at dispatchSetStateInternal (node_modules/.pnpm/react-dom@19.2.0_react@19.2.0/node_modules/react-dom/cjs/react-dom-client.development.js:9170:13)
      at dispatchSetState (node_modules/.pnpm/react-dom@19.2.0_react@19.2.0/node_modules/react-dom/cjs/react-dom-client.development.js:9127:7)
      at setIsChecking (src/hooks/useSessionCheck.ts:41:7)
      at callTimer (node_modules/.pnpm/@sinonjs+fake-timers@13.0.5/node_modules/@sinonjs/fake-timers/src/fake-timers-src.js:806:24)
      at doTickInner (node_modules/.pnpm/@sinonjs+fake-timers@13.0.5/node_modules/@sinonjs/fake-timers/src/fake-timers-src.js:1413:29)
      at doTick (node_modules/.pnpm/@sinonjs+fake-timers@13.0.5/node_modules/@sinonjs/fake-timers/src/fake-timers-src.js:1494:20)
      at Object.tick (node_modules/.pnpm/@sinonjs+fake-timers@13.0.5/node_modules/@sinonjs/fake-timers/src/fake-timers-src.js:1502:20)
      at Object.runToLast (node_modules/.pnpm/@sinonjs+fake-timers@13.0.5/node_modules/@sinonjs/fake-timers/src/fake-timers-src.js:1661:26)
      at FakeTimers.runOnlyPendingTimers (node_modules/.pnpm/@jest+fake-timers@30.2.0/node_modules/@jest/fake-timers/build/index.js:542:19)
      at Object.runOnlyPendingTimers (src/hooks/__tests__/useSessionCheck.test.ts:45:10)

    console.error
      An update to TestComponent inside a test was not wrapped in act(...).
      
      When testing, code that causes React state updates should be wrapped into act(...):
      
      act(() => {
        /* fire events that update state */
      });
      /* assert on the output */
      
      This ensures that you're testing the behavior the user would see in the browser. Learn more at https://react.dev/link/wrap-tests-with-act

    [0m [90m 373 |[39m       [36mreturn[39m[33m;[39m
     [90m 374 |[39m     }
    [31m[1m>[22m[39m[90m 375 |[39m     originalError[33m.[39mcall(console[33m,[39m [33m...[39margs)[33m;[39m
     [90m     |[39m                   [31m[1m^[22m[39m
     [90m 376 |[39m   }[33m;[39m
     [90m 377 |[39m })[33m;[39m
     [90m 378 |[39m[0m

      at console.call [as error] (jest.setup.js:375:19)
      at node_modules/.pnpm/react-dom@19.2.0_react@19.2.0/node_modules/react-dom/cjs/react-dom-client.development.js:18758:19
      at runWithFiberInDEV (node_modules/.pnpm/react-dom@19.2.0_react@19.2.0/node_modules/react-dom/cjs/react-dom-client.development.js:874:13)
      at warnIfUpdatesNotWrappedWithActDEV (node_modules/.pnpm/react-dom@19.2.0_react@19.2.0/node_modules/react-dom/cjs/react-dom-client.development.js:18757:9)
      at scheduleUpdateOnFiber (node_modules/.pnpm/react-dom@19.2.0_react@19.2.0/node_modules/react-dom/cjs/react-dom-client.development.js:16409:11)
      at dispatchSetStateInternal (node_modules/.pnpm/react-dom@19.2.0_react@19.2.0/node_modules/react-dom/cjs/react-dom-client.development.js:9170:13)
      at dispatchSetState (node_modules/.pnpm/react-dom@19.2.0_react@19.2.0/node_modules/react-dom/cjs/react-dom-client.development.js:9127:7)
      at setError (src/hooks/useSessionCheck.ts:42:7)
      at callTimer (node_modules/.pnpm/@sinonjs+fake-timers@13.0.5/node_modules/@sinonjs/fake-timers/src/fake-timers-src.js:806:24)
      at doTickInner (node_modules/.pnpm/@sinonjs+fake-timers@13.0.5/node_modules/@sinonjs/fake-timers/src/fake-timers-src.js:1413:29)
      at doTick (node_modules/.pnpm/@sinonjs+fake-timers@13.0.5/node_modules/@sinonjs/fake-timers/src/fake-timers-src.js:1494:20)
      at Object.tick (node_modules/.pnpm/@sinonjs+fake-timers@13.0.5/node_modules/@sinonjs/fake-timers/src/fake-timers-src.js:1502:20)
      at Object.runToLast (node_modules/.pnpm/@sinonjs+fake-timers@13.0.5/node_modules/@sinonjs/fake-timers/src/fake-timers-src.js:1661:26)
      at FakeTimers.runOnlyPendingTimers (node_modules/.pnpm/@jest+fake-timers@30.2.0/node_modules/@jest/fake-timers/build/index.js:542:19)
      at Object.runOnlyPendingTimers (src/hooks/__tests__/useSessionCheck.test.ts:45:10)

    console.error
      An update to TestComponent inside a test was not wrapped in act(...).
      
      When testing, code that causes React state updates should be wrapped into act(...):
      
      act(() => {
        /* fire events that update state */
      });
      /* assert on the output */
      
      This ensures that you're testing the behavior the user would see in the browser. Learn more at https://react.dev/link/wrap-tests-with-act

    [0m [90m 373 |[39m       [36mreturn[39m[33m;[39m
     [90m 374 |[39m     }
    [31m[1m>[22m[39m[90m 375 |[39m     originalError[33m.[39mcall(console[33m,[39m [33m...[39margs)[33m;[39m
     [90m     |[39m                   [31m[1m^[22m[39m
     [90m 376 |[39m   }[33m;[39m
     [90m 377 |[39m })[33m;[39m
     [90m 378 |[39m[0m

      at console.call [as error] (jest.setup.js:375:19)
      at node_modules/.pnpm/react-dom@19.2.0_react@19.2.0/node_modules/react-dom/cjs/react-dom-client.development.js:18758:19
      at runWithFiberInDEV (node_modules/.pnpm/react-dom@19.2.0_react@19.2.0/node_modules/react-dom/cjs/react-dom-client.development.js:874:13)
      at warnIfUpdatesNotWrappedWithActDEV (node_modules/.pnpm/react-dom@19.2.0_react@19.2.0/node_modules/react-dom/cjs/react-dom-client.development.js:18757:9)
      at scheduleUpdateOnFiber (node_modules/.pnpm/react-dom@19.2.0_react@19.2.0/node_modules/react-dom/cjs/react-dom-client.development.js:16409:11)
      at dispatchSetStateInternal (node_modules/.pnpm/react-dom@19.2.0_react@19.2.0/node_modules/react-dom/cjs/react-dom-client.development.js:9170:13)
      at dispatchSetState (node_modules/.pnpm/react-dom@19.2.0_react@19.2.0/node_modules/react-dom/cjs/react-dom-client.development.js:9127:7)
      at setError (src/hooks/useSessionCheck.ts:66:7)

    console.error
      Session check error: TypeError: Cannot read properties of undefined (reading 'remainingMinutes')
          at remainingMinutes (D:\Repositories\meepleai-monorepo\apps\web\src\hooks\useSessionCheck.ts:53:34)

    [0m [90m 373 |[39m       [36mreturn[39m[33m;[39m
     [90m 374 |[39m     }
    [31m[1m>[22m[39m[90m 375 |[39m     originalError[33m.[39mcall(console[33m,[39m [33m...[39margs)[33m;[39m
     [90m     |[39m                   [31m[1m^[22m[39m
     [90m 376 |[39m   }[33m;[39m
     [90m 377 |[39m })[33m;[39m
     [90m 378 |[39m[0m

      at console.call [as error] (jest.setup.js:375:19)
      at error (src/hooks/useSessionCheck.ts:67:15)

    console.error
      An update to TestComponent inside a test was not wrapped in act(...).
      
      When testing, code that causes React state updates should be wrapped into act(...):
      
      act(() => {
        /* fire events that update state */
      });
      /* assert on the output */
      
      This ensures that you're testing the behavior the user would see in the browser. Learn more at https://react.dev/link/wrap-tests-with-act

    [0m [90m 373 |[39m       [36mreturn[39m[33m;[39m
     [90m 374 |[39m     }
    [31m[1m>[22m[39m[90m 375 |[39m     originalError[33m.[39mcall(console[33m,[39m [33m...[39margs)[33m;[39m
     [90m     |[39m                   [31m[1m^[22m[39m
     [90m 376 |[39m   }[33m;[39m
     [90m 377 |[39m })[33m;[39m
     [90m 378 |[39m[0m

      at console.call [as error] (jest.setup.js:375:19)
      at node_modules/.pnpm/react-dom@19.2.0_react@19.2.0/node_modules/react-dom/cjs/react-dom-client.development.js:18758:19
      at runWithFiberInDEV (node_modules/.pnpm/react-dom@19.2.0_react@19.2.0/node_modules/react-dom/cjs/react-dom-client.development.js:874:13)
      at warnIfUpdatesNotWrappedWithActDEV (node_modules/.pnpm/react-dom@19.2.0_react@19.2.0/node_modules/react-dom/cjs/react-dom-client.development.js:18757:9)
      at scheduleUpdateOnFiber (node_modules/.pnpm/react-dom@19.2.0_react@19.2.0/node_modules/react-dom/cjs/react-dom-client.development.js:16409:11)
      at dispatchSetStateInternal (node_modules/.pnpm/react-dom@19.2.0_react@19.2.0/node_modules/react-dom/cjs/react-dom-client.development.js:9170:13)
      at dispatchSetState (node_modules/.pnpm/react-dom@19.2.0_react@19.2.0/node_modules/react-dom/cjs/react-dom-client.development.js:9127:7)
      at setIsChecking (src/hooks/useSessionCheck.ts:69:7)

    console.error
      An update to TestComponent inside a test was not wrapped in act(...).
      
      When testing, code that causes React state updates should be wrapped into act(...):
      
      act(() => {
        /* fire events that update state */
      });
      /* assert on the output */
      
      This ensures that you're testing the behavior the user would see in the browser. Learn more at https://react.dev/link/wrap-tests-with-act

    [0m [90m 373 |[39m       [36mreturn[39m[33m;[39m
     [90m 374 |[39m     }
    [31m[1m>[22m[39m[90m 375 |[39m     originalError[33m.[39mcall(console[33m,[39m [33m...[39margs)[33m;[39m
     [90m     |[39m                   [31m[1m^[22m[39m
     [90m 376 |[39m   }[33m;[39m
     [90m 377 |[39m })[33m;[39m
     [90m 378 |[39m[0m

      at console.call [as error] (jest.setup.js:375:19)
      at node_modules/.pnpm/react-dom@19.2.0_react@19.2.0/node_modules/react-dom/cjs/react-dom-client.development.js:18758:19
      at runWithFiberInDEV (node_modules/.pnpm/react-dom@19.2.0_react@19.2.0/node_modules/react-dom/cjs/react-dom-client.development.js:874:13)
      at warnIfUpdatesNotWrappedWithActDEV (node_modules/.pnpm/react-dom@19.2.0_react@19.2.0/node_modules/react-dom/cjs/react-dom-client.development.js:18757:9)
      at scheduleUpdateOnFiber (node_modules/.pnpm/react-dom@19.2.0_react@19.2.0/node_modules/react-dom/cjs/react-dom-client.development.js:16409:11)
      at dispatchSetStateInternal (node_modules/.pnpm/react-dom@19.2.0_react@19.2.0/node_modules/react-dom/cjs/react-dom-client.development.js:9170:13)
      at dispatchSetState (node_modules/.pnpm/react-dom@19.2.0_react@19.2.0/node_modules/react-dom/cjs/react-dom-client.development.js:9127:7)
      at setIsChecking (src/hooks/useSessionCheck.ts:41:7)
      at callTimer (node_modules/.pnpm/@sinonjs+fake-timers@13.0.5/node_modules/@sinonjs/fake-timers/src/fake-timers-src.js:806:24)
      at doTickInner (node_modules/.pnpm/@sinonjs+fake-timers@13.0.5/node_modules/@sinonjs/fake-timers/src/fake-timers-src.js:1413:29)
      at doTick (node_modules/.pnpm/@sinonjs+fake-timers@13.0.5/node_modules/@sinonjs/fake-timers/src/fake-timers-src.js:1494:20)
      at Object.tick (node_modules/.pnpm/@sinonjs+fake-timers@13.0.5/node_modules/@sinonjs/fake-timers/src/fake-timers-src.js:1502:20)
      at Object.runToLast (node_modules/.pnpm/@sinonjs+fake-timers@13.0.5/node_modules/@sinonjs/fake-timers/src/fake-timers-src.js:1661:26)
      at FakeTimers.runOnlyPendingTimers (node_modules/.pnpm/@jest+fake-timers@30.2.0/node_modules/@jest/fake-timers/build/index.js:542:19)
      at Object.runOnlyPendingTimers (src/hooks/__tests__/useSessionCheck.test.ts:45:10)

    console.error
      An update to TestComponent inside a test was not wrapped in act(...).
      
      When testing, code that causes React state updates should be wrapped into act(...):
      
      act(() => {
        /* fire events that update state */
      });
      /* assert on the output */
      
      This ensures that you're testing the behavior the user would see in the browser. Learn more at https://react.dev/link/wrap-tests-with-act

    [0m [90m 373 |[39m       [36mreturn[39m[33m;[39m
     [90m 374 |[39m     }
    [31m[1m>[22m[39m[90m 375 |[39m     originalError[33m.[39mcall(console[33m,[39m [33m...[39margs)[33m;[39m
     [90m     |[39m                   [31m[1m^[22m[39m
     [90m 376 |[39m   }[33m;[39m
     [90m 377 |[39m })[33m;[39m
     [90m 378 |[39m[0m

      at console.call [as error] (jest.setup.js:375:19)
      at node_modules/.pnpm/react-dom@19.2.0_react@19.2.0/node_modules/react-dom/cjs/react-dom-client.development.js:18758:19
      at runWithFiberInDEV (node_modules/.pnpm/react-dom@19.2.0_react@19.2.0/node_modules/react-dom/cjs/react-dom-client.development.js:874:13)
      at warnIfUpdatesNotWrappedWithActDEV (node_modules/.pnpm/react-dom@19.2.0_react@19.2.0/node_modules/react-dom/cjs/react-dom-client.development.js:18757:9)
      at scheduleUpdateOnFiber (node_modules/.pnpm/react-dom@19.2.0_react@19.2.0/node_modules/react-dom/cjs/react-dom-client.development.js:16409:11)
      at dispatchSetStateInternal (node_modules/.pnpm/react-dom@19.2.0_react@19.2.0/node_modules/react-dom/cjs/react-dom-client.development.js:9170:13)
      at dispatchSetState (node_modules/.pnpm/react-dom@19.2.0_react@19.2.0/node_modules/react-dom/cjs/react-dom-client.development.js:9127:7)
      at setError (src/hooks/useSessionCheck.ts:42:7)
      at callTimer (node_modules/.pnpm/@sinonjs+fake-timers@13.0.5/node_modules/@sinonjs/fake-timers/src/fake-timers-src.js:806:24)
      at doTickInner (node_modules/.pnpm/@sinonjs+fake-timers@13.0.5/node_modules/@sinonjs/fake-timers/src/fake-timers-src.js:1413:29)
      at doTick (node_modules/.pnpm/@sinonjs+fake-timers@13.0.5/node_modules/@sinonjs/fake-timers/src/fake-timers-src.js:1494:20)
      at Object.tick (node_modules/.pnpm/@sinonjs+fake-timers@13.0.5/node_modules/@sinonjs/fake-timers/src/fake-timers-src.js:1502:20)
      at Object.runToLast (node_modules/.pnpm/@sinonjs+fake-timers@13.0.5/node_modules/@sinonjs/fake-timers/src/fake-timers-src.js:1661:26)
      at FakeTimers.runOnlyPendingTimers (node_modules/.pnpm/@jest+fake-timers@30.2.0/node_modules/@jest/fake-timers/build/index.js:542:19)
      at Object.runOnlyPendingTimers (src/hooks/__tests__/useSessionCheck.test.ts:45:10)

    console.error
      An update to TestComponent inside a test was not wrapped in act(...).
      
      When testing, code that causes React state updates should be wrapped into act(...):
      
      act(() => {
        /* fire events that update state */
      });
      /* assert on the output */
      
      This ensures that you're testing the behavior the user would see in the browser. Learn more at https://react.dev/link/wrap-tests-with-act

    [0m [90m 373 |[39m       [36mreturn[39m[33m;[39m
     [90m 374 |[39m     }
    [31m[1m>[22m[39m[90m 375 |[39m     originalError[33m.[39mcall(console[33m,[39m [33m...[39margs)[33m;[39m
     [90m     |[39m                   [31m[1m^[22m[39m
     [90m 376 |[39m   }[33m;[39m
     [90m 377 |[39m })[33m;[39m
     [90m 378 |[39m[0m

      at console.call [as error] (jest.setup.js:375:19)
      at node_modules/.pnpm/react-dom@19.2.0_react@19.2.0/node_modules/react-dom/cjs/react-dom-client.development.js:18758:19
      at runWithFiberInDEV (node_modules/.pnpm/react-dom@19.2.0_react@19.2.0/node_modules/react-dom/cjs/react-dom-client.development.js:874:13)
      at warnIfUpdatesNotWrappedWithActDEV (node_modules/.pnpm/react-dom@19.2.0_react@19.2.0/node_modules/react-dom/cjs/react-dom-client.development.js:18757:9)
      at scheduleUpdateOnFiber (node_modules/.pnpm/react-dom@19.2.0_react@19.2.0/node_modules/react-dom/cjs/react-dom-client.development.js:16409:11)
      at dispatchSetStateInternal (node_modules/.pnpm/react-dom@19.2.0_react@19.2.0/node_modules/react-dom/cjs/react-dom-client.development.js:9170:13)
      at dispatchSetState (node_modules/.pnpm/react-dom@19.2.0_react@19.2.0/node_modules/react-dom/cjs/react-dom-client.development.js:9127:7)
      at setError (src/hooks/useSessionCheck.ts:66:7)

    console.error
      Session check error: TypeError: Cannot read properties of undefined (reading 'remainingMinutes')
          at remainingMinutes (D:\Repositories\meepleai-monorepo\apps\web\src\hooks\useSessionCheck.ts:53:34)

    [0m [90m 373 |[39m       [36mreturn[39m[33m;[39m
     [90m 374 |[39m     }
    [31m[1m>[22m[39m[90m 375 |[39m     originalError[33m.[39mcall(console[33m,[39m [33m...[39margs)[33m;[39m
     [90m     |[39m                   [31m[1m^[22m[39m
     [90m 376 |[39m   }[33m;[39m
     [90m 377 |[39m })[33m;[39m
     [90m 378 |[39m[0m

      at console.call [as error] (jest.setup.js:375:19)
      at error (src/hooks/useSessionCheck.ts:67:15)

    console.error
      An update to TestComponent inside a test was not wrapped in act(...).
      
      When testing, code that causes React state updates should be wrapped into act(...):
      
      act(() => {
        /* fire events that update state */
      });
      /* assert on the output */
      
      This ensures that you're testing the behavior the user would see in the browser. Learn more at https://react.dev/link/wrap-tests-with-act

    [0m [90m 373 |[39m       [36mreturn[39m[33m;[39m
     [90m 374 |[39m     }
    [31m[1m>[22m[39m[90m 375 |[39m     originalError[33m.[39mcall(console[33m,[39m [33m...[39margs)[33m;[39m
     [90m     |[39m                   [31m[1m^[22m[39m
     [90m 376 |[39m   }[33m;[39m
     [90m 377 |[39m })[33m;[39m
     [90m 378 |[39m[0m

      at console.call [as error] (jest.setup.js:375:19)
      at node_modules/.pnpm/react-dom@19.2.0_react@19.2.0/node_modules/react-dom/cjs/react-dom-client.development.js:18758:19
      at runWithFiberInDEV (node_modules/.pnpm/react-dom@19.2.0_react@19.2.0/node_modules/react-dom/cjs/react-dom-client.development.js:874:13)
      at warnIfUpdatesNotWrappedWithActDEV (node_modules/.pnpm/react-dom@19.2.0_react@19.2.0/node_modules/react-dom/cjs/react-dom-client.development.js:18757:9)
      at scheduleUpdateOnFiber (node_modules/.pnpm/react-dom@19.2.0_react@19.2.0/node_modules/react-dom/cjs/react-dom-client.development.js:16409:11)
      at dispatchSetStateInternal (node_modules/.pnpm/react-dom@19.2.0_react@19.2.0/node_modules/react-dom/cjs/react-dom-client.development.js:9170:13)
      at dispatchSetState (node_modules/.pnpm/react-dom@19.2.0_react@19.2.0/node_modules/react-dom/cjs/react-dom-client.development.js:9127:7)
      at setIsChecking (src/hooks/useSessionCheck.ts:69:7)

    console.error
      An update to TestComponent inside a test was not wrapped in act(...).
      
      When testing, code that causes React state updates should be wrapped into act(...):
      
      act(() => {
        /* fire events that update state */
      });
      /* assert on the output */
      
      This ensures that you're testing the behavior the user would see in the browser. Learn more at https://react.dev/link/wrap-tests-with-act

    [0m [90m 373 |[39m       [36mreturn[39m[33m;[39m
     [90m 374 |[39m     }
    [31m[1m>[22m[39m[90m 375 |[39m     originalError[33m.[39mcall(console[33m,[39m [33m...[39margs)[33m;[39m
     [90m     |[39m                   [31m[1m^[22m[39m
     [90m 376 |[39m   }[33m;[39m
     [90m 377 |[39m })[33m;[39m
     [90m 378 |[39m[0m

      at console.call [as error] (jest.setup.js:375:19)
      at node_modules/.pnpm/react-dom@19.2.0_react@19.2.0/node_modules/react-dom/cjs/react-dom-client.development.js:18758:19
      at runWithFiberInDEV (node_modules/.pnpm/react-dom@19.2.0_react@19.2.0/node_modules/react-dom/cjs/react-dom-client.development.js:874:13)
      at warnIfUpdatesNotWrappedWithActDEV (node_modules/.pnpm/react-dom@19.2.0_react@19.2.0/node_modules/react-dom/cjs/react-dom-client.development.js:18757:9)
      at scheduleUpdateOnFiber (node_modules/.pnpm/react-dom@19.2.0_react@19.2.0/node_modules/react-dom/cjs/react-dom-client.development.js:16409:11)
      at dispatchSetStateInternal (node_modules/.pnpm/react-dom@19.2.0_react@19.2.0/node_modules/react-dom/cjs/react-dom-client.development.js:9170:13)
      at dispatchSetState (node_modules/.pnpm/react-dom@19.2.0_react@19.2.0/node_modules/react-dom/cjs/react-dom-client.development.js:9127:7)
      at setIsChecking (src/hooks/useSessionCheck.ts:41:7)
      at callTimer (node_modules/.pnpm/@sinonjs+fake-timers@13.0.5/node_modules/@sinonjs/fake-timers/src/fake-timers-src.js:806:24)
      at doTickInner (node_modules/.pnpm/@sinonjs+fake-timers@13.0.5/node_modules/@sinonjs/fake-timers/src/fake-timers-src.js:1413:29)
      at doTick (node_modules/.pnpm/@sinonjs+fake-timers@13.0.5/node_modules/@sinonjs/fake-timers/src/fake-timers-src.js:1494:20)
      at Object.tick (node_modules/.pnpm/@sinonjs+fake-timers@13.0.5/node_modules/@sinonjs/fake-timers/src/fake-timers-src.js:1502:20)
      at Object.runToLast (node_modules/.pnpm/@sinonjs+fake-timers@13.0.5/node_modules/@sinonjs/fake-timers/src/fake-timers-src.js:1661:26)
      at FakeTimers.runOnlyPendingTimers (node_modules/.pnpm/@jest+fake-timers@30.2.0/node_modules/@jest/fake-timers/build/index.js:542:19)
      at Object.runOnlyPendingTimers (src/hooks/__tests__/useSessionCheck.test.ts:45:10)

    console.error
      An update to TestComponent inside a test was not wrapped in act(...).
      
      When testing, code that causes React state updates should be wrapped into act(...):
      
      act(() => {
        /* fire events that update state */
      });
      /* assert on the output */
      
      This ensures that you're testing the behavior the user would see in the browser. Learn more at https://react.dev/link/wrap-tests-with-act

    [0m [90m 373 |[39m       [36mreturn[39m[33m;[39m
     [90m 374 |[39m     }
    [31m[1m>[22m[39m[90m 375 |[39m     originalError[33m.[39mcall(console[33m,[39m [33m...[39margs)[33m;[39m
     [90m     |[39m                   [31m[1m^[22m[39m
     [90m 376 |[39m   }[33m;[39m
     [90m 377 |[39m })[33m;[39m
     [90m 378 |[39m[0m

      at console.call [as error] (jest.setup.js:375:19)
      at node_modules/.pnpm/react-dom@19.2.0_react@19.2.0/node_modules/react-dom/cjs/react-dom-client.development.js:18758:19
      at runWithFiberInDEV (node_modules/.pnpm/react-dom@19.2.0_react@19.2.0/node_modules/react-dom/cjs/react-dom-client.development.js:874:13)
      at warnIfUpdatesNotWrappedWithActDEV (node_modules/.pnpm/react-dom@19.2.0_react@19.2.0/node_modules/react-dom/cjs/react-dom-client.development.js:18757:9)
      at scheduleUpdateOnFiber (node_modules/.pnpm/react-dom@19.2.0_react@19.2.0/node_modules/react-dom/cjs/react-dom-client.development.js:16409:11)
      at dispatchSetStateInternal (node_modules/.pnpm/react-dom@19.2.0_react@19.2.0/node_modules/react-dom/cjs/react-dom-client.development.js:9170:13)
      at dispatchSetState (node_modules/.pnpm/react-dom@19.2.0_react@19.2.0/node_modules/react-dom/cjs/react-dom-client.development.js:9127:7)
      at setError (src/hooks/useSessionCheck.ts:42:7)
      at callTimer (node_modules/.pnpm/@sinonjs+fake-timers@13.0.5/node_modules/@sinonjs/fake-timers/src/fake-timers-src.js:806:24)
      at doTickInner (node_modules/.pnpm/@sinonjs+fake-timers@13.0.5/node_modules/@sinonjs/fake-timers/src/fake-timers-src.js:1413:29)
      at doTick (node_modules/.pnpm/@sinonjs+fake-timers@13.0.5/node_modules/@sinonjs/fake-timers/src/fake-timers-src.js:1494:20)
      at Object.tick (node_modules/.pnpm/@sinonjs+fake-timers@13.0.5/node_modules/@sinonjs/fake-timers/src/fake-timers-src.js:1502:20)
      at Object.runToLast (node_modules/.pnpm/@sinonjs+fake-timers@13.0.5/node_modules/@sinonjs/fake-timers/src/fake-timers-src.js:1661:26)
      at FakeTimers.runOnlyPendingTimers (node_modules/.pnpm/@jest+fake-timers@30.2.0/node_modules/@jest/fake-timers/build/index.js:542:19)
      at Object.runOnlyPendingTimers (src/hooks/__tests__/useSessionCheck.test.ts:45:10)

    console.error
      An update to TestComponent inside a test was not wrapped in act(...).
      
      When testing, code that causes React state updates should be wrapped into act(...):
      
      act(() => {
        /* fire events that update state */
      });
      /* assert on the output */
      
      This ensures that you're testing the behavior the user would see in the browser. Learn more at https://react.dev/link/wrap-tests-with-act

    [0m [90m 373 |[39m       [36mreturn[39m[33m;[39m
     [90m 374 |[39m     }
    [31m[1m>[22m[39m[90m 375 |[39m     originalError[33m.[39mcall(console[33m,[39m [33m...[39margs)[33m;[39m
     [90m     |[39m                   [31m[1m^[22m[39m
     [90m 376 |[39m   }[33m;[39m
     [90m 377 |[39m })[33m;[39m
     [90m 378 |[39m[0m

      at console.call [as error] (jest.setup.js:375:19)
      at node_modules/.pnpm/react-dom@19.2.0_react@19.2.0/node_modules/react-dom/cjs/react-dom-client.development.js:18758:19
      at runWithFiberInDEV (node_modules/.pnpm/react-dom@19.2.0_react@19.2.0/node_modules/react-dom/cjs/react-dom-client.development.js:874:13)
      at warnIfUpdatesNotWrappedWithActDEV (node_modules/.pnpm/react-dom@19.2.0_react@19.2.0/node_modules/react-dom/cjs/react-dom-client.development.js:18757:9)
      at scheduleUpdateOnFiber (node_modules/.pnpm/react-dom@19.2.0_react@19.2.0/node_modules/react-dom/cjs/react-dom-client.development.js:16409:11)
      at dispatchSetStateInternal (node_modules/.pnpm/react-dom@19.2.0_react@19.2.0/node_modules/react-dom/cjs/react-dom-client.development.js:9170:13)
      at dispatchSetState (node_modules/.pnpm/react-dom@19.2.0_react@19.2.0/node_modules/react-dom/cjs/react-dom-client.development.js:9127:7)
      at setError (src/hooks/useSessionCheck.ts:66:7)

    console.error
      Session check error: TypeError: Cannot read properties of undefined (reading 'remainingMinutes')
          at remainingMinutes (D:\Repositories\meepleai-monorepo\apps\web\src\hooks\useSessionCheck.ts:53:34)

    [0m [90m 373 |[39m       [36mreturn[39m[33m;[39m
     [90m 374 |[39m     }
    [31m[1m>[22m[39m[90m 375 |[39m     originalError[33m.[39mcall(console[33m,[39m [33m...[39margs)[33m;[39m
     [90m     |[39m                   [31m[1m^[22m[39m
     [90m 376 |[39m   }[33m;[39m
     [90m 377 |[39m })[33m;[39m
     [90m 378 |[39m[0m

      at console.call [as error] (jest.setup.js:375:19)
      at error (src/hooks/useSessionCheck.ts:67:15)

    console.error
      An update to TestComponent inside a test was not wrapped in act(...).
      
      When testing, code that causes React state updates should be wrapped into act(...):
      
      act(() => {
        /* fire events that update state */
      });
      /* assert on the output */
      
      This ensures that you're testing the behavior the user would see in the browser. Learn more at https://react.dev/link/wrap-tests-with-act

    [0m [90m 373 |[39m       [36mreturn[39m[33m;[39m
     [90m 374 |[39m     }
    [31m[1m>[22m[39m[90m 375 |[39m     originalError[33m.[39mcall(console[33m,[39m [33m...[39margs)[33m;[39m
     [90m     |[39m                   [31m[1m^[22m[39m
     [90m 376 |[39m   }[33m;[39m
     [90m 377 |[39m })[33m;[39m
     [90m 378 |[39m[0m

      at console.call [as error] (jest.setup.js:375:19)
      at node_modules/.pnpm/react-dom@19.2.0_react@19.2.0/node_modules/react-dom/cjs/react-dom-client.development.js:18758:19
      at runWithFiberInDEV (node_modules/.pnpm/react-dom@19.2.0_react@19.2.0/node_modules/react-dom/cjs/react-dom-client.development.js:874:13)
      at warnIfUpdatesNotWrappedWithActDEV (node_modules/.pnpm/react-dom@19.2.0_react@19.2.0/node_modules/react-dom/cjs/react-dom-client.development.js:18757:9)
      at scheduleUpdateOnFiber (node_modules/.pnpm/react-dom@19.2.0_react@19.2.0/node_modules/react-dom/cjs/react-dom-client.development.js:16409:11)
      at dispatchSetStateInternal (node_modules/.pnpm/react-dom@19.2.0_react@19.2.0/node_modules/react-dom/cjs/react-dom-client.development.js:9170:13)
      at dispatchSetState (node_modules/.pnpm/react-dom@19.2.0_react@19.2.0/node_modules/react-dom/cjs/react-dom-client.development.js:9127:7)
      at setIsChecking (src/hooks/useSessionCheck.ts:69:7)

    console.error
      An update to TestComponent inside a test was not wrapped in act(...).
      
      When testing, code that causes React state updates should be wrapped into act(...):
      
      act(() => {
        /* fire events that update state */
      });
      /* assert on the output */
      
      This ensures that you're testing the behavior the user would see in the browser. Learn more at https://react.dev/link/wrap-tests-with-act

    [0m [90m 373 |[39m       [36mreturn[39m[33m;[39m
     [90m 374 |[39m     }
    [31m[1m>[22m[39m[90m 375 |[39m     originalError[33m.[39mcall(console[33m,[39m [33m...[39margs)[33m;[39m
     [90m     |[39m                   [31m[1m^[22m[39m
     [90m 376 |[39m   }[33m;[39m
     [90m 377 |[39m })[33m;[39m
     [90m 378 |[39m[0m

      at console.call [as error] (jest.setup.js:375:19)
      at node_modules/.pnpm/react-dom@19.2.0_react@19.2.0/node_modules/react-dom/cjs/react-dom-client.development.js:18758:19
      at runWithFiberInDEV (node_modules/.pnpm/react-dom@19.2.0_react@19.2.0/node_modules/react-dom/cjs/react-dom-client.development.js:874:13)
      at warnIfUpdatesNotWrappedWithActDEV (node_modules/.pnpm/react-dom@19.2.0_react@19.2.0/node_modules/react-dom/cjs/react-dom-client.development.js:18757:9)
      at scheduleUpdateOnFiber (node_modules/.pnpm/react-dom@19.2.0_react@19.2.0/node_modules/react-dom/cjs/react-dom-client.development.js:16409:11)
      at dispatchSetStateInternal (node_modules/.pnpm/react-dom@19.2.0_react@19.2.0/node_modules/react-dom/cjs/react-dom-client.development.js:9170:13)
      at dispatchSetState (node_modules/.pnpm/react-dom@19.2.0_react@19.2.0/node_modules/react-dom/cjs/react-dom-client.development.js:9127:7)
      at setIsChecking (src/hooks/useSessionCheck.ts:41:7)
      at callTimer (node_modules/.pnpm/@sinonjs+fake-timers@13.0.5/node_modules/@sinonjs/fake-timers/src/fake-timers-src.js:806:24)
      at doTickInner (node_modules/.pnpm/@sinonjs+fake-timers@13.0.5/node_modules/@sinonjs/fake-timers/src/fake-timers-src.js:1413:29)
      at doTick (node_modules/.pnpm/@sinonjs+fake-timers@13.0.5/node_modules/@sinonjs/fake-timers/src/fake-timers-src.js:1494:20)
      at Object.tick (node_modules/.pnpm/@sinonjs+fake-timers@13.0.5/node_modules/@sinonjs/fake-timers/src/fake-timers-src.js:1502:20)
      at Object.runToLast (node_modules/.pnpm/@sinonjs+fake-timers@13.0.5/node_modules/@sinonjs/fake-timers/src/fake-timers-src.js:1661:26)
      at FakeTimers.runOnlyPendingTimers (node_modules/.pnpm/@jest+fake-timers@30.2.0/node_modules/@jest/fake-timers/build/index.js:542:19)
      at Object.runOnlyPendingTimers (src/hooks/__tests__/useSessionCheck.test.ts:45:10)

    console.error
      An update to TestComponent inside a test was not wrapped in act(...).
      
      When testing, code that causes React state updates should be wrapped into act(...):
      
      act(() => {
        /* fire events that update state */
      });
      /* assert on the output */
      
      This ensures that you're testing the behavior the user would see in the browser. Learn more at https://react.dev/link/wrap-tests-with-act

    [0m [90m 373 |[39m       [36mreturn[39m[33m;[39m
     [90m 374 |[39m     }
    [31m[1m>[22m[39m[90m 375 |[39m     originalError[33m.[39mcall(console[33m,[39m [33m...[39margs)[33m;[39m
     [90m     |[39m                   [31m[1m^[22m[39m
     [90m 376 |[39m   }[33m;[39m
     [90m 377 |[39m })[33m;[39m
     [90m 378 |[39m[0m

      at console.call [as error] (jest.setup.js:375:19)
      at node_modules/.pnpm/react-dom@19.2.0_react@19.2.0/node_modules/react-dom/cjs/react-dom-client.development.js:18758:19
      at runWithFiberInDEV (node_modules/.pnpm/react-dom@19.2.0_react@19.2.0/node_modules/react-dom/cjs/react-dom-client.development.js:874:13)
      at warnIfUpdatesNotWrappedWithActDEV (node_modules/.pnpm/react-dom@19.2.0_react@19.2.0/node_modules/react-dom/cjs/react-dom-client.development.js:18757:9)
      at scheduleUpdateOnFiber (node_modules/.pnpm/react-dom@19.2.0_react@19.2.0/node_modules/react-dom/cjs/react-dom-client.development.js:16409:11)
      at dispatchSetStateInternal (node_modules/.pnpm/react-dom@19.2.0_react@19.2.0/node_modules/react-dom/cjs/react-dom-client.development.js:9170:13)
      at dispatchSetState (node_modules/.pnpm/react-dom@19.2.0_react@19.2.0/node_modules/react-dom/cjs/react-dom-client.development.js:9127:7)
      at setError (src/hooks/useSessionCheck.ts:42:7)
      at callTimer (node_modules/.pnpm/@sinonjs+fake-timers@13.0.5/node_modules/@sinonjs/fake-timers/src/fake-timers-src.js:806:24)
      at doTickInner (node_modules/.pnpm/@sinonjs+fake-timers@13.0.5/node_modules/@sinonjs/fake-timers/src/fake-timers-src.js:1413:29)
      at doTick (node_modules/.pnpm/@sinonjs+fake-timers@13.0.5/node_modules/@sinonjs/fake-timers/src/fake-timers-src.js:1494:20)
      at Object.tick (node_modules/.pnpm/@sinonjs+fake-timers@13.0.5/node_modules/@sinonjs/fake-timers/src/fake-timers-src.js:1502:20)
      at Object.runToLast (node_modules/.pnpm/@sinonjs+fake-timers@13.0.5/node_modules/@sinonjs/fake-timers/src/fake-timers-src.js:1661:26)
      at FakeTimers.runOnlyPendingTimers (node_modules/.pnpm/@jest+fake-timers@30.2.0/node_modules/@jest/fake-timers/build/index.js:542:19)
      at Object.runOnlyPendingTimers (src/hooks/__tests__/useSessionCheck.test.ts:45:10)

    console.error
      An update to TestComponent inside a test was not wrapped in act(...).
      
      When testing, code that causes React state updates should be wrapped into act(...):
      
      act(() => {
        /* fire events that update state */
      });
      /* assert on the output */
      
      This ensures that you're testing the behavior the user would see in the browser. Learn more at https://react.dev/link/wrap-tests-with-act

    [0m [90m 373 |[39m       [36mreturn[39m[33m;[39m
     [90m 374 |[39m     }
    [31m[1m>[22m[39m[90m 375 |[39m     originalError[33m.[39mcall(console[33m,[39m [33m...[39margs)[33m;[39m
     [90m     |[39m                   [31m[1m^[22m[39m
     [90m 376 |[39m   }[33m;[39m
     [90m 377 |[39m })[33m;[39m
     [90m 378 |[39m[0m

      at console.call [as error] (jest.setup.js:375:19)
      at node_modules/.pnpm/react-dom@19.2.0_react@19.2.0/node_modules/react-dom/cjs/react-dom-client.development.js:18758:19
      at runWithFiberInDEV (node_modules/.pnpm/react-dom@19.2.0_react@19.2.0/node_modules/react-dom/cjs/react-dom-client.development.js:874:13)
      at warnIfUpdatesNotWrappedWithActDEV (node_modules/.pnpm/react-dom@19.2.0_react@19.2.0/node_modules/react-dom/cjs/react-dom-client.development.js:18757:9)
      at scheduleUpdateOnFiber (node_modules/.pnpm/react-dom@19.2.0_react@19.2.0/node_modules/react-dom/cjs/react-dom-client.development.js:16409:11)
      at dispatchSetStateInternal (node_modules/.pnpm/react-dom@19.2.0_react@19.2.0/node_modules/react-dom/cjs/react-dom-client.development.js:9170:13)
      at dispatchSetState (node_modules/.pnpm/react-dom@19.2.0_react@19.2.0/node_modules/react-dom/cjs/react-dom-client.development.js:9127:7)
      at setError (src/hooks/useSessionCheck.ts:66:7)

    console.error
      Session check error: TypeError: Cannot read properties of undefined (reading 'remainingMinutes')
          at remainingMinutes (D:\Repositories\meepleai-monorepo\apps\web\src\hooks\useSessionCheck.ts:53:34)

    [0m [90m 373 |[39m       [36mreturn[39m[33m;[39m
     [90m 374 |[39m     }
    [31m[1m>[22m[39m[90m 375 |[39m     originalError[33m.[39mcall(console[33m,[39m [33m...[39margs)[33m;[39m
     [90m     |[39m                   [31m[1m^[22m[39m
     [90m 376 |[39m   }[33m;[39m
     [90m 377 |[39m })[33m;[39m
     [90m 378 |[39m[0m

      at console.call [as error] (jest.setup.js:375:19)
      at error (src/hooks/useSessionCheck.ts:67:15)

    console.error
      An update to TestComponent inside a test was not wrapped in act(...).
      
      When testing, code that causes React state updates should be wrapped into act(...):
      
      act(() => {
        /* fire events that update state */
      });
      /* assert on the output */
      
      This ensures that you're testing the behavior the user would see in the browser. Learn more at https://react.dev/link/wrap-tests-with-act

    [0m [90m 373 |[39m       [36mreturn[39m[33m;[39m
     [90m 374 |[39m     }
    [31m[1m>[22m[39m[90m 375 |[39m     originalError[33m.[39mcall(console[33m,[39m [33m...[39margs)[33m;[39m
     [90m     |[39m                   [31m[1m^[22m[39m
     [90m 376 |[39m   }[33m;[39m
     [90m 377 |[39m })[33m;[39m
     [90m 378 |[39m[0m

      at console.call [as error] (jest.setup.js:375:19)
      at node_modules/.pnpm/react-dom@19.2.0_react@19.2.0/node_modules/react-dom/cjs/react-dom-client.development.js:18758:19
      at runWithFiberInDEV (node_modules/.pnpm/react-dom@19.2.0_react@19.2.0/node_modules/react-dom/cjs/react-dom-client.development.js:874:13)
      at warnIfUpdatesNotWrappedWithActDEV (node_modules/.pnpm/react-dom@19.2.0_react@19.2.0/node_modules/react-dom/cjs/react-dom-client.development.js:18757:9)
      at scheduleUpdateOnFiber (node_modules/.pnpm/react-dom@19.2.0_react@19.2.0/node_modules/react-dom/cjs/react-dom-client.development.js:16409:11)
      at dispatchSetStateInternal (node_modules/.pnpm/react-dom@19.2.0_react@19.2.0/node_modules/react-dom/cjs/react-dom-client.development.js:9170:13)
      at dispatchSetState (node_modules/.pnpm/react-dom@19.2.0_react@19.2.0/node_modules/react-dom/cjs/react-dom-client.development.js:9127:7)
      at setIsChecking (src/hooks/useSessionCheck.ts:69:7)

    console.error
      Error: Not implemented: navigation (except hash changes)
          at <unknown> (D:\Repositories\meepleai-monorepo\apps\web\src\hooks\useSessionCheck.ts:61:29) {
        type: 'not implemented'
      }

    [0m [90m 373 |[39m       [36mreturn[39m[33m;[39m
     [90m 374 |[39m     }
    [31m[1m>[22m[39m[90m 375 |[39m     originalError[33m.[39mcall(console[33m,[39m [33m...[39margs)[33m;[39m
     [90m     |[39m                   [31m[1m^[22m[39m
     [90m 376 |[39m   }[33m;[39m
     [90m 377 |[39m })[33m;[39m
     [90m 378 |[39m[0m

      at console.call [as error] (jest.setup.js:375:19)
      at VirtualConsole.<anonymous> (node_modules/.pnpm/@jest+environment-jsdom-abstract@30.2.0_jsdom@26.1.0/node_modules/@jest/environment-jsdom-abstract/build/index.js:87:23)
      at module.exports (node_modules/.pnpm/jsdom@26.1.0/node_modules/jsdom/lib/jsdom/browser/not-implemented.js:12:26)
      at navigateFetch (node_modules/.pnpm/jsdom@26.1.0/node_modules/jsdom/lib/jsdom/living/window/navigation.js:77:3)
      at exports.navigate (node_modules/.pnpm/jsdom@26.1.0/node_modules/jsdom/lib/jsdom/living/window/navigation.js:55:3)
      at LocationImpl._locationObjectNavigate (node_modules/.pnpm/jsdom@26.1.0/node_modules/jsdom/lib/jsdom/living/window/Location-impl.js:30:5)
      at LocationImpl._locationObjectSetterNavigate (node_modules/.pnpm/jsdom@26.1.0/node_modules/jsdom/lib/jsdom/living/window/Location-impl.js:24:17)
      at LocationImpl.set href [as href] (node_modules/.pnpm/jsdom@26.1.0/node_modules/jsdom/lib/jsdom/living/window/Location-impl.js:46:10)
      at Location.set href [as href] (node_modules/.pnpm/jsdom@26.1.0/node_modules/jsdom/lib/jsdom/living/generated/Location.js:125:37)
      at src/hooks/useSessionCheck.ts:61:29

    console.error
      An update to TestComponent inside a test was not wrapped in act(...).
      
      When testing, code that causes React state updates should be wrapped into act(...):
      
      act(() => {
        /* fire events that update state */
      });
      /* assert on the output */
      
      This ensures that you're testing the behavior the user would see in the browser. Learn more at https://react.dev/link/wrap-tests-with-act

    [0m [90m 373 |[39m       [36mreturn[39m[33m;[39m
     [90m 374 |[39m     }
    [31m[1m>[22m[39m[90m 375 |[39m     originalError[33m.[39mcall(console[33m,[39m [33m...[39margs)[33m;[39m
     [90m     |[39m                   [31m[1m^[22m[39m
     [90m 376 |[39m   }[33m;[39m
     [90m 377 |[39m })[33m;[39m
     [90m 378 |[39m[0m

      at console.call [as error] (jest.setup.js:375:19)
      at node_modules/.pnpm/react-dom@19.2.0_react@19.2.0/node_modules/react-dom/cjs/react-dom-client.development.js:18758:19
      at runWithFiberInDEV (node_modules/.pnpm/react-dom@19.2.0_react@19.2.0/node_modules/react-dom/cjs/react-dom-client.development.js:874:13)
      at warnIfUpdatesNotWrappedWithActDEV (node_modules/.pnpm/react-dom@19.2.0_react@19.2.0/node_modules/react-dom/cjs/react-dom-client.development.js:18757:9)
      at scheduleUpdateOnFiber (node_modules/.pnpm/react-dom@19.2.0_react@19.2.0/node_modules/react-dom/cjs/react-dom-client.development.js:16409:11)
      at dispatchSetStateInternal (node_modules/.pnpm/react-dom@19.2.0_react@19.2.0/node_modules/react-dom/cjs/react-dom-client.development.js:9170:13)
      at dispatchSetState (node_modules/.pnpm/react-dom@19.2.0_react@19.2.0/node_modules/react-dom/cjs/react-dom-client.development.js:9127:7)
      at setIsChecking (src/hooks/useSessionCheck.ts:41:7)
      at callTimer (node_modules/.pnpm/@sinonjs+fake-timers@13.0.5/node_modules/@sinonjs/fake-timers/src/fake-timers-src.js:806:24)
      at doTickInner (node_modules/.pnpm/@sinonjs+fake-timers@13.0.5/node_modules/@sinonjs/fake-timers/src/fake-timers-src.js:1413:29)
      at doTick (node_modules/.pnpm/@sinonjs+fake-timers@13.0.5/node_modules/@sinonjs/fake-timers/src/fake-timers-src.js:1494:20)
      at Object.tick (node_modules/.pnpm/@sinonjs+fake-timers@13.0.5/node_modules/@sinonjs/fake-timers/src/fake-timers-src.js:1502:20)
      at Object.runToLast (node_modules/.pnpm/@sinonjs+fake-timers@13.0.5/node_modules/@sinonjs/fake-timers/src/fake-timers-src.js:1661:26)
      at FakeTimers.runOnlyPendingTimers (node_modules/.pnpm/@jest+fake-timers@30.2.0/node_modules/@jest/fake-timers/build/index.js:542:19)
      at Object.runOnlyPendingTimers (src/hooks/__tests__/useSessionCheck.test.ts:45:10)

    console.error
      An update to TestComponent inside a test was not wrapped in act(...).
      
      When testing, code that causes React state updates should be wrapped into act(...):
      
      act(() => {
        /* fire events that update state */
      });
      /* assert on the output */
      
      This ensures that you're testing the behavior the user would see in the browser. Learn more at https://react.dev/link/wrap-tests-with-act

    [0m [90m 373 |[39m       [36mreturn[39m[33m;[39m
     [90m 374 |[39m     }
    [31m[1m>[22m[39m[90m 375 |[39m     originalError[33m.[39mcall(console[33m,[39m [33m...[39margs)[33m;[39m
     [90m     |[39m                   [31m[1m^[22m[39m
     [90m 376 |[39m   }[33m;[39m
     [90m 377 |[39m })[33m;[39m
     [90m 378 |[39m[0m

      at console.call [as error] (jest.setup.js:375:19)
      at node_modules/.pnpm/react-dom@19.2.0_react@19.2.0/node_modules/react-dom/cjs/react-dom-client.development.js:18758:19
      at runWithFiberInDEV (node_modules/.pnpm/react-dom@19.2.0_react@19.2.0/node_modules/react-dom/cjs/react-dom-client.development.js:874:13)
      at warnIfUpdatesNotWrappedWithActDEV (node_modules/.pnpm/react-dom@19.2.0_react@19.2.0/node_modules/react-dom/cjs/react-dom-client.development.js:18757:9)
      at scheduleUpdateOnFiber (node_modules/.pnpm/react-dom@19.2.0_react@19.2.0/node_modules/react-dom/cjs/react-dom-client.development.js:16409:11)
      at dispatchSetStateInternal (node_modules/.pnpm/react-dom@19.2.0_react@19.2.0/node_modules/react-dom/cjs/react-dom-client.development.js:9170:13)
      at dispatchSetState (node_modules/.pnpm/react-dom@19.2.0_react@19.2.0/node_modules/react-dom/cjs/react-dom-client.development.js:9127:7)
      at setError (src/hooks/useSessionCheck.ts:42:7)
      at callTimer (node_modules/.pnpm/@sinonjs+fake-timers@13.0.5/node_modules/@sinonjs/fake-timers/src/fake-timers-src.js:806:24)
      at doTickInner (node_modules/.pnpm/@sinonjs+fake-timers@13.0.5/node_modules/@sinonjs/fake-timers/src/fake-timers-src.js:1413:29)
      at doTick (node_modules/.pnpm/@sinonjs+fake-timers@13.0.5/node_modules/@sinonjs/fake-timers/src/fake-timers-src.js:1494:20)
      at Object.tick (node_modules/.pnpm/@sinonjs+fake-timers@13.0.5/node_modules/@sinonjs/fake-timers/src/fake-timers-src.js:1502:20)
      at Object.runToLast (node_modules/.pnpm/@sinonjs+fake-timers@13.0.5/node_modules/@sinonjs/fake-timers/src/fake-timers-src.js:1661:26)
      at FakeTimers.runOnlyPendingTimers (node_modules/.pnpm/@jest+fake-timers@30.2.0/node_modules/@jest/fake-timers/build/index.js:542:19)
      at Object.runOnlyPendingTimers (src/hooks/__tests__/useSessionCheck.test.ts:45:10)

    console.error
      An update to TestComponent inside a test was not wrapped in act(...).
      
      When testing, code that causes React state updates should be wrapped into act(...):
      
      act(() => {
        /* fire events that update state */
      });
      /* assert on the output */
      
      This ensures that you're testing the behavior the user would see in the browser. Learn more at https://react.dev/link/wrap-tests-with-act

    [0m [90m 373 |[39m       [36mreturn[39m[33m;[39m
     [90m 374 |[39m     }
    [31m[1m>[22m[39m[90m 375 |[39m     originalError[33m.[39mcall(console[33m,[39m [33m...[39margs)[33m;[39m
     [90m     |[39m                   [31m[1m^[22m[39m
     [90m 376 |[39m   }[33m;[39m
     [90m 377 |[39m })[33m;[39m
     [90m 378 |[39m[0m

      at console.call [as error] (jest.setup.js:375:19)
      at node_modules/.pnpm/react-dom@19.2.0_react@19.2.0/node_modules/react-dom/cjs/react-dom-client.development.js:18758:19
      at runWithFiberInDEV (node_modules/.pnpm/react-dom@19.2.0_react@19.2.0/node_modules/react-dom/cjs/react-dom-client.development.js:874:13)
      at warnIfUpdatesNotWrappedWithActDEV (node_modules/.pnpm/react-dom@19.2.0_react@19.2.0/node_modules/react-dom/cjs/react-dom-client.development.js:18757:9)
      at scheduleUpdateOnFiber (node_modules/.pnpm/react-dom@19.2.0_react@19.2.0/node_modules/react-dom/cjs/react-dom-client.development.js:16409:11)
      at dispatchSetStateInternal (node_modules/.pnpm/react-dom@19.2.0_react@19.2.0/node_modules/react-dom/cjs/react-dom-client.development.js:9170:13)
      at dispatchSetState (node_modules/.pnpm/react-dom@19.2.0_react@19.2.0/node_modules/react-dom/cjs/react-dom-client.development.js:9127:7)
      at setError (src/hooks/useSessionCheck.ts:66:7)

    console.error
      Session check error: TypeError: Cannot read properties of undefined (reading 'remainingMinutes')
          at remainingMinutes (D:\Repositories\meepleai-monorepo\apps\web\src\hooks\useSessionCheck.ts:53:34)

    [0m [90m 373 |[39m       [36mreturn[39m[33m;[39m
     [90m 374 |[39m     }
    [31m[1m>[22m[39m[90m 375 |[39m     originalError[33m.[39mcall(console[33m,[39m [33m...[39margs)[33m;[39m
     [90m     |[39m                   [31m[1m^[22m[39m
     [90m 376 |[39m   }[33m;[39m
     [90m 377 |[39m })[33m;[39m
     [90m 378 |[39m[0m

      at console.call [as error] (jest.setup.js:375:19)
      at error (src/hooks/useSessionCheck.ts:67:15)

    console.error
      An update to TestComponent inside a test was not wrapped in act(...).
      
      When testing, code that causes React state updates should be wrapped into act(...):
      
      act(() => {
        /* fire events that update state */
      });
      /* assert on the output */
      
      This ensures that you're testing the behavior the user would see in the browser. Learn more at https://react.dev/link/wrap-tests-with-act

    [0m [90m 373 |[39m       [36mreturn[39m[33m;[39m
     [90m 374 |[39m     }
    [31m[1m>[22m[39m[90m 375 |[39m     originalError[33m.[39mcall(console[33m,[39m [33m...[39margs)[33m;[39m
     [90m     |[39m                   [31m[1m^[22m[39m
     [90m 376 |[39m   }[33m;[39m
     [90m 377 |[39m })[33m;[39m
     [90m 378 |[39m[0m

      at console.call [as error] (jest.setup.js:375:19)
      at node_modules/.pnpm/react-dom@19.2.0_react@19.2.0/node_modules/react-dom/cjs/react-dom-client.development.js:18758:19
      at runWithFiberInDEV (node_modules/.pnpm/react-dom@19.2.0_react@19.2.0/node_modules/react-dom/cjs/react-dom-client.development.js:874:13)
      at warnIfUpdatesNotWrappedWithActDEV (node_modules/.pnpm/react-dom@19.2.0_react@19.2.0/node_modules/react-dom/cjs/react-dom-client.development.js:18757:9)
      at scheduleUpdateOnFiber (node_modules/.pnpm/react-dom@19.2.0_react@19.2.0/node_modules/react-dom/cjs/react-dom-client.development.js:16409:11)
      at dispatchSetStateInternal (node_modules/.pnpm/react-dom@19.2.0_react@19.2.0/node_modules/react-dom/cjs/react-dom-client.development.js:9170:13)
      at dispatchSetState (node_modules/.pnpm/react-dom@19.2.0_react@19.2.0/node_modules/react-dom/cjs/react-dom-client.development.js:9127:7)
      at setIsChecking (src/hooks/useSessionCheck.ts:69:7)

    console.error
      Error: Not implemented: navigation (except hash changes)
          at <unknown> (D:\Repositories\meepleai-monorepo\apps\web\src\hooks\useSessionCheck.ts:61:29) {
        type: 'not implemented'
      }

    [0m [90m 373 |[39m       [36mreturn[39m[33m;[39m
     [90m 374 |[39m     }
    [31m[1m>[22m[39m[90m 375 |[39m     originalError[33m.[39mcall(console[33m,[39m [33m...[39margs)[33m;[39m
     [90m     |[39m                   [31m[1m^[22m[39m
     [90m 376 |[39m   }[33m;[39m
     [90m 377 |[39m })[33m;[39m
     [90m 378 |[39m[0m

      at console.call [as error] (jest.setup.js:375:19)
      at VirtualConsole.<anonymous> (node_modules/.pnpm/@jest+environment-jsdom-abstract@30.2.0_jsdom@26.1.0/node_modules/@jest/environment-jsdom-abstract/build/index.js:87:23)
      at module.exports (node_modules/.pnpm/jsdom@26.1.0/node_modules/jsdom/lib/jsdom/browser/not-implemented.js:12:26)
      at navigateFetch (node_modules/.pnpm/jsdom@26.1.0/node_modules/jsdom/lib/jsdom/living/window/navigation.js:77:3)
      at exports.navigate (node_modules/.pnpm/jsdom@26.1.0/node_modules/jsdom/lib/jsdom/living/window/navigation.js:55:3)
      at LocationImpl._locationObjectNavigate (node_modules/.pnpm/jsdom@26.1.0/node_modules/jsdom/lib/jsdom/living/window/Location-impl.js:30:5)
      at LocationImpl._locationObjectSetterNavigate (node_modules/.pnpm/jsdom@26.1.0/node_modules/jsdom/lib/jsdom/living/window/Location-impl.js:24:17)
      at LocationImpl.set href [as href] (node_modules/.pnpm/jsdom@26.1.0/node_modules/jsdom/lib/jsdom/living/window/Location-impl.js:46:10)
      at Location.set href [as href] (node_modules/.pnpm/jsdom@26.1.0/node_modules/jsdom/lib/jsdom/living/generated/Location.js:125:37)
      at src/hooks/useSessionCheck.ts:61:29

    console.error
      An update to TestComponent inside a test was not wrapped in act(...).
      
      When testing, code that causes React state updates should be wrapped into act(...):
      
      act(() => {
        /* fire events that update state */
      });
      /* assert on the output */
      
      This ensures that you're testing the behavior the user would see in the browser. Learn more at https://react.dev/link/wrap-tests-with-act

    [0m [90m 373 |[39m       [36mreturn[39m[33m;[39m
     [90m 374 |[39m     }
    [31m[1m>[22m[39m[90m 375 |[39m     originalError[33m.[39mcall(console[33m,[39m [33m...[39margs)[33m;[39m
     [90m     |[39m                   [31m[1m^[22m[39m
     [90m 376 |[39m   }[33m;[39m
     [90m 377 |[39m })[33m;[39m
     [90m 378 |[39m[0m

      at console.call [as error] (jest.setup.js:375:19)
      at node_modules/.pnpm/react-dom@19.2.0_react@19.2.0/node_modules/react-dom/cjs/react-dom-client.development.js:18758:19
      at runWithFiberInDEV (node_modules/.pnpm/react-dom@19.2.0_react@19.2.0/node_modules/react-dom/cjs/react-dom-client.development.js:874:13)
      at warnIfUpdatesNotWrappedWithActDEV (node_modules/.pnpm/react-dom@19.2.0_react@19.2.0/node_modules/react-dom/cjs/react-dom-client.development.js:18757:9)
      at scheduleUpdateOnFiber (node_modules/.pnpm/react-dom@19.2.0_react@19.2.0/node_modules/react-dom/cjs/react-dom-client.development.js:16409:11)
      at dispatchSetStateInternal (node_modules/.pnpm/react-dom@19.2.0_react@19.2.0/node_modules/react-dom/cjs/react-dom-client.development.js:9170:13)
      at dispatchSetState (node_modules/.pnpm/react-dom@19.2.0_react@19.2.0/node_modules/react-dom/cjs/react-dom-client.development.js:9127:7)
      at setIsChecking (src/hooks/useSessionCheck.ts:41:7)
      at callTimer (node_modules/.pnpm/@sinonjs+fake-timers@13.0.5/node_modules/@sinonjs/fake-timers/src/fake-timers-src.js:806:24)
      at doTickInner (node_modules/.pnpm/@sinonjs+fake-timers@13.0.5/node_modules/@sinonjs/fake-timers/src/fake-timers-src.js:1413:29)
      at doTick (node_modules/.pnpm/@sinonjs+fake-timers@13.0.5/node_modules/@sinonjs/fake-timers/src/fake-timers-src.js:1494:20)
      at Object.tick (node_modules/.pnpm/@sinonjs+fake-timers@13.0.5/node_modules/@sinonjs/fake-timers/src/fake-timers-src.js:1502:20)
      at Object.runToLast (node_modules/.pnpm/@sinonjs+fake-timers@13.0.5/node_modules/@sinonjs/fake-timers/src/fake-timers-src.js:1661:26)
      at FakeTimers.runOnlyPendingTimers (node_modules/.pnpm/@jest+fake-timers@30.2.0/node_modules/@jest/fake-timers/build/index.js:542:19)
      at Object.runOnlyPendingTimers (src/hooks/__tests__/useSessionCheck.test.ts:45:10)

    console.error
      An update to TestComponent inside a test was not wrapped in act(...).
      
      When testing, code that causes React state updates should be wrapped into act(...):
      
      act(() => {
        /* fire events that update state */
      });
      /* assert on the output */
      
      This ensures that you're testing the behavior the user would see in the browser. Learn more at https://react.dev/link/wrap-tests-with-act

    [0m [90m 373 |[39m       [36mreturn[39m[33m;[39m
     [90m 374 |[39m     }
    [31m[1m>[22m[39m[90m 375 |[39m     originalError[33m.[39mcall(console[33m,[39m [33m...[39margs)[33m;[39m
     [90m     |[39m                   [31m[1m^[22m[39m
     [90m 376 |[39m   }[33m;[39m
     [90m 377 |[39m })[33m;[39m
     [90m 378 |[39m[0m

      at console.call [as error] (jest.setup.js:375:19)
      at node_modules/.pnpm/react-dom@19.2.0_react@19.2.0/node_modules/react-dom/cjs/react-dom-client.development.js:18758:19
      at runWithFiberInDEV (node_modules/.pnpm/react-dom@19.2.0_react@19.2.0/node_modules/react-dom/cjs/react-dom-client.development.js:874:13)
      at warnIfUpdatesNotWrappedWithActDEV (node_modules/.pnpm/react-dom@19.2.0_react@19.2.0/node_modules/react-dom/cjs/react-dom-client.development.js:18757:9)
      at scheduleUpdateOnFiber (node_modules/.pnpm/react-dom@19.2.0_react@19.2.0/node_modules/react-dom/cjs/react-dom-client.development.js:16409:11)
      at dispatchSetStateInternal (node_modules/.pnpm/react-dom@19.2.0_react@19.2.0/node_modules/react-dom/cjs/react-dom-client.development.js:9170:13)
      at dispatchSetState (node_modules/.pnpm/react-dom@19.2.0_react@19.2.0/node_modules/react-dom/cjs/react-dom-client.development.js:9127:7)
      at setError (src/hooks/useSessionCheck.ts:42:7)
      at callTimer (node_modules/.pnpm/@sinonjs+fake-timers@13.0.5/node_modules/@sinonjs/fake-timers/src/fake-timers-src.js:806:24)
      at doTickInner (node_modules/.pnpm/@sinonjs+fake-timers@13.0.5/node_modules/@sinonjs/fake-timers/src/fake-timers-src.js:1413:29)
      at doTick (node_modules/.pnpm/@sinonjs+fake-timers@13.0.5/node_modules/@sinonjs/fake-timers/src/fake-timers-src.js:1494:20)
      at Object.tick (node_modules/.pnpm/@sinonjs+fake-timers@13.0.5/node_modules/@sinonjs/fake-timers/src/fake-timers-src.js:1502:20)
      at Object.runToLast (node_modules/.pnpm/@sinonjs+fake-timers@13.0.5/node_modules/@sinonjs/fake-timers/src/fake-timers-src.js:1661:26)
      at FakeTimers.runOnlyPendingTimers (node_modules/.pnpm/@jest+fake-timers@30.2.0/node_modules/@jest/fake-timers/build/index.js:542:19)
      at Object.runOnlyPendingTimers (src/hooks/__tests__/useSessionCheck.test.ts:45:10)

    console.error
      An update to TestComponent inside a test was not wrapped in act(...).
      
      When testing, code that causes React state updates should be wrapped into act(...):
      
      act(() => {
        /* fire events that update state */
      });
      /* assert on the output */
      
      This ensures that you're testing the behavior the user would see in the browser. Learn more at https://react.dev/link/wrap-tests-with-act

    [0m [90m 373 |[39m       [36mreturn[39m[33m;[39m
     [90m 374 |[39m     }
    [31m[1m>[22m[39m[90m 375 |[39m     originalError[33m.[39mcall(console[33m,[39m [33m...[39margs)[33m;[39m
     [90m     |[39m                   [31m[1m^[22m[39m
     [90m 376 |[39m   }[33m;[39m
     [90m 377 |[39m })[33m;[39m
     [90m 378 |[39m[0m

      at console.call [as error] (jest.setup.js:375:19)
      at node_modules/.pnpm/react-dom@19.2.0_react@19.2.0/node_modules/react-dom/cjs/react-dom-client.development.js:18758:19
      at runWithFiberInDEV (node_modules/.pnpm/react-dom@19.2.0_react@19.2.0/node_modules/react-dom/cjs/react-dom-client.development.js:874:13)
      at warnIfUpdatesNotWrappedWithActDEV (node_modules/.pnpm/react-dom@19.2.0_react@19.2.0/node_modules/react-dom/cjs/react-dom-client.development.js:18757:9)
      at scheduleUpdateOnFiber (node_modules/.pnpm/react-dom@19.2.0_react@19.2.0/node_modules/react-dom/cjs/react-dom-client.development.js:16409:11)
      at dispatchSetStateInternal (node_modules/.pnpm/react-dom@19.2.0_react@19.2.0/node_modules/react-dom/cjs/react-dom-client.development.js:9170:13)
      at dispatchSetState (node_modules/.pnpm/react-dom@19.2.0_react@19.2.0/node_modules/react-dom/cjs/react-dom-client.development.js:9127:7)
      at setError (src/hooks/useSessionCheck.ts:66:7)

    console.error
      Session check error: TypeError: Cannot read properties of undefined (reading 'remainingMinutes')
          at remainingMinutes (D:\Repositories\meepleai-monorepo\apps\web\src\hooks\useSessionCheck.ts:53:34)

    [0m [90m 373 |[39m       [36mreturn[39m[33m;[39m
     [90m 374 |[39m     }
    [31m[1m>[22m[39m[90m 375 |[39m     originalError[33m.[39mcall(console[33m,[39m [33m...[39margs)[33m;[39m
     [90m     |[39m                   [31m[1m^[22m[39m
     [90m 376 |[39m   }[33m;[39m
     [90m 377 |[39m })[33m;[39m
     [90m 378 |[39m[0m

      at console.call [as error] (jest.setup.js:375:19)
      at error (src/hooks/useSessionCheck.ts:67:15)

    console.error
      An update to TestComponent inside a test was not wrapped in act(...).
      
      When testing, code that causes React state updates should be wrapped into act(...):
      
      act(() => {
        /* fire events that update state */
      });
      /* assert on the output */
      
      This ensures that you're testing the behavior the user would see in the browser. Learn more at https://react.dev/link/wrap-tests-with-act

    [0m [90m 373 |[39m       [36mreturn[39m[33m;[39m
     [90m 374 |[39m     }
    [31m[1m>[22m[39m[90m 375 |[39m     originalError[33m.[39mcall(console[33m,[39m [33m...[39margs)[33m;[39m
     [90m     |[39m                   [31m[1m^[22m[39m
     [90m 376 |[39m   }[33m;[39m
     [90m 377 |[39m })[33m;[39m
     [90m 378 |[39m[0m

      at console.call [as error] (jest.setup.js:375:19)
      at node_modules/.pnpm/react-dom@19.2.0_react@19.2.0/node_modules/react-dom/cjs/react-dom-client.development.js:18758:19
      at runWithFiberInDEV (node_modules/.pnpm/react-dom@19.2.0_react@19.2.0/node_modules/react-dom/cjs/react-dom-client.development.js:874:13)
      at warnIfUpdatesNotWrappedWithActDEV (node_modules/.pnpm/react-dom@19.2.0_react@19.2.0/node_modules/react-dom/cjs/react-dom-client.development.js:18757:9)
      at scheduleUpdateOnFiber (node_modules/.pnpm/react-dom@19.2.0_react@19.2.0/node_modules/react-dom/cjs/react-dom-client.development.js:16409:11)
      at dispatchSetStateInternal (node_modules/.pnpm/react-dom@19.2.0_react@19.2.0/node_modules/react-dom/cjs/react-dom-client.development.js:9170:13)
      at dispatchSetState (node_modules/.pnpm/react-dom@19.2.0_react@19.2.0/node_modules/react-dom/cjs/react-dom-client.development.js:9127:7)
      at setIsChecking (src/hooks/useSessionCheck.ts:69:7)

    console.error
      An update to TestComponent inside a test was not wrapped in act(...).
      
      When testing, code that causes React state updates should be wrapped into act(...):
      
      act(() => {
        /* fire events that update state */
      });
      /* assert on the output */
      
      This ensures that you're testing the behavior the user would see in the browser. Learn more at https://react.dev/link/wrap-tests-with-act

    [0m [90m 373 |[39m       [36mreturn[39m[33m;[39m
     [90m 374 |[39m     }
    [31m[1m>[22m[39m[90m 375 |[39m     originalError[33m.[39mcall(console[33m,[39m [33m...[39margs)[33m;[39m
     [90m     |[39m                   [31m[1m^[22m[39m
     [90m 376 |[39m   }[33m;[39m
     [90m 377 |[39m })[33m;[39m
     [90m 378 |[39m[0m

      at console.call [as error] (jest.setup.js:375:19)
      at node_modules/.pnpm/react-dom@19.2.0_react@19.2.0/node_modules/react-dom/cjs/react-dom-client.development.js:18758:19
      at runWithFiberInDEV (node_modules/.pnpm/react-dom@19.2.0_react@19.2.0/node_modules/react-dom/cjs/react-dom-client.development.js:874:13)
      at warnIfUpdatesNotWrappedWithActDEV (node_modules/.pnpm/react-dom@19.2.0_react@19.2.0/node_modules/react-dom/cjs/react-dom-client.development.js:18757:9)
      at scheduleUpdateOnFiber (node_modules/.pnpm/react-dom@19.2.0_react@19.2.0/node_modules/react-dom/cjs/react-dom-client.development.js:16409:11)
      at dispatchSetStateInternal (node_modules/.pnpm/react-dom@19.2.0_react@19.2.0/node_modules/react-dom/cjs/react-dom-client.development.js:9170:13)
      at dispatchSetState (node_modules/.pnpm/react-dom@19.2.0_react@19.2.0/node_modules/react-dom/cjs/react-dom-client.development.js:9127:7)
      at setIsChecking (src/hooks/useSessionCheck.ts:41:7)
      at callTimer (node_modules/.pnpm/@sinonjs+fake-timers@13.0.5/node_modules/@sinonjs/fake-timers/src/fake-timers-src.js:806:24)
      at doTickInner (node_modules/.pnpm/@sinonjs+fake-timers@13.0.5/node_modules/@sinonjs/fake-timers/src/fake-timers-src.js:1413:29)
      at doTick (node_modules/.pnpm/@sinonjs+fake-timers@13.0.5/node_modules/@sinonjs/fake-timers/src/fake-timers-src.js:1494:20)
      at Object.tick (node_modules/.pnpm/@sinonjs+fake-timers@13.0.5/node_modules/@sinonjs/fake-timers/src/fake-timers-src.js:1502:20)
      at Object.runToLast (node_modules/.pnpm/@sinonjs+fake-timers@13.0.5/node_modules/@sinonjs/fake-timers/src/fake-timers-src.js:1661:26)
      at FakeTimers.runOnlyPendingTimers (node_modules/.pnpm/@jest+fake-timers@30.2.0/node_modules/@jest/fake-timers/build/index.js:542:19)
      at Object.runOnlyPendingTimers (src/hooks/__tests__/useSessionCheck.test.ts:45:10)

    console.error
      An update to TestComponent inside a test was not wrapped in act(...).
      
      When testing, code that causes React state updates should be wrapped into act(...):
      
      act(() => {
        /* fire events that update state */
      });
      /* assert on the output */
      
      This ensures that you're testing the behavior the user would see in the browser. Learn more at https://react.dev/link/wrap-tests-with-act

    [0m [90m 373 |[39m       [36mreturn[39m[33m;[39m
     [90m 374 |[39m     }
    [31m[1m>[22m[39m[90m 375 |[39m     originalError[33m.[39mcall(console[33m,[39m [33m...[39margs)[33m;[39m
     [90m     |[39m                   [31m[1m^[22m[39m
     [90m 376 |[39m   }[33m;[39m
     [90m 377 |[39m })[33m;[39m
     [90m 378 |[39m[0m

      at console.call [as error] (jest.setup.js:375:19)
      at node_modules/.pnpm/react-dom@19.2.0_react@19.2.0/node_modules/react-dom/cjs/react-dom-client.development.js:18758:19
      at runWithFiberInDEV (node_modules/.pnpm/react-dom@19.2.0_react@19.2.0/node_modules/react-dom/cjs/react-dom-client.development.js:874:13)
      at warnIfUpdatesNotWrappedWithActDEV (node_modules/.pnpm/react-dom@19.2.0_react@19.2.0/node_modules/react-dom/cjs/react-dom-client.development.js:18757:9)
      at scheduleUpdateOnFiber (node_modules/.pnpm/react-dom@19.2.0_react@19.2.0/node_modules/react-dom/cjs/react-dom-client.development.js:16409:11)
      at dispatchSetStateInternal (node_modules/.pnpm/react-dom@19.2.0_react@19.2.0/node_modules/react-dom/cjs/react-dom-client.development.js:9170:13)
      at dispatchSetState (node_modules/.pnpm/react-dom@19.2.0_react@19.2.0/node_modules/react-dom/cjs/react-dom-client.development.js:9127:7)
      at setError (src/hooks/useSessionCheck.ts:42:7)
      at callTimer (node_modules/.pnpm/@sinonjs+fake-timers@13.0.5/node_modules/@sinonjs/fake-timers/src/fake-timers-src.js:806:24)
      at doTickInner (node_modules/.pnpm/@sinonjs+fake-timers@13.0.5/node_modules/@sinonjs/fake-timers/src/fake-timers-src.js:1413:29)
      at doTick (node_modules/.pnpm/@sinonjs+fake-timers@13.0.5/node_modules/@sinonjs/fake-timers/src/fake-timers-src.js:1494:20)
      at Object.tick (node_modules/.pnpm/@sinonjs+fake-timers@13.0.5/node_modules/@sinonjs/fake-timers/src/fake-timers-src.js:1502:20)
      at Object.runToLast (node_modules/.pnpm/@sinonjs+fake-timers@13.0.5/node_modules/@sinonjs/fake-timers/src/fake-timers-src.js:1661:26)
      at FakeTimers.runOnlyPendingTimers (node_modules/.pnpm/@jest+fake-timers@30.2.0/node_modules/@jest/fake-timers/build/index.js:542:19)
      at Object.runOnlyPendingTimers (src/hooks/__tests__/useSessionCheck.test.ts:45:10)

    console.error
      An update to TestComponent inside a test was not wrapped in act(...).
      
      When testing, code that causes React state updates should be wrapped into act(...):
      
      act(() => {
        /* fire events that update state */
      });
      /* assert on the output */
      
      This ensures that you're testing the behavior the user would see in the browser. Learn more at https://react.dev/link/wrap-tests-with-act

    [0m [90m 373 |[39m       [36mreturn[39m[33m;[39m
     [90m 374 |[39m     }
    [31m[1m>[22m[39m[90m 375 |[39m     originalError[33m.[39mcall(console[33m,[39m [33m...[39margs)[33m;[39m
     [90m     |[39m                   [31m[1m^[22m[39m
     [90m 376 |[39m   }[33m;[39m
     [90m 377 |[39m })[33m;[39m
     [90m 378 |[39m[0m

      at console.call [as error] (jest.setup.js:375:19)
      at node_modules/.pnpm/react-dom@19.2.0_react@19.2.0/node_modules/react-dom/cjs/react-dom-client.development.js:18758:19
      at runWithFiberInDEV (node_modules/.pnpm/react-dom@19.2.0_react@19.2.0/node_modules/react-dom/cjs/react-dom-client.development.js:874:13)
      at warnIfUpdatesNotWrappedWithActDEV (node_modules/.pnpm/react-dom@19.2.0_react@19.2.0/node_modules/react-dom/cjs/react-dom-client.development.js:18757:9)
      at scheduleUpdateOnFiber (node_modules/.pnpm/react-dom@19.2.0_react@19.2.0/node_modules/react-dom/cjs/react-dom-client.development.js:16409:11)
      at dispatchSetStateInternal (node_modules/.pnpm/react-dom@19.2.0_react@19.2.0/node_modules/react-dom/cjs/react-dom-client.development.js:9170:13)
      at dispatchSetState (node_modules/.pnpm/react-dom@19.2.0_react@19.2.0/node_modules/react-dom/cjs/react-dom-client.development.js:9127:7)
      at setError (src/hooks/useSessionCheck.ts:66:7)

    console.error
      Session check error: TypeError: Cannot read properties of undefined (reading 'remainingMinutes')
          at remainingMinutes (D:\Repositories\meepleai-monorepo\apps\web\src\hooks\useSessionCheck.ts:53:34)

    [0m [90m 373 |[39m       [36mreturn[39m[33m;[39m
     [90m 374 |[39m     }
    [31m[1m>[22m[39m[90m 375 |[39m     originalError[33m.[39mcall(console[33m,[39m [33m...[39margs)[33m;[39m
     [90m     |[39m                   [31m[1m^[22m[39m
     [90m 376 |[39m   }[33m;[39m
     [90m 377 |[39m })[33m;[39m
     [90m 378 |[39m[0m

      at console.call [as error] (jest.setup.js:375:19)
      at error (src/hooks/useSessionCheck.ts:67:15)

    console.error
      An update to TestComponent inside a test was not wrapped in act(...).
      
      When testing, code that causes React state updates should be wrapped into act(...):
      
      act(() => {
        /* fire events that update state */
      });
      /* assert on the output */
      
      This ensures that you're testing the behavior the user would see in the browser. Learn more at https://react.dev/link/wrap-tests-with-act

    [0m [90m 373 |[39m       [36mreturn[39m[33m;[39m
     [90m 374 |[39m     }
    [31m[1m>[22m[39m[90m 375 |[39m     originalError[33m.[39mcall(console[33m,[39m [33m...[39margs)[33m;[39m
     [90m     |[39m                   [31m[1m^[22m[39m
     [90m 376 |[39m   }[33m;[39m
     [90m 377 |[39m })[33m;[39m
     [90m 378 |[39m[0m

      at console.call [as error] (jest.setup.js:375:19)
      at node_modules/.pnpm/react-dom@19.2.0_react@19.2.0/node_modules/react-dom/cjs/react-dom-client.development.js:18758:19
      at runWithFiberInDEV (node_modules/.pnpm/react-dom@19.2.0_react@19.2.0/node_modules/react-dom/cjs/react-dom-client.development.js:874:13)
      at warnIfUpdatesNotWrappedWithActDEV (node_modules/.pnpm/react-dom@19.2.0_react@19.2.0/node_modules/react-dom/cjs/react-dom-client.development.js:18757:9)
      at scheduleUpdateOnFiber (node_modules/.pnpm/react-dom@19.2.0_react@19.2.0/node_modules/react-dom/cjs/react-dom-client.development.js:16409:11)
      at dispatchSetStateInternal (node_modules/.pnpm/react-dom@19.2.0_react@19.2.0/node_modules/react-dom/cjs/react-dom-client.development.js:9170:13)
      at dispatchSetState (node_modules/.pnpm/react-dom@19.2.0_react@19.2.0/node_modules/react-dom/cjs/react-dom-client.development.js:9127:7)
      at setIsChecking (src/hooks/useSessionCheck.ts:69:7)

    console.error
      An update to TestComponent inside a test was not wrapped in act(...).
      
      When testing, code that causes React state updates should be wrapped into act(...):
      
      act(() => {
        /* fire events that update state */
      });
      /* assert on the output */
      
      This ensures that you're testing the behavior the user would see in the browser. Learn more at https://react.dev/link/wrap-tests-with-act

    [0m [90m 373 |[39m       [36mreturn[39m[33m;[39m
     [90m 374 |[39m     }
    [31m[1m>[22m[39m[90m 375 |[39m     originalError[33m.[39mcall(console[33m,[39m [33m...[39margs)[33m;[39m
     [90m     |[39m                   [31m[1m^[22m[39m
     [90m 376 |[39m   }[33m;[39m
     [90m 377 |[39m })[33m;[39m
     [90m 378 |[39m[0m

      at console.call [as error] (jest.setup.js:375:19)
      at node_modules/.pnpm/react-dom@19.2.0_react@19.2.0/node_modules/react-dom/cjs/react-dom-client.development.js:18758:19
      at runWithFiberInDEV (node_modules/.pnpm/react-dom@19.2.0_react@19.2.0/node_modules/react-dom/cjs/react-dom-client.development.js:874:13)
      at warnIfUpdatesNotWrappedWithActDEV (node_modules/.pnpm/react-dom@19.2.0_react@19.2.0/node_modules/react-dom/cjs/react-dom-client.development.js:18757:9)
      at scheduleUpdateOnFiber (node_modules/.pnpm/react-dom@19.2.0_react@19.2.0/node_modules/react-dom/cjs/react-dom-client.development.js:16409:11)
      at dispatchSetStateInternal (node_modules/.pnpm/react-dom@19.2.0_react@19.2.0/node_modules/react-dom/cjs/react-dom-client.development.js:9170:13)
      at dispatchSetState (node_modules/.pnpm/react-dom@19.2.0_react@19.2.0/node_modules/react-dom/cjs/react-dom-client.development.js:9127:7)
      at setIsChecking (src/hooks/useSessionCheck.ts:41:7)
      at callTimer (node_modules/.pnpm/@sinonjs+fake-timers@13.0.5/node_modules/@sinonjs/fake-timers/src/fake-timers-src.js:806:24)
      at doTickInner (node_modules/.pnpm/@sinonjs+fake-timers@13.0.5/node_modules/@sinonjs/fake-timers/src/fake-timers-src.js:1413:29)
      at doTick (node_modules/.pnpm/@sinonjs+fake-timers@13.0.5/node_modules/@sinonjs/fake-timers/src/fake-timers-src.js:1494:20)
      at Object.tick (node_modules/.pnpm/@sinonjs+fake-timers@13.0.5/node_modules/@sinonjs/fake-timers/src/fake-timers-src.js:1502:20)
      at Object.runToLast (node_modules/.pnpm/@sinonjs+fake-timers@13.0.5/node_modules/@sinonjs/fake-timers/src/fake-timers-src.js:1661:26)
      at FakeTimers.runOnlyPendingTimers (node_modules/.pnpm/@jest+fake-timers@30.2.0/node_modules/@jest/fake-timers/build/index.js:542:19)
      at Object.runOnlyPendingTimers (src/hooks/__tests__/useSessionCheck.test.ts:45:10)

    console.error
      An update to TestComponent inside a test was not wrapped in act(...).
      
      When testing, code that causes React state updates should be wrapped into act(...):
      
      act(() => {
        /* fire events that update state */
      });
      /* assert on the output */
      
      This ensures that you're testing the behavior the user would see in the browser. Learn more at https://react.dev/link/wrap-tests-with-act

    [0m [90m 373 |[39m       [36mreturn[39m[33m;[39m
     [90m 374 |[39m     }
    [31m[1m>[22m[39m[90m 375 |[39m     originalError[33m.[39mcall(console[33m,[39m [33m...[39margs)[33m;[39m
     [90m     |[39m                   [31m[1m^[22m[39m
     [90m 376 |[39m   }[33m;[39m
     [90m 377 |[39m })[33m;[39m
     [90m 378 |[39m[0m

      at console.call [as error] (jest.setup.js:375:19)
      at node_modules/.pnpm/react-dom@19.2.0_react@19.2.0/node_modules/react-dom/cjs/react-dom-client.development.js:18758:19
      at runWithFiberInDEV (node_modules/.pnpm/react-dom@19.2.0_react@19.2.0/node_modules/react-dom/cjs/react-dom-client.development.js:874:13)
      at warnIfUpdatesNotWrappedWithActDEV (node_modules/.pnpm/react-dom@19.2.0_react@19.2.0/node_modules/react-dom/cjs/react-dom-client.development.js:18757:9)
      at scheduleUpdateOnFiber (node_modules/.pnpm/react-dom@19.2.0_react@19.2.0/node_modules/react-dom/cjs/react-dom-client.development.js:16409:11)
      at dispatchSetStateInternal (node_modules/.pnpm/react-dom@19.2.0_react@19.2.0/node_modules/react-dom/cjs/react-dom-client.development.js:9170:13)
      at dispatchSetState (node_modules/.pnpm/react-dom@19.2.0_react@19.2.0/node_modules/react-dom/cjs/react-dom-client.development.js:9127:7)
      at setError (src/hooks/useSessionCheck.ts:42:7)
      at callTimer (node_modules/.pnpm/@sinonjs+fake-timers@13.0.5/node_modules/@sinonjs/fake-timers/src/fake-timers-src.js:806:24)
      at doTickInner (node_modules/.pnpm/@sinonjs+fake-timers@13.0.5/node_modules/@sinonjs/fake-timers/src/fake-timers-src.js:1413:29)
      at doTick (node_modules/.pnpm/@sinonjs+fake-timers@13.0.5/node_modules/@sinonjs/fake-timers/src/fake-timers-src.js:1494:20)
      at Object.tick (node_modules/.pnpm/@sinonjs+fake-timers@13.0.5/node_modules/@sinonjs/fake-timers/src/fake-timers-src.js:1502:20)
      at Object.runToLast (node_modules/.pnpm/@sinonjs+fake-timers@13.0.5/node_modules/@sinonjs/fake-timers/src/fake-timers-src.js:1661:26)
      at FakeTimers.runOnlyPendingTimers (node_modules/.pnpm/@jest+fake-timers@30.2.0/node_modules/@jest/fake-timers/build/index.js:542:19)
      at Object.runOnlyPendingTimers (src/hooks/__tests__/useSessionCheck.test.ts:45:10)

    console.error
      An update to TestComponent inside a test was not wrapped in act(...).
      
      When testing, code that causes React state updates should be wrapped into act(...):
      
      act(() => {
        /* fire events that update state */
      });
      /* assert on the output */
      
      This ensures that you're testing the behavior the user would see in the browser. Learn more at https://react.dev/link/wrap-tests-with-act

    [0m [90m 373 |[39m       [36mreturn[39m[33m;[39m
     [90m 374 |[39m     }
    [31m[1m>[22m[39m[90m 375 |[39m     originalError[33m.[39mcall(console[33m,[39m [33m...[39margs)[33m;[39m
     [90m     |[39m                   [31m[1m^[22m[39m
     [90m 376 |[39m   }[33m;[39m
     [90m 377 |[39m })[33m;[39m
     [90m 378 |[39m[0m

      at console.call [as error] (jest.setup.js:375:19)
      at node_modules/.pnpm/react-dom@19.2.0_react@19.2.0/node_modules/react-dom/cjs/react-dom-client.development.js:18758:19
      at runWithFiberInDEV (node_modules/.pnpm/react-dom@19.2.0_react@19.2.0/node_modules/react-dom/cjs/react-dom-client.development.js:874:13)
      at warnIfUpdatesNotWrappedWithActDEV (node_modules/.pnpm/react-dom@19.2.0_react@19.2.0/node_modules/react-dom/cjs/react-dom-client.development.js:18757:9)
      at scheduleUpdateOnFiber (node_modules/.pnpm/react-dom@19.2.0_react@19.2.0/node_modules/react-dom/cjs/react-dom-client.development.js:16409:11)
      at dispatchSetStateInternal (node_modules/.pnpm/react-dom@19.2.0_react@19.2.0/node_modules/react-dom/cjs/react-dom-client.development.js:9170:13)
      at dispatchSetState (node_modules/.pnpm/react-dom@19.2.0_react@19.2.0/node_modules/react-dom/cjs/react-dom-client.development.js:9127:7)
      at setRemainingMinutes (src/hooks/useSessionCheck.ts:53:7)

    console.error
      An update to TestComponent inside a test was not wrapped in act(...).
      
      When testing, code that causes React state updates should be wrapped into act(...):
      
      act(() => {
        /* fire events that update state */
      });
      /* assert on the output */
      
      This ensures that you're testing the behavior the user would see in the browser. Learn more at https://react.dev/link/wrap-tests-with-act

    [0m [90m 373 |[39m       [36mreturn[39m[33m;[39m
     [90m 374 |[39m     }
    [31m[1m>[22m[39m[90m 375 |[39m     originalError[33m.[39mcall(console[33m,[39m [33m...[39margs)[33m;[39m
     [90m     |[39m                   [31m[1m^[22m[39m
     [90m 376 |[39m   }[33m;[39m
     [90m 377 |[39m })[33m;[39m
     [90m 378 |[39m[0m

      at console.call [as error] (jest.setup.js:375:19)
      at node_modules/.pnpm/react-dom@19.2.0_react@19.2.0/node_modules/react-dom/cjs/react-dom-client.development.js:18758:19
      at runWithFiberInDEV (node_modules/.pnpm/react-dom@19.2.0_react@19.2.0/node_modules/react-dom/cjs/react-dom-client.development.js:874:13)
      at warnIfUpdatesNotWrappedWithActDEV (node_modules/.pnpm/react-dom@19.2.0_react@19.2.0/node_modules/react-dom/cjs/react-dom-client.development.js:18757:9)
      at scheduleUpdateOnFiber (node_modules/.pnpm/react-dom@19.2.0_react@19.2.0/node_modules/react-dom/cjs/react-dom-client.development.js:16409:11)
      at dispatchSetStateInternal (node_modules/.pnpm/react-dom@19.2.0_react@19.2.0/node_modules/react-dom/cjs/react-dom-client.development.js:9170:13)
      at dispatchSetState (node_modules/.pnpm/react-dom@19.2.0_react@19.2.0/node_modules/react-dom/cjs/react-dom-client.development.js:9127:7)
      at setIsNearExpiry (src/hooks/useSessionCheck.ts:57:7)

    console.error
      An update to TestComponent inside a test was not wrapped in act(...).
      
      When testing, code that causes React state updates should be wrapped into act(...):
      
      act(() => {
        /* fire events that update state */
      });
      /* assert on the output */
      
      This ensures that you're testing the behavior the user would see in the browser. Learn more at https://react.dev/link/wrap-tests-with-act

    [0m [90m 373 |[39m       [36mreturn[39m[33m;[39m
     [90m 374 |[39m     }
    [31m[1m>[22m[39m[90m 375 |[39m     originalError[33m.[39mcall(console[33m,[39m [33m...[39margs)[33m;[39m
     [90m     |[39m                   [31m[1m^[22m[39m
     [90m 376 |[39m   }[33m;[39m
     [90m 377 |[39m })[33m;[39m
     [90m 378 |[39m[0m

      at console.call [as error] (jest.setup.js:375:19)
      at node_modules/.pnpm/react-dom@19.2.0_react@19.2.0/node_modules/react-dom/cjs/react-dom-client.development.js:18758:19
      at runWithFiberInDEV (node_modules/.pnpm/react-dom@19.2.0_react@19.2.0/node_modules/react-dom/cjs/react-dom-client.development.js:874:13)
      at warnIfUpdatesNotWrappedWithActDEV (node_modules/.pnpm/react-dom@19.2.0_react@19.2.0/node_modules/react-dom/cjs/react-dom-client.development.js:18757:9)
      at scheduleUpdateOnFiber (node_modules/.pnpm/react-dom@19.2.0_react@19.2.0/node_modules/react-dom/cjs/react-dom-client.development.js:16409:11)
      at dispatchSetStateInternal (node_modules/.pnpm/react-dom@19.2.0_react@19.2.0/node_modules/react-dom/cjs/react-dom-client.development.js:9170:13)
      at dispatchSetState (node_modules/.pnpm/react-dom@19.2.0_react@19.2.0/node_modules/react-dom/cjs/react-dom-client.development.js:9127:7)
      at setIsChecking (src/hooks/useSessionCheck.ts:69:7)

    console.error
      An update to TestComponent inside a test was not wrapped in act(...).
      
      When testing, code that causes React state updates should be wrapped into act(...):
      
      act(() => {
        /* fire events that update state */
      });
      /* assert on the output */
      
      This ensures that you're testing the behavior the user would see in the browser. Learn more at https://react.dev/link/wrap-tests-with-act

    [0m [90m 373 |[39m       [36mreturn[39m[33m;[39m
     [90m 374 |[39m     }
    [31m[1m>[22m[39m[90m 375 |[39m     originalError[33m.[39mcall(console[33m,[39m [33m...[39margs)[33m;[39m
     [90m     |[39m                   [31m[1m^[22m[39m
     [90m 376 |[39m   }[33m;[39m
     [90m 377 |[39m })[33m;[39m
     [90m 378 |[39m[0m

      at console.call [as error] (jest.setup.js:375:19)
      at node_modules/.pnpm/react-dom@19.2.0_react@19.2.0/node_modules/react-dom/cjs/react-dom-client.development.js:18758:19
      at runWithFiberInDEV (node_modules/.pnpm/react-dom@19.2.0_react@19.2.0/node_modules/react-dom/cjs/react-dom-client.development.js:874:13)
      at warnIfUpdatesNotWrappedWithActDEV (node_modules/.pnpm/react-dom@19.2.0_react@19.2.0/node_modules/react-dom/cjs/react-dom-client.development.js:18757:9)
      at scheduleUpdateOnFiber (node_modules/.pnpm/react-dom@19.2.0_react@19.2.0/node_modules/react-dom/cjs/react-dom-client.development.js:16409:11)
      at dispatchSetStateInternal (node_modules/.pnpm/react-dom@19.2.0_react@19.2.0/node_modules/react-dom/cjs/react-dom-client.development.js:9170:13)
      at dispatchSetState (node_modules/.pnpm/react-dom@19.2.0_react@19.2.0/node_modules/react-dom/cjs/react-dom-client.development.js:9127:7)
      at setIsChecking (src/hooks/useSessionCheck.ts:41:7)
      at callTimer (node_modules/.pnpm/@sinonjs+fake-timers@13.0.5/node_modules/@sinonjs/fake-timers/src/fake-timers-src.js:806:24)
      at doTickInner (node_modules/.pnpm/@sinonjs+fake-timers@13.0.5/node_modules/@sinonjs/fake-timers/src/fake-timers-src.js:1413:29)
      at doTick (node_modules/.pnpm/@sinonjs+fake-timers@13.0.5/node_modules/@sinonjs/fake-timers/src/fake-timers-src.js:1494:20)
      at Object.tick (node_modules/.pnpm/@sinonjs+fake-timers@13.0.5/node_modules/@sinonjs/fake-timers/src/fake-timers-src.js:1502:20)
      at Object.runToLast (node_modules/.pnpm/@sinonjs+fake-timers@13.0.5/node_modules/@sinonjs/fake-timers/src/fake-timers-src.js:1661:26)
      at FakeTimers.runOnlyPendingTimers (node_modules/.pnpm/@jest+fake-timers@30.2.0/node_modules/@jest/fake-timers/build/index.js:542:19)
      at Object.runOnlyPendingTimers (src/hooks/__tests__/useSessionCheck.test.ts:45:10)

    console.error
      An update to TestComponent inside a test was not wrapped in act(...).
      
      When testing, code that causes React state updates should be wrapped into act(...):
      
      act(() => {
        /* fire events that update state */
      });
      /* assert on the output */
      
      This ensures that you're testing the behavior the user would see in the browser. Learn more at https://react.dev/link/wrap-tests-with-act

    [0m [90m 373 |[39m       [36mreturn[39m[33m;[39m
     [90m 374 |[39m     }
    [31m[1m>[22m[39m[90m 375 |[39m     originalError[33m.[39mcall(console[33m,[39m [33m...[39margs)[33m;[39m
     [90m     |[39m                   [31m[1m^[22m[39m
     [90m 376 |[39m   }[33m;[39m
     [90m 377 |[39m })[33m;[39m
     [90m 378 |[39m[0m

      at console.call [as error] (jest.setup.js:375:19)
      at node_modules/.pnpm/react-dom@19.2.0_react@19.2.0/node_modules/react-dom/cjs/react-dom-client.development.js:18758:19
      at runWithFiberInDEV (node_modules/.pnpm/react-dom@19.2.0_react@19.2.0/node_modules/react-dom/cjs/react-dom-client.development.js:874:13)
      at warnIfUpdatesNotWrappedWithActDEV (node_modules/.pnpm/react-dom@19.2.0_react@19.2.0/node_modules/react-dom/cjs/react-dom-client.development.js:18757:9)
      at scheduleUpdateOnFiber (node_modules/.pnpm/react-dom@19.2.0_react@19.2.0/node_modules/react-dom/cjs/react-dom-client.development.js:16409:11)
      at dispatchSetStateInternal (node_modules/.pnpm/react-dom@19.2.0_react@19.2.0/node_modules/react-dom/cjs/react-dom-client.development.js:9170:13)
      at dispatchSetState (node_modules/.pnpm/react-dom@19.2.0_react@19.2.0/node_modules/react-dom/cjs/react-dom-client.development.js:9127:7)
      at setError (src/hooks/useSessionCheck.ts:42:7)
      at callTimer (node_modules/.pnpm/@sinonjs+fake-timers@13.0.5/node_modules/@sinonjs/fake-timers/src/fake-timers-src.js:806:24)
      at doTickInner (node_modules/.pnpm/@sinonjs+fake-timers@13.0.5/node_modules/@sinonjs/fake-timers/src/fake-timers-src.js:1413:29)
      at doTick (node_modules/.pnpm/@sinonjs+fake-timers@13.0.5/node_modules/@sinonjs/fake-timers/src/fake-timers-src.js:1494:20)
      at Object.tick (node_modules/.pnpm/@sinonjs+fake-timers@13.0.5/node_modules/@sinonjs/fake-timers/src/fake-timers-src.js:1502:20)
      at Object.runToLast (node_modules/.pnpm/@sinonjs+fake-timers@13.0.5/node_modules/@sinonjs/fake-timers/src/fake-timers-src.js:1661:26)
      at FakeTimers.runOnlyPendingTimers (node_modules/.pnpm/@jest+fake-timers@30.2.0/node_modules/@jest/fake-timers/build/index.js:542:19)
      at Object.runOnlyPendingTimers (src/hooks/__tests__/useSessionCheck.test.ts:45:10)

    console.error
      An update to TestComponent inside a test was not wrapped in act(...).
      
      When testing, code that causes React state updates should be wrapped into act(...):
      
      act(() => {
        /* fire events that update state */
      });
      /* assert on the output */
      
      This ensures that you're testing the behavior the user would see in the browser. Learn more at https://react.dev/link/wrap-tests-with-act

    [0m [90m 373 |[39m       [36mreturn[39m[33m;[39m
     [90m 374 |[39m     }
    [31m[1m>[22m[39m[90m 375 |[39m     originalError[33m.[39mcall(console[33m,[39m [33m...[39margs)[33m;[39m
     [90m     |[39m                   [31m[1m^[22m[39m
     [90m 376 |[39m   }[33m;[39m
     [90m 377 |[39m })[33m;[39m
     [90m 378 |[39m[0m

      at console.call [as error] (jest.setup.js:375:19)
      at node_modules/.pnpm/react-dom@19.2.0_react@19.2.0/node_modules/react-dom/cjs/react-dom-client.development.js:18758:19
      at runWithFiberInDEV (node_modules/.pnpm/react-dom@19.2.0_react@19.2.0/node_modules/react-dom/cjs/react-dom-client.development.js:874:13)
      at warnIfUpdatesNotWrappedWithActDEV (node_modules/.pnpm/react-dom@19.2.0_react@19.2.0/node_modules/react-dom/cjs/react-dom-client.development.js:18757:9)
      at scheduleUpdateOnFiber (node_modules/.pnpm/react-dom@19.2.0_react@19.2.0/node_modules/react-dom/cjs/react-dom-client.development.js:16409:11)
      at dispatchSetStateInternal (node_modules/.pnpm/react-dom@19.2.0_react@19.2.0/node_modules/react-dom/cjs/react-dom-client.development.js:9170:13)
      at dispatchSetState (node_modules/.pnpm/react-dom@19.2.0_react@19.2.0/node_modules/react-dom/cjs/react-dom-client.development.js:9127:7)
      at setRemainingMinutes (src/hooks/useSessionCheck.ts:53:7)

    console.error
      An update to TestComponent inside a test was not wrapped in act(...).
      
      When testing, code that causes React state updates should be wrapped into act(...):
      
      act(() => {
        /* fire events that update state */
      });
      /* assert on the output */
      
      This ensures that you're testing the behavior the user would see in the browser. Learn more at https://react.dev/link/wrap-tests-with-act

    [0m [90m 373 |[39m       [36mreturn[39m[33m;[39m
     [90m 374 |[39m     }
    [31m[1m>[22m[39m[90m 375 |[39m     originalError[33m.[39mcall(console[33m,[39m [33m...[39margs)[33m;[39m
     [90m     |[39m                   [31m[1m^[22m[39m
     [90m 376 |[39m   }[33m;[39m
     [90m 377 |[39m })[33m;[39m
     [90m 378 |[39m[0m

      at console.call [as error] (jest.setup.js:375:19)
      at node_modules/.pnpm/react-dom@19.2.0_react@19.2.0/node_modules/react-dom/cjs/react-dom-client.development.js:18758:19
      at runWithFiberInDEV (node_modules/.pnpm/react-dom@19.2.0_react@19.2.0/node_modules/react-dom/cjs/react-dom-client.development.js:874:13)
      at warnIfUpdatesNotWrappedWithActDEV (node_modules/.pnpm/react-dom@19.2.0_react@19.2.0/node_modules/react-dom/cjs/react-dom-client.development.js:18757:9)
      at scheduleUpdateOnFiber (node_modules/.pnpm/react-dom@19.2.0_react@19.2.0/node_modules/react-dom/cjs/react-dom-client.development.js:16409:11)
      at dispatchSetStateInternal (node_modules/.pnpm/react-dom@19.2.0_react@19.2.0/node_modules/react-dom/cjs/react-dom-client.development.js:9170:13)
      at dispatchSetState (node_modules/.pnpm/react-dom@19.2.0_react@19.2.0/node_modules/react-dom/cjs/react-dom-client.development.js:9127:7)
      at setIsNearExpiry (src/hooks/useSessionCheck.ts:57:7)

    console.error
      An update to TestComponent inside a test was not wrapped in act(...).
      
      When testing, code that causes React state updates should be wrapped into act(...):
      
      act(() => {
        /* fire events that update state */
      });
      /* assert on the output */
      
      This ensures that you're testing the behavior the user would see in the browser. Learn more at https://react.dev/link/wrap-tests-with-act

    [0m [90m 373 |[39m       [36mreturn[39m[33m;[39m
     [90m 374 |[39m     }
    [31m[1m>[22m[39m[90m 375 |[39m     originalError[33m.[39mcall(console[33m,[39m [33m...[39margs)[33m;[39m
     [90m     |[39m                   [31m[1m^[22m[39m
     [90m 376 |[39m   }[33m;[39m
     [90m 377 |[39m })[33m;[39m
     [90m 378 |[39m[0m

      at console.call [as error] (jest.setup.js:375:19)
      at node_modules/.pnpm/react-dom@19.2.0_react@19.2.0/node_modules/react-dom/cjs/react-dom-client.development.js:18758:19
      at runWithFiberInDEV (node_modules/.pnpm/react-dom@19.2.0_react@19.2.0/node_modules/react-dom/cjs/react-dom-client.development.js:874:13)
      at warnIfUpdatesNotWrappedWithActDEV (node_modules/.pnpm/react-dom@19.2.0_react@19.2.0/node_modules/react-dom/cjs/react-dom-client.development.js:18757:9)
      at scheduleUpdateOnFiber (node_modules/.pnpm/react-dom@19.2.0_react@19.2.0/node_modules/react-dom/cjs/react-dom-client.development.js:16409:11)
      at dispatchSetStateInternal (node_modules/.pnpm/react-dom@19.2.0_react@19.2.0/node_modules/react-dom/cjs/react-dom-client.development.js:9170:13)
      at dispatchSetState (node_modules/.pnpm/react-dom@19.2.0_react@19.2.0/node_modules/react-dom/cjs/react-dom-client.development.js:9127:7)
      at setIsChecking (src/hooks/useSessionCheck.ts:69:7)

    console.error
      An update to TestComponent inside a test was not wrapped in act(...).
      
      When testing, code that causes React state updates should be wrapped into act(...):
      
      act(() => {
        /* fire events that update state */
      });
      /* assert on the output */
      
      This ensures that you're testing the behavior the user would see in the browser. Learn more at https://react.dev/link/wrap-tests-with-act

    [0m [90m 373 |[39m       [36mreturn[39m[33m;[39m
     [90m 374 |[39m     }
    [31m[1m>[22m[39m[90m 375 |[39m     originalError[33m.[39mcall(console[33m,[39m [33m...[39margs)[33m;[39m
     [90m     |[39m                   [31m[1m^[22m[39m
     [90m 376 |[39m   }[33m;[39m
     [90m 377 |[39m })[33m;[39m
     [90m 378 |[39m[0m

      at console.call [as error] (jest.setup.js:375:19)
      at node_modules/.pnpm/react-dom@19.2.0_react@19.2.0/node_modules/react-dom/cjs/react-dom-client.development.js:18758:19
      at runWithFiberInDEV (node_modules/.pnpm/react-dom@19.2.0_react@19.2.0/node_modules/react-dom/cjs/react-dom-client.development.js:874:13)
      at warnIfUpdatesNotWrappedWithActDEV (node_modules/.pnpm/react-dom@19.2.0_react@19.2.0/node_modules/react-dom/cjs/react-dom-client.development.js:18757:9)
      at scheduleUpdateOnFiber (node_modules/.pnpm/react-dom@19.2.0_react@19.2.0/node_modules/react-dom/cjs/react-dom-client.development.js:16409:11)
      at dispatchSetStateInternal (node_modules/.pnpm/react-dom@19.2.0_react@19.2.0/node_modules/react-dom/cjs/react-dom-client.development.js:9170:13)
      at dispatchSetState (node_modules/.pnpm/react-dom@19.2.0_react@19.2.0/node_modules/react-dom/cjs/react-dom-client.development.js:9127:7)
      at setIsChecking (src/hooks/useSessionCheck.ts:41:7)
      at callTimer (node_modules/.pnpm/@sinonjs+fake-timers@13.0.5/node_modules/@sinonjs/fake-timers/src/fake-timers-src.js:806:24)
      at doTickInner (node_modules/.pnpm/@sinonjs+fake-timers@13.0.5/node_modules/@sinonjs/fake-timers/src/fake-timers-src.js:1413:29)
      at doTick (node_modules/.pnpm/@sinonjs+fake-timers@13.0.5/node_modules/@sinonjs/fake-timers/src/fake-timers-src.js:1494:20)
      at Object.tick (node_modules/.pnpm/@sinonjs+fake-timers@13.0.5/node_modules/@sinonjs/fake-timers/src/fake-timers-src.js:1502:20)
      at Object.runToLast (node_modules/.pnpm/@sinonjs+fake-timers@13.0.5/node_modules/@sinonjs/fake-timers/src/fake-timers-src.js:1661:26)
      at FakeTimers.runOnlyPendingTimers (node_modules/.pnpm/@jest+fake-timers@30.2.0/node_modules/@jest/fake-timers/build/index.js:542:19)
      at Object.runOnlyPendingTimers (src/hooks/__tests__/useSessionCheck.test.ts:45:10)

    console.error
      An update to TestComponent inside a test was not wrapped in act(...).
      
      When testing, code that causes React state updates should be wrapped into act(...):
      
      act(() => {
        /* fire events that update state */
      });
      /* assert on the output */
      
      This ensures that you're testing the behavior the user would see in the browser. Learn more at https://react.dev/link/wrap-tests-with-act

    [0m [90m 373 |[39m       [36mreturn[39m[33m;[39m
     [90m 374 |[39m     }
    [31m[1m>[22m[39m[90m 375 |[39m     originalError[33m.[39mcall(console[33m,[39m [33m...[39margs)[33m;[39m
     [90m     |[39m                   [31m[1m^[22m[39m
     [90m 376 |[39m   }[33m;[39m
     [90m 377 |[39m })[33m;[39m
     [90m 378 |[39m[0m

      at console.call [as error] (jest.setup.js:375:19)
      at node_modules/.pnpm/react-dom@19.2.0_react@19.2.0/node_modules/react-dom/cjs/react-dom-client.development.js:18758:19
      at runWithFiberInDEV (node_modules/.pnpm/react-dom@19.2.0_react@19.2.0/node_modules/react-dom/cjs/react-dom-client.development.js:874:13)
      at warnIfUpdatesNotWrappedWithActDEV (node_modules/.pnpm/react-dom@19.2.0_react@19.2.0/node_modules/react-dom/cjs/react-dom-client.development.js:18757:9)
      at scheduleUpdateOnFiber (node_modules/.pnpm/react-dom@19.2.0_react@19.2.0/node_modules/react-dom/cjs/react-dom-client.development.js:16409:11)
      at dispatchSetStateInternal (node_modules/.pnpm/react-dom@19.2.0_react@19.2.0/node_modules/react-dom/cjs/react-dom-client.development.js:9170:13)
      at dispatchSetState (node_modules/.pnpm/react-dom@19.2.0_react@19.2.0/node_modules/react-dom/cjs/react-dom-client.development.js:9127:7)
      at setError (src/hooks/useSessionCheck.ts:42:7)
      at callTimer (node_modules/.pnpm/@sinonjs+fake-timers@13.0.5/node_modules/@sinonjs/fake-timers/src/fake-timers-src.js:806:24)
      at doTickInner (node_modules/.pnpm/@sinonjs+fake-timers@13.0.5/node_modules/@sinonjs/fake-timers/src/fake-timers-src.js:1413:29)
      at doTick (node_modules/.pnpm/@sinonjs+fake-timers@13.0.5/node_modules/@sinonjs/fake-timers/src/fake-timers-src.js:1494:20)
      at Object.tick (node_modules/.pnpm/@sinonjs+fake-timers@13.0.5/node_modules/@sinonjs/fake-timers/src/fake-timers-src.js:1502:20)
      at Object.runToLast (node_modules/.pnpm/@sinonjs+fake-timers@13.0.5/node_modules/@sinonjs/fake-timers/src/fake-timers-src.js:1661:26)
      at FakeTimers.runOnlyPendingTimers (node_modules/.pnpm/@jest+fake-timers@30.2.0/node_modules/@jest/fake-timers/build/index.js:542:19)
      at Object.runOnlyPendingTimers (src/hooks/__tests__/useSessionCheck.test.ts:45:10)

    console.error
      An update to TestComponent inside a test was not wrapped in act(...).
      
      When testing, code that causes React state updates should be wrapped into act(...):
      
      act(() => {
        /* fire events that update state */
      });
      /* assert on the output */
      
      This ensures that you're testing the behavior the user would see in the browser. Learn more at https://react.dev/link/wrap-tests-with-act

    [0m [90m 373 |[39m       [36mreturn[39m[33m;[39m
     [90m 374 |[39m     }
    [31m[1m>[22m[39m[90m 375 |[39m     originalError[33m.[39mcall(console[33m,[39m [33m...[39margs)[33m;[39m
     [90m     |[39m                   [31m[1m^[22m[39m
     [90m 376 |[39m   }[33m;[39m
     [90m 377 |[39m })[33m;[39m
     [90m 378 |[39m[0m

      at console.call [as error] (jest.setup.js:375:19)
      at node_modules/.pnpm/react-dom@19.2.0_react@19.2.0/node_modules/react-dom/cjs/react-dom-client.development.js:18758:19
      at runWithFiberInDEV (node_modules/.pnpm/react-dom@19.2.0_react@19.2.0/node_modules/react-dom/cjs/react-dom-client.development.js:874:13)
      at warnIfUpdatesNotWrappedWithActDEV (node_modules/.pnpm/react-dom@19.2.0_react@19.2.0/node_modules/react-dom/cjs/react-dom-client.development.js:18757:9)
      at scheduleUpdateOnFiber (node_modules/.pnpm/react-dom@19.2.0_react@19.2.0/node_modules/react-dom/cjs/react-dom-client.development.js:16409:11)
      at dispatchSetStateInternal (node_modules/.pnpm/react-dom@19.2.0_react@19.2.0/node_modules/react-dom/cjs/react-dom-client.development.js:9170:13)
      at dispatchSetState (node_modules/.pnpm/react-dom@19.2.0_react@19.2.0/node_modules/react-dom/cjs/react-dom-client.development.js:9127:7)
      at setRemainingMinutes (src/hooks/useSessionCheck.ts:53:7)

    console.error
      An update to TestComponent inside a test was not wrapped in act(...).
      
      When testing, code that causes React state updates should be wrapped into act(...):
      
      act(() => {
        /* fire events that update state */
      });
      /* assert on the output */
      
      This ensures that you're testing the behavior the user would see in the browser. Learn more at https://react.dev/link/wrap-tests-with-act

    [0m [90m 373 |[39m       [36mreturn[39m[33m;[39m
     [90m 374 |[39m     }
    [31m[1m>[22m[39m[90m 375 |[39m     originalError[33m.[39mcall(console[33m,[39m [33m...[39margs)[33m;[39m
     [90m     |[39m                   [31m[1m^[22m[39m
     [90m 376 |[39m   }[33m;[39m
     [90m 377 |[39m })[33m;[39m
     [90m 378 |[39m[0m

      at console.call [as error] (jest.setup.js:375:19)
      at node_modules/.pnpm/react-dom@19.2.0_react@19.2.0/node_modules/react-dom/cjs/react-dom-client.development.js:18758:19
      at runWithFiberInDEV (node_modules/.pnpm/react-dom@19.2.0_react@19.2.0/node_modules/react-dom/cjs/react-dom-client.development.js:874:13)
      at warnIfUpdatesNotWrappedWithActDEV (node_modules/.pnpm/react-dom@19.2.0_react@19.2.0/node_modules/react-dom/cjs/react-dom-client.development.js:18757:9)
      at scheduleUpdateOnFiber (node_modules/.pnpm/react-dom@19.2.0_react@19.2.0/node_modules/react-dom/cjs/react-dom-client.development.js:16409:11)
      at dispatchSetStateInternal (node_modules/.pnpm/react-dom@19.2.0_react@19.2.0/node_modules/react-dom/cjs/react-dom-client.development.js:9170:13)
      at dispatchSetState (node_modules/.pnpm/react-dom@19.2.0_react@19.2.0/node_modules/react-dom/cjs/react-dom-client.development.js:9127:7)
      at setIsNearExpiry (src/hooks/useSessionCheck.ts:57:7)

    console.error
      An update to TestComponent inside a test was not wrapped in act(...).
      
      When testing, code that causes React state updates should be wrapped into act(...):
      
      act(() => {
        /* fire events that update state */
      });
      /* assert on the output */
      
      This ensures that you're testing the behavior the user would see in the browser. Learn more at https://react.dev/link/wrap-tests-with-act

    [0m [90m 373 |[39m       [36mreturn[39m[33m;[39m
     [90m 374 |[39m     }
    [31m[1m>[22m[39m[90m 375 |[39m     originalError[33m.[39mcall(console[33m,[39m [33m...[39margs)[33m;[39m
     [90m     |[39m                   [31m[1m^[22m[39m
     [90m 376 |[39m   }[33m;[39m
     [90m 377 |[39m })[33m;[39m
     [90m 378 |[39m[0m

      at console.call [as error] (jest.setup.js:375:19)
      at node_modules/.pnpm/react-dom@19.2.0_react@19.2.0/node_modules/react-dom/cjs/react-dom-client.development.js:18758:19
      at runWithFiberInDEV (node_modules/.pnpm/react-dom@19.2.0_react@19.2.0/node_modules/react-dom/cjs/react-dom-client.development.js:874:13)
      at warnIfUpdatesNotWrappedWithActDEV (node_modules/.pnpm/react-dom@19.2.0_react@19.2.0/node_modules/react-dom/cjs/react-dom-client.development.js:18757:9)
      at scheduleUpdateOnFiber (node_modules/.pnpm/react-dom@19.2.0_react@19.2.0/node_modules/react-dom/cjs/react-dom-client.development.js:16409:11)
      at dispatchSetStateInternal (node_modules/.pnpm/react-dom@19.2.0_react@19.2.0/node_modules/react-dom/cjs/react-dom-client.development.js:9170:13)
      at dispatchSetState (node_modules/.pnpm/react-dom@19.2.0_react@19.2.0/node_modules/react-dom/cjs/react-dom-client.development.js:9127:7)
      at setIsChecking (src/hooks/useSessionCheck.ts:69:7)

    console.error
      An update to TestComponent inside a test was not wrapped in act(...).
      
      When testing, code that causes React state updates should be wrapped into act(...):
      
      act(() => {
        /* fire events that update state */
      });
      /* assert on the output */
      
      This ensures that you're testing the behavior the user would see in the browser. Learn more at https://react.dev/link/wrap-tests-with-act

    [0m [90m 373 |[39m       [36mreturn[39m[33m;[39m
     [90m 374 |[39m     }
    [31m[1m>[22m[39m[90m 375 |[39m     originalError[33m.[39mcall(console[33m,[39m [33m...[39margs)[33m;[39m
     [90m     |[39m                   [31m[1m^[22m[39m
     [90m 376 |[39m   }[33m;[39m
     [90m 377 |[39m })[33m;[39m
     [90m 378 |[39m[0m

      at console.call [as error] (jest.setup.js:375:19)
      at node_modules/.pnpm/react-dom@19.2.0_react@19.2.0/node_modules/react-dom/cjs/react-dom-client.development.js:18758:19
      at runWithFiberInDEV (node_modules/.pnpm/react-dom@19.2.0_react@19.2.0/node_modules/react-dom/cjs/react-dom-client.development.js:874:13)
      at warnIfUpdatesNotWrappedWithActDEV (node_modules/.pnpm/react-dom@19.2.0_react@19.2.0/node_modules/react-dom/cjs/react-dom-client.development.js:18757:9)
      at scheduleUpdateOnFiber (node_modules/.pnpm/react-dom@19.2.0_react@19.2.0/node_modules/react-dom/cjs/react-dom-client.development.js:16409:11)
      at dispatchSetStateInternal (node_modules/.pnpm/react-dom@19.2.0_react@19.2.0/node_modules/react-dom/cjs/react-dom-client.development.js:9170:13)
      at dispatchSetState (node_modules/.pnpm/react-dom@19.2.0_react@19.2.0/node_modules/react-dom/cjs/react-dom-client.development.js:9127:7)
      at setIsChecking (src/hooks/useSessionCheck.ts:41:7)
      at callTimer (node_modules/.pnpm/@sinonjs+fake-timers@13.0.5/node_modules/@sinonjs/fake-timers/src/fake-timers-src.js:806:24)
      at doTickInner (node_modules/.pnpm/@sinonjs+fake-timers@13.0.5/node_modules/@sinonjs/fake-timers/src/fake-timers-src.js:1413:29)
      at doTick (node_modules/.pnpm/@sinonjs+fake-timers@13.0.5/node_modules/@sinonjs/fake-timers/src/fake-timers-src.js:1494:20)
      at Object.tick (node_modules/.pnpm/@sinonjs+fake-timers@13.0.5/node_modules/@sinonjs/fake-timers/src/fake-timers-src.js:1502:20)
      at Object.runToLast (node_modules/.pnpm/@sinonjs+fake-timers@13.0.5/node_modules/@sinonjs/fake-timers/src/fake-timers-src.js:1661:26)
      at FakeTimers.runOnlyPendingTimers (node_modules/.pnpm/@jest+fake-timers@30.2.0/node_modules/@jest/fake-timers/build/index.js:542:19)
      at Object.runOnlyPendingTimers (src/hooks/__tests__/useSessionCheck.test.ts:45:10)

    console.error
      An update to TestComponent inside a test was not wrapped in act(...).
      
      When testing, code that causes React state updates should be wrapped into act(...):
      
      act(() => {
        /* fire events that update state */
      });
      /* assert on the output */
      
      This ensures that you're testing the behavior the user would see in the browser. Learn more at https://react.dev/link/wrap-tests-with-act

    [0m [90m 373 |[39m       [36mreturn[39m[33m;[39m
     [90m 374 |[39m     }
    [31m[1m>[22m[39m[90m 375 |[39m     originalError[33m.[39mcall(console[33m,[39m [33m...[39margs)[33m;[39m
     [90m     |[39m                   [31m[1m^[22m[39m
     [90m 376 |[39m   }[33m;[39m
     [90m 377 |[39m })[33m;[39m
     [90m 378 |[39m[0m

      at console.call [as error] (jest.setup.js:375:19)
      at node_modules/.pnpm/react-dom@19.2.0_react@19.2.0/node_modules/react-dom/cjs/react-dom-client.development.js:18758:19
      at runWithFiberInDEV (node_modules/.pnpm/react-dom@19.2.0_react@19.2.0/node_modules/react-dom/cjs/react-dom-client.development.js:874:13)
      at warnIfUpdatesNotWrappedWithActDEV (node_modules/.pnpm/react-dom@19.2.0_react@19.2.0/node_modules/react-dom/cjs/react-dom-client.development.js:18757:9)
      at scheduleUpdateOnFiber (node_modules/.pnpm/react-dom@19.2.0_react@19.2.0/node_modules/react-dom/cjs/react-dom-client.development.js:16409:11)
      at dispatchSetStateInternal (node_modules/.pnpm/react-dom@19.2.0_react@19.2.0/node_modules/react-dom/cjs/react-dom-client.development.js:9170:13)
      at dispatchSetState (node_modules/.pnpm/react-dom@19.2.0_react@19.2.0/node_modules/react-dom/cjs/react-dom-client.development.js:9127:7)
      at setError (src/hooks/useSessionCheck.ts:42:7)
      at callTimer (node_modules/.pnpm/@sinonjs+fake-timers@13.0.5/node_modules/@sinonjs/fake-timers/src/fake-timers-src.js:806:24)
      at doTickInner (node_modules/.pnpm/@sinonjs+fake-timers@13.0.5/node_modules/@sinonjs/fake-timers/src/fake-timers-src.js:1413:29)
      at doTick (node_modules/.pnpm/@sinonjs+fake-timers@13.0.5/node_modules/@sinonjs/fake-timers/src/fake-timers-src.js:1494:20)
      at Object.tick (node_modules/.pnpm/@sinonjs+fake-timers@13.0.5/node_modules/@sinonjs/fake-timers/src/fake-timers-src.js:1502:20)
      at Object.runToLast (node_modules/.pnpm/@sinonjs+fake-timers@13.0.5/node_modules/@sinonjs/fake-timers/src/fake-timers-src.js:1661:26)
      at FakeTimers.runOnlyPendingTimers (node_modules/.pnpm/@jest+fake-timers@30.2.0/node_modules/@jest/fake-timers/build/index.js:542:19)
      at Object.runOnlyPendingTimers (src/hooks/__tests__/useSessionCheck.test.ts:45:10)

    console.error
      An update to TestComponent inside a test was not wrapped in act(...).
      
      When testing, code that causes React state updates should be wrapped into act(...):
      
      act(() => {
        /* fire events that update state */
      });
      /* assert on the output */
      
      This ensures that you're testing the behavior the user would see in the browser. Learn more at https://react.dev/link/wrap-tests-with-act

    [0m [90m 373 |[39m       [36mreturn[39m[33m;[39m
     [90m 374 |[39m     }
    [31m[1m>[22m[39m[90m 375 |[39m     originalError[33m.[39mcall(console[33m,[39m [33m...[39margs)[33m;[39m
     [90m     |[39m                   [31m[1m^[22m[39m
     [90m 376 |[39m   }[33m;[39m
     [90m 377 |[39m })[33m;[39m
     [90m 378 |[39m[0m

      at console.call [as error] (jest.setup.js:375:19)
      at node_modules/.pnpm/react-dom@19.2.0_react@19.2.0/node_modules/react-dom/cjs/react-dom-client.development.js:18758:19
      at runWithFiberInDEV (node_modules/.pnpm/react-dom@19.2.0_react@19.2.0/node_modules/react-dom/cjs/react-dom-client.development.js:874:13)
      at warnIfUpdatesNotWrappedWithActDEV (node_modules/.pnpm/react-dom@19.2.0_react@19.2.0/node_modules/react-dom/cjs/react-dom-client.development.js:18757:9)
      at scheduleUpdateOnFiber (node_modules/.pnpm/react-dom@19.2.0_react@19.2.0/node_modules/react-dom/cjs/react-dom-client.development.js:16409:11)
      at dispatchSetStateInternal (node_modules/.pnpm/react-dom@19.2.0_react@19.2.0/node_modules/react-dom/cjs/react-dom-client.development.js:9170:13)
      at dispatchSetState (node_modules/.pnpm/react-dom@19.2.0_react@19.2.0/node_modules/react-dom/cjs/react-dom-client.development.js:9127:7)
      at setRemainingMinutes (src/hooks/useSessionCheck.ts:53:7)

    console.error
      An update to TestComponent inside a test was not wrapped in act(...).
      
      When testing, code that causes React state updates should be wrapped into act(...):
      
      act(() => {
        /* fire events that update state */
      });
      /* assert on the output */
      
      This ensures that you're testing the behavior the user would see in the browser. Learn more at https://react.dev/link/wrap-tests-with-act

    [0m [90m 373 |[39m       [36mreturn[39m[33m;[39m
     [90m 374 |[39m     }
    [31m[1m>[22m[39m[90m 375 |[39m     originalError[33m.[39mcall(console[33m,[39m [33m...[39margs)[33m;[39m
     [90m     |[39m                   [31m[1m^[22m[39m
     [90m 376 |[39m   }[33m;[39m
     [90m 377 |[39m })[33m;[39m
     [90m 378 |[39m[0m

      at console.call [as error] (jest.setup.js:375:19)
      at node_modules/.pnpm/react-dom@19.2.0_react@19.2.0/node_modules/react-dom/cjs/react-dom-client.development.js:18758:19
      at runWithFiberInDEV (node_modules/.pnpm/react-dom@19.2.0_react@19.2.0/node_modules/react-dom/cjs/react-dom-client.development.js:874:13)
      at warnIfUpdatesNotWrappedWithActDEV (node_modules/.pnpm/react-dom@19.2.0_react@19.2.0/node_modules/react-dom/cjs/react-dom-client.development.js:18757:9)
      at scheduleUpdateOnFiber (node_modules/.pnpm/react-dom@19.2.0_react@19.2.0/node_modules/react-dom/cjs/react-dom-client.development.js:16409:11)
      at dispatchSetStateInternal (node_modules/.pnpm/react-dom@19.2.0_react@19.2.0/node_modules/react-dom/cjs/react-dom-client.development.js:9170:13)
      at dispatchSetState (node_modules/.pnpm/react-dom@19.2.0_react@19.2.0/node_modules/react-dom/cjs/react-dom-client.development.js:9127:7)
      at setIsNearExpiry (src/hooks/useSessionCheck.ts:57:7)

    console.error
      An update to TestComponent inside a test was not wrapped in act(...).
      
      When testing, code that causes React state updates should be wrapped into act(...):
      
      act(() => {
        /* fire events that update state */
      });
      /* assert on the output */
      
      This ensures that you're testing the behavior the user would see in the browser. Learn more at https://react.dev/link/wrap-tests-with-act

    [0m [90m 373 |[39m       [36mreturn[39m[33m;[39m
     [90m 374 |[39m     }
    [31m[1m>[22m[39m[90m 375 |[39m     originalError[33m.[39mcall(console[33m,[39m [33m...[39margs)[33m;[39m
     [90m     |[39m                   [31m[1m^[22m[39m
     [90m 376 |[39m   }[33m;[39m
     [90m 377 |[39m })[33m;[39m
     [90m 378 |[39m[0m

      at console.call [as error] (jest.setup.js:375:19)
      at node_modules/.pnpm/react-dom@19.2.0_react@19.2.0/node_modules/react-dom/cjs/react-dom-client.development.js:18758:19
      at runWithFiberInDEV (node_modules/.pnpm/react-dom@19.2.0_react@19.2.0/node_modules/react-dom/cjs/react-dom-client.development.js:874:13)
      at warnIfUpdatesNotWrappedWithActDEV (node_modules/.pnpm/react-dom@19.2.0_react@19.2.0/node_modules/react-dom/cjs/react-dom-client.development.js:18757:9)
      at scheduleUpdateOnFiber (node_modules/.pnpm/react-dom@19.2.0_react@19.2.0/node_modules/react-dom/cjs/react-dom-client.development.js:16409:11)
      at dispatchSetStateInternal (node_modules/.pnpm/react-dom@19.2.0_react@19.2.0/node_modules/react-dom/cjs/react-dom-client.development.js:9170:13)
      at dispatchSetState (node_modules/.pnpm/react-dom@19.2.0_react@19.2.0/node_modules/react-dom/cjs/react-dom-client.development.js:9127:7)
      at setIsChecking (src/hooks/useSessionCheck.ts:69:7)

    console.error
      An update to TestComponent inside a test was not wrapped in act(...).
      
      When testing, code that causes React state updates should be wrapped into act(...):
      
      act(() => {
        /* fire events that update state */
      });
      /* assert on the output */
      
      This ensures that you're testing the behavior the user would see in the browser. Learn more at https://react.dev/link/wrap-tests-with-act

    [0m [90m 373 |[39m       [36mreturn[39m[33m;[39m
     [90m 374 |[39m     }
    [31m[1m>[22m[39m[90m 375 |[39m     originalError[33m.[39mcall(console[33m,[39m [33m...[39margs)[33m;[39m
     [90m     |[39m                   [31m[1m^[22m[39m
     [90m 376 |[39m   }[33m;[39m
     [90m 377 |[39m })[33m;[39m
     [90m 378 |[39m[0m

      at console.call [as error] (jest.setup.js:375:19)
      at node_modules/.pnpm/react-dom@19.2.0_react@19.2.0/node_modules/react-dom/cjs/react-dom-client.development.js:18758:19
      at runWithFiberInDEV (node_modules/.pnpm/react-dom@19.2.0_react@19.2.0/node_modules/react-dom/cjs/react-dom-client.development.js:874:13)
      at warnIfUpdatesNotWrappedWithActDEV (node_modules/.pnpm/react-dom@19.2.0_react@19.2.0/node_modules/react-dom/cjs/react-dom-client.development.js:18757:9)
      at scheduleUpdateOnFiber (node_modules/.pnpm/react-dom@19.2.0_react@19.2.0/node_modules/react-dom/cjs/react-dom-client.development.js:16409:11)
      at dispatchSetStateInternal (node_modules/.pnpm/react-dom@19.2.0_react@19.2.0/node_modules/react-dom/cjs/react-dom-client.development.js:9170:13)
      at dispatchSetState (node_modules/.pnpm/react-dom@19.2.0_react@19.2.0/node_modules/react-dom/cjs/react-dom-client.development.js:9127:7)
      at setIsChecking (src/hooks/useSessionCheck.ts:41:7)
      at callTimer (node_modules/.pnpm/@sinonjs+fake-timers@13.0.5/node_modules/@sinonjs/fake-timers/src/fake-timers-src.js:806:24)
      at doTickInner (node_modules/.pnpm/@sinonjs+fake-timers@13.0.5/node_modules/@sinonjs/fake-timers/src/fake-timers-src.js:1413:29)
      at doTick (node_modules/.pnpm/@sinonjs+fake-timers@13.0.5/node_modules/@sinonjs/fake-timers/src/fake-timers-src.js:1494:20)
      at Object.tick (node_modules/.pnpm/@sinonjs+fake-timers@13.0.5/node_modules/@sinonjs/fake-timers/src/fake-timers-src.js:1502:20)
      at Object.runToLast (node_modules/.pnpm/@sinonjs+fake-timers@13.0.5/node_modules/@sinonjs/fake-timers/src/fake-timers-src.js:1661:26)
      at FakeTimers.runOnlyPendingTimers (node_modules/.pnpm/@jest+fake-timers@30.2.0/node_modules/@jest/fake-timers/build/index.js:542:19)
      at Object.runOnlyPendingTimers (src/hooks/__tests__/useSessionCheck.test.ts:45:10)

    console.error
      An update to TestComponent inside a test was not wrapped in act(...).
      
      When testing, code that causes React state updates should be wrapped into act(...):
      
      act(() => {
        /* fire events that update state */
      });
      /* assert on the output */
      
      This ensures that you're testing the behavior the user would see in the browser. Learn more at https://react.dev/link/wrap-tests-with-act

    [0m [90m 373 |[39m       [36mreturn[39m[33m;[39m
     [90m 374 |[39m     }
    [31m[1m>[22m[39m[90m 375 |[39m     originalError[33m.[39mcall(console[33m,[39m [33m...[39margs)[33m;[39m
     [90m     |[39m                   [31m[1m^[22m[39m
     [90m 376 |[39m   }[33m;[39m
     [90m 377 |[39m })[33m;[39m
     [90m 378 |[39m[0m

      at console.call [as error] (jest.setup.js:375:19)
      at node_modules/.pnpm/react-dom@19.2.0_react@19.2.0/node_modules/react-dom/cjs/react-dom-client.development.js:18758:19
      at runWithFiberInDEV (node_modules/.pnpm/react-dom@19.2.0_react@19.2.0/node_modules/react-dom/cjs/react-dom-client.development.js:874:13)
      at warnIfUpdatesNotWrappedWithActDEV (node_modules/.pnpm/react-dom@19.2.0_react@19.2.0/node_modules/react-dom/cjs/react-dom-client.development.js:18757:9)
      at scheduleUpdateOnFiber (node_modules/.pnpm/react-dom@19.2.0_react@19.2.0/node_modules/react-dom/cjs/react-dom-client.development.js:16409:11)
      at dispatchSetStateInternal (node_modules/.pnpm/react-dom@19.2.0_react@19.2.0/node_modules/react-dom/cjs/react-dom-client.development.js:9170:13)
      at dispatchSetState (node_modules/.pnpm/react-dom@19.2.0_react@19.2.0/node_modules/react-dom/cjs/react-dom-client.development.js:9127:7)
      at setError (src/hooks/useSessionCheck.ts:42:7)
      at callTimer (node_modules/.pnpm/@sinonjs+fake-timers@13.0.5/node_modules/@sinonjs/fake-timers/src/fake-timers-src.js:806:24)
      at doTickInner (node_modules/.pnpm/@sinonjs+fake-timers@13.0.5/node_modules/@sinonjs/fake-timers/src/fake-timers-src.js:1413:29)
      at doTick (node_modules/.pnpm/@sinonjs+fake-timers@13.0.5/node_modules/@sinonjs/fake-timers/src/fake-timers-src.js:1494:20)
      at Object.tick (node_modules/.pnpm/@sinonjs+fake-timers@13.0.5/node_modules/@sinonjs/fake-timers/src/fake-timers-src.js:1502:20)
      at Object.runToLast (node_modules/.pnpm/@sinonjs+fake-timers@13.0.5/node_modules/@sinonjs/fake-timers/src/fake-timers-src.js:1661:26)
      at FakeTimers.runOnlyPendingTimers (node_modules/.pnpm/@jest+fake-timers@30.2.0/node_modules/@jest/fake-timers/build/index.js:542:19)
      at Object.runOnlyPendingTimers (src/hooks/__tests__/useSessionCheck.test.ts:45:10)

    console.error
      An update to TestComponent inside a test was not wrapped in act(...).
      
      When testing, code that causes React state updates should be wrapped into act(...):
      
      act(() => {
        /* fire events that update state */
      });
      /* assert on the output */
      
      This ensures that you're testing the behavior the user would see in the browser. Learn more at https://react.dev/link/wrap-tests-with-act

    [0m [90m 373 |[39m       [36mreturn[39m[33m;[39m
     [90m 374 |[39m     }
    [31m[1m>[22m[39m[90m 375 |[39m     originalError[33m.[39mcall(console[33m,[39m [33m...[39margs)[33m;[39m
     [90m     |[39m                   [31m[1m^[22m[39m
     [90m 376 |[39m   }[33m;[39m
     [90m 377 |[39m })[33m;[39m
     [90m 378 |[39m[0m

      at console.call [as error] (jest.setup.js:375:19)
      at node_modules/.pnpm/react-dom@19.2.0_react@19.2.0/node_modules/react-dom/cjs/react-dom-client.development.js:18758:19
      at runWithFiberInDEV (node_modules/.pnpm/react-dom@19.2.0_react@19.2.0/node_modules/react-dom/cjs/react-dom-client.development.js:874:13)
      at warnIfUpdatesNotWrappedWithActDEV (node_modules/.pnpm/react-dom@19.2.0_react@19.2.0/node_modules/react-dom/cjs/react-dom-client.development.js:18757:9)
      at scheduleUpdateOnFiber (node_modules/.pnpm/react-dom@19.2.0_react@19.2.0/node_modules/react-dom/cjs/react-dom-client.development.js:16409:11)
      at dispatchSetStateInternal (node_modules/.pnpm/react-dom@19.2.0_react@19.2.0/node_modules/react-dom/cjs/react-dom-client.development.js:9170:13)
      at dispatchSetState (node_modules/.pnpm/react-dom@19.2.0_react@19.2.0/node_modules/react-dom/cjs/react-dom-client.development.js:9127:7)
      at setRemainingMinutes (src/hooks/useSessionCheck.ts:53:7)

    console.error
      An update to TestComponent inside a test was not wrapped in act(...).
      
      When testing, code that causes React state updates should be wrapped into act(...):
      
      act(() => {
        /* fire events that update state */
      });
      /* assert on the output */
      
      This ensures that you're testing the behavior the user would see in the browser. Learn more at https://react.dev/link/wrap-tests-with-act

    [0m [90m 373 |[39m       [36mreturn[39m[33m;[39m
     [90m 374 |[39m     }
    [31m[1m>[22m[39m[90m 375 |[39m     originalError[33m.[39mcall(console[33m,[39m [33m...[39margs)[33m;[39m
     [90m     |[39m                   [31m[1m^[22m[39m
     [90m 376 |[39m   }[33m;[39m
     [90m 377 |[39m })[33m;[39m
     [90m 378 |[39m[0m

      at console.call [as error] (jest.setup.js:375:19)
      at node_modules/.pnpm/react-dom@19.2.0_react@19.2.0/node_modules/react-dom/cjs/react-dom-client.development.js:18758:19
      at runWithFiberInDEV (node_modules/.pnpm/react-dom@19.2.0_react@19.2.0/node_modules/react-dom/cjs/react-dom-client.development.js:874:13)
      at warnIfUpdatesNotWrappedWithActDEV (node_modules/.pnpm/react-dom@19.2.0_react@19.2.0/node_modules/react-dom/cjs/react-dom-client.development.js:18757:9)
      at scheduleUpdateOnFiber (node_modules/.pnpm/react-dom@19.2.0_react@19.2.0/node_modules/react-dom/cjs/react-dom-client.development.js:16409:11)
      at dispatchSetStateInternal (node_modules/.pnpm/react-dom@19.2.0_react@19.2.0/node_modules/react-dom/cjs/react-dom-client.development.js:9170:13)
      at dispatchSetState (node_modules/.pnpm/react-dom@19.2.0_react@19.2.0/node_modules/react-dom/cjs/react-dom-client.development.js:9127:7)
      at setIsNearExpiry (src/hooks/useSessionCheck.ts:57:7)

    console.error
      An update to TestComponent inside a test was not wrapped in act(...).
      
      When testing, code that causes React state updates should be wrapped into act(...):
      
      act(() => {
        /* fire events that update state */
      });
      /* assert on the output */
      
      This ensures that you're testing the behavior the user would see in the browser. Learn more at https://react.dev/link/wrap-tests-with-act

    [0m [90m 373 |[39m       [36mreturn[39m[33m;[39m
     [90m 374 |[39m     }
    [31m[1m>[22m[39m[90m 375 |[39m     originalError[33m.[39mcall(console[33m,[39m [33m...[39margs)[33m;[39m
     [90m     |[39m                   [31m[1m^[22m[39m
     [90m 376 |[39m   }[33m;[39m
     [90m 377 |[39m })[33m;[39m
     [90m 378 |[39m[0m

      at console.call [as error] (jest.setup.js:375:19)
      at node_modules/.pnpm/react-dom@19.2.0_react@19.2.0/node_modules/react-dom/cjs/react-dom-client.development.js:18758:19
      at runWithFiberInDEV (node_modules/.pnpm/react-dom@19.2.0_react@19.2.0/node_modules/react-dom/cjs/react-dom-client.development.js:874:13)
      at warnIfUpdatesNotWrappedWithActDEV (node_modules/.pnpm/react-dom@19.2.0_react@19.2.0/node_modules/react-dom/cjs/react-dom-client.development.js:18757:9)
      at scheduleUpdateOnFiber (node_modules/.pnpm/react-dom@19.2.0_react@19.2.0/node_modules/react-dom/cjs/react-dom-client.development.js:16409:11)
      at dispatchSetStateInternal (node_modules/.pnpm/react-dom@19.2.0_react@19.2.0/node_modules/react-dom/cjs/react-dom-client.development.js:9170:13)
      at dispatchSetState (node_modules/.pnpm/react-dom@19.2.0_react@19.2.0/node_modules/react-dom/cjs/react-dom-client.development.js:9127:7)
      at setIsChecking (src/hooks/useSessionCheck.ts:69:7)

    console.error
      An update to TestComponent inside a test was not wrapped in act(...).
      
      When testing, code that causes React state updates should be wrapped into act(...):
      
      act(() => {
        /* fire events that update state */
      });
      /* assert on the output */
      
      This ensures that you're testing the behavior the user would see in the browser. Learn more at https://react.dev/link/wrap-tests-with-act

    [0m [90m 373 |[39m       [36mreturn[39m[33m;[39m
     [90m 374 |[39m     }
    [31m[1m>[22m[39m[90m 375 |[39m     originalError[33m.[39mcall(console[33m,[39m [33m...[39margs)[33m;[39m
     [90m     |[39m                   [31m[1m^[22m[39m
     [90m 376 |[39m   }[33m;[39m
     [90m 377 |[39m })[33m;[39m
     [90m 378 |[39m[0m

      at console.call [as error] (jest.setup.js:375:19)
      at node_modules/.pnpm/react-dom@19.2.0_react@19.2.0/node_modules/react-dom/cjs/react-dom-client.development.js:18758:19
      at runWithFiberInDEV (node_modules/.pnpm/react-dom@19.2.0_react@19.2.0/node_modules/react-dom/cjs/react-dom-client.development.js:874:13)
      at warnIfUpdatesNotWrappedWithActDEV (node_modules/.pnpm/react-dom@19.2.0_react@19.2.0/node_modules/react-dom/cjs/react-dom-client.development.js:18757:9)
      at scheduleUpdateOnFiber (node_modules/.pnpm/react-dom@19.2.0_react@19.2.0/node_modules/react-dom/cjs/react-dom-client.development.js:16409:11)
      at dispatchSetStateInternal (node_modules/.pnpm/react-dom@19.2.0_react@19.2.0/node_modules/react-dom/cjs/react-dom-client.development.js:9170:13)
      at dispatchSetState (node_modules/.pnpm/react-dom@19.2.0_react@19.2.0/node_modules/react-dom/cjs/react-dom-client.development.js:9127:7)
      at setIsChecking (src/hooks/useSessionCheck.ts:41:7)
      at callTimer (node_modules/.pnpm/@sinonjs+fake-timers@13.0.5/node_modules/@sinonjs/fake-timers/src/fake-timers-src.js:806:24)
      at doTickInner (node_modules/.pnpm/@sinonjs+fake-timers@13.0.5/node_modules/@sinonjs/fake-timers/src/fake-timers-src.js:1413:29)
      at doTick (node_modules/.pnpm/@sinonjs+fake-timers@13.0.5/node_modules/@sinonjs/fake-timers/src/fake-timers-src.js:1494:20)
      at Object.tick (node_modules/.pnpm/@sinonjs+fake-timers@13.0.5/node_modules/@sinonjs/fake-timers/src/fake-timers-src.js:1502:20)
      at Object.runToLast (node_modules/.pnpm/@sinonjs+fake-timers@13.0.5/node_modules/@sinonjs/fake-timers/src/fake-timers-src.js:1661:26)
      at FakeTimers.runOnlyPendingTimers (node_modules/.pnpm/@jest+fake-timers@30.2.0/node_modules/@jest/fake-timers/build/index.js:542:19)
      at Object.runOnlyPendingTimers (src/hooks/__tests__/useSessionCheck.test.ts:45:10)

    console.error
      An update to TestComponent inside a test was not wrapped in act(...).
      
      When testing, code that causes React state updates should be wrapped into act(...):
      
      act(() => {
        /* fire events that update state */
      });
      /* assert on the output */
      
      This ensures that you're testing the behavior the user would see in the browser. Learn more at https://react.dev/link/wrap-tests-with-act

    [0m [90m 373 |[39m       [36mreturn[39m[33m;[39m
     [90m 374 |[39m     }
    [31m[1m>[22m[39m[90m 375 |[39m     originalError[33m.[39mcall(console[33m,[39m [33m...[39margs)[33m;[39m
     [90m     |[39m                   [31m[1m^[22m[39m
     [90m 376 |[39m   }[33m;[39m
     [90m 377 |[39m })[33m;[39m
     [90m 378 |[39m[0m

      at console.call [as error] (jest.setup.js:375:19)
      at node_modules/.pnpm/react-dom@19.2.0_react@19.2.0/node_modules/react-dom/cjs/react-dom-client.development.js:18758:19
      at runWithFiberInDEV (node_modules/.pnpm/react-dom@19.2.0_react@19.2.0/node_modules/react-dom/cjs/react-dom-client.development.js:874:13)
      at warnIfUpdatesNotWrappedWithActDEV (node_modules/.pnpm/react-dom@19.2.0_react@19.2.0/node_modules/react-dom/cjs/react-dom-client.development.js:18757:9)
      at scheduleUpdateOnFiber (node_modules/.pnpm/react-dom@19.2.0_react@19.2.0/node_modules/react-dom/cjs/react-dom-client.development.js:16409:11)
      at dispatchSetStateInternal (node_modules/.pnpm/react-dom@19.2.0_react@19.2.0/node_modules/react-dom/cjs/react-dom-client.development.js:9170:13)
      at dispatchSetState (node_modules/.pnpm/react-dom@19.2.0_react@19.2.0/node_modules/react-dom/cjs/react-dom-client.development.js:9127:7)
      at setError (src/hooks/useSessionCheck.ts:42:7)
      at callTimer (node_modules/.pnpm/@sinonjs+fake-timers@13.0.5/node_modules/@sinonjs/fake-timers/src/fake-timers-src.js:806:24)
      at doTickInner (node_modules/.pnpm/@sinonjs+fake-timers@13.0.5/node_modules/@sinonjs/fake-timers/src/fake-timers-src.js:1413:29)
      at doTick (node_modules/.pnpm/@sinonjs+fake-timers@13.0.5/node_modules/@sinonjs/fake-timers/src/fake-timers-src.js:1494:20)
      at Object.tick (node_modules/.pnpm/@sinonjs+fake-timers@13.0.5/node_modules/@sinonjs/fake-timers/src/fake-timers-src.js:1502:20)
      at Object.runToLast (node_modules/.pnpm/@sinonjs+fake-timers@13.0.5/node_modules/@sinonjs/fake-timers/src/fake-timers-src.js:1661:26)
      at FakeTimers.runOnlyPendingTimers (node_modules/.pnpm/@jest+fake-timers@30.2.0/node_modules/@jest/fake-timers/build/index.js:542:19)
      at Object.runOnlyPendingTimers (src/hooks/__tests__/useSessionCheck.test.ts:45:10)

    console.error
      An update to TestComponent inside a test was not wrapped in act(...).
      
      When testing, code that causes React state updates should be wrapped into act(...):
      
      act(() => {
        /* fire events that update state */
      });
      /* assert on the output */
      
      This ensures that you're testing the behavior the user would see in the browser. Learn more at https://react.dev/link/wrap-tests-with-act

    [0m [90m 373 |[39m       [36mreturn[39m[33m;[39m
     [90m 374 |[39m     }
    [31m[1m>[22m[39m[90m 375 |[39m     originalError[33m.[39mcall(console[33m,[39m [33m...[39margs)[33m;[39m
     [90m     |[39m                   [31m[1m^[22m[39m
     [90m 376 |[39m   }[33m;[39m
     [90m 377 |[39m })[33m;[39m
     [90m 378 |[39m[0m

      at console.call [as error] (jest.setup.js:375:19)
      at node_modules/.pnpm/react-dom@19.2.0_react@19.2.0/node_modules/react-dom/cjs/react-dom-client.development.js:18758:19
      at runWithFiberInDEV (node_modules/.pnpm/react-dom@19.2.0_react@19.2.0/node_modules/react-dom/cjs/react-dom-client.development.js:874:13)
      at warnIfUpdatesNotWrappedWithActDEV (node_modules/.pnpm/react-dom@19.2.0_react@19.2.0/node_modules/react-dom/cjs/react-dom-client.development.js:18757:9)
      at scheduleUpdateOnFiber (node_modules/.pnpm/react-dom@19.2.0_react@19.2.0/node_modules/react-dom/cjs/react-dom-client.development.js:16409:11)
      at dispatchSetStateInternal (node_modules/.pnpm/react-dom@19.2.0_react@19.2.0/node_modules/react-dom/cjs/react-dom-client.development.js:9170:13)
      at dispatchSetState (node_modules/.pnpm/react-dom@19.2.0_react@19.2.0/node_modules/react-dom/cjs/react-dom-client.development.js:9127:7)
      at setRemainingMinutes (src/hooks/useSessionCheck.ts:53:7)

    console.error
      An update to TestComponent inside a test was not wrapped in act(...).
      
      When testing, code that causes React state updates should be wrapped into act(...):
      
      act(() => {
        /* fire events that update state */
      });
      /* assert on the output */
      
      This ensures that you're testing the behavior the user would see in the browser. Learn more at https://react.dev/link/wrap-tests-with-act

    [0m [90m 373 |[39m       [36mreturn[39m[33m;[39m
     [90m 374 |[39m     }
    [31m[1m>[22m[39m[90m 375 |[39m     originalError[33m.[39mcall(console[33m,[39m [33m...[39margs)[33m;[39m
     [90m     |[39m                   [31m[1m^[22m[39m
     [90m 376 |[39m   }[33m;[39m
     [90m 377 |[39m })[33m;[39m
     [90m 378 |[39m[0m

      at console.call [as error] (jest.setup.js:375:19)
      at node_modules/.pnpm/react-dom@19.2.0_react@19.2.0/node_modules/react-dom/cjs/react-dom-client.development.js:18758:19
      at runWithFiberInDEV (node_modules/.pnpm/react-dom@19.2.0_react@19.2.0/node_modules/react-dom/cjs/react-dom-client.development.js:874:13)
      at warnIfUpdatesNotWrappedWithActDEV (node_modules/.pnpm/react-dom@19.2.0_react@19.2.0/node_modules/react-dom/cjs/react-dom-client.development.js:18757:9)
      at scheduleUpdateOnFiber (node_modules/.pnpm/react-dom@19.2.0_react@19.2.0/node_modules/react-dom/cjs/react-dom-client.development.js:16409:11)
      at dispatchSetStateInternal (node_modules/.pnpm/react-dom@19.2.0_react@19.2.0/node_modules/react-dom/cjs/react-dom-client.development.js:9170:13)
      at dispatchSetState (node_modules/.pnpm/react-dom@19.2.0_react@19.2.0/node_modules/react-dom/cjs/react-dom-client.development.js:9127:7)
      at setIsNearExpiry (src/hooks/useSessionCheck.ts:57:7)

    console.error
      An update to TestComponent inside a test was not wrapped in act(...).
      
      When testing, code that causes React state updates should be wrapped into act(...):
      
      act(() => {
        /* fire events that update state */
      });
      /* assert on the output */
      
      This ensures that you're testing the behavior the user would see in the browser. Learn more at https://react.dev/link/wrap-tests-with-act

    [0m [90m 373 |[39m       [36mreturn[39m[33m;[39m
     [90m 374 |[39m     }
    [31m[1m>[22m[39m[90m 375 |[39m     originalError[33m.[39mcall(console[33m,[39m [33m...[39margs)[33m;[39m
     [90m     |[39m                   [31m[1m^[22m[39m
     [90m 376 |[39m   }[33m;[39m
     [90m 377 |[39m })[33m;[39m
     [90m 378 |[39m[0m

      at console.call [as error] (jest.setup.js:375:19)
      at node_modules/.pnpm/react-dom@19.2.0_react@19.2.0/node_modules/react-dom/cjs/react-dom-client.development.js:18758:19
      at runWithFiberInDEV (node_modules/.pnpm/react-dom@19.2.0_react@19.2.0/node_modules/react-dom/cjs/react-dom-client.development.js:874:13)
      at warnIfUpdatesNotWrappedWithActDEV (node_modules/.pnpm/react-dom@19.2.0_react@19.2.0/node_modules/react-dom/cjs/react-dom-client.development.js:18757:9)
      at scheduleUpdateOnFiber (node_modules/.pnpm/react-dom@19.2.0_react@19.2.0/node_modules/react-dom/cjs/react-dom-client.development.js:16409:11)
      at dispatchSetStateInternal (node_modules/.pnpm/react-dom@19.2.0_react@19.2.0/node_modules/react-dom/cjs/react-dom-client.development.js:9170:13)
      at dispatchSetState (node_modules/.pnpm/react-dom@19.2.0_react@19.2.0/node_modules/react-dom/cjs/react-dom-client.development.js:9127:7)
      at setIsChecking (src/hooks/useSessionCheck.ts:69:7)

    console.error
      An update to TestComponent inside a test was not wrapped in act(...).
      
      When testing, code that causes React state updates should be wrapped into act(...):
      
      act(() => {
        /* fire events that update state */
      });
      /* assert on the output */
      
      This ensures that you're testing the behavior the user would see in the browser. Learn more at https://react.dev/link/wrap-tests-with-act

    [0m [90m 373 |[39m       [36mreturn[39m[33m;[39m
     [90m 374 |[39m     }
    [31m[1m>[22m[39m[90m 375 |[39m     originalError[33m.[39mcall(console[33m,[39m [33m...[39margs)[33m;[39m
     [90m     |[39m                   [31m[1m^[22m[39m
     [90m 376 |[39m   }[33m;[39m
     [90m 377 |[39m })[33m;[39m
     [90m 378 |[39m[0m

      at console.call [as error] (jest.setup.js:375:19)
      at node_modules/.pnpm/react-dom@19.2.0_react@19.2.0/node_modules/react-dom/cjs/react-dom-client.development.js:18758:19
      at runWithFiberInDEV (node_modules/.pnpm/react-dom@19.2.0_react@19.2.0/node_modules/react-dom/cjs/react-dom-client.development.js:874:13)
      at warnIfUpdatesNotWrappedWithActDEV (node_modules/.pnpm/react-dom@19.2.0_react@19.2.0/node_modules/react-dom/cjs/react-dom-client.development.js:18757:9)
      at scheduleUpdateOnFiber (node_modules/.pnpm/react-dom@19.2.0_react@19.2.0/node_modules/react-dom/cjs/react-dom-client.development.js:16409:11)
      at dispatchSetStateInternal (node_modules/.pnpm/react-dom@19.2.0_react@19.2.0/node_modules/react-dom/cjs/react-dom-client.development.js:9170:13)
      at dispatchSetState (node_modules/.pnpm/react-dom@19.2.0_react@19.2.0/node_modules/react-dom/cjs/react-dom-client.development.js:9127:7)
      at setIsChecking (src/hooks/useSessionCheck.ts:41:7)
      at callTimer (node_modules/.pnpm/@sinonjs+fake-timers@13.0.5/node_modules/@sinonjs/fake-timers/src/fake-timers-src.js:806:24)
      at doTickInner (node_modules/.pnpm/@sinonjs+fake-timers@13.0.5/node_modules/@sinonjs/fake-timers/src/fake-timers-src.js:1413:29)
      at doTick (node_modules/.pnpm/@sinonjs+fake-timers@13.0.5/node_modules/@sinonjs/fake-timers/src/fake-timers-src.js:1494:20)
      at Object.tick (node_modules/.pnpm/@sinonjs+fake-timers@13.0.5/node_modules/@sinonjs/fake-timers/src/fake-timers-src.js:1502:20)
      at Object.runToLast (node_modules/.pnpm/@sinonjs+fake-timers@13.0.5/node_modules/@sinonjs/fake-timers/src/fake-timers-src.js:1661:26)
      at FakeTimers.runOnlyPendingTimers (node_modules/.pnpm/@jest+fake-timers@30.2.0/node_modules/@jest/fake-timers/build/index.js:542:19)
      at Object.runOnlyPendingTimers (src/hooks/__tests__/useSessionCheck.test.ts:45:10)

    console.error
      An update to TestComponent inside a test was not wrapped in act(...).
      
      When testing, code that causes React state updates should be wrapped into act(...):
      
      act(() => {
        /* fire events that update state */
      });
      /* assert on the output */
      
      This ensures that you're testing the behavior the user would see in the browser. Learn more at https://react.dev/link/wrap-tests-with-act

    [0m [90m 373 |[39m       [36mreturn[39m[33m;[39m
     [90m 374 |[39m     }
    [31m[1m>[22m[39m[90m 375 |[39m     originalError[33m.[39mcall(console[33m,[39m [33m...[39margs)[33m;[39m
     [90m     |[39m                   [31m[1m^[22m[39m
     [90m 376 |[39m   }[33m;[39m
     [90m 377 |[39m })[33m;[39m
     [90m 378 |[39m[0m

      at console.call [as error] (jest.setup.js:375:19)
      at node_modules/.pnpm/react-dom@19.2.0_react@19.2.0/node_modules/react-dom/cjs/react-dom-client.development.js:18758:19
      at runWithFiberInDEV (node_modules/.pnpm/react-dom@19.2.0_react@19.2.0/node_modules/react-dom/cjs/react-dom-client.development.js:874:13)
      at warnIfUpdatesNotWrappedWithActDEV (node_modules/.pnpm/react-dom@19.2.0_react@19.2.0/node_modules/react-dom/cjs/react-dom-client.development.js:18757:9)
      at scheduleUpdateOnFiber (node_modules/.pnpm/react-dom@19.2.0_react@19.2.0/node_modules/react-dom/cjs/react-dom-client.development.js:16409:11)
      at dispatchSetStateInternal (node_modules/.pnpm/react-dom@19.2.0_react@19.2.0/node_modules/react-dom/cjs/react-dom-client.development.js:9170:13)
      at dispatchSetState (node_modules/.pnpm/react-dom@19.2.0_react@19.2.0/node_modules/react-dom/cjs/react-dom-client.development.js:9127:7)
      at setError (src/hooks/useSessionCheck.ts:42:7)
      at callTimer (node_modules/.pnpm/@sinonjs+fake-timers@13.0.5/node_modules/@sinonjs/fake-timers/src/fake-timers-src.js:806:24)
      at doTickInner (node_modules/.pnpm/@sinonjs+fake-timers@13.0.5/node_modules/@sinonjs/fake-timers/src/fake-timers-src.js:1413:29)
      at doTick (node_modules/.pnpm/@sinonjs+fake-timers@13.0.5/node_modules/@sinonjs/fake-timers/src/fake-timers-src.js:1494:20)
      at Object.tick (node_modules/.pnpm/@sinonjs+fake-timers@13.0.5/node_modules/@sinonjs/fake-timers/src/fake-timers-src.js:1502:20)
      at Object.runToLast (node_modules/.pnpm/@sinonjs+fake-timers@13.0.5/node_modules/@sinonjs/fake-timers/src/fake-timers-src.js:1661:26)
      at FakeTimers.runOnlyPendingTimers (node_modules/.pnpm/@jest+fake-timers@30.2.0/node_modules/@jest/fake-timers/build/index.js:542:19)
      at Object.runOnlyPendingTimers (src/hooks/__tests__/useSessionCheck.test.ts:45:10)

    console.error
      An update to TestComponent inside a test was not wrapped in act(...).
      
      When testing, code that causes React state updates should be wrapped into act(...):
      
      act(() => {
        /* fire events that update state */
      });
      /* assert on the output */
      
      This ensures that you're testing the behavior the user would see in the browser. Learn more at https://react.dev/link/wrap-tests-with-act

    [0m [90m 373 |[39m       [36mreturn[39m[33m;[39m
     [90m 374 |[39m     }
    [31m[1m>[22m[39m[90m 375 |[39m     originalError[33m.[39mcall(console[33m,[39m [33m...[39margs)[33m;[39m
     [90m     |[39m                   [31m[1m^[22m[39m
     [90m 376 |[39m   }[33m;[39m
     [90m 377 |[39m })[33m;[39m
     [90m 378 |[39m[0m

      at console.call [as error] (jest.setup.js:375:19)
      at node_modules/.pnpm/react-dom@19.2.0_react@19.2.0/node_modules/react-dom/cjs/react-dom-client.development.js:18758:19
      at runWithFiberInDEV (node_modules/.pnpm/react-dom@19.2.0_react@19.2.0/node_modules/react-dom/cjs/react-dom-client.development.js:874:13)
      at warnIfUpdatesNotWrappedWithActDEV (node_modules/.pnpm/react-dom@19.2.0_react@19.2.0/node_modules/react-dom/cjs/react-dom-client.development.js:18757:9)
      at scheduleUpdateOnFiber (node_modules/.pnpm/react-dom@19.2.0_react@19.2.0/node_modules/react-dom/cjs/react-dom-client.development.js:16409:11)
      at dispatchSetStateInternal (node_modules/.pnpm/react-dom@19.2.0_react@19.2.0/node_modules/react-dom/cjs/react-dom-client.development.js:9170:13)
      at dispatchSetState (node_modules/.pnpm/react-dom@19.2.0_react@19.2.0/node_modules/react-dom/cjs/react-dom-client.development.js:9127:7)
      at setRemainingMinutes (src/hooks/useSessionCheck.ts:53:7)

    console.error
      An update to TestComponent inside a test was not wrapped in act(...).
      
      When testing, code that causes React state updates should be wrapped into act(...):
      
      act(() => {
        /* fire events that update state */
      });
      /* assert on the output */
      
      This ensures that you're testing the behavior the user would see in the browser. Learn more at https://react.dev/link/wrap-tests-with-act

    [0m [90m 373 |[39m       [36mreturn[39m[33m;[39m
     [90m 374 |[39m     }
    [31m[1m>[22m[39m[90m 375 |[39m     originalError[33m.[39mcall(console[33m,[39m [33m...[39margs)[33m;[39m
     [90m     |[39m                   [31m[1m^[22m[39m
     [90m 376 |[39m   }[33m;[39m
     [90m 377 |[39m })[33m;[39m
     [90m 378 |[39m[0m

      at console.call [as error] (jest.setup.js:375:19)
      at node_modules/.pnpm/react-dom@19.2.0_react@19.2.0/node_modules/react-dom/cjs/react-dom-client.development.js:18758:19
      at runWithFiberInDEV (node_modules/.pnpm/react-dom@19.2.0_react@19.2.0/node_modules/react-dom/cjs/react-dom-client.development.js:874:13)
      at warnIfUpdatesNotWrappedWithActDEV (node_modules/.pnpm/react-dom@19.2.0_react@19.2.0/node_modules/react-dom/cjs/react-dom-client.development.js:18757:9)
      at scheduleUpdateOnFiber (node_modules/.pnpm/react-dom@19.2.0_react@19.2.0/node_modules/react-dom/cjs/react-dom-client.development.js:16409:11)
      at dispatchSetStateInternal (node_modules/.pnpm/react-dom@19.2.0_react@19.2.0/node_modules/react-dom/cjs/react-dom-client.development.js:9170:13)
      at dispatchSetState (node_modules/.pnpm/react-dom@19.2.0_react@19.2.0/node_modules/react-dom/cjs/react-dom-client.development.js:9127:7)
      at setIsNearExpiry (src/hooks/useSessionCheck.ts:57:7)

    console.error
      An update to TestComponent inside a test was not wrapped in act(...).
      
      When testing, code that causes React state updates should be wrapped into act(...):
      
      act(() => {
        /* fire events that update state */
      });
      /* assert on the output */
      
      This ensures that you're testing the behavior the user would see in the browser. Learn more at https://react.dev/link/wrap-tests-with-act

    [0m [90m 373 |[39m       [36mreturn[39m[33m;[39m
     [90m 374 |[39m     }
    [31m[1m>[22m[39m[90m 375 |[39m     originalError[33m.[39mcall(console[33m,[39m [33m...[39margs)[33m;[39m
     [90m     |[39m                   [31m[1m^[22m[39m
     [90m 376 |[39m   }[33m;[39m
     [90m 377 |[39m })[33m;[39m
     [90m 378 |[39m[0m

      at console.call [as error] (jest.setup.js:375:19)
      at node_modules/.pnpm/react-dom@19.2.0_react@19.2.0/node_modules/react-dom/cjs/react-dom-client.development.js:18758:19
      at runWithFiberInDEV (node_modules/.pnpm/react-dom@19.2.0_react@19.2.0/node_modules/react-dom/cjs/react-dom-client.development.js:874:13)
      at warnIfUpdatesNotWrappedWithActDEV (node_modules/.pnpm/react-dom@19.2.0_react@19.2.0/node_modules/react-dom/cjs/react-dom-client.development.js:18757:9)
      at scheduleUpdateOnFiber (node_modules/.pnpm/react-dom@19.2.0_react@19.2.0/node_modules/react-dom/cjs/react-dom-client.development.js:16409:11)
      at dispatchSetStateInternal (node_modules/.pnpm/react-dom@19.2.0_react@19.2.0/node_modules/react-dom/cjs/react-dom-client.development.js:9170:13)
      at dispatchSetState (node_modules/.pnpm/react-dom@19.2.0_react@19.2.0/node_modules/react-dom/cjs/react-dom-client.development.js:9127:7)
      at setIsChecking (src/hooks/useSessionCheck.ts:69:7)

    console.error
      An update to TestComponent inside a test was not wrapped in act(...).
      
      When testing, code that causes React state updates should be wrapped into act(...):
      
      act(() => {
        /* fire events that update state */
      });
      /* assert on the output */
      
      This ensures that you're testing the behavior the user would see in the browser. Learn more at https://react.dev/link/wrap-tests-with-act

    [0m [90m 373 |[39m       [36mreturn[39m[33m;[39m
     [90m 374 |[39m     }
    [31m[1m>[22m[39m[90m 375 |[39m     originalError[33m.[39mcall(console[33m,[39m [33m...[39margs)[33m;[39m
     [90m     |[39m                   [31m[1m^[22m[39m
     [90m 376 |[39m   }[33m;[39m
     [90m 377 |[39m })[33m;[39m
     [90m 378 |[39m[0m

      at console.call [as error] (jest.setup.js:375:19)
      at node_modules/.pnpm/react-dom@19.2.0_react@19.2.0/node_modules/react-dom/cjs/react-dom-client.development.js:18758:19
      at runWithFiberInDEV (node_modules/.pnpm/react-dom@19.2.0_react@19.2.0/node_modules/react-dom/cjs/react-dom-client.development.js:874:13)
      at warnIfUpdatesNotWrappedWithActDEV (node_modules/.pnpm/react-dom@19.2.0_react@19.2.0/node_modules/react-dom/cjs/react-dom-client.development.js:18757:9)
      at scheduleUpdateOnFiber (node_modules/.pnpm/react-dom@19.2.0_react@19.2.0/node_modules/react-dom/cjs/react-dom-client.development.js:16409:11)
      at dispatchSetStateInternal (node_modules/.pnpm/react-dom@19.2.0_react@19.2.0/node_modules/react-dom/cjs/react-dom-client.development.js:9170:13)
      at dispatchSetState (node_modules/.pnpm/react-dom@19.2.0_react@19.2.0/node_modules/react-dom/cjs/react-dom-client.development.js:9127:7)
      at setIsChecking (src/hooks/useSessionCheck.ts:41:7)
      at callTimer (node_modules/.pnpm/@sinonjs+fake-timers@13.0.5/node_modules/@sinonjs/fake-timers/src/fake-timers-src.js:806:24)
      at doTickInner (node_modules/.pnpm/@sinonjs+fake-timers@13.0.5/node_modules/@sinonjs/fake-timers/src/fake-timers-src.js:1413:29)
      at doTick (node_modules/.pnpm/@sinonjs+fake-timers@13.0.5/node_modules/@sinonjs/fake-timers/src/fake-timers-src.js:1494:20)
      at Object.tick (node_modules/.pnpm/@sinonjs+fake-timers@13.0.5/node_modules/@sinonjs/fake-timers/src/fake-timers-src.js:1502:20)
      at Object.runToLast (node_modules/.pnpm/@sinonjs+fake-timers@13.0.5/node_modules/@sinonjs/fake-timers/src/fake-timers-src.js:1661:26)
      at FakeTimers.runOnlyPendingTimers (node_modules/.pnpm/@jest+fake-timers@30.2.0/node_modules/@jest/fake-timers/build/index.js:542:19)
      at Object.runOnlyPendingTimers (src/hooks/__tests__/useSessionCheck.test.ts:45:10)

    console.error
      An update to TestComponent inside a test was not wrapped in act(...).
      
      When testing, code that causes React state updates should be wrapped into act(...):
      
      act(() => {
        /* fire events that update state */
      });
      /* assert on the output */
      
      This ensures that you're testing the behavior the user would see in the browser. Learn more at https://react.dev/link/wrap-tests-with-act

    [0m [90m 373 |[39m       [36mreturn[39m[33m;[39m
     [90m 374 |[39m     }
    [31m[1m>[22m[39m[90m 375 |[39m     originalError[33m.[39mcall(console[33m,[39m [33m...[39margs)[33m;[39m
     [90m     |[39m                   [31m[1m^[22m[39m
     [90m 376 |[39m   }[33m;[39m
     [90m 377 |[39m })[33m;[39m
     [90m 378 |[39m[0m

      at console.call [as error] (jest.setup.js:375:19)
      at node_modules/.pnpm/react-dom@19.2.0_react@19.2.0/node_modules/react-dom/cjs/react-dom-client.development.js:18758:19
      at runWithFiberInDEV (node_modules/.pnpm/react-dom@19.2.0_react@19.2.0/node_modules/react-dom/cjs/react-dom-client.development.js:874:13)
      at warnIfUpdatesNotWrappedWithActDEV (node_modules/.pnpm/react-dom@19.2.0_react@19.2.0/node_modules/react-dom/cjs/react-dom-client.development.js:18757:9)
      at scheduleUpdateOnFiber (node_modules/.pnpm/react-dom@19.2.0_react@19.2.0/node_modules/react-dom/cjs/react-dom-client.development.js:16409:11)
      at dispatchSetStateInternal (node_modules/.pnpm/react-dom@19.2.0_react@19.2.0/node_modules/react-dom/cjs/react-dom-client.development.js:9170:13)
      at dispatchSetState (node_modules/.pnpm/react-dom@19.2.0_react@19.2.0/node_modules/react-dom/cjs/react-dom-client.development.js:9127:7)
      at setError (src/hooks/useSessionCheck.ts:42:7)
      at callTimer (node_modules/.pnpm/@sinonjs+fake-timers@13.0.5/node_modules/@sinonjs/fake-timers/src/fake-timers-src.js:806:24)
      at doTickInner (node_modules/.pnpm/@sinonjs+fake-timers@13.0.5/node_modules/@sinonjs/fake-timers/src/fake-timers-src.js:1413:29)
      at doTick (node_modules/.pnpm/@sinonjs+fake-timers@13.0.5/node_modules/@sinonjs/fake-timers/src/fake-timers-src.js:1494:20)
      at Object.tick (node_modules/.pnpm/@sinonjs+fake-timers@13.0.5/node_modules/@sinonjs/fake-timers/src/fake-timers-src.js:1502:20)
      at Object.runToLast (node_modules/.pnpm/@sinonjs+fake-timers@13.0.5/node_modules/@sinonjs/fake-timers/src/fake-timers-src.js:1661:26)
      at FakeTimers.runOnlyPendingTimers (node_modules/.pnpm/@jest+fake-timers@30.2.0/node_modules/@jest/fake-timers/build/index.js:542:19)
      at Object.runOnlyPendingTimers (src/hooks/__tests__/useSessionCheck.test.ts:45:10)

    console.error
      An update to TestComponent inside a test was not wrapped in act(...).
      
      When testing, code that causes React state updates should be wrapped into act(...):
      
      act(() => {
        /* fire events that update state */
      });
      /* assert on the output */
      
      This ensures that you're testing the behavior the user would see in the browser. Learn more at https://react.dev/link/wrap-tests-with-act

    [0m [90m 373 |[39m       [36mreturn[39m[33m;[39m
     [90m 374 |[39m     }
    [31m[1m>[22m[39m[90m 375 |[39m     originalError[33m.[39mcall(console[33m,[39m [33m...[39margs)[33m;[39m
     [90m     |[39m                   [31m[1m^[22m[39m
     [90m 376 |[39m   }[33m;[39m
     [90m 377 |[39m })[33m;[39m
     [90m 378 |[39m[0m

      at console.call [as error] (jest.setup.js:375:19)
      at node_modules/.pnpm/react-dom@19.2.0_react@19.2.0/node_modules/react-dom/cjs/react-dom-client.development.js:18758:19
      at runWithFiberInDEV (node_modules/.pnpm/react-dom@19.2.0_react@19.2.0/node_modules/react-dom/cjs/react-dom-client.development.js:874:13)
      at warnIfUpdatesNotWrappedWithActDEV (node_modules/.pnpm/react-dom@19.2.0_react@19.2.0/node_modules/react-dom/cjs/react-dom-client.development.js:18757:9)
      at scheduleUpdateOnFiber (node_modules/.pnpm/react-dom@19.2.0_react@19.2.0/node_modules/react-dom/cjs/react-dom-client.development.js:16409:11)
      at dispatchSetStateInternal (node_modules/.pnpm/react-dom@19.2.0_react@19.2.0/node_modules/react-dom/cjs/react-dom-client.development.js:9170:13)
      at dispatchSetState (node_modules/.pnpm/react-dom@19.2.0_react@19.2.0/node_modules/react-dom/cjs/react-dom-client.development.js:9127:7)
      at setRemainingMinutes (src/hooks/useSessionCheck.ts:53:7)

    console.error
      An update to TestComponent inside a test was not wrapped in act(...).
      
      When testing, code that causes React state updates should be wrapped into act(...):
      
      act(() => {
        /* fire events that update state */
      });
      /* assert on the output */
      
      This ensures that you're testing the behavior the user would see in the browser. Learn more at https://react.dev/link/wrap-tests-with-act

    [0m [90m 373 |[39m       [36mreturn[39m[33m;[39m
     [90m 374 |[39m     }
    [31m[1m>[22m[39m[90m 375 |[39m     originalError[33m.[39mcall(console[33m,[39m [33m...[39margs)[33m;[39m
     [90m     |[39m                   [31m[1m^[22m[39m
     [90m 376 |[39m   }[33m;[39m
     [90m 377 |[39m })[33m;[39m
     [90m 378 |[39m[0m

      at console.call [as error] (jest.setup.js:375:19)
      at node_modules/.pnpm/react-dom@19.2.0_react@19.2.0/node_modules/react-dom/cjs/react-dom-client.development.js:18758:19
      at runWithFiberInDEV (node_modules/.pnpm/react-dom@19.2.0_react@19.2.0/node_modules/react-dom/cjs/react-dom-client.development.js:874:13)
      at warnIfUpdatesNotWrappedWithActDEV (node_modules/.pnpm/react-dom@19.2.0_react@19.2.0/node_modules/react-dom/cjs/react-dom-client.development.js:18757:9)
      at scheduleUpdateOnFiber (node_modules/.pnpm/react-dom@19.2.0_react@19.2.0/node_modules/react-dom/cjs/react-dom-client.development.js:16409:11)
      at dispatchSetStateInternal (node_modules/.pnpm/react-dom@19.2.0_react@19.2.0/node_modules/react-dom/cjs/react-dom-client.development.js:9170:13)
      at dispatchSetState (node_modules/.pnpm/react-dom@19.2.0_react@19.2.0/node_modules/react-dom/cjs/react-dom-client.development.js:9127:7)
      at setIsNearExpiry (src/hooks/useSessionCheck.ts:57:7)

    console.error
      An update to TestComponent inside a test was not wrapped in act(...).
      
      When testing, code that causes React state updates should be wrapped into act(...):
      
      act(() => {
        /* fire events that update state */
      });
      /* assert on the output */
      
      This ensures that you're testing the behavior the user would see in the browser. Learn more at https://react.dev/link/wrap-tests-with-act

    [0m [90m 373 |[39m       [36mreturn[39m[33m;[39m
     [90m 374 |[39m     }
    [31m[1m>[22m[39m[90m 375 |[39m     originalError[33m.[39mcall(console[33m,[39m [33m...[39margs)[33m;[39m
     [90m     |[39m                   [31m[1m^[22m[39m
     [90m 376 |[39m   }[33m;[39m
     [90m 377 |[39m })[33m;[39m
     [90m 378 |[39m[0m

      at console.call [as error] (jest.setup.js:375:19)
      at node_modules/.pnpm/react-dom@19.2.0_react@19.2.0/node_modules/react-dom/cjs/react-dom-client.development.js:18758:19
      at runWithFiberInDEV (node_modules/.pnpm/react-dom@19.2.0_react@19.2.0/node_modules/react-dom/cjs/react-dom-client.development.js:874:13)
      at warnIfUpdatesNotWrappedWithActDEV (node_modules/.pnpm/react-dom@19.2.0_react@19.2.0/node_modules/react-dom/cjs/react-dom-client.development.js:18757:9)
      at scheduleUpdateOnFiber (node_modules/.pnpm/react-dom@19.2.0_react@19.2.0/node_modules/react-dom/cjs/react-dom-client.development.js:16409:11)
      at dispatchSetStateInternal (node_modules/.pnpm/react-dom@19.2.0_react@19.2.0/node_modules/react-dom/cjs/react-dom-client.development.js:9170:13)
      at dispatchSetState (node_modules/.pnpm/react-dom@19.2.0_react@19.2.0/node_modules/react-dom/cjs/react-dom-client.development.js:9127:7)
      at setIsChecking (src/hooks/useSessionCheck.ts:69:7)

    console.error
      An update to TestComponent inside a test was not wrapped in act(...).
      
      When testing, code that causes React state updates should be wrapped into act(...):
      
      act(() => {
        /* fire events that update state */
      });
      /* assert on the output */
      
      This ensures that you're testing the behavior the user would see in the browser. Learn more at https://react.dev/link/wrap-tests-with-act

    [0m [90m 373 |[39m       [36mreturn[39m[33m;[39m
     [90m 374 |[39m     }
    [31m[1m>[22m[39m[90m 375 |[39m     originalError[33m.[39mcall(console[33m,[39m [33m...[39margs)[33m;[39m
     [90m     |[39m                   [31m[1m^[22m[39m
     [90m 376 |[39m   }[33m;[39m
     [90m 377 |[39m })[33m;[39m
     [90m 378 |[39m[0m

      at console.call [as error] (jest.setup.js:375:19)
      at node_modules/.pnpm/react-dom@19.2.0_react@19.2.0/node_modules/react-dom/cjs/react-dom-client.development.js:18758:19
      at runWithFiberInDEV (node_modules/.pnpm/react-dom@19.2.0_react@19.2.0/node_modules/react-dom/cjs/react-dom-client.development.js:874:13)
      at warnIfUpdatesNotWrappedWithActDEV (node_modules/.pnpm/react-dom@19.2.0_react@19.2.0/node_modules/react-dom/cjs/react-dom-client.development.js:18757:9)
      at scheduleUpdateOnFiber (node_modules/.pnpm/react-dom@19.2.0_react@19.2.0/node_modules/react-dom/cjs/react-dom-client.development.js:16409:11)
      at dispatchSetStateInternal (node_modules/.pnpm/react-dom@19.2.0_react@19.2.0/node_modules/react-dom/cjs/react-dom-client.development.js:9170:13)
      at dispatchSetState (node_modules/.pnpm/react-dom@19.2.0_react@19.2.0/node_modules/react-dom/cjs/react-dom-client.development.js:9127:7)
      at setIsChecking (src/hooks/useSessionCheck.ts:41:7)
      at callTimer (node_modules/.pnpm/@sinonjs+fake-timers@13.0.5/node_modules/@sinonjs/fake-timers/src/fake-timers-src.js:806:24)
      at doTickInner (node_modules/.pnpm/@sinonjs+fake-timers@13.0.5/node_modules/@sinonjs/fake-timers/src/fake-timers-src.js:1413:29)
      at doTick (node_modules/.pnpm/@sinonjs+fake-timers@13.0.5/node_modules/@sinonjs/fake-timers/src/fake-timers-src.js:1494:20)
      at Object.tick (node_modules/.pnpm/@sinonjs+fake-timers@13.0.5/node_modules/@sinonjs/fake-timers/src/fake-timers-src.js:1502:20)
      at Object.runToLast (node_modules/.pnpm/@sinonjs+fake-timers@13.0.5/node_modules/@sinonjs/fake-timers/src/fake-timers-src.js:1661:26)
      at FakeTimers.runOnlyPendingTimers (node_modules/.pnpm/@jest+fake-timers@30.2.0/node_modules/@jest/fake-timers/build/index.js:542:19)
      at Object.runOnlyPendingTimers (src/hooks/__tests__/useSessionCheck.test.ts:45:10)

    console.error
      An update to TestComponent inside a test was not wrapped in act(...).
      
      When testing, code that causes React state updates should be wrapped into act(...):
      
      act(() => {
        /* fire events that update state */
      });
      /* assert on the output */
      
      This ensures that you're testing the behavior the user would see in the browser. Learn more at https://react.dev/link/wrap-tests-with-act

    [0m [90m 373 |[39m       [36mreturn[39m[33m;[39m
     [90m 374 |[39m     }
    [31m[1m>[22m[39m[90m 375 |[39m     originalError[33m.[39mcall(console[33m,[39m [33m...[39margs)[33m;[39m
     [90m     |[39m                   [31m[1m^[22m[39m
     [90m 376 |[39m   }[33m;[39m
     [90m 377 |[39m })[33m;[39m
     [90m 378 |[39m[0m

      at console.call [as error] (jest.setup.js:375:19)
      at node_modules/.pnpm/react-dom@19.2.0_react@19.2.0/node_modules/react-dom/cjs/react-dom-client.development.js:18758:19
      at runWithFiberInDEV (node_modules/.pnpm/react-dom@19.2.0_react@19.2.0/node_modules/react-dom/cjs/react-dom-client.development.js:874:13)
      at warnIfUpdatesNotWrappedWithActDEV (node_modules/.pnpm/react-dom@19.2.0_react@19.2.0/node_modules/react-dom/cjs/react-dom-client.development.js:18757:9)
      at scheduleUpdateOnFiber (node_modules/.pnpm/react-dom@19.2.0_react@19.2.0/node_modules/react-dom/cjs/react-dom-client.development.js:16409:11)
      at dispatchSetStateInternal (node_modules/.pnpm/react-dom@19.2.0_react@19.2.0/node_modules/react-dom/cjs/react-dom-client.development.js:9170:13)
      at dispatchSetState (node_modules/.pnpm/react-dom@19.2.0_react@19.2.0/node_modules/react-dom/cjs/react-dom-client.development.js:9127:7)
      at setError (src/hooks/useSessionCheck.ts:42:7)
      at callTimer (node_modules/.pnpm/@sinonjs+fake-timers@13.0.5/node_modules/@sinonjs/fake-timers/src/fake-timers-src.js:806:24)
      at doTickInner (node_modules/.pnpm/@sinonjs+fake-timers@13.0.5/node_modules/@sinonjs/fake-timers/src/fake-timers-src.js:1413:29)
      at doTick (node_modules/.pnpm/@sinonjs+fake-timers@13.0.5/node_modules/@sinonjs/fake-timers/src/fake-timers-src.js:1494:20)
      at Object.tick (node_modules/.pnpm/@sinonjs+fake-timers@13.0.5/node_modules/@sinonjs/fake-timers/src/fake-timers-src.js:1502:20)
      at Object.runToLast (node_modules/.pnpm/@sinonjs+fake-timers@13.0.5/node_modules/@sinonjs/fake-timers/src/fake-timers-src.js:1661:26)
      at FakeTimers.runOnlyPendingTimers (node_modules/.pnpm/@jest+fake-timers@30.2.0/node_modules/@jest/fake-timers/build/index.js:542:19)
      at Object.runOnlyPendingTimers (src/hooks/__tests__/useSessionCheck.test.ts:45:10)

    console.error
      An update to TestComponent inside a test was not wrapped in act(...).
      
      When testing, code that causes React state updates should be wrapped into act(...):
      
      act(() => {
        /* fire events that update state */
      });
      /* assert on the output */
      
      This ensures that you're testing the behavior the user would see in the browser. Learn more at https://react.dev/link/wrap-tests-with-act

    [0m [90m 373 |[39m       [36mreturn[39m[33m;[39m
     [90m 374 |[39m     }
    [31m[1m>[22m[39m[90m 375 |[39m     originalError[33m.[39mcall(console[33m,[39m [33m...[39margs)[33m;[39m
     [90m     |[39m                   [31m[1m^[22m[39m
     [90m 376 |[39m   }[33m;[39m
     [90m 377 |[39m })[33m;[39m
     [90m 378 |[39m[0m

      at console.call [as error] (jest.setup.js:375:19)
      at node_modules/.pnpm/react-dom@19.2.0_react@19.2.0/node_modules/react-dom/cjs/react-dom-client.development.js:18758:19
      at runWithFiberInDEV (node_modules/.pnpm/react-dom@19.2.0_react@19.2.0/node_modules/react-dom/cjs/react-dom-client.development.js:874:13)
      at warnIfUpdatesNotWrappedWithActDEV (node_modules/.pnpm/react-dom@19.2.0_react@19.2.0/node_modules/react-dom/cjs/react-dom-client.development.js:18757:9)
      at scheduleUpdateOnFiber (node_modules/.pnpm/react-dom@19.2.0_react@19.2.0/node_modules/react-dom/cjs/react-dom-client.development.js:16409:11)
      at dispatchSetStateInternal (node_modules/.pnpm/react-dom@19.2.0_react@19.2.0/node_modules/react-dom/cjs/react-dom-client.development.js:9170:13)
      at dispatchSetState (node_modules/.pnpm/react-dom@19.2.0_react@19.2.0/node_modules/react-dom/cjs/react-dom-client.development.js:9127:7)
      at setRemainingMinutes (src/hooks/useSessionCheck.ts:53:7)

    console.error
      An update to TestComponent inside a test was not wrapped in act(...).
      
      When testing, code that causes React state updates should be wrapped into act(...):
      
      act(() => {
        /* fire events that update state */
      });
      /* assert on the output */
      
      This ensures that you're testing the behavior the user would see in the browser. Learn more at https://react.dev/link/wrap-tests-with-act

    [0m [90m 373 |[39m       [36mreturn[39m[33m;[39m
     [90m 374 |[39m     }
    [31m[1m>[22m[39m[90m 375 |[39m     originalError[33m.[39mcall(console[33m,[39m [33m...[39margs)[33m;[39m
     [90m     |[39m                   [31m[1m^[22m[39m
     [90m 376 |[39m   }[33m;[39m
     [90m 377 |[39m })[33m;[39m
     [90m 378 |[39m[0m

      at console.call [as error] (jest.setup.js:375:19)
      at node_modules/.pnpm/react-dom@19.2.0_react@19.2.0/node_modules/react-dom/cjs/react-dom-client.development.js:18758:19
      at runWithFiberInDEV (node_modules/.pnpm/react-dom@19.2.0_react@19.2.0/node_modules/react-dom/cjs/react-dom-client.development.js:874:13)
      at warnIfUpdatesNotWrappedWithActDEV (node_modules/.pnpm/react-dom@19.2.0_react@19.2.0/node_modules/react-dom/cjs/react-dom-client.development.js:18757:9)
      at scheduleUpdateOnFiber (node_modules/.pnpm/react-dom@19.2.0_react@19.2.0/node_modules/react-dom/cjs/react-dom-client.development.js:16409:11)
      at dispatchSetStateInternal (node_modules/.pnpm/react-dom@19.2.0_react@19.2.0/node_modules/react-dom/cjs/react-dom-client.development.js:9170:13)
      at dispatchSetState (node_modules/.pnpm/react-dom@19.2.0_react@19.2.0/node_modules/react-dom/cjs/react-dom-client.development.js:9127:7)
      at setIsNearExpiry (src/hooks/useSessionCheck.ts:57:7)

    console.error
      An update to TestComponent inside a test was not wrapped in act(...).
      
      When testing, code that causes React state updates should be wrapped into act(...):
      
      act(() => {
        /* fire events that update state */
      });
      /* assert on the output */
      
      This ensures that you're testing the behavior the user would see in the browser. Learn more at https://react.dev/link/wrap-tests-with-act

    [0m [90m 373 |[39m       [36mreturn[39m[33m;[39m
     [90m 374 |[39m     }
    [31m[1m>[22m[39m[90m 375 |[39m     originalError[33m.[39mcall(console[33m,[39m [33m...[39margs)[33m;[39m
     [90m     |[39m                   [31m[1m^[22m[39m
     [90m 376 |[39m   }[33m;[39m
     [90m 377 |[39m })[33m;[39m
     [90m 378 |[39m[0m

      at console.call [as error] (jest.setup.js:375:19)
      at node_modules/.pnpm/react-dom@19.2.0_react@19.2.0/node_modules/react-dom/cjs/react-dom-client.development.js:18758:19
      at runWithFiberInDEV (node_modules/.pnpm/react-dom@19.2.0_react@19.2.0/node_modules/react-dom/cjs/react-dom-client.development.js:874:13)
      at warnIfUpdatesNotWrappedWithActDEV (node_modules/.pnpm/react-dom@19.2.0_react@19.2.0/node_modules/react-dom/cjs/react-dom-client.development.js:18757:9)
      at scheduleUpdateOnFiber (node_modules/.pnpm/react-dom@19.2.0_react@19.2.0/node_modules/react-dom/cjs/react-dom-client.development.js:16409:11)
      at dispatchSetStateInternal (node_modules/.pnpm/react-dom@19.2.0_react@19.2.0/node_modules/react-dom/cjs/react-dom-client.development.js:9170:13)
      at dispatchSetState (node_modules/.pnpm/react-dom@19.2.0_react@19.2.0/node_modules/react-dom/cjs/react-dom-client.development.js:9127:7)
      at setIsChecking (src/hooks/useSessionCheck.ts:69:7)

    console.error
      An update to TestComponent inside a test was not wrapped in act(...).
      
      When testing, code that causes React state updates should be wrapped into act(...):
      
      act(() => {
        /* fire events that update state */
      });
      /* assert on the output */
      
      This ensures that you're testing the behavior the user would see in the browser. Learn more at https://react.dev/link/wrap-tests-with-act

    [0m [90m 373 |[39m       [36mreturn[39m[33m;[39m
     [90m 374 |[39m     }
    [31m[1m>[22m[39m[90m 375 |[39m     originalError[33m.[39mcall(console[33m,[39m [33m...[39margs)[33m;[39m
     [90m     |[39m                   [31m[1m^[22m[39m
     [90m 376 |[39m   }[33m;[39m
     [90m 377 |[39m })[33m;[39m
     [90m 378 |[39m[0m

      at console.call [as error] (jest.setup.js:375:19)
      at node_modules/.pnpm/react-dom@19.2.0_react@19.2.0/node_modules/react-dom/cjs/react-dom-client.development.js:18758:19
      at runWithFiberInDEV (node_modules/.pnpm/react-dom@19.2.0_react@19.2.0/node_modules/react-dom/cjs/react-dom-client.development.js:874:13)
      at warnIfUpdatesNotWrappedWithActDEV (node_modules/.pnpm/react-dom@19.2.0_react@19.2.0/node_modules/react-dom/cjs/react-dom-client.development.js:18757:9)
      at scheduleUpdateOnFiber (node_modules/.pnpm/react-dom@19.2.0_react@19.2.0/node_modules/react-dom/cjs/react-dom-client.development.js:16409:11)
      at dispatchSetStateInternal (node_modules/.pnpm/react-dom@19.2.0_react@19.2.0/node_modules/react-dom/cjs/react-dom-client.development.js:9170:13)
      at dispatchSetState (node_modules/.pnpm/react-dom@19.2.0_react@19.2.0/node_modules/react-dom/cjs/react-dom-client.development.js:9127:7)
      at setIsChecking (src/hooks/useSessionCheck.ts:41:7)
      at callTimer (node_modules/.pnpm/@sinonjs+fake-timers@13.0.5/node_modules/@sinonjs/fake-timers/src/fake-timers-src.js:806:24)
      at doTickInner (node_modules/.pnpm/@sinonjs+fake-timers@13.0.5/node_modules/@sinonjs/fake-timers/src/fake-timers-src.js:1413:29)
      at doTick (node_modules/.pnpm/@sinonjs+fake-timers@13.0.5/node_modules/@sinonjs/fake-timers/src/fake-timers-src.js:1494:20)
      at Object.tick (node_modules/.pnpm/@sinonjs+fake-timers@13.0.5/node_modules/@sinonjs/fake-timers/src/fake-timers-src.js:1502:20)
      at Object.runToLast (node_modules/.pnpm/@sinonjs+fake-timers@13.0.5/node_modules/@sinonjs/fake-timers/src/fake-timers-src.js:1661:26)
      at FakeTimers.runOnlyPendingTimers (node_modules/.pnpm/@jest+fake-timers@30.2.0/node_modules/@jest/fake-timers/build/index.js:542:19)
      at Object.runOnlyPendingTimers (src/hooks/__tests__/useSessionCheck.test.ts:45:10)

    console.error
      An update to TestComponent inside a test was not wrapped in act(...).
      
      When testing, code that causes React state updates should be wrapped into act(...):
      
      act(() => {
        /* fire events that update state */
      });
      /* assert on the output */
      
      This ensures that you're testing the behavior the user would see in the browser. Learn more at https://react.dev/link/wrap-tests-with-act

    [0m [90m 373 |[39m       [36mreturn[39m[33m;[39m
     [90m 374 |[39m     }
    [31m[1m>[22m[39m[90m 375 |[39m     originalError[33m.[39mcall(console[33m,[39m [33m...[39margs)[33m;[39m
     [90m     |[39m                   [31m[1m^[22m[39m
     [90m 376 |[39m   }[33m;[39m
     [90m 377 |[39m })[33m;[39m
     [90m 378 |[39m[0m

      at console.call [as error] (jest.setup.js:375:19)
      at node_modules/.pnpm/react-dom@19.2.0_react@19.2.0/node_modules/react-dom/cjs/react-dom-client.development.js:18758:19
      at runWithFiberInDEV (node_modules/.pnpm/react-dom@19.2.0_react@19.2.0/node_modules/react-dom/cjs/react-dom-client.development.js:874:13)
      at warnIfUpdatesNotWrappedWithActDEV (node_modules/.pnpm/react-dom@19.2.0_react@19.2.0/node_modules/react-dom/cjs/react-dom-client.development.js:18757:9)
      at scheduleUpdateOnFiber (node_modules/.pnpm/react-dom@19.2.0_react@19.2.0/node_modules/react-dom/cjs/react-dom-client.development.js:16409:11)
      at dispatchSetStateInternal (node_modules/.pnpm/react-dom@19.2.0_react@19.2.0/node_modules/react-dom/cjs/react-dom-client.development.js:9170:13)
      at dispatchSetState (node_modules/.pnpm/react-dom@19.2.0_react@19.2.0/node_modules/react-dom/cjs/react-dom-client.development.js:9127:7)
      at setError (src/hooks/useSessionCheck.ts:42:7)
      at callTimer (node_modules/.pnpm/@sinonjs+fake-timers@13.0.5/node_modules/@sinonjs/fake-timers/src/fake-timers-src.js:806:24)
      at doTickInner (node_modules/.pnpm/@sinonjs+fake-timers@13.0.5/node_modules/@sinonjs/fake-timers/src/fake-timers-src.js:1413:29)
      at doTick (node_modules/.pnpm/@sinonjs+fake-timers@13.0.5/node_modules/@sinonjs/fake-timers/src/fake-timers-src.js:1494:20)
      at Object.tick (node_modules/.pnpm/@sinonjs+fake-timers@13.0.5/node_modules/@sinonjs/fake-timers/src/fake-timers-src.js:1502:20)
      at Object.runToLast (node_modules/.pnpm/@sinonjs+fake-timers@13.0.5/node_modules/@sinonjs/fake-timers/src/fake-timers-src.js:1661:26)
      at FakeTimers.runOnlyPendingTimers (node_modules/.pnpm/@jest+fake-timers@30.2.0/node_modules/@jest/fake-timers/build/index.js:542:19)
      at Object.runOnlyPendingTimers (src/hooks/__tests__/useSessionCheck.test.ts:45:10)

    console.error
      An update to TestComponent inside a test was not wrapped in act(...).
      
      When testing, code that causes React state updates should be wrapped into act(...):
      
      act(() => {
        /* fire events that update state */
      });
      /* assert on the output */
      
      This ensures that you're testing the behavior the user would see in the browser. Learn more at https://react.dev/link/wrap-tests-with-act

    [0m [90m 373 |[39m       [36mreturn[39m[33m;[39m
     [90m 374 |[39m     }
    [31m[1m>[22m[39m[90m 375 |[39m     originalError[33m.[39mcall(console[33m,[39m [33m...[39margs)[33m;[39m
     [90m     |[39m                   [31m[1m^[22m[39m
     [90m 376 |[39m   }[33m;[39m
     [90m 377 |[39m })[33m;[39m
     [90m 378 |[39m[0m

      at console.call [as error] (jest.setup.js:375:19)
      at node_modules/.pnpm/react-dom@19.2.0_react@19.2.0/node_modules/react-dom/cjs/react-dom-client.development.js:18758:19
      at runWithFiberInDEV (node_modules/.pnpm/react-dom@19.2.0_react@19.2.0/node_modules/react-dom/cjs/react-dom-client.development.js:874:13)
      at warnIfUpdatesNotWrappedWithActDEV (node_modules/.pnpm/react-dom@19.2.0_react@19.2.0/node_modules/react-dom/cjs/react-dom-client.development.js:18757:9)
      at scheduleUpdateOnFiber (node_modules/.pnpm/react-dom@19.2.0_react@19.2.0/node_modules/react-dom/cjs/react-dom-client.development.js:16409:11)
      at dispatchSetStateInternal (node_modules/.pnpm/react-dom@19.2.0_react@19.2.0/node_modules/react-dom/cjs/react-dom-client.development.js:9170:13)
      at dispatchSetState (node_modules/.pnpm/react-dom@19.2.0_react@19.2.0/node_modules/react-dom/cjs/react-dom-client.development.js:9127:7)
      at setRemainingMinutes (src/hooks/useSessionCheck.ts:53:7)

    console.error
      An update to TestComponent inside a test was not wrapped in act(...).
      
      When testing, code that causes React state updates should be wrapped into act(...):
      
      act(() => {
        /* fire events that update state */
      });
      /* assert on the output */
      
      This ensures that you're testing the behavior the user would see in the browser. Learn more at https://react.dev/link/wrap-tests-with-act

    [0m [90m 373 |[39m       [36mreturn[39m[33m;[39m
     [90m 374 |[39m     }
    [31m[1m>[22m[39m[90m 375 |[39m     originalError[33m.[39mcall(console[33m,[39m [33m...[39margs)[33m;[39m
     [90m     |[39m                   [31m[1m^[22m[39m
     [90m 376 |[39m   }[33m;[39m
     [90m 377 |[39m })[33m;[39m
     [90m 378 |[39m[0m

      at console.call [as error] (jest.setup.js:375:19)
      at node_modules/.pnpm/react-dom@19.2.0_react@19.2.0/node_modules/react-dom/cjs/react-dom-client.development.js:18758:19
      at runWithFiberInDEV (node_modules/.pnpm/react-dom@19.2.0_react@19.2.0/node_modules/react-dom/cjs/react-dom-client.development.js:874:13)
      at warnIfUpdatesNotWrappedWithActDEV (node_modules/.pnpm/react-dom@19.2.0_react@19.2.0/node_modules/react-dom/cjs/react-dom-client.development.js:18757:9)
      at scheduleUpdateOnFiber (node_modules/.pnpm/react-dom@19.2.0_react@19.2.0/node_modules/react-dom/cjs/react-dom-client.development.js:16409:11)
      at dispatchSetStateInternal (node_modules/.pnpm/react-dom@19.2.0_react@19.2.0/node_modules/react-dom/cjs/react-dom-client.development.js:9170:13)
      at dispatchSetState (node_modules/.pnpm/react-dom@19.2.0_react@19.2.0/node_modules/react-dom/cjs/react-dom-client.development.js:9127:7)
      at setIsNearExpiry (src/hooks/useSessionCheck.ts:57:7)

    console.error
      An update to TestComponent inside a test was not wrapped in act(...).
      
      When testing, code that causes React state updates should be wrapped into act(...):
      
      act(() => {
        /* fire events that update state */
      });
      /* assert on the output */
      
      This ensures that you're testing the behavior the user would see in the browser. Learn more at https://react.dev/link/wrap-tests-with-act

    [0m [90m 373 |[39m       [36mreturn[39m[33m;[39m
     [90m 374 |[39m     }
    [31m[1m>[22m[39m[90m 375 |[39m     originalError[33m.[39mcall(console[33m,[39m [33m...[39margs)[33m;[39m
     [90m     |[39m                   [31m[1m^[22m[39m
     [90m 376 |[39m   }[33m;[39m
     [90m 377 |[39m })[33m;[39m
     [90m 378 |[39m[0m

      at console.call [as error] (jest.setup.js:375:19)
      at node_modules/.pnpm/react-dom@19.2.0_react@19.2.0/node_modules/react-dom/cjs/react-dom-client.development.js:18758:19
      at runWithFiberInDEV (node_modules/.pnpm/react-dom@19.2.0_react@19.2.0/node_modules/react-dom/cjs/react-dom-client.development.js:874:13)
      at warnIfUpdatesNotWrappedWithActDEV (node_modules/.pnpm/react-dom@19.2.0_react@19.2.0/node_modules/react-dom/cjs/react-dom-client.development.js:18757:9)
      at scheduleUpdateOnFiber (node_modules/.pnpm/react-dom@19.2.0_react@19.2.0/node_modules/react-dom/cjs/react-dom-client.development.js:16409:11)
      at dispatchSetStateInternal (node_modules/.pnpm/react-dom@19.2.0_react@19.2.0/node_modules/react-dom/cjs/react-dom-client.development.js:9170:13)
      at dispatchSetState (node_modules/.pnpm/react-dom@19.2.0_react@19.2.0/node_modules/react-dom/cjs/react-dom-client.development.js:9127:7)
      at setIsChecking (src/hooks/useSessionCheck.ts:69:7)

    console.error
      An update to TestComponent inside a test was not wrapped in act(...).
      
      When testing, code that causes React state updates should be wrapped into act(...):
      
      act(() => {
        /* fire events that update state */
      });
      /* assert on the output */
      
      This ensures that you're testing the behavior the user would see in the browser. Learn more at https://react.dev/link/wrap-tests-with-act

    [0m [90m 373 |[39m       [36mreturn[39m[33m;[39m
     [90m 374 |[39m     }
    [31m[1m>[22m[39m[90m 375 |[39m     originalError[33m.[39mcall(console[33m,[39m [33m...[39margs)[33m;[39m
     [90m     |[39m                   [31m[1m^[22m[39m
     [90m 376 |[39m   }[33m;[39m
     [90m 377 |[39m })[33m;[39m
     [90m 378 |[39m[0m

      at console.call [as error] (jest.setup.js:375:19)
      at node_modules/.pnpm/react-dom@19.2.0_react@19.2.0/node_modules/react-dom/cjs/react-dom-client.development.js:18758:19
      at runWithFiberInDEV (node_modules/.pnpm/react-dom@19.2.0_react@19.2.0/node_modules/react-dom/cjs/react-dom-client.development.js:874:13)
      at warnIfUpdatesNotWrappedWithActDEV (node_modules/.pnpm/react-dom@19.2.0_react@19.2.0/node_modules/react-dom/cjs/react-dom-client.development.js:18757:9)
      at scheduleUpdateOnFiber (node_modules/.pnpm/react-dom@19.2.0_react@19.2.0/node_modules/react-dom/cjs/react-dom-client.development.js:16409:11)
      at dispatchSetStateInternal (node_modules/.pnpm/react-dom@19.2.0_react@19.2.0/node_modules/react-dom/cjs/react-dom-client.development.js:9170:13)
      at dispatchSetState (node_modules/.pnpm/react-dom@19.2.0_react@19.2.0/node_modules/react-dom/cjs/react-dom-client.development.js:9127:7)
      at setIsChecking (src/hooks/useSessionCheck.ts:41:7)
      at callTimer (node_modules/.pnpm/@sinonjs+fake-timers@13.0.5/node_modules/@sinonjs/fake-timers/src/fake-timers-src.js:806:24)
      at doTickInner (node_modules/.pnpm/@sinonjs+fake-timers@13.0.5/node_modules/@sinonjs/fake-timers/src/fake-timers-src.js:1413:29)
      at doTick (node_modules/.pnpm/@sinonjs+fake-timers@13.0.5/node_modules/@sinonjs/fake-timers/src/fake-timers-src.js:1494:20)
      at Object.tick (node_modules/.pnpm/@sinonjs+fake-timers@13.0.5/node_modules/@sinonjs/fake-timers/src/fake-timers-src.js:1502:20)
      at Object.runToLast (node_modules/.pnpm/@sinonjs+fake-timers@13.0.5/node_modules/@sinonjs/fake-timers/src/fake-timers-src.js:1661:26)
      at FakeTimers.runOnlyPendingTimers (node_modules/.pnpm/@jest+fake-timers@30.2.0/node_modules/@jest/fake-timers/build/index.js:542:19)
      at Object.runOnlyPendingTimers (src/hooks/__tests__/useSessionCheck.test.ts:45:10)

    console.error
      An update to TestComponent inside a test was not wrapped in act(...).
      
      When testing, code that causes React state updates should be wrapped into act(...):
      
      act(() => {
        /* fire events that update state */
      });
      /* assert on the output */
      
      This ensures that you're testing the behavior the user would see in the browser. Learn more at https://react.dev/link/wrap-tests-with-act

    [0m [90m 373 |[39m       [36mreturn[39m[33m;[39m
     [90m 374 |[39m     }
    [31m[1m>[22m[39m[90m 375 |[39m     originalError[33m.[39mcall(console[33m,[39m [33m...[39margs)[33m;[39m
     [90m     |[39m                   [31m[1m^[22m[39m
     [90m 376 |[39m   }[33m;[39m
     [90m 377 |[39m })[33m;[39m
     [90m 378 |[39m[0m

      at console.call [as error] (jest.setup.js:375:19)
      at node_modules/.pnpm/react-dom@19.2.0_react@19.2.0/node_modules/react-dom/cjs/react-dom-client.development.js:18758:19
      at runWithFiberInDEV (node_modules/.pnpm/react-dom@19.2.0_react@19.2.0/node_modules/react-dom/cjs/react-dom-client.development.js:874:13)
      at warnIfUpdatesNotWrappedWithActDEV (node_modules/.pnpm/react-dom@19.2.0_react@19.2.0/node_modules/react-dom/cjs/react-dom-client.development.js:18757:9)
      at scheduleUpdateOnFiber (node_modules/.pnpm/react-dom@19.2.0_react@19.2.0/node_modules/react-dom/cjs/react-dom-client.development.js:16409:11)
      at dispatchSetStateInternal (node_modules/.pnpm/react-dom@19.2.0_react@19.2.0/node_modules/react-dom/cjs/react-dom-client.development.js:9170:13)
      at dispatchSetState (node_modules/.pnpm/react-dom@19.2.0_react@19.2.0/node_modules/react-dom/cjs/react-dom-client.development.js:9127:7)
      at setError (src/hooks/useSessionCheck.ts:42:7)
      at callTimer (node_modules/.pnpm/@sinonjs+fake-timers@13.0.5/node_modules/@sinonjs/fake-timers/src/fake-timers-src.js:806:24)
      at doTickInner (node_modules/.pnpm/@sinonjs+fake-timers@13.0.5/node_modules/@sinonjs/fake-timers/src/fake-timers-src.js:1413:29)
      at doTick (node_modules/.pnpm/@sinonjs+fake-timers@13.0.5/node_modules/@sinonjs/fake-timers/src/fake-timers-src.js:1494:20)
      at Object.tick (node_modules/.pnpm/@sinonjs+fake-timers@13.0.5/node_modules/@sinonjs/fake-timers/src/fake-timers-src.js:1502:20)
      at Object.runToLast (node_modules/.pnpm/@sinonjs+fake-timers@13.0.5/node_modules/@sinonjs/fake-timers/src/fake-timers-src.js:1661:26)
      at FakeTimers.runOnlyPendingTimers (node_modules/.pnpm/@jest+fake-timers@30.2.0/node_modules/@jest/fake-timers/build/index.js:542:19)
      at Object.runOnlyPendingTimers (src/hooks/__tests__/useSessionCheck.test.ts:45:10)

    console.error
      An update to TestComponent inside a test was not wrapped in act(...).
      
      When testing, code that causes React state updates should be wrapped into act(...):
      
      act(() => {
        /* fire events that update state */
      });
      /* assert on the output */
      
      This ensures that you're testing the behavior the user would see in the browser. Learn more at https://react.dev/link/wrap-tests-with-act

    [0m [90m 373 |[39m       [36mreturn[39m[33m;[39m
     [90m 374 |[39m     }
    [31m[1m>[22m[39m[90m 375 |[39m     originalError[33m.[39mcall(console[33m,[39m [33m...[39margs)[33m;[39m
     [90m     |[39m                   [31m[1m^[22m[39m
     [90m 376 |[39m   }[33m;[39m
     [90m 377 |[39m })[33m;[39m
     [90m 378 |[39m[0m

      at console.call [as error] (jest.setup.js:375:19)
      at node_modules/.pnpm/react-dom@19.2.0_react@19.2.0/node_modules/react-dom/cjs/react-dom-client.development.js:18758:19
      at runWithFiberInDEV (node_modules/.pnpm/react-dom@19.2.0_react@19.2.0/node_modules/react-dom/cjs/react-dom-client.development.js:874:13)
      at warnIfUpdatesNotWrappedWithActDEV (node_modules/.pnpm/react-dom@19.2.0_react@19.2.0/node_modules/react-dom/cjs/react-dom-client.development.js:18757:9)
      at scheduleUpdateOnFiber (node_modules/.pnpm/react-dom@19.2.0_react@19.2.0/node_modules/react-dom/cjs/react-dom-client.development.js:16409:11)
      at dispatchSetStateInternal (node_modules/.pnpm/react-dom@19.2.0_react@19.2.0/node_modules/react-dom/cjs/react-dom-client.development.js:9170:13)
      at dispatchSetState (node_modules/.pnpm/react-dom@19.2.0_react@19.2.0/node_modules/react-dom/cjs/react-dom-client.development.js:9127:7)
      at setRemainingMinutes (src/hooks/useSessionCheck.ts:53:7)

    console.error
      An update to TestComponent inside a test was not wrapped in act(...).
      
      When testing, code that causes React state updates should be wrapped into act(...):
      
      act(() => {
        /* fire events that update state */
      });
      /* assert on the output */
      
      This ensures that you're testing the behavior the user would see in the browser. Learn more at https://react.dev/link/wrap-tests-with-act

    [0m [90m 373 |[39m       [36mreturn[39m[33m;[39m
     [90m 374 |[39m     }
    [31m[1m>[22m[39m[90m 375 |[39m     originalError[33m.[39mcall(console[33m,[39m [33m...[39margs)[33m;[39m
     [90m     |[39m                   [31m[1m^[22m[39m
     [90m 376 |[39m   }[33m;[39m
     [90m 377 |[39m })[33m;[39m
     [90m 378 |[39m[0m

      at console.call [as error] (jest.setup.js:375:19)
      at node_modules/.pnpm/react-dom@19.2.0_react@19.2.0/node_modules/react-dom/cjs/react-dom-client.development.js:18758:19
      at runWithFiberInDEV (node_modules/.pnpm/react-dom@19.2.0_react@19.2.0/node_modules/react-dom/cjs/react-dom-client.development.js:874:13)
      at warnIfUpdatesNotWrappedWithActDEV (node_modules/.pnpm/react-dom@19.2.0_react@19.2.0/node_modules/react-dom/cjs/react-dom-client.development.js:18757:9)
      at scheduleUpdateOnFiber (node_modules/.pnpm/react-dom@19.2.0_react@19.2.0/node_modules/react-dom/cjs/react-dom-client.development.js:16409:11)
      at dispatchSetStateInternal (node_modules/.pnpm/react-dom@19.2.0_react@19.2.0/node_modules/react-dom/cjs/react-dom-client.development.js:9170:13)
      at dispatchSetState (node_modules/.pnpm/react-dom@19.2.0_react@19.2.0/node_modules/react-dom/cjs/react-dom-client.development.js:9127:7)
      at setIsNearExpiry (src/hooks/useSessionCheck.ts:57:7)

    console.error
      An update to TestComponent inside a test was not wrapped in act(...).
      
      When testing, code that causes React state updates should be wrapped into act(...):
      
      act(() => {
        /* fire events that update state */
      });
      /* assert on the output */
      
      This ensures that you're testing the behavior the user would see in the browser. Learn more at https://react.dev/link/wrap-tests-with-act

    [0m [90m 373 |[39m       [36mreturn[39m[33m;[39m
     [90m 374 |[39m     }
    [31m[1m>[22m[39m[90m 375 |[39m     originalError[33m.[39mcall(console[33m,[39m [33m...[39margs)[33m;[39m
     [90m     |[39m                   [31m[1m^[22m[39m
     [90m 376 |[39m   }[33m;[39m
     [90m 377 |[39m })[33m;[39m
     [90m 378 |[39m[0m

      at console.call [as error] (jest.setup.js:375:19)
      at node_modules/.pnpm/react-dom@19.2.0_react@19.2.0/node_modules/react-dom/cjs/react-dom-client.development.js:18758:19
      at runWithFiberInDEV (node_modules/.pnpm/react-dom@19.2.0_react@19.2.0/node_modules/react-dom/cjs/react-dom-client.development.js:874:13)
      at warnIfUpdatesNotWrappedWithActDEV (node_modules/.pnpm/react-dom@19.2.0_react@19.2.0/node_modules/react-dom/cjs/react-dom-client.development.js:18757:9)
      at scheduleUpdateOnFiber (node_modules/.pnpm/react-dom@19.2.0_react@19.2.0/node_modules/react-dom/cjs/react-dom-client.development.js:16409:11)
      at dispatchSetStateInternal (node_modules/.pnpm/react-dom@19.2.0_react@19.2.0/node_modules/react-dom/cjs/react-dom-client.development.js:9170:13)
      at dispatchSetState (node_modules/.pnpm/react-dom@19.2.0_react@19.2.0/node_modules/react-dom/cjs/react-dom-client.development.js:9127:7)
      at setIsChecking (src/hooks/useSessionCheck.ts:69:7)

    console.error
      An update to TestComponent inside a test was not wrapped in act(...).
      
      When testing, code that causes React state updates should be wrapped into act(...):
      
      act(() => {
        /* fire events that update state */
      });
      /* assert on the output */
      
      This ensures that you're testing the behavior the user would see in the browser. Learn more at https://react.dev/link/wrap-tests-with-act

    [0m [90m 373 |[39m       [36mreturn[39m[33m;[39m
     [90m 374 |[39m     }
    [31m[1m>[22m[39m[90m 375 |[39m     originalError[33m.[39mcall(console[33m,[39m [33m...[39margs)[33m;[39m
     [90m     |[39m                   [31m[1m^[22m[39m
     [90m 376 |[39m   }[33m;[39m
     [90m 377 |[39m })[33m;[39m
     [90m 378 |[39m[0m

      at console.call [as error] (jest.setup.js:375:19)
      at node_modules/.pnpm/react-dom@19.2.0_react@19.2.0/node_modules/react-dom/cjs/react-dom-client.development.js:18758:19
      at runWithFiberInDEV (node_modules/.pnpm/react-dom@19.2.0_react@19.2.0/node_modules/react-dom/cjs/react-dom-client.development.js:874:13)
      at warnIfUpdatesNotWrappedWithActDEV (node_modules/.pnpm/react-dom@19.2.0_react@19.2.0/node_modules/react-dom/cjs/react-dom-client.development.js:18757:9)
      at scheduleUpdateOnFiber (node_modules/.pnpm/react-dom@19.2.0_react@19.2.0/node_modules/react-dom/cjs/react-dom-client.development.js:16409:11)
      at dispatchSetStateInternal (node_modules/.pnpm/react-dom@19.2.0_react@19.2.0/node_modules/react-dom/cjs/react-dom-client.development.js:9170:13)
      at dispatchSetState (node_modules/.pnpm/react-dom@19.2.0_react@19.2.0/node_modules/react-dom/cjs/react-dom-client.development.js:9127:7)
      at setIsChecking (src/hooks/useSessionCheck.ts:41:7)
      at callTimer (node_modules/.pnpm/@sinonjs+fake-timers@13.0.5/node_modules/@sinonjs/fake-timers/src/fake-timers-src.js:806:24)
      at doTickInner (node_modules/.pnpm/@sinonjs+fake-timers@13.0.5/node_modules/@sinonjs/fake-timers/src/fake-timers-src.js:1413:29)
      at doTick (node_modules/.pnpm/@sinonjs+fake-timers@13.0.5/node_modules/@sinonjs/fake-timers/src/fake-timers-src.js:1494:20)
      at Object.tick (node_modules/.pnpm/@sinonjs+fake-timers@13.0.5/node_modules/@sinonjs/fake-timers/src/fake-timers-src.js:1502:20)
      at Object.runToLast (node_modules/.pnpm/@sinonjs+fake-timers@13.0.5/node_modules/@sinonjs/fake-timers/src/fake-timers-src.js:1661:26)
      at FakeTimers.runOnlyPendingTimers (node_modules/.pnpm/@jest+fake-timers@30.2.0/node_modules/@jest/fake-timers/build/index.js:542:19)
      at Object.runOnlyPendingTimers (src/hooks/__tests__/useSessionCheck.test.ts:45:10)

    console.error
      An update to TestComponent inside a test was not wrapped in act(...).
      
      When testing, code that causes React state updates should be wrapped into act(...):
      
      act(() => {
        /* fire events that update state */
      });
      /* assert on the output */
      
      This ensures that you're testing the behavior the user would see in the browser. Learn more at https://react.dev/link/wrap-tests-with-act

    [0m [90m 373 |[39m       [36mreturn[39m[33m;[39m
     [90m 374 |[39m     }
    [31m[1m>[22m[39m[90m 375 |[39m     originalError[33m.[39mcall(console[33m,[39m [33m...[39margs)[33m;[39m
     [90m     |[39m                   [31m[1m^[22m[39m
     [90m 376 |[39m   }[33m;[39m
     [90m 377 |[39m })[33m;[39m
     [90m 378 |[39m[0m

      at console.call [as error] (jest.setup.js:375:19)
      at node_modules/.pnpm/react-dom@19.2.0_react@19.2.0/node_modules/react-dom/cjs/react-dom-client.development.js:18758:19
      at runWithFiberInDEV (node_modules/.pnpm/react-dom@19.2.0_react@19.2.0/node_modules/react-dom/cjs/react-dom-client.development.js:874:13)
      at warnIfUpdatesNotWrappedWithActDEV (node_modules/.pnpm/react-dom@19.2.0_react@19.2.0/node_modules/react-dom/cjs/react-dom-client.development.js:18757:9)
      at scheduleUpdateOnFiber (node_modules/.pnpm/react-dom@19.2.0_react@19.2.0/node_modules/react-dom/cjs/react-dom-client.development.js:16409:11)
      at dispatchSetStateInternal (node_modules/.pnpm/react-dom@19.2.0_react@19.2.0/node_modules/react-dom/cjs/react-dom-client.development.js:9170:13)
      at dispatchSetState (node_modules/.pnpm/react-dom@19.2.0_react@19.2.0/node_modules/react-dom/cjs/react-dom-client.development.js:9127:7)
      at setError (src/hooks/useSessionCheck.ts:42:7)
      at callTimer (node_modules/.pnpm/@sinonjs+fake-timers@13.0.5/node_modules/@sinonjs/fake-timers/src/fake-timers-src.js:806:24)
      at doTickInner (node_modules/.pnpm/@sinonjs+fake-timers@13.0.5/node_modules/@sinonjs/fake-timers/src/fake-timers-src.js:1413:29)
      at doTick (node_modules/.pnpm/@sinonjs+fake-timers@13.0.5/node_modules/@sinonjs/fake-timers/src/fake-timers-src.js:1494:20)
      at Object.tick (node_modules/.pnpm/@sinonjs+fake-timers@13.0.5/node_modules/@sinonjs/fake-timers/src/fake-timers-src.js:1502:20)
      at Object.runToLast (node_modules/.pnpm/@sinonjs+fake-timers@13.0.5/node_modules/@sinonjs/fake-timers/src/fake-timers-src.js:1661:26)
      at FakeTimers.runOnlyPendingTimers (node_modules/.pnpm/@jest+fake-timers@30.2.0/node_modules/@jest/fake-timers/build/index.js:542:19)
      at Object.runOnlyPendingTimers (src/hooks/__tests__/useSessionCheck.test.ts:45:10)

    console.error
      An update to TestComponent inside a test was not wrapped in act(...).
      
      When testing, code that causes React state updates should be wrapped into act(...):
      
      act(() => {
        /* fire events that update state */
      });
      /* assert on the output */
      
      This ensures that you're testing the behavior the user would see in the browser. Learn more at https://react.dev/link/wrap-tests-with-act

    [0m [90m 373 |[39m       [36mreturn[39m[33m;[39m
     [90m 374 |[39m     }
    [31m[1m>[22m[39m[90m 375 |[39m     originalError[33m.[39mcall(console[33m,[39m [33m...[39margs)[33m;[39m
     [90m     |[39m                   [31m[1m^[22m[39m
     [90m 376 |[39m   }[33m;[39m
     [90m 377 |[39m })[33m;[39m
     [90m 378 |[39m[0m

      at console.call [as error] (jest.setup.js:375:19)
      at node_modules/.pnpm/react-dom@19.2.0_react@19.2.0/node_modules/react-dom/cjs/react-dom-client.development.js:18758:19
      at runWithFiberInDEV (node_modules/.pnpm/react-dom@19.2.0_react@19.2.0/node_modules/react-dom/cjs/react-dom-client.development.js:874:13)
      at warnIfUpdatesNotWrappedWithActDEV (node_modules/.pnpm/react-dom@19.2.0_react@19.2.0/node_modules/react-dom/cjs/react-dom-client.development.js:18757:9)
      at scheduleUpdateOnFiber (node_modules/.pnpm/react-dom@19.2.0_react@19.2.0/node_modules/react-dom/cjs/react-dom-client.development.js:16409:11)
      at dispatchSetStateInternal (node_modules/.pnpm/react-dom@19.2.0_react@19.2.0/node_modules/react-dom/cjs/react-dom-client.development.js:9170:13)
      at dispatchSetState (node_modules/.pnpm/react-dom@19.2.0_react@19.2.0/node_modules/react-dom/cjs/react-dom-client.development.js:9127:7)
      at setRemainingMinutes (src/hooks/useSessionCheck.ts:53:7)

    console.error
      An update to TestComponent inside a test was not wrapped in act(...).
      
      When testing, code that causes React state updates should be wrapped into act(...):
      
      act(() => {
        /* fire events that update state */
      });
      /* assert on the output */
      
      This ensures that you're testing the behavior the user would see in the browser. Learn more at https://react.dev/link/wrap-tests-with-act

    [0m [90m 373 |[39m       [36mreturn[39m[33m;[39m
     [90m 374 |[39m     }
    [31m[1m>[22m[39m[90m 375 |[39m     originalError[33m.[39mcall(console[33m,[39m [33m...[39margs)[33m;[39m
     [90m     |[39m                   [31m[1m^[22m[39m
     [90m 376 |[39m   }[33m;[39m
     [90m 377 |[39m })[33m;[39m
     [90m 378 |[39m[0m

      at console.call [as error] (jest.setup.js:375:19)
      at node_modules/.pnpm/react-dom@19.2.0_react@19.2.0/node_modules/react-dom/cjs/react-dom-client.development.js:18758:19
      at runWithFiberInDEV (node_modules/.pnpm/react-dom@19.2.0_react@19.2.0/node_modules/react-dom/cjs/react-dom-client.development.js:874:13)
      at warnIfUpdatesNotWrappedWithActDEV (node_modules/.pnpm/react-dom@19.2.0_react@19.2.0/node_modules/react-dom/cjs/react-dom-client.development.js:18757:9)
      at scheduleUpdateOnFiber (node_modules/.pnpm/react-dom@19.2.0_react@19.2.0/node_modules/react-dom/cjs/react-dom-client.development.js:16409:11)
      at dispatchSetStateInternal (node_modules/.pnpm/react-dom@19.2.0_react@19.2.0/node_modules/react-dom/cjs/react-dom-client.development.js:9170:13)
      at dispatchSetState (node_modules/.pnpm/react-dom@19.2.0_react@19.2.0/node_modules/react-dom/cjs/react-dom-client.development.js:9127:7)
      at setIsNearExpiry (src/hooks/useSessionCheck.ts:57:7)

    console.error
      An update to TestComponent inside a test was not wrapped in act(...).
      
      When testing, code that causes React state updates should be wrapped into act(...):
      
      act(() => {
        /* fire events that update state */
      });
      /* assert on the output */
      
      This ensures that you're testing the behavior the user would see in the browser. Learn more at https://react.dev/link/wrap-tests-with-act

    [0m [90m 373 |[39m       [36mreturn[39m[33m;[39m
     [90m 374 |[39m     }
    [31m[1m>[22m[39m[90m 375 |[39m     originalError[33m.[39mcall(console[33m,[39m [33m...[39margs)[33m;[39m
     [90m     |[39m                   [31m[1m^[22m[39m
     [90m 376 |[39m   }[33m;[39m
     [90m 377 |[39m })[33m;[39m
     [90m 378 |[39m[0m

      at console.call [as error] (jest.setup.js:375:19)
      at node_modules/.pnpm/react-dom@19.2.0_react@19.2.0/node_modules/react-dom/cjs/react-dom-client.development.js:18758:19
      at runWithFiberInDEV (node_modules/.pnpm/react-dom@19.2.0_react@19.2.0/node_modules/react-dom/cjs/react-dom-client.development.js:874:13)
      at warnIfUpdatesNotWrappedWithActDEV (node_modules/.pnpm/react-dom@19.2.0_react@19.2.0/node_modules/react-dom/cjs/react-dom-client.development.js:18757:9)
      at scheduleUpdateOnFiber (node_modules/.pnpm/react-dom@19.2.0_react@19.2.0/node_modules/react-dom/cjs/react-dom-client.development.js:16409:11)
      at dispatchSetStateInternal (node_modules/.pnpm/react-dom@19.2.0_react@19.2.0/node_modules/react-dom/cjs/react-dom-client.development.js:9170:13)
      at dispatchSetState (node_modules/.pnpm/react-dom@19.2.0_react@19.2.0/node_modules/react-dom/cjs/react-dom-client.development.js:9127:7)
      at setIsChecking (src/hooks/useSessionCheck.ts:69:7)

    console.error
      An update to TestComponent inside a test was not wrapped in act(...).
      
      When testing, code that causes React state updates should be wrapped into act(...):
      
      act(() => {
        /* fire events that update state */
      });
      /* assert on the output */
      
      This ensures that you're testing the behavior the user would see in the browser. Learn more at https://react.dev/link/wrap-tests-with-act

    [0m [90m 373 |[39m       [36mreturn[39m[33m;[39m
     [90m 374 |[39m     }
    [31m[1m>[22m[39m[90m 375 |[39m     originalError[33m.[39mcall(console[33m,[39m [33m...[39margs)[33m;[39m
     [90m     |[39m                   [31m[1m^[22m[39m
     [90m 376 |[39m   }[33m;[39m
     [90m 377 |[39m })[33m;[39m
     [90m 378 |[39m[0m

      at console.call [as error] (jest.setup.js:375:19)
      at node_modules/.pnpm/react-dom@19.2.0_react@19.2.0/node_modules/react-dom/cjs/react-dom-client.development.js:18758:19
      at runWithFiberInDEV (node_modules/.pnpm/react-dom@19.2.0_react@19.2.0/node_modules/react-dom/cjs/react-dom-client.development.js:874:13)
      at warnIfUpdatesNotWrappedWithActDEV (node_modules/.pnpm/react-dom@19.2.0_react@19.2.0/node_modules/react-dom/cjs/react-dom-client.development.js:18757:9)
      at scheduleUpdateOnFiber (node_modules/.pnpm/react-dom@19.2.0_react@19.2.0/node_modules/react-dom/cjs/react-dom-client.development.js:16409:11)
      at dispatchSetStateInternal (node_modules/.pnpm/react-dom@19.2.0_react@19.2.0/node_modules/react-dom/cjs/react-dom-client.development.js:9170:13)
      at dispatchSetState (node_modules/.pnpm/react-dom@19.2.0_react@19.2.0/node_modules/react-dom/cjs/react-dom-client.development.js:9127:7)
      at setIsChecking (src/hooks/useSessionCheck.ts:41:7)
      at callTimer (node_modules/.pnpm/@sinonjs+fake-timers@13.0.5/node_modules/@sinonjs/fake-timers/src/fake-timers-src.js:806:24)
      at doTickInner (node_modules/.pnpm/@sinonjs+fake-timers@13.0.5/node_modules/@sinonjs/fake-timers/src/fake-timers-src.js:1413:29)
      at doTick (node_modules/.pnpm/@sinonjs+fake-timers@13.0.5/node_modules/@sinonjs/fake-timers/src/fake-timers-src.js:1494:20)
      at Object.tick (node_modules/.pnpm/@sinonjs+fake-timers@13.0.5/node_modules/@sinonjs/fake-timers/src/fake-timers-src.js:1502:20)
      at Object.runToLast (node_modules/.pnpm/@sinonjs+fake-timers@13.0.5/node_modules/@sinonjs/fake-timers/src/fake-timers-src.js:1661:26)
      at FakeTimers.runOnlyPendingTimers (node_modules/.pnpm/@jest+fake-timers@30.2.0/node_modules/@jest/fake-timers/build/index.js:542:19)
      at Object.runOnlyPendingTimers (src/hooks/__tests__/useSessionCheck.test.ts:45:10)

    console.error
      An update to TestComponent inside a test was not wrapped in act(...).
      
      When testing, code that causes React state updates should be wrapped into act(...):
      
      act(() => {
        /* fire events that update state */
      });
      /* assert on the output */
      
      This ensures that you're testing the behavior the user would see in the browser. Learn more at https://react.dev/link/wrap-tests-with-act

    [0m [90m 373 |[39m       [36mreturn[39m[33m;[39m
     [90m 374 |[39m     }
    [31m[1m>[22m[39m[90m 375 |[39m     originalError[33m.[39mcall(console[33m,[39m [33m...[39margs)[33m;[39m
     [90m     |[39m                   [31m[1m^[22m[39m
     [90m 376 |[39m   }[33m;[39m
     [90m 377 |[39m })[33m;[39m
     [90m 378 |[39m[0m

      at console.call [as error] (jest.setup.js:375:19)
      at node_modules/.pnpm/react-dom@19.2.0_react@19.2.0/node_modules/react-dom/cjs/react-dom-client.development.js:18758:19
      at runWithFiberInDEV (node_modules/.pnpm/react-dom@19.2.0_react@19.2.0/node_modules/react-dom/cjs/react-dom-client.development.js:874:13)
      at warnIfUpdatesNotWrappedWithActDEV (node_modules/.pnpm/react-dom@19.2.0_react@19.2.0/node_modules/react-dom/cjs/react-dom-client.development.js:18757:9)
      at scheduleUpdateOnFiber (node_modules/.pnpm/react-dom@19.2.0_react@19.2.0/node_modules/react-dom/cjs/react-dom-client.development.js:16409:11)
      at dispatchSetStateInternal (node_modules/.pnpm/react-dom@19.2.0_react@19.2.0/node_modules/react-dom/cjs/react-dom-client.development.js:9170:13)
      at dispatchSetState (node_modules/.pnpm/react-dom@19.2.0_react@19.2.0/node_modules/react-dom/cjs/react-dom-client.development.js:9127:7)
      at setError (src/hooks/useSessionCheck.ts:42:7)
      at callTimer (node_modules/.pnpm/@sinonjs+fake-timers@13.0.5/node_modules/@sinonjs/fake-timers/src/fake-timers-src.js:806:24)
      at doTickInner (node_modules/.pnpm/@sinonjs+fake-timers@13.0.5/node_modules/@sinonjs/fake-timers/src/fake-timers-src.js:1413:29)
      at doTick (node_modules/.pnpm/@sinonjs+fake-timers@13.0.5/node_modules/@sinonjs/fake-timers/src/fake-timers-src.js:1494:20)
      at Object.tick (node_modules/.pnpm/@sinonjs+fake-timers@13.0.5/node_modules/@sinonjs/fake-timers/src/fake-timers-src.js:1502:20)
      at Object.runToLast (node_modules/.pnpm/@sinonjs+fake-timers@13.0.5/node_modules/@sinonjs/fake-timers/src/fake-timers-src.js:1661:26)
      at FakeTimers.runOnlyPendingTimers (node_modules/.pnpm/@jest+fake-timers@30.2.0/node_modules/@jest/fake-timers/build/index.js:542:19)
      at Object.runOnlyPendingTimers (src/hooks/__tests__/useSessionCheck.test.ts:45:10)

    console.error
      An update to TestComponent inside a test was not wrapped in act(...).
      
      When testing, code that causes React state updates should be wrapped into act(...):
      
      act(() => {
        /* fire events that update state */
      });
      /* assert on the output */
      
      This ensures that you're testing the behavior the user would see in the browser. Learn more at https://react.dev/link/wrap-tests-with-act

    [0m [90m 373 |[39m       [36mreturn[39m[33m;[39m
     [90m 374 |[39m     }
    [31m[1m>[22m[39m[90m 375 |[39m     originalError[33m.[39mcall(console[33m,[39m [33m...[39margs)[33m;[39m
     [90m     |[39m                   [31m[1m^[22m[39m
     [90m 376 |[39m   }[33m;[39m
     [90m 377 |[39m })[33m;[39m
     [90m 378 |[39m[0m

      at console.call [as error] (jest.setup.js:375:19)
      at node_modules/.pnpm/react-dom@19.2.0_react@19.2.0/node_modules/react-dom/cjs/react-dom-client.development.js:18758:19
      at runWithFiberInDEV (node_modules/.pnpm/react-dom@19.2.0_react@19.2.0/node_modules/react-dom/cjs/react-dom-client.development.js:874:13)
      at warnIfUpdatesNotWrappedWithActDEV (node_modules/.pnpm/react-dom@19.2.0_react@19.2.0/node_modules/react-dom/cjs/react-dom-client.development.js:18757:9)
      at scheduleUpdateOnFiber (node_modules/.pnpm/react-dom@19.2.0_react@19.2.0/node_modules/react-dom/cjs/react-dom-client.development.js:16409:11)
      at dispatchSetStateInternal (node_modules/.pnpm/react-dom@19.2.0_react@19.2.0/node_modules/react-dom/cjs/react-dom-client.development.js:9170:13)
      at dispatchSetState (node_modules/.pnpm/react-dom@19.2.0_react@19.2.0/node_modules/react-dom/cjs/react-dom-client.development.js:9127:7)
      at setRemainingMinutes (src/hooks/useSessionCheck.ts:53:7)

    console.error
      An update to TestComponent inside a test was not wrapped in act(...).
      
      When testing, code that causes React state updates should be wrapped into act(...):
      
      act(() => {
        /* fire events that update state */
      });
      /* assert on the output */
      
      This ensures that you're testing the behavior the user would see in the browser. Learn more at https://react.dev/link/wrap-tests-with-act

    [0m [90m 373 |[39m       [36mreturn[39m[33m;[39m
     [90m 374 |[39m     }
    [31m[1m>[22m[39m[90m 375 |[39m     originalError[33m.[39mcall(console[33m,[39m [33m...[39margs)[33m;[39m
     [90m     |[39m                   [31m[1m^[22m[39m
     [90m 376 |[39m   }[33m;[39m
     [90m 377 |[39m })[33m;[39m
     [90m 378 |[39m[0m

      at console.call [as error] (jest.setup.js:375:19)
      at node_modules/.pnpm/react-dom@19.2.0_react@19.2.0/node_modules/react-dom/cjs/react-dom-client.development.js:18758:19
      at runWithFiberInDEV (node_modules/.pnpm/react-dom@19.2.0_react@19.2.0/node_modules/react-dom/cjs/react-dom-client.development.js:874:13)
      at warnIfUpdatesNotWrappedWithActDEV (node_modules/.pnpm/react-dom@19.2.0_react@19.2.0/node_modules/react-dom/cjs/react-dom-client.development.js:18757:9)
      at scheduleUpdateOnFiber (node_modules/.pnpm/react-dom@19.2.0_react@19.2.0/node_modules/react-dom/cjs/react-dom-client.development.js:16409:11)
      at dispatchSetStateInternal (node_modules/.pnpm/react-dom@19.2.0_react@19.2.0/node_modules/react-dom/cjs/react-dom-client.development.js:9170:13)
      at dispatchSetState (node_modules/.pnpm/react-dom@19.2.0_react@19.2.0/node_modules/react-dom/cjs/react-dom-client.development.js:9127:7)
      at setIsNearExpiry (src/hooks/useSessionCheck.ts:57:7)

    console.error
      An update to TestComponent inside a test was not wrapped in act(...).
      
      When testing, code that causes React state updates should be wrapped into act(...):
      
      act(() => {
        /* fire events that update state */
      });
      /* assert on the output */
      
      This ensures that you're testing the behavior the user would see in the browser. Learn more at https://react.dev/link/wrap-tests-with-act

    [0m [90m 373 |[39m       [36mreturn[39m[33m;[39m
     [90m 374 |[39m     }
    [31m[1m>[22m[39m[90m 375 |[39m     originalError[33m.[39mcall(console[33m,[39m [33m...[39margs)[33m;[39m
     [90m     |[39m                   [31m[1m^[22m[39m
     [90m 376 |[39m   }[33m;[39m
     [90m 377 |[39m })[33m;[39m
     [90m 378 |[39m[0m

      at console.call [as error] (jest.setup.js:375:19)
      at node_modules/.pnpm/react-dom@19.2.0_react@19.2.0/node_modules/react-dom/cjs/react-dom-client.development.js:18758:19
      at runWithFiberInDEV (node_modules/.pnpm/react-dom@19.2.0_react@19.2.0/node_modules/react-dom/cjs/react-dom-client.development.js:874:13)
      at warnIfUpdatesNotWrappedWithActDEV (node_modules/.pnpm/react-dom@19.2.0_react@19.2.0/node_modules/react-dom/cjs/react-dom-client.development.js:18757:9)
      at scheduleUpdateOnFiber (node_modules/.pnpm/react-dom@19.2.0_react@19.2.0/node_modules/react-dom/cjs/react-dom-client.development.js:16409:11)
      at dispatchSetStateInternal (node_modules/.pnpm/react-dom@19.2.0_react@19.2.0/node_modules/react-dom/cjs/react-dom-client.development.js:9170:13)
      at dispatchSetState (node_modules/.pnpm/react-dom@19.2.0_react@19.2.0/node_modules/react-dom/cjs/react-dom-client.development.js:9127:7)
      at setIsChecking (src/hooks/useSessionCheck.ts:69:7)

    console.error
      An update to TestComponent inside a test was not wrapped in act(...).
      
      When testing, code that causes React state updates should be wrapped into act(...):
      
      act(() => {
        /* fire events that update state */
      });
      /* assert on the output */
      
      This ensures that you're testing the behavior the user would see in the browser. Learn more at https://react.dev/link/wrap-tests-with-act

    [0m [90m 373 |[39m       [36mreturn[39m[33m;[39m
     [90m 374 |[39m     }
    [31m[1m>[22m[39m[90m 375 |[39m     originalError[33m.[39mcall(console[33m,[39m [33m...[39margs)[33m;[39m
     [90m     |[39m                   [31m[1m^[22m[39m
     [90m 376 |[39m   }[33m;[39m
     [90m 377 |[39m })[33m;[39m
     [90m 378 |[39m[0m

      at console.call [as error] (jest.setup.js:375:19)
      at node_modules/.pnpm/react-dom@19.2.0_react@19.2.0/node_modules/react-dom/cjs/react-dom-client.development.js:18758:19
      at runWithFiberInDEV (node_modules/.pnpm/react-dom@19.2.0_react@19.2.0/node_modules/react-dom/cjs/react-dom-client.development.js:874:13)
      at warnIfUpdatesNotWrappedWithActDEV (node_modules/.pnpm/react-dom@19.2.0_react@19.2.0/node_modules/react-dom/cjs/react-dom-client.development.js:18757:9)
      at scheduleUpdateOnFiber (node_modules/.pnpm/react-dom@19.2.0_react@19.2.0/node_modules/react-dom/cjs/react-dom-client.development.js:16409:11)
      at dispatchSetStateInternal (node_modules/.pnpm/react-dom@19.2.0_react@19.2.0/node_modules/react-dom/cjs/react-dom-client.development.js:9170:13)
      at dispatchSetState (node_modules/.pnpm/react-dom@19.2.0_react@19.2.0/node_modules/react-dom/cjs/react-dom-client.development.js:9127:7)
      at setIsChecking (src/hooks/useSessionCheck.ts:41:7)
      at callTimer (node_modules/.pnpm/@sinonjs+fake-timers@13.0.5/node_modules/@sinonjs/fake-timers/src/fake-timers-src.js:806:24)
      at doTickInner (node_modules/.pnpm/@sinonjs+fake-timers@13.0.5/node_modules/@sinonjs/fake-timers/src/fake-timers-src.js:1413:29)
      at doTick (node_modules/.pnpm/@sinonjs+fake-timers@13.0.5/node_modules/@sinonjs/fake-timers/src/fake-timers-src.js:1494:20)
      at Object.tick (node_modules/.pnpm/@sinonjs+fake-timers@13.0.5/node_modules/@sinonjs/fake-timers/src/fake-timers-src.js:1502:20)
      at Object.runToLast (node_modules/.pnpm/@sinonjs+fake-timers@13.0.5/node_modules/@sinonjs/fake-timers/src/fake-timers-src.js:1661:26)
      at FakeTimers.runOnlyPendingTimers (node_modules/.pnpm/@jest+fake-timers@30.2.0/node_modules/@jest/fake-timers/build/index.js:542:19)
      at Object.runOnlyPendingTimers (src/hooks/__tests__/useSessionCheck.test.ts:45:10)

    console.error
      An update to TestComponent inside a test was not wrapped in act(...).
      
      When testing, code that causes React state updates should be wrapped into act(...):
      
      act(() => {
        /* fire events that update state */
      });
      /* assert on the output */
      
      This ensures that you're testing the behavior the user would see in the browser. Learn more at https://react.dev/link/wrap-tests-with-act

    [0m [90m 373 |[39m       [36mreturn[39m[33m;[39m
     [90m 374 |[39m     }
    [31m[1m>[22m[39m[90m 375 |[39m     originalError[33m.[39mcall(console[33m,[39m [33m...[39margs)[33m;[39m
     [90m     |[39m                   [31m[1m^[22m[39m
     [90m 376 |[39m   }[33m;[39m
     [90m 377 |[39m })[33m;[39m
     [90m 378 |[39m[0m

      at console.call [as error] (jest.setup.js:375:19)
      at node_modules/.pnpm/react-dom@19.2.0_react@19.2.0/node_modules/react-dom/cjs/react-dom-client.development.js:18758:19
      at runWithFiberInDEV (node_modules/.pnpm/react-dom@19.2.0_react@19.2.0/node_modules/react-dom/cjs/react-dom-client.development.js:874:13)
      at warnIfUpdatesNotWrappedWithActDEV (node_modules/.pnpm/react-dom@19.2.0_react@19.2.0/node_modules/react-dom/cjs/react-dom-client.development.js:18757:9)
      at scheduleUpdateOnFiber (node_modules/.pnpm/react-dom@19.2.0_react@19.2.0/node_modules/react-dom/cjs/react-dom-client.development.js:16409:11)
      at dispatchSetStateInternal (node_modules/.pnpm/react-dom@19.2.0_react@19.2.0/node_modules/react-dom/cjs/react-dom-client.development.js:9170:13)
      at dispatchSetState (node_modules/.pnpm/react-dom@19.2.0_react@19.2.0/node_modules/react-dom/cjs/react-dom-client.development.js:9127:7)
      at setError (src/hooks/useSessionCheck.ts:42:7)
      at callTimer (node_modules/.pnpm/@sinonjs+fake-timers@13.0.5/node_modules/@sinonjs/fake-timers/src/fake-timers-src.js:806:24)
      at doTickInner (node_modules/.pnpm/@sinonjs+fake-timers@13.0.5/node_modules/@sinonjs/fake-timers/src/fake-timers-src.js:1413:29)
      at doTick (node_modules/.pnpm/@sinonjs+fake-timers@13.0.5/node_modules/@sinonjs/fake-timers/src/fake-timers-src.js:1494:20)
      at Object.tick (node_modules/.pnpm/@sinonjs+fake-timers@13.0.5/node_modules/@sinonjs/fake-timers/src/fake-timers-src.js:1502:20)
      at Object.runToLast (node_modules/.pnpm/@sinonjs+fake-timers@13.0.5/node_modules/@sinonjs/fake-timers/src/fake-timers-src.js:1661:26)
      at FakeTimers.runOnlyPendingTimers (node_modules/.pnpm/@jest+fake-timers@30.2.0/node_modules/@jest/fake-timers/build/index.js:542:19)
      at Object.runOnlyPendingTimers (src/hooks/__tests__/useSessionCheck.test.ts:45:10)

    console.error
      An update to TestComponent inside a test was not wrapped in act(...).
      
      When testing, code that causes React state updates should be wrapped into act(...):
      
      act(() => {
        /* fire events that update state */
      });
      /* assert on the output */
      
      This ensures that you're testing the behavior the user would see in the browser. Learn more at https://react.dev/link/wrap-tests-with-act

    [0m [90m 373 |[39m       [36mreturn[39m[33m;[39m
     [90m 374 |[39m     }
    [31m[1m>[22m[39m[90m 375 |[39m     originalError[33m.[39mcall(console[33m,[39m [33m...[39margs)[33m;[39m
     [90m     |[39m                   [31m[1m^[22m[39m
     [90m 376 |[39m   }[33m;[39m
     [90m 377 |[39m })[33m;[39m
     [90m 378 |[39m[0m

      at console.call [as error] (jest.setup.js:375:19)
      at node_modules/.pnpm/react-dom@19.2.0_react@19.2.0/node_modules/react-dom/cjs/react-dom-client.development.js:18758:19
      at runWithFiberInDEV (node_modules/.pnpm/react-dom@19.2.0_react@19.2.0/node_modules/react-dom/cjs/react-dom-client.development.js:874:13)
      at warnIfUpdatesNotWrappedWithActDEV (node_modules/.pnpm/react-dom@19.2.0_react@19.2.0/node_modules/react-dom/cjs/react-dom-client.development.js:18757:9)
      at scheduleUpdateOnFiber (node_modules/.pnpm/react-dom@19.2.0_react@19.2.0/node_modules/react-dom/cjs/react-dom-client.development.js:16409:11)
      at dispatchSetStateInternal (node_modules/.pnpm/react-dom@19.2.0_react@19.2.0/node_modules/react-dom/cjs/react-dom-client.development.js:9170:13)
      at dispatchSetState (node_modules/.pnpm/react-dom@19.2.0_react@19.2.0/node_modules/react-dom/cjs/react-dom-client.development.js:9127:7)
      at setRemainingMinutes (src/hooks/useSessionCheck.ts:53:7)

    console.error
      An update to TestComponent inside a test was not wrapped in act(...).
      
      When testing, code that causes React state updates should be wrapped into act(...):
      
      act(() => {
        /* fire events that update state */
      });
      /* assert on the output */
      
      This ensures that you're testing the behavior the user would see in the browser. Learn more at https://react.dev/link/wrap-tests-with-act

    [0m [90m 373 |[39m       [36mreturn[39m[33m;[39m
     [90m 374 |[39m     }
    [31m[1m>[22m[39m[90m 375 |[39m     originalError[33m.[39mcall(console[33m,[39m [33m...[39margs)[33m;[39m
     [90m     |[39m                   [31m[1m^[22m[39m
     [90m 376 |[39m   }[33m;[39m
     [90m 377 |[39m })[33m;[39m
     [90m 378 |[39m[0m

      at console.call [as error] (jest.setup.js:375:19)
      at node_modules/.pnpm/react-dom@19.2.0_react@19.2.0/node_modules/react-dom/cjs/react-dom-client.development.js:18758:19
      at runWithFiberInDEV (node_modules/.pnpm/react-dom@19.2.0_react@19.2.0/node_modules/react-dom/cjs/react-dom-client.development.js:874:13)
      at warnIfUpdatesNotWrappedWithActDEV (node_modules/.pnpm/react-dom@19.2.0_react@19.2.0/node_modules/react-dom/cjs/react-dom-client.development.js:18757:9)
      at scheduleUpdateOnFiber (node_modules/.pnpm/react-dom@19.2.0_react@19.2.0/node_modules/react-dom/cjs/react-dom-client.development.js:16409:11)
      at dispatchSetStateInternal (node_modules/.pnpm/react-dom@19.2.0_react@19.2.0/node_modules/react-dom/cjs/react-dom-client.development.js:9170:13)
      at dispatchSetState (node_modules/.pnpm/react-dom@19.2.0_react@19.2.0/node_modules/react-dom/cjs/react-dom-client.development.js:9127:7)
      at setIsNearExpiry (src/hooks/useSessionCheck.ts:57:7)

    console.error
      An update to TestComponent inside a test was not wrapped in act(...).
      
      When testing, code that causes React state updates should be wrapped into act(...):
      
      act(() => {
        /* fire events that update state */
      });
      /* assert on the output */
      
      This ensures that you're testing the behavior the user would see in the browser. Learn more at https://react.dev/link/wrap-tests-with-act

    [0m [90m 373 |[39m       [36mreturn[39m[33m;[39m
     [90m 374 |[39m     }
    [31m[1m>[22m[39m[90m 375 |[39m     originalError[33m.[39mcall(console[33m,[39m [33m...[39margs)[33m;[39m
     [90m     |[39m                   [31m[1m^[22m[39m
     [90m 376 |[39m   }[33m;[39m
     [90m 377 |[39m })[33m;[39m
     [90m 378 |[39m[0m

      at console.call [as error] (jest.setup.js:375:19)
      at node_modules/.pnpm/react-dom@19.2.0_react@19.2.0/node_modules/react-dom/cjs/react-dom-client.development.js:18758:19
      at runWithFiberInDEV (node_modules/.pnpm/react-dom@19.2.0_react@19.2.0/node_modules/react-dom/cjs/react-dom-client.development.js:874:13)
      at warnIfUpdatesNotWrappedWithActDEV (node_modules/.pnpm/react-dom@19.2.0_react@19.2.0/node_modules/react-dom/cjs/react-dom-client.development.js:18757:9)
      at scheduleUpdateOnFiber (node_modules/.pnpm/react-dom@19.2.0_react@19.2.0/node_modules/react-dom/cjs/react-dom-client.development.js:16409:11)
      at dispatchSetStateInternal (node_modules/.pnpm/react-dom@19.2.0_react@19.2.0/node_modules/react-dom/cjs/react-dom-client.development.js:9170:13)
      at dispatchSetState (node_modules/.pnpm/react-dom@19.2.0_react@19.2.0/node_modules/react-dom/cjs/react-dom-client.development.js:9127:7)
      at setIsChecking (src/hooks/useSessionCheck.ts:69:7)

    console.error
      An update to TestComponent inside a test was not wrapped in act(...).
      
      When testing, code that causes React state updates should be wrapped into act(...):
      
      act(() => {
        /* fire events that update state */
      });
      /* assert on the output */
      
      This ensures that you're testing the behavior the user would see in the browser. Learn more at https://react.dev/link/wrap-tests-with-act

    [0m [90m 373 |[39m       [36mreturn[39m[33m;[39m
     [90m 374 |[39m     }
    [31m[1m>[22m[39m[90m 375 |[39m     originalError[33m.[39mcall(console[33m,[39m [33m...[39margs)[33m;[39m
     [90m     |[39m                   [31m[1m^[22m[39m
     [90m 376 |[39m   }[33m;[39m
     [90m 377 |[39m })[33m;[39m
     [90m 378 |[39m[0m

      at console.call [as error] (jest.setup.js:375:19)
      at node_modules/.pnpm/react-dom@19.2.0_react@19.2.0/node_modules/react-dom/cjs/react-dom-client.development.js:18758:19
      at runWithFiberInDEV (node_modules/.pnpm/react-dom@19.2.0_react@19.2.0/node_modules/react-dom/cjs/react-dom-client.development.js:874:13)
      at warnIfUpdatesNotWrappedWithActDEV (node_modules/.pnpm/react-dom@19.2.0_react@19.2.0/node_modules/react-dom/cjs/react-dom-client.development.js:18757:9)
      at scheduleUpdateOnFiber (node_modules/.pnpm/react-dom@19.2.0_react@19.2.0/node_modules/react-dom/cjs/react-dom-client.development.js:16409:11)
      at dispatchSetStateInternal (node_modules/.pnpm/react-dom@19.2.0_react@19.2.0/node_modules/react-dom/cjs/react-dom-client.development.js:9170:13)
      at dispatchSetState (node_modules/.pnpm/react-dom@19.2.0_react@19.2.0/node_modules/react-dom/cjs/react-dom-client.development.js:9127:7)
      at setIsChecking (src/hooks/useSessionCheck.ts:41:7)
      at callTimer (node_modules/.pnpm/@sinonjs+fake-timers@13.0.5/node_modules/@sinonjs/fake-timers/src/fake-timers-src.js:806:24)
      at doTickInner (node_modules/.pnpm/@sinonjs+fake-timers@13.0.5/node_modules/@sinonjs/fake-timers/src/fake-timers-src.js:1413:29)
      at doTick (node_modules/.pnpm/@sinonjs+fake-timers@13.0.5/node_modules/@sinonjs/fake-timers/src/fake-timers-src.js:1494:20)
      at Object.tick (node_modules/.pnpm/@sinonjs+fake-timers@13.0.5/node_modules/@sinonjs/fake-timers/src/fake-timers-src.js:1502:20)
      at Object.runToLast (node_modules/.pnpm/@sinonjs+fake-timers@13.0.5/node_modules/@sinonjs/fake-timers/src/fake-timers-src.js:1661:26)
      at FakeTimers.runOnlyPendingTimers (node_modules/.pnpm/@jest+fake-timers@30.2.0/node_modules/@jest/fake-timers/build/index.js:542:19)
      at Object.runOnlyPendingTimers (src/hooks/__tests__/useSessionCheck.test.ts:45:10)

    console.error
      An update to TestComponent inside a test was not wrapped in act(...).
      
      When testing, code that causes React state updates should be wrapped into act(...):
      
      act(() => {
        /* fire events that update state */
      });
      /* assert on the output */
      
      This ensures that you're testing the behavior the user would see in the browser. Learn more at https://react.dev/link/wrap-tests-with-act

    [0m [90m 373 |[39m       [36mreturn[39m[33m;[39m
     [90m 374 |[39m     }
    [31m[1m>[22m[39m[90m 375 |[39m     originalError[33m.[39mcall(console[33m,[39m [33m...[39margs)[33m;[39m
     [90m     |[39m                   [31m[1m^[22m[39m
     [90m 376 |[39m   }[33m;[39m
     [90m 377 |[39m })[33m;[39m
     [90m 378 |[39m[0m

      at console.call [as error] (jest.setup.js:375:19)
      at node_modules/.pnpm/react-dom@19.2.0_react@19.2.0/node_modules/react-dom/cjs/react-dom-client.development.js:18758:19
      at runWithFiberInDEV (node_modules/.pnpm/react-dom@19.2.0_react@19.2.0/node_modules/react-dom/cjs/react-dom-client.development.js:874:13)
      at warnIfUpdatesNotWrappedWithActDEV (node_modules/.pnpm/react-dom@19.2.0_react@19.2.0/node_modules/react-dom/cjs/react-dom-client.development.js:18757:9)
      at scheduleUpdateOnFiber (node_modules/.pnpm/react-dom@19.2.0_react@19.2.0/node_modules/react-dom/cjs/react-dom-client.development.js:16409:11)
      at dispatchSetStateInternal (node_modules/.pnpm/react-dom@19.2.0_react@19.2.0/node_modules/react-dom/cjs/react-dom-client.development.js:9170:13)
      at dispatchSetState (node_modules/.pnpm/react-dom@19.2.0_react@19.2.0/node_modules/react-dom/cjs/react-dom-client.development.js:9127:7)
      at setError (src/hooks/useSessionCheck.ts:42:7)
      at callTimer (node_modules/.pnpm/@sinonjs+fake-timers@13.0.5/node_modules/@sinonjs/fake-timers/src/fake-timers-src.js:806:24)
      at doTickInner (node_modules/.pnpm/@sinonjs+fake-timers@13.0.5/node_modules/@sinonjs/fake-timers/src/fake-timers-src.js:1413:29)
      at doTick (node_modules/.pnpm/@sinonjs+fake-timers@13.0.5/node_modules/@sinonjs/fake-timers/src/fake-timers-src.js:1494:20)
      at Object.tick (node_modules/.pnpm/@sinonjs+fake-timers@13.0.5/node_modules/@sinonjs/fake-timers/src/fake-timers-src.js:1502:20)
      at Object.runToLast (node_modules/.pnpm/@sinonjs+fake-timers@13.0.5/node_modules/@sinonjs/fake-timers/src/fake-timers-src.js:1661:26)
      at FakeTimers.runOnlyPendingTimers (node_modules/.pnpm/@jest+fake-timers@30.2.0/node_modules/@jest/fake-timers/build/index.js:542:19)
      at Object.runOnlyPendingTimers (src/hooks/__tests__/useSessionCheck.test.ts:45:10)

    console.error
      An update to TestComponent inside a test was not wrapped in act(...).
      
      When testing, code that causes React state updates should be wrapped into act(...):
      
      act(() => {
        /* fire events that update state */
      });
      /* assert on the output */
      
      This ensures that you're testing the behavior the user would see in the browser. Learn more at https://react.dev/link/wrap-tests-with-act

    [0m [90m 373 |[39m       [36mreturn[39m[33m;[39m
     [90m 374 |[39m     }
    [31m[1m>[22m[39m[90m 375 |[39m     originalError[33m.[39mcall(console[33m,[39m [33m...[39margs)[33m;[39m
     [90m     |[39m                   [31m[1m^[22m[39m
     [90m 376 |[39m   }[33m;[39m
     [90m 377 |[39m })[33m;[39m
     [90m 378 |[39m[0m

      at console.call [as error] (jest.setup.js:375:19)
      at node_modules/.pnpm/react-dom@19.2.0_react@19.2.0/node_modules/react-dom/cjs/react-dom-client.development.js:18758:19
      at runWithFiberInDEV (node_modules/.pnpm/react-dom@19.2.0_react@19.2.0/node_modules/react-dom/cjs/react-dom-client.development.js:874:13)
      at warnIfUpdatesNotWrappedWithActDEV (node_modules/.pnpm/react-dom@19.2.0_react@19.2.0/node_modules/react-dom/cjs/react-dom-client.development.js:18757:9)
      at scheduleUpdateOnFiber (node_modules/.pnpm/react-dom@19.2.0_react@19.2.0/node_modules/react-dom/cjs/react-dom-client.development.js:16409:11)
      at dispatchSetStateInternal (node_modules/.pnpm/react-dom@19.2.0_react@19.2.0/node_modules/react-dom/cjs/react-dom-client.development.js:9170:13)
      at dispatchSetState (node_modules/.pnpm/react-dom@19.2.0_react@19.2.0/node_modules/react-dom/cjs/react-dom-client.development.js:9127:7)
      at setRemainingMinutes (src/hooks/useSessionCheck.ts:53:7)

    console.error
      An update to TestComponent inside a test was not wrapped in act(...).
      
      When testing, code that causes React state updates should be wrapped into act(...):
      
      act(() => {
        /* fire events that update state */
      });
      /* assert on the output */
      
      This ensures that you're testing the behavior the user would see in the browser. Learn more at https://react.dev/link/wrap-tests-with-act

    [0m [90m 373 |[39m       [36mreturn[39m[33m;[39m
     [90m 374 |[39m     }
    [31m[1m>[22m[39m[90m 375 |[39m     originalError[33m.[39mcall(console[33m,[39m [33m...[39margs)[33m;[39m
     [90m     |[39m                   [31m[1m^[22m[39m
     [90m 376 |[39m   }[33m;[39m
     [90m 377 |[39m })[33m;[39m
     [90m 378 |[39m[0m

      at console.call [as error] (jest.setup.js:375:19)
      at node_modules/.pnpm/react-dom@19.2.0_react@19.2.0/node_modules/react-dom/cjs/react-dom-client.development.js:18758:19
      at runWithFiberInDEV (node_modules/.pnpm/react-dom@19.2.0_react@19.2.0/node_modules/react-dom/cjs/react-dom-client.development.js:874:13)
      at warnIfUpdatesNotWrappedWithActDEV (node_modules/.pnpm/react-dom@19.2.0_react@19.2.0/node_modules/react-dom/cjs/react-dom-client.development.js:18757:9)
      at scheduleUpdateOnFiber (node_modules/.pnpm/react-dom@19.2.0_react@19.2.0/node_modules/react-dom/cjs/react-dom-client.development.js:16409:11)
      at dispatchSetStateInternal (node_modules/.pnpm/react-dom@19.2.0_react@19.2.0/node_modules/react-dom/cjs/react-dom-client.development.js:9170:13)
      at dispatchSetState (node_modules/.pnpm/react-dom@19.2.0_react@19.2.0/node_modules/react-dom/cjs/react-dom-client.development.js:9127:7)
      at setIsNearExpiry (src/hooks/useSessionCheck.ts:57:7)

    console.error
      An update to TestComponent inside a test was not wrapped in act(...).
      
      When testing, code that causes React state updates should be wrapped into act(...):
      
      act(() => {
        /* fire events that update state */
      });
      /* assert on the output */
      
      This ensures that you're testing the behavior the user would see in the browser. Learn more at https://react.dev/link/wrap-tests-with-act

    [0m [90m 373 |[39m       [36mreturn[39m[33m;[39m
     [90m 374 |[39m     }
    [31m[1m>[22m[39m[90m 375 |[39m     originalError[33m.[39mcall(console[33m,[39m [33m...[39margs)[33m;[39m
     [90m     |[39m                   [31m[1m^[22m[39m
     [90m 376 |[39m   }[33m;[39m
     [90m 377 |[39m })[33m;[39m
     [90m 378 |[39m[0m

      at console.call [as error] (jest.setup.js:375:19)
      at node_modules/.pnpm/react-dom@19.2.0_react@19.2.0/node_modules/react-dom/cjs/react-dom-client.development.js:18758:19
      at runWithFiberInDEV (node_modules/.pnpm/react-dom@19.2.0_react@19.2.0/node_modules/react-dom/cjs/react-dom-client.development.js:874:13)
      at warnIfUpdatesNotWrappedWithActDEV (node_modules/.pnpm/react-dom@19.2.0_react@19.2.0/node_modules/react-dom/cjs/react-dom-client.development.js:18757:9)
      at scheduleUpdateOnFiber (node_modules/.pnpm/react-dom@19.2.0_react@19.2.0/node_modules/react-dom/cjs/react-dom-client.development.js:16409:11)
      at dispatchSetStateInternal (node_modules/.pnpm/react-dom@19.2.0_react@19.2.0/node_modules/react-dom/cjs/react-dom-client.development.js:9170:13)
      at dispatchSetState (node_modules/.pnpm/react-dom@19.2.0_react@19.2.0/node_modules/react-dom/cjs/react-dom-client.development.js:9127:7)
      at setIsChecking (src/hooks/useSessionCheck.ts:69:7)

    console.error
      An update to TestComponent inside a test was not wrapped in act(...).
      
      When testing, code that causes React state updates should be wrapped into act(...):
      
      act(() => {
        /* fire events that update state */
      });
      /* assert on the output */
      
      This ensures that you're testing the behavior the user would see in the browser. Learn more at https://react.dev/link/wrap-tests-with-act

    [0m [90m 373 |[39m       [36mreturn[39m[33m;[39m
     [90m 374 |[39m     }
    [31m[1m>[22m[39m[90m 375 |[39m     originalError[33m.[39mcall(console[33m,[39m [33m...[39margs)[33m;[39m
     [90m     |[39m                   [31m[1m^[22m[39m
     [90m 376 |[39m   }[33m;[39m
     [90m 377 |[39m })[33m;[39m
     [90m 378 |[39m[0m

      at console.call [as error] (jest.setup.js:375:19)
      at node_modules/.pnpm/react-dom@19.2.0_react@19.2.0/node_modules/react-dom/cjs/react-dom-client.development.js:18758:19
      at runWithFiberInDEV (node_modules/.pnpm/react-dom@19.2.0_react@19.2.0/node_modules/react-dom/cjs/react-dom-client.development.js:874:13)
      at warnIfUpdatesNotWrappedWithActDEV (node_modules/.pnpm/react-dom@19.2.0_react@19.2.0/node_modules/react-dom/cjs/react-dom-client.development.js:18757:9)
      at scheduleUpdateOnFiber (node_modules/.pnpm/react-dom@19.2.0_react@19.2.0/node_modules/react-dom/cjs/react-dom-client.development.js:16409:11)
      at dispatchSetStateInternal (node_modules/.pnpm/react-dom@19.2.0_react@19.2.0/node_modules/react-dom/cjs/react-dom-client.development.js:9170:13)
      at dispatchSetState (node_modules/.pnpm/react-dom@19.2.0_react@19.2.0/node_modules/react-dom/cjs/react-dom-client.development.js:9127:7)
      at setIsChecking (src/hooks/useSessionCheck.ts:41:7)
      at callTimer (node_modules/.pnpm/@sinonjs+fake-timers@13.0.5/node_modules/@sinonjs/fake-timers/src/fake-timers-src.js:806:24)
      at doTickInner (node_modules/.pnpm/@sinonjs+fake-timers@13.0.5/node_modules/@sinonjs/fake-timers/src/fake-timers-src.js:1413:29)
      at doTick (node_modules/.pnpm/@sinonjs+fake-timers@13.0.5/node_modules/@sinonjs/fake-timers/src/fake-timers-src.js:1494:20)
      at Object.tick (node_modules/.pnpm/@sinonjs+fake-timers@13.0.5/node_modules/@sinonjs/fake-timers/src/fake-timers-src.js:1502:20)
      at Object.runToLast (node_modules/.pnpm/@sinonjs+fake-timers@13.0.5/node_modules/@sinonjs/fake-timers/src/fake-timers-src.js:1661:26)
      at FakeTimers.runOnlyPendingTimers (node_modules/.pnpm/@jest+fake-timers@30.2.0/node_modules/@jest/fake-timers/build/index.js:542:19)
      at Object.runOnlyPendingTimers (src/hooks/__tests__/useSessionCheck.test.ts:45:10)

    console.error
      An update to TestComponent inside a test was not wrapped in act(...).
      
      When testing, code that causes React state updates should be wrapped into act(...):
      
      act(() => {
        /* fire events that update state */
      });
      /* assert on the output */
      
      This ensures that you're testing the behavior the user would see in the browser. Learn more at https://react.dev/link/wrap-tests-with-act

    [0m [90m 373 |[39m       [36mreturn[39m[33m;[39m
     [90m 374 |[39m     }
    [31m[1m>[22m[39m[90m 375 |[39m     originalError[33m.[39mcall(console[33m,[39m [33m...[39margs)[33m;[39m
     [90m     |[39m                   [31m[1m^[22m[39m
     [90m 376 |[39m   }[33m;[39m
     [90m 377 |[39m })[33m;[39m
     [90m 378 |[39m[0m

      at console.call [as error] (jest.setup.js:375:19)
      at node_modules/.pnpm/react-dom@19.2.0_react@19.2.0/node_modules/react-dom/cjs/react-dom-client.development.js:18758:19
      at runWithFiberInDEV (node_modules/.pnpm/react-dom@19.2.0_react@19.2.0/node_modules/react-dom/cjs/react-dom-client.development.js:874:13)
      at warnIfUpdatesNotWrappedWithActDEV (node_modules/.pnpm/react-dom@19.2.0_react@19.2.0/node_modules/react-dom/cjs/react-dom-client.development.js:18757:9)
      at scheduleUpdateOnFiber (node_modules/.pnpm/react-dom@19.2.0_react@19.2.0/node_modules/react-dom/cjs/react-dom-client.development.js:16409:11)
      at dispatchSetStateInternal (node_modules/.pnpm/react-dom@19.2.0_react@19.2.0/node_modules/react-dom/cjs/react-dom-client.development.js:9170:13)
      at dispatchSetState (node_modules/.pnpm/react-dom@19.2.0_react@19.2.0/node_modules/react-dom/cjs/react-dom-client.development.js:9127:7)
      at setError (src/hooks/useSessionCheck.ts:42:7)
      at callTimer (node_modules/.pnpm/@sinonjs+fake-timers@13.0.5/node_modules/@sinonjs/fake-timers/src/fake-timers-src.js:806:24)
      at doTickInner (node_modules/.pnpm/@sinonjs+fake-timers@13.0.5/node_modules/@sinonjs/fake-timers/src/fake-timers-src.js:1413:29)
      at doTick (node_modules/.pnpm/@sinonjs+fake-timers@13.0.5/node_modules/@sinonjs/fake-timers/src/fake-timers-src.js:1494:20)
      at Object.tick (node_modules/.pnpm/@sinonjs+fake-timers@13.0.5/node_modules/@sinonjs/fake-timers/src/fake-timers-src.js:1502:20)
      at Object.runToLast (node_modules/.pnpm/@sinonjs+fake-timers@13.0.5/node_modules/@sinonjs/fake-timers/src/fake-timers-src.js:1661:26)
      at FakeTimers.runOnlyPendingTimers (node_modules/.pnpm/@jest+fake-timers@30.2.0/node_modules/@jest/fake-timers/build/index.js:542:19)
      at Object.runOnlyPendingTimers (src/hooks/__tests__/useSessionCheck.test.ts:45:10)

    console.error
      An update to TestComponent inside a test was not wrapped in act(...).
      
      When testing, code that causes React state updates should be wrapped into act(...):
      
      act(() => {
        /* fire events that update state */
      });
      /* assert on the output */
      
      This ensures that you're testing the behavior the user would see in the browser. Learn more at https://react.dev/link/wrap-tests-with-act

    [0m [90m 373 |[39m       [36mreturn[39m[33m;[39m
     [90m 374 |[39m     }
    [31m[1m>[22m[39m[90m 375 |[39m     originalError[33m.[39mcall(console[33m,[39m [33m...[39margs)[33m;[39m
     [90m     |[39m                   [31m[1m^[22m[39m
     [90m 376 |[39m   }[33m;[39m
     [90m 377 |[39m })[33m;[39m
     [90m 378 |[39m[0m

      at console.call [as error] (jest.setup.js:375:19)
      at node_modules/.pnpm/react-dom@19.2.0_react@19.2.0/node_modules/react-dom/cjs/react-dom-client.development.js:18758:19
      at runWithFiberInDEV (node_modules/.pnpm/react-dom@19.2.0_react@19.2.0/node_modules/react-dom/cjs/react-dom-client.development.js:874:13)
      at warnIfUpdatesNotWrappedWithActDEV (node_modules/.pnpm/react-dom@19.2.0_react@19.2.0/node_modules/react-dom/cjs/react-dom-client.development.js:18757:9)
      at scheduleUpdateOnFiber (node_modules/.pnpm/react-dom@19.2.0_react@19.2.0/node_modules/react-dom/cjs/react-dom-client.development.js:16409:11)
      at dispatchSetStateInternal (node_modules/.pnpm/react-dom@19.2.0_react@19.2.0/node_modules/react-dom/cjs/react-dom-client.development.js:9170:13)
      at dispatchSetState (node_modules/.pnpm/react-dom@19.2.0_react@19.2.0/node_modules/react-dom/cjs/react-dom-client.development.js:9127:7)
      at setRemainingMinutes (src/hooks/useSessionCheck.ts:53:7)

    console.error
      An update to TestComponent inside a test was not wrapped in act(...).
      
      When testing, code that causes React state updates should be wrapped into act(...):
      
      act(() => {
        /* fire events that update state */
      });
      /* assert on the output */
      
      This ensures that you're testing the behavior the user would see in the browser. Learn more at https://react.dev/link/wrap-tests-with-act

    [0m [90m 373 |[39m       [36mreturn[39m[33m;[39m
     [90m 374 |[39m     }
    [31m[1m>[22m[39m[90m 375 |[39m     originalError[33m.[39mcall(console[33m,[39m [33m...[39margs)[33m;[39m
     [90m     |[39m                   [31m[1m^[22m[39m
     [90m 376 |[39m   }[33m;[39m
     [90m 377 |[39m })[33m;[39m
     [90m 378 |[39m[0m

      at console.call [as error] (jest.setup.js:375:19)
      at node_modules/.pnpm/react-dom@19.2.0_react@19.2.0/node_modules/react-dom/cjs/react-dom-client.development.js:18758:19
      at runWithFiberInDEV (node_modules/.pnpm/react-dom@19.2.0_react@19.2.0/node_modules/react-dom/cjs/react-dom-client.development.js:874:13)
      at warnIfUpdatesNotWrappedWithActDEV (node_modules/.pnpm/react-dom@19.2.0_react@19.2.0/node_modules/react-dom/cjs/react-dom-client.development.js:18757:9)
      at scheduleUpdateOnFiber (node_modules/.pnpm/react-dom@19.2.0_react@19.2.0/node_modules/react-dom/cjs/react-dom-client.development.js:16409:11)
      at dispatchSetStateInternal (node_modules/.pnpm/react-dom@19.2.0_react@19.2.0/node_modules/react-dom/cjs/react-dom-client.development.js:9170:13)
      at dispatchSetState (node_modules/.pnpm/react-dom@19.2.0_react@19.2.0/node_modules/react-dom/cjs/react-dom-client.development.js:9127:7)
      at setIsNearExpiry (src/hooks/useSessionCheck.ts:57:7)

    console.error
      An update to TestComponent inside a test was not wrapped in act(...).
      
      When testing, code that causes React state updates should be wrapped into act(...):
      
      act(() => {
        /* fire events that update state */
      });
      /* assert on the output */
      
      This ensures that you're testing the behavior the user would see in the browser. Learn more at https://react.dev/link/wrap-tests-with-act

    [0m [90m 373 |[39m       [36mreturn[39m[33m;[39m
     [90m 374 |[39m     }
    [31m[1m>[22m[39m[90m 375 |[39m     originalError[33m.[39mcall(console[33m,[39m [33m...[39margs)[33m;[39m
     [90m     |[39m                   [31m[1m^[22m[39m
     [90m 376 |[39m   }[33m;[39m
     [90m 377 |[39m })[33m;[39m
     [90m 378 |[39m[0m

      at console.call [as error] (jest.setup.js:375:19)
      at node_modules/.pnpm/react-dom@19.2.0_react@19.2.0/node_modules/react-dom/cjs/react-dom-client.development.js:18758:19
      at runWithFiberInDEV (node_modules/.pnpm/react-dom@19.2.0_react@19.2.0/node_modules/react-dom/cjs/react-dom-client.development.js:874:13)
      at warnIfUpdatesNotWrappedWithActDEV (node_modules/.pnpm/react-dom@19.2.0_react@19.2.0/node_modules/react-dom/cjs/react-dom-client.development.js:18757:9)
      at scheduleUpdateOnFiber (node_modules/.pnpm/react-dom@19.2.0_react@19.2.0/node_modules/react-dom/cjs/react-dom-client.development.js:16409:11)
      at dispatchSetStateInternal (node_modules/.pnpm/react-dom@19.2.0_react@19.2.0/node_modules/react-dom/cjs/react-dom-client.development.js:9170:13)
      at dispatchSetState (node_modules/.pnpm/react-dom@19.2.0_react@19.2.0/node_modules/react-dom/cjs/react-dom-client.development.js:9127:7)
      at setIsChecking (src/hooks/useSessionCheck.ts:69:7)

    console.error
      An update to TestComponent inside a test was not wrapped in act(...).
      
      When testing, code that causes React state updates should be wrapped into act(...):
      
      act(() => {
        /* fire events that update state */
      });
      /* assert on the output */
      
      This ensures that you're testing the behavior the user would see in the browser. Learn more at https://react.dev/link/wrap-tests-with-act

    [0m [90m 373 |[39m       [36mreturn[39m[33m;[39m
     [90m 374 |[39m     }
    [31m[1m>[22m[39m[90m 375 |[39m     originalError[33m.[39mcall(console[33m,[39m [33m...[39margs)[33m;[39m
     [90m     |[39m                   [31m[1m^[22m[39m
     [90m 376 |[39m   }[33m;[39m
     [90m 377 |[39m })[33m;[39m
     [90m 378 |[39m[0m

      at console.call [as error] (jest.setup.js:375:19)
      at node_modules/.pnpm/react-dom@19.2.0_react@19.2.0/node_modules/react-dom/cjs/react-dom-client.development.js:18758:19
      at runWithFiberInDEV (node_modules/.pnpm/react-dom@19.2.0_react@19.2.0/node_modules/react-dom/cjs/react-dom-client.development.js:874:13)
      at warnIfUpdatesNotWrappedWithActDEV (node_modules/.pnpm/react-dom@19.2.0_react@19.2.0/node_modules/react-dom/cjs/react-dom-client.development.js:18757:9)
      at scheduleUpdateOnFiber (node_modules/.pnpm/react-dom@19.2.0_react@19.2.0/node_modules/react-dom/cjs/react-dom-client.development.js:16409:11)
      at dispatchSetStateInternal (node_modules/.pnpm/react-dom@19.2.0_react@19.2.0/node_modules/react-dom/cjs/react-dom-client.development.js:9170:13)
      at dispatchSetState (node_modules/.pnpm/react-dom@19.2.0_react@19.2.0/node_modules/react-dom/cjs/react-dom-client.development.js:9127:7)
      at setIsChecking (src/hooks/useSessionCheck.ts:41:7)
      at callTimer (node_modules/.pnpm/@sinonjs+fake-timers@13.0.5/node_modules/@sinonjs/fake-timers/src/fake-timers-src.js:806:24)
      at doTickInner (node_modules/.pnpm/@sinonjs+fake-timers@13.0.5/node_modules/@sinonjs/fake-timers/src/fake-timers-src.js:1413:29)
      at doTick (node_modules/.pnpm/@sinonjs+fake-timers@13.0.5/node_modules/@sinonjs/fake-timers/src/fake-timers-src.js:1494:20)
      at Object.tick (node_modules/.pnpm/@sinonjs+fake-timers@13.0.5/node_modules/@sinonjs/fake-timers/src/fake-timers-src.js:1502:20)
      at Object.runToLast (node_modules/.pnpm/@sinonjs+fake-timers@13.0.5/node_modules/@sinonjs/fake-timers/src/fake-timers-src.js:1661:26)
      at FakeTimers.runOnlyPendingTimers (node_modules/.pnpm/@jest+fake-timers@30.2.0/node_modules/@jest/fake-timers/build/index.js:542:19)
      at Object.runOnlyPendingTimers (src/hooks/__tests__/useSessionCheck.test.ts:45:10)

    console.error
      An update to TestComponent inside a test was not wrapped in act(...).
      
      When testing, code that causes React state updates should be wrapped into act(...):
      
      act(() => {
        /* fire events that update state */
      });
      /* assert on the output */
      
      This ensures that you're testing the behavior the user would see in the browser. Learn more at https://react.dev/link/wrap-tests-with-act

    [0m [90m 373 |[39m       [36mreturn[39m[33m;[39m
     [90m 374 |[39m     }
    [31m[1m>[22m[39m[90m 375 |[39m     originalError[33m.[39mcall(console[33m,[39m [33m...[39margs)[33m;[39m
     [90m     |[39m                   [31m[1m^[22m[39m
     [90m 376 |[39m   }[33m;[39m
     [90m 377 |[39m })[33m;[39m
     [90m 378 |[39m[0m

      at console.call [as error] (jest.setup.js:375:19)
      at node_modules/.pnpm/react-dom@19.2.0_react@19.2.0/node_modules/react-dom/cjs/react-dom-client.development.js:18758:19
      at runWithFiberInDEV (node_modules/.pnpm/react-dom@19.2.0_react@19.2.0/node_modules/react-dom/cjs/react-dom-client.development.js:874:13)
      at warnIfUpdatesNotWrappedWithActDEV (node_modules/.pnpm/react-dom@19.2.0_react@19.2.0/node_modules/react-dom/cjs/react-dom-client.development.js:18757:9)
      at scheduleUpdateOnFiber (node_modules/.pnpm/react-dom@19.2.0_react@19.2.0/node_modules/react-dom/cjs/react-dom-client.development.js:16409:11)
      at dispatchSetStateInternal (node_modules/.pnpm/react-dom@19.2.0_react@19.2.0/node_modules/react-dom/cjs/react-dom-client.development.js:9170:13)
      at dispatchSetState (node_modules/.pnpm/react-dom@19.2.0_react@19.2.0/node_modules/react-dom/cjs/react-dom-client.development.js:9127:7)
      at setError (src/hooks/useSessionCheck.ts:42:7)
      at callTimer (node_modules/.pnpm/@sinonjs+fake-timers@13.0.5/node_modules/@sinonjs/fake-timers/src/fake-timers-src.js:806:24)
      at doTickInner (node_modules/.pnpm/@sinonjs+fake-timers@13.0.5/node_modules/@sinonjs/fake-timers/src/fake-timers-src.js:1413:29)
      at doTick (node_modules/.pnpm/@sinonjs+fake-timers@13.0.5/node_modules/@sinonjs/fake-timers/src/fake-timers-src.js:1494:20)
      at Object.tick (node_modules/.pnpm/@sinonjs+fake-timers@13.0.5/node_modules/@sinonjs/fake-timers/src/fake-timers-src.js:1502:20)
      at Object.runToLast (node_modules/.pnpm/@sinonjs+fake-timers@13.0.5/node_modules/@sinonjs/fake-timers/src/fake-timers-src.js:1661:26)
      at FakeTimers.runOnlyPendingTimers (node_modules/.pnpm/@jest+fake-timers@30.2.0/node_modules/@jest/fake-timers/build/index.js:542:19)
      at Object.runOnlyPendingTimers (src/hooks/__tests__/useSessionCheck.test.ts:45:10)

    console.error
      An update to TestComponent inside a test was not wrapped in act(...).
      
      When testing, code that causes React state updates should be wrapped into act(...):
      
      act(() => {
        /* fire events that update state */
      });
      /* assert on the output */
      
      This ensures that you're testing the behavior the user would see in the browser. Learn more at https://react.dev/link/wrap-tests-with-act

    [0m [90m 373 |[39m       [36mreturn[39m[33m;[39m
     [90m 374 |[39m     }
    [31m[1m>[22m[39m[90m 375 |[39m     originalError[33m.[39mcall(console[33m,[39m [33m...[39margs)[33m;[39m
     [90m     |[39m                   [31m[1m^[22m[39m
     [90m 376 |[39m   }[33m;[39m
     [90m 377 |[39m })[33m;[39m
     [90m 378 |[39m[0m

      at console.call [as error] (jest.setup.js:375:19)
      at node_modules/.pnpm/react-dom@19.2.0_react@19.2.0/node_modules/react-dom/cjs/react-dom-client.development.js:18758:19
      at runWithFiberInDEV (node_modules/.pnpm/react-dom@19.2.0_react@19.2.0/node_modules/react-dom/cjs/react-dom-client.development.js:874:13)
      at warnIfUpdatesNotWrappedWithActDEV (node_modules/.pnpm/react-dom@19.2.0_react@19.2.0/node_modules/react-dom/cjs/react-dom-client.development.js:18757:9)
      at scheduleUpdateOnFiber (node_modules/.pnpm/react-dom@19.2.0_react@19.2.0/node_modules/react-dom/cjs/react-dom-client.development.js:16409:11)
      at dispatchSetStateInternal (node_modules/.pnpm/react-dom@19.2.0_react@19.2.0/node_modules/react-dom/cjs/react-dom-client.development.js:9170:13)
      at dispatchSetState (node_modules/.pnpm/react-dom@19.2.0_react@19.2.0/node_modules/react-dom/cjs/react-dom-client.development.js:9127:7)
      at setRemainingMinutes (src/hooks/useSessionCheck.ts:53:7)

    console.error
      An update to TestComponent inside a test was not wrapped in act(...).
      
      When testing, code that causes React state updates should be wrapped into act(...):
      
      act(() => {
        /* fire events that update state */
      });
      /* assert on the output */
      
      This ensures that you're testing the behavior the user would see in the browser. Learn more at https://react.dev/link/wrap-tests-with-act

    [0m [90m 373 |[39m       [36mreturn[39m[33m;[39m
     [90m 374 |[39m     }
    [31m[1m>[22m[39m[90m 375 |[39m     originalError[33m.[39mcall(console[33m,[39m [33m...[39margs)[33m;[39m
     [90m     |[39m                   [31m[1m^[22m[39m
     [90m 376 |[39m   }[33m;[39m
     [90m 377 |[39m })[33m;[39m
     [90m 378 |[39m[0m

      at console.call [as error] (jest.setup.js:375:19)
      at node_modules/.pnpm/react-dom@19.2.0_react@19.2.0/node_modules/react-dom/cjs/react-dom-client.development.js:18758:19
      at runWithFiberInDEV (node_modules/.pnpm/react-dom@19.2.0_react@19.2.0/node_modules/react-dom/cjs/react-dom-client.development.js:874:13)
      at warnIfUpdatesNotWrappedWithActDEV (node_modules/.pnpm/react-dom@19.2.0_react@19.2.0/node_modules/react-dom/cjs/react-dom-client.development.js:18757:9)
      at scheduleUpdateOnFiber (node_modules/.pnpm/react-dom@19.2.0_react@19.2.0/node_modules/react-dom/cjs/react-dom-client.development.js:16409:11)
      at dispatchSetStateInternal (node_modules/.pnpm/react-dom@19.2.0_react@19.2.0/node_modules/react-dom/cjs/react-dom-client.development.js:9170:13)
      at dispatchSetState (node_modules/.pnpm/react-dom@19.2.0_react@19.2.0/node_modules/react-dom/cjs/react-dom-client.development.js:9127:7)
      at setIsNearExpiry (src/hooks/useSessionCheck.ts:57:7)

    console.error
      An update to TestComponent inside a test was not wrapped in act(...).
      
      When testing, code that causes React state updates should be wrapped into act(...):
      
      act(() => {
        /* fire events that update state */
      });
      /* assert on the output */
      
      This ensures that you're testing the behavior the user would see in the browser. Learn more at https://react.dev/link/wrap-tests-with-act

    [0m [90m 373 |[39m       [36mreturn[39m[33m;[39m
     [90m 374 |[39m     }
    [31m[1m>[22m[39m[90m 375 |[39m     originalError[33m.[39mcall(console[33m,[39m [33m...[39margs)[33m;[39m
     [90m     |[39m                   [31m[1m^[22m[39m
     [90m 376 |[39m   }[33m;[39m
     [90m 377 |[39m })[33m;[39m
     [90m 378 |[39m[0m

      at console.call [as error] (jest.setup.js:375:19)
      at node_modules/.pnpm/react-dom@19.2.0_react@19.2.0/node_modules/react-dom/cjs/react-dom-client.development.js:18758:19
      at runWithFiberInDEV (node_modules/.pnpm/react-dom@19.2.0_react@19.2.0/node_modules/react-dom/cjs/react-dom-client.development.js:874:13)
      at warnIfUpdatesNotWrappedWithActDEV (node_modules/.pnpm/react-dom@19.2.0_react@19.2.0/node_modules/react-dom/cjs/react-dom-client.development.js:18757:9)
      at scheduleUpdateOnFiber (node_modules/.pnpm/react-dom@19.2.0_react@19.2.0/node_modules/react-dom/cjs/react-dom-client.development.js:16409:11)
      at dispatchSetStateInternal (node_modules/.pnpm/react-dom@19.2.0_react@19.2.0/node_modules/react-dom/cjs/react-dom-client.development.js:9170:13)
      at dispatchSetState (node_modules/.pnpm/react-dom@19.2.0_react@19.2.0/node_modules/react-dom/cjs/react-dom-client.development.js:9127:7)
      at setIsChecking (src/hooks/useSessionCheck.ts:69:7)

    console.error
      An update to TestComponent inside a test was not wrapped in act(...).
      
      When testing, code that causes React state updates should be wrapped into act(...):
      
      act(() => {
        /* fire events that update state */
      });
      /* assert on the output */
      
      This ensures that you're testing the behavior the user would see in the browser. Learn more at https://react.dev/link/wrap-tests-with-act

    [0m [90m 373 |[39m       [36mreturn[39m[33m;[39m
     [90m 374 |[39m     }
    [31m[1m>[22m[39m[90m 375 |[39m     originalError[33m.[39mcall(console[33m,[39m [33m...[39margs)[33m;[39m
     [90m     |[39m                   [31m[1m^[22m[39m
     [90m 376 |[39m   }[33m;[39m
     [90m 377 |[39m })[33m;[39m
     [90m 378 |[39m[0m

      at console.call [as error] (jest.setup.js:375:19)
      at node_modules/.pnpm/react-dom@19.2.0_react@19.2.0/node_modules/react-dom/cjs/react-dom-client.development.js:18758:19
      at runWithFiberInDEV (node_modules/.pnpm/react-dom@19.2.0_react@19.2.0/node_modules/react-dom/cjs/react-dom-client.development.js:874:13)
      at warnIfUpdatesNotWrappedWithActDEV (node_modules/.pnpm/react-dom@19.2.0_react@19.2.0/node_modules/react-dom/cjs/react-dom-client.development.js:18757:9)
      at scheduleUpdateOnFiber (node_modules/.pnpm/react-dom@19.2.0_react@19.2.0/node_modules/react-dom/cjs/react-dom-client.development.js:16409:11)
      at dispatchSetStateInternal (node_modules/.pnpm/react-dom@19.2.0_react@19.2.0/node_modules/react-dom/cjs/react-dom-client.development.js:9170:13)
      at dispatchSetState (node_modules/.pnpm/react-dom@19.2.0_react@19.2.0/node_modules/react-dom/cjs/react-dom-client.development.js:9127:7)
      at setIsChecking (src/hooks/useSessionCheck.ts:41:7)
      at callTimer (node_modules/.pnpm/@sinonjs+fake-timers@13.0.5/node_modules/@sinonjs/fake-timers/src/fake-timers-src.js:806:24)
      at doTickInner (node_modules/.pnpm/@sinonjs+fake-timers@13.0.5/node_modules/@sinonjs/fake-timers/src/fake-timers-src.js:1413:29)
      at doTick (node_modules/.pnpm/@sinonjs+fake-timers@13.0.5/node_modules/@sinonjs/fake-timers/src/fake-timers-src.js:1494:20)
      at Object.tick (node_modules/.pnpm/@sinonjs+fake-timers@13.0.5/node_modules/@sinonjs/fake-timers/src/fake-timers-src.js:1502:20)
      at Object.runToLast (node_modules/.pnpm/@sinonjs+fake-timers@13.0.5/node_modules/@sinonjs/fake-timers/src/fake-timers-src.js:1661:26)
      at FakeTimers.runOnlyPendingTimers (node_modules/.pnpm/@jest+fake-timers@30.2.0/node_modules/@jest/fake-timers/build/index.js:542:19)
      at Object.runOnlyPendingTimers (src/hooks/__tests__/useSessionCheck.test.ts:45:10)

    console.error
      An update to TestComponent inside a test was not wrapped in act(...).
      
      When testing, code that causes React state updates should be wrapped into act(...):
      
      act(() => {
        /* fire events that update state */
      });
      /* assert on the output */
      
      This ensures that you're testing the behavior the user would see in the browser. Learn more at https://react.dev/link/wrap-tests-with-act

    [0m [90m 373 |[39m       [36mreturn[39m[33m;[39m
     [90m 374 |[39m     }
    [31m[1m>[22m[39m[90m 375 |[39m     originalError[33m.[39mcall(console[33m,[39m [33m...[39margs)[33m;[39m
     [90m     |[39m                   [31m[1m^[22m[39m
     [90m 376 |[39m   }[33m;[39m
     [90m 377 |[39m })[33m;[39m
     [90m 378 |[39m[0m

      at console.call [as error] (jest.setup.js:375:19)
      at node_modules/.pnpm/react-dom@19.2.0_react@19.2.0/node_modules/react-dom/cjs/react-dom-client.development.js:18758:19
      at runWithFiberInDEV (node_modules/.pnpm/react-dom@19.2.0_react@19.2.0/node_modules/react-dom/cjs/react-dom-client.development.js:874:13)
      at warnIfUpdatesNotWrappedWithActDEV (node_modules/.pnpm/react-dom@19.2.0_react@19.2.0/node_modules/react-dom/cjs/react-dom-client.development.js:18757:9)
      at scheduleUpdateOnFiber (node_modules/.pnpm/react-dom@19.2.0_react@19.2.0/node_modules/react-dom/cjs/react-dom-client.development.js:16409:11)
      at dispatchSetStateInternal (node_modules/.pnpm/react-dom@19.2.0_react@19.2.0/node_modules/react-dom/cjs/react-dom-client.development.js:9170:13)
      at dispatchSetState (node_modules/.pnpm/react-dom@19.2.0_react@19.2.0/node_modules/react-dom/cjs/react-dom-client.development.js:9127:7)
      at setError (src/hooks/useSessionCheck.ts:42:7)
      at callTimer (node_modules/.pnpm/@sinonjs+fake-timers@13.0.5/node_modules/@sinonjs/fake-timers/src/fake-timers-src.js:806:24)
      at doTickInner (node_modules/.pnpm/@sinonjs+fake-timers@13.0.5/node_modules/@sinonjs/fake-timers/src/fake-timers-src.js:1413:29)
      at doTick (node_modules/.pnpm/@sinonjs+fake-timers@13.0.5/node_modules/@sinonjs/fake-timers/src/fake-timers-src.js:1494:20)
      at Object.tick (node_modules/.pnpm/@sinonjs+fake-timers@13.0.5/node_modules/@sinonjs/fake-timers/src/fake-timers-src.js:1502:20)
      at Object.runToLast (node_modules/.pnpm/@sinonjs+fake-timers@13.0.5/node_modules/@sinonjs/fake-timers/src/fake-timers-src.js:1661:26)
      at FakeTimers.runOnlyPendingTimers (node_modules/.pnpm/@jest+fake-timers@30.2.0/node_modules/@jest/fake-timers/build/index.js:542:19)
      at Object.runOnlyPendingTimers (src/hooks/__tests__/useSessionCheck.test.ts:45:10)

    console.error
      An update to TestComponent inside a test was not wrapped in act(...).
      
      When testing, code that causes React state updates should be wrapped into act(...):
      
      act(() => {
        /* fire events that update state */
      });
      /* assert on the output */
      
      This ensures that you're testing the behavior the user would see in the browser. Learn more at https://react.dev/link/wrap-tests-with-act

    [0m [90m 373 |[39m       [36mreturn[39m[33m;[39m
     [90m 374 |[39m     }
    [31m[1m>[22m[39m[90m 375 |[39m     originalError[33m.[39mcall(console[33m,[39m [33m...[39margs)[33m;[39m
     [90m     |[39m                   [31m[1m^[22m[39m
     [90m 376 |[39m   }[33m;[39m
     [90m 377 |[39m })[33m;[39m
     [90m 378 |[39m[0m

      at console.call [as error] (jest.setup.js:375:19)
      at node_modules/.pnpm/react-dom@19.2.0_react@19.2.0/node_modules/react-dom/cjs/react-dom-client.development.js:18758:19
      at runWithFiberInDEV (node_modules/.pnpm/react-dom@19.2.0_react@19.2.0/node_modules/react-dom/cjs/react-dom-client.development.js:874:13)
      at warnIfUpdatesNotWrappedWithActDEV (node_modules/.pnpm/react-dom@19.2.0_react@19.2.0/node_modules/react-dom/cjs/react-dom-client.development.js:18757:9)
      at scheduleUpdateOnFiber (node_modules/.pnpm/react-dom@19.2.0_react@19.2.0/node_modules/react-dom/cjs/react-dom-client.development.js:16409:11)
      at dispatchSetStateInternal (node_modules/.pnpm/react-dom@19.2.0_react@19.2.0/node_modules/react-dom/cjs/react-dom-client.development.js:9170:13)
      at dispatchSetState (node_modules/.pnpm/react-dom@19.2.0_react@19.2.0/node_modules/react-dom/cjs/react-dom-client.development.js:9127:7)
      at setRemainingMinutes (src/hooks/useSessionCheck.ts:53:7)

    console.error
      An update to TestComponent inside a test was not wrapped in act(...).
      
      When testing, code that causes React state updates should be wrapped into act(...):
      
      act(() => {
        /* fire events that update state */
      });
      /* assert on the output */
      
      This ensures that you're testing the behavior the user would see in the browser. Learn more at https://react.dev/link/wrap-tests-with-act

    [0m [90m 373 |[39m       [36mreturn[39m[33m;[39m
     [90m 374 |[39m     }
    [31m[1m>[22m[39m[90m 375 |[39m     originalError[33m.[39mcall(console[33m,[39m [33m...[39margs)[33m;[39m
     [90m     |[39m                   [31m[1m^[22m[39m
     [90m 376 |[39m   }[33m;[39m
     [90m 377 |[39m })[33m;[39m
     [90m 378 |[39m[0m

      at console.call [as error] (jest.setup.js:375:19)
      at node_modules/.pnpm/react-dom@19.2.0_react@19.2.0/node_modules/react-dom/cjs/react-dom-client.development.js:18758:19
      at runWithFiberInDEV (node_modules/.pnpm/react-dom@19.2.0_react@19.2.0/node_modules/react-dom/cjs/react-dom-client.development.js:874:13)
      at warnIfUpdatesNotWrappedWithActDEV (node_modules/.pnpm/react-dom@19.2.0_react@19.2.0/node_modules/react-dom/cjs/react-dom-client.development.js:18757:9)
      at scheduleUpdateOnFiber (node_modules/.pnpm/react-dom@19.2.0_react@19.2.0/node_modules/react-dom/cjs/react-dom-client.development.js:16409:11)
      at dispatchSetStateInternal (node_modules/.pnpm/react-dom@19.2.0_react@19.2.0/node_modules/react-dom/cjs/react-dom-client.development.js:9170:13)
      at dispatchSetState (node_modules/.pnpm/react-dom@19.2.0_react@19.2.0/node_modules/react-dom/cjs/react-dom-client.development.js:9127:7)
      at setIsNearExpiry (src/hooks/useSessionCheck.ts:57:7)

    console.error
      An update to TestComponent inside a test was not wrapped in act(...).
      
      When testing, code that causes React state updates should be wrapped into act(...):
      
      act(() => {
        /* fire events that update state */
      });
      /* assert on the output */
      
      This ensures that you're testing the behavior the user would see in the browser. Learn more at https://react.dev/link/wrap-tests-with-act

    [0m [90m 373 |[39m       [36mreturn[39m[33m;[39m
     [90m 374 |[39m     }
    [31m[1m>[22m[39m[90m 375 |[39m     originalError[33m.[39mcall(console[33m,[39m [33m...[39margs)[33m;[39m
     [90m     |[39m                   [31m[1m^[22m[39m
     [90m 376 |[39m   }[33m;[39m
     [90m 377 |[39m })[33m;[39m
     [90m 378 |[39m[0m

      at console.call [as error] (jest.setup.js:375:19)
      at node_modules/.pnpm/react-dom@19.2.0_react@19.2.0/node_modules/react-dom/cjs/react-dom-client.development.js:18758:19
      at runWithFiberInDEV (node_modules/.pnpm/react-dom@19.2.0_react@19.2.0/node_modules/react-dom/cjs/react-dom-client.development.js:874:13)
      at warnIfUpdatesNotWrappedWithActDEV (node_modules/.pnpm/react-dom@19.2.0_react@19.2.0/node_modules/react-dom/cjs/react-dom-client.development.js:18757:9)
      at scheduleUpdateOnFiber (node_modules/.pnpm/react-dom@19.2.0_react@19.2.0/node_modules/react-dom/cjs/react-dom-client.development.js:16409:11)
      at dispatchSetStateInternal (node_modules/.pnpm/react-dom@19.2.0_react@19.2.0/node_modules/react-dom/cjs/react-dom-client.development.js:9170:13)
      at dispatchSetState (node_modules/.pnpm/react-dom@19.2.0_react@19.2.0/node_modules/react-dom/cjs/react-dom-client.development.js:9127:7)
      at setIsChecking (src/hooks/useSessionCheck.ts:69:7)

PASS src/components/diff/__tests__/DiffCodePanel.test.tsx
PASS src/components/accessible/__tests__/AccessibleFormInput.a11y.test.tsx
PASS src/components/diff/__tests__/DiffStatistics.test.tsx
PASS src/__tests__/components/chat/ChatHistoryItem.test.tsx
PASS src/components/admin/__tests__/CategoryConfigTab.test.tsx
PASS src/__tests__/pages/login.test.tsx
  ● Console

    console.error
      An update to LoginPage inside a test was not wrapped in act(...).
      
      When testing, code that causes React state updates should be wrapped into act(...):
      
      act(() => {
        /* fire events that update state */
      });
      /* assert on the output */
      
      This ensures that you're testing the behavior the user would see in the browser. Learn more at https://react.dev/link/wrap-tests-with-act

    [0m [90m 373 |[39m       [36mreturn[39m[33m;[39m
     [90m 374 |[39m     }
    [31m[1m>[22m[39m[90m 375 |[39m     originalError[33m.[39mcall(console[33m,[39m [33m...[39margs)[33m;[39m
     [90m     |[39m                   [31m[1m^[22m[39m
     [90m 376 |[39m   }[33m;[39m
     [90m 377 |[39m })[33m;[39m
     [90m 378 |[39m[0m

      at console.call [as error] (jest.setup.js:375:19)
      at node_modules/.pnpm/react-dom@19.2.0_react@19.2.0/node_modules/react-dom/cjs/react-dom-client.development.js:18758:19
      at runWithFiberInDEV (node_modules/.pnpm/react-dom@19.2.0_react@19.2.0/node_modules/react-dom/cjs/react-dom-client.development.js:874:13)
      at warnIfUpdatesNotWrappedWithActDEV (node_modules/.pnpm/react-dom@19.2.0_react@19.2.0/node_modules/react-dom/cjs/react-dom-client.development.js:18757:9)
      at scheduleUpdateOnFiber (node_modules/.pnpm/react-dom@19.2.0_react@19.2.0/node_modules/react-dom/cjs/react-dom-client.development.js:16409:11)
      at dispatchSetStateInternal (node_modules/.pnpm/react-dom@19.2.0_react@19.2.0/node_modules/react-dom/cjs/react-dom-client.development.js:9170:13)
      at dispatchSetState (node_modules/.pnpm/react-dom@19.2.0_react@19.2.0/node_modules/react-dom/cjs/react-dom-client.development.js:9127:7)
      at setShowAuthModal (src/pages/login.tsx:21:5)
      at executeDispatch (node_modules/.pnpm/react-dom@19.2.0_react@19.2.0/node_modules/react-dom/cjs/react-dom-client.development.js:19116:9)
      at runWithFiberInDEV (node_modules/.pnpm/react-dom@19.2.0_react@19.2.0/node_modules/react-dom/cjs/react-dom-client.development.js:874:13)
      at processDispatchQueue (node_modules/.pnpm/react-dom@19.2.0_react@19.2.0/node_modules/react-dom/cjs/react-dom-client.development.js:19166:19)
      at node_modules/.pnpm/react-dom@19.2.0_react@19.2.0/node_modules/react-dom/cjs/react-dom-client.development.js:19767:9
      at batchedUpdates$1 (node_modules/.pnpm/react-dom@19.2.0_react@19.2.0/node_modules/react-dom/cjs/react-dom-client.development.js:3255:40)
      at dispatchEventForPluginEventSystem (node_modules/.pnpm/react-dom@19.2.0_react@19.2.0/node_modules/react-dom/cjs/react-dom-client.development.js:19320:7)
      at dispatchEvent (node_modules/.pnpm/react-dom@19.2.0_react@19.2.0/node_modules/react-dom/cjs/react-dom-client.development.js:23585:11)
      at dispatchDiscreteEvent (node_modules/.pnpm/react-dom@19.2.0_react@19.2.0/node_modules/react-dom/cjs/react-dom-client.development.js:23553:11)
      at HTMLDivElement.callTheUserObjectsOperation (node_modules/.pnpm/jsdom@26.1.0/node_modules/jsdom/lib/jsdom/living/generated/EventListener.js:26:30)
      at innerInvokeEventListeners (node_modules/.pnpm/jsdom@26.1.0/node_modules/jsdom/lib/jsdom/living/events/EventTarget-impl.js:350:25)
      at invokeEventListeners (node_modules/.pnpm/jsdom@26.1.0/node_modules/jsdom/lib/jsdom/living/events/EventTarget-impl.js:286:3)
      at HTMLButtonElementImpl._dispatch (node_modules/.pnpm/jsdom@26.1.0/node_modules/jsdom/lib/jsdom/living/events/EventTarget-impl.js:233:9)
      at fireAnEvent (node_modules/.pnpm/jsdom@26.1.0/node_modules/jsdom/lib/jsdom/living/helpers/events.js:18:36)
      at HTMLButtonElementImpl.click (node_modules/.pnpm/jsdom@26.1.0/node_modules/jsdom/lib/jsdom/living/nodes/HTMLElement-impl.js:85:5)
      at HTMLButtonElement.click (node_modules/.pnpm/jsdom@26.1.0/node_modules/jsdom/lib/jsdom/living/generated/HTMLElement.js:108:34)
      at Object.click (src/__tests__/pages/login.test.tsx:104:19)

    console.error
      An update to LoginPage inside a test was not wrapped in act(...).
      
      When testing, code that causes React state updates should be wrapped into act(...):
      
      act(() => {
        /* fire events that update state */
      });
      /* assert on the output */
      
      This ensures that you're testing the behavior the user would see in the browser. Learn more at https://react.dev/link/wrap-tests-with-act

    [0m [90m 373 |[39m       [36mreturn[39m[33m;[39m
     [90m 374 |[39m     }
    [31m[1m>[22m[39m[90m 375 |[39m     originalError[33m.[39mcall(console[33m,[39m [33m...[39margs)[33m;[39m
     [90m     |[39m                   [31m[1m^[22m[39m
     [90m 376 |[39m   }[33m;[39m
     [90m 377 |[39m })[33m;[39m
     [90m 378 |[39m[0m

      at console.call [as error] (jest.setup.js:375:19)
      at node_modules/.pnpm/react-dom@19.2.0_react@19.2.0/node_modules/react-dom/cjs/react-dom-client.development.js:18758:19
      at runWithFiberInDEV (node_modules/.pnpm/react-dom@19.2.0_react@19.2.0/node_modules/react-dom/cjs/react-dom-client.development.js:874:13)
      at warnIfUpdatesNotWrappedWithActDEV (node_modules/.pnpm/react-dom@19.2.0_react@19.2.0/node_modules/react-dom/cjs/react-dom-client.development.js:18757:9)
      at scheduleUpdateOnFiber (node_modules/.pnpm/react-dom@19.2.0_react@19.2.0/node_modules/react-dom/cjs/react-dom-client.development.js:16409:11)
      at dispatchSetStateInternal (node_modules/.pnpm/react-dom@19.2.0_react@19.2.0/node_modules/react-dom/cjs/react-dom-client.development.js:9170:13)
      at dispatchSetState (node_modules/.pnpm/react-dom@19.2.0_react@19.2.0/node_modules/react-dom/cjs/react-dom-client.development.js:9127:7)
      at setShowAuthModal (src/pages/login.tsx:21:5)
      at executeDispatch (node_modules/.pnpm/react-dom@19.2.0_react@19.2.0/node_modules/react-dom/cjs/react-dom-client.development.js:19116:9)
      at runWithFiberInDEV (node_modules/.pnpm/react-dom@19.2.0_react@19.2.0/node_modules/react-dom/cjs/react-dom-client.development.js:874:13)
      at processDispatchQueue (node_modules/.pnpm/react-dom@19.2.0_react@19.2.0/node_modules/react-dom/cjs/react-dom-client.development.js:19166:19)
      at node_modules/.pnpm/react-dom@19.2.0_react@19.2.0/node_modules/react-dom/cjs/react-dom-client.development.js:19767:9
      at batchedUpdates$1 (node_modules/.pnpm/react-dom@19.2.0_react@19.2.0/node_modules/react-dom/cjs/react-dom-client.development.js:3255:40)
      at dispatchEventForPluginEventSystem (node_modules/.pnpm/react-dom@19.2.0_react@19.2.0/node_modules/react-dom/cjs/react-dom-client.development.js:19320:7)
      at dispatchEvent (node_modules/.pnpm/react-dom@19.2.0_react@19.2.0/node_modules/react-dom/cjs/react-dom-client.development.js:23585:11)
      at dispatchDiscreteEvent (node_modules/.pnpm/react-dom@19.2.0_react@19.2.0/node_modules/react-dom/cjs/react-dom-client.development.js:23553:11)
      at HTMLDivElement.callTheUserObjectsOperation (node_modules/.pnpm/jsdom@26.1.0/node_modules/jsdom/lib/jsdom/living/generated/EventListener.js:26:30)
      at innerInvokeEventListeners (node_modules/.pnpm/jsdom@26.1.0/node_modules/jsdom/lib/jsdom/living/events/EventTarget-impl.js:350:25)
      at invokeEventListeners (node_modules/.pnpm/jsdom@26.1.0/node_modules/jsdom/lib/jsdom/living/events/EventTarget-impl.js:286:3)
      at HTMLButtonElementImpl._dispatch (node_modules/.pnpm/jsdom@26.1.0/node_modules/jsdom/lib/jsdom/living/events/EventTarget-impl.js:233:9)
      at fireAnEvent (node_modules/.pnpm/jsdom@26.1.0/node_modules/jsdom/lib/jsdom/living/helpers/events.js:18:36)
      at HTMLButtonElementImpl.click (node_modules/.pnpm/jsdom@26.1.0/node_modules/jsdom/lib/jsdom/living/nodes/HTMLElement-impl.js:85:5)
      at HTMLButtonElement.click (node_modules/.pnpm/jsdom@26.1.0/node_modules/jsdom/lib/jsdom/living/generated/HTMLElement.js:108:34)
      at Object.click (src/__tests__/pages/login.test.tsx:113:19)

PASS src/components/diff/__tests__/DiffCodeBlock.test.tsx
PASS src/__tests__/components/chat/ChatHistory.test.tsx
PASS src/__tests__/components/chat/Message.test.tsx
PASS src/components/diff/__tests__/DiffLineNumberGutter.test.tsx
PASS src/components/loading/__tests__/SkeletonLoader.test.tsx
PASS src/__tests__/components/UploadSummary.test.tsx
PASS src/components/diff/__tests__/CollapsibleUnchangedSection.test.tsx
  ● Console

    console.error
      An update to CollapsibleUnchangedSection inside a test was not wrapped in act(...).
      
      When testing, code that causes React state updates should be wrapped into act(...):
      
      act(() => {
        /* fire events that update state */
      });
      /* assert on the output */
      
      This ensures that you're testing the behavior the user would see in the browser. Learn more at https://react.dev/link/wrap-tests-with-act

    [0m [90m 373 |[39m       [36mreturn[39m[33m;[39m
     [90m 374 |[39m     }
    [31m[1m>[22m[39m[90m 375 |[39m     originalError[33m.[39mcall(console[33m,[39m [33m...[39margs)[33m;[39m
     [90m     |[39m                   [31m[1m^[22m[39m
     [90m 376 |[39m   }[33m;[39m
     [90m 377 |[39m })[33m;[39m
     [90m 378 |[39m[0m

      at console.call [as error] (jest.setup.js:375:19)
      at node_modules/.pnpm/react-dom@19.2.0_react@19.2.0/node_modules/react-dom/cjs/react-dom-client.development.js:18758:19
      at runWithFiberInDEV (node_modules/.pnpm/react-dom@19.2.0_react@19.2.0/node_modules/react-dom/cjs/react-dom-client.development.js:874:13)
      at warnIfUpdatesNotWrappedWithActDEV (node_modules/.pnpm/react-dom@19.2.0_react@19.2.0/node_modules/react-dom/cjs/react-dom-client.development.js:18757:9)
      at scheduleUpdateOnFiber (node_modules/.pnpm/react-dom@19.2.0_react@19.2.0/node_modules/react-dom/cjs/react-dom-client.development.js:16409:11)
      at dispatchSetStateInternal (node_modules/.pnpm/react-dom@19.2.0_react@19.2.0/node_modules/react-dom/cjs/react-dom-client.development.js:9170:13)
      at dispatchSetState (node_modules/.pnpm/react-dom@19.2.0_react@19.2.0/node_modules/react-dom/cjs/react-dom-client.development.js:9127:7)
      at setIsAnimating (src/components/diff/CollapsibleUnchangedSection.tsx:21:24)
      at callTimer (node_modules/.pnpm/@sinonjs+fake-timers@13.0.5/node_modules/@sinonjs/fake-timers/src/fake-timers-src.js:806:24)
      at doTickInner (node_modules/.pnpm/@sinonjs+fake-timers@13.0.5/node_modules/@sinonjs/fake-timers/src/fake-timers-src.js:1413:29)
      at doTick (node_modules/.pnpm/@sinonjs+fake-timers@13.0.5/node_modules/@sinonjs/fake-timers/src/fake-timers-src.js:1494:20)
      at Object.tick (node_modules/.pnpm/@sinonjs+fake-timers@13.0.5/node_modules/@sinonjs/fake-timers/src/fake-timers-src.js:1502:20)
      at Object.runToLast (node_modules/.pnpm/@sinonjs+fake-timers@13.0.5/node_modules/@sinonjs/fake-timers/src/fake-timers-src.js:1661:26)
      at FakeTimers.runOnlyPendingTimers (node_modules/.pnpm/@jest+fake-timers@30.2.0/node_modules/@jest/fake-timers/build/index.js:542:19)
      at Object.runOnlyPendingTimers (src/components/diff/__tests__/CollapsibleUnchangedSection.test.tsx:29:10)

    console.error
      An update to CollapsibleUnchangedSection inside a test was not wrapped in act(...).
      
      When testing, code that causes React state updates should be wrapped into act(...):
      
      act(() => {
        /* fire events that update state */
      });
      /* assert on the output */
      
      This ensures that you're testing the behavior the user would see in the browser. Learn more at https://react.dev/link/wrap-tests-with-act

    [0m [90m 373 |[39m       [36mreturn[39m[33m;[39m
     [90m 374 |[39m     }
    [31m[1m>[22m[39m[90m 375 |[39m     originalError[33m.[39mcall(console[33m,[39m [33m...[39margs)[33m;[39m
     [90m     |[39m                   [31m[1m^[22m[39m
     [90m 376 |[39m   }[33m;[39m
     [90m 377 |[39m })[33m;[39m
     [90m 378 |[39m[0m

      at console.call [as error] (jest.setup.js:375:19)
      at node_modules/.pnpm/react-dom@19.2.0_react@19.2.0/node_modules/react-dom/cjs/react-dom-client.development.js:18758:19
      at runWithFiberInDEV (node_modules/.pnpm/react-dom@19.2.0_react@19.2.0/node_modules/react-dom/cjs/react-dom-client.development.js:874:13)
      at warnIfUpdatesNotWrappedWithActDEV (node_modules/.pnpm/react-dom@19.2.0_react@19.2.0/node_modules/react-dom/cjs/react-dom-client.development.js:18757:9)
      at scheduleUpdateOnFiber (node_modules/.pnpm/react-dom@19.2.0_react@19.2.0/node_modules/react-dom/cjs/react-dom-client.development.js:16409:11)
      at dispatchSetStateInternal (node_modules/.pnpm/react-dom@19.2.0_react@19.2.0/node_modules/react-dom/cjs/react-dom-client.development.js:9170:13)
      at dispatchSetState (node_modules/.pnpm/react-dom@19.2.0_react@19.2.0/node_modules/react-dom/cjs/react-dom-client.development.js:9127:7)
      at setIsAnimating (src/components/diff/CollapsibleUnchangedSection.tsx:21:24)
      at callTimer (node_modules/.pnpm/@sinonjs+fake-timers@13.0.5/node_modules/@sinonjs/fake-timers/src/fake-timers-src.js:806:24)
      at doTickInner (node_modules/.pnpm/@sinonjs+fake-timers@13.0.5/node_modules/@sinonjs/fake-timers/src/fake-timers-src.js:1413:29)
      at doTick (node_modules/.pnpm/@sinonjs+fake-timers@13.0.5/node_modules/@sinonjs/fake-timers/src/fake-timers-src.js:1494:20)
      at Object.tick (node_modules/.pnpm/@sinonjs+fake-timers@13.0.5/node_modules/@sinonjs/fake-timers/src/fake-timers-src.js:1502:20)
      at Object.runToLast (node_modules/.pnpm/@sinonjs+fake-timers@13.0.5/node_modules/@sinonjs/fake-timers/src/fake-timers-src.js:1661:26)
      at FakeTimers.runOnlyPendingTimers (node_modules/.pnpm/@jest+fake-timers@30.2.0/node_modules/@jest/fake-timers/build/index.js:542:19)
      at Object.runOnlyPendingTimers (src/components/diff/__tests__/CollapsibleUnchangedSection.test.tsx:29:10)

    console.error
      An update to CollapsibleUnchangedSection inside a test was not wrapped in act(...).
      
      When testing, code that causes React state updates should be wrapped into act(...):
      
      act(() => {
        /* fire events that update state */
      });
      /* assert on the output */
      
      This ensures that you're testing the behavior the user would see in the browser. Learn more at https://react.dev/link/wrap-tests-with-act

    [0m [90m 373 |[39m       [36mreturn[39m[33m;[39m
     [90m 374 |[39m     }
    [31m[1m>[22m[39m[90m 375 |[39m     originalError[33m.[39mcall(console[33m,[39m [33m...[39margs)[33m;[39m
     [90m     |[39m                   [31m[1m^[22m[39m
     [90m 376 |[39m   }[33m;[39m
     [90m 377 |[39m })[33m;[39m
     [90m 378 |[39m[0m

      at console.call [as error] (jest.setup.js:375:19)
      at node_modules/.pnpm/react-dom@19.2.0_react@19.2.0/node_modules/react-dom/cjs/react-dom-client.development.js:18758:19
      at runWithFiberInDEV (node_modules/.pnpm/react-dom@19.2.0_react@19.2.0/node_modules/react-dom/cjs/react-dom-client.development.js:874:13)
      at warnIfUpdatesNotWrappedWithActDEV (node_modules/.pnpm/react-dom@19.2.0_react@19.2.0/node_modules/react-dom/cjs/react-dom-client.development.js:18757:9)
      at scheduleUpdateOnFiber (node_modules/.pnpm/react-dom@19.2.0_react@19.2.0/node_modules/react-dom/cjs/react-dom-client.development.js:16409:11)
      at dispatchSetStateInternal (node_modules/.pnpm/react-dom@19.2.0_react@19.2.0/node_modules/react-dom/cjs/react-dom-client.development.js:9170:13)
      at dispatchSetState (node_modules/.pnpm/react-dom@19.2.0_react@19.2.0/node_modules/react-dom/cjs/react-dom-client.development.js:9127:7)
      at setIsAnimating (src/components/diff/CollapsibleUnchangedSection.tsx:21:24)
      at callTimer (node_modules/.pnpm/@sinonjs+fake-timers@13.0.5/node_modules/@sinonjs/fake-timers/src/fake-timers-src.js:806:24)
      at doTickInner (node_modules/.pnpm/@sinonjs+fake-timers@13.0.5/node_modules/@sinonjs/fake-timers/src/fake-timers-src.js:1413:29)
      at doTick (node_modules/.pnpm/@sinonjs+fake-timers@13.0.5/node_modules/@sinonjs/fake-timers/src/fake-timers-src.js:1494:20)
      at Object.tick (node_modules/.pnpm/@sinonjs+fake-timers@13.0.5/node_modules/@sinonjs/fake-timers/src/fake-timers-src.js:1502:20)
      at FakeTimers.advanceTimersByTime (node_modules/.pnpm/@jest+fake-timers@30.2.0/node_modules/@jest/fake-timers/build/index.js:576:19)
      at Object.advanceTimersByTime (src/components/diff/__tests__/CollapsibleUnchangedSection.test.tsx:161:12)

    console.error
      An update to CollapsibleUnchangedSection inside a test was not wrapped in act(...).
      
      When testing, code that causes React state updates should be wrapped into act(...):
      
      act(() => {
        /* fire events that update state */
      });
      /* assert on the output */
      
      This ensures that you're testing the behavior the user would see in the browser. Learn more at https://react.dev/link/wrap-tests-with-act

    [0m [90m 373 |[39m       [36mreturn[39m[33m;[39m
     [90m 374 |[39m     }
    [31m[1m>[22m[39m[90m 375 |[39m     originalError[33m.[39mcall(console[33m,[39m [33m...[39margs)[33m;[39m
     [90m     |[39m                   [31m[1m^[22m[39m
     [90m 376 |[39m   }[33m;[39m
     [90m 377 |[39m })[33m;[39m
     [90m 378 |[39m[0m

      at console.call [as error] (jest.setup.js:375:19)
      at node_modules/.pnpm/react-dom@19.2.0_react@19.2.0/node_modules/react-dom/cjs/react-dom-client.development.js:18758:19
      at runWithFiberInDEV (node_modules/.pnpm/react-dom@19.2.0_react@19.2.0/node_modules/react-dom/cjs/react-dom-client.development.js:874:13)
      at warnIfUpdatesNotWrappedWithActDEV (node_modules/.pnpm/react-dom@19.2.0_react@19.2.0/node_modules/react-dom/cjs/react-dom-client.development.js:18757:9)
      at scheduleUpdateOnFiber (node_modules/.pnpm/react-dom@19.2.0_react@19.2.0/node_modules/react-dom/cjs/react-dom-client.development.js:16409:11)
      at dispatchSetStateInternal (node_modules/.pnpm/react-dom@19.2.0_react@19.2.0/node_modules/react-dom/cjs/react-dom-client.development.js:9170:13)
      at dispatchSetState (node_modules/.pnpm/react-dom@19.2.0_react@19.2.0/node_modules/react-dom/cjs/react-dom-client.development.js:9127:7)
      at setIsAnimating (src/components/diff/CollapsibleUnchangedSection.tsx:21:24)
      at callTimer (node_modules/.pnpm/@sinonjs+fake-timers@13.0.5/node_modules/@sinonjs/fake-timers/src/fake-timers-src.js:806:24)
      at doTickInner (node_modules/.pnpm/@sinonjs+fake-timers@13.0.5/node_modules/@sinonjs/fake-timers/src/fake-timers-src.js:1413:29)
      at doTick (node_modules/.pnpm/@sinonjs+fake-timers@13.0.5/node_modules/@sinonjs/fake-timers/src/fake-timers-src.js:1494:20)
      at Object.tick (node_modules/.pnpm/@sinonjs+fake-timers@13.0.5/node_modules/@sinonjs/fake-timers/src/fake-timers-src.js:1502:20)
      at Object.runToLast (node_modules/.pnpm/@sinonjs+fake-timers@13.0.5/node_modules/@sinonjs/fake-timers/src/fake-timers-src.js:1661:26)
      at FakeTimers.runOnlyPendingTimers (node_modules/.pnpm/@jest+fake-timers@30.2.0/node_modules/@jest/fake-timers/build/index.js:542:19)
      at Object.runOnlyPendingTimers (src/components/diff/__tests__/CollapsibleUnchangedSection.test.tsx:29:10)

    console.error
      An update to CollapsibleUnchangedSection inside a test was not wrapped in act(...).
      
      When testing, code that causes React state updates should be wrapped into act(...):
      
      act(() => {
        /* fire events that update state */
      });
      /* assert on the output */
      
      This ensures that you're testing the behavior the user would see in the browser. Learn more at https://react.dev/link/wrap-tests-with-act

    [0m [90m 373 |[39m       [36mreturn[39m[33m;[39m
     [90m 374 |[39m     }
    [31m[1m>[22m[39m[90m 375 |[39m     originalError[33m.[39mcall(console[33m,[39m [33m...[39margs)[33m;[39m
     [90m     |[39m                   [31m[1m^[22m[39m
     [90m 376 |[39m   }[33m;[39m
     [90m 377 |[39m })[33m;[39m
     [90m 378 |[39m[0m

      at console.call [as error] (jest.setup.js:375:19)
      at node_modules/.pnpm/react-dom@19.2.0_react@19.2.0/node_modules/react-dom/cjs/react-dom-client.development.js:18758:19
      at runWithFiberInDEV (node_modules/.pnpm/react-dom@19.2.0_react@19.2.0/node_modules/react-dom/cjs/react-dom-client.development.js:874:13)
      at warnIfUpdatesNotWrappedWithActDEV (node_modules/.pnpm/react-dom@19.2.0_react@19.2.0/node_modules/react-dom/cjs/react-dom-client.development.js:18757:9)
      at scheduleUpdateOnFiber (node_modules/.pnpm/react-dom@19.2.0_react@19.2.0/node_modules/react-dom/cjs/react-dom-client.development.js:16409:11)
      at dispatchSetStateInternal (node_modules/.pnpm/react-dom@19.2.0_react@19.2.0/node_modules/react-dom/cjs/react-dom-client.development.js:9170:13)
      at dispatchSetState (node_modules/.pnpm/react-dom@19.2.0_react@19.2.0/node_modules/react-dom/cjs/react-dom-client.development.js:9127:7)
      at setIsAnimating (src/components/diff/CollapsibleUnchangedSection.tsx:21:24)
      at callTimer (node_modules/.pnpm/@sinonjs+fake-timers@13.0.5/node_modules/@sinonjs/fake-timers/src/fake-timers-src.js:806:24)
      at doTickInner (node_modules/.pnpm/@sinonjs+fake-timers@13.0.5/node_modules/@sinonjs/fake-timers/src/fake-timers-src.js:1413:29)
      at doTick (node_modules/.pnpm/@sinonjs+fake-timers@13.0.5/node_modules/@sinonjs/fake-timers/src/fake-timers-src.js:1494:20)
      at Object.tick (node_modules/.pnpm/@sinonjs+fake-timers@13.0.5/node_modules/@sinonjs/fake-timers/src/fake-timers-src.js:1502:20)
      at Object.runToLast (node_modules/.pnpm/@sinonjs+fake-timers@13.0.5/node_modules/@sinonjs/fake-timers/src/fake-timers-src.js:1661:26)
      at FakeTimers.runOnlyPendingTimers (node_modules/.pnpm/@jest+fake-timers@30.2.0/node_modules/@jest/fake-timers/build/index.js:542:19)
      at Object.runOnlyPendingTimers (src/components/diff/__tests__/CollapsibleUnchangedSection.test.tsx:29:10)

    console.error
      An update to CollapsibleUnchangedSection inside a test was not wrapped in act(...).
      
      When testing, code that causes React state updates should be wrapped into act(...):
      
      act(() => {
        /* fire events that update state */
      });
      /* assert on the output */
      
      This ensures that you're testing the behavior the user would see in the browser. Learn more at https://react.dev/link/wrap-tests-with-act

    [0m [90m 373 |[39m       [36mreturn[39m[33m;[39m
     [90m 374 |[39m     }
    [31m[1m>[22m[39m[90m 375 |[39m     originalError[33m.[39mcall(console[33m,[39m [33m...[39margs)[33m;[39m
     [90m     |[39m                   [31m[1m^[22m[39m
     [90m 376 |[39m   }[33m;[39m
     [90m 377 |[39m })[33m;[39m
     [90m 378 |[39m[0m

      at console.call [as error] (jest.setup.js:375:19)
      at node_modules/.pnpm/react-dom@19.2.0_react@19.2.0/node_modules/react-dom/cjs/react-dom-client.development.js:18758:19
      at runWithFiberInDEV (node_modules/.pnpm/react-dom@19.2.0_react@19.2.0/node_modules/react-dom/cjs/react-dom-client.development.js:874:13)
      at warnIfUpdatesNotWrappedWithActDEV (node_modules/.pnpm/react-dom@19.2.0_react@19.2.0/node_modules/react-dom/cjs/react-dom-client.development.js:18757:9)
      at scheduleUpdateOnFiber (node_modules/.pnpm/react-dom@19.2.0_react@19.2.0/node_modules/react-dom/cjs/react-dom-client.development.js:16409:11)
      at dispatchSetStateInternal (node_modules/.pnpm/react-dom@19.2.0_react@19.2.0/node_modules/react-dom/cjs/react-dom-client.development.js:9170:13)
      at dispatchSetState (node_modules/.pnpm/react-dom@19.2.0_react@19.2.0/node_modules/react-dom/cjs/react-dom-client.development.js:9127:7)
      at setIsAnimating (src/components/diff/CollapsibleUnchangedSection.tsx:21:24)
      at callTimer (node_modules/.pnpm/@sinonjs+fake-timers@13.0.5/node_modules/@sinonjs/fake-timers/src/fake-timers-src.js:806:24)
      at doTickInner (node_modules/.pnpm/@sinonjs+fake-timers@13.0.5/node_modules/@sinonjs/fake-timers/src/fake-timers-src.js:1413:29)
      at doTick (node_modules/.pnpm/@sinonjs+fake-timers@13.0.5/node_modules/@sinonjs/fake-timers/src/fake-timers-src.js:1494:20)
      at Object.tick (node_modules/.pnpm/@sinonjs+fake-timers@13.0.5/node_modules/@sinonjs/fake-timers/src/fake-timers-src.js:1502:20)
      at Object.runToLast (node_modules/.pnpm/@sinonjs+fake-timers@13.0.5/node_modules/@sinonjs/fake-timers/src/fake-timers-src.js:1661:26)
      at FakeTimers.runOnlyPendingTimers (node_modules/.pnpm/@jest+fake-timers@30.2.0/node_modules/@jest/fake-timers/build/index.js:542:19)
      at Object.runOnlyPendingTimers (src/components/diff/__tests__/CollapsibleUnchangedSection.test.tsx:29:10)

    console.error
      An update to CollapsibleUnchangedSection inside a test was not wrapped in act(...).
      
      When testing, code that causes React state updates should be wrapped into act(...):
      
      act(() => {
        /* fire events that update state */
      });
      /* assert on the output */
      
      This ensures that you're testing the behavior the user would see in the browser. Learn more at https://react.dev/link/wrap-tests-with-act

    [0m [90m 373 |[39m       [36mreturn[39m[33m;[39m
     [90m 374 |[39m     }
    [31m[1m>[22m[39m[90m 375 |[39m     originalError[33m.[39mcall(console[33m,[39m [33m...[39margs)[33m;[39m
     [90m     |[39m                   [31m[1m^[22m[39m
     [90m 376 |[39m   }[33m;[39m
     [90m 377 |[39m })[33m;[39m
     [90m 378 |[39m[0m

      at console.call [as error] (jest.setup.js:375:19)
      at node_modules/.pnpm/react-dom@19.2.0_react@19.2.0/node_modules/react-dom/cjs/react-dom-client.development.js:18758:19
      at runWithFiberInDEV (node_modules/.pnpm/react-dom@19.2.0_react@19.2.0/node_modules/react-dom/cjs/react-dom-client.development.js:874:13)
      at warnIfUpdatesNotWrappedWithActDEV (node_modules/.pnpm/react-dom@19.2.0_react@19.2.0/node_modules/react-dom/cjs/react-dom-client.development.js:18757:9)
      at scheduleUpdateOnFiber (node_modules/.pnpm/react-dom@19.2.0_react@19.2.0/node_modules/react-dom/cjs/react-dom-client.development.js:16409:11)
      at dispatchSetStateInternal (node_modules/.pnpm/react-dom@19.2.0_react@19.2.0/node_modules/react-dom/cjs/react-dom-client.development.js:9170:13)
      at dispatchSetState (node_modules/.pnpm/react-dom@19.2.0_react@19.2.0/node_modules/react-dom/cjs/react-dom-client.development.js:9127:7)
      at setIsAnimating (src/components/diff/CollapsibleUnchangedSection.tsx:21:24)
      at callTimer (node_modules/.pnpm/@sinonjs+fake-timers@13.0.5/node_modules/@sinonjs/fake-timers/src/fake-timers-src.js:806:24)
      at doTickInner (node_modules/.pnpm/@sinonjs+fake-timers@13.0.5/node_modules/@sinonjs/fake-timers/src/fake-timers-src.js:1413:29)
      at doTick (node_modules/.pnpm/@sinonjs+fake-timers@13.0.5/node_modules/@sinonjs/fake-timers/src/fake-timers-src.js:1494:20)
      at Object.tick (node_modules/.pnpm/@sinonjs+fake-timers@13.0.5/node_modules/@sinonjs/fake-timers/src/fake-timers-src.js:1502:20)
      at Object.runToLast (node_modules/.pnpm/@sinonjs+fake-timers@13.0.5/node_modules/@sinonjs/fake-timers/src/fake-timers-src.js:1661:26)
      at FakeTimers.runOnlyPendingTimers (node_modules/.pnpm/@jest+fake-timers@30.2.0/node_modules/@jest/fake-timers/build/index.js:542:19)
      at Object.runOnlyPendingTimers (src/components/diff/__tests__/CollapsibleUnchangedSection.test.tsx:29:10)

PASS src/__tests__/components/chat/MessageInput.test.tsx
PASS src/__tests__/components/SessionSetupModal.test.tsx (20.008 s)
  ● Console

    console.error
      Failed to start session: Error: Network error
          at Object.<anonymous> (D:\Repositories\meepleai-monorepo\apps\web\src\__tests__\components\SessionSetupModal.test.tsx:491:9)
          at Promise.finally.completed (D:\Repositories\meepleai-monorepo\apps\web\node_modules\.pnpm\jest-circus@30.2.0\node_modules\jest-circus\build\jestAdapterInit.js:1557:28)
          at new Promise (<anonymous>)
          at callAsyncCircusFn (D:\Repositories\meepleai-monorepo\apps\web\node_modules\.pnpm\jest-circus@30.2.0\node_modules\jest-circus\build\jestAdapterInit.js:1497:10)
          at _callCircusTest (D:\Repositories\meepleai-monorepo\apps\web\node_modules\.pnpm\jest-circus@30.2.0\node_modules\jest-circus\build\jestAdapterInit.js:1007:40)
          at _runTest (D:\Repositories\meepleai-monorepo\apps\web\node_modules\.pnpm\jest-circus@30.2.0\node_modules\jest-circus\build\jestAdapterInit.js:947:3)
          at D:\Repositories\meepleai-monorepo\apps\web\node_modules\.pnpm\jest-circus@30.2.0\node_modules\jest-circus\build\jestAdapterInit.js:849:7
          at _runTestsForDescribeBlock (D:\Repositories\meepleai-monorepo\apps\web\node_modules\.pnpm\jest-circus@30.2.0\node_modules\jest-circus\build\jestAdapterInit.js:862:11)
          at _runTestsForDescribeBlock (D:\Repositories\meepleai-monorepo\apps\web\node_modules\.pnpm\jest-circus@30.2.0\node_modules\jest-circus\build\jestAdapterInit.js:857:11)
          at _runTestsForDescribeBlock (D:\Repositories\meepleai-monorepo\apps\web\node_modules\.pnpm\jest-circus@30.2.0\node_modules\jest-circus\build\jestAdapterInit.js:857:11)
          at run (D:\Repositories\meepleai-monorepo\apps\web\node_modules\.pnpm\jest-circus@30.2.0\node_modules\jest-circus\build\jestAdapterInit.js:761:3)
          at runAndTransformResultsToJestFormat (D:\Repositories\meepleai-monorepo\apps\web\node_modules\.pnpm\jest-circus@30.2.0\node_modules\jest-circus\build\jestAdapterInit.js:1918:21)
          at jestAdapter (D:\Repositories\meepleai-monorepo\apps\web\node_modules\.pnpm\jest-circus@30.2.0\node_modules\jest-circus\build\runner.js:101:19)
          at runTestInternal (D:\Repositories\meepleai-monorepo\apps\web\node_modules\.pnpm\jest-runner@30.2.0\node_modules\jest-runner\build\testWorker.js:275:16)
          at runTest (D:\Repositories\meepleai-monorepo\apps\web\node_modules\.pnpm\jest-runner@30.2.0\node_modules\jest-runner\build\testWorker.js:343:7)
          at Object.worker (D:\Repositories\meepleai-monorepo\apps\web\node_modules\.pnpm\jest-runner@30.2.0\node_modules\jest-runner\build\testWorker.js:497:12)

    [0m [90m 373 |[39m       [36mreturn[39m[33m;[39m
     [90m 374 |[39m     }
    [31m[1m>[22m[39m[90m 375 |[39m     originalError[33m.[39mcall(console[33m,[39m [33m...[39margs)[33m;[39m
     [90m     |[39m                   [31m[1m^[22m[39m
     [90m 376 |[39m   }[33m;[39m
     [90m 377 |[39m })[33m;[39m
     [90m 378 |[39m[0m

      at console.call [as error] (jest.setup.js:375:19)
      at error (src/components/SessionSetupModal.tsx:234:15)

PASS src/__tests__/pages/index.test.tsx (19.698 s)
  ● Console

    console.error
      React does not recognize the `whileHover` prop on a DOM element. If you intentionally want it to appear in the DOM as a custom attribute, spell it as lowercase `whilehover` instead. If you accidentally passed it from a parent component, remove it from the DOM element.

    [0m [90m 373 |[39m       [36mreturn[39m[33m;[39m
     [90m 374 |[39m     }
    [31m[1m>[22m[39m[90m 375 |[39m     originalError[33m.[39mcall(console[33m,[39m [33m...[39margs)[33m;[39m
     [90m     |[39m                   [31m[1m^[22m[39m
     [90m 376 |[39m   }[33m;[39m
     [90m 377 |[39m })[33m;[39m
     [90m 378 |[39m[0m

      at console.call [as error] (jest.setup.js:375:19)
      at validateProperty (node_modules/.pnpm/react-dom@19.2.0_react@19.2.0/node_modules/react-dom/cjs/react-dom-client.development.js:3001:19)
      at warnUnknownProperties (node_modules/.pnpm/react-dom@19.2.0_react@19.2.0/node_modules/react-dom/cjs/react-dom-client.development.js:3146:9)
      at validatePropertiesInDevelopment (node_modules/.pnpm/react-dom@19.2.0_react@19.2.0/node_modules/react-dom/cjs/react-dom-client.development.js:19868:9)
      at setInitialProperties (node_modules/.pnpm/react-dom@19.2.0_react@19.2.0/node_modules/react-dom/cjs/react-dom-client.development.js:20491:7)
      at completeWork (node_modules/.pnpm/react-dom@19.2.0_react@19.2.0/node_modules/react-dom/cjs/react-dom-client.development.js:12662:18)
      at runWithFiberInDEV (node_modules/.pnpm/react-dom@19.2.0_react@19.2.0/node_modules/react-dom/cjs/react-dom-client.development.js:874:13)
      at completeUnitOfWork (node_modules/.pnpm/react-dom@19.2.0_react@19.2.0/node_modules/react-dom/cjs/react-dom-client.development.js:17777:19)
      at performUnitOfWork (node_modules/.pnpm/react-dom@19.2.0_react@19.2.0/node_modules/react-dom/cjs/react-dom-client.development.js:17658:11)
      at workLoopSync (node_modules/.pnpm/react-dom@19.2.0_react@19.2.0/node_modules/react-dom/cjs/react-dom-client.development.js:17469:41)
      at renderRootSync (node_modules/.pnpm/react-dom@19.2.0_react@19.2.0/node_modules/react-dom/cjs/react-dom-client.development.js:17450:11)
      at performWorkOnRoot (node_modules/.pnpm/react-dom@19.2.0_react@19.2.0/node_modules/react-dom/cjs/react-dom-client.development.js:16504:11)
      at performWorkOnRootViaSchedulerTask (node_modules/.pnpm/react-dom@19.2.0_react@19.2.0/node_modules/react-dom/cjs/react-dom-client.development.js:18957:7)
      at flushActQueue (node_modules/.pnpm/react@19.2.0/node_modules/react/cjs/react.development.js:590:34)
      at process.env.NODE_ENV.exports.act (node_modules/.pnpm/react@19.2.0/node_modules/react/cjs/react.development.js:884:10)
      at node_modules/.pnpm/@testing-library+react@16.3_15d474de7481bb0af842c1b1705139a8/node_modules/@testing-library/react/dist/act-compat.js:47:25
      at renderRoot (node_modules/.pnpm/@testing-library+react@16.3_15d474de7481bb0af842c1b1705139a8/node_modules/@testing-library/react/dist/pure.js:190:26)
      at render (node_modules/.pnpm/@testing-library+react@16.3_15d474de7481bb0af842c1b1705139a8/node_modules/@testing-library/react/dist/pure.js:292:10)
      at Object.<anonymous> (src/__tests__/pages/index.test.tsx:61:13)

    console.error
      React does not recognize the `whileTap` prop on a DOM element. If you intentionally want it to appear in the DOM as a custom attribute, spell it as lowercase `whiletap` instead. If you accidentally passed it from a parent component, remove it from the DOM element.

    [0m [90m 373 |[39m       [36mreturn[39m[33m;[39m
     [90m 374 |[39m     }
    [31m[1m>[22m[39m[90m 375 |[39m     originalError[33m.[39mcall(console[33m,[39m [33m...[39margs)[33m;[39m
     [90m     |[39m                   [31m[1m^[22m[39m
     [90m 376 |[39m   }[33m;[39m
     [90m 377 |[39m })[33m;[39m
     [90m 378 |[39m[0m

      at console.call [as error] (jest.setup.js:375:19)
      at validateProperty (node_modules/.pnpm/react-dom@19.2.0_react@19.2.0/node_modules/react-dom/cjs/react-dom-client.development.js:3001:19)
      at warnUnknownProperties (node_modules/.pnpm/react-dom@19.2.0_react@19.2.0/node_modules/react-dom/cjs/react-dom-client.development.js:3146:9)
      at validatePropertiesInDevelopment (node_modules/.pnpm/react-dom@19.2.0_react@19.2.0/node_modules/react-dom/cjs/react-dom-client.development.js:19868:9)
      at setInitialProperties (node_modules/.pnpm/react-dom@19.2.0_react@19.2.0/node_modules/react-dom/cjs/react-dom-client.development.js:20491:7)
      at completeWork (node_modules/.pnpm/react-dom@19.2.0_react@19.2.0/node_modules/react-dom/cjs/react-dom-client.development.js:12662:18)
      at runWithFiberInDEV (node_modules/.pnpm/react-dom@19.2.0_react@19.2.0/node_modules/react-dom/cjs/react-dom-client.development.js:874:13)
      at completeUnitOfWork (node_modules/.pnpm/react-dom@19.2.0_react@19.2.0/node_modules/react-dom/cjs/react-dom-client.development.js:17777:19)
      at performUnitOfWork (node_modules/.pnpm/react-dom@19.2.0_react@19.2.0/node_modules/react-dom/cjs/react-dom-client.development.js:17658:11)
      at workLoopSync (node_modules/.pnpm/react-dom@19.2.0_react@19.2.0/node_modules/react-dom/cjs/react-dom-client.development.js:17469:41)
      at renderRootSync (node_modules/.pnpm/react-dom@19.2.0_react@19.2.0/node_modules/react-dom/cjs/react-dom-client.development.js:17450:11)
      at performWorkOnRoot (node_modules/.pnpm/react-dom@19.2.0_react@19.2.0/node_modules/react-dom/cjs/react-dom-client.development.js:16504:11)
      at performWorkOnRootViaSchedulerTask (node_modules/.pnpm/react-dom@19.2.0_react@19.2.0/node_modules/react-dom/cjs/react-dom-client.development.js:18957:7)
      at flushActQueue (node_modules/.pnpm/react@19.2.0/node_modules/react/cjs/react.development.js:590:34)
      at process.env.NODE_ENV.exports.act (node_modules/.pnpm/react@19.2.0/node_modules/react/cjs/react.development.js:884:10)
      at node_modules/.pnpm/@testing-library+react@16.3_15d474de7481bb0af842c1b1705139a8/node_modules/@testing-library/react/dist/act-compat.js:47:25
      at renderRoot (node_modules/.pnpm/@testing-library+react@16.3_15d474de7481bb0af842c1b1705139a8/node_modules/@testing-library/react/dist/pure.js:190:26)
      at render (node_modules/.pnpm/@testing-library+react@16.3_15d474de7481bb0af842c1b1705139a8/node_modules/@testing-library/react/dist/pure.js:292:10)
      at Object.<anonymous> (src/__tests__/pages/index.test.tsx:61:13)

    console.error
      React does not recognize the `whileInView` prop on a DOM element. If you intentionally want it to appear in the DOM as a custom attribute, spell it as lowercase `whileinview` instead. If you accidentally passed it from a parent component, remove it from the DOM element.

    [0m [90m 373 |[39m       [36mreturn[39m[33m;[39m
     [90m 374 |[39m     }
    [31m[1m>[22m[39m[90m 375 |[39m     originalError[33m.[39mcall(console[33m,[39m [33m...[39margs)[33m;[39m
     [90m     |[39m                   [31m[1m^[22m[39m
     [90m 376 |[39m   }[33m;[39m
     [90m 377 |[39m })[33m;[39m
     [90m 378 |[39m[0m

      at console.call [as error] (jest.setup.js:375:19)
      at validateProperty (node_modules/.pnpm/react-dom@19.2.0_react@19.2.0/node_modules/react-dom/cjs/react-dom-client.development.js:3001:19)
      at warnUnknownProperties (node_modules/.pnpm/react-dom@19.2.0_react@19.2.0/node_modules/react-dom/cjs/react-dom-client.development.js:3146:9)
      at validatePropertiesInDevelopment (node_modules/.pnpm/react-dom@19.2.0_react@19.2.0/node_modules/react-dom/cjs/react-dom-client.development.js:19868:9)
      at setInitialProperties (node_modules/.pnpm/react-dom@19.2.0_react@19.2.0/node_modules/react-dom/cjs/react-dom-client.development.js:20491:7)
      at completeWork (node_modules/.pnpm/react-dom@19.2.0_react@19.2.0/node_modules/react-dom/cjs/react-dom-client.development.js:12662:18)
      at runWithFiberInDEV (node_modules/.pnpm/react-dom@19.2.0_react@19.2.0/node_modules/react-dom/cjs/react-dom-client.development.js:874:13)
      at completeUnitOfWork (node_modules/.pnpm/react-dom@19.2.0_react@19.2.0/node_modules/react-dom/cjs/react-dom-client.development.js:17777:19)
      at performUnitOfWork (node_modules/.pnpm/react-dom@19.2.0_react@19.2.0/node_modules/react-dom/cjs/react-dom-client.development.js:17658:11)
      at workLoopSync (node_modules/.pnpm/react-dom@19.2.0_react@19.2.0/node_modules/react-dom/cjs/react-dom-client.development.js:17469:41)
      at renderRootSync (node_modules/.pnpm/react-dom@19.2.0_react@19.2.0/node_modules/react-dom/cjs/react-dom-client.development.js:17450:11)
      at performWorkOnRoot (node_modules/.pnpm/react-dom@19.2.0_react@19.2.0/node_modules/react-dom/cjs/react-dom-client.development.js:16504:11)
      at performWorkOnRootViaSchedulerTask (node_modules/.pnpm/react-dom@19.2.0_react@19.2.0/node_modules/react-dom/cjs/react-dom-client.development.js:18957:7)
      at flushActQueue (node_modules/.pnpm/react@19.2.0/node_modules/react/cjs/react.development.js:590:34)
      at process.env.NODE_ENV.exports.act (node_modules/.pnpm/react@19.2.0/node_modules/react/cjs/react.development.js:884:10)
      at node_modules/.pnpm/@testing-library+react@16.3_15d474de7481bb0af842c1b1705139a8/node_modules/@testing-library/react/dist/act-compat.js:47:25
      at renderRoot (node_modules/.pnpm/@testing-library+react@16.3_15d474de7481bb0af842c1b1705139a8/node_modules/@testing-library/react/dist/pure.js:190:26)
      at render (node_modules/.pnpm/@testing-library+react@16.3_15d474de7481bb0af842c1b1705139a8/node_modules/@testing-library/react/dist/pure.js:292:10)
      at Object.<anonymous> (src/__tests__/pages/index.test.tsx:61:13)

    console.error
      `DialogContent` requires a `DialogTitle` for the component to be accessible for screen reader users.
      
      If you want to hide the `DialogTitle`, you can wrap it with our VisuallyHidden component.
      
      For more information, see https://radix-ui.com/primitives/docs/components/dialog

    [0m [90m 373 |[39m       [36mreturn[39m[33m;[39m
     [90m 374 |[39m     }
    [31m[1m>[22m[39m[90m 375 |[39m     originalError[33m.[39mcall(console[33m,[39m [33m...[39margs)[33m;[39m
     [90m     |[39m                   [31m[1m^[22m[39m
     [90m 376 |[39m   }[33m;[39m
     [90m 377 |[39m })[33m;[39m
     [90m 378 |[39m[0m

      at console.call [as error] (jest.setup.js:375:19)
      at node_modules/.pnpm/@radix-ui+react-dialog@1.1._664b8f23a65f4708bb5cf27e5ff43c08/node_modules/@radix-ui/react-dialog/src/dialog.tsx:520:30
      at Object.react_stack_bottom_frame (node_modules/.pnpm/react-dom@19.2.0_react@19.2.0/node_modules/react-dom/cjs/react-dom-client.development.js:25989:20)
      at runWithFiberInDEV (node_modules/.pnpm/react-dom@19.2.0_react@19.2.0/node_modules/react-dom/cjs/react-dom-client.development.js:874:13)
      at commitHookEffectListMount (node_modules/.pnpm/react-dom@19.2.0_react@19.2.0/node_modules/react-dom/cjs/react-dom-client.development.js:13249:29)
      at commitHookPassiveMountEffects (node_modules/.pnpm/react-dom@19.2.0_react@19.2.0/node_modules/react-dom/cjs/react-dom-client.development.js:13336:11)
      at commitPassiveMountOnFiber (node_modules/.pnpm/react-dom@19.2.0_react@19.2.0/node_modules/react-dom/cjs/react-dom-client.development.js:15484:13)
      at recursivelyTraversePassiveMountEffects (node_modules/.pnpm/react-dom@19.2.0_react@19.2.0/node_modules/react-dom/cjs/react-dom-client.development.js:15439:11)
      at commitPassiveMountOnFiber (node_modules/.pnpm/react-dom@19.2.0_react@19.2.0/node_modules/react-dom/cjs/react-dom-client.development.js:15718:11)
      at recursivelyTraversePassiveMountEffects (node_modules/.pnpm/react-dom@19.2.0_react@19.2.0/node_modules/react-dom/cjs/react-dom-client.development.js:15439:11)
      at commitPassiveMountOnFiber (node_modules/.pnpm/react-dom@19.2.0_react@19.2.0/node_modules/react-dom/cjs/react-dom-client.development.js:15476:11)
      at recursivelyTraversePassiveMountEffects (node_modules/.pnpm/react-dom@19.2.0_react@19.2.0/node_modules/react-dom/cjs/react-dom-client.development.js:15439:11)
      at commitPassiveMountOnFiber (node_modules/.pnpm/react-dom@19.2.0_react@19.2.0/node_modules/react-dom/cjs/react-dom-client.development.js:15476:11)
      at recursivelyTraversePassiveMountEffects (node_modules/.pnpm/react-dom@19.2.0_react@19.2.0/node_modules/react-dom/cjs/react-dom-client.development.js:15439:11)
      at commitPassiveMountOnFiber (node_modules/.pnpm/react-dom@19.2.0_react@19.2.0/node_modules/react-dom/cjs/react-dom-client.development.js:15476:11)
      at recursivelyTraversePassiveMountEffects (node_modules/.pnpm/react-dom@19.2.0_react@19.2.0/node_modules/react-dom/cjs/react-dom-client.development.js:15439:11)
      at commitPassiveMountOnFiber (node_modules/.pnpm/react-dom@19.2.0_react@19.2.0/node_modules/react-dom/cjs/react-dom-client.development.js:15476:11)
      at recursivelyTraversePassiveMountEffects (node_modules/.pnpm/react-dom@19.2.0_react@19.2.0/node_modules/react-dom/cjs/react-dom-client.development.js:15439:11)
      at commitPassiveMountOnFiber (node_modules/.pnpm/react-dom@19.2.0_react@19.2.0/node_modules/react-dom/cjs/react-dom-client.development.js:15476:11)
      at recursivelyTraversePassiveMountEffects (node_modules/.pnpm/react-dom@19.2.0_react@19.2.0/node_modules/react-dom/cjs/react-dom-client.development.js:15439:11)
      at commitPassiveMountOnFiber (node_modules/.pnpm/react-dom@19.2.0_react@19.2.0/node_modules/react-dom/cjs/react-dom-client.development.js:15476:11)
      at recursivelyTraversePassiveMountEffects (node_modules/.pnpm/react-dom@19.2.0_react@19.2.0/node_modules/react-dom/cjs/react-dom-client.development.js:15439:11)
      at commitPassiveMountOnFiber (node_modules/.pnpm/react-dom@19.2.0_react@19.2.0/node_modules/react-dom/cjs/react-dom-client.development.js:15476:11)
      at recursivelyTraversePassiveMountEffects (node_modules/.pnpm/react-dom@19.2.0_react@19.2.0/node_modules/react-dom/cjs/react-dom-client.development.js:15439:11)
      at commitPassiveMountOnFiber (node_modules/.pnpm/react-dom@19.2.0_react@19.2.0/node_modules/react-dom/cjs/react-dom-client.development.js:15718:11)
      at recursivelyTraversePassiveMountEffects (node_modules/.pnpm/react-dom@19.2.0_react@19.2.0/node_modules/react-dom/cjs/react-dom-client.development.js:15439:11)
      at commitPassiveMountOnFiber (node_modules/.pnpm/react-dom@19.2.0_react@19.2.0/node_modules/react-dom/cjs/react-dom-client.development.js:15476:11)
      at recursivelyTraversePassiveMountEffects (node_modules/.pnpm/react-dom@19.2.0_react@19.2.0/node_modules/react-dom/cjs/react-dom-client.development.js:15439:11)
      at commitPassiveMountOnFiber (node_modules/.pnpm/react-dom@19.2.0_react@19.2.0/node_modules/react-dom/cjs/react-dom-client.development.js:15476:11)
      at recursivelyTraversePassiveMountEffects (node_modules/.pnpm/react-dom@19.2.0_react@19.2.0/node_modules/react-dom/cjs/react-dom-client.development.js:15439:11)
      at commitPassiveMountOnFiber (node_modules/.pnpm/react-dom@19.2.0_react@19.2.0/node_modules/react-dom/cjs/react-dom-client.development.js:15718:11)
      at recursivelyTraversePassiveMountEffects (node_modules/.pnpm/react-dom@19.2.0_react@19.2.0/node_modules/react-dom/cjs/react-dom-client.development.js:15439:11)
      at commitPassiveMountOnFiber (node_modules/.pnpm/react-dom@19.2.0_react@19.2.0/node_modules/react-dom/cjs/react-dom-client.development.js:15476:11)
      at recursivelyTraversePassiveMountEffects (node_modules/.pnpm/react-dom@19.2.0_react@19.2.0/node_modules/react-dom/cjs/react-dom-client.development.js:15439:11)
      at commitPassiveMountOnFiber (node_modules/.pnpm/react-dom@19.2.0_react@19.2.0/node_modules/react-dom/cjs/react-dom-client.development.js:15476:11)
      at recursivelyTraversePassiveMountEffects (node_modules/.pnpm/react-dom@19.2.0_react@19.2.0/node_modules/react-dom/cjs/react-dom-client.development.js:15439:11)
      at commitPassiveMountOnFiber (node_modules/.pnpm/react-dom@19.2.0_react@19.2.0/node_modules/react-dom/cjs/react-dom-client.development.js:15476:11)
      at recursivelyTraversePassiveMountEffects (node_modules/.pnpm/react-dom@19.2.0_react@19.2.0/node_modules/react-dom/cjs/react-dom-client.development.js:15439:11)
      at commitPassiveMountOnFiber (node_modules/.pnpm/react-dom@19.2.0_react@19.2.0/node_modules/react-dom/cjs/react-dom-client.development.js:15718:11)
      at recursivelyTraversePassiveMountEffects (node_modules/.pnpm/react-dom@19.2.0_react@19.2.0/node_modules/react-dom/cjs/react-dom-client.development.js:15439:11)
      at commitPassiveMountOnFiber (node_modules/.pnpm/react-dom@19.2.0_react@19.2.0/node_modules/react-dom/cjs/react-dom-client.development.js:15476:11)
      at recursivelyTraversePassiveMountEffects (node_modules/.pnpm/react-dom@19.2.0_react@19.2.0/node_modules/react-dom/cjs/react-dom-client.development.js:15439:11)
      at commitPassiveMountOnFiber (node_modules/.pnpm/react-dom@19.2.0_react@19.2.0/node_modules/react-dom/cjs/react-dom-client.development.js:15476:11)
      at recursivelyTraversePassiveMountEffects (node_modules/.pnpm/react-dom@19.2.0_react@19.2.0/node_modules/react-dom/cjs/react-dom-client.development.js:15439:11)
      at commitPassiveMountOnFiber (node_modules/.pnpm/react-dom@19.2.0_react@19.2.0/node_modules/react-dom/cjs/react-dom-client.development.js:15476:11)
      at recursivelyTraversePassiveMountEffects (node_modules/.pnpm/react-dom@19.2.0_react@19.2.0/node_modules/react-dom/cjs/react-dom-client.development.js:15439:11)
      at commitPassiveMountOnFiber (node_modules/.pnpm/react-dom@19.2.0_react@19.2.0/node_modules/react-dom/cjs/react-dom-client.development.js:15476:11)
      at recursivelyTraversePassiveMountEffects (node_modules/.pnpm/react-dom@19.2.0_react@19.2.0/node_modules/react-dom/cjs/react-dom-client.development.js:15439:11)
      at commitPassiveMountOnFiber (node_modules/.pnpm/react-dom@19.2.0_react@19.2.0/node_modules/react-dom/cjs/react-dom-client.development.js:15718:11)
      at recursivelyTraversePassiveMountEffects (node_modules/.pnpm/react-dom@19.2.0_react@19.2.0/node_modules/react-dom/cjs/react-dom-client.development.js:15439:11)
      at commitPassiveMountOnFiber (node_modules/.pnpm/react-dom@19.2.0_react@19.2.0/node_modules/react-dom/cjs/react-dom-client.development.js:15476:11)
      at recursivelyTraversePassiveMountEffects (node_modules/.pnpm/react-dom@19.2.0_react@19.2.0/node_modules/react-dom/cjs/react-dom-client.development.js:15439:11)
      at commitPassiveMountOnFiber (node_modules/.pnpm/react-dom@19.2.0_react@19.2.0/node_modules/react-dom/cjs/react-dom-client.development.js:15519:11)
      at flushPassiveEffects (node_modules/.pnpm/react-dom@19.2.0_react@19.2.0/node_modules/react-dom/cjs/react-dom-client.development.js:18432:9)
      at flushPendingEffects (node_modules/.pnpm/react-dom@19.2.0_react@19.2.0/node_modules/react-dom/cjs/react-dom-client.development.js:18358:14)
      at flushSpawnedWork (node_modules/.pnpm/react-dom@19.2.0_react@19.2.0/node_modules/react-dom/cjs/react-dom-client.development.js:18323:44)
      at commitRoot (node_modules/.pnpm/react-dom@19.2.0_react@19.2.0/node_modules/react-dom/cjs/react-dom-client.development.js:17955:9)
      at performWorkOnRoot (node_modules/.pnpm/react-dom@19.2.0_react@19.2.0/node_modules/react-dom/cjs/react-dom-client.development.js:16667:15)
      at performSyncWorkOnRoot (node_modules/.pnpm/react-dom@19.2.0_react@19.2.0/node_modules/react-dom/cjs/react-dom-client.development.js:18972:7)
      at flushSyncWorkAcrossRoots_impl (node_modules/.pnpm/react-dom@19.2.0_react@19.2.0/node_modules/react-dom/cjs/react-dom-client.development.js:18814:21)
      at processRootScheduleInMicrotask (node_modules/.pnpm/react-dom@19.2.0_react@19.2.0/node_modules/react-dom/cjs/react-dom-client.development.js:18853:9)
      at node_modules/.pnpm/react-dom@19.2.0_react@19.2.0/node_modules/react-dom/cjs/react-dom-client.development.js:18982:11
      at flushActQueue (node_modules/.pnpm/react@19.2.0/node_modules/react/cjs/react.development.js:590:34)
      at process.env.NODE_ENV.exports.act (node_modules/.pnpm/react@19.2.0/node_modules/react/cjs/react.development.js:884:10)
      at node_modules/.pnpm/@testing-library+react@16.3_15d474de7481bb0af842c1b1705139a8/node_modules/@testing-library/react/dist/act-compat.js:47:25
      at Object.eventWrapper (node_modules/.pnpm/@testing-library+react@16.3_15d474de7481bb0af842c1b1705139a8/node_modules/@testing-library/react/dist/pure.js:107:28)
      at Object.wrapEvent (node_modules/.pnpm/@testing-library+user-event_1ca100c7362ccf0b1358603d616c282d/node_modules/@testing-library/user-event/dist/cjs/event/wrapEvent.js:6:28)
      at Object.dispatchEvent (node_modules/.pnpm/@testing-library+user-event_1ca100c7362ccf0b1358603d616c282d/node_modules/@testing-library/user-event/dist/cjs/event/dispatchEvent.js:45:22)
      at Object.dispatchUIEvent (node_modules/.pnpm/@testing-library+user-event_1ca100c7362ccf0b1358603d616c282d/node_modules/@testing-library/user-event/dist/cjs/event/dispatchEvent.js:22:26)
      at Mouse.up (node_modules/.pnpm/@testing-library+user-event_1ca100c7362ccf0b1358603d616c282d/node_modules/@testing-library/user-event/dist/cjs/system/pointer/mouse.js:100:30)
      at PointerHost.release (node_modules/.pnpm/@testing-library+user-event_1ca100c7362ccf0b1358603d616c282d/node_modules/@testing-library/user-event/dist/cjs/system/pointer/index.js:87:24)
      at pointerAction (node_modules/.pnpm/@testing-library+user-event_1ca100c7362ccf0b1358603d616c282d/node_modules/@testing-library/user-event/dist/cjs/pointer/index.js:54:47)
      at Object.pointer (node_modules/.pnpm/@testing-library+user-event_1ca100c7362ccf0b1358603d616c282d/node_modules/@testing-library/user-event/dist/cjs/pointer/index.js:27:9)
      at Object.asyncWrapper (node_modules/.pnpm/@testing-library+react@16.3_15d474de7481bb0af842c1b1705139a8/node_modules/@testing-library/react/dist/pure.js:88:22)
      at Object.<anonymous> (src/__tests__/pages/index.test.tsx:204:7)

    console.warn
      Warning: Missing `Description` or `aria-describedby={undefined}` for {DialogContent}.

    [0m [90m 202 |[39m
     [90m 203 |[39m       [36mconst[39m getStartedButtons [33m=[39m screen[33m.[39mgetAllByText([32m'Get Started Free'[39m)[33m;[39m
    [31m[1m>[22m[39m[90m 204 |[39m       [36mawait[39m user[33m.[39mclick(getStartedButtons[[35m0[39m])[33m;[39m
     [90m     |[39m       [31m[1m^[22m[39m
     [90m 205 |[39m
     [90m 206 |[39m       [90m// Modal should open - check for modal title[39m
     [90m 207 |[39m       [36mawait[39m waitFor(() [33m=>[39m {[0m

      at node_modules/.pnpm/@radix-ui+react-dialog@1.1._664b8f23a65f4708bb5cf27e5ff43c08/node_modules/@radix-ui/react-dialog/src/dialog.tsx:543:36
      at Object.react_stack_bottom_frame (node_modules/.pnpm/react-dom@19.2.0_react@19.2.0/node_modules/react-dom/cjs/react-dom-client.development.js:25989:20)
      at runWithFiberInDEV (node_modules/.pnpm/react-dom@19.2.0_react@19.2.0/node_modules/react-dom/cjs/react-dom-client.development.js:874:13)
      at commitHookEffectListMount (node_modules/.pnpm/react-dom@19.2.0_react@19.2.0/node_modules/react-dom/cjs/react-dom-client.development.js:13249:29)
      at commitHookPassiveMountEffects (node_modules/.pnpm/react-dom@19.2.0_react@19.2.0/node_modules/react-dom/cjs/react-dom-client.development.js:13336:11)
      at commitPassiveMountOnFiber (node_modules/.pnpm/react-dom@19.2.0_react@19.2.0/node_modules/react-dom/cjs/react-dom-client.development.js:15484:13)
      at recursivelyTraversePassiveMountEffects (node_modules/.pnpm/react-dom@19.2.0_react@19.2.0/node_modules/react-dom/cjs/react-dom-client.development.js:15439:11)
      at commitPassiveMountOnFiber (node_modules/.pnpm/react-dom@19.2.0_react@19.2.0/node_modules/react-dom/cjs/react-dom-client.development.js:15718:11)
      at recursivelyTraversePassiveMountEffects (node_modules/.pnpm/react-dom@19.2.0_react@19.2.0/node_modules/react-dom/cjs/react-dom-client.development.js:15439:11)
      at commitPassiveMountOnFiber (node_modules/.pnpm/react-dom@19.2.0_react@19.2.0/node_modules/react-dom/cjs/react-dom-client.development.js:15476:11)
      at recursivelyTraversePassiveMountEffects (node_modules/.pnpm/react-dom@19.2.0_react@19.2.0/node_modules/react-dom/cjs/react-dom-client.development.js:15439:11)
      at commitPassiveMountOnFiber (node_modules/.pnpm/react-dom@19.2.0_react@19.2.0/node_modules/react-dom/cjs/react-dom-client.development.js:15476:11)
      at recursivelyTraversePassiveMountEffects (node_modules/.pnpm/react-dom@19.2.0_react@19.2.0/node_modules/react-dom/cjs/react-dom-client.development.js:15439:11)
      at commitPassiveMountOnFiber (node_modules/.pnpm/react-dom@19.2.0_react@19.2.0/node_modules/react-dom/cjs/react-dom-client.development.js:15476:11)
      at recursivelyTraversePassiveMountEffects (node_modules/.pnpm/react-dom@19.2.0_react@19.2.0/node_modules/react-dom/cjs/react-dom-client.development.js:15439:11)
      at commitPassiveMountOnFiber (node_modules/.pnpm/react-dom@19.2.0_react@19.2.0/node_modules/react-dom/cjs/react-dom-client.development.js:15476:11)
      at recursivelyTraversePassiveMountEffects (node_modules/.pnpm/react-dom@19.2.0_react@19.2.0/node_modules/react-dom/cjs/react-dom-client.development.js:15439:11)
      at commitPassiveMountOnFiber (node_modules/.pnpm/react-dom@19.2.0_react@19.2.0/node_modules/react-dom/cjs/react-dom-client.development.js:15476:11)
      at recursivelyTraversePassiveMountEffects (node_modules/.pnpm/react-dom@19.2.0_react@19.2.0/node_modules/react-dom/cjs/react-dom-client.development.js:15439:11)
      at commitPassiveMountOnFiber (node_modules/.pnpm/react-dom@19.2.0_react@19.2.0/node_modules/react-dom/cjs/react-dom-client.development.js:15476:11)
      at recursivelyTraversePassiveMountEffects (node_modules/.pnpm/react-dom@19.2.0_react@19.2.0/node_modules/react-dom/cjs/react-dom-client.development.js:15439:11)
      at commitPassiveMountOnFiber (node_modules/.pnpm/react-dom@19.2.0_react@19.2.0/node_modules/react-dom/cjs/react-dom-client.development.js:15476:11)
      at recursivelyTraversePassiveMountEffects (node_modules/.pnpm/react-dom@19.2.0_react@19.2.0/node_modules/react-dom/cjs/react-dom-client.development.js:15439:11)
      at commitPassiveMountOnFiber (node_modules/.pnpm/react-dom@19.2.0_react@19.2.0/node_modules/react-dom/cjs/react-dom-client.development.js:15718:11)
      at recursivelyTraversePassiveMountEffects (node_modules/.pnpm/react-dom@19.2.0_react@19.2.0/node_modules/react-dom/cjs/react-dom-client.development.js:15439:11)
      at commitPassiveMountOnFiber (node_modules/.pnpm/react-dom@19.2.0_react@19.2.0/node_modules/react-dom/cjs/react-dom-client.development.js:15476:11)
      at recursivelyTraversePassiveMountEffects (node_modules/.pnpm/react-dom@19.2.0_react@19.2.0/node_modules/react-dom/cjs/react-dom-client.development.js:15439:11)
      at commitPassiveMountOnFiber (node_modules/.pnpm/react-dom@19.2.0_react@19.2.0/node_modules/react-dom/cjs/react-dom-client.development.js:15476:11)
      at recursivelyTraversePassiveMountEffects (node_modules/.pnpm/react-dom@19.2.0_react@19.2.0/node_modules/react-dom/cjs/react-dom-client.development.js:15439:11)
      at commitPassiveMountOnFiber (node_modules/.pnpm/react-dom@19.2.0_react@19.2.0/node_modules/react-dom/cjs/react-dom-client.development.js:15718:11)
      at recursivelyTraversePassiveMountEffects (node_modules/.pnpm/react-dom@19.2.0_react@19.2.0/node_modules/react-dom/cjs/react-dom-client.development.js:15439:11)
      at commitPassiveMountOnFiber (node_modules/.pnpm/react-dom@19.2.0_react@19.2.0/node_modules/react-dom/cjs/react-dom-client.development.js:15476:11)
      at recursivelyTraversePassiveMountEffects (node_modules/.pnpm/react-dom@19.2.0_react@19.2.0/node_modules/react-dom/cjs/react-dom-client.development.js:15439:11)
      at commitPassiveMountOnFiber (node_modules/.pnpm/react-dom@19.2.0_react@19.2.0/node_modules/react-dom/cjs/react-dom-client.development.js:15476:11)
      at recursivelyTraversePassiveMountEffects (node_modules/.pnpm/react-dom@19.2.0_react@19.2.0/node_modules/react-dom/cjs/react-dom-client.development.js:15439:11)
      at commitPassiveMountOnFiber (node_modules/.pnpm/react-dom@19.2.0_react@19.2.0/node_modules/react-dom/cjs/react-dom-client.development.js:15476:11)
      at recursivelyTraversePassiveMountEffects (node_modules/.pnpm/react-dom@19.2.0_react@19.2.0/node_modules/react-dom/cjs/react-dom-client.development.js:15439:11)
      at commitPassiveMountOnFiber (node_modules/.pnpm/react-dom@19.2.0_react@19.2.0/node_modules/react-dom/cjs/react-dom-client.development.js:15718:11)
      at recursivelyTraversePassiveMountEffects (node_modules/.pnpm/react-dom@19.2.0_react@19.2.0/node_modules/react-dom/cjs/react-dom-client.development.js:15439:11)
      at commitPassiveMountOnFiber (node_modules/.pnpm/react-dom@19.2.0_react@19.2.0/node_modules/react-dom/cjs/react-dom-client.development.js:15476:11)
      at recursivelyTraversePassiveMountEffects (node_modules/.pnpm/react-dom@19.2.0_react@19.2.0/node_modules/react-dom/cjs/react-dom-client.development.js:15439:11)
      at commitPassiveMountOnFiber (node_modules/.pnpm/react-dom@19.2.0_react@19.2.0/node_modules/react-dom/cjs/react-dom-client.development.js:15476:11)
      at recursivelyTraversePassiveMountEffects (node_modules/.pnpm/react-dom@19.2.0_react@19.2.0/node_modules/react-dom/cjs/react-dom-client.development.js:15439:11)
      at commitPassiveMountOnFiber (node_modules/.pnpm/react-dom@19.2.0_react@19.2.0/node_modules/react-dom/cjs/react-dom-client.development.js:15476:11)
      at recursivelyTraversePassiveMountEffects (node_modules/.pnpm/react-dom@19.2.0_react@19.2.0/node_modules/react-dom/cjs/react-dom-client.development.js:15439:11)
      at commitPassiveMountOnFiber (node_modules/.pnpm/react-dom@19.2.0_react@19.2.0/node_modules/react-dom/cjs/react-dom-client.development.js:15476:11)
      at recursivelyTraversePassiveMountEffects (node_modules/.pnpm/react-dom@19.2.0_react@19.2.0/node_modules/react-dom/cjs/react-dom-client.development.js:15439:11)
      at commitPassiveMountOnFiber (node_modules/.pnpm/react-dom@19.2.0_react@19.2.0/node_modules/react-dom/cjs/react-dom-client.development.js:15718:11)
      at recursivelyTraversePassiveMountEffects (node_modules/.pnpm/react-dom@19.2.0_react@19.2.0/node_modules/react-dom/cjs/react-dom-client.development.js:15439:11)
      at commitPassiveMountOnFiber (node_modules/.pnpm/react-dom@19.2.0_react@19.2.0/node_modules/react-dom/cjs/react-dom-client.development.js:15476:11)
      at recursivelyTraversePassiveMountEffects (node_modules/.pnpm/react-dom@19.2.0_react@19.2.0/node_modules/react-dom/cjs/react-dom-client.development.js:15439:11)
      at commitPassiveMountOnFiber (node_modules/.pnpm/react-dom@19.2.0_react@19.2.0/node_modules/react-dom/cjs/react-dom-client.development.js:15519:11)
      at flushPassiveEffects (node_modules/.pnpm/react-dom@19.2.0_react@19.2.0/node_modules/react-dom/cjs/react-dom-client.development.js:18432:9)
      at flushPendingEffects (node_modules/.pnpm/react-dom@19.2.0_react@19.2.0/node_modules/react-dom/cjs/react-dom-client.development.js:18358:14)
      at flushSpawnedWork (node_modules/.pnpm/react-dom@19.2.0_react@19.2.0/node_modules/react-dom/cjs/react-dom-client.development.js:18323:44)
      at commitRoot (node_modules/.pnpm/react-dom@19.2.0_react@19.2.0/node_modules/react-dom/cjs/react-dom-client.development.js:17955:9)
      at performWorkOnRoot (node_modules/.pnpm/react-dom@19.2.0_react@19.2.0/node_modules/react-dom/cjs/react-dom-client.development.js:16667:15)
      at performSyncWorkOnRoot (node_modules/.pnpm/react-dom@19.2.0_react@19.2.0/node_modules/react-dom/cjs/react-dom-client.development.js:18972:7)
      at flushSyncWorkAcrossRoots_impl (node_modules/.pnpm/react-dom@19.2.0_react@19.2.0/node_modules/react-dom/cjs/react-dom-client.development.js:18814:21)
      at processRootScheduleInMicrotask (node_modules/.pnpm/react-dom@19.2.0_react@19.2.0/node_modules/react-dom/cjs/react-dom-client.development.js:18853:9)
      at node_modules/.pnpm/react-dom@19.2.0_react@19.2.0/node_modules/react-dom/cjs/react-dom-client.development.js:18982:11
      at flushActQueue (node_modules/.pnpm/react@19.2.0/node_modules/react/cjs/react.development.js:590:34)
      at process.env.NODE_ENV.exports.act (node_modules/.pnpm/react@19.2.0/node_modules/react/cjs/react.development.js:884:10)
      at node_modules/.pnpm/@testing-library+react@16.3_15d474de7481bb0af842c1b1705139a8/node_modules/@testing-library/react/dist/act-compat.js:47:25
      at Object.eventWrapper (node_modules/.pnpm/@testing-library+react@16.3_15d474de7481bb0af842c1b1705139a8/node_modules/@testing-library/react/dist/pure.js:107:28)
      at Object.wrapEvent (node_modules/.pnpm/@testing-library+user-event_1ca100c7362ccf0b1358603d616c282d/node_modules/@testing-library/user-event/dist/cjs/event/wrapEvent.js:6:28)
      at Object.dispatchEvent (node_modules/.pnpm/@testing-library+user-event_1ca100c7362ccf0b1358603d616c282d/node_modules/@testing-library/user-event/dist/cjs/event/dispatchEvent.js:45:22)
      at Object.dispatchUIEvent (node_modules/.pnpm/@testing-library+user-event_1ca100c7362ccf0b1358603d616c282d/node_modules/@testing-library/user-event/dist/cjs/event/dispatchEvent.js:22:26)
      at Mouse.up (node_modules/.pnpm/@testing-library+user-event_1ca100c7362ccf0b1358603d616c282d/node_modules/@testing-library/user-event/dist/cjs/system/pointer/mouse.js:100:30)
      at PointerHost.release (node_modules/.pnpm/@testing-library+user-event_1ca100c7362ccf0b1358603d616c282d/node_modules/@testing-library/user-event/dist/cjs/system/pointer/index.js:87:24)
      at pointerAction (node_modules/.pnpm/@testing-library+user-event_1ca100c7362ccf0b1358603d616c282d/node_modules/@testing-library/user-event/dist/cjs/pointer/index.js:54:47)
      at Object.pointer (node_modules/.pnpm/@testing-library+user-event_1ca100c7362ccf0b1358603d616c282d/node_modules/@testing-library/user-event/dist/cjs/pointer/index.js:27:9)
      at Object.asyncWrapper (node_modules/.pnpm/@testing-library+react@16.3_15d474de7481bb0af842c1b1705139a8/node_modules/@testing-library/react/dist/pure.js:88:22)
      at Object.<anonymous> (src/__tests__/pages/index.test.tsx:204:7)

    console.error
      `DialogContent` requires a `DialogTitle` for the component to be accessible for screen reader users.
      
      If you want to hide the `DialogTitle`, you can wrap it with our VisuallyHidden component.
      
      For more information, see https://radix-ui.com/primitives/docs/components/dialog

    [0m [90m 373 |[39m       [36mreturn[39m[33m;[39m
     [90m 374 |[39m     }
    [31m[1m>[22m[39m[90m 375 |[39m     originalError[33m.[39mcall(console[33m,[39m [33m...[39margs)[33m;[39m
     [90m     |[39m                   [31m[1m^[22m[39m
     [90m 376 |[39m   }[33m;[39m
     [90m 377 |[39m })[33m;[39m
     [90m 378 |[39m[0m

      at console.call [as error] (jest.setup.js:375:19)
      at node_modules/.pnpm/@radix-ui+react-dialog@1.1._664b8f23a65f4708bb5cf27e5ff43c08/node_modules/@radix-ui/react-dialog/src/dialog.tsx:520:30
      at Object.react_stack_bottom_frame (node_modules/.pnpm/react-dom@19.2.0_react@19.2.0/node_modules/react-dom/cjs/react-dom-client.development.js:25989:20)
      at runWithFiberInDEV (node_modules/.pnpm/react-dom@19.2.0_react@19.2.0/node_modules/react-dom/cjs/react-dom-client.development.js:874:13)
      at commitHookEffectListMount (node_modules/.pnpm/react-dom@19.2.0_react@19.2.0/node_modules/react-dom/cjs/react-dom-client.development.js:13249:29)
      at commitHookPassiveMountEffects (node_modules/.pnpm/react-dom@19.2.0_react@19.2.0/node_modules/react-dom/cjs/react-dom-client.development.js:13336:11)
      at commitPassiveMountOnFiber (node_modules/.pnpm/react-dom@19.2.0_react@19.2.0/node_modules/react-dom/cjs/react-dom-client.development.js:15484:13)
      at recursivelyTraversePassiveMountEffects (node_modules/.pnpm/react-dom@19.2.0_react@19.2.0/node_modules/react-dom/cjs/react-dom-client.development.js:15439:11)
      at commitPassiveMountOnFiber (node_modules/.pnpm/react-dom@19.2.0_react@19.2.0/node_modules/react-dom/cjs/react-dom-client.development.js:15718:11)
      at recursivelyTraversePassiveMountEffects (node_modules/.pnpm/react-dom@19.2.0_react@19.2.0/node_modules/react-dom/cjs/react-dom-client.development.js:15439:11)
      at commitPassiveMountOnFiber (node_modules/.pnpm/react-dom@19.2.0_react@19.2.0/node_modules/react-dom/cjs/react-dom-client.development.js:15476:11)
      at recursivelyTraversePassiveMountEffects (node_modules/.pnpm/react-dom@19.2.0_react@19.2.0/node_modules/react-dom/cjs/react-dom-client.development.js:15439:11)
      at commitPassiveMountOnFiber (node_modules/.pnpm/react-dom@19.2.0_react@19.2.0/node_modules/react-dom/cjs/react-dom-client.development.js:15476:11)
      at recursivelyTraversePassiveMountEffects (node_modules/.pnpm/react-dom@19.2.0_react@19.2.0/node_modules/react-dom/cjs/react-dom-client.development.js:15439:11)
      at commitPassiveMountOnFiber (node_modules/.pnpm/react-dom@19.2.0_react@19.2.0/node_modules/react-dom/cjs/react-dom-client.development.js:15476:11)
      at recursivelyTraversePassiveMountEffects (node_modules/.pnpm/react-dom@19.2.0_react@19.2.0/node_modules/react-dom/cjs/react-dom-client.development.js:15439:11)
      at commitPassiveMountOnFiber (node_modules/.pnpm/react-dom@19.2.0_react@19.2.0/node_modules/react-dom/cjs/react-dom-client.development.js:15476:11)
      at recursivelyTraversePassiveMountEffects (node_modules/.pnpm/react-dom@19.2.0_react@19.2.0/node_modules/react-dom/cjs/react-dom-client.development.js:15439:11)
      at commitPassiveMountOnFiber (node_modules/.pnpm/react-dom@19.2.0_react@19.2.0/node_modules/react-dom/cjs/react-dom-client.development.js:15476:11)
      at recursivelyTraversePassiveMountEffects (node_modules/.pnpm/react-dom@19.2.0_react@19.2.0/node_modules/react-dom/cjs/react-dom-client.development.js:15439:11)
      at commitPassiveMountOnFiber (node_modules/.pnpm/react-dom@19.2.0_react@19.2.0/node_modules/react-dom/cjs/react-dom-client.development.js:15476:11)
      at recursivelyTraversePassiveMountEffects (node_modules/.pnpm/react-dom@19.2.0_react@19.2.0/node_modules/react-dom/cjs/react-dom-client.development.js:15439:11)
      at commitPassiveMountOnFiber (node_modules/.pnpm/react-dom@19.2.0_react@19.2.0/node_modules/react-dom/cjs/react-dom-client.development.js:15476:11)
      at recursivelyTraversePassiveMountEffects (node_modules/.pnpm/react-dom@19.2.0_react@19.2.0/node_modules/react-dom/cjs/react-dom-client.development.js:15439:11)
      at commitPassiveMountOnFiber (node_modules/.pnpm/react-dom@19.2.0_react@19.2.0/node_modules/react-dom/cjs/react-dom-client.development.js:15718:11)
      at recursivelyTraversePassiveMountEffects (node_modules/.pnpm/react-dom@19.2.0_react@19.2.0/node_modules/react-dom/cjs/react-dom-client.development.js:15439:11)
      at commitPassiveMountOnFiber (node_modules/.pnpm/react-dom@19.2.0_react@19.2.0/node_modules/react-dom/cjs/react-dom-client.development.js:15476:11)
      at recursivelyTraversePassiveMountEffects (node_modules/.pnpm/react-dom@19.2.0_react@19.2.0/node_modules/react-dom/cjs/react-dom-client.development.js:15439:11)
      at commitPassiveMountOnFiber (node_modules/.pnpm/react-dom@19.2.0_react@19.2.0/node_modules/react-dom/cjs/react-dom-client.development.js:15476:11)
      at recursivelyTraversePassiveMountEffects (node_modules/.pnpm/react-dom@19.2.0_react@19.2.0/node_modules/react-dom/cjs/react-dom-client.development.js:15439:11)
      at commitPassiveMountOnFiber (node_modules/.pnpm/react-dom@19.2.0_react@19.2.0/node_modules/react-dom/cjs/react-dom-client.development.js:15718:11)
      at recursivelyTraversePassiveMountEffects (node_modules/.pnpm/react-dom@19.2.0_react@19.2.0/node_modules/react-dom/cjs/react-dom-client.development.js:15439:11)
      at commitPassiveMountOnFiber (node_modules/.pnpm/react-dom@19.2.0_react@19.2.0/node_modules/react-dom/cjs/react-dom-client.development.js:15476:11)
      at recursivelyTraversePassiveMountEffects (node_modules/.pnpm/react-dom@19.2.0_react@19.2.0/node_modules/react-dom/cjs/react-dom-client.development.js:15439:11)
      at commitPassiveMountOnFiber (node_modules/.pnpm/react-dom@19.2.0_react@19.2.0/node_modules/react-dom/cjs/react-dom-client.development.js:15476:11)
      at recursivelyTraversePassiveMountEffects (node_modules/.pnpm/react-dom@19.2.0_react@19.2.0/node_modules/react-dom/cjs/react-dom-client.development.js:15439:11)
      at commitPassiveMountOnFiber (node_modules/.pnpm/react-dom@19.2.0_react@19.2.0/node_modules/react-dom/cjs/react-dom-client.development.js:15476:11)
      at recursivelyTraversePassiveMountEffects (node_modules/.pnpm/react-dom@19.2.0_react@19.2.0/node_modules/react-dom/cjs/react-dom-client.development.js:15439:11)
      at commitPassiveMountOnFiber (node_modules/.pnpm/react-dom@19.2.0_react@19.2.0/node_modules/react-dom/cjs/react-dom-client.development.js:15718:11)
      at recursivelyTraversePassiveMountEffects (node_modules/.pnpm/react-dom@19.2.0_react@19.2.0/node_modules/react-dom/cjs/react-dom-client.development.js:15439:11)
      at commitPassiveMountOnFiber (node_modules/.pnpm/react-dom@19.2.0_react@19.2.0/node_modules/react-dom/cjs/react-dom-client.development.js:15476:11)
      at recursivelyTraversePassiveMountEffects (node_modules/.pnpm/react-dom@19.2.0_react@19.2.0/node_modules/react-dom/cjs/react-dom-client.development.js:15439:11)
      at commitPassiveMountOnFiber (node_modules/.pnpm/react-dom@19.2.0_react@19.2.0/node_modules/react-dom/cjs/react-dom-client.development.js:15476:11)
      at recursivelyTraversePassiveMountEffects (node_modules/.pnpm/react-dom@19.2.0_react@19.2.0/node_modules/react-dom/cjs/react-dom-client.development.js:15439:11)
      at commitPassiveMountOnFiber (node_modules/.pnpm/react-dom@19.2.0_react@19.2.0/node_modules/react-dom/cjs/react-dom-client.development.js:15476:11)
      at recursivelyTraversePassiveMountEffects (node_modules/.pnpm/react-dom@19.2.0_react@19.2.0/node_modules/react-dom/cjs/react-dom-client.development.js:15439:11)
      at commitPassiveMountOnFiber (node_modules/.pnpm/react-dom@19.2.0_react@19.2.0/node_modules/react-dom/cjs/react-dom-client.development.js:15476:11)
      at recursivelyTraversePassiveMountEffects (node_modules/.pnpm/react-dom@19.2.0_react@19.2.0/node_modules/react-dom/cjs/react-dom-client.development.js:15439:11)
      at commitPassiveMountOnFiber (node_modules/.pnpm/react-dom@19.2.0_react@19.2.0/node_modules/react-dom/cjs/react-dom-client.development.js:15718:11)
      at recursivelyTraversePassiveMountEffects (node_modules/.pnpm/react-dom@19.2.0_react@19.2.0/node_modules/react-dom/cjs/react-dom-client.development.js:15439:11)
      at commitPassiveMountOnFiber (node_modules/.pnpm/react-dom@19.2.0_react@19.2.0/node_modules/react-dom/cjs/react-dom-client.development.js:15476:11)
      at recursivelyTraversePassiveMountEffects (node_modules/.pnpm/react-dom@19.2.0_react@19.2.0/node_modules/react-dom/cjs/react-dom-client.development.js:15439:11)
      at commitPassiveMountOnFiber (node_modules/.pnpm/react-dom@19.2.0_react@19.2.0/node_modules/react-dom/cjs/react-dom-client.development.js:15519:11)
      at flushPassiveEffects (node_modules/.pnpm/react-dom@19.2.0_react@19.2.0/node_modules/react-dom/cjs/react-dom-client.development.js:18432:9)
      at flushPendingEffects (node_modules/.pnpm/react-dom@19.2.0_react@19.2.0/node_modules/react-dom/cjs/react-dom-client.development.js:18358:14)
      at flushSpawnedWork (node_modules/.pnpm/react-dom@19.2.0_react@19.2.0/node_modules/react-dom/cjs/react-dom-client.development.js:18323:44)
      at commitRoot (node_modules/.pnpm/react-dom@19.2.0_react@19.2.0/node_modules/react-dom/cjs/react-dom-client.development.js:17955:9)
      at performWorkOnRoot (node_modules/.pnpm/react-dom@19.2.0_react@19.2.0/node_modules/react-dom/cjs/react-dom-client.development.js:16667:15)
      at performSyncWorkOnRoot (node_modules/.pnpm/react-dom@19.2.0_react@19.2.0/node_modules/react-dom/cjs/react-dom-client.development.js:18972:7)
      at flushSyncWorkAcrossRoots_impl (node_modules/.pnpm/react-dom@19.2.0_react@19.2.0/node_modules/react-dom/cjs/react-dom-client.development.js:18814:21)
      at processRootScheduleInMicrotask (node_modules/.pnpm/react-dom@19.2.0_react@19.2.0/node_modules/react-dom/cjs/react-dom-client.development.js:18853:9)
      at node_modules/.pnpm/react-dom@19.2.0_react@19.2.0/node_modules/react-dom/cjs/react-dom-client.development.js:18982:11
      at flushActQueue (node_modules/.pnpm/react@19.2.0/node_modules/react/cjs/react.development.js:590:34)
      at process.env.NODE_ENV.exports.act (node_modules/.pnpm/react@19.2.0/node_modules/react/cjs/react.development.js:884:10)
      at node_modules/.pnpm/@testing-library+react@16.3_15d474de7481bb0af842c1b1705139a8/node_modules/@testing-library/react/dist/act-compat.js:47:25
      at Object.eventWrapper (node_modules/.pnpm/@testing-library+react@16.3_15d474de7481bb0af842c1b1705139a8/node_modules/@testing-library/react/dist/pure.js:107:28)
      at Object.wrapEvent (node_modules/.pnpm/@testing-library+user-event_1ca100c7362ccf0b1358603d616c282d/node_modules/@testing-library/user-event/dist/cjs/event/wrapEvent.js:6:28)
      at Object.dispatchEvent (node_modules/.pnpm/@testing-library+user-event_1ca100c7362ccf0b1358603d616c282d/node_modules/@testing-library/user-event/dist/cjs/event/dispatchEvent.js:45:22)
      at Object.dispatchUIEvent (node_modules/.pnpm/@testing-library+user-event_1ca100c7362ccf0b1358603d616c282d/node_modules/@testing-library/user-event/dist/cjs/event/dispatchEvent.js:22:26)
      at Mouse.up (node_modules/.pnpm/@testing-library+user-event_1ca100c7362ccf0b1358603d616c282d/node_modules/@testing-library/user-event/dist/cjs/system/pointer/mouse.js:100:30)
      at PointerHost.release (node_modules/.pnpm/@testing-library+user-event_1ca100c7362ccf0b1358603d616c282d/node_modules/@testing-library/user-event/dist/cjs/system/pointer/index.js:87:24)
      at pointerAction (node_modules/.pnpm/@testing-library+user-event_1ca100c7362ccf0b1358603d616c282d/node_modules/@testing-library/user-event/dist/cjs/pointer/index.js:54:47)
      at Object.pointer (node_modules/.pnpm/@testing-library+user-event_1ca100c7362ccf0b1358603d616c282d/node_modules/@testing-library/user-event/dist/cjs/pointer/index.js:27:9)
      at Object.asyncWrapper (node_modules/.pnpm/@testing-library+react@16.3_15d474de7481bb0af842c1b1705139a8/node_modules/@testing-library/react/dist/pure.js:88:22)
      at Object.<anonymous> (src/__tests__/pages/index.test.tsx:221:7)

    console.warn
      Warning: Missing `Description` or `aria-describedby={undefined}` for {DialogContent}.

    [0m [90m 219 |[39m
     [90m 220 |[39m       [36mconst[39m getStartedButtons [33m=[39m screen[33m.[39mgetAllByText([32m'Get Started Free'[39m)[33m;[39m
    [31m[1m>[22m[39m[90m 221 |[39m       [36mawait[39m user[33m.[39mclick(getStartedButtons[[35m0[39m])[33m;[39m
     [90m     |[39m       [31m[1m^[22m[39m
     [90m 222 |[39m
     [90m 223 |[39m       [36mawait[39m waitFor(() [33m=>[39m {
     [90m 224 |[39m         expect(screen[33m.[39mgetByText([32m'Sign In to MeepleAI'[39m))[33m.[39mtoBeInTheDocument()[33m;[39m[0m

      at node_modules/.pnpm/@radix-ui+react-dialog@1.1._664b8f23a65f4708bb5cf27e5ff43c08/node_modules/@radix-ui/react-dialog/src/dialog.tsx:543:36
      at Object.react_stack_bottom_frame (node_modules/.pnpm/react-dom@19.2.0_react@19.2.0/node_modules/react-dom/cjs/react-dom-client.development.js:25989:20)
      at runWithFiberInDEV (node_modules/.pnpm/react-dom@19.2.0_react@19.2.0/node_modules/react-dom/cjs/react-dom-client.development.js:874:13)
      at commitHookEffectListMount (node_modules/.pnpm/react-dom@19.2.0_react@19.2.0/node_modules/react-dom/cjs/react-dom-client.development.js:13249:29)
      at commitHookPassiveMountEffects (node_modules/.pnpm/react-dom@19.2.0_react@19.2.0/node_modules/react-dom/cjs/react-dom-client.development.js:13336:11)
      at commitPassiveMountOnFiber (node_modules/.pnpm/react-dom@19.2.0_react@19.2.0/node_modules/react-dom/cjs/react-dom-client.development.js:15484:13)
      at recursivelyTraversePassiveMountEffects (node_modules/.pnpm/react-dom@19.2.0_react@19.2.0/node_modules/react-dom/cjs/react-dom-client.development.js:15439:11)
      at commitPassiveMountOnFiber (node_modules/.pnpm/react-dom@19.2.0_react@19.2.0/node_modules/react-dom/cjs/react-dom-client.development.js:15718:11)
      at recursivelyTraversePassiveMountEffects (node_modules/.pnpm/react-dom@19.2.0_react@19.2.0/node_modules/react-dom/cjs/react-dom-client.development.js:15439:11)
      at commitPassiveMountOnFiber (node_modules/.pnpm/react-dom@19.2.0_react@19.2.0/node_modules/react-dom/cjs/react-dom-client.development.js:15476:11)
      at recursivelyTraversePassiveMountEffects (node_modules/.pnpm/react-dom@19.2.0_react@19.2.0/node_modules/react-dom/cjs/react-dom-client.development.js:15439:11)
      at commitPassiveMountOnFiber (node_modules/.pnpm/react-dom@19.2.0_react@19.2.0/node_modules/react-dom/cjs/react-dom-client.development.js:15476:11)
      at recursivelyTraversePassiveMountEffects (node_modules/.pnpm/react-dom@19.2.0_react@19.2.0/node_modules/react-dom/cjs/react-dom-client.development.js:15439:11)
      at commitPassiveMountOnFiber (node_modules/.pnpm/react-dom@19.2.0_react@19.2.0/node_modules/react-dom/cjs/react-dom-client.development.js:15476:11)
      at recursivelyTraversePassiveMountEffects (node_modules/.pnpm/react-dom@19.2.0_react@19.2.0/node_modules/react-dom/cjs/react-dom-client.development.js:15439:11)
      at commitPassiveMountOnFiber (node_modules/.pnpm/react-dom@19.2.0_react@19.2.0/node_modules/react-dom/cjs/react-dom-client.development.js:15476:11)
      at recursivelyTraversePassiveMountEffects (node_modules/.pnpm/react-dom@19.2.0_react@19.2.0/node_modules/react-dom/cjs/react-dom-client.development.js:15439:11)
      at commitPassiveMountOnFiber (node_modules/.pnpm/react-dom@19.2.0_react@19.2.0/node_modules/react-dom/cjs/react-dom-client.development.js:15476:11)
      at recursivelyTraversePassiveMountEffects (node_modules/.pnpm/react-dom@19.2.0_react@19.2.0/node_modules/react-dom/cjs/react-dom-client.development.js:15439:11)
      at commitPassiveMountOnFiber (node_modules/.pnpm/react-dom@19.2.0_react@19.2.0/node_modules/react-dom/cjs/react-dom-client.development.js:15476:11)
      at recursivelyTraversePassiveMountEffects (node_modules/.pnpm/react-dom@19.2.0_react@19.2.0/node_modules/react-dom/cjs/react-dom-client.development.js:15439:11)
      at commitPassiveMountOnFiber (node_modules/.pnpm/react-dom@19.2.0_react@19.2.0/node_modules/react-dom/cjs/react-dom-client.development.js:15476:11)
      at recursivelyTraversePassiveMountEffects (node_modules/.pnpm/react-dom@19.2.0_react@19.2.0/node_modules/react-dom/cjs/react-dom-client.development.js:15439:11)
      at commitPassiveMountOnFiber (node_modules/.pnpm/react-dom@19.2.0_react@19.2.0/node_modules/react-dom/cjs/react-dom-client.development.js:15718:11)
      at recursivelyTraversePassiveMountEffects (node_modules/.pnpm/react-dom@19.2.0_react@19.2.0/node_modules/react-dom/cjs/react-dom-client.development.js:15439:11)
      at commitPassiveMountOnFiber (node_modules/.pnpm/react-dom@19.2.0_react@19.2.0/node_modules/react-dom/cjs/react-dom-client.development.js:15476:11)
      at recursivelyTraversePassiveMountEffects (node_modules/.pnpm/react-dom@19.2.0_react@19.2.0/node_modules/react-dom/cjs/react-dom-client.development.js:15439:11)
      at commitPassiveMountOnFiber (node_modules/.pnpm/react-dom@19.2.0_react@19.2.0/node_modules/react-dom/cjs/react-dom-client.development.js:15476:11)
      at recursivelyTraversePassiveMountEffects (node_modules/.pnpm/react-dom@19.2.0_react@19.2.0/node_modules/react-dom/cjs/react-dom-client.development.js:15439:11)
      at commitPassiveMountOnFiber (node_modules/.pnpm/react-dom@19.2.0_react@19.2.0/node_modules/react-dom/cjs/react-dom-client.development.js:15718:11)
      at recursivelyTraversePassiveMountEffects (node_modules/.pnpm/react-dom@19.2.0_react@19.2.0/node_modules/react-dom/cjs/react-dom-client.development.js:15439:11)
      at commitPassiveMountOnFiber (node_modules/.pnpm/react-dom@19.2.0_react@19.2.0/node_modules/react-dom/cjs/react-dom-client.development.js:15476:11)
      at recursivelyTraversePassiveMountEffects (node_modules/.pnpm/react-dom@19.2.0_react@19.2.0/node_modules/react-dom/cjs/react-dom-client.development.js:15439:11)
      at commitPassiveMountOnFiber (node_modules/.pnpm/react-dom@19.2.0_react@19.2.0/node_modules/react-dom/cjs/react-dom-client.development.js:15476:11)
      at recursivelyTraversePassiveMountEffects (node_modules/.pnpm/react-dom@19.2.0_react@19.2.0/node_modules/react-dom/cjs/react-dom-client.development.js:15439:11)
      at commitPassiveMountOnFiber (node_modules/.pnpm/react-dom@19.2.0_react@19.2.0/node_modules/react-dom/cjs/react-dom-client.development.js:15476:11)
      at recursivelyTraversePassiveMountEffects (node_modules/.pnpm/react-dom@19.2.0_react@19.2.0/node_modules/react-dom/cjs/react-dom-client.development.js:15439:11)
      at commitPassiveMountOnFiber (node_modules/.pnpm/react-dom@19.2.0_react@19.2.0/node_modules/react-dom/cjs/react-dom-client.development.js:15718:11)
      at recursivelyTraversePassiveMountEffects (node_modules/.pnpm/react-dom@19.2.0_react@19.2.0/node_modules/react-dom/cjs/react-dom-client.development.js:15439:11)
      at commitPassiveMountOnFiber (node_modules/.pnpm/react-dom@19.2.0_react@19.2.0/node_modules/react-dom/cjs/react-dom-client.development.js:15476:11)
      at recursivelyTraversePassiveMountEffects (node_modules/.pnpm/react-dom@19.2.0_react@19.2.0/node_modules/react-dom/cjs/react-dom-client.development.js:15439:11)
      at commitPassiveMountOnFiber (node_modules/.pnpm/react-dom@19.2.0_react@19.2.0/node_modules/react-dom/cjs/react-dom-client.development.js:15476:11)
      at recursivelyTraversePassiveMountEffects (node_modules/.pnpm/react-dom@19.2.0_react@19.2.0/node_modules/react-dom/cjs/react-dom-client.development.js:15439:11)
      at commitPassiveMountOnFiber (node_modules/.pnpm/react-dom@19.2.0_react@19.2.0/node_modules/react-dom/cjs/react-dom-client.development.js:15476:11)
      at recursivelyTraversePassiveMountEffects (node_modules/.pnpm/react-dom@19.2.0_react@19.2.0/node_modules/react-dom/cjs/react-dom-client.development.js:15439:11)
      at commitPassiveMountOnFiber (node_modules/.pnpm/react-dom@19.2.0_react@19.2.0/node_modules/react-dom/cjs/react-dom-client.development.js:15476:11)
      at recursivelyTraversePassiveMountEffects (node_modules/.pnpm/react-dom@19.2.0_react@19.2.0/node_modules/react-dom/cjs/react-dom-client.development.js:15439:11)
      at commitPassiveMountOnFiber (node_modules/.pnpm/react-dom@19.2.0_react@19.2.0/node_modules/react-dom/cjs/react-dom-client.development.js:15718:11)
      at recursivelyTraversePassiveMountEffects (node_modules/.pnpm/react-dom@19.2.0_react@19.2.0/node_modules/react-dom/cjs/react-dom-client.development.js:15439:11)
      at commitPassiveMountOnFiber (node_modules/.pnpm/react-dom@19.2.0_react@19.2.0/node_modules/react-dom/cjs/react-dom-client.development.js:15476:11)
      at recursivelyTraversePassiveMountEffects (node_modules/.pnpm/react-dom@19.2.0_react@19.2.0/node_modules/react-dom/cjs/react-dom-client.development.js:15439:11)
      at commitPassiveMountOnFiber (node_modules/.pnpm/react-dom@19.2.0_react@19.2.0/node_modules/react-dom/cjs/react-dom-client.development.js:15519:11)
      at flushPassiveEffects (node_modules/.pnpm/react-dom@19.2.0_react@19.2.0/node_modules/react-dom/cjs/react-dom-client.development.js:18432:9)
      at flushPendingEffects (node_modules/.pnpm/react-dom@19.2.0_react@19.2.0/node_modules/react-dom/cjs/react-dom-client.development.js:18358:14)
      at flushSpawnedWork (node_modules/.pnpm/react-dom@19.2.0_react@19.2.0/node_modules/react-dom/cjs/react-dom-client.development.js:18323:44)
      at commitRoot (node_modules/.pnpm/react-dom@19.2.0_react@19.2.0/node_modules/react-dom/cjs/react-dom-client.development.js:17955:9)
      at performWorkOnRoot (node_modules/.pnpm/react-dom@19.2.0_react@19.2.0/node_modules/react-dom/cjs/react-dom-client.development.js:16667:15)
      at performSyncWorkOnRoot (node_modules/.pnpm/react-dom@19.2.0_react@19.2.0/node_modules/react-dom/cjs/react-dom-client.development.js:18972:7)
      at flushSyncWorkAcrossRoots_impl (node_modules/.pnpm/react-dom@19.2.0_react@19.2.0/node_modules/react-dom/cjs/react-dom-client.development.js:18814:21)
      at processRootScheduleInMicrotask (node_modules/.pnpm/react-dom@19.2.0_react@19.2.0/node_modules/react-dom/cjs/react-dom-client.development.js:18853:9)
      at node_modules/.pnpm/react-dom@19.2.0_react@19.2.0/node_modules/react-dom/cjs/react-dom-client.development.js:18982:11
      at flushActQueue (node_modules/.pnpm/react@19.2.0/node_modules/react/cjs/react.development.js:590:34)
      at process.env.NODE_ENV.exports.act (node_modules/.pnpm/react@19.2.0/node_modules/react/cjs/react.development.js:884:10)
      at node_modules/.pnpm/@testing-library+react@16.3_15d474de7481bb0af842c1b1705139a8/node_modules/@testing-library/react/dist/act-compat.js:47:25
      at Object.eventWrapper (node_modules/.pnpm/@testing-library+react@16.3_15d474de7481bb0af842c1b1705139a8/node_modules/@testing-library/react/dist/pure.js:107:28)
      at Object.wrapEvent (node_modules/.pnpm/@testing-library+user-event_1ca100c7362ccf0b1358603d616c282d/node_modules/@testing-library/user-event/dist/cjs/event/wrapEvent.js:6:28)
      at Object.dispatchEvent (node_modules/.pnpm/@testing-library+user-event_1ca100c7362ccf0b1358603d616c282d/node_modules/@testing-library/user-event/dist/cjs/event/dispatchEvent.js:45:22)
      at Object.dispatchUIEvent (node_modules/.pnpm/@testing-library+user-event_1ca100c7362ccf0b1358603d616c282d/node_modules/@testing-library/user-event/dist/cjs/event/dispatchEvent.js:22:26)
      at Mouse.up (node_modules/.pnpm/@testing-library+user-event_1ca100c7362ccf0b1358603d616c282d/node_modules/@testing-library/user-event/dist/cjs/system/pointer/mouse.js:100:30)
      at PointerHost.release (node_modules/.pnpm/@testing-library+user-event_1ca100c7362ccf0b1358603d616c282d/node_modules/@testing-library/user-event/dist/cjs/system/pointer/index.js:87:24)
      at pointerAction (node_modules/.pnpm/@testing-library+user-event_1ca100c7362ccf0b1358603d616c282d/node_modules/@testing-library/user-event/dist/cjs/pointer/index.js:54:47)
      at Object.pointer (node_modules/.pnpm/@testing-library+user-event_1ca100c7362ccf0b1358603d616c282d/node_modules/@testing-library/user-event/dist/cjs/pointer/index.js:27:9)
      at Object.asyncWrapper (node_modules/.pnpm/@testing-library+react@16.3_15d474de7481bb0af842c1b1705139a8/node_modules/@testing-library/react/dist/pure.js:88:22)
      at Object.<anonymous> (src/__tests__/pages/index.test.tsx:221:7)

    console.error
      `DialogContent` requires a `DialogTitle` for the component to be accessible for screen reader users.
      
      If you want to hide the `DialogTitle`, you can wrap it with our VisuallyHidden component.
      
      For more information, see https://radix-ui.com/primitives/docs/components/dialog

    [0m [90m 373 |[39m       [36mreturn[39m[33m;[39m
     [90m 374 |[39m     }
    [31m[1m>[22m[39m[90m 375 |[39m     originalError[33m.[39mcall(console[33m,[39m [33m...[39margs)[33m;[39m
     [90m     |[39m                   [31m[1m^[22m[39m
     [90m 376 |[39m   }[33m;[39m
     [90m 377 |[39m })[33m;[39m
     [90m 378 |[39m[0m

      at console.call [as error] (jest.setup.js:375:19)
      at node_modules/.pnpm/@radix-ui+react-dialog@1.1._664b8f23a65f4708bb5cf27e5ff43c08/node_modules/@radix-ui/react-dialog/src/dialog.tsx:520:30
      at Object.react_stack_bottom_frame (node_modules/.pnpm/react-dom@19.2.0_react@19.2.0/node_modules/react-dom/cjs/react-dom-client.development.js:25989:20)
      at runWithFiberInDEV (node_modules/.pnpm/react-dom@19.2.0_react@19.2.0/node_modules/react-dom/cjs/react-dom-client.development.js:874:13)
      at commitHookEffectListMount (node_modules/.pnpm/react-dom@19.2.0_react@19.2.0/node_modules/react-dom/cjs/react-dom-client.development.js:13249:29)
      at commitHookPassiveMountEffects (node_modules/.pnpm/react-dom@19.2.0_react@19.2.0/node_modules/react-dom/cjs/react-dom-client.development.js:13336:11)
      at commitPassiveMountOnFiber (node_modules/.pnpm/react-dom@19.2.0_react@19.2.0/node_modules/react-dom/cjs/react-dom-client.development.js:15484:13)
      at recursivelyTraversePassiveMountEffects (node_modules/.pnpm/react-dom@19.2.0_react@19.2.0/node_modules/react-dom/cjs/react-dom-client.development.js:15439:11)
      at commitPassiveMountOnFiber (node_modules/.pnpm/react-dom@19.2.0_react@19.2.0/node_modules/react-dom/cjs/react-dom-client.development.js:15718:11)
      at recursivelyTraversePassiveMountEffects (node_modules/.pnpm/react-dom@19.2.0_react@19.2.0/node_modules/react-dom/cjs/react-dom-client.development.js:15439:11)
      at commitPassiveMountOnFiber (node_modules/.pnpm/react-dom@19.2.0_react@19.2.0/node_modules/react-dom/cjs/react-dom-client.development.js:15476:11)
      at recursivelyTraversePassiveMountEffects (node_modules/.pnpm/react-dom@19.2.0_react@19.2.0/node_modules/react-dom/cjs/react-dom-client.development.js:15439:11)
      at commitPassiveMountOnFiber (node_modules/.pnpm/react-dom@19.2.0_react@19.2.0/node_modules/react-dom/cjs/react-dom-client.development.js:15476:11)
      at recursivelyTraversePassiveMountEffects (node_modules/.pnpm/react-dom@19.2.0_react@19.2.0/node_modules/react-dom/cjs/react-dom-client.development.js:15439:11)
      at commitPassiveMountOnFiber (node_modules/.pnpm/react-dom@19.2.0_react@19.2.0/node_modules/react-dom/cjs/react-dom-client.development.js:15476:11)
      at recursivelyTraversePassiveMountEffects (node_modules/.pnpm/react-dom@19.2.0_react@19.2.0/node_modules/react-dom/cjs/react-dom-client.development.js:15439:11)
      at commitPassiveMountOnFiber (node_modules/.pnpm/react-dom@19.2.0_react@19.2.0/node_modules/react-dom/cjs/react-dom-client.development.js:15476:11)
      at recursivelyTraversePassiveMountEffects (node_modules/.pnpm/react-dom@19.2.0_react@19.2.0/node_modules/react-dom/cjs/react-dom-client.development.js:15439:11)
      at commitPassiveMountOnFiber (node_modules/.pnpm/react-dom@19.2.0_react@19.2.0/node_modules/react-dom/cjs/react-dom-client.development.js:15476:11)
      at recursivelyTraversePassiveMountEffects (node_modules/.pnpm/react-dom@19.2.0_react@19.2.0/node_modules/react-dom/cjs/react-dom-client.development.js:15439:11)
      at commitPassiveMountOnFiber (node_modules/.pnpm/react-dom@19.2.0_react@19.2.0/node_modules/react-dom/cjs/react-dom-client.development.js:15476:11)
      at recursivelyTraversePassiveMountEffects (node_modules/.pnpm/react-dom@19.2.0_react@19.2.0/node_modules/react-dom/cjs/react-dom-client.development.js:15439:11)
      at commitPassiveMountOnFiber (node_modules/.pnpm/react-dom@19.2.0_react@19.2.0/node_modules/react-dom/cjs/react-dom-client.development.js:15476:11)
      at recursivelyTraversePassiveMountEffects (node_modules/.pnpm/react-dom@19.2.0_react@19.2.0/node_modules/react-dom/cjs/react-dom-client.development.js:15439:11)
      at commitPassiveMountOnFiber (node_modules/.pnpm/react-dom@19.2.0_react@19.2.0/node_modules/react-dom/cjs/react-dom-client.development.js:15718:11)
      at recursivelyTraversePassiveMountEffects (node_modules/.pnpm/react-dom@19.2.0_react@19.2.0/node_modules/react-dom/cjs/react-dom-client.development.js:15439:11)
      at commitPassiveMountOnFiber (node_modules/.pnpm/react-dom@19.2.0_react@19.2.0/node_modules/react-dom/cjs/react-dom-client.development.js:15476:11)
      at recursivelyTraversePassiveMountEffects (node_modules/.pnpm/react-dom@19.2.0_react@19.2.0/node_modules/react-dom/cjs/react-dom-client.development.js:15439:11)
      at commitPassiveMountOnFiber (node_modules/.pnpm/react-dom@19.2.0_react@19.2.0/node_modules/react-dom/cjs/react-dom-client.development.js:15476:11)
      at recursivelyTraversePassiveMountEffects (node_modules/.pnpm/react-dom@19.2.0_react@19.2.0/node_modules/react-dom/cjs/react-dom-client.development.js:15439:11)
      at commitPassiveMountOnFiber (node_modules/.pnpm/react-dom@19.2.0_react@19.2.0/node_modules/react-dom/cjs/react-dom-client.development.js:15718:11)
      at recursivelyTraversePassiveMountEffects (node_modules/.pnpm/react-dom@19.2.0_react@19.2.0/node_modules/react-dom/cjs/react-dom-client.development.js:15439:11)
      at commitPassiveMountOnFiber (node_modules/.pnpm/react-dom@19.2.0_react@19.2.0/node_modules/react-dom/cjs/react-dom-client.development.js:15476:11)
      at recursivelyTraversePassiveMountEffects (node_modules/.pnpm/react-dom@19.2.0_react@19.2.0/node_modules/react-dom/cjs/react-dom-client.development.js:15439:11)
      at commitPassiveMountOnFiber (node_modules/.pnpm/react-dom@19.2.0_react@19.2.0/node_modules/react-dom/cjs/react-dom-client.development.js:15476:11)
      at recursivelyTraversePassiveMountEffects (node_modules/.pnpm/react-dom@19.2.0_react@19.2.0/node_modules/react-dom/cjs/react-dom-client.development.js:15439:11)
      at commitPassiveMountOnFiber (node_modules/.pnpm/react-dom@19.2.0_react@19.2.0/node_modules/react-dom/cjs/react-dom-client.development.js:15476:11)
      at recursivelyTraversePassiveMountEffects (node_modules/.pnpm/react-dom@19.2.0_react@19.2.0/node_modules/react-dom/cjs/react-dom-client.development.js:15439:11)
      at commitPassiveMountOnFiber (node_modules/.pnpm/react-dom@19.2.0_react@19.2.0/node_modules/react-dom/cjs/react-dom-client.development.js:15718:11)
      at recursivelyTraversePassiveMountEffects (node_modules/.pnpm/react-dom@19.2.0_react@19.2.0/node_modules/react-dom/cjs/react-dom-client.development.js:15439:11)
      at commitPassiveMountOnFiber (node_modules/.pnpm/react-dom@19.2.0_react@19.2.0/node_modules/react-dom/cjs/react-dom-client.development.js:15476:11)
      at recursivelyTraversePassiveMountEffects (node_modules/.pnpm/react-dom@19.2.0_react@19.2.0/node_modules/react-dom/cjs/react-dom-client.development.js:15439:11)
      at commitPassiveMountOnFiber (node_modules/.pnpm/react-dom@19.2.0_react@19.2.0/node_modules/react-dom/cjs/react-dom-client.development.js:15476:11)
      at recursivelyTraversePassiveMountEffects (node_modules/.pnpm/react-dom@19.2.0_react@19.2.0/node_modules/react-dom/cjs/react-dom-client.development.js:15439:11)
      at commitPassiveMountOnFiber (node_modules/.pnpm/react-dom@19.2.0_react@19.2.0/node_modules/react-dom/cjs/react-dom-client.development.js:15476:11)
      at recursivelyTraversePassiveMountEffects (node_modules/.pnpm/react-dom@19.2.0_react@19.2.0/node_modules/react-dom/cjs/react-dom-client.development.js:15439:11)
      at commitPassiveMountOnFiber (node_modules/.pnpm/react-dom@19.2.0_react@19.2.0/node_modules/react-dom/cjs/react-dom-client.development.js:15476:11)
      at recursivelyTraversePassiveMountEffects (node_modules/.pnpm/react-dom@19.2.0_react@19.2.0/node_modules/react-dom/cjs/react-dom-client.development.js:15439:11)
      at commitPassiveMountOnFiber (node_modules/.pnpm/react-dom@19.2.0_react@19.2.0/node_modules/react-dom/cjs/react-dom-client.development.js:15718:11)
      at recursivelyTraversePassiveMountEffects (node_modules/.pnpm/react-dom@19.2.0_react@19.2.0/node_modules/react-dom/cjs/react-dom-client.development.js:15439:11)
      at commitPassiveMountOnFiber (node_modules/.pnpm/react-dom@19.2.0_react@19.2.0/node_modules/react-dom/cjs/react-dom-client.development.js:15476:11)
      at recursivelyTraversePassiveMountEffects (node_modules/.pnpm/react-dom@19.2.0_react@19.2.0/node_modules/react-dom/cjs/react-dom-client.development.js:15439:11)
      at commitPassiveMountOnFiber (node_modules/.pnpm/react-dom@19.2.0_react@19.2.0/node_modules/react-dom/cjs/react-dom-client.development.js:15519:11)
      at flushPassiveEffects (node_modules/.pnpm/react-dom@19.2.0_react@19.2.0/node_modules/react-dom/cjs/react-dom-client.development.js:18432:9)
      at flushPendingEffects (node_modules/.pnpm/react-dom@19.2.0_react@19.2.0/node_modules/react-dom/cjs/react-dom-client.development.js:18358:14)
      at flushSpawnedWork (node_modules/.pnpm/react-dom@19.2.0_react@19.2.0/node_modules/react-dom/cjs/react-dom-client.development.js:18323:44)
      at commitRoot (node_modules/.pnpm/react-dom@19.2.0_react@19.2.0/node_modules/react-dom/cjs/react-dom-client.development.js:17955:9)
      at performWorkOnRoot (node_modules/.pnpm/react-dom@19.2.0_react@19.2.0/node_modules/react-dom/cjs/react-dom-client.development.js:16667:15)
      at performSyncWorkOnRoot (node_modules/.pnpm/react-dom@19.2.0_react@19.2.0/node_modules/react-dom/cjs/react-dom-client.development.js:18972:7)
      at flushSyncWorkAcrossRoots_impl (node_modules/.pnpm/react-dom@19.2.0_react@19.2.0/node_modules/react-dom/cjs/react-dom-client.development.js:18814:21)
      at processRootScheduleInMicrotask (node_modules/.pnpm/react-dom@19.2.0_react@19.2.0/node_modules/react-dom/cjs/react-dom-client.development.js:18853:9)
      at node_modules/.pnpm/react-dom@19.2.0_react@19.2.0/node_modules/react-dom/cjs/react-dom-client.development.js:18982:11
      at flushActQueue (node_modules/.pnpm/react@19.2.0/node_modules/react/cjs/react.development.js:590:34)
      at process.env.NODE_ENV.exports.act (node_modules/.pnpm/react@19.2.0/node_modules/react/cjs/react.development.js:884:10)
      at node_modules/.pnpm/@testing-library+react@16.3_15d474de7481bb0af842c1b1705139a8/node_modules/@testing-library/react/dist/act-compat.js:47:25
      at Object.eventWrapper (node_modules/.pnpm/@testing-library+react@16.3_15d474de7481bb0af842c1b1705139a8/node_modules/@testing-library/react/dist/pure.js:107:28)
      at Object.wrapEvent (node_modules/.pnpm/@testing-library+user-event_1ca100c7362ccf0b1358603d616c282d/node_modules/@testing-library/user-event/dist/cjs/event/wrapEvent.js:6:28)
      at Object.dispatchEvent (node_modules/.pnpm/@testing-library+user-event_1ca100c7362ccf0b1358603d616c282d/node_modules/@testing-library/user-event/dist/cjs/event/dispatchEvent.js:45:22)
      at Object.dispatchUIEvent (node_modules/.pnpm/@testing-library+user-event_1ca100c7362ccf0b1358603d616c282d/node_modules/@testing-library/user-event/dist/cjs/event/dispatchEvent.js:22:26)
      at Mouse.up (node_modules/.pnpm/@testing-library+user-event_1ca100c7362ccf0b1358603d616c282d/node_modules/@testing-library/user-event/dist/cjs/system/pointer/mouse.js:100:30)
      at PointerHost.release (node_modules/.pnpm/@testing-library+user-event_1ca100c7362ccf0b1358603d616c282d/node_modules/@testing-library/user-event/dist/cjs/system/pointer/index.js:87:24)
      at pointerAction (node_modules/.pnpm/@testing-library+user-event_1ca100c7362ccf0b1358603d616c282d/node_modules/@testing-library/user-event/dist/cjs/pointer/index.js:54:47)
      at Object.pointer (node_modules/.pnpm/@testing-library+user-event_1ca100c7362ccf0b1358603d616c282d/node_modules/@testing-library/user-event/dist/cjs/pointer/index.js:27:9)
      at Object.asyncWrapper (node_modules/.pnpm/@testing-library+react@16.3_15d474de7481bb0af842c1b1705139a8/node_modules/@testing-library/react/dist/pure.js:88:22)
      at Object.<anonymous> (src/__tests__/pages/index.test.tsx:481:7)

    console.warn
      Warning: Missing `Description` or `aria-describedby={undefined}` for {DialogContent}.

    [0m [90m 479 |[39m       [90m// Open modal[39m
     [90m 480 |[39m       [36mconst[39m getStartedButtons [33m=[39m screen[33m.[39mgetAllByText([32m'Get Started Free'[39m)[33m;[39m
    [31m[1m>[22m[39m[90m 481 |[39m       [36mawait[39m user[33m.[39mclick(getStartedButtons[[35m0[39m])[33m;[39m
     [90m     |[39m       [31m[1m^[22m[39m
     [90m 482 |[39m
     [90m 483 |[39m       [90m// Wait for modal AND form to be visible[39m
     [90m 484 |[39m       [36mawait[39m waitFor(() [33m=>[39m {[0m

      at node_modules/.pnpm/@radix-ui+react-dialog@1.1._664b8f23a65f4708bb5cf27e5ff43c08/node_modules/@radix-ui/react-dialog/src/dialog.tsx:543:36
      at Object.react_stack_bottom_frame (node_modules/.pnpm/react-dom@19.2.0_react@19.2.0/node_modules/react-dom/cjs/react-dom-client.development.js:25989:20)
      at runWithFiberInDEV (node_modules/.pnpm/react-dom@19.2.0_react@19.2.0/node_modules/react-dom/cjs/react-dom-client.development.js:874:13)
      at commitHookEffectListMount (node_modules/.pnpm/react-dom@19.2.0_react@19.2.0/node_modules/react-dom/cjs/react-dom-client.development.js:13249:29)
      at commitHookPassiveMountEffects (node_modules/.pnpm/react-dom@19.2.0_react@19.2.0/node_modules/react-dom/cjs/react-dom-client.development.js:13336:11)
      at commitPassiveMountOnFiber (node_modules/.pnpm/react-dom@19.2.0_react@19.2.0/node_modules/react-dom/cjs/react-dom-client.development.js:15484:13)
      at recursivelyTraversePassiveMountEffects (node_modules/.pnpm/react-dom@19.2.0_react@19.2.0/node_modules/react-dom/cjs/react-dom-client.development.js:15439:11)
      at commitPassiveMountOnFiber (node_modules/.pnpm/react-dom@19.2.0_react@19.2.0/node_modules/react-dom/cjs/react-dom-client.development.js:15718:11)
      at recursivelyTraversePassiveMountEffects (node_modules/.pnpm/react-dom@19.2.0_react@19.2.0/node_modules/react-dom/cjs/react-dom-client.development.js:15439:11)
      at commitPassiveMountOnFiber (node_modules/.pnpm/react-dom@19.2.0_react@19.2.0/node_modules/react-dom/cjs/react-dom-client.development.js:15476:11)
      at recursivelyTraversePassiveMountEffects (node_modules/.pnpm/react-dom@19.2.0_react@19.2.0/node_modules/react-dom/cjs/react-dom-client.development.js:15439:11)
      at commitPassiveMountOnFiber (node_modules/.pnpm/react-dom@19.2.0_react@19.2.0/node_modules/react-dom/cjs/react-dom-client.development.js:15476:11)
      at recursivelyTraversePassiveMountEffects (node_modules/.pnpm/react-dom@19.2.0_react@19.2.0/node_modules/react-dom/cjs/react-dom-client.development.js:15439:11)
      at commitPassiveMountOnFiber (node_modules/.pnpm/react-dom@19.2.0_react@19.2.0/node_modules/react-dom/cjs/react-dom-client.development.js:15476:11)
      at recursivelyTraversePassiveMountEffects (node_modules/.pnpm/react-dom@19.2.0_react@19.2.0/node_modules/react-dom/cjs/react-dom-client.development.js:15439:11)
      at commitPassiveMountOnFiber (node_modules/.pnpm/react-dom@19.2.0_react@19.2.0/node_modules/react-dom/cjs/react-dom-client.development.js:15476:11)
      at recursivelyTraversePassiveMountEffects (node_modules/.pnpm/react-dom@19.2.0_react@19.2.0/node_modules/react-dom/cjs/react-dom-client.development.js:15439:11)
      at commitPassiveMountOnFiber (node_modules/.pnpm/react-dom@19.2.0_react@19.2.0/node_modules/react-dom/cjs/react-dom-client.development.js:15476:11)
      at recursivelyTraversePassiveMountEffects (node_modules/.pnpm/react-dom@19.2.0_react@19.2.0/node_modules/react-dom/cjs/react-dom-client.development.js:15439:11)
      at commitPassiveMountOnFiber (node_modules/.pnpm/react-dom@19.2.0_react@19.2.0/node_modules/react-dom/cjs/react-dom-client.development.js:15476:11)
      at recursivelyTraversePassiveMountEffects (node_modules/.pnpm/react-dom@19.2.0_react@19.2.0/node_modules/react-dom/cjs/react-dom-client.development.js:15439:11)
      at commitPassiveMountOnFiber (node_modules/.pnpm/react-dom@19.2.0_react@19.2.0/node_modules/react-dom/cjs/react-dom-client.development.js:15476:11)
      at recursivelyTraversePassiveMountEffects (node_modules/.pnpm/react-dom@19.2.0_react@19.2.0/node_modules/react-dom/cjs/react-dom-client.development.js:15439:11)
      at commitPassiveMountOnFiber (node_modules/.pnpm/react-dom@19.2.0_react@19.2.0/node_modules/react-dom/cjs/react-dom-client.development.js:15718:11)
      at recursivelyTraversePassiveMountEffects (node_modules/.pnpm/react-dom@19.2.0_react@19.2.0/node_modules/react-dom/cjs/react-dom-client.development.js:15439:11)
      at commitPassiveMountOnFiber (node_modules/.pnpm/react-dom@19.2.0_react@19.2.0/node_modules/react-dom/cjs/react-dom-client.development.js:15476:11)
      at recursivelyTraversePassiveMountEffects (node_modules/.pnpm/react-dom@19.2.0_react@19.2.0/node_modules/react-dom/cjs/react-dom-client.development.js:15439:11)
      at commitPassiveMountOnFiber (node_modules/.pnpm/react-dom@19.2.0_react@19.2.0/node_modules/react-dom/cjs/react-dom-client.development.js:15476:11)
      at recursivelyTraversePassiveMountEffects (node_modules/.pnpm/react-dom@19.2.0_react@19.2.0/node_modules/react-dom/cjs/react-dom-client.development.js:15439:11)
      at commitPassiveMountOnFiber (node_modules/.pnpm/react-dom@19.2.0_react@19.2.0/node_modules/react-dom/cjs/react-dom-client.development.js:15718:11)
      at recursivelyTraversePassiveMountEffects (node_modules/.pnpm/react-dom@19.2.0_react@19.2.0/node_modules/react-dom/cjs/react-dom-client.development.js:15439:11)
      at commitPassiveMountOnFiber (node_modules/.pnpm/react-dom@19.2.0_react@19.2.0/node_modules/react-dom/cjs/react-dom-client.development.js:15476:11)
      at recursivelyTraversePassiveMountEffects (node_modules/.pnpm/react-dom@19.2.0_react@19.2.0/node_modules/react-dom/cjs/react-dom-client.development.js:15439:11)
      at commitPassiveMountOnFiber (node_modules/.pnpm/react-dom@19.2.0_react@19.2.0/node_modules/react-dom/cjs/react-dom-client.development.js:15476:11)
      at recursivelyTraversePassiveMountEffects (node_modules/.pnpm/react-dom@19.2.0_react@19.2.0/node_modules/react-dom/cjs/react-dom-client.development.js:15439:11)
      at commitPassiveMountOnFiber (node_modules/.pnpm/react-dom@19.2.0_react@19.2.0/node_modules/react-dom/cjs/react-dom-client.development.js:15476:11)
      at recursivelyTraversePassiveMountEffects (node_modules/.pnpm/react-dom@19.2.0_react@19.2.0/node_modules/react-dom/cjs/react-dom-client.development.js:15439:11)
      at commitPassiveMountOnFiber (node_modules/.pnpm/react-dom@19.2.0_react@19.2.0/node_modules/react-dom/cjs/react-dom-client.development.js:15718:11)
      at recursivelyTraversePassiveMountEffects (node_modules/.pnpm/react-dom@19.2.0_react@19.2.0/node_modules/react-dom/cjs/react-dom-client.development.js:15439:11)
      at commitPassiveMountOnFiber (node_modules/.pnpm/react-dom@19.2.0_react@19.2.0/node_modules/react-dom/cjs/react-dom-client.development.js:15476:11)
      at recursivelyTraversePassiveMountEffects (node_modules/.pnpm/react-dom@19.2.0_react@19.2.0/node_modules/react-dom/cjs/react-dom-client.development.js:15439:11)
      at commitPassiveMountOnFiber (node_modules/.pnpm/react-dom@19.2.0_react@19.2.0/node_modules/react-dom/cjs/react-dom-client.development.js:15476:11)
      at recursivelyTraversePassiveMountEffects (node_modules/.pnpm/react-dom@19.2.0_react@19.2.0/node_modules/react-dom/cjs/react-dom-client.development.js:15439:11)
      at commitPassiveMountOnFiber (node_modules/.pnpm/react-dom@19.2.0_react@19.2.0/node_modules/react-dom/cjs/react-dom-client.development.js:15476:11)
      at recursivelyTraversePassiveMountEffects (node_modules/.pnpm/react-dom@19.2.0_react@19.2.0/node_modules/react-dom/cjs/react-dom-client.development.js:15439:11)
      at commitPassiveMountOnFiber (node_modules/.pnpm/react-dom@19.2.0_react@19.2.0/node_modules/react-dom/cjs/react-dom-client.development.js:15476:11)
      at recursivelyTraversePassiveMountEffects (node_modules/.pnpm/react-dom@19.2.0_react@19.2.0/node_modules/react-dom/cjs/react-dom-client.development.js:15439:11)
      at commitPassiveMountOnFiber (node_modules/.pnpm/react-dom@19.2.0_react@19.2.0/node_modules/react-dom/cjs/react-dom-client.development.js:15718:11)
      at recursivelyTraversePassiveMountEffects (node_modules/.pnpm/react-dom@19.2.0_react@19.2.0/node_modules/react-dom/cjs/react-dom-client.development.js:15439:11)
      at commitPassiveMountOnFiber (node_modules/.pnpm/react-dom@19.2.0_react@19.2.0/node_modules/react-dom/cjs/react-dom-client.development.js:15476:11)
      at recursivelyTraversePassiveMountEffects (node_modules/.pnpm/react-dom@19.2.0_react@19.2.0/node_modules/react-dom/cjs/react-dom-client.development.js:15439:11)
      at commitPassiveMountOnFiber (node_modules/.pnpm/react-dom@19.2.0_react@19.2.0/node_modules/react-dom/cjs/react-dom-client.development.js:15519:11)
      at flushPassiveEffects (node_modules/.pnpm/react-dom@19.2.0_react@19.2.0/node_modules/react-dom/cjs/react-dom-client.development.js:18432:9)
      at flushPendingEffects (node_modules/.pnpm/react-dom@19.2.0_react@19.2.0/node_modules/react-dom/cjs/react-dom-client.development.js:18358:14)
      at flushSpawnedWork (node_modules/.pnpm/react-dom@19.2.0_react@19.2.0/node_modules/react-dom/cjs/react-dom-client.development.js:18323:44)
      at commitRoot (node_modules/.pnpm/react-dom@19.2.0_react@19.2.0/node_modules/react-dom/cjs/react-dom-client.development.js:17955:9)
      at performWorkOnRoot (node_modules/.pnpm/react-dom@19.2.0_react@19.2.0/node_modules/react-dom/cjs/react-dom-client.development.js:16667:15)
      at performSyncWorkOnRoot (node_modules/.pnpm/react-dom@19.2.0_react@19.2.0/node_modules/react-dom/cjs/react-dom-client.development.js:18972:7)
      at flushSyncWorkAcrossRoots_impl (node_modules/.pnpm/react-dom@19.2.0_react@19.2.0/node_modules/react-dom/cjs/react-dom-client.development.js:18814:21)
      at processRootScheduleInMicrotask (node_modules/.pnpm/react-dom@19.2.0_react@19.2.0/node_modules/react-dom/cjs/react-dom-client.development.js:18853:9)
      at node_modules/.pnpm/react-dom@19.2.0_react@19.2.0/node_modules/react-dom/cjs/react-dom-client.development.js:18982:11
      at flushActQueue (node_modules/.pnpm/react@19.2.0/node_modules/react/cjs/react.development.js:590:34)
      at process.env.NODE_ENV.exports.act (node_modules/.pnpm/react@19.2.0/node_modules/react/cjs/react.development.js:884:10)
      at node_modules/.pnpm/@testing-library+react@16.3_15d474de7481bb0af842c1b1705139a8/node_modules/@testing-library/react/dist/act-compat.js:47:25
      at Object.eventWrapper (node_modules/.pnpm/@testing-library+react@16.3_15d474de7481bb0af842c1b1705139a8/node_modules/@testing-library/react/dist/pure.js:107:28)
      at Object.wrapEvent (node_modules/.pnpm/@testing-library+user-event_1ca100c7362ccf0b1358603d616c282d/node_modules/@testing-library/user-event/dist/cjs/event/wrapEvent.js:6:28)
      at Object.dispatchEvent (node_modules/.pnpm/@testing-library+user-event_1ca100c7362ccf0b1358603d616c282d/node_modules/@testing-library/user-event/dist/cjs/event/dispatchEvent.js:45:22)
      at Object.dispatchUIEvent (node_modules/.pnpm/@testing-library+user-event_1ca100c7362ccf0b1358603d616c282d/node_modules/@testing-library/user-event/dist/cjs/event/dispatchEvent.js:22:26)
      at Mouse.up (node_modules/.pnpm/@testing-library+user-event_1ca100c7362ccf0b1358603d616c282d/node_modules/@testing-library/user-event/dist/cjs/system/pointer/mouse.js:100:30)
      at PointerHost.release (node_modules/.pnpm/@testing-library+user-event_1ca100c7362ccf0b1358603d616c282d/node_modules/@testing-library/user-event/dist/cjs/system/pointer/index.js:87:24)
      at pointerAction (node_modules/.pnpm/@testing-library+user-event_1ca100c7362ccf0b1358603d616c282d/node_modules/@testing-library/user-event/dist/cjs/pointer/index.js:54:47)
      at Object.pointer (node_modules/.pnpm/@testing-library+user-event_1ca100c7362ccf0b1358603d616c282d/node_modules/@testing-library/user-event/dist/cjs/pointer/index.js:27:9)
      at Object.asyncWrapper (node_modules/.pnpm/@testing-library+react@16.3_15d474de7481bb0af842c1b1705139a8/node_modules/@testing-library/react/dist/pure.js:88:22)
      at Object.<anonymous> (src/__tests__/pages/index.test.tsx:481:7)

    console.error
      `DialogContent` requires a `DialogTitle` for the component to be accessible for screen reader users.
      
      If you want to hide the `DialogTitle`, you can wrap it with our VisuallyHidden component.
      
      For more information, see https://radix-ui.com/primitives/docs/components/dialog

    [0m [90m 373 |[39m       [36mreturn[39m[33m;[39m
     [90m 374 |[39m     }
    [31m[1m>[22m[39m[90m 375 |[39m     originalError[33m.[39mcall(console[33m,[39m [33m...[39margs)[33m;[39m
     [90m     |[39m                   [31m[1m^[22m[39m
     [90m 376 |[39m   }[33m;[39m
     [90m 377 |[39m })[33m;[39m
     [90m 378 |[39m[0m

      at console.call [as error] (jest.setup.js:375:19)
      at node_modules/.pnpm/@radix-ui+react-dialog@1.1._664b8f23a65f4708bb5cf27e5ff43c08/node_modules/@radix-ui/react-dialog/src/dialog.tsx:520:30
      at Object.react_stack_bottom_frame (node_modules/.pnpm/react-dom@19.2.0_react@19.2.0/node_modules/react-dom/cjs/react-dom-client.development.js:25989:20)
      at runWithFiberInDEV (node_modules/.pnpm/react-dom@19.2.0_react@19.2.0/node_modules/react-dom/cjs/react-dom-client.development.js:874:13)
      at commitHookEffectListMount (node_modules/.pnpm/react-dom@19.2.0_react@19.2.0/node_modules/react-dom/cjs/react-dom-client.development.js:13249:29)
      at commitHookPassiveMountEffects (node_modules/.pnpm/react-dom@19.2.0_react@19.2.0/node_modules/react-dom/cjs/react-dom-client.development.js:13336:11)
      at commitPassiveMountOnFiber (node_modules/.pnpm/react-dom@19.2.0_react@19.2.0/node_modules/react-dom/cjs/react-dom-client.development.js:15484:13)
      at recursivelyTraversePassiveMountEffects (node_modules/.pnpm/react-dom@19.2.0_react@19.2.0/node_modules/react-dom/cjs/react-dom-client.development.js:15439:11)
      at commitPassiveMountOnFiber (node_modules/.pnpm/react-dom@19.2.0_react@19.2.0/node_modules/react-dom/cjs/react-dom-client.development.js:15718:11)
      at recursivelyTraversePassiveMountEffects (node_modules/.pnpm/react-dom@19.2.0_react@19.2.0/node_modules/react-dom/cjs/react-dom-client.development.js:15439:11)
      at commitPassiveMountOnFiber (node_modules/.pnpm/react-dom@19.2.0_react@19.2.0/node_modules/react-dom/cjs/react-dom-client.development.js:15476:11)
      at recursivelyTraversePassiveMountEffects (node_modules/.pnpm/react-dom@19.2.0_react@19.2.0/node_modules/react-dom/cjs/react-dom-client.development.js:15439:11)
      at commitPassiveMountOnFiber (node_modules/.pnpm/react-dom@19.2.0_react@19.2.0/node_modules/react-dom/cjs/react-dom-client.development.js:15476:11)
      at recursivelyTraversePassiveMountEffects (node_modules/.pnpm/react-dom@19.2.0_react@19.2.0/node_modules/react-dom/cjs/react-dom-client.development.js:15439:11)
      at commitPassiveMountOnFiber (node_modules/.pnpm/react-dom@19.2.0_react@19.2.0/node_modules/react-dom/cjs/react-dom-client.development.js:15476:11)
      at recursivelyTraversePassiveMountEffects (node_modules/.pnpm/react-dom@19.2.0_react@19.2.0/node_modules/react-dom/cjs/react-dom-client.development.js:15439:11)
      at commitPassiveMountOnFiber (node_modules/.pnpm/react-dom@19.2.0_react@19.2.0/node_modules/react-dom/cjs/react-dom-client.development.js:15476:11)
      at recursivelyTraversePassiveMountEffects (node_modules/.pnpm/react-dom@19.2.0_react@19.2.0/node_modules/react-dom/cjs/react-dom-client.development.js:15439:11)
      at commitPassiveMountOnFiber (node_modules/.pnpm/react-dom@19.2.0_react@19.2.0/node_modules/react-dom/cjs/react-dom-client.development.js:15476:11)
      at recursivelyTraversePassiveMountEffects (node_modules/.pnpm/react-dom@19.2.0_react@19.2.0/node_modules/react-dom/cjs/react-dom-client.development.js:15439:11)
      at commitPassiveMountOnFiber (node_modules/.pnpm/react-dom@19.2.0_react@19.2.0/node_modules/react-dom/cjs/react-dom-client.development.js:15476:11)
      at recursivelyTraversePassiveMountEffects (node_modules/.pnpm/react-dom@19.2.0_react@19.2.0/node_modules/react-dom/cjs/react-dom-client.development.js:15439:11)
      at commitPassiveMountOnFiber (node_modules/.pnpm/react-dom@19.2.0_react@19.2.0/node_modules/react-dom/cjs/react-dom-client.development.js:15476:11)
      at recursivelyTraversePassiveMountEffects (node_modules/.pnpm/react-dom@19.2.0_react@19.2.0/node_modules/react-dom/cjs/react-dom-client.development.js:15439:11)
      at commitPassiveMountOnFiber (node_modules/.pnpm/react-dom@19.2.0_react@19.2.0/node_modules/react-dom/cjs/react-dom-client.development.js:15718:11)
      at recursivelyTraversePassiveMountEffects (node_modules/.pnpm/react-dom@19.2.0_react@19.2.0/node_modules/react-dom/cjs/react-dom-client.development.js:15439:11)
      at commitPassiveMountOnFiber (node_modules/.pnpm/react-dom@19.2.0_react@19.2.0/node_modules/react-dom/cjs/react-dom-client.development.js:15476:11)
      at recursivelyTraversePassiveMountEffects (node_modules/.pnpm/react-dom@19.2.0_react@19.2.0/node_modules/react-dom/cjs/react-dom-client.development.js:15439:11)
      at commitPassiveMountOnFiber (node_modules/.pnpm/react-dom@19.2.0_react@19.2.0/node_modules/react-dom/cjs/react-dom-client.development.js:15476:11)
      at recursivelyTraversePassiveMountEffects (node_modules/.pnpm/react-dom@19.2.0_react@19.2.0/node_modules/react-dom/cjs/react-dom-client.development.js:15439:11)
      at commitPassiveMountOnFiber (node_modules/.pnpm/react-dom@19.2.0_react@19.2.0/node_modules/react-dom/cjs/react-dom-client.development.js:15718:11)
      at recursivelyTraversePassiveMountEffects (node_modules/.pnpm/react-dom@19.2.0_react@19.2.0/node_modules/react-dom/cjs/react-dom-client.development.js:15439:11)
      at commitPassiveMountOnFiber (node_modules/.pnpm/react-dom@19.2.0_react@19.2.0/node_modules/react-dom/cjs/react-dom-client.development.js:15476:11)
      at recursivelyTraversePassiveMountEffects (node_modules/.pnpm/react-dom@19.2.0_react@19.2.0/node_modules/react-dom/cjs/react-dom-client.development.js:15439:11)
      at commitPassiveMountOnFiber (node_modules/.pnpm/react-dom@19.2.0_react@19.2.0/node_modules/react-dom/cjs/react-dom-client.development.js:15476:11)
      at recursivelyTraversePassiveMountEffects (node_modules/.pnpm/react-dom@19.2.0_react@19.2.0/node_modules/react-dom/cjs/react-dom-client.development.js:15439:11)
      at commitPassiveMountOnFiber (node_modules/.pnpm/react-dom@19.2.0_react@19.2.0/node_modules/react-dom/cjs/react-dom-client.development.js:15476:11)
      at recursivelyTraversePassiveMountEffects (node_modules/.pnpm/react-dom@19.2.0_react@19.2.0/node_modules/react-dom/cjs/react-dom-client.development.js:15439:11)
      at commitPassiveMountOnFiber (node_modules/.pnpm/react-dom@19.2.0_react@19.2.0/node_modules/react-dom/cjs/react-dom-client.development.js:15718:11)
      at recursivelyTraversePassiveMountEffects (node_modules/.pnpm/react-dom@19.2.0_react@19.2.0/node_modules/react-dom/cjs/react-dom-client.development.js:15439:11)
      at commitPassiveMountOnFiber (node_modules/.pnpm/react-dom@19.2.0_react@19.2.0/node_modules/react-dom/cjs/react-dom-client.development.js:15476:11)
      at recursivelyTraversePassiveMountEffects (node_modules/.pnpm/react-dom@19.2.0_react@19.2.0/node_modules/react-dom/cjs/react-dom-client.development.js:15439:11)
      at commitPassiveMountOnFiber (node_modules/.pnpm/react-dom@19.2.0_react@19.2.0/node_modules/react-dom/cjs/react-dom-client.development.js:15476:11)
      at recursivelyTraversePassiveMountEffects (node_modules/.pnpm/react-dom@19.2.0_react@19.2.0/node_modules/react-dom/cjs/react-dom-client.development.js:15439:11)
      at commitPassiveMountOnFiber (node_modules/.pnpm/react-dom@19.2.0_react@19.2.0/node_modules/react-dom/cjs/react-dom-client.development.js:15476:11)
      at recursivelyTraversePassiveMountEffects (node_modules/.pnpm/react-dom@19.2.0_react@19.2.0/node_modules/react-dom/cjs/react-dom-client.development.js:15439:11)
      at commitPassiveMountOnFiber (node_modules/.pnpm/react-dom@19.2.0_react@19.2.0/node_modules/react-dom/cjs/react-dom-client.development.js:15476:11)
      at recursivelyTraversePassiveMountEffects (node_modules/.pnpm/react-dom@19.2.0_react@19.2.0/node_modules/react-dom/cjs/react-dom-client.development.js:15439:11)
      at commitPassiveMountOnFiber (node_modules/.pnpm/react-dom@19.2.0_react@19.2.0/node_modules/react-dom/cjs/react-dom-client.development.js:15718:11)
      at recursivelyTraversePassiveMountEffects (node_modules/.pnpm/react-dom@19.2.0_react@19.2.0/node_modules/react-dom/cjs/react-dom-client.development.js:15439:11)
      at commitPassiveMountOnFiber (node_modules/.pnpm/react-dom@19.2.0_react@19.2.0/node_modules/react-dom/cjs/react-dom-client.development.js:15476:11)
      at recursivelyTraversePassiveMountEffects (node_modules/.pnpm/react-dom@19.2.0_react@19.2.0/node_modules/react-dom/cjs/react-dom-client.development.js:15439:11)
      at commitPassiveMountOnFiber (node_modules/.pnpm/react-dom@19.2.0_react@19.2.0/node_modules/react-dom/cjs/react-dom-client.development.js:15519:11)
      at flushPassiveEffects (node_modules/.pnpm/react-dom@19.2.0_react@19.2.0/node_modules/react-dom/cjs/react-dom-client.development.js:18432:9)
      at flushPendingEffects (node_modules/.pnpm/react-dom@19.2.0_react@19.2.0/node_modules/react-dom/cjs/react-dom-client.development.js:18358:14)
      at flushSpawnedWork (node_modules/.pnpm/react-dom@19.2.0_react@19.2.0/node_modules/react-dom/cjs/react-dom-client.development.js:18323:44)
      at commitRoot (node_modules/.pnpm/react-dom@19.2.0_react@19.2.0/node_modules/react-dom/cjs/react-dom-client.development.js:17955:9)
      at performWorkOnRoot (node_modules/.pnpm/react-dom@19.2.0_react@19.2.0/node_modules/react-dom/cjs/react-dom-client.development.js:16667:15)
      at performSyncWorkOnRoot (node_modules/.pnpm/react-dom@19.2.0_react@19.2.0/node_modules/react-dom/cjs/react-dom-client.development.js:18972:7)
      at flushSyncWorkAcrossRoots_impl (node_modules/.pnpm/react-dom@19.2.0_react@19.2.0/node_modules/react-dom/cjs/react-dom-client.development.js:18814:21)
      at processRootScheduleInMicrotask (node_modules/.pnpm/react-dom@19.2.0_react@19.2.0/node_modules/react-dom/cjs/react-dom-client.development.js:18853:9)
      at node_modules/.pnpm/react-dom@19.2.0_react@19.2.0/node_modules/react-dom/cjs/react-dom-client.development.js:18982:11
      at flushActQueue (node_modules/.pnpm/react@19.2.0/node_modules/react/cjs/react.development.js:590:34)
      at process.env.NODE_ENV.exports.act (node_modules/.pnpm/react@19.2.0/node_modules/react/cjs/react.development.js:884:10)
      at node_modules/.pnpm/@testing-library+react@16.3_15d474de7481bb0af842c1b1705139a8/node_modules/@testing-library/react/dist/act-compat.js:47:25
      at Object.eventWrapper (node_modules/.pnpm/@testing-library+react@16.3_15d474de7481bb0af842c1b1705139a8/node_modules/@testing-library/react/dist/pure.js:107:28)
      at Object.wrapEvent (node_modules/.pnpm/@testing-library+user-event_1ca100c7362ccf0b1358603d616c282d/node_modules/@testing-library/user-event/dist/cjs/event/wrapEvent.js:6:28)
      at Object.dispatchEvent (node_modules/.pnpm/@testing-library+user-event_1ca100c7362ccf0b1358603d616c282d/node_modules/@testing-library/user-event/dist/cjs/event/dispatchEvent.js:45:22)
      at Object.dispatchUIEvent (node_modules/.pnpm/@testing-library+user-event_1ca100c7362ccf0b1358603d616c282d/node_modules/@testing-library/user-event/dist/cjs/event/dispatchEvent.js:22:26)
      at Mouse.up (node_modules/.pnpm/@testing-library+user-event_1ca100c7362ccf0b1358603d616c282d/node_modules/@testing-library/user-event/dist/cjs/system/pointer/mouse.js:100:30)
      at PointerHost.release (node_modules/.pnpm/@testing-library+user-event_1ca100c7362ccf0b1358603d616c282d/node_modules/@testing-library/user-event/dist/cjs/system/pointer/index.js:87:24)
      at pointerAction (node_modules/.pnpm/@testing-library+user-event_1ca100c7362ccf0b1358603d616c282d/node_modules/@testing-library/user-event/dist/cjs/pointer/index.js:54:47)
      at Object.pointer (node_modules/.pnpm/@testing-library+user-event_1ca100c7362ccf0b1358603d616c282d/node_modules/@testing-library/user-event/dist/cjs/pointer/index.js:27:9)
      at Object.asyncWrapper (node_modules/.pnpm/@testing-library+react@16.3_15d474de7481bb0af842c1b1705139a8/node_modules/@testing-library/react/dist/pure.js:88:22)
      at Object.<anonymous> (src/__tests__/pages/index.test.tsx:542:7)

    console.warn
      Warning: Missing `Description` or `aria-describedby={undefined}` for {DialogContent}.

    [0m [90m 540 |[39m       [90m// Open modal[39m
     [90m 541 |[39m       [36mconst[39m getStartedButtons [33m=[39m screen[33m.[39mgetAllByText([32m'Get Started Free'[39m)[33m;[39m
    [31m[1m>[22m[39m[90m 542 |[39m       [36mawait[39m user[33m.[39mclick(getStartedButtons[[35m0[39m])[33m;[39m
     [90m     |[39m       [31m[1m^[22m[39m
     [90m 543 |[39m
     [90m 544 |[39m       [36mawait[39m waitFor(() [33m=>[39m {
     [90m 545 |[39m         expect(screen[33m.[39mgetByText([32m'Sign In to MeepleAI'[39m))[33m.[39mtoBeInTheDocument()[33m;[39m[0m

      at node_modules/.pnpm/@radix-ui+react-dialog@1.1._664b8f23a65f4708bb5cf27e5ff43c08/node_modules/@radix-ui/react-dialog/src/dialog.tsx:543:36
      at Object.react_stack_bottom_frame (node_modules/.pnpm/react-dom@19.2.0_react@19.2.0/node_modules/react-dom/cjs/react-dom-client.development.js:25989:20)
      at runWithFiberInDEV (node_modules/.pnpm/react-dom@19.2.0_react@19.2.0/node_modules/react-dom/cjs/react-dom-client.development.js:874:13)
      at commitHookEffectListMount (node_modules/.pnpm/react-dom@19.2.0_react@19.2.0/node_modules/react-dom/cjs/react-dom-client.development.js:13249:29)
      at commitHookPassiveMountEffects (node_modules/.pnpm/react-dom@19.2.0_react@19.2.0/node_modules/react-dom/cjs/react-dom-client.development.js:13336:11)
      at commitPassiveMountOnFiber (node_modules/.pnpm/react-dom@19.2.0_react@19.2.0/node_modules/react-dom/cjs/react-dom-client.development.js:15484:13)
      at recursivelyTraversePassiveMountEffects (node_modules/.pnpm/react-dom@19.2.0_react@19.2.0/node_modules/react-dom/cjs/react-dom-client.development.js:15439:11)
      at commitPassiveMountOnFiber (node_modules/.pnpm/react-dom@19.2.0_react@19.2.0/node_modules/react-dom/cjs/react-dom-client.development.js:15718:11)
      at recursivelyTraversePassiveMountEffects (node_modules/.pnpm/react-dom@19.2.0_react@19.2.0/node_modules/react-dom/cjs/react-dom-client.development.js:15439:11)
      at commitPassiveMountOnFiber (node_modules/.pnpm/react-dom@19.2.0_react@19.2.0/node_modules/react-dom/cjs/react-dom-client.development.js:15476:11)
      at recursivelyTraversePassiveMountEffects (node_modules/.pnpm/react-dom@19.2.0_react@19.2.0/node_modules/react-dom/cjs/react-dom-client.development.js:15439:11)
      at commitPassiveMountOnFiber (node_modules/.pnpm/react-dom@19.2.0_react@19.2.0/node_modules/react-dom/cjs/react-dom-client.development.js:15476:11)
      at recursivelyTraversePassiveMountEffects (node_modules/.pnpm/react-dom@19.2.0_react@19.2.0/node_modules/react-dom/cjs/react-dom-client.development.js:15439:11)
      at commitPassiveMountOnFiber (node_modules/.pnpm/react-dom@19.2.0_react@19.2.0/node_modules/react-dom/cjs/react-dom-client.development.js:15476:11)
      at recursivelyTraversePassiveMountEffects (node_modules/.pnpm/react-dom@19.2.0_react@19.2.0/node_modules/react-dom/cjs/react-dom-client.development.js:15439:11)
      at commitPassiveMountOnFiber (node_modules/.pnpm/react-dom@19.2.0_react@19.2.0/node_modules/react-dom/cjs/react-dom-client.development.js:15476:11)
      at recursivelyTraversePassiveMountEffects (node_modules/.pnpm/react-dom@19.2.0_react@19.2.0/node_modules/react-dom/cjs/react-dom-client.development.js:15439:11)
      at commitPassiveMountOnFiber (node_modules/.pnpm/react-dom@19.2.0_react@19.2.0/node_modules/react-dom/cjs/react-dom-client.development.js:15476:11)
      at recursivelyTraversePassiveMountEffects (node_modules/.pnpm/react-dom@19.2.0_react@19.2.0/node_modules/react-dom/cjs/react-dom-client.development.js:15439:11)
      at commitPassiveMountOnFiber (node_modules/.pnpm/react-dom@19.2.0_react@19.2.0/node_modules/react-dom/cjs/react-dom-client.development.js:15476:11)
      at recursivelyTraversePassiveMountEffects (node_modules/.pnpm/react-dom@19.2.0_react@19.2.0/node_modules/react-dom/cjs/react-dom-client.development.js:15439:11)
      at commitPassiveMountOnFiber (node_modules/.pnpm/react-dom@19.2.0_react@19.2.0/node_modules/react-dom/cjs/react-dom-client.development.js:15476:11)
      at recursivelyTraversePassiveMountEffects (node_modules/.pnpm/react-dom@19.2.0_react@19.2.0/node_modules/react-dom/cjs/react-dom-client.development.js:15439:11)
      at commitPassiveMountOnFiber (node_modules/.pnpm/react-dom@19.2.0_react@19.2.0/node_modules/react-dom/cjs/react-dom-client.development.js:15718:11)
      at recursivelyTraversePassiveMountEffects (node_modules/.pnpm/react-dom@19.2.0_react@19.2.0/node_modules/react-dom/cjs/react-dom-client.development.js:15439:11)
      at commitPassiveMountOnFiber (node_modules/.pnpm/react-dom@19.2.0_react@19.2.0/node_modules/react-dom/cjs/react-dom-client.development.js:15476:11)
      at recursivelyTraversePassiveMountEffects (node_modules/.pnpm/react-dom@19.2.0_react@19.2.0/node_modules/react-dom/cjs/react-dom-client.development.js:15439:11)
      at commitPassiveMountOnFiber (node_modules/.pnpm/react-dom@19.2.0_react@19.2.0/node_modules/react-dom/cjs/react-dom-client.development.js:15476:11)
      at recursivelyTraversePassiveMountEffects (node_modules/.pnpm/react-dom@19.2.0_react@19.2.0/node_modules/react-dom/cjs/react-dom-client.development.js:15439:11)
      at commitPassiveMountOnFiber (node_modules/.pnpm/react-dom@19.2.0_react@19.2.0/node_modules/react-dom/cjs/react-dom-client.development.js:15718:11)
      at recursivelyTraversePassiveMountEffects (node_modules/.pnpm/react-dom@19.2.0_react@19.2.0/node_modules/react-dom/cjs/react-dom-client.development.js:15439:11)
      at commitPassiveMountOnFiber (node_modules/.pnpm/react-dom@19.2.0_react@19.2.0/node_modules/react-dom/cjs/react-dom-client.development.js:15476:11)
      at recursivelyTraversePassiveMountEffects (node_modules/.pnpm/react-dom@19.2.0_react@19.2.0/node_modules/react-dom/cjs/react-dom-client.development.js:15439:11)
      at commitPassiveMountOnFiber (node_modules/.pnpm/react-dom@19.2.0_react@19.2.0/node_modules/react-dom/cjs/react-dom-client.development.js:15476:11)
      at recursivelyTraversePassiveMountEffects (node_modules/.pnpm/react-dom@19.2.0_react@19.2.0/node_modules/react-dom/cjs/react-dom-client.development.js:15439:11)
      at commitPassiveMountOnFiber (node_modules/.pnpm/react-dom@19.2.0_react@19.2.0/node_modules/react-dom/cjs/react-dom-client.development.js:15476:11)
      at recursivelyTraversePassiveMountEffects (node_modules/.pnpm/react-dom@19.2.0_react@19.2.0/node_modules/react-dom/cjs/react-dom-client.development.js:15439:11)
      at commitPassiveMountOnFiber (node_modules/.pnpm/react-dom@19.2.0_react@19.2.0/node_modules/react-dom/cjs/react-dom-client.development.js:15718:11)
      at recursivelyTraversePassiveMountEffects (node_modules/.pnpm/react-dom@19.2.0_react@19.2.0/node_modules/react-dom/cjs/react-dom-client.development.js:15439:11)
      at commitPassiveMountOnFiber (node_modules/.pnpm/react-dom@19.2.0_react@19.2.0/node_modules/react-dom/cjs/react-dom-client.development.js:15476:11)
      at recursivelyTraversePassiveMountEffects (node_modules/.pnpm/react-dom@19.2.0_react@19.2.0/node_modules/react-dom/cjs/react-dom-client.development.js:15439:11)
      at commitPassiveMountOnFiber (node_modules/.pnpm/react-dom@19.2.0_react@19.2.0/node_modules/react-dom/cjs/react-dom-client.development.js:15476:11)
      at recursivelyTraversePassiveMountEffects (node_modules/.pnpm/react-dom@19.2.0_react@19.2.0/node_modules/react-dom/cjs/react-dom-client.development.js:15439:11)
      at commitPassiveMountOnFiber (node_modules/.pnpm/react-dom@19.2.0_react@19.2.0/node_modules/react-dom/cjs/react-dom-client.development.js:15476:11)
      at recursivelyTraversePassiveMountEffects (node_modules/.pnpm/react-dom@19.2.0_react@19.2.0/node_modules/react-dom/cjs/react-dom-client.development.js:15439:11)
      at commitPassiveMountOnFiber (node_modules/.pnpm/react-dom@19.2.0_react@19.2.0/node_modules/react-dom/cjs/react-dom-client.development.js:15476:11)
      at recursivelyTraversePassiveMountEffects (node_modules/.pnpm/react-dom@19.2.0_react@19.2.0/node_modules/react-dom/cjs/react-dom-client.development.js:15439:11)
      at commitPassiveMountOnFiber (node_modules/.pnpm/react-dom@19.2.0_react@19.2.0/node_modules/react-dom/cjs/react-dom-client.development.js:15718:11)
      at recursivelyTraversePassiveMountEffects (node_modules/.pnpm/react-dom@19.2.0_react@19.2.0/node_modules/react-dom/cjs/react-dom-client.development.js:15439:11)
      at commitPassiveMountOnFiber (node_modules/.pnpm/react-dom@19.2.0_react@19.2.0/node_modules/react-dom/cjs/react-dom-client.development.js:15476:11)
      at recursivelyTraversePassiveMountEffects (node_modules/.pnpm/react-dom@19.2.0_react@19.2.0/node_modules/react-dom/cjs/react-dom-client.development.js:15439:11)
      at commitPassiveMountOnFiber (node_modules/.pnpm/react-dom@19.2.0_react@19.2.0/node_modules/react-dom/cjs/react-dom-client.development.js:15519:11)
      at flushPassiveEffects (node_modules/.pnpm/react-dom@19.2.0_react@19.2.0/node_modules/react-dom/cjs/react-dom-client.development.js:18432:9)
      at flushPendingEffects (node_modules/.pnpm/react-dom@19.2.0_react@19.2.0/node_modules/react-dom/cjs/react-dom-client.development.js:18358:14)
      at flushSpawnedWork (node_modules/.pnpm/react-dom@19.2.0_react@19.2.0/node_modules/react-dom/cjs/react-dom-client.development.js:18323:44)
      at commitRoot (node_modules/.pnpm/react-dom@19.2.0_react@19.2.0/node_modules/react-dom/cjs/react-dom-client.development.js:17955:9)
      at performWorkOnRoot (node_modules/.pnpm/react-dom@19.2.0_react@19.2.0/node_modules/react-dom/cjs/react-dom-client.development.js:16667:15)
      at performSyncWorkOnRoot (node_modules/.pnpm/react-dom@19.2.0_react@19.2.0/node_modules/react-dom/cjs/react-dom-client.development.js:18972:7)
      at flushSyncWorkAcrossRoots_impl (node_modules/.pnpm/react-dom@19.2.0_react@19.2.0/node_modules/react-dom/cjs/react-dom-client.development.js:18814:21)
      at processRootScheduleInMicrotask (node_modules/.pnpm/react-dom@19.2.0_react@19.2.0/node_modules/react-dom/cjs/react-dom-client.development.js:18853:9)
      at node_modules/.pnpm/react-dom@19.2.0_react@19.2.0/node_modules/react-dom/cjs/react-dom-client.development.js:18982:11
      at flushActQueue (node_modules/.pnpm/react@19.2.0/node_modules/react/cjs/react.development.js:590:34)
      at process.env.NODE_ENV.exports.act (node_modules/.pnpm/react@19.2.0/node_modules/react/cjs/react.development.js:884:10)
      at node_modules/.pnpm/@testing-library+react@16.3_15d474de7481bb0af842c1b1705139a8/node_modules/@testing-library/react/dist/act-compat.js:47:25
      at Object.eventWrapper (node_modules/.pnpm/@testing-library+react@16.3_15d474de7481bb0af842c1b1705139a8/node_modules/@testing-library/react/dist/pure.js:107:28)
      at Object.wrapEvent (node_modules/.pnpm/@testing-library+user-event_1ca100c7362ccf0b1358603d616c282d/node_modules/@testing-library/user-event/dist/cjs/event/wrapEvent.js:6:28)
      at Object.dispatchEvent (node_modules/.pnpm/@testing-library+user-event_1ca100c7362ccf0b1358603d616c282d/node_modules/@testing-library/user-event/dist/cjs/event/dispatchEvent.js:45:22)
      at Object.dispatchUIEvent (node_modules/.pnpm/@testing-library+user-event_1ca100c7362ccf0b1358603d616c282d/node_modules/@testing-library/user-event/dist/cjs/event/dispatchEvent.js:22:26)
      at Mouse.up (node_modules/.pnpm/@testing-library+user-event_1ca100c7362ccf0b1358603d616c282d/node_modules/@testing-library/user-event/dist/cjs/system/pointer/mouse.js:100:30)
      at PointerHost.release (node_modules/.pnpm/@testing-library+user-event_1ca100c7362ccf0b1358603d616c282d/node_modules/@testing-library/user-event/dist/cjs/system/pointer/index.js:87:24)
      at pointerAction (node_modules/.pnpm/@testing-library+user-event_1ca100c7362ccf0b1358603d616c282d/node_modules/@testing-library/user-event/dist/cjs/pointer/index.js:54:47)
      at Object.pointer (node_modules/.pnpm/@testing-library+user-event_1ca100c7362ccf0b1358603d616c282d/node_modules/@testing-library/user-event/dist/cjs/pointer/index.js:27:9)
      at Object.asyncWrapper (node_modules/.pnpm/@testing-library+react@16.3_15d474de7481bb0af842c1b1705139a8/node_modules/@testing-library/react/dist/pure.js:88:22)
      at Object.<anonymous> (src/__tests__/pages/index.test.tsx:542:7)

    console.error
      `DialogContent` requires a `DialogTitle` for the component to be accessible for screen reader users.
      
      If you want to hide the `DialogTitle`, you can wrap it with our VisuallyHidden component.
      
      For more information, see https://radix-ui.com/primitives/docs/components/dialog

    [0m [90m 373 |[39m       [36mreturn[39m[33m;[39m
     [90m 374 |[39m     }
    [31m[1m>[22m[39m[90m 375 |[39m     originalError[33m.[39mcall(console[33m,[39m [33m...[39margs)[33m;[39m
     [90m     |[39m                   [31m[1m^[22m[39m
     [90m 376 |[39m   }[33m;[39m
     [90m 377 |[39m })[33m;[39m
     [90m 378 |[39m[0m

      at console.call [as error] (jest.setup.js:375:19)
      at node_modules/.pnpm/@radix-ui+react-dialog@1.1._664b8f23a65f4708bb5cf27e5ff43c08/node_modules/@radix-ui/react-dialog/src/dialog.tsx:520:30
      at Object.react_stack_bottom_frame (node_modules/.pnpm/react-dom@19.2.0_react@19.2.0/node_modules/react-dom/cjs/react-dom-client.development.js:25989:20)
      at runWithFiberInDEV (node_modules/.pnpm/react-dom@19.2.0_react@19.2.0/node_modules/react-dom/cjs/react-dom-client.development.js:874:13)
      at commitHookEffectListMount (node_modules/.pnpm/react-dom@19.2.0_react@19.2.0/node_modules/react-dom/cjs/react-dom-client.development.js:13249:29)
      at commitHookPassiveMountEffects (node_modules/.pnpm/react-dom@19.2.0_react@19.2.0/node_modules/react-dom/cjs/react-dom-client.development.js:13336:11)
      at commitPassiveMountOnFiber (node_modules/.pnpm/react-dom@19.2.0_react@19.2.0/node_modules/react-dom/cjs/react-dom-client.development.js:15484:13)
      at recursivelyTraversePassiveMountEffects (node_modules/.pnpm/react-dom@19.2.0_react@19.2.0/node_modules/react-dom/cjs/react-dom-client.development.js:15439:11)
      at commitPassiveMountOnFiber (node_modules/.pnpm/react-dom@19.2.0_react@19.2.0/node_modules/react-dom/cjs/react-dom-client.development.js:15718:11)
      at recursivelyTraversePassiveMountEffects (node_modules/.pnpm/react-dom@19.2.0_react@19.2.0/node_modules/react-dom/cjs/react-dom-client.development.js:15439:11)
      at commitPassiveMountOnFiber (node_modules/.pnpm/react-dom@19.2.0_react@19.2.0/node_modules/react-dom/cjs/react-dom-client.development.js:15476:11)
      at recursivelyTraversePassiveMountEffects (node_modules/.pnpm/react-dom@19.2.0_react@19.2.0/node_modules/react-dom/cjs/react-dom-client.development.js:15439:11)
      at commitPassiveMountOnFiber (node_modules/.pnpm/react-dom@19.2.0_react@19.2.0/node_modules/react-dom/cjs/react-dom-client.development.js:15476:11)
      at recursivelyTraversePassiveMountEffects (node_modules/.pnpm/react-dom@19.2.0_react@19.2.0/node_modules/react-dom/cjs/react-dom-client.development.js:15439:11)
      at commitPassiveMountOnFiber (node_modules/.pnpm/react-dom@19.2.0_react@19.2.0/node_modules/react-dom/cjs/react-dom-client.development.js:15476:11)
      at recursivelyTraversePassiveMountEffects (node_modules/.pnpm/react-dom@19.2.0_react@19.2.0/node_modules/react-dom/cjs/react-dom-client.development.js:15439:11)
      at commitPassiveMountOnFiber (node_modules/.pnpm/react-dom@19.2.0_react@19.2.0/node_modules/react-dom/cjs/react-dom-client.development.js:15476:11)
      at recursivelyTraversePassiveMountEffects (node_modules/.pnpm/react-dom@19.2.0_react@19.2.0/node_modules/react-dom/cjs/react-dom-client.development.js:15439:11)
      at commitPassiveMountOnFiber (node_modules/.pnpm/react-dom@19.2.0_react@19.2.0/node_modules/react-dom/cjs/react-dom-client.development.js:15476:11)
      at recursivelyTraversePassiveMountEffects (node_modules/.pnpm/react-dom@19.2.0_react@19.2.0/node_modules/react-dom/cjs/react-dom-client.development.js:15439:11)
      at commitPassiveMountOnFiber (node_modules/.pnpm/react-dom@19.2.0_react@19.2.0/node_modules/react-dom/cjs/react-dom-client.development.js:15476:11)
      at recursivelyTraversePassiveMountEffects (node_modules/.pnpm/react-dom@19.2.0_react@19.2.0/node_modules/react-dom/cjs/react-dom-client.development.js:15439:11)
      at commitPassiveMountOnFiber (node_modules/.pnpm/react-dom@19.2.0_react@19.2.0/node_modules/react-dom/cjs/react-dom-client.development.js:15476:11)
      at recursivelyTraversePassiveMountEffects (node_modules/.pnpm/react-dom@19.2.0_react@19.2.0/node_modules/react-dom/cjs/react-dom-client.development.js:15439:11)
      at commitPassiveMountOnFiber (node_modules/.pnpm/react-dom@19.2.0_react@19.2.0/node_modules/react-dom/cjs/react-dom-client.development.js:15718:11)
      at recursivelyTraversePassiveMountEffects (node_modules/.pnpm/react-dom@19.2.0_react@19.2.0/node_modules/react-dom/cjs/react-dom-client.development.js:15439:11)
      at commitPassiveMountOnFiber (node_modules/.pnpm/react-dom@19.2.0_react@19.2.0/node_modules/react-dom/cjs/react-dom-client.development.js:15476:11)
      at recursivelyTraversePassiveMountEffects (node_modules/.pnpm/react-dom@19.2.0_react@19.2.0/node_modules/react-dom/cjs/react-dom-client.development.js:15439:11)
      at commitPassiveMountOnFiber (node_modules/.pnpm/react-dom@19.2.0_react@19.2.0/node_modules/react-dom/cjs/react-dom-client.development.js:15476:11)
      at recursivelyTraversePassiveMountEffects (node_modules/.pnpm/react-dom@19.2.0_react@19.2.0/node_modules/react-dom/cjs/react-dom-client.development.js:15439:11)
      at commitPassiveMountOnFiber (node_modules/.pnpm/react-dom@19.2.0_react@19.2.0/node_modules/react-dom/cjs/react-dom-client.development.js:15718:11)
      at recursivelyTraversePassiveMountEffects (node_modules/.pnpm/react-dom@19.2.0_react@19.2.0/node_modules/react-dom/cjs/react-dom-client.development.js:15439:11)
      at commitPassiveMountOnFiber (node_modules/.pnpm/react-dom@19.2.0_react@19.2.0/node_modules/react-dom/cjs/react-dom-client.development.js:15476:11)
      at recursivelyTraversePassiveMountEffects (node_modules/.pnpm/react-dom@19.2.0_react@19.2.0/node_modules/react-dom/cjs/react-dom-client.development.js:15439:11)
      at commitPassiveMountOnFiber (node_modules/.pnpm/react-dom@19.2.0_react@19.2.0/node_modules/react-dom/cjs/react-dom-client.development.js:15476:11)
      at recursivelyTraversePassiveMountEffects (node_modules/.pnpm/react-dom@19.2.0_react@19.2.0/node_modules/react-dom/cjs/react-dom-client.development.js:15439:11)
      at commitPassiveMountOnFiber (node_modules/.pnpm/react-dom@19.2.0_react@19.2.0/node_modules/react-dom/cjs/react-dom-client.development.js:15476:11)
      at recursivelyTraversePassiveMountEffects (node_modules/.pnpm/react-dom@19.2.0_react@19.2.0/node_modules/react-dom/cjs/react-dom-client.development.js:15439:11)
      at commitPassiveMountOnFiber (node_modules/.pnpm/react-dom@19.2.0_react@19.2.0/node_modules/react-dom/cjs/react-dom-client.development.js:15718:11)
      at recursivelyTraversePassiveMountEffects (node_modules/.pnpm/react-dom@19.2.0_react@19.2.0/node_modules/react-dom/cjs/react-dom-client.development.js:15439:11)
      at commitPassiveMountOnFiber (node_modules/.pnpm/react-dom@19.2.0_react@19.2.0/node_modules/react-dom/cjs/react-dom-client.development.js:15476:11)
      at recursivelyTraversePassiveMountEffects (node_modules/.pnpm/react-dom@19.2.0_react@19.2.0/node_modules/react-dom/cjs/react-dom-client.development.js:15439:11)
      at commitPassiveMountOnFiber (node_modules/.pnpm/react-dom@19.2.0_react@19.2.0/node_modules/react-dom/cjs/react-dom-client.development.js:15476:11)
      at recursivelyTraversePassiveMountEffects (node_modules/.pnpm/react-dom@19.2.0_react@19.2.0/node_modules/react-dom/cjs/react-dom-client.development.js:15439:11)
      at commitPassiveMountOnFiber (node_modules/.pnpm/react-dom@19.2.0_react@19.2.0/node_modules/react-dom/cjs/react-dom-client.development.js:15476:11)
      at recursivelyTraversePassiveMountEffects (node_modules/.pnpm/react-dom@19.2.0_react@19.2.0/node_modules/react-dom/cjs/react-dom-client.development.js:15439:11)
      at commitPassiveMountOnFiber (node_modules/.pnpm/react-dom@19.2.0_react@19.2.0/node_modules/react-dom/cjs/react-dom-client.development.js:15476:11)
      at recursivelyTraversePassiveMountEffects (node_modules/.pnpm/react-dom@19.2.0_react@19.2.0/node_modules/react-dom/cjs/react-dom-client.development.js:15439:11)
      at commitPassiveMountOnFiber (node_modules/.pnpm/react-dom@19.2.0_react@19.2.0/node_modules/react-dom/cjs/react-dom-client.development.js:15718:11)
      at recursivelyTraversePassiveMountEffects (node_modules/.pnpm/react-dom@19.2.0_react@19.2.0/node_modules/react-dom/cjs/react-dom-client.development.js:15439:11)
      at commitPassiveMountOnFiber (node_modules/.pnpm/react-dom@19.2.0_react@19.2.0/node_modules/react-dom/cjs/react-dom-client.development.js:15476:11)
      at recursivelyTraversePassiveMountEffects (node_modules/.pnpm/react-dom@19.2.0_react@19.2.0/node_modules/react-dom/cjs/react-dom-client.development.js:15439:11)
      at commitPassiveMountOnFiber (node_modules/.pnpm/react-dom@19.2.0_react@19.2.0/node_modules/react-dom/cjs/react-dom-client.development.js:15519:11)
      at flushPassiveEffects (node_modules/.pnpm/react-dom@19.2.0_react@19.2.0/node_modules/react-dom/cjs/react-dom-client.development.js:18432:9)
      at flushPendingEffects (node_modules/.pnpm/react-dom@19.2.0_react@19.2.0/node_modules/react-dom/cjs/react-dom-client.development.js:18358:14)
      at flushSpawnedWork (node_modules/.pnpm/react-dom@19.2.0_react@19.2.0/node_modules/react-dom/cjs/react-dom-client.development.js:18323:44)
      at commitRoot (node_modules/.pnpm/react-dom@19.2.0_react@19.2.0/node_modules/react-dom/cjs/react-dom-client.development.js:17955:9)
      at performWorkOnRoot (node_modules/.pnpm/react-dom@19.2.0_react@19.2.0/node_modules/react-dom/cjs/react-dom-client.development.js:16667:15)
      at performSyncWorkOnRoot (node_modules/.pnpm/react-dom@19.2.0_react@19.2.0/node_modules/react-dom/cjs/react-dom-client.development.js:18972:7)
      at flushSyncWorkAcrossRoots_impl (node_modules/.pnpm/react-dom@19.2.0_react@19.2.0/node_modules/react-dom/cjs/react-dom-client.development.js:18814:21)
      at processRootScheduleInMicrotask (node_modules/.pnpm/react-dom@19.2.0_react@19.2.0/node_modules/react-dom/cjs/react-dom-client.development.js:18853:9)
      at node_modules/.pnpm/react-dom@19.2.0_react@19.2.0/node_modules/react-dom/cjs/react-dom-client.development.js:18982:11
      at flushActQueue (node_modules/.pnpm/react@19.2.0/node_modules/react/cjs/react.development.js:590:34)
      at process.env.NODE_ENV.exports.act (node_modules/.pnpm/react@19.2.0/node_modules/react/cjs/react.development.js:884:10)
      at node_modules/.pnpm/@testing-library+react@16.3_15d474de7481bb0af842c1b1705139a8/node_modules/@testing-library/react/dist/act-compat.js:47:25
      at Object.eventWrapper (node_modules/.pnpm/@testing-library+react@16.3_15d474de7481bb0af842c1b1705139a8/node_modules/@testing-library/react/dist/pure.js:107:28)
      at Object.wrapEvent (node_modules/.pnpm/@testing-library+user-event_1ca100c7362ccf0b1358603d616c282d/node_modules/@testing-library/user-event/dist/cjs/event/wrapEvent.js:6:28)
      at Object.dispatchEvent (node_modules/.pnpm/@testing-library+user-event_1ca100c7362ccf0b1358603d616c282d/node_modules/@testing-library/user-event/dist/cjs/event/dispatchEvent.js:45:22)
      at Object.dispatchUIEvent (node_modules/.pnpm/@testing-library+user-event_1ca100c7362ccf0b1358603d616c282d/node_modules/@testing-library/user-event/dist/cjs/event/dispatchEvent.js:22:26)
      at Mouse.up (node_modules/.pnpm/@testing-library+user-event_1ca100c7362ccf0b1358603d616c282d/node_modules/@testing-library/user-event/dist/cjs/system/pointer/mouse.js:100:30)
      at PointerHost.release (node_modules/.pnpm/@testing-library+user-event_1ca100c7362ccf0b1358603d616c282d/node_modules/@testing-library/user-event/dist/cjs/system/pointer/index.js:87:24)
      at pointerAction (node_modules/.pnpm/@testing-library+user-event_1ca100c7362ccf0b1358603d616c282d/node_modules/@testing-library/user-event/dist/cjs/pointer/index.js:54:47)
      at Object.pointer (node_modules/.pnpm/@testing-library+user-event_1ca100c7362ccf0b1358603d616c282d/node_modules/@testing-library/user-event/dist/cjs/pointer/index.js:27:9)
      at Object.asyncWrapper (node_modules/.pnpm/@testing-library+react@16.3_15d474de7481bb0af842c1b1705139a8/node_modules/@testing-library/react/dist/pure.js:88:22)
      at Object.<anonymous> (src/__tests__/pages/index.test.tsx:608:7)

    console.warn
      Warning: Missing `Description` or `aria-describedby={undefined}` for {DialogContent}.

    [0m [90m 606 |[39m       [90m// Open modal and submit login[39m
     [90m 607 |[39m       [36mconst[39m getStartedButtons [33m=[39m screen[33m.[39mgetAllByText([32m'Get Started Free'[39m)[33m;[39m
    [31m[1m>[22m[39m[90m 608 |[39m       [36mawait[39m user[33m.[39mclick(getStartedButtons[[35m0[39m])[33m;[39m
     [90m     |[39m       [31m[1m^[22m[39m
     [90m 609 |[39m
     [90m 610 |[39m       [36mawait[39m waitFor(() [33m=>[39m {
     [90m 611 |[39m         expect(screen[33m.[39mgetByText([32m'Sign In to MeepleAI'[39m))[33m.[39mtoBeInTheDocument()[33m;[39m[0m

      at node_modules/.pnpm/@radix-ui+react-dialog@1.1._664b8f23a65f4708bb5cf27e5ff43c08/node_modules/@radix-ui/react-dialog/src/dialog.tsx:543:36
      at Object.react_stack_bottom_frame (node_modules/.pnpm/react-dom@19.2.0_react@19.2.0/node_modules/react-dom/cjs/react-dom-client.development.js:25989:20)
      at runWithFiberInDEV (node_modules/.pnpm/react-dom@19.2.0_react@19.2.0/node_modules/react-dom/cjs/react-dom-client.development.js:874:13)
      at commitHookEffectListMount (node_modules/.pnpm/react-dom@19.2.0_react@19.2.0/node_modules/react-dom/cjs/react-dom-client.development.js:13249:29)
      at commitHookPassiveMountEffects (node_modules/.pnpm/react-dom@19.2.0_react@19.2.0/node_modules/react-dom/cjs/react-dom-client.development.js:13336:11)
      at commitPassiveMountOnFiber (node_modules/.pnpm/react-dom@19.2.0_react@19.2.0/node_modules/react-dom/cjs/react-dom-client.development.js:15484:13)
      at recursivelyTraversePassiveMountEffects (node_modules/.pnpm/react-dom@19.2.0_react@19.2.0/node_modules/react-dom/cjs/react-dom-client.development.js:15439:11)
      at commitPassiveMountOnFiber (node_modules/.pnpm/react-dom@19.2.0_react@19.2.0/node_modules/react-dom/cjs/react-dom-client.development.js:15718:11)
      at recursivelyTraversePassiveMountEffects (node_modules/.pnpm/react-dom@19.2.0_react@19.2.0/node_modules/react-dom/cjs/react-dom-client.development.js:15439:11)
      at commitPassiveMountOnFiber (node_modules/.pnpm/react-dom@19.2.0_react@19.2.0/node_modules/react-dom/cjs/react-dom-client.development.js:15476:11)
      at recursivelyTraversePassiveMountEffects (node_modules/.pnpm/react-dom@19.2.0_react@19.2.0/node_modules/react-dom/cjs/react-dom-client.development.js:15439:11)
      at commitPassiveMountOnFiber (node_modules/.pnpm/react-dom@19.2.0_react@19.2.0/node_modules/react-dom/cjs/react-dom-client.development.js:15476:11)
      at recursivelyTraversePassiveMountEffects (node_modules/.pnpm/react-dom@19.2.0_react@19.2.0/node_modules/react-dom/cjs/react-dom-client.development.js:15439:11)
      at commitPassiveMountOnFiber (node_modules/.pnpm/react-dom@19.2.0_react@19.2.0/node_modules/react-dom/cjs/react-dom-client.development.js:15476:11)
      at recursivelyTraversePassiveMountEffects (node_modules/.pnpm/react-dom@19.2.0_react@19.2.0/node_modules/react-dom/cjs/react-dom-client.development.js:15439:11)
      at commitPassiveMountOnFiber (node_modules/.pnpm/react-dom@19.2.0_react@19.2.0/node_modules/react-dom/cjs/react-dom-client.development.js:15476:11)
      at recursivelyTraversePassiveMountEffects (node_modules/.pnpm/react-dom@19.2.0_react@19.2.0/node_modules/react-dom/cjs/react-dom-client.development.js:15439:11)
      at commitPassiveMountOnFiber (node_modules/.pnpm/react-dom@19.2.0_react@19.2.0/node_modules/react-dom/cjs/react-dom-client.development.js:15476:11)
      at recursivelyTraversePassiveMountEffects (node_modules/.pnpm/react-dom@19.2.0_react@19.2.0/node_modules/react-dom/cjs/react-dom-client.development.js:15439:11)
      at commitPassiveMountOnFiber (node_modules/.pnpm/react-dom@19.2.0_react@19.2.0/node_modules/react-dom/cjs/react-dom-client.development.js:15476:11)
      at recursivelyTraversePassiveMountEffects (node_modules/.pnpm/react-dom@19.2.0_react@19.2.0/node_modules/react-dom/cjs/react-dom-client.development.js:15439:11)
      at commitPassiveMountOnFiber (node_modules/.pnpm/react-dom@19.2.0_react@19.2.0/node_modules/react-dom/cjs/react-dom-client.development.js:15476:11)
      at recursivelyTraversePassiveMountEffects (node_modules/.pnpm/react-dom@19.2.0_react@19.2.0/node_modules/react-dom/cjs/react-dom-client.development.js:15439:11)
      at commitPassiveMountOnFiber (node_modules/.pnpm/react-dom@19.2.0_react@19.2.0/node_modules/react-dom/cjs/react-dom-client.development.js:15718:11)
      at recursivelyTraversePassiveMountEffects (node_modules/.pnpm/react-dom@19.2.0_react@19.2.0/node_modules/react-dom/cjs/react-dom-client.development.js:15439:11)
      at commitPassiveMountOnFiber (node_modules/.pnpm/react-dom@19.2.0_react@19.2.0/node_modules/react-dom/cjs/react-dom-client.development.js:15476:11)
      at recursivelyTraversePassiveMountEffects (node_modules/.pnpm/react-dom@19.2.0_react@19.2.0/node_modules/react-dom/cjs/react-dom-client.development.js:15439:11)
      at commitPassiveMountOnFiber (node_modules/.pnpm/react-dom@19.2.0_react@19.2.0/node_modules/react-dom/cjs/react-dom-client.development.js:15476:11)
      at recursivelyTraversePassiveMountEffects (node_modules/.pnpm/react-dom@19.2.0_react@19.2.0/node_modules/react-dom/cjs/react-dom-client.development.js:15439:11)
      at commitPassiveMountOnFiber (node_modules/.pnpm/react-dom@19.2.0_react@19.2.0/node_modules/react-dom/cjs/react-dom-client.development.js:15718:11)
      at recursivelyTraversePassiveMountEffects (node_modules/.pnpm/react-dom@19.2.0_react@19.2.0/node_modules/react-dom/cjs/react-dom-client.development.js:15439:11)
      at commitPassiveMountOnFiber (node_modules/.pnpm/react-dom@19.2.0_react@19.2.0/node_modules/react-dom/cjs/react-dom-client.development.js:15476:11)
      at recursivelyTraversePassiveMountEffects (node_modules/.pnpm/react-dom@19.2.0_react@19.2.0/node_modules/react-dom/cjs/react-dom-client.development.js:15439:11)
      at commitPassiveMountOnFiber (node_modules/.pnpm/react-dom@19.2.0_react@19.2.0/node_modules/react-dom/cjs/react-dom-client.development.js:15476:11)
      at recursivelyTraversePassiveMountEffects (node_modules/.pnpm/react-dom@19.2.0_react@19.2.0/node_modules/react-dom/cjs/react-dom-client.development.js:15439:11)
      at commitPassiveMountOnFiber (node_modules/.pnpm/react-dom@19.2.0_react@19.2.0/node_modules/react-dom/cjs/react-dom-client.development.js:15476:11)
      at recursivelyTraversePassiveMountEffects (node_modules/.pnpm/react-dom@19.2.0_react@19.2.0/node_modules/react-dom/cjs/react-dom-client.development.js:15439:11)
      at commitPassiveMountOnFiber (node_modules/.pnpm/react-dom@19.2.0_react@19.2.0/node_modules/react-dom/cjs/react-dom-client.development.js:15718:11)
      at recursivelyTraversePassiveMountEffects (node_modules/.pnpm/react-dom@19.2.0_react@19.2.0/node_modules/react-dom/cjs/react-dom-client.development.js:15439:11)
      at commitPassiveMountOnFiber (node_modules/.pnpm/react-dom@19.2.0_react@19.2.0/node_modules/react-dom/cjs/react-dom-client.development.js:15476:11)
      at recursivelyTraversePassiveMountEffects (node_modules/.pnpm/react-dom@19.2.0_react@19.2.0/node_modules/react-dom/cjs/react-dom-client.development.js:15439:11)
      at commitPassiveMountOnFiber (node_modules/.pnpm/react-dom@19.2.0_react@19.2.0/node_modules/react-dom/cjs/react-dom-client.development.js:15476:11)
      at recursivelyTraversePassiveMountEffects (node_modules/.pnpm/react-dom@19.2.0_react@19.2.0/node_modules/react-dom/cjs/react-dom-client.development.js:15439:11)
      at commitPassiveMountOnFiber (node_modules/.pnpm/react-dom@19.2.0_react@19.2.0/node_modules/react-dom/cjs/react-dom-client.development.js:15476:11)
      at recursivelyTraversePassiveMountEffects (node_modules/.pnpm/react-dom@19.2.0_react@19.2.0/node_modules/react-dom/cjs/react-dom-client.development.js:15439:11)
      at commitPassiveMountOnFiber (node_modules/.pnpm/react-dom@19.2.0_react@19.2.0/node_modules/react-dom/cjs/react-dom-client.development.js:15476:11)
      at recursivelyTraversePassiveMountEffects (node_modules/.pnpm/react-dom@19.2.0_react@19.2.0/node_modules/react-dom/cjs/react-dom-client.development.js:15439:11)
      at commitPassiveMountOnFiber (node_modules/.pnpm/react-dom@19.2.0_react@19.2.0/node_modules/react-dom/cjs/react-dom-client.development.js:15718:11)
      at recursivelyTraversePassiveMountEffects (node_modules/.pnpm/react-dom@19.2.0_react@19.2.0/node_modules/react-dom/cjs/react-dom-client.development.js:15439:11)
      at commitPassiveMountOnFiber (node_modules/.pnpm/react-dom@19.2.0_react@19.2.0/node_modules/react-dom/cjs/react-dom-client.development.js:15476:11)
      at recursivelyTraversePassiveMountEffects (node_modules/.pnpm/react-dom@19.2.0_react@19.2.0/node_modules/react-dom/cjs/react-dom-client.development.js:15439:11)
      at commitPassiveMountOnFiber (node_modules/.pnpm/react-dom@19.2.0_react@19.2.0/node_modules/react-dom/cjs/react-dom-client.development.js:15519:11)
      at flushPassiveEffects (node_modules/.pnpm/react-dom@19.2.0_react@19.2.0/node_modules/react-dom/cjs/react-dom-client.development.js:18432:9)
      at flushPendingEffects (node_modules/.pnpm/react-dom@19.2.0_react@19.2.0/node_modules/react-dom/cjs/react-dom-client.development.js:18358:14)
      at flushSpawnedWork (node_modules/.pnpm/react-dom@19.2.0_react@19.2.0/node_modules/react-dom/cjs/react-dom-client.development.js:18323:44)
      at commitRoot (node_modules/.pnpm/react-dom@19.2.0_react@19.2.0/node_modules/react-dom/cjs/react-dom-client.development.js:17955:9)
      at performWorkOnRoot (node_modules/.pnpm/react-dom@19.2.0_react@19.2.0/node_modules/react-dom/cjs/react-dom-client.development.js:16667:15)
      at performSyncWorkOnRoot (node_modules/.pnpm/react-dom@19.2.0_react@19.2.0/node_modules/react-dom/cjs/react-dom-client.development.js:18972:7)
      at flushSyncWorkAcrossRoots_impl (node_modules/.pnpm/react-dom@19.2.0_react@19.2.0/node_modules/react-dom/cjs/react-dom-client.development.js:18814:21)
      at processRootScheduleInMicrotask (node_modules/.pnpm/react-dom@19.2.0_react@19.2.0/node_modules/react-dom/cjs/react-dom-client.development.js:18853:9)
      at node_modules/.pnpm/react-dom@19.2.0_react@19.2.0/node_modules/react-dom/cjs/react-dom-client.development.js:18982:11
      at flushActQueue (node_modules/.pnpm/react@19.2.0/node_modules/react/cjs/react.development.js:590:34)
      at process.env.NODE_ENV.exports.act (node_modules/.pnpm/react@19.2.0/node_modules/react/cjs/react.development.js:884:10)
      at node_modules/.pnpm/@testing-library+react@16.3_15d474de7481bb0af842c1b1705139a8/node_modules/@testing-library/react/dist/act-compat.js:47:25
      at Object.eventWrapper (node_modules/.pnpm/@testing-library+react@16.3_15d474de7481bb0af842c1b1705139a8/node_modules/@testing-library/react/dist/pure.js:107:28)
      at Object.wrapEvent (node_modules/.pnpm/@testing-library+user-event_1ca100c7362ccf0b1358603d616c282d/node_modules/@testing-library/user-event/dist/cjs/event/wrapEvent.js:6:28)
      at Object.dispatchEvent (node_modules/.pnpm/@testing-library+user-event_1ca100c7362ccf0b1358603d616c282d/node_modules/@testing-library/user-event/dist/cjs/event/dispatchEvent.js:45:22)
      at Object.dispatchUIEvent (node_modules/.pnpm/@testing-library+user-event_1ca100c7362ccf0b1358603d616c282d/node_modules/@testing-library/user-event/dist/cjs/event/dispatchEvent.js:22:26)
      at Mouse.up (node_modules/.pnpm/@testing-library+user-event_1ca100c7362ccf0b1358603d616c282d/node_modules/@testing-library/user-event/dist/cjs/system/pointer/mouse.js:100:30)
      at PointerHost.release (node_modules/.pnpm/@testing-library+user-event_1ca100c7362ccf0b1358603d616c282d/node_modules/@testing-library/user-event/dist/cjs/system/pointer/index.js:87:24)
      at pointerAction (node_modules/.pnpm/@testing-library+user-event_1ca100c7362ccf0b1358603d616c282d/node_modules/@testing-library/user-event/dist/cjs/pointer/index.js:54:47)
      at Object.pointer (node_modules/.pnpm/@testing-library+user-event_1ca100c7362ccf0b1358603d616c282d/node_modules/@testing-library/user-event/dist/cjs/pointer/index.js:27:9)
      at Object.asyncWrapper (node_modules/.pnpm/@testing-library+react@16.3_15d474de7481bb0af842c1b1705139a8/node_modules/@testing-library/react/dist/pure.js:88:22)
      at Object.<anonymous> (src/__tests__/pages/index.test.tsx:608:7)

    console.error
      Login failed: Error: Invalid credentials
          at D:\Repositories\meepleai-monorepo\apps\web\src\hooks\useAuth.ts:111:13
          at handleLogin (D:\Repositories\meepleai-monorepo\apps\web\src\components\auth\AuthModal.tsx:65:20)
          at onFormSubmit (D:\Repositories\meepleai-monorepo\apps\web\src\components\auth\LoginForm.tsx:75:5)
          at unset (D:\Repositories\meepleai-monorepo\apps\web\node_modules\.pnpm\react-hook-form@7.66.0_react@19.2.0\node_modules\react-hook-form\src\logic\createFormControl.ts:1266:7)

    [0m [90m 373 |[39m       [36mreturn[39m[33m;[39m
     [90m 374 |[39m     }
    [31m[1m>[22m[39m[90m 375 |[39m     originalError[33m.[39mcall(console[33m,[39m [33m...[39margs)[33m;[39m
     [90m     |[39m                   [31m[1m^[22m[39m
     [90m 376 |[39m   }[33m;[39m
     [90m 377 |[39m })[33m;[39m
     [90m 378 |[39m[0m

      at console.call [as error] (jest.setup.js:375:19)
      at error (src/components/auth/AuthModal.tsx:71:15)
      at onFormSubmit (src/components/auth/LoginForm.tsx:75:5)
      at unset (node_modules/.pnpm/react-hook-form@7.66.0_react@19.2.0/node_modules/react-hook-form/src/logic/createFormControl.ts:1266:7)

    console.error
      `DialogContent` requires a `DialogTitle` for the component to be accessible for screen reader users.
      
      If you want to hide the `DialogTitle`, you can wrap it with our VisuallyHidden component.
      
      For more information, see https://radix-ui.com/primitives/docs/components/dialog

    [0m [90m 373 |[39m       [36mreturn[39m[33m;[39m
     [90m 374 |[39m     }
    [31m[1m>[22m[39m[90m 375 |[39m     originalError[33m.[39mcall(console[33m,[39m [33m...[39margs)[33m;[39m
     [90m     |[39m                   [31m[1m^[22m[39m
     [90m 376 |[39m   }[33m;[39m
     [90m 377 |[39m })[33m;[39m
     [90m 378 |[39m[0m

      at console.call [as error] (jest.setup.js:375:19)
      at node_modules/.pnpm/@radix-ui+react-dialog@1.1._664b8f23a65f4708bb5cf27e5ff43c08/node_modules/@radix-ui/react-dialog/src/dialog.tsx:520:30
      at Object.react_stack_bottom_frame (node_modules/.pnpm/react-dom@19.2.0_react@19.2.0/node_modules/react-dom/cjs/react-dom-client.development.js:25989:20)
      at runWithFiberInDEV (node_modules/.pnpm/react-dom@19.2.0_react@19.2.0/node_modules/react-dom/cjs/react-dom-client.development.js:874:13)
      at commitHookEffectListMount (node_modules/.pnpm/react-dom@19.2.0_react@19.2.0/node_modules/react-dom/cjs/react-dom-client.development.js:13249:29)
      at commitHookPassiveMountEffects (node_modules/.pnpm/react-dom@19.2.0_react@19.2.0/node_modules/react-dom/cjs/react-dom-client.development.js:13336:11)
      at commitPassiveMountOnFiber (node_modules/.pnpm/react-dom@19.2.0_react@19.2.0/node_modules/react-dom/cjs/react-dom-client.development.js:15484:13)
      at recursivelyTraversePassiveMountEffects (node_modules/.pnpm/react-dom@19.2.0_react@19.2.0/node_modules/react-dom/cjs/react-dom-client.development.js:15439:11)
      at commitPassiveMountOnFiber (node_modules/.pnpm/react-dom@19.2.0_react@19.2.0/node_modules/react-dom/cjs/react-dom-client.development.js:15718:11)
      at recursivelyTraversePassiveMountEffects (node_modules/.pnpm/react-dom@19.2.0_react@19.2.0/node_modules/react-dom/cjs/react-dom-client.development.js:15439:11)
      at commitPassiveMountOnFiber (node_modules/.pnpm/react-dom@19.2.0_react@19.2.0/node_modules/react-dom/cjs/react-dom-client.development.js:15476:11)
      at recursivelyTraversePassiveMountEffects (node_modules/.pnpm/react-dom@19.2.0_react@19.2.0/node_modules/react-dom/cjs/react-dom-client.development.js:15439:11)
      at commitPassiveMountOnFiber (node_modules/.pnpm/react-dom@19.2.0_react@19.2.0/node_modules/react-dom/cjs/react-dom-client.development.js:15476:11)
      at recursivelyTraversePassiveMountEffects (node_modules/.pnpm/react-dom@19.2.0_react@19.2.0/node_modules/react-dom/cjs/react-dom-client.development.js:15439:11)
      at commitPassiveMountOnFiber (node_modules/.pnpm/react-dom@19.2.0_react@19.2.0/node_modules/react-dom/cjs/react-dom-client.development.js:15476:11)
      at recursivelyTraversePassiveMountEffects (node_modules/.pnpm/react-dom@19.2.0_react@19.2.0/node_modules/react-dom/cjs/react-dom-client.development.js:15439:11)
      at commitPassiveMountOnFiber (node_modules/.pnpm/react-dom@19.2.0_react@19.2.0/node_modules/react-dom/cjs/react-dom-client.development.js:15476:11)
      at recursivelyTraversePassiveMountEffects (node_modules/.pnpm/react-dom@19.2.0_react@19.2.0/node_modules/react-dom/cjs/react-dom-client.development.js:15439:11)
      at commitPassiveMountOnFiber (node_modules/.pnpm/react-dom@19.2.0_react@19.2.0/node_modules/react-dom/cjs/react-dom-client.development.js:15476:11)
      at recursivelyTraversePassiveMountEffects (node_modules/.pnpm/react-dom@19.2.0_react@19.2.0/node_modules/react-dom/cjs/react-dom-client.development.js:15439:11)
      at commitPassiveMountOnFiber (node_modules/.pnpm/react-dom@19.2.0_react@19.2.0/node_modules/react-dom/cjs/react-dom-client.development.js:15476:11)
      at recursivelyTraversePassiveMountEffects (node_modules/.pnpm/react-dom@19.2.0_react@19.2.0/node_modules/react-dom/cjs/react-dom-client.development.js:15439:11)
      at commitPassiveMountOnFiber (node_modules/.pnpm/react-dom@19.2.0_react@19.2.0/node_modules/react-dom/cjs/react-dom-client.development.js:15476:11)
      at recursivelyTraversePassiveMountEffects (node_modules/.pnpm/react-dom@19.2.0_react@19.2.0/node_modules/react-dom/cjs/react-dom-client.development.js:15439:11)
      at commitPassiveMountOnFiber (node_modules/.pnpm/react-dom@19.2.0_react@19.2.0/node_modules/react-dom/cjs/react-dom-client.development.js:15718:11)
      at recursivelyTraversePassiveMountEffects (node_modules/.pnpm/react-dom@19.2.0_react@19.2.0/node_modules/react-dom/cjs/react-dom-client.development.js:15439:11)
      at commitPassiveMountOnFiber (node_modules/.pnpm/react-dom@19.2.0_react@19.2.0/node_modules/react-dom/cjs/react-dom-client.development.js:15476:11)
      at recursivelyTraversePassiveMountEffects (node_modules/.pnpm/react-dom@19.2.0_react@19.2.0/node_modules/react-dom/cjs/react-dom-client.development.js:15439:11)
      at commitPassiveMountOnFiber (node_modules/.pnpm/react-dom@19.2.0_react@19.2.0/node_modules/react-dom/cjs/react-dom-client.development.js:15476:11)
      at recursivelyTraversePassiveMountEffects (node_modules/.pnpm/react-dom@19.2.0_react@19.2.0/node_modules/react-dom/cjs/react-dom-client.development.js:15439:11)
      at commitPassiveMountOnFiber (node_modules/.pnpm/react-dom@19.2.0_react@19.2.0/node_modules/react-dom/cjs/react-dom-client.development.js:15718:11)
      at recursivelyTraversePassiveMountEffects (node_modules/.pnpm/react-dom@19.2.0_react@19.2.0/node_modules/react-dom/cjs/react-dom-client.development.js:15439:11)
      at commitPassiveMountOnFiber (node_modules/.pnpm/react-dom@19.2.0_react@19.2.0/node_modules/react-dom/cjs/react-dom-client.development.js:15476:11)
      at recursivelyTraversePassiveMountEffects (node_modules/.pnpm/react-dom@19.2.0_react@19.2.0/node_modules/react-dom/cjs/react-dom-client.development.js:15439:11)
      at commitPassiveMountOnFiber (node_modules/.pnpm/react-dom@19.2.0_react@19.2.0/node_modules/react-dom/cjs/react-dom-client.development.js:15476:11)
      at recursivelyTraversePassiveMountEffects (node_modules/.pnpm/react-dom@19.2.0_react@19.2.0/node_modules/react-dom/cjs/react-dom-client.development.js:15439:11)
      at commitPassiveMountOnFiber (node_modules/.pnpm/react-dom@19.2.0_react@19.2.0/node_modules/react-dom/cjs/react-dom-client.development.js:15476:11)
      at recursivelyTraversePassiveMountEffects (node_modules/.pnpm/react-dom@19.2.0_react@19.2.0/node_modules/react-dom/cjs/react-dom-client.development.js:15439:11)
      at commitPassiveMountOnFiber (node_modules/.pnpm/react-dom@19.2.0_react@19.2.0/node_modules/react-dom/cjs/react-dom-client.development.js:15718:11)
      at recursivelyTraversePassiveMountEffects (node_modules/.pnpm/react-dom@19.2.0_react@19.2.0/node_modules/react-dom/cjs/react-dom-client.development.js:15439:11)
      at commitPassiveMountOnFiber (node_modules/.pnpm/react-dom@19.2.0_react@19.2.0/node_modules/react-dom/cjs/react-dom-client.development.js:15476:11)
      at recursivelyTraversePassiveMountEffects (node_modules/.pnpm/react-dom@19.2.0_react@19.2.0/node_modules/react-dom/cjs/react-dom-client.development.js:15439:11)
      at commitPassiveMountOnFiber (node_modules/.pnpm/react-dom@19.2.0_react@19.2.0/node_modules/react-dom/cjs/react-dom-client.development.js:15476:11)
      at recursivelyTraversePassiveMountEffects (node_modules/.pnpm/react-dom@19.2.0_react@19.2.0/node_modules/react-dom/cjs/react-dom-client.development.js:15439:11)
      at commitPassiveMountOnFiber (node_modules/.pnpm/react-dom@19.2.0_react@19.2.0/node_modules/react-dom/cjs/react-dom-client.development.js:15476:11)
      at recursivelyTraversePassiveMountEffects (node_modules/.pnpm/react-dom@19.2.0_react@19.2.0/node_modules/react-dom/cjs/react-dom-client.development.js:15439:11)
      at commitPassiveMountOnFiber (node_modules/.pnpm/react-dom@19.2.0_react@19.2.0/node_modules/react-dom/cjs/react-dom-client.development.js:15476:11)
      at recursivelyTraversePassiveMountEffects (node_modules/.pnpm/react-dom@19.2.0_react@19.2.0/node_modules/react-dom/cjs/react-dom-client.development.js:15439:11)
      at commitPassiveMountOnFiber (node_modules/.pnpm/react-dom@19.2.0_react@19.2.0/node_modules/react-dom/cjs/react-dom-client.development.js:15718:11)
      at recursivelyTraversePassiveMountEffects (node_modules/.pnpm/react-dom@19.2.0_react@19.2.0/node_modules/react-dom/cjs/react-dom-client.development.js:15439:11)
      at commitPassiveMountOnFiber (node_modules/.pnpm/react-dom@19.2.0_react@19.2.0/node_modules/react-dom/cjs/react-dom-client.development.js:15476:11)
      at recursivelyTraversePassiveMountEffects (node_modules/.pnpm/react-dom@19.2.0_react@19.2.0/node_modules/react-dom/cjs/react-dom-client.development.js:15439:11)
      at commitPassiveMountOnFiber (node_modules/.pnpm/react-dom@19.2.0_react@19.2.0/node_modules/react-dom/cjs/react-dom-client.development.js:15519:11)
      at flushPassiveEffects (node_modules/.pnpm/react-dom@19.2.0_react@19.2.0/node_modules/react-dom/cjs/react-dom-client.development.js:18432:9)
      at flushPendingEffects (node_modules/.pnpm/react-dom@19.2.0_react@19.2.0/node_modules/react-dom/cjs/react-dom-client.development.js:18358:14)
      at flushSpawnedWork (node_modules/.pnpm/react-dom@19.2.0_react@19.2.0/node_modules/react-dom/cjs/react-dom-client.development.js:18323:44)
      at commitRoot (node_modules/.pnpm/react-dom@19.2.0_react@19.2.0/node_modules/react-dom/cjs/react-dom-client.development.js:17955:9)
      at performWorkOnRoot (node_modules/.pnpm/react-dom@19.2.0_react@19.2.0/node_modules/react-dom/cjs/react-dom-client.development.js:16667:15)
      at performSyncWorkOnRoot (node_modules/.pnpm/react-dom@19.2.0_react@19.2.0/node_modules/react-dom/cjs/react-dom-client.development.js:18972:7)
      at flushSyncWorkAcrossRoots_impl (node_modules/.pnpm/react-dom@19.2.0_react@19.2.0/node_modules/react-dom/cjs/react-dom-client.development.js:18814:21)
      at processRootScheduleInMicrotask (node_modules/.pnpm/react-dom@19.2.0_react@19.2.0/node_modules/react-dom/cjs/react-dom-client.development.js:18853:9)
      at node_modules/.pnpm/react-dom@19.2.0_react@19.2.0/node_modules/react-dom/cjs/react-dom-client.development.js:18982:11
      at flushActQueue (node_modules/.pnpm/react@19.2.0/node_modules/react/cjs/react.development.js:590:34)
      at process.env.NODE_ENV.exports.act (node_modules/.pnpm/react@19.2.0/node_modules/react/cjs/react.development.js:884:10)
      at node_modules/.pnpm/@testing-library+react@16.3_15d474de7481bb0af842c1b1705139a8/node_modules/@testing-library/react/dist/act-compat.js:47:25
      at Object.eventWrapper (node_modules/.pnpm/@testing-library+react@16.3_15d474de7481bb0af842c1b1705139a8/node_modules/@testing-library/react/dist/pure.js:107:28)
      at Object.wrapEvent (node_modules/.pnpm/@testing-library+user-event_1ca100c7362ccf0b1358603d616c282d/node_modules/@testing-library/user-event/dist/cjs/event/wrapEvent.js:6:28)
      at Object.dispatchEvent (node_modules/.pnpm/@testing-library+user-event_1ca100c7362ccf0b1358603d616c282d/node_modules/@testing-library/user-event/dist/cjs/event/dispatchEvent.js:45:22)
      at Object.dispatchUIEvent (node_modules/.pnpm/@testing-library+user-event_1ca100c7362ccf0b1358603d616c282d/node_modules/@testing-library/user-event/dist/cjs/event/dispatchEvent.js:22:26)
      at Mouse.up (node_modules/.pnpm/@testing-library+user-event_1ca100c7362ccf0b1358603d616c282d/node_modules/@testing-library/user-event/dist/cjs/system/pointer/mouse.js:100:30)
      at PointerHost.release (node_modules/.pnpm/@testing-library+user-event_1ca100c7362ccf0b1358603d616c282d/node_modules/@testing-library/user-event/dist/cjs/system/pointer/index.js:87:24)
      at pointerAction (node_modules/.pnpm/@testing-library+user-event_1ca100c7362ccf0b1358603d616c282d/node_modules/@testing-library/user-event/dist/cjs/pointer/index.js:54:47)
      at Object.pointer (node_modules/.pnpm/@testing-library+user-event_1ca100c7362ccf0b1358603d616c282d/node_modules/@testing-library/user-event/dist/cjs/pointer/index.js:27:9)
      at Object.asyncWrapper (node_modules/.pnpm/@testing-library+react@16.3_15d474de7481bb0af842c1b1705139a8/node_modules/@testing-library/react/dist/pure.js:88:22)
      at Object.<anonymous> (src/__tests__/pages/index.test.tsx:648:7)

    console.warn
      Warning: Missing `Description` or `aria-describedby={undefined}` for {DialogContent}.

    [0m [90m 646 |[39m       [90m// Open modal[39m
     [90m 647 |[39m       [36mconst[39m getStartedButtons [33m=[39m screen[33m.[39mgetAllByText([32m'Get Started Free'[39m)[33m;[39m
    [31m[1m>[22m[39m[90m 648 |[39m       [36mawait[39m user[33m.[39mclick(getStartedButtons[[35m0[39m])[33m;[39m
     [90m     |[39m       [31m[1m^[22m[39m
     [90m 649 |[39m
     [90m 650 |[39m       [36mawait[39m waitFor(() [33m=>[39m {
     [90m 651 |[39m         expect(screen[33m.[39mgetByText([32m'Sign In to MeepleAI'[39m))[33m.[39mtoBeInTheDocument()[33m;[39m[0m

      at node_modules/.pnpm/@radix-ui+react-dialog@1.1._664b8f23a65f4708bb5cf27e5ff43c08/node_modules/@radix-ui/react-dialog/src/dialog.tsx:543:36
      at Object.react_stack_bottom_frame (node_modules/.pnpm/react-dom@19.2.0_react@19.2.0/node_modules/react-dom/cjs/react-dom-client.development.js:25989:20)
      at runWithFiberInDEV (node_modules/.pnpm/react-dom@19.2.0_react@19.2.0/node_modules/react-dom/cjs/react-dom-client.development.js:874:13)
      at commitHookEffectListMount (node_modules/.pnpm/react-dom@19.2.0_react@19.2.0/node_modules/react-dom/cjs/react-dom-client.development.js:13249:29)
      at commitHookPassiveMountEffects (node_modules/.pnpm/react-dom@19.2.0_react@19.2.0/node_modules/react-dom/cjs/react-dom-client.development.js:13336:11)
      at commitPassiveMountOnFiber (node_modules/.pnpm/react-dom@19.2.0_react@19.2.0/node_modules/react-dom/cjs/react-dom-client.development.js:15484:13)
      at recursivelyTraversePassiveMountEffects (node_modules/.pnpm/react-dom@19.2.0_react@19.2.0/node_modules/react-dom/cjs/react-dom-client.development.js:15439:11)
      at commitPassiveMountOnFiber (node_modules/.pnpm/react-dom@19.2.0_react@19.2.0/node_modules/react-dom/cjs/react-dom-client.development.js:15718:11)
      at recursivelyTraversePassiveMountEffects (node_modules/.pnpm/react-dom@19.2.0_react@19.2.0/node_modules/react-dom/cjs/react-dom-client.development.js:15439:11)
      at commitPassiveMountOnFiber (node_modules/.pnpm/react-dom@19.2.0_react@19.2.0/node_modules/react-dom/cjs/react-dom-client.development.js:15476:11)
      at recursivelyTraversePassiveMountEffects (node_modules/.pnpm/react-dom@19.2.0_react@19.2.0/node_modules/react-dom/cjs/react-dom-client.development.js:15439:11)
      at commitPassiveMountOnFiber (node_modules/.pnpm/react-dom@19.2.0_react@19.2.0/node_modules/react-dom/cjs/react-dom-client.development.js:15476:11)
      at recursivelyTraversePassiveMountEffects (node_modules/.pnpm/react-dom@19.2.0_react@19.2.0/node_modules/react-dom/cjs/react-dom-client.development.js:15439:11)
      at commitPassiveMountOnFiber (node_modules/.pnpm/react-dom@19.2.0_react@19.2.0/node_modules/react-dom/cjs/react-dom-client.development.js:15476:11)
      at recursivelyTraversePassiveMountEffects (node_modules/.pnpm/react-dom@19.2.0_react@19.2.0/node_modules/react-dom/cjs/react-dom-client.development.js:15439:11)
      at commitPassiveMountOnFiber (node_modules/.pnpm/react-dom@19.2.0_react@19.2.0/node_modules/react-dom/cjs/react-dom-client.development.js:15476:11)
      at recursivelyTraversePassiveMountEffects (node_modules/.pnpm/react-dom@19.2.0_react@19.2.0/node_modules/react-dom/cjs/react-dom-client.development.js:15439:11)
      at commitPassiveMountOnFiber (node_modules/.pnpm/react-dom@19.2.0_react@19.2.0/node_modules/react-dom/cjs/react-dom-client.development.js:15476:11)
      at recursivelyTraversePassiveMountEffects (node_modules/.pnpm/react-dom@19.2.0_react@19.2.0/node_modules/react-dom/cjs/react-dom-client.development.js:15439:11)
      at commitPassiveMountOnFiber (node_modules/.pnpm/react-dom@19.2.0_react@19.2.0/node_modules/react-dom/cjs/react-dom-client.development.js:15476:11)
      at recursivelyTraversePassiveMountEffects (node_modules/.pnpm/react-dom@19.2.0_react@19.2.0/node_modules/react-dom/cjs/react-dom-client.development.js:15439:11)
      at commitPassiveMountOnFiber (node_modules/.pnpm/react-dom@19.2.0_react@19.2.0/node_modules/react-dom/cjs/react-dom-client.development.js:15476:11)
      at recursivelyTraversePassiveMountEffects (node_modules/.pnpm/react-dom@19.2.0_react@19.2.0/node_modules/react-dom/cjs/react-dom-client.development.js:15439:11)
      at commitPassiveMountOnFiber (node_modules/.pnpm/react-dom@19.2.0_react@19.2.0/node_modules/react-dom/cjs/react-dom-client.development.js:15718:11)
      at recursivelyTraversePassiveMountEffects (node_modules/.pnpm/react-dom@19.2.0_react@19.2.0/node_modules/react-dom/cjs/react-dom-client.development.js:15439:11)
      at commitPassiveMountOnFiber (node_modules/.pnpm/react-dom@19.2.0_react@19.2.0/node_modules/react-dom/cjs/react-dom-client.development.js:15476:11)
      at recursivelyTraversePassiveMountEffects (node_modules/.pnpm/react-dom@19.2.0_react@19.2.0/node_modules/react-dom/cjs/react-dom-client.development.js:15439:11)
      at commitPassiveMountOnFiber (node_modules/.pnpm/react-dom@19.2.0_react@19.2.0/node_modules/react-dom/cjs/react-dom-client.development.js:15476:11)
      at recursivelyTraversePassiveMountEffects (node_modules/.pnpm/react-dom@19.2.0_react@19.2.0/node_modules/react-dom/cjs/react-dom-client.development.js:15439:11)
      at commitPassiveMountOnFiber (node_modules/.pnpm/react-dom@19.2.0_react@19.2.0/node_modules/react-dom/cjs/react-dom-client.development.js:15718:11)
      at recursivelyTraversePassiveMountEffects (node_modules/.pnpm/react-dom@19.2.0_react@19.2.0/node_modules/react-dom/cjs/react-dom-client.development.js:15439:11)
      at commitPassiveMountOnFiber (node_modules/.pnpm/react-dom@19.2.0_react@19.2.0/node_modules/react-dom/cjs/react-dom-client.development.js:15476:11)
      at recursivelyTraversePassiveMountEffects (node_modules/.pnpm/react-dom@19.2.0_react@19.2.0/node_modules/react-dom/cjs/react-dom-client.development.js:15439:11)
      at commitPassiveMountOnFiber (node_modules/.pnpm/react-dom@19.2.0_react@19.2.0/node_modules/react-dom/cjs/react-dom-client.development.js:15476:11)
      at recursivelyTraversePassiveMountEffects (node_modules/.pnpm/react-dom@19.2.0_react@19.2.0/node_modules/react-dom/cjs/react-dom-client.development.js:15439:11)
      at commitPassiveMountOnFiber (node_modules/.pnpm/react-dom@19.2.0_react@19.2.0/node_modules/react-dom/cjs/react-dom-client.development.js:15476:11)
      at recursivelyTraversePassiveMountEffects (node_modules/.pnpm/react-dom@19.2.0_react@19.2.0/node_modules/react-dom/cjs/react-dom-client.development.js:15439:11)
      at commitPassiveMountOnFiber (node_modules/.pnpm/react-dom@19.2.0_react@19.2.0/node_modules/react-dom/cjs/react-dom-client.development.js:15718:11)
      at recursivelyTraversePassiveMountEffects (node_modules/.pnpm/react-dom@19.2.0_react@19.2.0/node_modules/react-dom/cjs/react-dom-client.development.js:15439:11)
      at commitPassiveMountOnFiber (node_modules/.pnpm/react-dom@19.2.0_react@19.2.0/node_modules/react-dom/cjs/react-dom-client.development.js:15476:11)
      at recursivelyTraversePassiveMountEffects (node_modules/.pnpm/react-dom@19.2.0_react@19.2.0/node_modules/react-dom/cjs/react-dom-client.development.js:15439:11)
      at commitPassiveMountOnFiber (node_modules/.pnpm/react-dom@19.2.0_react@19.2.0/node_modules/react-dom/cjs/react-dom-client.development.js:15476:11)
      at recursivelyTraversePassiveMountEffects (node_modules/.pnpm/react-dom@19.2.0_react@19.2.0/node_modules/react-dom/cjs/react-dom-client.development.js:15439:11)
      at commitPassiveMountOnFiber (node_modules/.pnpm/react-dom@19.2.0_react@19.2.0/node_modules/react-dom/cjs/react-dom-client.development.js:15476:11)
      at recursivelyTraversePassiveMountEffects (node_modules/.pnpm/react-dom@19.2.0_react@19.2.0/node_modules/react-dom/cjs/react-dom-client.development.js:15439:11)
      at commitPassiveMountOnFiber (node_modules/.pnpm/react-dom@19.2.0_react@19.2.0/node_modules/react-dom/cjs/react-dom-client.development.js:15476:11)
      at recursivelyTraversePassiveMountEffects (node_modules/.pnpm/react-dom@19.2.0_react@19.2.0/node_modules/react-dom/cjs/react-dom-client.development.js:15439:11)
      at commitPassiveMountOnFiber (node_modules/.pnpm/react-dom@19.2.0_react@19.2.0/node_modules/react-dom/cjs/react-dom-client.development.js:15718:11)
      at recursivelyTraversePassiveMountEffects (node_modules/.pnpm/react-dom@19.2.0_react@19.2.0/node_modules/react-dom/cjs/react-dom-client.development.js:15439:11)
      at commitPassiveMountOnFiber (node_modules/.pnpm/react-dom@19.2.0_react@19.2.0/node_modules/react-dom/cjs/react-dom-client.development.js:15476:11)
      at recursivelyTraversePassiveMountEffects (node_modules/.pnpm/react-dom@19.2.0_react@19.2.0/node_modules/react-dom/cjs/react-dom-client.development.js:15439:11)
      at commitPassiveMountOnFiber (node_modules/.pnpm/react-dom@19.2.0_react@19.2.0/node_modules/react-dom/cjs/react-dom-client.development.js:15519:11)
      at flushPassiveEffects (node_modules/.pnpm/react-dom@19.2.0_react@19.2.0/node_modules/react-dom/cjs/react-dom-client.development.js:18432:9)
      at flushPendingEffects (node_modules/.pnpm/react-dom@19.2.0_react@19.2.0/node_modules/react-dom/cjs/react-dom-client.development.js:18358:14)
      at flushSpawnedWork (node_modules/.pnpm/react-dom@19.2.0_react@19.2.0/node_modules/react-dom/cjs/react-dom-client.development.js:18323:44)
      at commitRoot (node_modules/.pnpm/react-dom@19.2.0_react@19.2.0/node_modules/react-dom/cjs/react-dom-client.development.js:17955:9)
      at performWorkOnRoot (node_modules/.pnpm/react-dom@19.2.0_react@19.2.0/node_modules/react-dom/cjs/react-dom-client.development.js:16667:15)
      at performSyncWorkOnRoot (node_modules/.pnpm/react-dom@19.2.0_react@19.2.0/node_modules/react-dom/cjs/react-dom-client.development.js:18972:7)
      at flushSyncWorkAcrossRoots_impl (node_modules/.pnpm/react-dom@19.2.0_react@19.2.0/node_modules/react-dom/cjs/react-dom-client.development.js:18814:21)
      at processRootScheduleInMicrotask (node_modules/.pnpm/react-dom@19.2.0_react@19.2.0/node_modules/react-dom/cjs/react-dom-client.development.js:18853:9)
      at node_modules/.pnpm/react-dom@19.2.0_react@19.2.0/node_modules/react-dom/cjs/react-dom-client.development.js:18982:11
      at flushActQueue (node_modules/.pnpm/react@19.2.0/node_modules/react/cjs/react.development.js:590:34)
      at process.env.NODE_ENV.exports.act (node_modules/.pnpm/react@19.2.0/node_modules/react/cjs/react.development.js:884:10)
      at node_modules/.pnpm/@testing-library+react@16.3_15d474de7481bb0af842c1b1705139a8/node_modules/@testing-library/react/dist/act-compat.js:47:25
      at Object.eventWrapper (node_modules/.pnpm/@testing-library+react@16.3_15d474de7481bb0af842c1b1705139a8/node_modules/@testing-library/react/dist/pure.js:107:28)
      at Object.wrapEvent (node_modules/.pnpm/@testing-library+user-event_1ca100c7362ccf0b1358603d616c282d/node_modules/@testing-library/user-event/dist/cjs/event/wrapEvent.js:6:28)
      at Object.dispatchEvent (node_modules/.pnpm/@testing-library+user-event_1ca100c7362ccf0b1358603d616c282d/node_modules/@testing-library/user-event/dist/cjs/event/dispatchEvent.js:45:22)
      at Object.dispatchUIEvent (node_modules/.pnpm/@testing-library+user-event_1ca100c7362ccf0b1358603d616c282d/node_modules/@testing-library/user-event/dist/cjs/event/dispatchEvent.js:22:26)
      at Mouse.up (node_modules/.pnpm/@testing-library+user-event_1ca100c7362ccf0b1358603d616c282d/node_modules/@testing-library/user-event/dist/cjs/system/pointer/mouse.js:100:30)
      at PointerHost.release (node_modules/.pnpm/@testing-library+user-event_1ca100c7362ccf0b1358603d616c282d/node_modules/@testing-library/user-event/dist/cjs/system/pointer/index.js:87:24)
      at pointerAction (node_modules/.pnpm/@testing-library+user-event_1ca100c7362ccf0b1358603d616c282d/node_modules/@testing-library/user-event/dist/cjs/pointer/index.js:54:47)
      at Object.pointer (node_modules/.pnpm/@testing-library+user-event_1ca100c7362ccf0b1358603d616c282d/node_modules/@testing-library/user-event/dist/cjs/pointer/index.js:27:9)
      at Object.asyncWrapper (node_modules/.pnpm/@testing-library+react@16.3_15d474de7481bb0af842c1b1705139a8/node_modules/@testing-library/react/dist/pure.js:88:22)
      at Object.<anonymous> (src/__tests__/pages/index.test.tsx:648:7)

    console.error
      Registration failed: Error: Email already exists
          at D:\Repositories\meepleai-monorepo\apps\web\src\hooks\useAuth.ts:144:13
          at handleRegister (D:\Repositories\meepleai-monorepo\apps\web\src\components\auth\AuthModal.tsx:78:20)
          at onFormSubmit (D:\Repositories\meepleai-monorepo\apps\web\src\components\auth\RegisterForm.tsx:104:5)
          at unset (D:\Repositories\meepleai-monorepo\apps\web\node_modules\.pnpm\react-hook-form@7.66.0_react@19.2.0\node_modules\react-hook-form\src\logic\createFormControl.ts:1266:7)

    [0m [90m 373 |[39m       [36mreturn[39m[33m;[39m
     [90m 374 |[39m     }
    [31m[1m>[22m[39m[90m 375 |[39m     originalError[33m.[39mcall(console[33m,[39m [33m...[39margs)[33m;[39m
     [90m     |[39m                   [31m[1m^[22m[39m
     [90m 376 |[39m   }[33m;[39m
     [90m 377 |[39m })[33m;[39m
     [90m 378 |[39m[0m

      at console.call [as error] (jest.setup.js:375:19)
      at error (src/components/auth/AuthModal.tsx:84:15)
      at onFormSubmit (src/components/auth/RegisterForm.tsx:104:5)
      at unset (node_modules/.pnpm/react-hook-form@7.66.0_react@19.2.0/node_modules/react-hook-form/src/logic/createFormControl.ts:1266:7)

    console.error
      `DialogContent` requires a `DialogTitle` for the component to be accessible for screen reader users.
      
      If you want to hide the `DialogTitle`, you can wrap it with our VisuallyHidden component.
      
      For more information, see https://radix-ui.com/primitives/docs/components/dialog

    [0m [90m 373 |[39m       [36mreturn[39m[33m;[39m
     [90m 374 |[39m     }
    [31m[1m>[22m[39m[90m 375 |[39m     originalError[33m.[39mcall(console[33m,[39m [33m...[39margs)[33m;[39m
     [90m     |[39m                   [31m[1m^[22m[39m
     [90m 376 |[39m   }[33m;[39m
     [90m 377 |[39m })[33m;[39m
     [90m 378 |[39m[0m

      at console.call [as error] (jest.setup.js:375:19)
      at node_modules/.pnpm/@radix-ui+react-dialog@1.1._664b8f23a65f4708bb5cf27e5ff43c08/node_modules/@radix-ui/react-dialog/src/dialog.tsx:520:30
      at Object.react_stack_bottom_frame (node_modules/.pnpm/react-dom@19.2.0_react@19.2.0/node_modules/react-dom/cjs/react-dom-client.development.js:25989:20)
      at runWithFiberInDEV (node_modules/.pnpm/react-dom@19.2.0_react@19.2.0/node_modules/react-dom/cjs/react-dom-client.development.js:874:13)
      at commitHookEffectListMount (node_modules/.pnpm/react-dom@19.2.0_react@19.2.0/node_modules/react-dom/cjs/react-dom-client.development.js:13249:29)
      at commitHookPassiveMountEffects (node_modules/.pnpm/react-dom@19.2.0_react@19.2.0/node_modules/react-dom/cjs/react-dom-client.development.js:13336:11)
      at commitPassiveMountOnFiber (node_modules/.pnpm/react-dom@19.2.0_react@19.2.0/node_modules/react-dom/cjs/react-dom-client.development.js:15484:13)
      at recursivelyTraversePassiveMountEffects (node_modules/.pnpm/react-dom@19.2.0_react@19.2.0/node_modules/react-dom/cjs/react-dom-client.development.js:15439:11)
      at commitPassiveMountOnFiber (node_modules/.pnpm/react-dom@19.2.0_react@19.2.0/node_modules/react-dom/cjs/react-dom-client.development.js:15718:11)
      at recursivelyTraversePassiveMountEffects (node_modules/.pnpm/react-dom@19.2.0_react@19.2.0/node_modules/react-dom/cjs/react-dom-client.development.js:15439:11)
      at commitPassiveMountOnFiber (node_modules/.pnpm/react-dom@19.2.0_react@19.2.0/node_modules/react-dom/cjs/react-dom-client.development.js:15476:11)
      at recursivelyTraversePassiveMountEffects (node_modules/.pnpm/react-dom@19.2.0_react@19.2.0/node_modules/react-dom/cjs/react-dom-client.development.js:15439:11)
      at commitPassiveMountOnFiber (node_modules/.pnpm/react-dom@19.2.0_react@19.2.0/node_modules/react-dom/cjs/react-dom-client.development.js:15476:11)
      at recursivelyTraversePassiveMountEffects (node_modules/.pnpm/react-dom@19.2.0_react@19.2.0/node_modules/react-dom/cjs/react-dom-client.development.js:15439:11)
      at commitPassiveMountOnFiber (node_modules/.pnpm/react-dom@19.2.0_react@19.2.0/node_modules/react-dom/cjs/react-dom-client.development.js:15476:11)
      at recursivelyTraversePassiveMountEffects (node_modules/.pnpm/react-dom@19.2.0_react@19.2.0/node_modules/react-dom/cjs/react-dom-client.development.js:15439:11)
      at commitPassiveMountOnFiber (node_modules/.pnpm/react-dom@19.2.0_react@19.2.0/node_modules/react-dom/cjs/react-dom-client.development.js:15476:11)
      at recursivelyTraversePassiveMountEffects (node_modules/.pnpm/react-dom@19.2.0_react@19.2.0/node_modules/react-dom/cjs/react-dom-client.development.js:15439:11)
      at commitPassiveMountOnFiber (node_modules/.pnpm/react-dom@19.2.0_react@19.2.0/node_modules/react-dom/cjs/react-dom-client.development.js:15476:11)
      at recursivelyTraversePassiveMountEffects (node_modules/.pnpm/react-dom@19.2.0_react@19.2.0/node_modules/react-dom/cjs/react-dom-client.development.js:15439:11)
      at commitPassiveMountOnFiber (node_modules/.pnpm/react-dom@19.2.0_react@19.2.0/node_modules/react-dom/cjs/react-dom-client.development.js:15476:11)
      at recursivelyTraversePassiveMountEffects (node_modules/.pnpm/react-dom@19.2.0_react@19.2.0/node_modules/react-dom/cjs/react-dom-client.development.js:15439:11)
      at commitPassiveMountOnFiber (node_modules/.pnpm/react-dom@19.2.0_react@19.2.0/node_modules/react-dom/cjs/react-dom-client.development.js:15476:11)
      at recursivelyTraversePassiveMountEffects (node_modules/.pnpm/react-dom@19.2.0_react@19.2.0/node_modules/react-dom/cjs/react-dom-client.development.js:15439:11)
      at commitPassiveMountOnFiber (node_modules/.pnpm/react-dom@19.2.0_react@19.2.0/node_modules/react-dom/cjs/react-dom-client.development.js:15718:11)
      at recursivelyTraversePassiveMountEffects (node_modules/.pnpm/react-dom@19.2.0_react@19.2.0/node_modules/react-dom/cjs/react-dom-client.development.js:15439:11)
      at commitPassiveMountOnFiber (node_modules/.pnpm/react-dom@19.2.0_react@19.2.0/node_modules/react-dom/cjs/react-dom-client.development.js:15476:11)
      at recursivelyTraversePassiveMountEffects (node_modules/.pnpm/react-dom@19.2.0_react@19.2.0/node_modules/react-dom/cjs/react-dom-client.development.js:15439:11)
      at commitPassiveMountOnFiber (node_modules/.pnpm/react-dom@19.2.0_react@19.2.0/node_modules/react-dom/cjs/react-dom-client.development.js:15476:11)
      at recursivelyTraversePassiveMountEffects (node_modules/.pnpm/react-dom@19.2.0_react@19.2.0/node_modules/react-dom/cjs/react-dom-client.development.js:15439:11)
      at commitPassiveMountOnFiber (node_modules/.pnpm/react-dom@19.2.0_react@19.2.0/node_modules/react-dom/cjs/react-dom-client.development.js:15718:11)
      at recursivelyTraversePassiveMountEffects (node_modules/.pnpm/react-dom@19.2.0_react@19.2.0/node_modules/react-dom/cjs/react-dom-client.development.js:15439:11)
      at commitPassiveMountOnFiber (node_modules/.pnpm/react-dom@19.2.0_react@19.2.0/node_modules/react-dom/cjs/react-dom-client.development.js:15476:11)
      at recursivelyTraversePassiveMountEffects (node_modules/.pnpm/react-dom@19.2.0_react@19.2.0/node_modules/react-dom/cjs/react-dom-client.development.js:15439:11)
      at commitPassiveMountOnFiber (node_modules/.pnpm/react-dom@19.2.0_react@19.2.0/node_modules/react-dom/cjs/react-dom-client.development.js:15476:11)
      at recursivelyTraversePassiveMountEffects (node_modules/.pnpm/react-dom@19.2.0_react@19.2.0/node_modules/react-dom/cjs/react-dom-client.development.js:15439:11)
      at commitPassiveMountOnFiber (node_modules/.pnpm/react-dom@19.2.0_react@19.2.0/node_modules/react-dom/cjs/react-dom-client.development.js:15476:11)
      at recursivelyTraversePassiveMountEffects (node_modules/.pnpm/react-dom@19.2.0_react@19.2.0/node_modules/react-dom/cjs/react-dom-client.development.js:15439:11)
      at commitPassiveMountOnFiber (node_modules/.pnpm/react-dom@19.2.0_react@19.2.0/node_modules/react-dom/cjs/react-dom-client.development.js:15718:11)
      at recursivelyTraversePassiveMountEffects (node_modules/.pnpm/react-dom@19.2.0_react@19.2.0/node_modules/react-dom/cjs/react-dom-client.development.js:15439:11)
      at commitPassiveMountOnFiber (node_modules/.pnpm/react-dom@19.2.0_react@19.2.0/node_modules/react-dom/cjs/react-dom-client.development.js:15476:11)
      at recursivelyTraversePassiveMountEffects (node_modules/.pnpm/react-dom@19.2.0_react@19.2.0/node_modules/react-dom/cjs/react-dom-client.development.js:15439:11)
      at commitPassiveMountOnFiber (node_modules/.pnpm/react-dom@19.2.0_react@19.2.0/node_modules/react-dom/cjs/react-dom-client.development.js:15476:11)
      at recursivelyTraversePassiveMountEffects (node_modules/.pnpm/react-dom@19.2.0_react@19.2.0/node_modules/react-dom/cjs/react-dom-client.development.js:15439:11)
      at commitPassiveMountOnFiber (node_modules/.pnpm/react-dom@19.2.0_react@19.2.0/node_modules/react-dom/cjs/react-dom-client.development.js:15476:11)
      at recursivelyTraversePassiveMountEffects (node_modules/.pnpm/react-dom@19.2.0_react@19.2.0/node_modules/react-dom/cjs/react-dom-client.development.js:15439:11)
      at commitPassiveMountOnFiber (node_modules/.pnpm/react-dom@19.2.0_react@19.2.0/node_modules/react-dom/cjs/react-dom-client.development.js:15476:11)
      at recursivelyTraversePassiveMountEffects (node_modules/.pnpm/react-dom@19.2.0_react@19.2.0/node_modules/react-dom/cjs/react-dom-client.development.js:15439:11)
      at commitPassiveMountOnFiber (node_modules/.pnpm/react-dom@19.2.0_react@19.2.0/node_modules/react-dom/cjs/react-dom-client.development.js:15718:11)
      at recursivelyTraversePassiveMountEffects (node_modules/.pnpm/react-dom@19.2.0_react@19.2.0/node_modules/react-dom/cjs/react-dom-client.development.js:15439:11)
      at commitPassiveMountOnFiber (node_modules/.pnpm/react-dom@19.2.0_react@19.2.0/node_modules/react-dom/cjs/react-dom-client.development.js:15476:11)
      at recursivelyTraversePassiveMountEffects (node_modules/.pnpm/react-dom@19.2.0_react@19.2.0/node_modules/react-dom/cjs/react-dom-client.development.js:15439:11)
      at commitPassiveMountOnFiber (node_modules/.pnpm/react-dom@19.2.0_react@19.2.0/node_modules/react-dom/cjs/react-dom-client.development.js:15519:11)
      at flushPassiveEffects (node_modules/.pnpm/react-dom@19.2.0_react@19.2.0/node_modules/react-dom/cjs/react-dom-client.development.js:18432:9)
      at flushPendingEffects (node_modules/.pnpm/react-dom@19.2.0_react@19.2.0/node_modules/react-dom/cjs/react-dom-client.development.js:18358:14)
      at flushSpawnedWork (node_modules/.pnpm/react-dom@19.2.0_react@19.2.0/node_modules/react-dom/cjs/react-dom-client.development.js:18323:44)
      at commitRoot (node_modules/.pnpm/react-dom@19.2.0_react@19.2.0/node_modules/react-dom/cjs/react-dom-client.development.js:17955:9)
      at performWorkOnRoot (node_modules/.pnpm/react-dom@19.2.0_react@19.2.0/node_modules/react-dom/cjs/react-dom-client.development.js:16667:15)
      at performSyncWorkOnRoot (node_modules/.pnpm/react-dom@19.2.0_react@19.2.0/node_modules/react-dom/cjs/react-dom-client.development.js:18972:7)
      at flushSyncWorkAcrossRoots_impl (node_modules/.pnpm/react-dom@19.2.0_react@19.2.0/node_modules/react-dom/cjs/react-dom-client.development.js:18814:21)
      at processRootScheduleInMicrotask (node_modules/.pnpm/react-dom@19.2.0_react@19.2.0/node_modules/react-dom/cjs/react-dom-client.development.js:18853:9)
      at node_modules/.pnpm/react-dom@19.2.0_react@19.2.0/node_modules/react-dom/cjs/react-dom-client.development.js:18982:11
      at flushActQueue (node_modules/.pnpm/react@19.2.0/node_modules/react/cjs/react.development.js:590:34)
      at process.env.NODE_ENV.exports.act (node_modules/.pnpm/react@19.2.0/node_modules/react/cjs/react.development.js:884:10)
      at node_modules/.pnpm/@testing-library+react@16.3_15d474de7481bb0af842c1b1705139a8/node_modules/@testing-library/react/dist/act-compat.js:47:25
      at Object.eventWrapper (node_modules/.pnpm/@testing-library+react@16.3_15d474de7481bb0af842c1b1705139a8/node_modules/@testing-library/react/dist/pure.js:107:28)
      at Object.wrapEvent (node_modules/.pnpm/@testing-library+user-event_1ca100c7362ccf0b1358603d616c282d/node_modules/@testing-library/user-event/dist/cjs/event/wrapEvent.js:6:28)
      at Object.dispatchEvent (node_modules/.pnpm/@testing-library+user-event_1ca100c7362ccf0b1358603d616c282d/node_modules/@testing-library/user-event/dist/cjs/event/dispatchEvent.js:45:22)
      at Object.dispatchUIEvent (node_modules/.pnpm/@testing-library+user-event_1ca100c7362ccf0b1358603d616c282d/node_modules/@testing-library/user-event/dist/cjs/event/dispatchEvent.js:22:26)
      at Mouse.up (node_modules/.pnpm/@testing-library+user-event_1ca100c7362ccf0b1358603d616c282d/node_modules/@testing-library/user-event/dist/cjs/system/pointer/mouse.js:100:30)
      at PointerHost.release (node_modules/.pnpm/@testing-library+user-event_1ca100c7362ccf0b1358603d616c282d/node_modules/@testing-library/user-event/dist/cjs/system/pointer/index.js:87:24)
      at pointerAction (node_modules/.pnpm/@testing-library+user-event_1ca100c7362ccf0b1358603d616c282d/node_modules/@testing-library/user-event/dist/cjs/pointer/index.js:54:47)
      at Object.pointer (node_modules/.pnpm/@testing-library+user-event_1ca100c7362ccf0b1358603d616c282d/node_modules/@testing-library/user-event/dist/cjs/pointer/index.js:27:9)
      at Object.asyncWrapper (node_modules/.pnpm/@testing-library+react@16.3_15d474de7481bb0af842c1b1705139a8/node_modules/@testing-library/react/dist/pure.js:88:22)
      at Object.<anonymous> (src/__tests__/pages/index.test.tsx:701:7)

    console.warn
      Warning: Missing `Description` or `aria-describedby={undefined}` for {DialogContent}.

    [0m [90m 699 |[39m       [90m// Open modal[39m
     [90m 700 |[39m       [36mconst[39m getStartedButtons [33m=[39m screen[33m.[39mgetAllByText([32m'Get Started Free'[39m)[33m;[39m
    [31m[1m>[22m[39m[90m 701 |[39m       [36mawait[39m user[33m.[39mclick(getStartedButtons[[35m0[39m])[33m;[39m
     [90m     |[39m       [31m[1m^[22m[39m
     [90m 702 |[39m
     [90m 703 |[39m       [36mawait[39m waitFor(() [33m=>[39m {
     [90m 704 |[39m         expect(screen[33m.[39mgetByText([32m'Sign In to MeepleAI'[39m))[33m.[39mtoBeInTheDocument()[33m;[39m[0m

      at node_modules/.pnpm/@radix-ui+react-dialog@1.1._664b8f23a65f4708bb5cf27e5ff43c08/node_modules/@radix-ui/react-dialog/src/dialog.tsx:543:36
      at Object.react_stack_bottom_frame (node_modules/.pnpm/react-dom@19.2.0_react@19.2.0/node_modules/react-dom/cjs/react-dom-client.development.js:25989:20)
      at runWithFiberInDEV (node_modules/.pnpm/react-dom@19.2.0_react@19.2.0/node_modules/react-dom/cjs/react-dom-client.development.js:874:13)
      at commitHookEffectListMount (node_modules/.pnpm/react-dom@19.2.0_react@19.2.0/node_modules/react-dom/cjs/react-dom-client.development.js:13249:29)
      at commitHookPassiveMountEffects (node_modules/.pnpm/react-dom@19.2.0_react@19.2.0/node_modules/react-dom/cjs/react-dom-client.development.js:13336:11)
      at commitPassiveMountOnFiber (node_modules/.pnpm/react-dom@19.2.0_react@19.2.0/node_modules/react-dom/cjs/react-dom-client.development.js:15484:13)
      at recursivelyTraversePassiveMountEffects (node_modules/.pnpm/react-dom@19.2.0_react@19.2.0/node_modules/react-dom/cjs/react-dom-client.development.js:15439:11)
      at commitPassiveMountOnFiber (node_modules/.pnpm/react-dom@19.2.0_react@19.2.0/node_modules/react-dom/cjs/react-dom-client.development.js:15718:11)
      at recursivelyTraversePassiveMountEffects (node_modules/.pnpm/react-dom@19.2.0_react@19.2.0/node_modules/react-dom/cjs/react-dom-client.development.js:15439:11)
      at commitPassiveMountOnFiber (node_modules/.pnpm/react-dom@19.2.0_react@19.2.0/node_modules/react-dom/cjs/react-dom-client.development.js:15476:11)
      at recursivelyTraversePassiveMountEffects (node_modules/.pnpm/react-dom@19.2.0_react@19.2.0/node_modules/react-dom/cjs/react-dom-client.development.js:15439:11)
      at commitPassiveMountOnFiber (node_modules/.pnpm/react-dom@19.2.0_react@19.2.0/node_modules/react-dom/cjs/react-dom-client.development.js:15476:11)
      at recursivelyTraversePassiveMountEffects (node_modules/.pnpm/react-dom@19.2.0_react@19.2.0/node_modules/react-dom/cjs/react-dom-client.development.js:15439:11)
      at commitPassiveMountOnFiber (node_modules/.pnpm/react-dom@19.2.0_react@19.2.0/node_modules/react-dom/cjs/react-dom-client.development.js:15476:11)
      at recursivelyTraversePassiveMountEffects (node_modules/.pnpm/react-dom@19.2.0_react@19.2.0/node_modules/react-dom/cjs/react-dom-client.development.js:15439:11)
      at commitPassiveMountOnFiber (node_modules/.pnpm/react-dom@19.2.0_react@19.2.0/node_modules/react-dom/cjs/react-dom-client.development.js:15476:11)
      at recursivelyTraversePassiveMountEffects (node_modules/.pnpm/react-dom@19.2.0_react@19.2.0/node_modules/react-dom/cjs/react-dom-client.development.js:15439:11)
      at commitPassiveMountOnFiber (node_modules/.pnpm/react-dom@19.2.0_react@19.2.0/node_modules/react-dom/cjs/react-dom-client.development.js:15476:11)
      at recursivelyTraversePassiveMountEffects (node_modules/.pnpm/react-dom@19.2.0_react@19.2.0/node_modules/react-dom/cjs/react-dom-client.development.js:15439:11)
      at commitPassiveMountOnFiber (node_modules/.pnpm/react-dom@19.2.0_react@19.2.0/node_modules/react-dom/cjs/react-dom-client.development.js:15476:11)
      at recursivelyTraversePassiveMountEffects (node_modules/.pnpm/react-dom@19.2.0_react@19.2.0/node_modules/react-dom/cjs/react-dom-client.development.js:15439:11)
      at commitPassiveMountOnFiber (node_modules/.pnpm/react-dom@19.2.0_react@19.2.0/node_modules/react-dom/cjs/react-dom-client.development.js:15476:11)
      at recursivelyTraversePassiveMountEffects (node_modules/.pnpm/react-dom@19.2.0_react@19.2.0/node_modules/react-dom/cjs/react-dom-client.development.js:15439:11)
      at commitPassiveMountOnFiber (node_modules/.pnpm/react-dom@19.2.0_react@19.2.0/node_modules/react-dom/cjs/react-dom-client.development.js:15718:11)
      at recursivelyTraversePassiveMountEffects (node_modules/.pnpm/react-dom@19.2.0_react@19.2.0/node_modules/react-dom/cjs/react-dom-client.development.js:15439:11)
      at commitPassiveMountOnFiber (node_modules/.pnpm/react-dom@19.2.0_react@19.2.0/node_modules/react-dom/cjs/react-dom-client.development.js:15476:11)
      at recursivelyTraversePassiveMountEffects (node_modules/.pnpm/react-dom@19.2.0_react@19.2.0/node_modules/react-dom/cjs/react-dom-client.development.js:15439:11)
      at commitPassiveMountOnFiber (node_modules/.pnpm/react-dom@19.2.0_react@19.2.0/node_modules/react-dom/cjs/react-dom-client.development.js:15476:11)
      at recursivelyTraversePassiveMountEffects (node_modules/.pnpm/react-dom@19.2.0_react@19.2.0/node_modules/react-dom/cjs/react-dom-client.development.js:15439:11)
      at commitPassiveMountOnFiber (node_modules/.pnpm/react-dom@19.2.0_react@19.2.0/node_modules/react-dom/cjs/react-dom-client.development.js:15718:11)
      at recursivelyTraversePassiveMountEffects (node_modules/.pnpm/react-dom@19.2.0_react@19.2.0/node_modules/react-dom/cjs/react-dom-client.development.js:15439:11)
      at commitPassiveMountOnFiber (node_modules/.pnpm/react-dom@19.2.0_react@19.2.0/node_modules/react-dom/cjs/react-dom-client.development.js:15476:11)
      at recursivelyTraversePassiveMountEffects (node_modules/.pnpm/react-dom@19.2.0_react@19.2.0/node_modules/react-dom/cjs/react-dom-client.development.js:15439:11)
      at commitPassiveMountOnFiber (node_modules/.pnpm/react-dom@19.2.0_react@19.2.0/node_modules/react-dom/cjs/react-dom-client.development.js:15476:11)
      at recursivelyTraversePassiveMountEffects (node_modules/.pnpm/react-dom@19.2.0_react@19.2.0/node_modules/react-dom/cjs/react-dom-client.development.js:15439:11)
      at commitPassiveMountOnFiber (node_modules/.pnpm/react-dom@19.2.0_react@19.2.0/node_modules/react-dom/cjs/react-dom-client.development.js:15476:11)
      at recursivelyTraversePassiveMountEffects (node_modules/.pnpm/react-dom@19.2.0_react@19.2.0/node_modules/react-dom/cjs/react-dom-client.development.js:15439:11)
      at commitPassiveMountOnFiber (node_modules/.pnpm/react-dom@19.2.0_react@19.2.0/node_modules/react-dom/cjs/react-dom-client.development.js:15718:11)
      at recursivelyTraversePassiveMountEffects (node_modules/.pnpm/react-dom@19.2.0_react@19.2.0/node_modules/react-dom/cjs/react-dom-client.development.js:15439:11)
      at commitPassiveMountOnFiber (node_modules/.pnpm/react-dom@19.2.0_react@19.2.0/node_modules/react-dom/cjs/react-dom-client.development.js:15476:11)
      at recursivelyTraversePassiveMountEffects (node_modules/.pnpm/react-dom@19.2.0_react@19.2.0/node_modules/react-dom/cjs/react-dom-client.development.js:15439:11)
      at commitPassiveMountOnFiber (node_modules/.pnpm/react-dom@19.2.0_react@19.2.0/node_modules/react-dom/cjs/react-dom-client.development.js:15476:11)
      at recursivelyTraversePassiveMountEffects (node_modules/.pnpm/react-dom@19.2.0_react@19.2.0/node_modules/react-dom/cjs/react-dom-client.development.js:15439:11)
      at commitPassiveMountOnFiber (node_modules/.pnpm/react-dom@19.2.0_react@19.2.0/node_modules/react-dom/cjs/react-dom-client.development.js:15476:11)
      at recursivelyTraversePassiveMountEffects (node_modules/.pnpm/react-dom@19.2.0_react@19.2.0/node_modules/react-dom/cjs/react-dom-client.development.js:15439:11)
      at commitPassiveMountOnFiber (node_modules/.pnpm/react-dom@19.2.0_react@19.2.0/node_modules/react-dom/cjs/react-dom-client.development.js:15476:11)
      at recursivelyTraversePassiveMountEffects (node_modules/.pnpm/react-dom@19.2.0_react@19.2.0/node_modules/react-dom/cjs/react-dom-client.development.js:15439:11)
      at commitPassiveMountOnFiber (node_modules/.pnpm/react-dom@19.2.0_react@19.2.0/node_modules/react-dom/cjs/react-dom-client.development.js:15718:11)
      at recursivelyTraversePassiveMountEffects (node_modules/.pnpm/react-dom@19.2.0_react@19.2.0/node_modules/react-dom/cjs/react-dom-client.development.js:15439:11)
      at commitPassiveMountOnFiber (node_modules/.pnpm/react-dom@19.2.0_react@19.2.0/node_modules/react-dom/cjs/react-dom-client.development.js:15476:11)
      at recursivelyTraversePassiveMountEffects (node_modules/.pnpm/react-dom@19.2.0_react@19.2.0/node_modules/react-dom/cjs/react-dom-client.development.js:15439:11)
      at commitPassiveMountOnFiber (node_modules/.pnpm/react-dom@19.2.0_react@19.2.0/node_modules/react-dom/cjs/react-dom-client.development.js:15519:11)
      at flushPassiveEffects (node_modules/.pnpm/react-dom@19.2.0_react@19.2.0/node_modules/react-dom/cjs/react-dom-client.development.js:18432:9)
      at flushPendingEffects (node_modules/.pnpm/react-dom@19.2.0_react@19.2.0/node_modules/react-dom/cjs/react-dom-client.development.js:18358:14)
      at flushSpawnedWork (node_modules/.pnpm/react-dom@19.2.0_react@19.2.0/node_modules/react-dom/cjs/react-dom-client.development.js:18323:44)
      at commitRoot (node_modules/.pnpm/react-dom@19.2.0_react@19.2.0/node_modules/react-dom/cjs/react-dom-client.development.js:17955:9)
      at performWorkOnRoot (node_modules/.pnpm/react-dom@19.2.0_react@19.2.0/node_modules/react-dom/cjs/react-dom-client.development.js:16667:15)
      at performSyncWorkOnRoot (node_modules/.pnpm/react-dom@19.2.0_react@19.2.0/node_modules/react-dom/cjs/react-dom-client.development.js:18972:7)
      at flushSyncWorkAcrossRoots_impl (node_modules/.pnpm/react-dom@19.2.0_react@19.2.0/node_modules/react-dom/cjs/react-dom-client.development.js:18814:21)
      at processRootScheduleInMicrotask (node_modules/.pnpm/react-dom@19.2.0_react@19.2.0/node_modules/react-dom/cjs/react-dom-client.development.js:18853:9)
      at node_modules/.pnpm/react-dom@19.2.0_react@19.2.0/node_modules/react-dom/cjs/react-dom-client.development.js:18982:11
      at flushActQueue (node_modules/.pnpm/react@19.2.0/node_modules/react/cjs/react.development.js:590:34)
      at process.env.NODE_ENV.exports.act (node_modules/.pnpm/react@19.2.0/node_modules/react/cjs/react.development.js:884:10)
      at node_modules/.pnpm/@testing-library+react@16.3_15d474de7481bb0af842c1b1705139a8/node_modules/@testing-library/react/dist/act-compat.js:47:25
      at Object.eventWrapper (node_modules/.pnpm/@testing-library+react@16.3_15d474de7481bb0af842c1b1705139a8/node_modules/@testing-library/react/dist/pure.js:107:28)
      at Object.wrapEvent (node_modules/.pnpm/@testing-library+user-event_1ca100c7362ccf0b1358603d616c282d/node_modules/@testing-library/user-event/dist/cjs/event/wrapEvent.js:6:28)
      at Object.dispatchEvent (node_modules/.pnpm/@testing-library+user-event_1ca100c7362ccf0b1358603d616c282d/node_modules/@testing-library/user-event/dist/cjs/event/dispatchEvent.js:45:22)
      at Object.dispatchUIEvent (node_modules/.pnpm/@testing-library+user-event_1ca100c7362ccf0b1358603d616c282d/node_modules/@testing-library/user-event/dist/cjs/event/dispatchEvent.js:22:26)
      at Mouse.up (node_modules/.pnpm/@testing-library+user-event_1ca100c7362ccf0b1358603d616c282d/node_modules/@testing-library/user-event/dist/cjs/system/pointer/mouse.js:100:30)
      at PointerHost.release (node_modules/.pnpm/@testing-library+user-event_1ca100c7362ccf0b1358603d616c282d/node_modules/@testing-library/user-event/dist/cjs/system/pointer/index.js:87:24)
      at pointerAction (node_modules/.pnpm/@testing-library+user-event_1ca100c7362ccf0b1358603d616c282d/node_modules/@testing-library/user-event/dist/cjs/pointer/index.js:54:47)
      at Object.pointer (node_modules/.pnpm/@testing-library+user-event_1ca100c7362ccf0b1358603d616c282d/node_modules/@testing-library/user-event/dist/cjs/pointer/index.js:27:9)
      at Object.asyncWrapper (node_modules/.pnpm/@testing-library+react@16.3_15d474de7481bb0af842c1b1705139a8/node_modules/@testing-library/react/dist/pure.js:88:22)
      at Object.<anonymous> (src/__tests__/pages/index.test.tsx:701:7)

    console.error
      Login failed: Error: Login failed
          at D:\Repositories\meepleai-monorepo\apps\web\src\hooks\useAuth.ts:111:13
          at handleLogin (D:\Repositories\meepleai-monorepo\apps\web\src\components\auth\AuthModal.tsx:65:20)
          at onFormSubmit (D:\Repositories\meepleai-monorepo\apps\web\src\components\auth\LoginForm.tsx:75:5)
          at unset (D:\Repositories\meepleai-monorepo\apps\web\node_modules\.pnpm\react-hook-form@7.66.0_react@19.2.0\node_modules\react-hook-form\src\logic\createFormControl.ts:1266:7)

    [0m [90m 373 |[39m       [36mreturn[39m[33m;[39m
     [90m 374 |[39m     }
    [31m[1m>[22m[39m[90m 375 |[39m     originalError[33m.[39mcall(console[33m,[39m [33m...[39margs)[33m;[39m
     [90m     |[39m                   [31m[1m^[22m[39m
     [90m 376 |[39m   }[33m;[39m
     [90m 377 |[39m })[33m;[39m
     [90m 378 |[39m[0m

      at console.call [as error] (jest.setup.js:375:19)
      at error (src/components/auth/AuthModal.tsx:71:15)
      at onFormSubmit (src/components/auth/LoginForm.tsx:75:5)
      at unset (node_modules/.pnpm/react-hook-form@7.66.0_react@19.2.0/node_modules/react-hook-form/src/logic/createFormControl.ts:1266:7)

    console.error
      `DialogContent` requires a `DialogTitle` for the component to be accessible for screen reader users.
      
      If you want to hide the `DialogTitle`, you can wrap it with our VisuallyHidden component.
      
      For more information, see https://radix-ui.com/primitives/docs/components/dialog

    [0m [90m 373 |[39m       [36mreturn[39m[33m;[39m
     [90m 374 |[39m     }
    [31m[1m>[22m[39m[90m 375 |[39m     originalError[33m.[39mcall(console[33m,[39m [33m...[39margs)[33m;[39m
     [90m     |[39m                   [31m[1m^[22m[39m
     [90m 376 |[39m   }[33m;[39m
     [90m 377 |[39m })[33m;[39m
     [90m 378 |[39m[0m

      at console.call [as error] (jest.setup.js:375:19)
      at node_modules/.pnpm/@radix-ui+react-dialog@1.1._664b8f23a65f4708bb5cf27e5ff43c08/node_modules/@radix-ui/react-dialog/src/dialog.tsx:520:30
      at Object.react_stack_bottom_frame (node_modules/.pnpm/react-dom@19.2.0_react@19.2.0/node_modules/react-dom/cjs/react-dom-client.development.js:25989:20)
      at runWithFiberInDEV (node_modules/.pnpm/react-dom@19.2.0_react@19.2.0/node_modules/react-dom/cjs/react-dom-client.development.js:874:13)
      at commitHookEffectListMount (node_modules/.pnpm/react-dom@19.2.0_react@19.2.0/node_modules/react-dom/cjs/react-dom-client.development.js:13249:29)
      at commitHookPassiveMountEffects (node_modules/.pnpm/react-dom@19.2.0_react@19.2.0/node_modules/react-dom/cjs/react-dom-client.development.js:13336:11)
      at commitPassiveMountOnFiber (node_modules/.pnpm/react-dom@19.2.0_react@19.2.0/node_modules/react-dom/cjs/react-dom-client.development.js:15484:13)
      at recursivelyTraversePassiveMountEffects (node_modules/.pnpm/react-dom@19.2.0_react@19.2.0/node_modules/react-dom/cjs/react-dom-client.development.js:15439:11)
      at commitPassiveMountOnFiber (node_modules/.pnpm/react-dom@19.2.0_react@19.2.0/node_modules/react-dom/cjs/react-dom-client.development.js:15718:11)
      at recursivelyTraversePassiveMountEffects (node_modules/.pnpm/react-dom@19.2.0_react@19.2.0/node_modules/react-dom/cjs/react-dom-client.development.js:15439:11)
      at commitPassiveMountOnFiber (node_modules/.pnpm/react-dom@19.2.0_react@19.2.0/node_modules/react-dom/cjs/react-dom-client.development.js:15476:11)
      at recursivelyTraversePassiveMountEffects (node_modules/.pnpm/react-dom@19.2.0_react@19.2.0/node_modules/react-dom/cjs/react-dom-client.development.js:15439:11)
      at commitPassiveMountOnFiber (node_modules/.pnpm/react-dom@19.2.0_react@19.2.0/node_modules/react-dom/cjs/react-dom-client.development.js:15476:11)
      at recursivelyTraversePassiveMountEffects (node_modules/.pnpm/react-dom@19.2.0_react@19.2.0/node_modules/react-dom/cjs/react-dom-client.development.js:15439:11)
      at commitPassiveMountOnFiber (node_modules/.pnpm/react-dom@19.2.0_react@19.2.0/node_modules/react-dom/cjs/react-dom-client.development.js:15476:11)
      at recursivelyTraversePassiveMountEffects (node_modules/.pnpm/react-dom@19.2.0_react@19.2.0/node_modules/react-dom/cjs/react-dom-client.development.js:15439:11)
      at commitPassiveMountOnFiber (node_modules/.pnpm/react-dom@19.2.0_react@19.2.0/node_modules/react-dom/cjs/react-dom-client.development.js:15476:11)
      at recursivelyTraversePassiveMountEffects (node_modules/.pnpm/react-dom@19.2.0_react@19.2.0/node_modules/react-dom/cjs/react-dom-client.development.js:15439:11)
      at commitPassiveMountOnFiber (node_modules/.pnpm/react-dom@19.2.0_react@19.2.0/node_modules/react-dom/cjs/react-dom-client.development.js:15476:11)
      at recursivelyTraversePassiveMountEffects (node_modules/.pnpm/react-dom@19.2.0_react@19.2.0/node_modules/react-dom/cjs/react-dom-client.development.js:15439:11)
      at commitPassiveMountOnFiber (node_modules/.pnpm/react-dom@19.2.0_react@19.2.0/node_modules/react-dom/cjs/react-dom-client.development.js:15476:11)
      at recursivelyTraversePassiveMountEffects (node_modules/.pnpm/react-dom@19.2.0_react@19.2.0/node_modules/react-dom/cjs/react-dom-client.development.js:15439:11)
      at commitPassiveMountOnFiber (node_modules/.pnpm/react-dom@19.2.0_react@19.2.0/node_modules/react-dom/cjs/react-dom-client.development.js:15476:11)
      at recursivelyTraversePassiveMountEffects (node_modules/.pnpm/react-dom@19.2.0_react@19.2.0/node_modules/react-dom/cjs/react-dom-client.development.js:15439:11)
      at commitPassiveMountOnFiber (node_modules/.pnpm/react-dom@19.2.0_react@19.2.0/node_modules/react-dom/cjs/react-dom-client.development.js:15718:11)
      at recursivelyTraversePassiveMountEffects (node_modules/.pnpm/react-dom@19.2.0_react@19.2.0/node_modules/react-dom/cjs/react-dom-client.development.js:15439:11)
      at commitPassiveMountOnFiber (node_modules/.pnpm/react-dom@19.2.0_react@19.2.0/node_modules/react-dom/cjs/react-dom-client.development.js:15476:11)
      at recursivelyTraversePassiveMountEffects (node_modules/.pnpm/react-dom@19.2.0_react@19.2.0/node_modules/react-dom/cjs/react-dom-client.development.js:15439:11)
      at commitPassiveMountOnFiber (node_modules/.pnpm/react-dom@19.2.0_react@19.2.0/node_modules/react-dom/cjs/react-dom-client.development.js:15476:11)
      at recursivelyTraversePassiveMountEffects (node_modules/.pnpm/react-dom@19.2.0_react@19.2.0/node_modules/react-dom/cjs/react-dom-client.development.js:15439:11)
      at commitPassiveMountOnFiber (node_modules/.pnpm/react-dom@19.2.0_react@19.2.0/node_modules/react-dom/cjs/react-dom-client.development.js:15718:11)
      at recursivelyTraversePassiveMountEffects (node_modules/.pnpm/react-dom@19.2.0_react@19.2.0/node_modules/react-dom/cjs/react-dom-client.development.js:15439:11)
      at commitPassiveMountOnFiber (node_modules/.pnpm/react-dom@19.2.0_react@19.2.0/node_modules/react-dom/cjs/react-dom-client.development.js:15476:11)
      at recursivelyTraversePassiveMountEffects (node_modules/.pnpm/react-dom@19.2.0_react@19.2.0/node_modules/react-dom/cjs/react-dom-client.development.js:15439:11)
      at commitPassiveMountOnFiber (node_modules/.pnpm/react-dom@19.2.0_react@19.2.0/node_modules/react-dom/cjs/react-dom-client.development.js:15476:11)
      at recursivelyTraversePassiveMountEffects (node_modules/.pnpm/react-dom@19.2.0_react@19.2.0/node_modules/react-dom/cjs/react-dom-client.development.js:15439:11)
      at commitPassiveMountOnFiber (node_modules/.pnpm/react-dom@19.2.0_react@19.2.0/node_modules/react-dom/cjs/react-dom-client.development.js:15476:11)
      at recursivelyTraversePassiveMountEffects (node_modules/.pnpm/react-dom@19.2.0_react@19.2.0/node_modules/react-dom/cjs/react-dom-client.development.js:15439:11)
      at commitPassiveMountOnFiber (node_modules/.pnpm/react-dom@19.2.0_react@19.2.0/node_modules/react-dom/cjs/react-dom-client.development.js:15718:11)
      at recursivelyTraversePassiveMountEffects (node_modules/.pnpm/react-dom@19.2.0_react@19.2.0/node_modules/react-dom/cjs/react-dom-client.development.js:15439:11)
      at commitPassiveMountOnFiber (node_modules/.pnpm/react-dom@19.2.0_react@19.2.0/node_modules/react-dom/cjs/react-dom-client.development.js:15476:11)
      at recursivelyTraversePassiveMountEffects (node_modules/.pnpm/react-dom@19.2.0_react@19.2.0/node_modules/react-dom/cjs/react-dom-client.development.js:15439:11)
      at commitPassiveMountOnFiber (node_modules/.pnpm/react-dom@19.2.0_react@19.2.0/node_modules/react-dom/cjs/react-dom-client.development.js:15476:11)
      at recursivelyTraversePassiveMountEffects (node_modules/.pnpm/react-dom@19.2.0_react@19.2.0/node_modules/react-dom/cjs/react-dom-client.development.js:15439:11)
      at commitPassiveMountOnFiber (node_modules/.pnpm/react-dom@19.2.0_react@19.2.0/node_modules/react-dom/cjs/react-dom-client.development.js:15476:11)
      at recursivelyTraversePassiveMountEffects (node_modules/.pnpm/react-dom@19.2.0_react@19.2.0/node_modules/react-dom/cjs/react-dom-client.development.js:15439:11)
      at commitPassiveMountOnFiber (node_modules/.pnpm/react-dom@19.2.0_react@19.2.0/node_modules/react-dom/cjs/react-dom-client.development.js:15476:11)
      at recursivelyTraversePassiveMountEffects (node_modules/.pnpm/react-dom@19.2.0_react@19.2.0/node_modules/react-dom/cjs/react-dom-client.development.js:15439:11)
      at commitPassiveMountOnFiber (node_modules/.pnpm/react-dom@19.2.0_react@19.2.0/node_modules/react-dom/cjs/react-dom-client.development.js:15718:11)
      at recursivelyTraversePassiveMountEffects (node_modules/.pnpm/react-dom@19.2.0_react@19.2.0/node_modules/react-dom/cjs/react-dom-client.development.js:15439:11)
      at commitPassiveMountOnFiber (node_modules/.pnpm/react-dom@19.2.0_react@19.2.0/node_modules/react-dom/cjs/react-dom-client.development.js:15476:11)
      at recursivelyTraversePassiveMountEffects (node_modules/.pnpm/react-dom@19.2.0_react@19.2.0/node_modules/react-dom/cjs/react-dom-client.development.js:15439:11)
      at commitPassiveMountOnFiber (node_modules/.pnpm/react-dom@19.2.0_react@19.2.0/node_modules/react-dom/cjs/react-dom-client.development.js:15519:11)
      at flushPassiveEffects (node_modules/.pnpm/react-dom@19.2.0_react@19.2.0/node_modules/react-dom/cjs/react-dom-client.development.js:18432:9)
      at flushPendingEffects (node_modules/.pnpm/react-dom@19.2.0_react@19.2.0/node_modules/react-dom/cjs/react-dom-client.development.js:18358:14)
      at flushSpawnedWork (node_modules/.pnpm/react-dom@19.2.0_react@19.2.0/node_modules/react-dom/cjs/react-dom-client.development.js:18323:44)
      at commitRoot (node_modules/.pnpm/react-dom@19.2.0_react@19.2.0/node_modules/react-dom/cjs/react-dom-client.development.js:17955:9)
      at performWorkOnRoot (node_modules/.pnpm/react-dom@19.2.0_react@19.2.0/node_modules/react-dom/cjs/react-dom-client.development.js:16667:15)
      at performSyncWorkOnRoot (node_modules/.pnpm/react-dom@19.2.0_react@19.2.0/node_modules/react-dom/cjs/react-dom-client.development.js:18972:7)
      at flushSyncWorkAcrossRoots_impl (node_modules/.pnpm/react-dom@19.2.0_react@19.2.0/node_modules/react-dom/cjs/react-dom-client.development.js:18814:21)
      at processRootScheduleInMicrotask (node_modules/.pnpm/react-dom@19.2.0_react@19.2.0/node_modules/react-dom/cjs/react-dom-client.development.js:18853:9)
      at node_modules/.pnpm/react-dom@19.2.0_react@19.2.0/node_modules/react-dom/cjs/react-dom-client.development.js:18982:11
      at flushActQueue (node_modules/.pnpm/react@19.2.0/node_modules/react/cjs/react.development.js:590:34)
      at process.env.NODE_ENV.exports.act (node_modules/.pnpm/react@19.2.0/node_modules/react/cjs/react.development.js:884:10)
      at node_modules/.pnpm/@testing-library+react@16.3_15d474de7481bb0af842c1b1705139a8/node_modules/@testing-library/react/dist/act-compat.js:47:25
      at Object.eventWrapper (node_modules/.pnpm/@testing-library+react@16.3_15d474de7481bb0af842c1b1705139a8/node_modules/@testing-library/react/dist/pure.js:107:28)
      at Object.wrapEvent (node_modules/.pnpm/@testing-library+user-event_1ca100c7362ccf0b1358603d616c282d/node_modules/@testing-library/user-event/dist/cjs/event/wrapEvent.js:6:28)
      at Object.dispatchEvent (node_modules/.pnpm/@testing-library+user-event_1ca100c7362ccf0b1358603d616c282d/node_modules/@testing-library/user-event/dist/cjs/event/dispatchEvent.js:45:22)
      at Object.dispatchUIEvent (node_modules/.pnpm/@testing-library+user-event_1ca100c7362ccf0b1358603d616c282d/node_modules/@testing-library/user-event/dist/cjs/event/dispatchEvent.js:22:26)
      at Mouse.up (node_modules/.pnpm/@testing-library+user-event_1ca100c7362ccf0b1358603d616c282d/node_modules/@testing-library/user-event/dist/cjs/system/pointer/mouse.js:100:30)
      at PointerHost.release (node_modules/.pnpm/@testing-library+user-event_1ca100c7362ccf0b1358603d616c282d/node_modules/@testing-library/user-event/dist/cjs/system/pointer/index.js:87:24)
      at pointerAction (node_modules/.pnpm/@testing-library+user-event_1ca100c7362ccf0b1358603d616c282d/node_modules/@testing-library/user-event/dist/cjs/pointer/index.js:54:47)
      at Object.pointer (node_modules/.pnpm/@testing-library+user-event_1ca100c7362ccf0b1358603d616c282d/node_modules/@testing-library/user-event/dist/cjs/pointer/index.js:27:9)
      at Object.asyncWrapper (node_modules/.pnpm/@testing-library+react@16.3_15d474de7481bb0af842c1b1705139a8/node_modules/@testing-library/react/dist/pure.js:88:22)
      at Object.<anonymous> (src/__tests__/pages/index.test.tsx:750:7)

    console.warn
      Warning: Missing `Description` or `aria-describedby={undefined}` for {DialogContent}.

    [0m [90m 748 |[39m       [90m// Open modal[39m
     [90m 749 |[39m       [36mconst[39m getStartedButtons [33m=[39m screen[33m.[39mgetAllByText([32m'Get Started Free'[39m)[33m;[39m
    [31m[1m>[22m[39m[90m 750 |[39m       [36mawait[39m user[33m.[39mclick(getStartedButtons[[35m0[39m])[33m;[39m
     [90m     |[39m       [31m[1m^[22m[39m
     [90m 751 |[39m
     [90m 752 |[39m       [36mawait[39m waitFor(() [33m=>[39m {
     [90m 753 |[39m         expect(screen[33m.[39mgetByText([32m'Sign In to MeepleAI'[39m))[33m.[39mtoBeInTheDocument()[33m;[39m[0m

      at node_modules/.pnpm/@radix-ui+react-dialog@1.1._664b8f23a65f4708bb5cf27e5ff43c08/node_modules/@radix-ui/react-dialog/src/dialog.tsx:543:36
      at Object.react_stack_bottom_frame (node_modules/.pnpm/react-dom@19.2.0_react@19.2.0/node_modules/react-dom/cjs/react-dom-client.development.js:25989:20)
      at runWithFiberInDEV (node_modules/.pnpm/react-dom@19.2.0_react@19.2.0/node_modules/react-dom/cjs/react-dom-client.development.js:874:13)
      at commitHookEffectListMount (node_modules/.pnpm/react-dom@19.2.0_react@19.2.0/node_modules/react-dom/cjs/react-dom-client.development.js:13249:29)
      at commitHookPassiveMountEffects (node_modules/.pnpm/react-dom@19.2.0_react@19.2.0/node_modules/react-dom/cjs/react-dom-client.development.js:13336:11)
      at commitPassiveMountOnFiber (node_modules/.pnpm/react-dom@19.2.0_react@19.2.0/node_modules/react-dom/cjs/react-dom-client.development.js:15484:13)
      at recursivelyTraversePassiveMountEffects (node_modules/.pnpm/react-dom@19.2.0_react@19.2.0/node_modules/react-dom/cjs/react-dom-client.development.js:15439:11)
      at commitPassiveMountOnFiber (node_modules/.pnpm/react-dom@19.2.0_react@19.2.0/node_modules/react-dom/cjs/react-dom-client.development.js:15718:11)
      at recursivelyTraversePassiveMountEffects (node_modules/.pnpm/react-dom@19.2.0_react@19.2.0/node_modules/react-dom/cjs/react-dom-client.development.js:15439:11)
      at commitPassiveMountOnFiber (node_modules/.pnpm/react-dom@19.2.0_react@19.2.0/node_modules/react-dom/cjs/react-dom-client.development.js:15476:11)
      at recursivelyTraversePassiveMountEffects (node_modules/.pnpm/react-dom@19.2.0_react@19.2.0/node_modules/react-dom/cjs/react-dom-client.development.js:15439:11)
      at commitPassiveMountOnFiber (node_modules/.pnpm/react-dom@19.2.0_react@19.2.0/node_modules/react-dom/cjs/react-dom-client.development.js:15476:11)
      at recursivelyTraversePassiveMountEffects (node_modules/.pnpm/react-dom@19.2.0_react@19.2.0/node_modules/react-dom/cjs/react-dom-client.development.js:15439:11)
      at commitPassiveMountOnFiber (node_modules/.pnpm/react-dom@19.2.0_react@19.2.0/node_modules/react-dom/cjs/react-dom-client.development.js:15476:11)
      at recursivelyTraversePassiveMountEffects (node_modules/.pnpm/react-dom@19.2.0_react@19.2.0/node_modules/react-dom/cjs/react-dom-client.development.js:15439:11)
      at commitPassiveMountOnFiber (node_modules/.pnpm/react-dom@19.2.0_react@19.2.0/node_modules/react-dom/cjs/react-dom-client.development.js:15476:11)
      at recursivelyTraversePassiveMountEffects (node_modules/.pnpm/react-dom@19.2.0_react@19.2.0/node_modules/react-dom/cjs/react-dom-client.development.js:15439:11)
      at commitPassiveMountOnFiber (node_modules/.pnpm/react-dom@19.2.0_react@19.2.0/node_modules/react-dom/cjs/react-dom-client.development.js:15476:11)
      at recursivelyTraversePassiveMountEffects (node_modules/.pnpm/react-dom@19.2.0_react@19.2.0/node_modules/react-dom/cjs/react-dom-client.development.js:15439:11)
      at commitPassiveMountOnFiber (node_modules/.pnpm/react-dom@19.2.0_react@19.2.0/node_modules/react-dom/cjs/react-dom-client.development.js:15476:11)
      at recursivelyTraversePassiveMountEffects (node_modules/.pnpm/react-dom@19.2.0_react@19.2.0/node_modules/react-dom/cjs/react-dom-client.development.js:15439:11)
      at commitPassiveMountOnFiber (node_modules/.pnpm/react-dom@19.2.0_react@19.2.0/node_modules/react-dom/cjs/react-dom-client.development.js:15476:11)
      at recursivelyTraversePassiveMountEffects (node_modules/.pnpm/react-dom@19.2.0_react@19.2.0/node_modules/react-dom/cjs/react-dom-client.development.js:15439:11)
      at commitPassiveMountOnFiber (node_modules/.pnpm/react-dom@19.2.0_react@19.2.0/node_modules/react-dom/cjs/react-dom-client.development.js:15718:11)
      at recursivelyTraversePassiveMountEffects (node_modules/.pnpm/react-dom@19.2.0_react@19.2.0/node_modules/react-dom/cjs/react-dom-client.development.js:15439:11)
      at commitPassiveMountOnFiber (node_modules/.pnpm/react-dom@19.2.0_react@19.2.0/node_modules/react-dom/cjs/react-dom-client.development.js:15476:11)
      at recursivelyTraversePassiveMountEffects (node_modules/.pnpm/react-dom@19.2.0_react@19.2.0/node_modules/react-dom/cjs/react-dom-client.development.js:15439:11)
      at commitPassiveMountOnFiber (node_modules/.pnpm/react-dom@19.2.0_react@19.2.0/node_modules/react-dom/cjs/react-dom-client.development.js:15476:11)
      at recursivelyTraversePassiveMountEffects (node_modules/.pnpm/react-dom@19.2.0_react@19.2.0/node_modules/react-dom/cjs/react-dom-client.development.js:15439:11)
      at commitPassiveMountOnFiber (node_modules/.pnpm/react-dom@19.2.0_react@19.2.0/node_modules/react-dom/cjs/react-dom-client.development.js:15718:11)
      at recursivelyTraversePassiveMountEffects (node_modules/.pnpm/react-dom@19.2.0_react@19.2.0/node_modules/react-dom/cjs/react-dom-client.development.js:15439:11)
      at commitPassiveMountOnFiber (node_modules/.pnpm/react-dom@19.2.0_react@19.2.0/node_modules/react-dom/cjs/react-dom-client.development.js:15476:11)
      at recursivelyTraversePassiveMountEffects (node_modules/.pnpm/react-dom@19.2.0_react@19.2.0/node_modules/react-dom/cjs/react-dom-client.development.js:15439:11)
      at commitPassiveMountOnFiber (node_modules/.pnpm/react-dom@19.2.0_react@19.2.0/node_modules/react-dom/cjs/react-dom-client.development.js:15476:11)
      at recursivelyTraversePassiveMountEffects (node_modules/.pnpm/react-dom@19.2.0_react@19.2.0/node_modules/react-dom/cjs/react-dom-client.development.js:15439:11)
      at commitPassiveMountOnFiber (node_modules/.pnpm/react-dom@19.2.0_react@19.2.0/node_modules/react-dom/cjs/react-dom-client.development.js:15476:11)
      at recursivelyTraversePassiveMountEffects (node_modules/.pnpm/react-dom@19.2.0_react@19.2.0/node_modules/react-dom/cjs/react-dom-client.development.js:15439:11)
      at commitPassiveMountOnFiber (node_modules/.pnpm/react-dom@19.2.0_react@19.2.0/node_modules/react-dom/cjs/react-dom-client.development.js:15718:11)
      at recursivelyTraversePassiveMountEffects (node_modules/.pnpm/react-dom@19.2.0_react@19.2.0/node_modules/react-dom/cjs/react-dom-client.development.js:15439:11)
      at commitPassiveMountOnFiber (node_modules/.pnpm/react-dom@19.2.0_react@19.2.0/node_modules/react-dom/cjs/react-dom-client.development.js:15476:11)
      at recursivelyTraversePassiveMountEffects (node_modules/.pnpm/react-dom@19.2.0_react@19.2.0/node_modules/react-dom/cjs/react-dom-client.development.js:15439:11)
      at commitPassiveMountOnFiber (node_modules/.pnpm/react-dom@19.2.0_react@19.2.0/node_modules/react-dom/cjs/react-dom-client.development.js:15476:11)
      at recursivelyTraversePassiveMountEffects (node_modules/.pnpm/react-dom@19.2.0_react@19.2.0/node_modules/react-dom/cjs/react-dom-client.development.js:15439:11)
      at commitPassiveMountOnFiber (node_modules/.pnpm/react-dom@19.2.0_react@19.2.0/node_modules/react-dom/cjs/react-dom-client.development.js:15476:11)
      at recursivelyTraversePassiveMountEffects (node_modules/.pnpm/react-dom@19.2.0_react@19.2.0/node_modules/react-dom/cjs/react-dom-client.development.js:15439:11)
      at commitPassiveMountOnFiber (node_modules/.pnpm/react-dom@19.2.0_react@19.2.0/node_modules/react-dom/cjs/react-dom-client.development.js:15476:11)
      at recursivelyTraversePassiveMountEffects (node_modules/.pnpm/react-dom@19.2.0_react@19.2.0/node_modules/react-dom/cjs/react-dom-client.development.js:15439:11)
      at commitPassiveMountOnFiber (node_modules/.pnpm/react-dom@19.2.0_react@19.2.0/node_modules/react-dom/cjs/react-dom-client.development.js:15718:11)
      at recursivelyTraversePassiveMountEffects (node_modules/.pnpm/react-dom@19.2.0_react@19.2.0/node_modules/react-dom/cjs/react-dom-client.development.js:15439:11)
      at commitPassiveMountOnFiber (node_modules/.pnpm/react-dom@19.2.0_react@19.2.0/node_modules/react-dom/cjs/react-dom-client.development.js:15476:11)
      at recursivelyTraversePassiveMountEffects (node_modules/.pnpm/react-dom@19.2.0_react@19.2.0/node_modules/react-dom/cjs/react-dom-client.development.js:15439:11)
      at commitPassiveMountOnFiber (node_modules/.pnpm/react-dom@19.2.0_react@19.2.0/node_modules/react-dom/cjs/react-dom-client.development.js:15519:11)
      at flushPassiveEffects (node_modules/.pnpm/react-dom@19.2.0_react@19.2.0/node_modules/react-dom/cjs/react-dom-client.development.js:18432:9)
      at flushPendingEffects (node_modules/.pnpm/react-dom@19.2.0_react@19.2.0/node_modules/react-dom/cjs/react-dom-client.development.js:18358:14)
      at flushSpawnedWork (node_modules/.pnpm/react-dom@19.2.0_react@19.2.0/node_modules/react-dom/cjs/react-dom-client.development.js:18323:44)
      at commitRoot (node_modules/.pnpm/react-dom@19.2.0_react@19.2.0/node_modules/react-dom/cjs/react-dom-client.development.js:17955:9)
      at performWorkOnRoot (node_modules/.pnpm/react-dom@19.2.0_react@19.2.0/node_modules/react-dom/cjs/react-dom-client.development.js:16667:15)
      at performSyncWorkOnRoot (node_modules/.pnpm/react-dom@19.2.0_react@19.2.0/node_modules/react-dom/cjs/react-dom-client.development.js:18972:7)
      at flushSyncWorkAcrossRoots_impl (node_modules/.pnpm/react-dom@19.2.0_react@19.2.0/node_modules/react-dom/cjs/react-dom-client.development.js:18814:21)
      at processRootScheduleInMicrotask (node_modules/.pnpm/react-dom@19.2.0_react@19.2.0/node_modules/react-dom/cjs/react-dom-client.development.js:18853:9)
      at node_modules/.pnpm/react-dom@19.2.0_react@19.2.0/node_modules/react-dom/cjs/react-dom-client.development.js:18982:11
      at flushActQueue (node_modules/.pnpm/react@19.2.0/node_modules/react/cjs/react.development.js:590:34)
      at process.env.NODE_ENV.exports.act (node_modules/.pnpm/react@19.2.0/node_modules/react/cjs/react.development.js:884:10)
      at node_modules/.pnpm/@testing-library+react@16.3_15d474de7481bb0af842c1b1705139a8/node_modules/@testing-library/react/dist/act-compat.js:47:25
      at Object.eventWrapper (node_modules/.pnpm/@testing-library+react@16.3_15d474de7481bb0af842c1b1705139a8/node_modules/@testing-library/react/dist/pure.js:107:28)
      at Object.wrapEvent (node_modules/.pnpm/@testing-library+user-event_1ca100c7362ccf0b1358603d616c282d/node_modules/@testing-library/user-event/dist/cjs/event/wrapEvent.js:6:28)
      at Object.dispatchEvent (node_modules/.pnpm/@testing-library+user-event_1ca100c7362ccf0b1358603d616c282d/node_modules/@testing-library/user-event/dist/cjs/event/dispatchEvent.js:45:22)
      at Object.dispatchUIEvent (node_modules/.pnpm/@testing-library+user-event_1ca100c7362ccf0b1358603d616c282d/node_modules/@testing-library/user-event/dist/cjs/event/dispatchEvent.js:22:26)
      at Mouse.up (node_modules/.pnpm/@testing-library+user-event_1ca100c7362ccf0b1358603d616c282d/node_modules/@testing-library/user-event/dist/cjs/system/pointer/mouse.js:100:30)
      at PointerHost.release (node_modules/.pnpm/@testing-library+user-event_1ca100c7362ccf0b1358603d616c282d/node_modules/@testing-library/user-event/dist/cjs/system/pointer/index.js:87:24)
      at pointerAction (node_modules/.pnpm/@testing-library+user-event_1ca100c7362ccf0b1358603d616c282d/node_modules/@testing-library/user-event/dist/cjs/pointer/index.js:54:47)
      at Object.pointer (node_modules/.pnpm/@testing-library+user-event_1ca100c7362ccf0b1358603d616c282d/node_modules/@testing-library/user-event/dist/cjs/pointer/index.js:27:9)
      at Object.asyncWrapper (node_modules/.pnpm/@testing-library+react@16.3_15d474de7481bb0af842c1b1705139a8/node_modules/@testing-library/react/dist/pure.js:88:22)
      at Object.<anonymous> (src/__tests__/pages/index.test.tsx:750:7)

    console.error
      Login failed: Error: Test error
          at D:\Repositories\meepleai-monorepo\apps\web\src\hooks\useAuth.ts:111:13
          at handleLogin (D:\Repositories\meepleai-monorepo\apps\web\src\components\auth\AuthModal.tsx:65:20)
          at onFormSubmit (D:\Repositories\meepleai-monorepo\apps\web\src\components\auth\LoginForm.tsx:75:5)
          at unset (D:\Repositories\meepleai-monorepo\apps\web\node_modules\.pnpm\react-hook-form@7.66.0_react@19.2.0\node_modules\react-hook-form\src\logic\createFormControl.ts:1266:7)

    [0m [90m 373 |[39m       [36mreturn[39m[33m;[39m
     [90m 374 |[39m     }
    [31m[1m>[22m[39m[90m 375 |[39m     originalError[33m.[39mcall(console[33m,[39m [33m...[39margs)[33m;[39m
     [90m     |[39m                   [31m[1m^[22m[39m
     [90m 376 |[39m   }[33m;[39m
     [90m 377 |[39m })[33m;[39m
     [90m 378 |[39m[0m

      at console.call [as error] (jest.setup.js:375:19)
      at error (src/components/auth/AuthModal.tsx:71:15)
      at onFormSubmit (src/components/auth/LoginForm.tsx:75:5)
      at unset (node_modules/.pnpm/react-hook-form@7.66.0_react@19.2.0/node_modules/react-hook-form/src/logic/createFormControl.ts:1266:7)

    console.error
      `DialogContent` requires a `DialogTitle` for the component to be accessible for screen reader users.
      
      If you want to hide the `DialogTitle`, you can wrap it with our VisuallyHidden component.
      
      For more information, see https://radix-ui.com/primitives/docs/components/dialog

    [0m [90m 373 |[39m       [36mreturn[39m[33m;[39m
     [90m 374 |[39m     }
    [31m[1m>[22m[39m[90m 375 |[39m     originalError[33m.[39mcall(console[33m,[39m [33m...[39margs)[33m;[39m
     [90m     |[39m                   [31m[1m^[22m[39m
     [90m 376 |[39m   }[33m;[39m
     [90m 377 |[39m })[33m;[39m
     [90m 378 |[39m[0m

      at console.call [as error] (jest.setup.js:375:19)
      at node_modules/.pnpm/@radix-ui+react-dialog@1.1._664b8f23a65f4708bb5cf27e5ff43c08/node_modules/@radix-ui/react-dialog/src/dialog.tsx:520:30
      at Object.react_stack_bottom_frame (node_modules/.pnpm/react-dom@19.2.0_react@19.2.0/node_modules/react-dom/cjs/react-dom-client.development.js:25989:20)
      at runWithFiberInDEV (node_modules/.pnpm/react-dom@19.2.0_react@19.2.0/node_modules/react-dom/cjs/react-dom-client.development.js:874:13)
      at commitHookEffectListMount (node_modules/.pnpm/react-dom@19.2.0_react@19.2.0/node_modules/react-dom/cjs/react-dom-client.development.js:13249:29)
      at commitHookPassiveMountEffects (node_modules/.pnpm/react-dom@19.2.0_react@19.2.0/node_modules/react-dom/cjs/react-dom-client.development.js:13336:11)
      at commitPassiveMountOnFiber (node_modules/.pnpm/react-dom@19.2.0_react@19.2.0/node_modules/react-dom/cjs/react-dom-client.development.js:15484:13)
      at recursivelyTraversePassiveMountEffects (node_modules/.pnpm/react-dom@19.2.0_react@19.2.0/node_modules/react-dom/cjs/react-dom-client.development.js:15439:11)
      at commitPassiveMountOnFiber (node_modules/.pnpm/react-dom@19.2.0_react@19.2.0/node_modules/react-dom/cjs/react-dom-client.development.js:15718:11)
      at recursivelyTraversePassiveMountEffects (node_modules/.pnpm/react-dom@19.2.0_react@19.2.0/node_modules/react-dom/cjs/react-dom-client.development.js:15439:11)
      at commitPassiveMountOnFiber (node_modules/.pnpm/react-dom@19.2.0_react@19.2.0/node_modules/react-dom/cjs/react-dom-client.development.js:15476:11)
      at recursivelyTraversePassiveMountEffects (node_modules/.pnpm/react-dom@19.2.0_react@19.2.0/node_modules/react-dom/cjs/react-dom-client.development.js:15439:11)
      at commitPassiveMountOnFiber (node_modules/.pnpm/react-dom@19.2.0_react@19.2.0/node_modules/react-dom/cjs/react-dom-client.development.js:15476:11)
      at recursivelyTraversePassiveMountEffects (node_modules/.pnpm/react-dom@19.2.0_react@19.2.0/node_modules/react-dom/cjs/react-dom-client.development.js:15439:11)
      at commitPassiveMountOnFiber (node_modules/.pnpm/react-dom@19.2.0_react@19.2.0/node_modules/react-dom/cjs/react-dom-client.development.js:15476:11)
      at recursivelyTraversePassiveMountEffects (node_modules/.pnpm/react-dom@19.2.0_react@19.2.0/node_modules/react-dom/cjs/react-dom-client.development.js:15439:11)
      at commitPassiveMountOnFiber (node_modules/.pnpm/react-dom@19.2.0_react@19.2.0/node_modules/react-dom/cjs/react-dom-client.development.js:15476:11)
      at recursivelyTraversePassiveMountEffects (node_modules/.pnpm/react-dom@19.2.0_react@19.2.0/node_modules/react-dom/cjs/react-dom-client.development.js:15439:11)
      at commitPassiveMountOnFiber (node_modules/.pnpm/react-dom@19.2.0_react@19.2.0/node_modules/react-dom/cjs/react-dom-client.development.js:15476:11)
      at recursivelyTraversePassiveMountEffects (node_modules/.pnpm/react-dom@19.2.0_react@19.2.0/node_modules/react-dom/cjs/react-dom-client.development.js:15439:11)
      at commitPassiveMountOnFiber (node_modules/.pnpm/react-dom@19.2.0_react@19.2.0/node_modules/react-dom/cjs/react-dom-client.development.js:15476:11)
      at recursivelyTraversePassiveMountEffects (node_modules/.pnpm/react-dom@19.2.0_react@19.2.0/node_modules/react-dom/cjs/react-dom-client.development.js:15439:11)
      at commitPassiveMountOnFiber (node_modules/.pnpm/react-dom@19.2.0_react@19.2.0/node_modules/react-dom/cjs/react-dom-client.development.js:15476:11)
      at recursivelyTraversePassiveMountEffects (node_modules/.pnpm/react-dom@19.2.0_react@19.2.0/node_modules/react-dom/cjs/react-dom-client.development.js:15439:11)
      at commitPassiveMountOnFiber (node_modules/.pnpm/react-dom@19.2.0_react@19.2.0/node_modules/react-dom/cjs/react-dom-client.development.js:15718:11)
      at recursivelyTraversePassiveMountEffects (node_modules/.pnpm/react-dom@19.2.0_react@19.2.0/node_modules/react-dom/cjs/react-dom-client.development.js:15439:11)
      at commitPassiveMountOnFiber (node_modules/.pnpm/react-dom@19.2.0_react@19.2.0/node_modules/react-dom/cjs/react-dom-client.development.js:15476:11)
      at recursivelyTraversePassiveMountEffects (node_modules/.pnpm/react-dom@19.2.0_react@19.2.0/node_modules/react-dom/cjs/react-dom-client.development.js:15439:11)
      at commitPassiveMountOnFiber (node_modules/.pnpm/react-dom@19.2.0_react@19.2.0/node_modules/react-dom/cjs/react-dom-client.development.js:15476:11)
      at recursivelyTraversePassiveMountEffects (node_modules/.pnpm/react-dom@19.2.0_react@19.2.0/node_modules/react-dom/cjs/react-dom-client.development.js:15439:11)
      at commitPassiveMountOnFiber (node_modules/.pnpm/react-dom@19.2.0_react@19.2.0/node_modules/react-dom/cjs/react-dom-client.development.js:15718:11)
      at recursivelyTraversePassiveMountEffects (node_modules/.pnpm/react-dom@19.2.0_react@19.2.0/node_modules/react-dom/cjs/react-dom-client.development.js:15439:11)
      at commitPassiveMountOnFiber (node_modules/.pnpm/react-dom@19.2.0_react@19.2.0/node_modules/react-dom/cjs/react-dom-client.development.js:15476:11)
      at recursivelyTraversePassiveMountEffects (node_modules/.pnpm/react-dom@19.2.0_react@19.2.0/node_modules/react-dom/cjs/react-dom-client.development.js:15439:11)
      at commitPassiveMountOnFiber (node_modules/.pnpm/react-dom@19.2.0_react@19.2.0/node_modules/react-dom/cjs/react-dom-client.development.js:15476:11)
      at recursivelyTraversePassiveMountEffects (node_modules/.pnpm/react-dom@19.2.0_react@19.2.0/node_modules/react-dom/cjs/react-dom-client.development.js:15439:11)
      at commitPassiveMountOnFiber (node_modules/.pnpm/react-dom@19.2.0_react@19.2.0/node_modules/react-dom/cjs/react-dom-client.development.js:15476:11)
      at recursivelyTraversePassiveMountEffects (node_modules/.pnpm/react-dom@19.2.0_react@19.2.0/node_modules/react-dom/cjs/react-dom-client.development.js:15439:11)
      at commitPassiveMountOnFiber (node_modules/.pnpm/react-dom@19.2.0_react@19.2.0/node_modules/react-dom/cjs/react-dom-client.development.js:15718:11)
      at recursivelyTraversePassiveMountEffects (node_modules/.pnpm/react-dom@19.2.0_react@19.2.0/node_modules/react-dom/cjs/react-dom-client.development.js:15439:11)
      at commitPassiveMountOnFiber (node_modules/.pnpm/react-dom@19.2.0_react@19.2.0/node_modules/react-dom/cjs/react-dom-client.development.js:15476:11)
      at recursivelyTraversePassiveMountEffects (node_modules/.pnpm/react-dom@19.2.0_react@19.2.0/node_modules/react-dom/cjs/react-dom-client.development.js:15439:11)
      at commitPassiveMountOnFiber (node_modules/.pnpm/react-dom@19.2.0_react@19.2.0/node_modules/react-dom/cjs/react-dom-client.development.js:15476:11)
      at recursivelyTraversePassiveMountEffects (node_modules/.pnpm/react-dom@19.2.0_react@19.2.0/node_modules/react-dom/cjs/react-dom-client.development.js:15439:11)
      at commitPassiveMountOnFiber (node_modules/.pnpm/react-dom@19.2.0_react@19.2.0/node_modules/react-dom/cjs/react-dom-client.development.js:15476:11)
      at recursivelyTraversePassiveMountEffects (node_modules/.pnpm/react-dom@19.2.0_react@19.2.0/node_modules/react-dom/cjs/react-dom-client.development.js:15439:11)
      at commitPassiveMountOnFiber (node_modules/.pnpm/react-dom@19.2.0_react@19.2.0/node_modules/react-dom/cjs/react-dom-client.development.js:15476:11)
      at recursivelyTraversePassiveMountEffects (node_modules/.pnpm/react-dom@19.2.0_react@19.2.0/node_modules/react-dom/cjs/react-dom-client.development.js:15439:11)
      at commitPassiveMountOnFiber (node_modules/.pnpm/react-dom@19.2.0_react@19.2.0/node_modules/react-dom/cjs/react-dom-client.development.js:15718:11)
      at recursivelyTraversePassiveMountEffects (node_modules/.pnpm/react-dom@19.2.0_react@19.2.0/node_modules/react-dom/cjs/react-dom-client.development.js:15439:11)
      at commitPassiveMountOnFiber (node_modules/.pnpm/react-dom@19.2.0_react@19.2.0/node_modules/react-dom/cjs/react-dom-client.development.js:15476:11)
      at recursivelyTraversePassiveMountEffects (node_modules/.pnpm/react-dom@19.2.0_react@19.2.0/node_modules/react-dom/cjs/react-dom-client.development.js:15439:11)
      at commitPassiveMountOnFiber (node_modules/.pnpm/react-dom@19.2.0_react@19.2.0/node_modules/react-dom/cjs/react-dom-client.development.js:15519:11)
      at flushPassiveEffects (node_modules/.pnpm/react-dom@19.2.0_react@19.2.0/node_modules/react-dom/cjs/react-dom-client.development.js:18432:9)
      at flushPendingEffects (node_modules/.pnpm/react-dom@19.2.0_react@19.2.0/node_modules/react-dom/cjs/react-dom-client.development.js:18358:14)
      at flushSpawnedWork (node_modules/.pnpm/react-dom@19.2.0_react@19.2.0/node_modules/react-dom/cjs/react-dom-client.development.js:18323:44)
      at commitRoot (node_modules/.pnpm/react-dom@19.2.0_react@19.2.0/node_modules/react-dom/cjs/react-dom-client.development.js:17955:9)
      at performWorkOnRoot (node_modules/.pnpm/react-dom@19.2.0_react@19.2.0/node_modules/react-dom/cjs/react-dom-client.development.js:16667:15)
      at performSyncWorkOnRoot (node_modules/.pnpm/react-dom@19.2.0_react@19.2.0/node_modules/react-dom/cjs/react-dom-client.development.js:18972:7)
      at flushSyncWorkAcrossRoots_impl (node_modules/.pnpm/react-dom@19.2.0_react@19.2.0/node_modules/react-dom/cjs/react-dom-client.development.js:18814:21)
      at processRootScheduleInMicrotask (node_modules/.pnpm/react-dom@19.2.0_react@19.2.0/node_modules/react-dom/cjs/react-dom-client.development.js:18853:9)
      at node_modules/.pnpm/react-dom@19.2.0_react@19.2.0/node_modules/react-dom/cjs/react-dom-client.development.js:18982:11
      at flushActQueue (node_modules/.pnpm/react@19.2.0/node_modules/react/cjs/react.development.js:590:34)
      at process.env.NODE_ENV.exports.act (node_modules/.pnpm/react@19.2.0/node_modules/react/cjs/react.development.js:884:10)
      at node_modules/.pnpm/@testing-library+react@16.3_15d474de7481bb0af842c1b1705139a8/node_modules/@testing-library/react/dist/act-compat.js:47:25
      at Object.eventWrapper (node_modules/.pnpm/@testing-library+react@16.3_15d474de7481bb0af842c1b1705139a8/node_modules/@testing-library/react/dist/pure.js:107:28)
      at Object.wrapEvent (node_modules/.pnpm/@testing-library+user-event_1ca100c7362ccf0b1358603d616c282d/node_modules/@testing-library/user-event/dist/cjs/event/wrapEvent.js:6:28)
      at Object.dispatchEvent (node_modules/.pnpm/@testing-library+user-event_1ca100c7362ccf0b1358603d616c282d/node_modules/@testing-library/user-event/dist/cjs/event/dispatchEvent.js:45:22)
      at Object.dispatchUIEvent (node_modules/.pnpm/@testing-library+user-event_1ca100c7362ccf0b1358603d616c282d/node_modules/@testing-library/user-event/dist/cjs/event/dispatchEvent.js:22:26)
      at Mouse.up (node_modules/.pnpm/@testing-library+user-event_1ca100c7362ccf0b1358603d616c282d/node_modules/@testing-library/user-event/dist/cjs/system/pointer/mouse.js:100:30)
      at PointerHost.release (node_modules/.pnpm/@testing-library+user-event_1ca100c7362ccf0b1358603d616c282d/node_modules/@testing-library/user-event/dist/cjs/system/pointer/index.js:87:24)
      at pointerAction (node_modules/.pnpm/@testing-library+user-event_1ca100c7362ccf0b1358603d616c282d/node_modules/@testing-library/user-event/dist/cjs/pointer/index.js:54:47)
      at Object.pointer (node_modules/.pnpm/@testing-library+user-event_1ca100c7362ccf0b1358603d616c282d/node_modules/@testing-library/user-event/dist/cjs/pointer/index.js:27:9)
      at Object.asyncWrapper (node_modules/.pnpm/@testing-library+react@16.3_15d474de7481bb0af842c1b1705139a8/node_modules/@testing-library/react/dist/pure.js:88:22)
      at Object.<anonymous> (src/__tests__/pages/index.test.tsx:801:7)

    console.warn
      Warning: Missing `Description` or `aria-describedby={undefined}` for {DialogContent}.

    [0m [90m 799 |[39m       [90m// Open modal[39m
     [90m 800 |[39m       [36mconst[39m getStartedButtons [33m=[39m screen[33m.[39mgetAllByText([32m'Get Started Free'[39m)[33m;[39m
    [31m[1m>[22m[39m[90m 801 |[39m       [36mawait[39m user[33m.[39mclick(getStartedButtons[[35m0[39m])[33m;[39m
     [90m     |[39m       [31m[1m^[22m[39m
     [90m 802 |[39m
     [90m 803 |[39m       [36mawait[39m waitFor(() [33m=>[39m {
     [90m 804 |[39m         expect(screen[33m.[39mgetByText([32m'Sign In to MeepleAI'[39m))[33m.[39mtoBeInTheDocument()[33m;[39m[0m

      at node_modules/.pnpm/@radix-ui+react-dialog@1.1._664b8f23a65f4708bb5cf27e5ff43c08/node_modules/@radix-ui/react-dialog/src/dialog.tsx:543:36
      at Object.react_stack_bottom_frame (node_modules/.pnpm/react-dom@19.2.0_react@19.2.0/node_modules/react-dom/cjs/react-dom-client.development.js:25989:20)
      at runWithFiberInDEV (node_modules/.pnpm/react-dom@19.2.0_react@19.2.0/node_modules/react-dom/cjs/react-dom-client.development.js:874:13)
      at commitHookEffectListMount (node_modules/.pnpm/react-dom@19.2.0_react@19.2.0/node_modules/react-dom/cjs/react-dom-client.development.js:13249:29)
      at commitHookPassiveMountEffects (node_modules/.pnpm/react-dom@19.2.0_react@19.2.0/node_modules/react-dom/cjs/react-dom-client.development.js:13336:11)
      at commitPassiveMountOnFiber (node_modules/.pnpm/react-dom@19.2.0_react@19.2.0/node_modules/react-dom/cjs/react-dom-client.development.js:15484:13)
      at recursivelyTraversePassiveMountEffects (node_modules/.pnpm/react-dom@19.2.0_react@19.2.0/node_modules/react-dom/cjs/react-dom-client.development.js:15439:11)
      at commitPassiveMountOnFiber (node_modules/.pnpm/react-dom@19.2.0_react@19.2.0/node_modules/react-dom/cjs/react-dom-client.development.js:15718:11)
      at recursivelyTraversePassiveMountEffects (node_modules/.pnpm/react-dom@19.2.0_react@19.2.0/node_modules/react-dom/cjs/react-dom-client.development.js:15439:11)
      at commitPassiveMountOnFiber (node_modules/.pnpm/react-dom@19.2.0_react@19.2.0/node_modules/react-dom/cjs/react-dom-client.development.js:15476:11)
      at recursivelyTraversePassiveMountEffects (node_modules/.pnpm/react-dom@19.2.0_react@19.2.0/node_modules/react-dom/cjs/react-dom-client.development.js:15439:11)
      at commitPassiveMountOnFiber (node_modules/.pnpm/react-dom@19.2.0_react@19.2.0/node_modules/react-dom/cjs/react-dom-client.development.js:15476:11)
      at recursivelyTraversePassiveMountEffects (node_modules/.pnpm/react-dom@19.2.0_react@19.2.0/node_modules/react-dom/cjs/react-dom-client.development.js:15439:11)
      at commitPassiveMountOnFiber (node_modules/.pnpm/react-dom@19.2.0_react@19.2.0/node_modules/react-dom/cjs/react-dom-client.development.js:15476:11)
      at recursivelyTraversePassiveMountEffects (node_modules/.pnpm/react-dom@19.2.0_react@19.2.0/node_modules/react-dom/cjs/react-dom-client.development.js:15439:11)
      at commitPassiveMountOnFiber (node_modules/.pnpm/react-dom@19.2.0_react@19.2.0/node_modules/react-dom/cjs/react-dom-client.development.js:15476:11)
      at recursivelyTraversePassiveMountEffects (node_modules/.pnpm/react-dom@19.2.0_react@19.2.0/node_modules/react-dom/cjs/react-dom-client.development.js:15439:11)
      at commitPassiveMountOnFiber (node_modules/.pnpm/react-dom@19.2.0_react@19.2.0/node_modules/react-dom/cjs/react-dom-client.development.js:15476:11)
      at recursivelyTraversePassiveMountEffects (node_modules/.pnpm/react-dom@19.2.0_react@19.2.0/node_modules/react-dom/cjs/react-dom-client.development.js:15439:11)
      at commitPassiveMountOnFiber (node_modules/.pnpm/react-dom@19.2.0_react@19.2.0/node_modules/react-dom/cjs/react-dom-client.development.js:15476:11)
      at recursivelyTraversePassiveMountEffects (node_modules/.pnpm/react-dom@19.2.0_react@19.2.0/node_modules/react-dom/cjs/react-dom-client.development.js:15439:11)
      at commitPassiveMountOnFiber (node_modules/.pnpm/react-dom@19.2.0_react@19.2.0/node_modules/react-dom/cjs/react-dom-client.development.js:15476:11)
      at recursivelyTraversePassiveMountEffects (node_modules/.pnpm/react-dom@19.2.0_react@19.2.0/node_modules/react-dom/cjs/react-dom-client.development.js:15439:11)
      at commitPassiveMountOnFiber (node_modules/.pnpm/react-dom@19.2.0_react@19.2.0/node_modules/react-dom/cjs/react-dom-client.development.js:15718:11)
      at recursivelyTraversePassiveMountEffects (node_modules/.pnpm/react-dom@19.2.0_react@19.2.0/node_modules/react-dom/cjs/react-dom-client.development.js:15439:11)
      at commitPassiveMountOnFiber (node_modules/.pnpm/react-dom@19.2.0_react@19.2.0/node_modules/react-dom/cjs/react-dom-client.development.js:15476:11)
      at recursivelyTraversePassiveMountEffects (node_modules/.pnpm/react-dom@19.2.0_react@19.2.0/node_modules/react-dom/cjs/react-dom-client.development.js:15439:11)
      at commitPassiveMountOnFiber (node_modules/.pnpm/react-dom@19.2.0_react@19.2.0/node_modules/react-dom/cjs/react-dom-client.development.js:15476:11)
      at recursivelyTraversePassiveMountEffects (node_modules/.pnpm/react-dom@19.2.0_react@19.2.0/node_modules/react-dom/cjs/react-dom-client.development.js:15439:11)
      at commitPassiveMountOnFiber (node_modules/.pnpm/react-dom@19.2.0_react@19.2.0/node_modules/react-dom/cjs/react-dom-client.development.js:15718:11)
      at recursivelyTraversePassiveMountEffects (node_modules/.pnpm/react-dom@19.2.0_react@19.2.0/node_modules/react-dom/cjs/react-dom-client.development.js:15439:11)
      at commitPassiveMountOnFiber (node_modules/.pnpm/react-dom@19.2.0_react@19.2.0/node_modules/react-dom/cjs/react-dom-client.development.js:15476:11)
      at recursivelyTraversePassiveMountEffects (node_modules/.pnpm/react-dom@19.2.0_react@19.2.0/node_modules/react-dom/cjs/react-dom-client.development.js:15439:11)
      at commitPassiveMountOnFiber (node_modules/.pnpm/react-dom@19.2.0_react@19.2.0/node_modules/react-dom/cjs/react-dom-client.development.js:15476:11)
      at recursivelyTraversePassiveMountEffects (node_modules/.pnpm/react-dom@19.2.0_react@19.2.0/node_modules/react-dom/cjs/react-dom-client.development.js:15439:11)
      at commitPassiveMountOnFiber (node_modules/.pnpm/react-dom@19.2.0_react@19.2.0/node_modules/react-dom/cjs/react-dom-client.development.js:15476:11)
      at recursivelyTraversePassiveMountEffects (node_modules/.pnpm/react-dom@19.2.0_react@19.2.0/node_modules/react-dom/cjs/react-dom-client.development.js:15439:11)
      at commitPassiveMountOnFiber (node_modules/.pnpm/react-dom@19.2.0_react@19.2.0/node_modules/react-dom/cjs/react-dom-client.development.js:15718:11)
      at recursivelyTraversePassiveMountEffects (node_modules/.pnpm/react-dom@19.2.0_react@19.2.0/node_modules/react-dom/cjs/react-dom-client.development.js:15439:11)
      at commitPassiveMountOnFiber (node_modules/.pnpm/react-dom@19.2.0_react@19.2.0/node_modules/react-dom/cjs/react-dom-client.development.js:15476:11)
      at recursivelyTraversePassiveMountEffects (node_modules/.pnpm/react-dom@19.2.0_react@19.2.0/node_modules/react-dom/cjs/react-dom-client.development.js:15439:11)
      at commitPassiveMountOnFiber (node_modules/.pnpm/react-dom@19.2.0_react@19.2.0/node_modules/react-dom/cjs/react-dom-client.development.js:15476:11)
      at recursivelyTraversePassiveMountEffects (node_modules/.pnpm/react-dom@19.2.0_react@19.2.0/node_modules/react-dom/cjs/react-dom-client.development.js:15439:11)
      at commitPassiveMountOnFiber (node_modules/.pnpm/react-dom@19.2.0_react@19.2.0/node_modules/react-dom/cjs/react-dom-client.development.js:15476:11)
      at recursivelyTraversePassiveMountEffects (node_modules/.pnpm/react-dom@19.2.0_react@19.2.0/node_modules/react-dom/cjs/react-dom-client.development.js:15439:11)
      at commitPassiveMountOnFiber (node_modules/.pnpm/react-dom@19.2.0_react@19.2.0/node_modules/react-dom/cjs/react-dom-client.development.js:15476:11)
      at recursivelyTraversePassiveMountEffects (node_modules/.pnpm/react-dom@19.2.0_react@19.2.0/node_modules/react-dom/cjs/react-dom-client.development.js:15439:11)
      at commitPassiveMountOnFiber (node_modules/.pnpm/react-dom@19.2.0_react@19.2.0/node_modules/react-dom/cjs/react-dom-client.development.js:15718:11)
      at recursivelyTraversePassiveMountEffects (node_modules/.pnpm/react-dom@19.2.0_react@19.2.0/node_modules/react-dom/cjs/react-dom-client.development.js:15439:11)
      at commitPassiveMountOnFiber (node_modules/.pnpm/react-dom@19.2.0_react@19.2.0/node_modules/react-dom/cjs/react-dom-client.development.js:15476:11)
      at recursivelyTraversePassiveMountEffects (node_modules/.pnpm/react-dom@19.2.0_react@19.2.0/node_modules/react-dom/cjs/react-dom-client.development.js:15439:11)
      at commitPassiveMountOnFiber (node_modules/.pnpm/react-dom@19.2.0_react@19.2.0/node_modules/react-dom/cjs/react-dom-client.development.js:15519:11)
      at flushPassiveEffects (node_modules/.pnpm/react-dom@19.2.0_react@19.2.0/node_modules/react-dom/cjs/react-dom-client.development.js:18432:9)
      at flushPendingEffects (node_modules/.pnpm/react-dom@19.2.0_react@19.2.0/node_modules/react-dom/cjs/react-dom-client.development.js:18358:14)
      at flushSpawnedWork (node_modules/.pnpm/react-dom@19.2.0_react@19.2.0/node_modules/react-dom/cjs/react-dom-client.development.js:18323:44)
      at commitRoot (node_modules/.pnpm/react-dom@19.2.0_react@19.2.0/node_modules/react-dom/cjs/react-dom-client.development.js:17955:9)
      at performWorkOnRoot (node_modules/.pnpm/react-dom@19.2.0_react@19.2.0/node_modules/react-dom/cjs/react-dom-client.development.js:16667:15)
      at performSyncWorkOnRoot (node_modules/.pnpm/react-dom@19.2.0_react@19.2.0/node_modules/react-dom/cjs/react-dom-client.development.js:18972:7)
      at flushSyncWorkAcrossRoots_impl (node_modules/.pnpm/react-dom@19.2.0_react@19.2.0/node_modules/react-dom/cjs/react-dom-client.development.js:18814:21)
      at processRootScheduleInMicrotask (node_modules/.pnpm/react-dom@19.2.0_react@19.2.0/node_modules/react-dom/cjs/react-dom-client.development.js:18853:9)
      at node_modules/.pnpm/react-dom@19.2.0_react@19.2.0/node_modules/react-dom/cjs/react-dom-client.development.js:18982:11
      at flushActQueue (node_modules/.pnpm/react@19.2.0/node_modules/react/cjs/react.development.js:590:34)
      at process.env.NODE_ENV.exports.act (node_modules/.pnpm/react@19.2.0/node_modules/react/cjs/react.development.js:884:10)
      at node_modules/.pnpm/@testing-library+react@16.3_15d474de7481bb0af842c1b1705139a8/node_modules/@testing-library/react/dist/act-compat.js:47:25
      at Object.eventWrapper (node_modules/.pnpm/@testing-library+react@16.3_15d474de7481bb0af842c1b1705139a8/node_modules/@testing-library/react/dist/pure.js:107:28)
      at Object.wrapEvent (node_modules/.pnpm/@testing-library+user-event_1ca100c7362ccf0b1358603d616c282d/node_modules/@testing-library/user-event/dist/cjs/event/wrapEvent.js:6:28)
      at Object.dispatchEvent (node_modules/.pnpm/@testing-library+user-event_1ca100c7362ccf0b1358603d616c282d/node_modules/@testing-library/user-event/dist/cjs/event/dispatchEvent.js:45:22)
      at Object.dispatchUIEvent (node_modules/.pnpm/@testing-library+user-event_1ca100c7362ccf0b1358603d616c282d/node_modules/@testing-library/user-event/dist/cjs/event/dispatchEvent.js:22:26)
      at Mouse.up (node_modules/.pnpm/@testing-library+user-event_1ca100c7362ccf0b1358603d616c282d/node_modules/@testing-library/user-event/dist/cjs/system/pointer/mouse.js:100:30)
      at PointerHost.release (node_modules/.pnpm/@testing-library+user-event_1ca100c7362ccf0b1358603d616c282d/node_modules/@testing-library/user-event/dist/cjs/system/pointer/index.js:87:24)
      at pointerAction (node_modules/.pnpm/@testing-library+user-event_1ca100c7362ccf0b1358603d616c282d/node_modules/@testing-library/user-event/dist/cjs/pointer/index.js:54:47)
      at Object.pointer (node_modules/.pnpm/@testing-library+user-event_1ca100c7362ccf0b1358603d616c282d/node_modules/@testing-library/user-event/dist/cjs/pointer/index.js:27:9)
      at Object.asyncWrapper (node_modules/.pnpm/@testing-library+react@16.3_15d474de7481bb0af842c1b1705139a8/node_modules/@testing-library/react/dist/pure.js:88:22)
      at Object.<anonymous> (src/__tests__/pages/index.test.tsx:801:7)

    console.error
      `DialogContent` requires a `DialogTitle` for the component to be accessible for screen reader users.
      
      If you want to hide the `DialogTitle`, you can wrap it with our VisuallyHidden component.
      
      For more information, see https://radix-ui.com/primitives/docs/components/dialog

    [0m [90m 373 |[39m       [36mreturn[39m[33m;[39m
     [90m 374 |[39m     }
    [31m[1m>[22m[39m[90m 375 |[39m     originalError[33m.[39mcall(console[33m,[39m [33m...[39margs)[33m;[39m
     [90m     |[39m                   [31m[1m^[22m[39m
     [90m 376 |[39m   }[33m;[39m
     [90m 377 |[39m })[33m;[39m
     [90m 378 |[39m[0m

      at console.call [as error] (jest.setup.js:375:19)
      at node_modules/.pnpm/@radix-ui+react-dialog@1.1._664b8f23a65f4708bb5cf27e5ff43c08/node_modules/@radix-ui/react-dialog/src/dialog.tsx:520:30
      at Object.react_stack_bottom_frame (node_modules/.pnpm/react-dom@19.2.0_react@19.2.0/node_modules/react-dom/cjs/react-dom-client.development.js:25989:20)
      at runWithFiberInDEV (node_modules/.pnpm/react-dom@19.2.0_react@19.2.0/node_modules/react-dom/cjs/react-dom-client.development.js:874:13)
      at commitHookEffectListMount (node_modules/.pnpm/react-dom@19.2.0_react@19.2.0/node_modules/react-dom/cjs/react-dom-client.development.js:13249:29)
      at commitHookPassiveMountEffects (node_modules/.pnpm/react-dom@19.2.0_react@19.2.0/node_modules/react-dom/cjs/react-dom-client.development.js:13336:11)
      at commitPassiveMountOnFiber (node_modules/.pnpm/react-dom@19.2.0_react@19.2.0/node_modules/react-dom/cjs/react-dom-client.development.js:15484:13)
      at recursivelyTraversePassiveMountEffects (node_modules/.pnpm/react-dom@19.2.0_react@19.2.0/node_modules/react-dom/cjs/react-dom-client.development.js:15439:11)
      at commitPassiveMountOnFiber (node_modules/.pnpm/react-dom@19.2.0_react@19.2.0/node_modules/react-dom/cjs/react-dom-client.development.js:15718:11)
      at recursivelyTraversePassiveMountEffects (node_modules/.pnpm/react-dom@19.2.0_react@19.2.0/node_modules/react-dom/cjs/react-dom-client.development.js:15439:11)
      at commitPassiveMountOnFiber (node_modules/.pnpm/react-dom@19.2.0_react@19.2.0/node_modules/react-dom/cjs/react-dom-client.development.js:15476:11)
      at recursivelyTraversePassiveMountEffects (node_modules/.pnpm/react-dom@19.2.0_react@19.2.0/node_modules/react-dom/cjs/react-dom-client.development.js:15439:11)
      at commitPassiveMountOnFiber (node_modules/.pnpm/react-dom@19.2.0_react@19.2.0/node_modules/react-dom/cjs/react-dom-client.development.js:15476:11)
      at recursivelyTraversePassiveMountEffects (node_modules/.pnpm/react-dom@19.2.0_react@19.2.0/node_modules/react-dom/cjs/react-dom-client.development.js:15439:11)
      at commitPassiveMountOnFiber (node_modules/.pnpm/react-dom@19.2.0_react@19.2.0/node_modules/react-dom/cjs/react-dom-client.development.js:15476:11)
      at recursivelyTraversePassiveMountEffects (node_modules/.pnpm/react-dom@19.2.0_react@19.2.0/node_modules/react-dom/cjs/react-dom-client.development.js:15439:11)
      at commitPassiveMountOnFiber (node_modules/.pnpm/react-dom@19.2.0_react@19.2.0/node_modules/react-dom/cjs/react-dom-client.development.js:15476:11)
      at recursivelyTraversePassiveMountEffects (node_modules/.pnpm/react-dom@19.2.0_react@19.2.0/node_modules/react-dom/cjs/react-dom-client.development.js:15439:11)
      at commitPassiveMountOnFiber (node_modules/.pnpm/react-dom@19.2.0_react@19.2.0/node_modules/react-dom/cjs/react-dom-client.development.js:15476:11)
      at recursivelyTraversePassiveMountEffects (node_modules/.pnpm/react-dom@19.2.0_react@19.2.0/node_modules/react-dom/cjs/react-dom-client.development.js:15439:11)
      at commitPassiveMountOnFiber (node_modules/.pnpm/react-dom@19.2.0_react@19.2.0/node_modules/react-dom/cjs/react-dom-client.development.js:15476:11)
      at recursivelyTraversePassiveMountEffects (node_modules/.pnpm/react-dom@19.2.0_react@19.2.0/node_modules/react-dom/cjs/react-dom-client.development.js:15439:11)
      at commitPassiveMountOnFiber (node_modules/.pnpm/react-dom@19.2.0_react@19.2.0/node_modules/react-dom/cjs/react-dom-client.development.js:15476:11)
      at recursivelyTraversePassiveMountEffects (node_modules/.pnpm/react-dom@19.2.0_react@19.2.0/node_modules/react-dom/cjs/react-dom-client.development.js:15439:11)
      at commitPassiveMountOnFiber (node_modules/.pnpm/react-dom@19.2.0_react@19.2.0/node_modules/react-dom/cjs/react-dom-client.development.js:15718:11)
      at recursivelyTraversePassiveMountEffects (node_modules/.pnpm/react-dom@19.2.0_react@19.2.0/node_modules/react-dom/cjs/react-dom-client.development.js:15439:11)
      at commitPassiveMountOnFiber (node_modules/.pnpm/react-dom@19.2.0_react@19.2.0/node_modules/react-dom/cjs/react-dom-client.development.js:15476:11)
      at recursivelyTraversePassiveMountEffects (node_modules/.pnpm/react-dom@19.2.0_react@19.2.0/node_modules/react-dom/cjs/react-dom-client.development.js:15439:11)
      at commitPassiveMountOnFiber (node_modules/.pnpm/react-dom@19.2.0_react@19.2.0/node_modules/react-dom/cjs/react-dom-client.development.js:15476:11)
      at recursivelyTraversePassiveMountEffects (node_modules/.pnpm/react-dom@19.2.0_react@19.2.0/node_modules/react-dom/cjs/react-dom-client.development.js:15439:11)
      at commitPassiveMountOnFiber (node_modules/.pnpm/react-dom@19.2.0_react@19.2.0/node_modules/react-dom/cjs/react-dom-client.development.js:15718:11)
      at recursivelyTraversePassiveMountEffects (node_modules/.pnpm/react-dom@19.2.0_react@19.2.0/node_modules/react-dom/cjs/react-dom-client.development.js:15439:11)
      at commitPassiveMountOnFiber (node_modules/.pnpm/react-dom@19.2.0_react@19.2.0/node_modules/react-dom/cjs/react-dom-client.development.js:15476:11)
      at recursivelyTraversePassiveMountEffects (node_modules/.pnpm/react-dom@19.2.0_react@19.2.0/node_modules/react-dom/cjs/react-dom-client.development.js:15439:11)
      at commitPassiveMountOnFiber (node_modules/.pnpm/react-dom@19.2.0_react@19.2.0/node_modules/react-dom/cjs/react-dom-client.development.js:15476:11)
      at recursivelyTraversePassiveMountEffects (node_modules/.pnpm/react-dom@19.2.0_react@19.2.0/node_modules/react-dom/cjs/react-dom-client.development.js:15439:11)
      at commitPassiveMountOnFiber (node_modules/.pnpm/react-dom@19.2.0_react@19.2.0/node_modules/react-dom/cjs/react-dom-client.development.js:15476:11)
      at recursivelyTraversePassiveMountEffects (node_modules/.pnpm/react-dom@19.2.0_react@19.2.0/node_modules/react-dom/cjs/react-dom-client.development.js:15439:11)
      at commitPassiveMountOnFiber (node_modules/.pnpm/react-dom@19.2.0_react@19.2.0/node_modules/react-dom/cjs/react-dom-client.development.js:15718:11)
      at recursivelyTraversePassiveMountEffects (node_modules/.pnpm/react-dom@19.2.0_react@19.2.0/node_modules/react-dom/cjs/react-dom-client.development.js:15439:11)
      at commitPassiveMountOnFiber (node_modules/.pnpm/react-dom@19.2.0_react@19.2.0/node_modules/react-dom/cjs/react-dom-client.development.js:15476:11)
      at recursivelyTraversePassiveMountEffects (node_modules/.pnpm/react-dom@19.2.0_react@19.2.0/node_modules/react-dom/cjs/react-dom-client.development.js:15439:11)
      at commitPassiveMountOnFiber (node_modules/.pnpm/react-dom@19.2.0_react@19.2.0/node_modules/react-dom/cjs/react-dom-client.development.js:15476:11)
      at recursivelyTraversePassiveMountEffects (node_modules/.pnpm/react-dom@19.2.0_react@19.2.0/node_modules/react-dom/cjs/react-dom-client.development.js:15439:11)
      at commitPassiveMountOnFiber (node_modules/.pnpm/react-dom@19.2.0_react@19.2.0/node_modules/react-dom/cjs/react-dom-client.development.js:15476:11)
      at recursivelyTraversePassiveMountEffects (node_modules/.pnpm/react-dom@19.2.0_react@19.2.0/node_modules/react-dom/cjs/react-dom-client.development.js:15439:11)
      at commitPassiveMountOnFiber (node_modules/.pnpm/react-dom@19.2.0_react@19.2.0/node_modules/react-dom/cjs/react-dom-client.development.js:15476:11)
      at recursivelyTraversePassiveMountEffects (node_modules/.pnpm/react-dom@19.2.0_react@19.2.0/node_modules/react-dom/cjs/react-dom-client.development.js:15439:11)
      at commitPassiveMountOnFiber (node_modules/.pnpm/react-dom@19.2.0_react@19.2.0/node_modules/react-dom/cjs/react-dom-client.development.js:15718:11)
      at recursivelyTraversePassiveMountEffects (node_modules/.pnpm/react-dom@19.2.0_react@19.2.0/node_modules/react-dom/cjs/react-dom-client.development.js:15439:11)
      at commitPassiveMountOnFiber (node_modules/.pnpm/react-dom@19.2.0_react@19.2.0/node_modules/react-dom/cjs/react-dom-client.development.js:15476:11)
      at recursivelyTraversePassiveMountEffects (node_modules/.pnpm/react-dom@19.2.0_react@19.2.0/node_modules/react-dom/cjs/react-dom-client.development.js:15439:11)
      at commitPassiveMountOnFiber (node_modules/.pnpm/react-dom@19.2.0_react@19.2.0/node_modules/react-dom/cjs/react-dom-client.development.js:15519:11)
      at flushPassiveEffects (node_modules/.pnpm/react-dom@19.2.0_react@19.2.0/node_modules/react-dom/cjs/react-dom-client.development.js:18432:9)
      at flushPendingEffects (node_modules/.pnpm/react-dom@19.2.0_react@19.2.0/node_modules/react-dom/cjs/react-dom-client.development.js:18358:14)
      at flushSpawnedWork (node_modules/.pnpm/react-dom@19.2.0_react@19.2.0/node_modules/react-dom/cjs/react-dom-client.development.js:18323:44)
      at commitRoot (node_modules/.pnpm/react-dom@19.2.0_react@19.2.0/node_modules/react-dom/cjs/react-dom-client.development.js:17955:9)
      at performWorkOnRoot (node_modules/.pnpm/react-dom@19.2.0_react@19.2.0/node_modules/react-dom/cjs/react-dom-client.development.js:16667:15)
      at performSyncWorkOnRoot (node_modules/.pnpm/react-dom@19.2.0_react@19.2.0/node_modules/react-dom/cjs/react-dom-client.development.js:18972:7)
      at flushSyncWorkAcrossRoots_impl (node_modules/.pnpm/react-dom@19.2.0_react@19.2.0/node_modules/react-dom/cjs/react-dom-client.development.js:18814:21)
      at processRootScheduleInMicrotask (node_modules/.pnpm/react-dom@19.2.0_react@19.2.0/node_modules/react-dom/cjs/react-dom-client.development.js:18853:9)
      at node_modules/.pnpm/react-dom@19.2.0_react@19.2.0/node_modules/react-dom/cjs/react-dom-client.development.js:18982:11
      at flushActQueue (node_modules/.pnpm/react@19.2.0/node_modules/react/cjs/react.development.js:590:34)
      at process.env.NODE_ENV.exports.act (node_modules/.pnpm/react@19.2.0/node_modules/react/cjs/react.development.js:884:10)
      at node_modules/.pnpm/@testing-library+react@16.3_15d474de7481bb0af842c1b1705139a8/node_modules/@testing-library/react/dist/act-compat.js:47:25
      at Object.eventWrapper (node_modules/.pnpm/@testing-library+react@16.3_15d474de7481bb0af842c1b1705139a8/node_modules/@testing-library/react/dist/pure.js:107:28)
      at Object.wrapEvent (node_modules/.pnpm/@testing-library+user-event_1ca100c7362ccf0b1358603d616c282d/node_modules/@testing-library/user-event/dist/cjs/event/wrapEvent.js:6:28)
      at Object.dispatchEvent (node_modules/.pnpm/@testing-library+user-event_1ca100c7362ccf0b1358603d616c282d/node_modules/@testing-library/user-event/dist/cjs/event/dispatchEvent.js:45:22)
      at Object.dispatchUIEvent (node_modules/.pnpm/@testing-library+user-event_1ca100c7362ccf0b1358603d616c282d/node_modules/@testing-library/user-event/dist/cjs/event/dispatchEvent.js:22:26)
      at Mouse.up (node_modules/.pnpm/@testing-library+user-event_1ca100c7362ccf0b1358603d616c282d/node_modules/@testing-library/user-event/dist/cjs/system/pointer/mouse.js:100:30)
      at PointerHost.release (node_modules/.pnpm/@testing-library+user-event_1ca100c7362ccf0b1358603d616c282d/node_modules/@testing-library/user-event/dist/cjs/system/pointer/index.js:87:24)
      at pointerAction (node_modules/.pnpm/@testing-library+user-event_1ca100c7362ccf0b1358603d616c282d/node_modules/@testing-library/user-event/dist/cjs/pointer/index.js:54:47)
      at Object.pointer (node_modules/.pnpm/@testing-library+user-event_1ca100c7362ccf0b1358603d616c282d/node_modules/@testing-library/user-event/dist/cjs/pointer/index.js:27:9)
      at Object.asyncWrapper (node_modules/.pnpm/@testing-library+react@16.3_15d474de7481bb0af842c1b1705139a8/node_modules/@testing-library/react/dist/pure.js:88:22)
      at Object.<anonymous> (src/__tests__/pages/index.test.tsx:893:7)

    console.warn
      Warning: Missing `Description` or `aria-describedby={undefined}` for {DialogContent}.

    [0m [90m 891 |[39m       [90m// Open modal and submit login[39m
     [90m 892 |[39m       [36mconst[39m getStartedButtons [33m=[39m screen[33m.[39mgetAllByText([32m'Get Started Free'[39m)[33m;[39m
    [31m[1m>[22m[39m[90m 893 |[39m       [36mawait[39m user[33m.[39mclick(getStartedButtons[[35m0[39m])[33m;[39m
     [90m     |[39m       [31m[1m^[22m[39m
     [90m 894 |[39m
     [90m 895 |[39m       [36mawait[39m waitFor(() [33m=>[39m {
     [90m 896 |[39m         expect(screen[33m.[39mgetByText([32m'Sign In to MeepleAI'[39m))[33m.[39mtoBeInTheDocument()[33m;[39m[0m

      at node_modules/.pnpm/@radix-ui+react-dialog@1.1._664b8f23a65f4708bb5cf27e5ff43c08/node_modules/@radix-ui/react-dialog/src/dialog.tsx:543:36
      at Object.react_stack_bottom_frame (node_modules/.pnpm/react-dom@19.2.0_react@19.2.0/node_modules/react-dom/cjs/react-dom-client.development.js:25989:20)
      at runWithFiberInDEV (node_modules/.pnpm/react-dom@19.2.0_react@19.2.0/node_modules/react-dom/cjs/react-dom-client.development.js:874:13)
      at commitHookEffectListMount (node_modules/.pnpm/react-dom@19.2.0_react@19.2.0/node_modules/react-dom/cjs/react-dom-client.development.js:13249:29)
      at commitHookPassiveMountEffects (node_modules/.pnpm/react-dom@19.2.0_react@19.2.0/node_modules/react-dom/cjs/react-dom-client.development.js:13336:11)
      at commitPassiveMountOnFiber (node_modules/.pnpm/react-dom@19.2.0_react@19.2.0/node_modules/react-dom/cjs/react-dom-client.development.js:15484:13)
      at recursivelyTraversePassiveMountEffects (node_modules/.pnpm/react-dom@19.2.0_react@19.2.0/node_modules/react-dom/cjs/react-dom-client.development.js:15439:11)
      at commitPassiveMountOnFiber (node_modules/.pnpm/react-dom@19.2.0_react@19.2.0/node_modules/react-dom/cjs/react-dom-client.development.js:15718:11)
      at recursivelyTraversePassiveMountEffects (node_modules/.pnpm/react-dom@19.2.0_react@19.2.0/node_modules/react-dom/cjs/react-dom-client.development.js:15439:11)
      at commitPassiveMountOnFiber (node_modules/.pnpm/react-dom@19.2.0_react@19.2.0/node_modules/react-dom/cjs/react-dom-client.development.js:15476:11)
      at recursivelyTraversePassiveMountEffects (node_modules/.pnpm/react-dom@19.2.0_react@19.2.0/node_modules/react-dom/cjs/react-dom-client.development.js:15439:11)
      at commitPassiveMountOnFiber (node_modules/.pnpm/react-dom@19.2.0_react@19.2.0/node_modules/react-dom/cjs/react-dom-client.development.js:15476:11)
      at recursivelyTraversePassiveMountEffects (node_modules/.pnpm/react-dom@19.2.0_react@19.2.0/node_modules/react-dom/cjs/react-dom-client.development.js:15439:11)
      at commitPassiveMountOnFiber (node_modules/.pnpm/react-dom@19.2.0_react@19.2.0/node_modules/react-dom/cjs/react-dom-client.development.js:15476:11)
      at recursivelyTraversePassiveMountEffects (node_modules/.pnpm/react-dom@19.2.0_react@19.2.0/node_modules/react-dom/cjs/react-dom-client.development.js:15439:11)
      at commitPassiveMountOnFiber (node_modules/.pnpm/react-dom@19.2.0_react@19.2.0/node_modules/react-dom/cjs/react-dom-client.development.js:15476:11)
      at recursivelyTraversePassiveMountEffects (node_modules/.pnpm/react-dom@19.2.0_react@19.2.0/node_modules/react-dom/cjs/react-dom-client.development.js:15439:11)
      at commitPassiveMountOnFiber (node_modules/.pnpm/react-dom@19.2.0_react@19.2.0/node_modules/react-dom/cjs/react-dom-client.development.js:15476:11)
      at recursivelyTraversePassiveMountEffects (node_modules/.pnpm/react-dom@19.2.0_react@19.2.0/node_modules/react-dom/cjs/react-dom-client.development.js:15439:11)
      at commitPassiveMountOnFiber (node_modules/.pnpm/react-dom@19.2.0_react@19.2.0/node_modules/react-dom/cjs/react-dom-client.development.js:15476:11)
      at recursivelyTraversePassiveMountEffects (node_modules/.pnpm/react-dom@19.2.0_react@19.2.0/node_modules/react-dom/cjs/react-dom-client.development.js:15439:11)
      at commitPassiveMountOnFiber (node_modules/.pnpm/react-dom@19.2.0_react@19.2.0/node_modules/react-dom/cjs/react-dom-client.development.js:15476:11)
      at recursivelyTraversePassiveMountEffects (node_modules/.pnpm/react-dom@19.2.0_react@19.2.0/node_modules/react-dom/cjs/react-dom-client.development.js:15439:11)
      at commitPassiveMountOnFiber (node_modules/.pnpm/react-dom@19.2.0_react@19.2.0/node_modules/react-dom/cjs/react-dom-client.development.js:15718:11)
      at recursivelyTraversePassiveMountEffects (node_modules/.pnpm/react-dom@19.2.0_react@19.2.0/node_modules/react-dom/cjs/react-dom-client.development.js:15439:11)
      at commitPassiveMountOnFiber (node_modules/.pnpm/react-dom@19.2.0_react@19.2.0/node_modules/react-dom/cjs/react-dom-client.development.js:15476:11)
      at recursivelyTraversePassiveMountEffects (node_modules/.pnpm/react-dom@19.2.0_react@19.2.0/node_modules/react-dom/cjs/react-dom-client.development.js:15439:11)
      at commitPassiveMountOnFiber (node_modules/.pnpm/react-dom@19.2.0_react@19.2.0/node_modules/react-dom/cjs/react-dom-client.development.js:15476:11)
      at recursivelyTraversePassiveMountEffects (node_modules/.pnpm/react-dom@19.2.0_react@19.2.0/node_modules/react-dom/cjs/react-dom-client.development.js:15439:11)
      at commitPassiveMountOnFiber (node_modules/.pnpm/react-dom@19.2.0_react@19.2.0/node_modules/react-dom/cjs/react-dom-client.development.js:15718:11)
      at recursivelyTraversePassiveMountEffects (node_modules/.pnpm/react-dom@19.2.0_react@19.2.0/node_modules/react-dom/cjs/react-dom-client.development.js:15439:11)
      at commitPassiveMountOnFiber (node_modules/.pnpm/react-dom@19.2.0_react@19.2.0/node_modules/react-dom/cjs/react-dom-client.development.js:15476:11)
      at recursivelyTraversePassiveMountEffects (node_modules/.pnpm/react-dom@19.2.0_react@19.2.0/node_modules/react-dom/cjs/react-dom-client.development.js:15439:11)
      at commitPassiveMountOnFiber (node_modules/.pnpm/react-dom@19.2.0_react@19.2.0/node_modules/react-dom/cjs/react-dom-client.development.js:15476:11)
      at recursivelyTraversePassiveMountEffects (node_modules/.pnpm/react-dom@19.2.0_react@19.2.0/node_modules/react-dom/cjs/react-dom-client.development.js:15439:11)
      at commitPassiveMountOnFiber (node_modules/.pnpm/react-dom@19.2.0_react@19.2.0/node_modules/react-dom/cjs/react-dom-client.development.js:15476:11)
      at recursivelyTraversePassiveMountEffects (node_modules/.pnpm/react-dom@19.2.0_react@19.2.0/node_modules/react-dom/cjs/react-dom-client.development.js:15439:11)
      at commitPassiveMountOnFiber (node_modules/.pnpm/react-dom@19.2.0_react@19.2.0/node_modules/react-dom/cjs/react-dom-client.development.js:15718:11)
      at recursivelyTraversePassiveMountEffects (node_modules/.pnpm/react-dom@19.2.0_react@19.2.0/node_modules/react-dom/cjs/react-dom-client.development.js:15439:11)
      at commitPassiveMountOnFiber (node_modules/.pnpm/react-dom@19.2.0_react@19.2.0/node_modules/react-dom/cjs/react-dom-client.development.js:15476:11)
      at recursivelyTraversePassiveMountEffects (node_modules/.pnpm/react-dom@19.2.0_react@19.2.0/node_modules/react-dom/cjs/react-dom-client.development.js:15439:11)
      at commitPassiveMountOnFiber (node_modules/.pnpm/react-dom@19.2.0_react@19.2.0/node_modules/react-dom/cjs/react-dom-client.development.js:15476:11)
      at recursivelyTraversePassiveMountEffects (node_modules/.pnpm/react-dom@19.2.0_react@19.2.0/node_modules/react-dom/cjs/react-dom-client.development.js:15439:11)
      at commitPassiveMountOnFiber (node_modules/.pnpm/react-dom@19.2.0_react@19.2.0/node_modules/react-dom/cjs/react-dom-client.development.js:15476:11)
      at recursivelyTraversePassiveMountEffects (node_modules/.pnpm/react-dom@19.2.0_react@19.2.0/node_modules/react-dom/cjs/react-dom-client.development.js:15439:11)
      at commitPassiveMountOnFiber (node_modules/.pnpm/react-dom@19.2.0_react@19.2.0/node_modules/react-dom/cjs/react-dom-client.development.js:15476:11)
      at recursivelyTraversePassiveMountEffects (node_modules/.pnpm/react-dom@19.2.0_react@19.2.0/node_modules/react-dom/cjs/react-dom-client.development.js:15439:11)
      at commitPassiveMountOnFiber (node_modules/.pnpm/react-dom@19.2.0_react@19.2.0/node_modules/react-dom/cjs/react-dom-client.development.js:15718:11)
      at recursivelyTraversePassiveMountEffects (node_modules/.pnpm/react-dom@19.2.0_react@19.2.0/node_modules/react-dom/cjs/react-dom-client.development.js:15439:11)
      at commitPassiveMountOnFiber (node_modules/.pnpm/react-dom@19.2.0_react@19.2.0/node_modules/react-dom/cjs/react-dom-client.development.js:15476:11)
      at recursivelyTraversePassiveMountEffects (node_modules/.pnpm/react-dom@19.2.0_react@19.2.0/node_modules/react-dom/cjs/react-dom-client.development.js:15439:11)
      at commitPassiveMountOnFiber (node_modules/.pnpm/react-dom@19.2.0_react@19.2.0/node_modules/react-dom/cjs/react-dom-client.development.js:15519:11)
      at flushPassiveEffects (node_modules/.pnpm/react-dom@19.2.0_react@19.2.0/node_modules/react-dom/cjs/react-dom-client.development.js:18432:9)
      at flushPendingEffects (node_modules/.pnpm/react-dom@19.2.0_react@19.2.0/node_modules/react-dom/cjs/react-dom-client.development.js:18358:14)
      at flushSpawnedWork (node_modules/.pnpm/react-dom@19.2.0_react@19.2.0/node_modules/react-dom/cjs/react-dom-client.development.js:18323:44)
      at commitRoot (node_modules/.pnpm/react-dom@19.2.0_react@19.2.0/node_modules/react-dom/cjs/react-dom-client.development.js:17955:9)
      at performWorkOnRoot (node_modules/.pnpm/react-dom@19.2.0_react@19.2.0/node_modules/react-dom/cjs/react-dom-client.development.js:16667:15)
      at performSyncWorkOnRoot (node_modules/.pnpm/react-dom@19.2.0_react@19.2.0/node_modules/react-dom/cjs/react-dom-client.development.js:18972:7)
      at flushSyncWorkAcrossRoots_impl (node_modules/.pnpm/react-dom@19.2.0_react@19.2.0/node_modules/react-dom/cjs/react-dom-client.development.js:18814:21)
      at processRootScheduleInMicrotask (node_modules/.pnpm/react-dom@19.2.0_react@19.2.0/node_modules/react-dom/cjs/react-dom-client.development.js:18853:9)
      at node_modules/.pnpm/react-dom@19.2.0_react@19.2.0/node_modules/react-dom/cjs/react-dom-client.development.js:18982:11
      at flushActQueue (node_modules/.pnpm/react@19.2.0/node_modules/react/cjs/react.development.js:590:34)
      at process.env.NODE_ENV.exports.act (node_modules/.pnpm/react@19.2.0/node_modules/react/cjs/react.development.js:884:10)
      at node_modules/.pnpm/@testing-library+react@16.3_15d474de7481bb0af842c1b1705139a8/node_modules/@testing-library/react/dist/act-compat.js:47:25
      at Object.eventWrapper (node_modules/.pnpm/@testing-library+react@16.3_15d474de7481bb0af842c1b1705139a8/node_modules/@testing-library/react/dist/pure.js:107:28)
      at Object.wrapEvent (node_modules/.pnpm/@testing-library+user-event_1ca100c7362ccf0b1358603d616c282d/node_modules/@testing-library/user-event/dist/cjs/event/wrapEvent.js:6:28)
      at Object.dispatchEvent (node_modules/.pnpm/@testing-library+user-event_1ca100c7362ccf0b1358603d616c282d/node_modules/@testing-library/user-event/dist/cjs/event/dispatchEvent.js:45:22)
      at Object.dispatchUIEvent (node_modules/.pnpm/@testing-library+user-event_1ca100c7362ccf0b1358603d616c282d/node_modules/@testing-library/user-event/dist/cjs/event/dispatchEvent.js:22:26)
      at Mouse.up (node_modules/.pnpm/@testing-library+user-event_1ca100c7362ccf0b1358603d616c282d/node_modules/@testing-library/user-event/dist/cjs/system/pointer/mouse.js:100:30)
      at PointerHost.release (node_modules/.pnpm/@testing-library+user-event_1ca100c7362ccf0b1358603d616c282d/node_modules/@testing-library/user-event/dist/cjs/system/pointer/index.js:87:24)
      at pointerAction (node_modules/.pnpm/@testing-library+user-event_1ca100c7362ccf0b1358603d616c282d/node_modules/@testing-library/user-event/dist/cjs/pointer/index.js:54:47)
      at Object.pointer (node_modules/.pnpm/@testing-library+user-event_1ca100c7362ccf0b1358603d616c282d/node_modules/@testing-library/user-event/dist/cjs/pointer/index.js:27:9)
      at Object.asyncWrapper (node_modules/.pnpm/@testing-library+react@16.3_15d474de7481bb0af842c1b1705139a8/node_modules/@testing-library/react/dist/pure.js:88:22)
      at Object.<anonymous> (src/__tests__/pages/index.test.tsx:893:7)

    console.error
      Login failed: Error: Login failed. Please check your credentials.
          at D:\Repositories\meepleai-monorepo\apps\web\src\hooks\useAuth.ts:111:13
          at handleLogin (D:\Repositories\meepleai-monorepo\apps\web\src\components\auth\AuthModal.tsx:65:20)
          at onFormSubmit (D:\Repositories\meepleai-monorepo\apps\web\src\components\auth\LoginForm.tsx:75:5)
          at unset (D:\Repositories\meepleai-monorepo\apps\web\node_modules\.pnpm\react-hook-form@7.66.0_react@19.2.0\node_modules\react-hook-form\src\logic\createFormControl.ts:1266:7)

    [0m [90m 373 |[39m       [36mreturn[39m[33m;[39m
     [90m 374 |[39m     }
    [31m[1m>[22m[39m[90m 375 |[39m     originalError[33m.[39mcall(console[33m,[39m [33m...[39margs)[33m;[39m
     [90m     |[39m                   [31m[1m^[22m[39m
     [90m 376 |[39m   }[33m;[39m
     [90m 377 |[39m })[33m;[39m
     [90m 378 |[39m[0m

      at console.call [as error] (jest.setup.js:375:19)
      at error (src/components/auth/AuthModal.tsx:71:15)
      at onFormSubmit (src/components/auth/LoginForm.tsx:75:5)
      at unset (node_modules/.pnpm/react-hook-form@7.66.0_react@19.2.0/node_modules/react-hook-form/src/logic/createFormControl.ts:1266:7)

    console.error
      `DialogContent` requires a `DialogTitle` for the component to be accessible for screen reader users.
      
      If you want to hide the `DialogTitle`, you can wrap it with our VisuallyHidden component.
      
      For more information, see https://radix-ui.com/primitives/docs/components/dialog

    [0m [90m 373 |[39m       [36mreturn[39m[33m;[39m
     [90m 374 |[39m     }
    [31m[1m>[22m[39m[90m 375 |[39m     originalError[33m.[39mcall(console[33m,[39m [33m...[39margs)[33m;[39m
     [90m     |[39m                   [31m[1m^[22m[39m
     [90m 376 |[39m   }[33m;[39m
     [90m 377 |[39m })[33m;[39m
     [90m 378 |[39m[0m

      at console.call [as error] (jest.setup.js:375:19)
      at node_modules/.pnpm/@radix-ui+react-dialog@1.1._664b8f23a65f4708bb5cf27e5ff43c08/node_modules/@radix-ui/react-dialog/src/dialog.tsx:520:30
      at Object.react_stack_bottom_frame (node_modules/.pnpm/react-dom@19.2.0_react@19.2.0/node_modules/react-dom/cjs/react-dom-client.development.js:25989:20)
      at runWithFiberInDEV (node_modules/.pnpm/react-dom@19.2.0_react@19.2.0/node_modules/react-dom/cjs/react-dom-client.development.js:874:13)
      at commitHookEffectListMount (node_modules/.pnpm/react-dom@19.2.0_react@19.2.0/node_modules/react-dom/cjs/react-dom-client.development.js:13249:29)
      at commitHookPassiveMountEffects (node_modules/.pnpm/react-dom@19.2.0_react@19.2.0/node_modules/react-dom/cjs/react-dom-client.development.js:13336:11)
      at commitPassiveMountOnFiber (node_modules/.pnpm/react-dom@19.2.0_react@19.2.0/node_modules/react-dom/cjs/react-dom-client.development.js:15484:13)
      at recursivelyTraversePassiveMountEffects (node_modules/.pnpm/react-dom@19.2.0_react@19.2.0/node_modules/react-dom/cjs/react-dom-client.development.js:15439:11)
      at commitPassiveMountOnFiber (node_modules/.pnpm/react-dom@19.2.0_react@19.2.0/node_modules/react-dom/cjs/react-dom-client.development.js:15718:11)
      at recursivelyTraversePassiveMountEffects (node_modules/.pnpm/react-dom@19.2.0_react@19.2.0/node_modules/react-dom/cjs/react-dom-client.development.js:15439:11)
      at commitPassiveMountOnFiber (node_modules/.pnpm/react-dom@19.2.0_react@19.2.0/node_modules/react-dom/cjs/react-dom-client.development.js:15476:11)
      at recursivelyTraversePassiveMountEffects (node_modules/.pnpm/react-dom@19.2.0_react@19.2.0/node_modules/react-dom/cjs/react-dom-client.development.js:15439:11)
      at commitPassiveMountOnFiber (node_modules/.pnpm/react-dom@19.2.0_react@19.2.0/node_modules/react-dom/cjs/react-dom-client.development.js:15476:11)
      at recursivelyTraversePassiveMountEffects (node_modules/.pnpm/react-dom@19.2.0_react@19.2.0/node_modules/react-dom/cjs/react-dom-client.development.js:15439:11)
      at commitPassiveMountOnFiber (node_modules/.pnpm/react-dom@19.2.0_react@19.2.0/node_modules/react-dom/cjs/react-dom-client.development.js:15476:11)
      at recursivelyTraversePassiveMountEffects (node_modules/.pnpm/react-dom@19.2.0_react@19.2.0/node_modules/react-dom/cjs/react-dom-client.development.js:15439:11)
      at commitPassiveMountOnFiber (node_modules/.pnpm/react-dom@19.2.0_react@19.2.0/node_modules/react-dom/cjs/react-dom-client.development.js:15476:11)
      at recursivelyTraversePassiveMountEffects (node_modules/.pnpm/react-dom@19.2.0_react@19.2.0/node_modules/react-dom/cjs/react-dom-client.development.js:15439:11)
      at commitPassiveMountOnFiber (node_modules/.pnpm/react-dom@19.2.0_react@19.2.0/node_modules/react-dom/cjs/react-dom-client.development.js:15476:11)
      at recursivelyTraversePassiveMountEffects (node_modules/.pnpm/react-dom@19.2.0_react@19.2.0/node_modules/react-dom/cjs/react-dom-client.development.js:15439:11)
      at commitPassiveMountOnFiber (node_modules/.pnpm/react-dom@19.2.0_react@19.2.0/node_modules/react-dom/cjs/react-dom-client.development.js:15476:11)
      at recursivelyTraversePassiveMountEffects (node_modules/.pnpm/react-dom@19.2.0_react@19.2.0/node_modules/react-dom/cjs/react-dom-client.development.js:15439:11)
      at commitPassiveMountOnFiber (node_modules/.pnpm/react-dom@19.2.0_react@19.2.0/node_modules/react-dom/cjs/react-dom-client.development.js:15476:11)
      at recursivelyTraversePassiveMountEffects (node_modules/.pnpm/react-dom@19.2.0_react@19.2.0/node_modules/react-dom/cjs/react-dom-client.development.js:15439:11)
      at commitPassiveMountOnFiber (node_modules/.pnpm/react-dom@19.2.0_react@19.2.0/node_modules/react-dom/cjs/react-dom-client.development.js:15718:11)
      at recursivelyTraversePassiveMountEffects (node_modules/.pnpm/react-dom@19.2.0_react@19.2.0/node_modules/react-dom/cjs/react-dom-client.development.js:15439:11)
      at commitPassiveMountOnFiber (node_modules/.pnpm/react-dom@19.2.0_react@19.2.0/node_modules/react-dom/cjs/react-dom-client.development.js:15476:11)
      at recursivelyTraversePassiveMountEffects (node_modules/.pnpm/react-dom@19.2.0_react@19.2.0/node_modules/react-dom/cjs/react-dom-client.development.js:15439:11)
      at commitPassiveMountOnFiber (node_modules/.pnpm/react-dom@19.2.0_react@19.2.0/node_modules/react-dom/cjs/react-dom-client.development.js:15476:11)
      at recursivelyTraversePassiveMountEffects (node_modules/.pnpm/react-dom@19.2.0_react@19.2.0/node_modules/react-dom/cjs/react-dom-client.development.js:15439:11)
      at commitPassiveMountOnFiber (node_modules/.pnpm/react-dom@19.2.0_react@19.2.0/node_modules/react-dom/cjs/react-dom-client.development.js:15718:11)
      at recursivelyTraversePassiveMountEffects (node_modules/.pnpm/react-dom@19.2.0_react@19.2.0/node_modules/react-dom/cjs/react-dom-client.development.js:15439:11)
      at commitPassiveMountOnFiber (node_modules/.pnpm/react-dom@19.2.0_react@19.2.0/node_modules/react-dom/cjs/react-dom-client.development.js:15476:11)
      at recursivelyTraversePassiveMountEffects (node_modules/.pnpm/react-dom@19.2.0_react@19.2.0/node_modules/react-dom/cjs/react-dom-client.development.js:15439:11)
      at commitPassiveMountOnFiber (node_modules/.pnpm/react-dom@19.2.0_react@19.2.0/node_modules/react-dom/cjs/react-dom-client.development.js:15476:11)
      at recursivelyTraversePassiveMountEffects (node_modules/.pnpm/react-dom@19.2.0_react@19.2.0/node_modules/react-dom/cjs/react-dom-client.development.js:15439:11)
      at commitPassiveMountOnFiber (node_modules/.pnpm/react-dom@19.2.0_react@19.2.0/node_modules/react-dom/cjs/react-dom-client.development.js:15476:11)
      at recursivelyTraversePassiveMountEffects (node_modules/.pnpm/react-dom@19.2.0_react@19.2.0/node_modules/react-dom/cjs/react-dom-client.development.js:15439:11)
      at commitPassiveMountOnFiber (node_modules/.pnpm/react-dom@19.2.0_react@19.2.0/node_modules/react-dom/cjs/react-dom-client.development.js:15718:11)
      at recursivelyTraversePassiveMountEffects (node_modules/.pnpm/react-dom@19.2.0_react@19.2.0/node_modules/react-dom/cjs/react-dom-client.development.js:15439:11)
      at commitPassiveMountOnFiber (node_modules/.pnpm/react-dom@19.2.0_react@19.2.0/node_modules/react-dom/cjs/react-dom-client.development.js:15476:11)
      at recursivelyTraversePassiveMountEffects (node_modules/.pnpm/react-dom@19.2.0_react@19.2.0/node_modules/react-dom/cjs/react-dom-client.development.js:15439:11)
      at commitPassiveMountOnFiber (node_modules/.pnpm/react-dom@19.2.0_react@19.2.0/node_modules/react-dom/cjs/react-dom-client.development.js:15476:11)
      at recursivelyTraversePassiveMountEffects (node_modules/.pnpm/react-dom@19.2.0_react@19.2.0/node_modules/react-dom/cjs/react-dom-client.development.js:15439:11)
      at commitPassiveMountOnFiber (node_modules/.pnpm/react-dom@19.2.0_react@19.2.0/node_modules/react-dom/cjs/react-dom-client.development.js:15476:11)
      at recursivelyTraversePassiveMountEffects (node_modules/.pnpm/react-dom@19.2.0_react@19.2.0/node_modules/react-dom/cjs/react-dom-client.development.js:15439:11)
      at commitPassiveMountOnFiber (node_modules/.pnpm/react-dom@19.2.0_react@19.2.0/node_modules/react-dom/cjs/react-dom-client.development.js:15476:11)
      at recursivelyTraversePassiveMountEffects (node_modules/.pnpm/react-dom@19.2.0_react@19.2.0/node_modules/react-dom/cjs/react-dom-client.development.js:15439:11)
      at commitPassiveMountOnFiber (node_modules/.pnpm/react-dom@19.2.0_react@19.2.0/node_modules/react-dom/cjs/react-dom-client.development.js:15718:11)
      at recursivelyTraversePassiveMountEffects (node_modules/.pnpm/react-dom@19.2.0_react@19.2.0/node_modules/react-dom/cjs/react-dom-client.development.js:15439:11)
      at commitPassiveMountOnFiber (node_modules/.pnpm/react-dom@19.2.0_react@19.2.0/node_modules/react-dom/cjs/react-dom-client.development.js:15476:11)
      at recursivelyTraversePassiveMountEffects (node_modules/.pnpm/react-dom@19.2.0_react@19.2.0/node_modules/react-dom/cjs/react-dom-client.development.js:15439:11)
      at commitPassiveMountOnFiber (node_modules/.pnpm/react-dom@19.2.0_react@19.2.0/node_modules/react-dom/cjs/react-dom-client.development.js:15519:11)
      at flushPassiveEffects (node_modules/.pnpm/react-dom@19.2.0_react@19.2.0/node_modules/react-dom/cjs/react-dom-client.development.js:18432:9)
      at flushPendingEffects (node_modules/.pnpm/react-dom@19.2.0_react@19.2.0/node_modules/react-dom/cjs/react-dom-client.development.js:18358:14)
      at flushSpawnedWork (node_modules/.pnpm/react-dom@19.2.0_react@19.2.0/node_modules/react-dom/cjs/react-dom-client.development.js:18323:44)
      at commitRoot (node_modules/.pnpm/react-dom@19.2.0_react@19.2.0/node_modules/react-dom/cjs/react-dom-client.development.js:17955:9)
      at performWorkOnRoot (node_modules/.pnpm/react-dom@19.2.0_react@19.2.0/node_modules/react-dom/cjs/react-dom-client.development.js:16667:15)
      at performSyncWorkOnRoot (node_modules/.pnpm/react-dom@19.2.0_react@19.2.0/node_modules/react-dom/cjs/react-dom-client.development.js:18972:7)
      at flushSyncWorkAcrossRoots_impl (node_modules/.pnpm/react-dom@19.2.0_react@19.2.0/node_modules/react-dom/cjs/react-dom-client.development.js:18814:21)
      at processRootScheduleInMicrotask (node_modules/.pnpm/react-dom@19.2.0_react@19.2.0/node_modules/react-dom/cjs/react-dom-client.development.js:18853:9)
      at node_modules/.pnpm/react-dom@19.2.0_react@19.2.0/node_modules/react-dom/cjs/react-dom-client.development.js:18982:11
      at flushActQueue (node_modules/.pnpm/react@19.2.0/node_modules/react/cjs/react.development.js:590:34)
      at process.env.NODE_ENV.exports.act (node_modules/.pnpm/react@19.2.0/node_modules/react/cjs/react.development.js:884:10)
      at node_modules/.pnpm/@testing-library+react@16.3_15d474de7481bb0af842c1b1705139a8/node_modules/@testing-library/react/dist/act-compat.js:47:25
      at Object.eventWrapper (node_modules/.pnpm/@testing-library+react@16.3_15d474de7481bb0af842c1b1705139a8/node_modules/@testing-library/react/dist/pure.js:107:28)
      at Object.wrapEvent (node_modules/.pnpm/@testing-library+user-event_1ca100c7362ccf0b1358603d616c282d/node_modules/@testing-library/user-event/dist/cjs/event/wrapEvent.js:6:28)
      at Object.dispatchEvent (node_modules/.pnpm/@testing-library+user-event_1ca100c7362ccf0b1358603d616c282d/node_modules/@testing-library/user-event/dist/cjs/event/dispatchEvent.js:45:22)
      at Object.dispatchUIEvent (node_modules/.pnpm/@testing-library+user-event_1ca100c7362ccf0b1358603d616c282d/node_modules/@testing-library/user-event/dist/cjs/event/dispatchEvent.js:22:26)
      at Mouse.up (node_modules/.pnpm/@testing-library+user-event_1ca100c7362ccf0b1358603d616c282d/node_modules/@testing-library/user-event/dist/cjs/system/pointer/mouse.js:100:30)
      at PointerHost.release (node_modules/.pnpm/@testing-library+user-event_1ca100c7362ccf0b1358603d616c282d/node_modules/@testing-library/user-event/dist/cjs/system/pointer/index.js:87:24)
      at pointerAction (node_modules/.pnpm/@testing-library+user-event_1ca100c7362ccf0b1358603d616c282d/node_modules/@testing-library/user-event/dist/cjs/pointer/index.js:54:47)
      at Object.pointer (node_modules/.pnpm/@testing-library+user-event_1ca100c7362ccf0b1358603d616c282d/node_modules/@testing-library/user-event/dist/cjs/pointer/index.js:27:9)
      at Object.asyncWrapper (node_modules/.pnpm/@testing-library+react@16.3_15d474de7481bb0af842c1b1705139a8/node_modules/@testing-library/react/dist/pure.js:88:22)
      at Object.<anonymous> (src/__tests__/pages/index.test.tsx:933:7)

    console.warn
      Warning: Missing `Description` or `aria-describedby={undefined}` for {DialogContent}.

    [0m [90m 931 |[39m       [90m// Open modal[39m
     [90m 932 |[39m       [36mconst[39m getStartedButtons [33m=[39m screen[33m.[39mgetAllByText([32m'Get Started Free'[39m)[33m;[39m
    [31m[1m>[22m[39m[90m 933 |[39m       [36mawait[39m user[33m.[39mclick(getStartedButtons[[35m0[39m])[33m;[39m
     [90m     |[39m       [31m[1m^[22m[39m
     [90m 934 |[39m
     [90m 935 |[39m       [36mawait[39m waitFor(() [33m=>[39m {
     [90m 936 |[39m         expect(screen[33m.[39mgetByText([32m'Sign In to MeepleAI'[39m))[33m.[39mtoBeInTheDocument()[33m;[39m[0m

      at node_modules/.pnpm/@radix-ui+react-dialog@1.1._664b8f23a65f4708bb5cf27e5ff43c08/node_modules/@radix-ui/react-dialog/src/dialog.tsx:543:36
      at Object.react_stack_bottom_frame (node_modules/.pnpm/react-dom@19.2.0_react@19.2.0/node_modules/react-dom/cjs/react-dom-client.development.js:25989:20)
      at runWithFiberInDEV (node_modules/.pnpm/react-dom@19.2.0_react@19.2.0/node_modules/react-dom/cjs/react-dom-client.development.js:874:13)
      at commitHookEffectListMount (node_modules/.pnpm/react-dom@19.2.0_react@19.2.0/node_modules/react-dom/cjs/react-dom-client.development.js:13249:29)
      at commitHookPassiveMountEffects (node_modules/.pnpm/react-dom@19.2.0_react@19.2.0/node_modules/react-dom/cjs/react-dom-client.development.js:13336:11)
      at commitPassiveMountOnFiber (node_modules/.pnpm/react-dom@19.2.0_react@19.2.0/node_modules/react-dom/cjs/react-dom-client.development.js:15484:13)
      at recursivelyTraversePassiveMountEffects (node_modules/.pnpm/react-dom@19.2.0_react@19.2.0/node_modules/react-dom/cjs/react-dom-client.development.js:15439:11)
      at commitPassiveMountOnFiber (node_modules/.pnpm/react-dom@19.2.0_react@19.2.0/node_modules/react-dom/cjs/react-dom-client.development.js:15718:11)
      at recursivelyTraversePassiveMountEffects (node_modules/.pnpm/react-dom@19.2.0_react@19.2.0/node_modules/react-dom/cjs/react-dom-client.development.js:15439:11)
      at commitPassiveMountOnFiber (node_modules/.pnpm/react-dom@19.2.0_react@19.2.0/node_modules/react-dom/cjs/react-dom-client.development.js:15476:11)
      at recursivelyTraversePassiveMountEffects (node_modules/.pnpm/react-dom@19.2.0_react@19.2.0/node_modules/react-dom/cjs/react-dom-client.development.js:15439:11)
      at commitPassiveMountOnFiber (node_modules/.pnpm/react-dom@19.2.0_react@19.2.0/node_modules/react-dom/cjs/react-dom-client.development.js:15476:11)
      at recursivelyTraversePassiveMountEffects (node_modules/.pnpm/react-dom@19.2.0_react@19.2.0/node_modules/react-dom/cjs/react-dom-client.development.js:15439:11)
      at commitPassiveMountOnFiber (node_modules/.pnpm/react-dom@19.2.0_react@19.2.0/node_modules/react-dom/cjs/react-dom-client.development.js:15476:11)
      at recursivelyTraversePassiveMountEffects (node_modules/.pnpm/react-dom@19.2.0_react@19.2.0/node_modules/react-dom/cjs/react-dom-client.development.js:15439:11)
      at commitPassiveMountOnFiber (node_modules/.pnpm/react-dom@19.2.0_react@19.2.0/node_modules/react-dom/cjs/react-dom-client.development.js:15476:11)
      at recursivelyTraversePassiveMountEffects (node_modules/.pnpm/react-dom@19.2.0_react@19.2.0/node_modules/react-dom/cjs/react-dom-client.development.js:15439:11)
      at commitPassiveMountOnFiber (node_modules/.pnpm/react-dom@19.2.0_react@19.2.0/node_modules/react-dom/cjs/react-dom-client.development.js:15476:11)
      at recursivelyTraversePassiveMountEffects (node_modules/.pnpm/react-dom@19.2.0_react@19.2.0/node_modules/react-dom/cjs/react-dom-client.development.js:15439:11)
      at commitPassiveMountOnFiber (node_modules/.pnpm/react-dom@19.2.0_react@19.2.0/node_modules/react-dom/cjs/react-dom-client.development.js:15476:11)
      at recursivelyTraversePassiveMountEffects (node_modules/.pnpm/react-dom@19.2.0_react@19.2.0/node_modules/react-dom/cjs/react-dom-client.development.js:15439:11)
      at commitPassiveMountOnFiber (node_modules/.pnpm/react-dom@19.2.0_react@19.2.0/node_modules/react-dom/cjs/react-dom-client.development.js:15476:11)
      at recursivelyTraversePassiveMountEffects (node_modules/.pnpm/react-dom@19.2.0_react@19.2.0/node_modules/react-dom/cjs/react-dom-client.development.js:15439:11)
      at commitPassiveMountOnFiber (node_modules/.pnpm/react-dom@19.2.0_react@19.2.0/node_modules/react-dom/cjs/react-dom-client.development.js:15718:11)
      at recursivelyTraversePassiveMountEffects (node_modules/.pnpm/react-dom@19.2.0_react@19.2.0/node_modules/react-dom/cjs/react-dom-client.development.js:15439:11)
      at commitPassiveMountOnFiber (node_modules/.pnpm/react-dom@19.2.0_react@19.2.0/node_modules/react-dom/cjs/react-dom-client.development.js:15476:11)
      at recursivelyTraversePassiveMountEffects (node_modules/.pnpm/react-dom@19.2.0_react@19.2.0/node_modules/react-dom/cjs/react-dom-client.development.js:15439:11)
      at commitPassiveMountOnFiber (node_modules/.pnpm/react-dom@19.2.0_react@19.2.0/node_modules/react-dom/cjs/react-dom-client.development.js:15476:11)
      at recursivelyTraversePassiveMountEffects (node_modules/.pnpm/react-dom@19.2.0_react@19.2.0/node_modules/react-dom/cjs/react-dom-client.development.js:15439:11)
      at commitPassiveMountOnFiber (node_modules/.pnpm/react-dom@19.2.0_react@19.2.0/node_modules/react-dom/cjs/react-dom-client.development.js:15718:11)
      at recursivelyTraversePassiveMountEffects (node_modules/.pnpm/react-dom@19.2.0_react@19.2.0/node_modules/react-dom/cjs/react-dom-client.development.js:15439:11)
      at commitPassiveMountOnFiber (node_modules/.pnpm/react-dom@19.2.0_react@19.2.0/node_modules/react-dom/cjs/react-dom-client.development.js:15476:11)
      at recursivelyTraversePassiveMountEffects (node_modules/.pnpm/react-dom@19.2.0_react@19.2.0/node_modules/react-dom/cjs/react-dom-client.development.js:15439:11)
      at commitPassiveMountOnFiber (node_modules/.pnpm/react-dom@19.2.0_react@19.2.0/node_modules/react-dom/cjs/react-dom-client.development.js:15476:11)
      at recursivelyTraversePassiveMountEffects (node_modules/.pnpm/react-dom@19.2.0_react@19.2.0/node_modules/react-dom/cjs/react-dom-client.development.js:15439:11)
      at commitPassiveMountOnFiber (node_modules/.pnpm/react-dom@19.2.0_react@19.2.0/node_modules/react-dom/cjs/react-dom-client.development.js:15476:11)
      at recursivelyTraversePassiveMountEffects (node_modules/.pnpm/react-dom@19.2.0_react@19.2.0/node_modules/react-dom/cjs/react-dom-client.development.js:15439:11)
      at commitPassiveMountOnFiber (node_modules/.pnpm/react-dom@19.2.0_react@19.2.0/node_modules/react-dom/cjs/react-dom-client.development.js:15718:11)
      at recursivelyTraversePassiveMountEffects (node_modules/.pnpm/react-dom@19.2.0_react@19.2.0/node_modules/react-dom/cjs/react-dom-client.development.js:15439:11)
      at commitPassiveMountOnFiber (node_modules/.pnpm/react-dom@19.2.0_react@19.2.0/node_modules/react-dom/cjs/react-dom-client.development.js:15476:11)
      at recursivelyTraversePassiveMountEffects (node_modules/.pnpm/react-dom@19.2.0_react@19.2.0/node_modules/react-dom/cjs/react-dom-client.development.js:15439:11)
      at commitPassiveMountOnFiber (node_modules/.pnpm/react-dom@19.2.0_react@19.2.0/node_modules/react-dom/cjs/react-dom-client.development.js:15476:11)
      at recursivelyTraversePassiveMountEffects (node_modules/.pnpm/react-dom@19.2.0_react@19.2.0/node_modules/react-dom/cjs/react-dom-client.development.js:15439:11)
      at commitPassiveMountOnFiber (node_modules/.pnpm/react-dom@19.2.0_react@19.2.0/node_modules/react-dom/cjs/react-dom-client.development.js:15476:11)
      at recursivelyTraversePassiveMountEffects (node_modules/.pnpm/react-dom@19.2.0_react@19.2.0/node_modules/react-dom/cjs/react-dom-client.development.js:15439:11)
      at commitPassiveMountOnFiber (node_modules/.pnpm/react-dom@19.2.0_react@19.2.0/node_modules/react-dom/cjs/react-dom-client.development.js:15476:11)
      at recursivelyTraversePassiveMountEffects (node_modules/.pnpm/react-dom@19.2.0_react@19.2.0/node_modules/react-dom/cjs/react-dom-client.development.js:15439:11)
      at commitPassiveMountOnFiber (node_modules/.pnpm/react-dom@19.2.0_react@19.2.0/node_modules/react-dom/cjs/react-dom-client.development.js:15718:11)
      at recursivelyTraversePassiveMountEffects (node_modules/.pnpm/react-dom@19.2.0_react@19.2.0/node_modules/react-dom/cjs/react-dom-client.development.js:15439:11)
      at commitPassiveMountOnFiber (node_modules/.pnpm/react-dom@19.2.0_react@19.2.0/node_modules/react-dom/cjs/react-dom-client.development.js:15476:11)
      at recursivelyTraversePassiveMountEffects (node_modules/.pnpm/react-dom@19.2.0_react@19.2.0/node_modules/react-dom/cjs/react-dom-client.development.js:15439:11)
      at commitPassiveMountOnFiber (node_modules/.pnpm/react-dom@19.2.0_react@19.2.0/node_modules/react-dom/cjs/react-dom-client.development.js:15519:11)
      at flushPassiveEffects (node_modules/.pnpm/react-dom@19.2.0_react@19.2.0/node_modules/react-dom/cjs/react-dom-client.development.js:18432:9)
      at flushPendingEffects (node_modules/.pnpm/react-dom@19.2.0_react@19.2.0/node_modules/react-dom/cjs/react-dom-client.development.js:18358:14)
      at flushSpawnedWork (node_modules/.pnpm/react-dom@19.2.0_react@19.2.0/node_modules/react-dom/cjs/react-dom-client.development.js:18323:44)
      at commitRoot (node_modules/.pnpm/react-dom@19.2.0_react@19.2.0/node_modules/react-dom/cjs/react-dom-client.development.js:17955:9)
      at performWorkOnRoot (node_modules/.pnpm/react-dom@19.2.0_react@19.2.0/node_modules/react-dom/cjs/react-dom-client.development.js:16667:15)
      at performSyncWorkOnRoot (node_modules/.pnpm/react-dom@19.2.0_react@19.2.0/node_modules/react-dom/cjs/react-dom-client.development.js:18972:7)
      at flushSyncWorkAcrossRoots_impl (node_modules/.pnpm/react-dom@19.2.0_react@19.2.0/node_modules/react-dom/cjs/react-dom-client.development.js:18814:21)
      at processRootScheduleInMicrotask (node_modules/.pnpm/react-dom@19.2.0_react@19.2.0/node_modules/react-dom/cjs/react-dom-client.development.js:18853:9)
      at node_modules/.pnpm/react-dom@19.2.0_react@19.2.0/node_modules/react-dom/cjs/react-dom-client.development.js:18982:11
      at flushActQueue (node_modules/.pnpm/react@19.2.0/node_modules/react/cjs/react.development.js:590:34)
      at process.env.NODE_ENV.exports.act (node_modules/.pnpm/react@19.2.0/node_modules/react/cjs/react.development.js:884:10)
      at node_modules/.pnpm/@testing-library+react@16.3_15d474de7481bb0af842c1b1705139a8/node_modules/@testing-library/react/dist/act-compat.js:47:25
      at Object.eventWrapper (node_modules/.pnpm/@testing-library+react@16.3_15d474de7481bb0af842c1b1705139a8/node_modules/@testing-library/react/dist/pure.js:107:28)
      at Object.wrapEvent (node_modules/.pnpm/@testing-library+user-event_1ca100c7362ccf0b1358603d616c282d/node_modules/@testing-library/user-event/dist/cjs/event/wrapEvent.js:6:28)
      at Object.dispatchEvent (node_modules/.pnpm/@testing-library+user-event_1ca100c7362ccf0b1358603d616c282d/node_modules/@testing-library/user-event/dist/cjs/event/dispatchEvent.js:45:22)
      at Object.dispatchUIEvent (node_modules/.pnpm/@testing-library+user-event_1ca100c7362ccf0b1358603d616c282d/node_modules/@testing-library/user-event/dist/cjs/event/dispatchEvent.js:22:26)
      at Mouse.up (node_modules/.pnpm/@testing-library+user-event_1ca100c7362ccf0b1358603d616c282d/node_modules/@testing-library/user-event/dist/cjs/system/pointer/mouse.js:100:30)
      at PointerHost.release (node_modules/.pnpm/@testing-library+user-event_1ca100c7362ccf0b1358603d616c282d/node_modules/@testing-library/user-event/dist/cjs/system/pointer/index.js:87:24)
      at pointerAction (node_modules/.pnpm/@testing-library+user-event_1ca100c7362ccf0b1358603d616c282d/node_modules/@testing-library/user-event/dist/cjs/pointer/index.js:54:47)
      at Object.pointer (node_modules/.pnpm/@testing-library+user-event_1ca100c7362ccf0b1358603d616c282d/node_modules/@testing-library/user-event/dist/cjs/pointer/index.js:27:9)
      at Object.asyncWrapper (node_modules/.pnpm/@testing-library+react@16.3_15d474de7481bb0af842c1b1705139a8/node_modules/@testing-library/react/dist/pure.js:88:22)
      at Object.<anonymous> (src/__tests__/pages/index.test.tsx:933:7)

    console.error
      Registration failed: Error: Registration failed. Please try again.
          at D:\Repositories\meepleai-monorepo\apps\web\src\hooks\useAuth.ts:144:13
          at handleRegister (D:\Repositories\meepleai-monorepo\apps\web\src\components\auth\AuthModal.tsx:78:20)
          at onFormSubmit (D:\Repositories\meepleai-monorepo\apps\web\src\components\auth\RegisterForm.tsx:104:5)
          at unset (D:\Repositories\meepleai-monorepo\apps\web\node_modules\.pnpm\react-hook-form@7.66.0_react@19.2.0\node_modules\react-hook-form\src\logic\createFormControl.ts:1266:7)

    [0m [90m 373 |[39m       [36mreturn[39m[33m;[39m
     [90m 374 |[39m     }
    [31m[1m>[22m[39m[90m 375 |[39m     originalError[33m.[39mcall(console[33m,[39m [33m...[39margs)[33m;[39m
     [90m     |[39m                   [31m[1m^[22m[39m
     [90m 376 |[39m   }[33m;[39m
     [90m 377 |[39m })[33m;[39m
     [90m 378 |[39m[0m

      at console.call [as error] (jest.setup.js:375:19)
      at error (src/components/auth/AuthModal.tsx:84:15)
      at onFormSubmit (src/components/auth/RegisterForm.tsx:104:5)
      at unset (node_modules/.pnpm/react-hook-form@7.66.0_react@19.2.0/node_modules/react-hook-form/src/logic/createFormControl.ts:1266:7)

    console.error
      `DialogContent` requires a `DialogTitle` for the component to be accessible for screen reader users.
      
      If you want to hide the `DialogTitle`, you can wrap it with our VisuallyHidden component.
      
      For more information, see https://radix-ui.com/primitives/docs/components/dialog

    [0m [90m 373 |[39m       [36mreturn[39m[33m;[39m
     [90m 374 |[39m     }
    [31m[1m>[22m[39m[90m 375 |[39m     originalError[33m.[39mcall(console[33m,[39m [33m...[39margs)[33m;[39m
     [90m     |[39m                   [31m[1m^[22m[39m
     [90m 376 |[39m   }[33m;[39m
     [90m 377 |[39m })[33m;[39m
     [90m 378 |[39m[0m

      at console.call [as error] (jest.setup.js:375:19)
      at node_modules/.pnpm/@radix-ui+react-dialog@1.1._664b8f23a65f4708bb5cf27e5ff43c08/node_modules/@radix-ui/react-dialog/src/dialog.tsx:520:30
      at Object.react_stack_bottom_frame (node_modules/.pnpm/react-dom@19.2.0_react@19.2.0/node_modules/react-dom/cjs/react-dom-client.development.js:25989:20)
      at runWithFiberInDEV (node_modules/.pnpm/react-dom@19.2.0_react@19.2.0/node_modules/react-dom/cjs/react-dom-client.development.js:874:13)
      at commitHookEffectListMount (node_modules/.pnpm/react-dom@19.2.0_react@19.2.0/node_modules/react-dom/cjs/react-dom-client.development.js:13249:29)
      at commitHookPassiveMountEffects (node_modules/.pnpm/react-dom@19.2.0_react@19.2.0/node_modules/react-dom/cjs/react-dom-client.development.js:13336:11)
      at commitPassiveMountOnFiber (node_modules/.pnpm/react-dom@19.2.0_react@19.2.0/node_modules/react-dom/cjs/react-dom-client.development.js:15484:13)
      at recursivelyTraversePassiveMountEffects (node_modules/.pnpm/react-dom@19.2.0_react@19.2.0/node_modules/react-dom/cjs/react-dom-client.development.js:15439:11)
      at commitPassiveMountOnFiber (node_modules/.pnpm/react-dom@19.2.0_react@19.2.0/node_modules/react-dom/cjs/react-dom-client.development.js:15718:11)
      at recursivelyTraversePassiveMountEffects (node_modules/.pnpm/react-dom@19.2.0_react@19.2.0/node_modules/react-dom/cjs/react-dom-client.development.js:15439:11)
      at commitPassiveMountOnFiber (node_modules/.pnpm/react-dom@19.2.0_react@19.2.0/node_modules/react-dom/cjs/react-dom-client.development.js:15476:11)
      at recursivelyTraversePassiveMountEffects (node_modules/.pnpm/react-dom@19.2.0_react@19.2.0/node_modules/react-dom/cjs/react-dom-client.development.js:15439:11)
      at commitPassiveMountOnFiber (node_modules/.pnpm/react-dom@19.2.0_react@19.2.0/node_modules/react-dom/cjs/react-dom-client.development.js:15476:11)
      at recursivelyTraversePassiveMountEffects (node_modules/.pnpm/react-dom@19.2.0_react@19.2.0/node_modules/react-dom/cjs/react-dom-client.development.js:15439:11)
      at commitPassiveMountOnFiber (node_modules/.pnpm/react-dom@19.2.0_react@19.2.0/node_modules/react-dom/cjs/react-dom-client.development.js:15476:11)
      at recursivelyTraversePassiveMountEffects (node_modules/.pnpm/react-dom@19.2.0_react@19.2.0/node_modules/react-dom/cjs/react-dom-client.development.js:15439:11)
      at commitPassiveMountOnFiber (node_modules/.pnpm/react-dom@19.2.0_react@19.2.0/node_modules/react-dom/cjs/react-dom-client.development.js:15476:11)
      at recursivelyTraversePassiveMountEffects (node_modules/.pnpm/react-dom@19.2.0_react@19.2.0/node_modules/react-dom/cjs/react-dom-client.development.js:15439:11)
      at commitPassiveMountOnFiber (node_modules/.pnpm/react-dom@19.2.0_react@19.2.0/node_modules/react-dom/cjs/react-dom-client.development.js:15476:11)
      at recursivelyTraversePassiveMountEffects (node_modules/.pnpm/react-dom@19.2.0_react@19.2.0/node_modules/react-dom/cjs/react-dom-client.development.js:15439:11)
      at commitPassiveMountOnFiber (node_modules/.pnpm/react-dom@19.2.0_react@19.2.0/node_modules/react-dom/cjs/react-dom-client.development.js:15476:11)
      at recursivelyTraversePassiveMountEffects (node_modules/.pnpm/react-dom@19.2.0_react@19.2.0/node_modules/react-dom/cjs/react-dom-client.development.js:15439:11)
      at commitPassiveMountOnFiber (node_modules/.pnpm/react-dom@19.2.0_react@19.2.0/node_modules/react-dom/cjs/react-dom-client.development.js:15476:11)
      at recursivelyTraversePassiveMountEffects (node_modules/.pnpm/react-dom@19.2.0_react@19.2.0/node_modules/react-dom/cjs/react-dom-client.development.js:15439:11)
      at commitPassiveMountOnFiber (node_modules/.pnpm/react-dom@19.2.0_react@19.2.0/node_modules/react-dom/cjs/react-dom-client.development.js:15718:11)
      at recursivelyTraversePassiveMountEffects (node_modules/.pnpm/react-dom@19.2.0_react@19.2.0/node_modules/react-dom/cjs/react-dom-client.development.js:15439:11)
      at commitPassiveMountOnFiber (node_modules/.pnpm/react-dom@19.2.0_react@19.2.0/node_modules/react-dom/cjs/react-dom-client.development.js:15476:11)
      at recursivelyTraversePassiveMountEffects (node_modules/.pnpm/react-dom@19.2.0_react@19.2.0/node_modules/react-dom/cjs/react-dom-client.development.js:15439:11)
      at commitPassiveMountOnFiber (node_modules/.pnpm/react-dom@19.2.0_react@19.2.0/node_modules/react-dom/cjs/react-dom-client.development.js:15476:11)
      at recursivelyTraversePassiveMountEffects (node_modules/.pnpm/react-dom@19.2.0_react@19.2.0/node_modules/react-dom/cjs/react-dom-client.development.js:15439:11)
      at commitPassiveMountOnFiber (node_modules/.pnpm/react-dom@19.2.0_react@19.2.0/node_modules/react-dom/cjs/react-dom-client.development.js:15718:11)
      at recursivelyTraversePassiveMountEffects (node_modules/.pnpm/react-dom@19.2.0_react@19.2.0/node_modules/react-dom/cjs/react-dom-client.development.js:15439:11)
      at commitPassiveMountOnFiber (node_modules/.pnpm/react-dom@19.2.0_react@19.2.0/node_modules/react-dom/cjs/react-dom-client.development.js:15476:11)
      at recursivelyTraversePassiveMountEffects (node_modules/.pnpm/react-dom@19.2.0_react@19.2.0/node_modules/react-dom/cjs/react-dom-client.development.js:15439:11)
      at commitPassiveMountOnFiber (node_modules/.pnpm/react-dom@19.2.0_react@19.2.0/node_modules/react-dom/cjs/react-dom-client.development.js:15476:11)
      at recursivelyTraversePassiveMountEffects (node_modules/.pnpm/react-dom@19.2.0_react@19.2.0/node_modules/react-dom/cjs/react-dom-client.development.js:15439:11)
      at commitPassiveMountOnFiber (node_modules/.pnpm/react-dom@19.2.0_react@19.2.0/node_modules/react-dom/cjs/react-dom-client.development.js:15476:11)
      at recursivelyTraversePassiveMountEffects (node_modules/.pnpm/react-dom@19.2.0_react@19.2.0/node_modules/react-dom/cjs/react-dom-client.development.js:15439:11)
      at commitPassiveMountOnFiber (node_modules/.pnpm/react-dom@19.2.0_react@19.2.0/node_modules/react-dom/cjs/react-dom-client.development.js:15718:11)
      at recursivelyTraversePassiveMountEffects (node_modules/.pnpm/react-dom@19.2.0_react@19.2.0/node_modules/react-dom/cjs/react-dom-client.development.js:15439:11)
      at commitPassiveMountOnFiber (node_modules/.pnpm/react-dom@19.2.0_react@19.2.0/node_modules/react-dom/cjs/react-dom-client.development.js:15476:11)
      at recursivelyTraversePassiveMountEffects (node_modules/.pnpm/react-dom@19.2.0_react@19.2.0/node_modules/react-dom/cjs/react-dom-client.development.js:15439:11)
      at commitPassiveMountOnFiber (node_modules/.pnpm/react-dom@19.2.0_react@19.2.0/node_modules/react-dom/cjs/react-dom-client.development.js:15476:11)
      at recursivelyTraversePassiveMountEffects (node_modules/.pnpm/react-dom@19.2.0_react@19.2.0/node_modules/react-dom/cjs/react-dom-client.development.js:15439:11)
      at commitPassiveMountOnFiber (node_modules/.pnpm/react-dom@19.2.0_react@19.2.0/node_modules/react-dom/cjs/react-dom-client.development.js:15476:11)
      at recursivelyTraversePassiveMountEffects (node_modules/.pnpm/react-dom@19.2.0_react@19.2.0/node_modules/react-dom/cjs/react-dom-client.development.js:15439:11)
      at commitPassiveMountOnFiber (node_modules/.pnpm/react-dom@19.2.0_react@19.2.0/node_modules/react-dom/cjs/react-dom-client.development.js:15476:11)
      at recursivelyTraversePassiveMountEffects (node_modules/.pnpm/react-dom@19.2.0_react@19.2.0/node_modules/react-dom/cjs/react-dom-client.development.js:15439:11)
      at commitPassiveMountOnFiber (node_modules/.pnpm/react-dom@19.2.0_react@19.2.0/node_modules/react-dom/cjs/react-dom-client.development.js:15718:11)
      at recursivelyTraversePassiveMountEffects (node_modules/.pnpm/react-dom@19.2.0_react@19.2.0/node_modules/react-dom/cjs/react-dom-client.development.js:15439:11)
      at commitPassiveMountOnFiber (node_modules/.pnpm/react-dom@19.2.0_react@19.2.0/node_modules/react-dom/cjs/react-dom-client.development.js:15476:11)
      at recursivelyTraversePassiveMountEffects (node_modules/.pnpm/react-dom@19.2.0_react@19.2.0/node_modules/react-dom/cjs/react-dom-client.development.js:15439:11)
      at commitPassiveMountOnFiber (node_modules/.pnpm/react-dom@19.2.0_react@19.2.0/node_modules/react-dom/cjs/react-dom-client.development.js:15519:11)
      at flushPassiveEffects (node_modules/.pnpm/react-dom@19.2.0_react@19.2.0/node_modules/react-dom/cjs/react-dom-client.development.js:18432:9)
      at flushPendingEffects (node_modules/.pnpm/react-dom@19.2.0_react@19.2.0/node_modules/react-dom/cjs/react-dom-client.development.js:18358:14)
      at flushSpawnedWork (node_modules/.pnpm/react-dom@19.2.0_react@19.2.0/node_modules/react-dom/cjs/react-dom-client.development.js:18323:44)
      at commitRoot (node_modules/.pnpm/react-dom@19.2.0_react@19.2.0/node_modules/react-dom/cjs/react-dom-client.development.js:17955:9)
      at performWorkOnRoot (node_modules/.pnpm/react-dom@19.2.0_react@19.2.0/node_modules/react-dom/cjs/react-dom-client.development.js:16667:15)
      at performSyncWorkOnRoot (node_modules/.pnpm/react-dom@19.2.0_react@19.2.0/node_modules/react-dom/cjs/react-dom-client.development.js:18972:7)
      at flushSyncWorkAcrossRoots_impl (node_modules/.pnpm/react-dom@19.2.0_react@19.2.0/node_modules/react-dom/cjs/react-dom-client.development.js:18814:21)
      at processRootScheduleInMicrotask (node_modules/.pnpm/react-dom@19.2.0_react@19.2.0/node_modules/react-dom/cjs/react-dom-client.development.js:18853:9)
      at node_modules/.pnpm/react-dom@19.2.0_react@19.2.0/node_modules/react-dom/cjs/react-dom-client.development.js:18982:11
      at flushActQueue (node_modules/.pnpm/react@19.2.0/node_modules/react/cjs/react.development.js:590:34)
      at process.env.NODE_ENV.exports.act (node_modules/.pnpm/react@19.2.0/node_modules/react/cjs/react.development.js:884:10)
      at node_modules/.pnpm/@testing-library+react@16.3_15d474de7481bb0af842c1b1705139a8/node_modules/@testing-library/react/dist/act-compat.js:47:25
      at Object.eventWrapper (node_modules/.pnpm/@testing-library+react@16.3_15d474de7481bb0af842c1b1705139a8/node_modules/@testing-library/react/dist/pure.js:107:28)
      at Object.wrapEvent (node_modules/.pnpm/@testing-library+user-event_1ca100c7362ccf0b1358603d616c282d/node_modules/@testing-library/user-event/dist/cjs/event/wrapEvent.js:6:28)
      at Object.dispatchEvent (node_modules/.pnpm/@testing-library+user-event_1ca100c7362ccf0b1358603d616c282d/node_modules/@testing-library/user-event/dist/cjs/event/dispatchEvent.js:45:22)
      at Object.dispatchUIEvent (node_modules/.pnpm/@testing-library+user-event_1ca100c7362ccf0b1358603d616c282d/node_modules/@testing-library/user-event/dist/cjs/event/dispatchEvent.js:22:26)
      at Mouse.up (node_modules/.pnpm/@testing-library+user-event_1ca100c7362ccf0b1358603d616c282d/node_modules/@testing-library/user-event/dist/cjs/system/pointer/mouse.js:100:30)
      at PointerHost.release (node_modules/.pnpm/@testing-library+user-event_1ca100c7362ccf0b1358603d616c282d/node_modules/@testing-library/user-event/dist/cjs/system/pointer/index.js:87:24)
      at pointerAction (node_modules/.pnpm/@testing-library+user-event_1ca100c7362ccf0b1358603d616c282d/node_modules/@testing-library/user-event/dist/cjs/pointer/index.js:54:47)
      at Object.pointer (node_modules/.pnpm/@testing-library+user-event_1ca100c7362ccf0b1358603d616c282d/node_modules/@testing-library/user-event/dist/cjs/pointer/index.js:27:9)
      at Object.asyncWrapper (node_modules/.pnpm/@testing-library+react@16.3_15d474de7481bb0af842c1b1705139a8/node_modules/@testing-library/react/dist/pure.js:88:22)
      at Object.<anonymous> (src/__tests__/pages/index.test.tsx:982:7)

    console.warn
      Warning: Missing `Description` or `aria-describedby={undefined}` for {DialogContent}.

    [0m [90m 980 |[39m       [90m// Open modal[39m
     [90m 981 |[39m       [36mconst[39m getStartedButtons [33m=[39m screen[33m.[39mgetAllByText([32m'Get Started Free'[39m)[33m;[39m
    [31m[1m>[22m[39m[90m 982 |[39m       [36mawait[39m user[33m.[39mclick(getStartedButtons[[35m0[39m])[33m;[39m
     [90m     |[39m       [31m[1m^[22m[39m
     [90m 983 |[39m
     [90m 984 |[39m       [36mawait[39m waitFor(() [33m=>[39m {
     [90m 985 |[39m         expect(screen[33m.[39mgetByText([32m'Sign In to MeepleAI'[39m))[33m.[39mtoBeInTheDocument()[33m;[39m[0m

      at node_modules/.pnpm/@radix-ui+react-dialog@1.1._664b8f23a65f4708bb5cf27e5ff43c08/node_modules/@radix-ui/react-dialog/src/dialog.tsx:543:36
      at Object.react_stack_bottom_frame (node_modules/.pnpm/react-dom@19.2.0_react@19.2.0/node_modules/react-dom/cjs/react-dom-client.development.js:25989:20)
      at runWithFiberInDEV (node_modules/.pnpm/react-dom@19.2.0_react@19.2.0/node_modules/react-dom/cjs/react-dom-client.development.js:874:13)
      at commitHookEffectListMount (node_modules/.pnpm/react-dom@19.2.0_react@19.2.0/node_modules/react-dom/cjs/react-dom-client.development.js:13249:29)
      at commitHookPassiveMountEffects (node_modules/.pnpm/react-dom@19.2.0_react@19.2.0/node_modules/react-dom/cjs/react-dom-client.development.js:13336:11)
      at commitPassiveMountOnFiber (node_modules/.pnpm/react-dom@19.2.0_react@19.2.0/node_modules/react-dom/cjs/react-dom-client.development.js:15484:13)
      at recursivelyTraversePassiveMountEffects (node_modules/.pnpm/react-dom@19.2.0_react@19.2.0/node_modules/react-dom/cjs/react-dom-client.development.js:15439:11)
      at commitPassiveMountOnFiber (node_modules/.pnpm/react-dom@19.2.0_react@19.2.0/node_modules/react-dom/cjs/react-dom-client.development.js:15718:11)
      at recursivelyTraversePassiveMountEffects (node_modules/.pnpm/react-dom@19.2.0_react@19.2.0/node_modules/react-dom/cjs/react-dom-client.development.js:15439:11)
      at commitPassiveMountOnFiber (node_modules/.pnpm/react-dom@19.2.0_react@19.2.0/node_modules/react-dom/cjs/react-dom-client.development.js:15476:11)
      at recursivelyTraversePassiveMountEffects (node_modules/.pnpm/react-dom@19.2.0_react@19.2.0/node_modules/react-dom/cjs/react-dom-client.development.js:15439:11)
      at commitPassiveMountOnFiber (node_modules/.pnpm/react-dom@19.2.0_react@19.2.0/node_modules/react-dom/cjs/react-dom-client.development.js:15476:11)
      at recursivelyTraversePassiveMountEffects (node_modules/.pnpm/react-dom@19.2.0_react@19.2.0/node_modules/react-dom/cjs/react-dom-client.development.js:15439:11)
      at commitPassiveMountOnFiber (node_modules/.pnpm/react-dom@19.2.0_react@19.2.0/node_modules/react-dom/cjs/react-dom-client.development.js:15476:11)
      at recursivelyTraversePassiveMountEffects (node_modules/.pnpm/react-dom@19.2.0_react@19.2.0/node_modules/react-dom/cjs/react-dom-client.development.js:15439:11)
      at commitPassiveMountOnFiber (node_modules/.pnpm/react-dom@19.2.0_react@19.2.0/node_modules/react-dom/cjs/react-dom-client.development.js:15476:11)
      at recursivelyTraversePassiveMountEffects (node_modules/.pnpm/react-dom@19.2.0_react@19.2.0/node_modules/react-dom/cjs/react-dom-client.development.js:15439:11)
      at commitPassiveMountOnFiber (node_modules/.pnpm/react-dom@19.2.0_react@19.2.0/node_modules/react-dom/cjs/react-dom-client.development.js:15476:11)
      at recursivelyTraversePassiveMountEffects (node_modules/.pnpm/react-dom@19.2.0_react@19.2.0/node_modules/react-dom/cjs/react-dom-client.development.js:15439:11)
      at commitPassiveMountOnFiber (node_modules/.pnpm/react-dom@19.2.0_react@19.2.0/node_modules/react-dom/cjs/react-dom-client.development.js:15476:11)
      at recursivelyTraversePassiveMountEffects (node_modules/.pnpm/react-dom@19.2.0_react@19.2.0/node_modules/react-dom/cjs/react-dom-client.development.js:15439:11)
      at commitPassiveMountOnFiber (node_modules/.pnpm/react-dom@19.2.0_react@19.2.0/node_modules/react-dom/cjs/react-dom-client.development.js:15476:11)
      at recursivelyTraversePassiveMountEffects (node_modules/.pnpm/react-dom@19.2.0_react@19.2.0/node_modules/react-dom/cjs/react-dom-client.development.js:15439:11)
      at commitPassiveMountOnFiber (node_modules/.pnpm/react-dom@19.2.0_react@19.2.0/node_modules/react-dom/cjs/react-dom-client.development.js:15718:11)
      at recursivelyTraversePassiveMountEffects (node_modules/.pnpm/react-dom@19.2.0_react@19.2.0/node_modules/react-dom/cjs/react-dom-client.development.js:15439:11)
      at commitPassiveMountOnFiber (node_modules/.pnpm/react-dom@19.2.0_react@19.2.0/node_modules/react-dom/cjs/react-dom-client.development.js:15476:11)
      at recursivelyTraversePassiveMountEffects (node_modules/.pnpm/react-dom@19.2.0_react@19.2.0/node_modules/react-dom/cjs/react-dom-client.development.js:15439:11)
      at commitPassiveMountOnFiber (node_modules/.pnpm/react-dom@19.2.0_react@19.2.0/node_modules/react-dom/cjs/react-dom-client.development.js:15476:11)
      at recursivelyTraversePassiveMountEffects (node_modules/.pnpm/react-dom@19.2.0_react@19.2.0/node_modules/react-dom/cjs/react-dom-client.development.js:15439:11)
      at commitPassiveMountOnFiber (node_modules/.pnpm/react-dom@19.2.0_react@19.2.0/node_modules/react-dom/cjs/react-dom-client.development.js:15718:11)
      at recursivelyTraversePassiveMountEffects (node_modules/.pnpm/react-dom@19.2.0_react@19.2.0/node_modules/react-dom/cjs/react-dom-client.development.js:15439:11)
      at commitPassiveMountOnFiber (node_modules/.pnpm/react-dom@19.2.0_react@19.2.0/node_modules/react-dom/cjs/react-dom-client.development.js:15476:11)
      at recursivelyTraversePassiveMountEffects (node_modules/.pnpm/react-dom@19.2.0_react@19.2.0/node_modules/react-dom/cjs/react-dom-client.development.js:15439:11)
      at commitPassiveMountOnFiber (node_modules/.pnpm/react-dom@19.2.0_react@19.2.0/node_modules/react-dom/cjs/react-dom-client.development.js:15476:11)
      at recursivelyTraversePassiveMountEffects (node_modules/.pnpm/react-dom@19.2.0_react@19.2.0/node_modules/react-dom/cjs/react-dom-client.development.js:15439:11)
      at commitPassiveMountOnFiber (node_modules/.pnpm/react-dom@19.2.0_react@19.2.0/node_modules/react-dom/cjs/react-dom-client.development.js:15476:11)
      at recursivelyTraversePassiveMountEffects (node_modules/.pnpm/react-dom@19.2.0_react@19.2.0/node_modules/react-dom/cjs/react-dom-client.development.js:15439:11)
      at commitPassiveMountOnFiber (node_modules/.pnpm/react-dom@19.2.0_react@19.2.0/node_modules/react-dom/cjs/react-dom-client.development.js:15718:11)
      at recursivelyTraversePassiveMountEffects (node_modules/.pnpm/react-dom@19.2.0_react@19.2.0/node_modules/react-dom/cjs/react-dom-client.development.js:15439:11)
      at commitPassiveMountOnFiber (node_modules/.pnpm/react-dom@19.2.0_react@19.2.0/node_modules/react-dom/cjs/react-dom-client.development.js:15476:11)
      at recursivelyTraversePassiveMountEffects (node_modules/.pnpm/react-dom@19.2.0_react@19.2.0/node_modules/react-dom/cjs/react-dom-client.development.js:15439:11)
      at commitPassiveMountOnFiber (node_modules/.pnpm/react-dom@19.2.0_react@19.2.0/node_modules/react-dom/cjs/react-dom-client.development.js:15476:11)
      at recursivelyTraversePassiveMountEffects (node_modules/.pnpm/react-dom@19.2.0_react@19.2.0/node_modules/react-dom/cjs/react-dom-client.development.js:15439:11)
      at commitPassiveMountOnFiber (node_modules/.pnpm/react-dom@19.2.0_react@19.2.0/node_modules/react-dom/cjs/react-dom-client.development.js:15476:11)
      at recursivelyTraversePassiveMountEffects (node_modules/.pnpm/react-dom@19.2.0_react@19.2.0/node_modules/react-dom/cjs/react-dom-client.development.js:15439:11)
      at commitPassiveMountOnFiber (node_modules/.pnpm/react-dom@19.2.0_react@19.2.0/node_modules/react-dom/cjs/react-dom-client.development.js:15476:11)
      at recursivelyTraversePassiveMountEffects (node_modules/.pnpm/react-dom@19.2.0_react@19.2.0/node_modules/react-dom/cjs/react-dom-client.development.js:15439:11)
      at commitPassiveMountOnFiber (node_modules/.pnpm/react-dom@19.2.0_react@19.2.0/node_modules/react-dom/cjs/react-dom-client.development.js:15718:11)
      at recursivelyTraversePassiveMountEffects (node_modules/.pnpm/react-dom@19.2.0_react@19.2.0/node_modules/react-dom/cjs/react-dom-client.development.js:15439:11)
      at commitPassiveMountOnFiber (node_modules/.pnpm/react-dom@19.2.0_react@19.2.0/node_modules/react-dom/cjs/react-dom-client.development.js:15476:11)
      at recursivelyTraversePassiveMountEffects (node_modules/.pnpm/react-dom@19.2.0_react@19.2.0/node_modules/react-dom/cjs/react-dom-client.development.js:15439:11)
      at commitPassiveMountOnFiber (node_modules/.pnpm/react-dom@19.2.0_react@19.2.0/node_modules/react-dom/cjs/react-dom-client.development.js:15519:11)
      at flushPassiveEffects (node_modules/.pnpm/react-dom@19.2.0_react@19.2.0/node_modules/react-dom/cjs/react-dom-client.development.js:18432:9)
      at flushPendingEffects (node_modules/.pnpm/react-dom@19.2.0_react@19.2.0/node_modules/react-dom/cjs/react-dom-client.development.js:18358:14)
      at flushSpawnedWork (node_modules/.pnpm/react-dom@19.2.0_react@19.2.0/node_modules/react-dom/cjs/react-dom-client.development.js:18323:44)
      at commitRoot (node_modules/.pnpm/react-dom@19.2.0_react@19.2.0/node_modules/react-dom/cjs/react-dom-client.development.js:17955:9)
      at performWorkOnRoot (node_modules/.pnpm/react-dom@19.2.0_react@19.2.0/node_modules/react-dom/cjs/react-dom-client.development.js:16667:15)
      at performSyncWorkOnRoot (node_modules/.pnpm/react-dom@19.2.0_react@19.2.0/node_modules/react-dom/cjs/react-dom-client.development.js:18972:7)
      at flushSyncWorkAcrossRoots_impl (node_modules/.pnpm/react-dom@19.2.0_react@19.2.0/node_modules/react-dom/cjs/react-dom-client.development.js:18814:21)
      at processRootScheduleInMicrotask (node_modules/.pnpm/react-dom@19.2.0_react@19.2.0/node_modules/react-dom/cjs/react-dom-client.development.js:18853:9)
      at node_modules/.pnpm/react-dom@19.2.0_react@19.2.0/node_modules/react-dom/cjs/react-dom-client.development.js:18982:11
      at flushActQueue (node_modules/.pnpm/react@19.2.0/node_modules/react/cjs/react.development.js:590:34)
      at process.env.NODE_ENV.exports.act (node_modules/.pnpm/react@19.2.0/node_modules/react/cjs/react.development.js:884:10)
      at node_modules/.pnpm/@testing-library+react@16.3_15d474de7481bb0af842c1b1705139a8/node_modules/@testing-library/react/dist/act-compat.js:47:25
      at Object.eventWrapper (node_modules/.pnpm/@testing-library+react@16.3_15d474de7481bb0af842c1b1705139a8/node_modules/@testing-library/react/dist/pure.js:107:28)
      at Object.wrapEvent (node_modules/.pnpm/@testing-library+user-event_1ca100c7362ccf0b1358603d616c282d/node_modules/@testing-library/user-event/dist/cjs/event/wrapEvent.js:6:28)
      at Object.dispatchEvent (node_modules/.pnpm/@testing-library+user-event_1ca100c7362ccf0b1358603d616c282d/node_modules/@testing-library/user-event/dist/cjs/event/dispatchEvent.js:45:22)
      at Object.dispatchUIEvent (node_modules/.pnpm/@testing-library+user-event_1ca100c7362ccf0b1358603d616c282d/node_modules/@testing-library/user-event/dist/cjs/event/dispatchEvent.js:22:26)
      at Mouse.up (node_modules/.pnpm/@testing-library+user-event_1ca100c7362ccf0b1358603d616c282d/node_modules/@testing-library/user-event/dist/cjs/system/pointer/mouse.js:100:30)
      at PointerHost.release (node_modules/.pnpm/@testing-library+user-event_1ca100c7362ccf0b1358603d616c282d/node_modules/@testing-library/user-event/dist/cjs/system/pointer/index.js:87:24)
      at pointerAction (node_modules/.pnpm/@testing-library+user-event_1ca100c7362ccf0b1358603d616c282d/node_modules/@testing-library/user-event/dist/cjs/pointer/index.js:54:47)
      at Object.pointer (node_modules/.pnpm/@testing-library+user-event_1ca100c7362ccf0b1358603d616c282d/node_modules/@testing-library/user-event/dist/cjs/pointer/index.js:27:9)
      at Object.asyncWrapper (node_modules/.pnpm/@testing-library+react@16.3_15d474de7481bb0af842c1b1705139a8/node_modules/@testing-library/react/dist/pure.js:88:22)
      at Object.<anonymous> (src/__tests__/pages/index.test.tsx:982:7)

    console.error
      `DialogContent` requires a `DialogTitle` for the component to be accessible for screen reader users.
      
      If you want to hide the `DialogTitle`, you can wrap it with our VisuallyHidden component.
      
      For more information, see https://radix-ui.com/primitives/docs/components/dialog

    [0m [90m 373 |[39m       [36mreturn[39m[33m;[39m
     [90m 374 |[39m     }
    [31m[1m>[22m[39m[90m 375 |[39m     originalError[33m.[39mcall(console[33m,[39m [33m...[39margs)[33m;[39m
     [90m     |[39m                   [31m[1m^[22m[39m
     [90m 376 |[39m   }[33m;[39m
     [90m 377 |[39m })[33m;[39m
     [90m 378 |[39m[0m

      at console.call [as error] (jest.setup.js:375:19)
      at node_modules/.pnpm/@radix-ui+react-dialog@1.1._664b8f23a65f4708bb5cf27e5ff43c08/node_modules/@radix-ui/react-dialog/src/dialog.tsx:520:30
      at Object.react_stack_bottom_frame (node_modules/.pnpm/react-dom@19.2.0_react@19.2.0/node_modules/react-dom/cjs/react-dom-client.development.js:25989:20)
      at runWithFiberInDEV (node_modules/.pnpm/react-dom@19.2.0_react@19.2.0/node_modules/react-dom/cjs/react-dom-client.development.js:874:13)
      at commitHookEffectListMount (node_modules/.pnpm/react-dom@19.2.0_react@19.2.0/node_modules/react-dom/cjs/react-dom-client.development.js:13249:29)
      at commitHookPassiveMountEffects (node_modules/.pnpm/react-dom@19.2.0_react@19.2.0/node_modules/react-dom/cjs/react-dom-client.development.js:13336:11)
      at commitPassiveMountOnFiber (node_modules/.pnpm/react-dom@19.2.0_react@19.2.0/node_modules/react-dom/cjs/react-dom-client.development.js:15484:13)
      at recursivelyTraversePassiveMountEffects (node_modules/.pnpm/react-dom@19.2.0_react@19.2.0/node_modules/react-dom/cjs/react-dom-client.development.js:15439:11)
      at commitPassiveMountOnFiber (node_modules/.pnpm/react-dom@19.2.0_react@19.2.0/node_modules/react-dom/cjs/react-dom-client.development.js:15718:11)
      at recursivelyTraversePassiveMountEffects (node_modules/.pnpm/react-dom@19.2.0_react@19.2.0/node_modules/react-dom/cjs/react-dom-client.development.js:15439:11)
      at commitPassiveMountOnFiber (node_modules/.pnpm/react-dom@19.2.0_react@19.2.0/node_modules/react-dom/cjs/react-dom-client.development.js:15476:11)
      at recursivelyTraversePassiveMountEffects (node_modules/.pnpm/react-dom@19.2.0_react@19.2.0/node_modules/react-dom/cjs/react-dom-client.development.js:15439:11)
      at commitPassiveMountOnFiber (node_modules/.pnpm/react-dom@19.2.0_react@19.2.0/node_modules/react-dom/cjs/react-dom-client.development.js:15476:11)
      at recursivelyTraversePassiveMountEffects (node_modules/.pnpm/react-dom@19.2.0_react@19.2.0/node_modules/react-dom/cjs/react-dom-client.development.js:15439:11)
      at commitPassiveMountOnFiber (node_modules/.pnpm/react-dom@19.2.0_react@19.2.0/node_modules/react-dom/cjs/react-dom-client.development.js:15476:11)
      at recursivelyTraversePassiveMountEffects (node_modules/.pnpm/react-dom@19.2.0_react@19.2.0/node_modules/react-dom/cjs/react-dom-client.development.js:15439:11)
      at commitPassiveMountOnFiber (node_modules/.pnpm/react-dom@19.2.0_react@19.2.0/node_modules/react-dom/cjs/react-dom-client.development.js:15476:11)
      at recursivelyTraversePassiveMountEffects (node_modules/.pnpm/react-dom@19.2.0_react@19.2.0/node_modules/react-dom/cjs/react-dom-client.development.js:15439:11)
      at commitPassiveMountOnFiber (node_modules/.pnpm/react-dom@19.2.0_react@19.2.0/node_modules/react-dom/cjs/react-dom-client.development.js:15476:11)
      at recursivelyTraversePassiveMountEffects (node_modules/.pnpm/react-dom@19.2.0_react@19.2.0/node_modules/react-dom/cjs/react-dom-client.development.js:15439:11)
      at commitPassiveMountOnFiber (node_modules/.pnpm/react-dom@19.2.0_react@19.2.0/node_modules/react-dom/cjs/react-dom-client.development.js:15476:11)
      at recursivelyTraversePassiveMountEffects (node_modules/.pnpm/react-dom@19.2.0_react@19.2.0/node_modules/react-dom/cjs/react-dom-client.development.js:15439:11)
      at commitPassiveMountOnFiber (node_modules/.pnpm/react-dom@19.2.0_react@19.2.0/node_modules/react-dom/cjs/react-dom-client.development.js:15476:11)
      at recursivelyTraversePassiveMountEffects (node_modules/.pnpm/react-dom@19.2.0_react@19.2.0/node_modules/react-dom/cjs/react-dom-client.development.js:15439:11)
      at commitPassiveMountOnFiber (node_modules/.pnpm/react-dom@19.2.0_react@19.2.0/node_modules/react-dom/cjs/react-dom-client.development.js:15718:11)
      at recursivelyTraversePassiveMountEffects (node_modules/.pnpm/react-dom@19.2.0_react@19.2.0/node_modules/react-dom/cjs/react-dom-client.development.js:15439:11)
      at commitPassiveMountOnFiber (node_modules/.pnpm/react-dom@19.2.0_react@19.2.0/node_modules/react-dom/cjs/react-dom-client.development.js:15476:11)
      at recursivelyTraversePassiveMountEffects (node_modules/.pnpm/react-dom@19.2.0_react@19.2.0/node_modules/react-dom/cjs/react-dom-client.development.js:15439:11)
      at commitPassiveMountOnFiber (node_modules/.pnpm/react-dom@19.2.0_react@19.2.0/node_modules/react-dom/cjs/react-dom-client.development.js:15476:11)
      at recursivelyTraversePassiveMountEffects (node_modules/.pnpm/react-dom@19.2.0_react@19.2.0/node_modules/react-dom/cjs/react-dom-client.development.js:15439:11)
      at commitPassiveMountOnFiber (node_modules/.pnpm/react-dom@19.2.0_react@19.2.0/node_modules/react-dom/cjs/react-dom-client.development.js:15718:11)
      at recursivelyTraversePassiveMountEffects (node_modules/.pnpm/react-dom@19.2.0_react@19.2.0/node_modules/react-dom/cjs/react-dom-client.development.js:15439:11)
      at commitPassiveMountOnFiber (node_modules/.pnpm/react-dom@19.2.0_react@19.2.0/node_modules/react-dom/cjs/react-dom-client.development.js:15476:11)
      at recursivelyTraversePassiveMountEffects (node_modules/.pnpm/react-dom@19.2.0_react@19.2.0/node_modules/react-dom/cjs/react-dom-client.development.js:15439:11)
      at commitPassiveMountOnFiber (node_modules/.pnpm/react-dom@19.2.0_react@19.2.0/node_modules/react-dom/cjs/react-dom-client.development.js:15476:11)
      at recursivelyTraversePassiveMountEffects (node_modules/.pnpm/react-dom@19.2.0_react@19.2.0/node_modules/react-dom/cjs/react-dom-client.development.js:15439:11)
      at commitPassiveMountOnFiber (node_modules/.pnpm/react-dom@19.2.0_react@19.2.0/node_modules/react-dom/cjs/react-dom-client.development.js:15476:11)
      at recursivelyTraversePassiveMountEffects (node_modules/.pnpm/react-dom@19.2.0_react@19.2.0/node_modules/react-dom/cjs/react-dom-client.development.js:15439:11)
      at commitPassiveMountOnFiber (node_modules/.pnpm/react-dom@19.2.0_react@19.2.0/node_modules/react-dom/cjs/react-dom-client.development.js:15718:11)
      at recursivelyTraversePassiveMountEffects (node_modules/.pnpm/react-dom@19.2.0_react@19.2.0/node_modules/react-dom/cjs/react-dom-client.development.js:15439:11)
      at commitPassiveMountOnFiber (node_modules/.pnpm/react-dom@19.2.0_react@19.2.0/node_modules/react-dom/cjs/react-dom-client.development.js:15476:11)
      at recursivelyTraversePassiveMountEffects (node_modules/.pnpm/react-dom@19.2.0_react@19.2.0/node_modules/react-dom/cjs/react-dom-client.development.js:15439:11)
      at commitPassiveMountOnFiber (node_modules/.pnpm/react-dom@19.2.0_react@19.2.0/node_modules/react-dom/cjs/react-dom-client.development.js:15476:11)
      at recursivelyTraversePassiveMountEffects (node_modules/.pnpm/react-dom@19.2.0_react@19.2.0/node_modules/react-dom/cjs/react-dom-client.development.js:15439:11)
      at commitPassiveMountOnFiber (node_modules/.pnpm/react-dom@19.2.0_react@19.2.0/node_modules/react-dom/cjs/react-dom-client.development.js:15476:11)
      at recursivelyTraversePassiveMountEffects (node_modules/.pnpm/react-dom@19.2.0_react@19.2.0/node_modules/react-dom/cjs/react-dom-client.development.js:15439:11)
      at commitPassiveMountOnFiber (node_modules/.pnpm/react-dom@19.2.0_react@19.2.0/node_modules/react-dom/cjs/react-dom-client.development.js:15476:11)
      at recursivelyTraversePassiveMountEffects (node_modules/.pnpm/react-dom@19.2.0_react@19.2.0/node_modules/react-dom/cjs/react-dom-client.development.js:15439:11)
      at commitPassiveMountOnFiber (node_modules/.pnpm/react-dom@19.2.0_react@19.2.0/node_modules/react-dom/cjs/react-dom-client.development.js:15718:11)
      at recursivelyTraversePassiveMountEffects (node_modules/.pnpm/react-dom@19.2.0_react@19.2.0/node_modules/react-dom/cjs/react-dom-client.development.js:15439:11)
      at commitPassiveMountOnFiber (node_modules/.pnpm/react-dom@19.2.0_react@19.2.0/node_modules/react-dom/cjs/react-dom-client.development.js:15476:11)
      at recursivelyTraversePassiveMountEffects (node_modules/.pnpm/react-dom@19.2.0_react@19.2.0/node_modules/react-dom/cjs/react-dom-client.development.js:15439:11)
      at commitPassiveMountOnFiber (node_modules/.pnpm/react-dom@19.2.0_react@19.2.0/node_modules/react-dom/cjs/react-dom-client.development.js:15519:11)
      at flushPassiveEffects (node_modules/.pnpm/react-dom@19.2.0_react@19.2.0/node_modules/react-dom/cjs/react-dom-client.development.js:18432:9)
      at flushPendingEffects (node_modules/.pnpm/react-dom@19.2.0_react@19.2.0/node_modules/react-dom/cjs/react-dom-client.development.js:18358:14)
      at flushSpawnedWork (node_modules/.pnpm/react-dom@19.2.0_react@19.2.0/node_modules/react-dom/cjs/react-dom-client.development.js:18323:44)
      at commitRoot (node_modules/.pnpm/react-dom@19.2.0_react@19.2.0/node_modules/react-dom/cjs/react-dom-client.development.js:17955:9)
      at performWorkOnRoot (node_modules/.pnpm/react-dom@19.2.0_react@19.2.0/node_modules/react-dom/cjs/react-dom-client.development.js:16667:15)
      at performSyncWorkOnRoot (node_modules/.pnpm/react-dom@19.2.0_react@19.2.0/node_modules/react-dom/cjs/react-dom-client.development.js:18972:7)
      at flushSyncWorkAcrossRoots_impl (node_modules/.pnpm/react-dom@19.2.0_react@19.2.0/node_modules/react-dom/cjs/react-dom-client.development.js:18814:21)
      at processRootScheduleInMicrotask (node_modules/.pnpm/react-dom@19.2.0_react@19.2.0/node_modules/react-dom/cjs/react-dom-client.development.js:18853:9)
      at node_modules/.pnpm/react-dom@19.2.0_react@19.2.0/node_modules/react-dom/cjs/react-dom-client.development.js:18982:11
      at flushActQueue (node_modules/.pnpm/react@19.2.0/node_modules/react/cjs/react.development.js:590:34)
      at process.env.NODE_ENV.exports.act (node_modules/.pnpm/react@19.2.0/node_modules/react/cjs/react.development.js:884:10)
      at node_modules/.pnpm/@testing-library+react@16.3_15d474de7481bb0af842c1b1705139a8/node_modules/@testing-library/react/dist/act-compat.js:47:25
      at Object.eventWrapper (node_modules/.pnpm/@testing-library+react@16.3_15d474de7481bb0af842c1b1705139a8/node_modules/@testing-library/react/dist/pure.js:107:28)
      at Object.wrapEvent (node_modules/.pnpm/@testing-library+user-event_1ca100c7362ccf0b1358603d616c282d/node_modules/@testing-library/user-event/dist/cjs/event/wrapEvent.js:6:28)
      at Object.dispatchEvent (node_modules/.pnpm/@testing-library+user-event_1ca100c7362ccf0b1358603d616c282d/node_modules/@testing-library/user-event/dist/cjs/event/dispatchEvent.js:45:22)
      at Object.dispatchUIEvent (node_modules/.pnpm/@testing-library+user-event_1ca100c7362ccf0b1358603d616c282d/node_modules/@testing-library/user-event/dist/cjs/event/dispatchEvent.js:22:26)
      at Mouse.up (node_modules/.pnpm/@testing-library+user-event_1ca100c7362ccf0b1358603d616c282d/node_modules/@testing-library/user-event/dist/cjs/system/pointer/mouse.js:100:30)
      at PointerHost.release (node_modules/.pnpm/@testing-library+user-event_1ca100c7362ccf0b1358603d616c282d/node_modules/@testing-library/user-event/dist/cjs/system/pointer/index.js:87:24)
      at pointerAction (node_modules/.pnpm/@testing-library+user-event_1ca100c7362ccf0b1358603d616c282d/node_modules/@testing-library/user-event/dist/cjs/pointer/index.js:54:47)
      at Object.pointer (node_modules/.pnpm/@testing-library+user-event_1ca100c7362ccf0b1358603d616c282d/node_modules/@testing-library/user-event/dist/cjs/pointer/index.js:27:9)
      at Object.asyncWrapper (node_modules/.pnpm/@testing-library+react@16.3_15d474de7481bb0af842c1b1705139a8/node_modules/@testing-library/react/dist/pure.js:88:22)
      at Object.<anonymous> (src/__tests__/pages/index.test.tsx:1011:7)

    console.warn
      Warning: Missing `Description` or `aria-describedby={undefined}` for {DialogContent}.

    [0m [90m 1009 |[39m       [90m// Open modal[39m
     [90m 1010 |[39m       [36mconst[39m getStartedButtons [33m=[39m screen[33m.[39mgetAllByText([32m'Get Started Free'[39m)[33m;[39m
    [31m[1m>[22m[39m[90m 1011 |[39m       [36mawait[39m user[33m.[39mclick(getStartedButtons[[35m0[39m])[33m;[39m
     [90m      |[39m       [31m[1m^[22m[39m
     [90m 1012 |[39m
     [90m 1013 |[39m       [36mawait[39m waitFor(() [33m=>[39m {
     [90m 1014 |[39m         expect(screen[33m.[39mgetByText([32m'Sign In to MeepleAI'[39m))[33m.[39mtoBeInTheDocument()[33m;[39m[0m

      at node_modules/.pnpm/@radix-ui+react-dialog@1.1._664b8f23a65f4708bb5cf27e5ff43c08/node_modules/@radix-ui/react-dialog/src/dialog.tsx:543:36
      at Object.react_stack_bottom_frame (node_modules/.pnpm/react-dom@19.2.0_react@19.2.0/node_modules/react-dom/cjs/react-dom-client.development.js:25989:20)
      at runWithFiberInDEV (node_modules/.pnpm/react-dom@19.2.0_react@19.2.0/node_modules/react-dom/cjs/react-dom-client.development.js:874:13)
      at commitHookEffectListMount (node_modules/.pnpm/react-dom@19.2.0_react@19.2.0/node_modules/react-dom/cjs/react-dom-client.development.js:13249:29)
      at commitHookPassiveMountEffects (node_modules/.pnpm/react-dom@19.2.0_react@19.2.0/node_modules/react-dom/cjs/react-dom-client.development.js:13336:11)
      at commitPassiveMountOnFiber (node_modules/.pnpm/react-dom@19.2.0_react@19.2.0/node_modules/react-dom/cjs/react-dom-client.development.js:15484:13)
      at recursivelyTraversePassiveMountEffects (node_modules/.pnpm/react-dom@19.2.0_react@19.2.0/node_modules/react-dom/cjs/react-dom-client.development.js:15439:11)
      at commitPassiveMountOnFiber (node_modules/.pnpm/react-dom@19.2.0_react@19.2.0/node_modules/react-dom/cjs/react-dom-client.development.js:15718:11)
      at recursivelyTraversePassiveMountEffects (node_modules/.pnpm/react-dom@19.2.0_react@19.2.0/node_modules/react-dom/cjs/react-dom-client.development.js:15439:11)
      at commitPassiveMountOnFiber (node_modules/.pnpm/react-dom@19.2.0_react@19.2.0/node_modules/react-dom/cjs/react-dom-client.development.js:15476:11)
      at recursivelyTraversePassiveMountEffects (node_modules/.pnpm/react-dom@19.2.0_react@19.2.0/node_modules/react-dom/cjs/react-dom-client.development.js:15439:11)
      at commitPassiveMountOnFiber (node_modules/.pnpm/react-dom@19.2.0_react@19.2.0/node_modules/react-dom/cjs/react-dom-client.development.js:15476:11)
      at recursivelyTraversePassiveMountEffects (node_modules/.pnpm/react-dom@19.2.0_react@19.2.0/node_modules/react-dom/cjs/react-dom-client.development.js:15439:11)
      at commitPassiveMountOnFiber (node_modules/.pnpm/react-dom@19.2.0_react@19.2.0/node_modules/react-dom/cjs/react-dom-client.development.js:15476:11)
      at recursivelyTraversePassiveMountEffects (node_modules/.pnpm/react-dom@19.2.0_react@19.2.0/node_modules/react-dom/cjs/react-dom-client.development.js:15439:11)
      at commitPassiveMountOnFiber (node_modules/.pnpm/react-dom@19.2.0_react@19.2.0/node_modules/react-dom/cjs/react-dom-client.development.js:15476:11)
      at recursivelyTraversePassiveMountEffects (node_modules/.pnpm/react-dom@19.2.0_react@19.2.0/node_modules/react-dom/cjs/react-dom-client.development.js:15439:11)
      at commitPassiveMountOnFiber (node_modules/.pnpm/react-dom@19.2.0_react@19.2.0/node_modules/react-dom/cjs/react-dom-client.development.js:15476:11)
      at recursivelyTraversePassiveMountEffects (node_modules/.pnpm/react-dom@19.2.0_react@19.2.0/node_modules/react-dom/cjs/react-dom-client.development.js:15439:11)
      at commitPassiveMountOnFiber (node_modules/.pnpm/react-dom@19.2.0_react@19.2.0/node_modules/react-dom/cjs/react-dom-client.development.js:15476:11)
      at recursivelyTraversePassiveMountEffects (node_modules/.pnpm/react-dom@19.2.0_react@19.2.0/node_modules/react-dom/cjs/react-dom-client.development.js:15439:11)
      at commitPassiveMountOnFiber (node_modules/.pnpm/react-dom@19.2.0_react@19.2.0/node_modules/react-dom/cjs/react-dom-client.development.js:15476:11)
      at recursivelyTraversePassiveMountEffects (node_modules/.pnpm/react-dom@19.2.0_react@19.2.0/node_modules/react-dom/cjs/react-dom-client.development.js:15439:11)
      at commitPassiveMountOnFiber (node_modules/.pnpm/react-dom@19.2.0_react@19.2.0/node_modules/react-dom/cjs/react-dom-client.development.js:15718:11)
      at recursivelyTraversePassiveMountEffects (node_modules/.pnpm/react-dom@19.2.0_react@19.2.0/node_modules/react-dom/cjs/react-dom-client.development.js:15439:11)
      at commitPassiveMountOnFiber (node_modules/.pnpm/react-dom@19.2.0_react@19.2.0/node_modules/react-dom/cjs/react-dom-client.development.js:15476:11)
      at recursivelyTraversePassiveMountEffects (node_modules/.pnpm/react-dom@19.2.0_react@19.2.0/node_modules/react-dom/cjs/react-dom-client.development.js:15439:11)
      at commitPassiveMountOnFiber (node_modules/.pnpm/react-dom@19.2.0_react@19.2.0/node_modules/react-dom/cjs/react-dom-client.development.js:15476:11)
      at recursivelyTraversePassiveMountEffects (node_modules/.pnpm/react-dom@19.2.0_react@19.2.0/node_modules/react-dom/cjs/react-dom-client.development.js:15439:11)
      at commitPassiveMountOnFiber (node_modules/.pnpm/react-dom@19.2.0_react@19.2.0/node_modules/react-dom/cjs/react-dom-client.development.js:15718:11)
      at recursivelyTraversePassiveMountEffects (node_modules/.pnpm/react-dom@19.2.0_react@19.2.0/node_modules/react-dom/cjs/react-dom-client.development.js:15439:11)
      at commitPassiveMountOnFiber (node_modules/.pnpm/react-dom@19.2.0_react@19.2.0/node_modules/react-dom/cjs/react-dom-client.development.js:15476:11)
      at recursivelyTraversePassiveMountEffects (node_modules/.pnpm/react-dom@19.2.0_react@19.2.0/node_modules/react-dom/cjs/react-dom-client.development.js:15439:11)
      at commitPassiveMountOnFiber (node_modules/.pnpm/react-dom@19.2.0_react@19.2.0/node_modules/react-dom/cjs/react-dom-client.development.js:15476:11)
      at recursivelyTraversePassiveMountEffects (node_modules/.pnpm/react-dom@19.2.0_react@19.2.0/node_modules/react-dom/cjs/react-dom-client.development.js:15439:11)
      at commitPassiveMountOnFiber (node_modules/.pnpm/react-dom@19.2.0_react@19.2.0/node_modules/react-dom/cjs/react-dom-client.development.js:15476:11)
      at recursivelyTraversePassiveMountEffects (node_modules/.pnpm/react-dom@19.2.0_react@19.2.0/node_modules/react-dom/cjs/react-dom-client.development.js:15439:11)
      at commitPassiveMountOnFiber (node_modules/.pnpm/react-dom@19.2.0_react@19.2.0/node_modules/react-dom/cjs/react-dom-client.development.js:15718:11)
      at recursivelyTraversePassiveMountEffects (node_modules/.pnpm/react-dom@19.2.0_react@19.2.0/node_modules/react-dom/cjs/react-dom-client.development.js:15439:11)
      at commitPassiveMountOnFiber (node_modules/.pnpm/react-dom@19.2.0_react@19.2.0/node_modules/react-dom/cjs/react-dom-client.development.js:15476:11)
      at recursivelyTraversePassiveMountEffects (node_modules/.pnpm/react-dom@19.2.0_react@19.2.0/node_modules/react-dom/cjs/react-dom-client.development.js:15439:11)
      at commitPassiveMountOnFiber (node_modules/.pnpm/react-dom@19.2.0_react@19.2.0/node_modules/react-dom/cjs/react-dom-client.development.js:15476:11)
      at recursivelyTraversePassiveMountEffects (node_modules/.pnpm/react-dom@19.2.0_react@19.2.0/node_modules/react-dom/cjs/react-dom-client.development.js:15439:11)
      at commitPassiveMountOnFiber (node_modules/.pnpm/react-dom@19.2.0_react@19.2.0/node_modules/react-dom/cjs/react-dom-client.development.js:15476:11)
      at recursivelyTraversePassiveMountEffects (node_modules/.pnpm/react-dom@19.2.0_react@19.2.0/node_modules/react-dom/cjs/react-dom-client.development.js:15439:11)
      at commitPassiveMountOnFiber (node_modules/.pnpm/react-dom@19.2.0_react@19.2.0/node_modules/react-dom/cjs/react-dom-client.development.js:15476:11)
      at recursivelyTraversePassiveMountEffects (node_modules/.pnpm/react-dom@19.2.0_react@19.2.0/node_modules/react-dom/cjs/react-dom-client.development.js:15439:11)
      at commitPassiveMountOnFiber (node_modules/.pnpm/react-dom@19.2.0_react@19.2.0/node_modules/react-dom/cjs/react-dom-client.development.js:15718:11)
      at recursivelyTraversePassiveMountEffects (node_modules/.pnpm/react-dom@19.2.0_react@19.2.0/node_modules/react-dom/cjs/react-dom-client.development.js:15439:11)
      at commitPassiveMountOnFiber (node_modules/.pnpm/react-dom@19.2.0_react@19.2.0/node_modules/react-dom/cjs/react-dom-client.development.js:15476:11)
      at recursivelyTraversePassiveMountEffects (node_modules/.pnpm/react-dom@19.2.0_react@19.2.0/node_modules/react-dom/cjs/react-dom-client.development.js:15439:11)
      at commitPassiveMountOnFiber (node_modules/.pnpm/react-dom@19.2.0_react@19.2.0/node_modules/react-dom/cjs/react-dom-client.development.js:15519:11)
      at flushPassiveEffects (node_modules/.pnpm/react-dom@19.2.0_react@19.2.0/node_modules/react-dom/cjs/react-dom-client.development.js:18432:9)
      at flushPendingEffects (node_modules/.pnpm/react-dom@19.2.0_react@19.2.0/node_modules/react-dom/cjs/react-dom-client.development.js:18358:14)
      at flushSpawnedWork (node_modules/.pnpm/react-dom@19.2.0_react@19.2.0/node_modules/react-dom/cjs/react-dom-client.development.js:18323:44)
      at commitRoot (node_modules/.pnpm/react-dom@19.2.0_react@19.2.0/node_modules/react-dom/cjs/react-dom-client.development.js:17955:9)
      at performWorkOnRoot (node_modules/.pnpm/react-dom@19.2.0_react@19.2.0/node_modules/react-dom/cjs/react-dom-client.development.js:16667:15)
      at performSyncWorkOnRoot (node_modules/.pnpm/react-dom@19.2.0_react@19.2.0/node_modules/react-dom/cjs/react-dom-client.development.js:18972:7)
      at flushSyncWorkAcrossRoots_impl (node_modules/.pnpm/react-dom@19.2.0_react@19.2.0/node_modules/react-dom/cjs/react-dom-client.development.js:18814:21)
      at processRootScheduleInMicrotask (node_modules/.pnpm/react-dom@19.2.0_react@19.2.0/node_modules/react-dom/cjs/react-dom-client.development.js:18853:9)
      at node_modules/.pnpm/react-dom@19.2.0_react@19.2.0/node_modules/react-dom/cjs/react-dom-client.development.js:18982:11
      at flushActQueue (node_modules/.pnpm/react@19.2.0/node_modules/react/cjs/react.development.js:590:34)
      at process.env.NODE_ENV.exports.act (node_modules/.pnpm/react@19.2.0/node_modules/react/cjs/react.development.js:884:10)
      at node_modules/.pnpm/@testing-library+react@16.3_15d474de7481bb0af842c1b1705139a8/node_modules/@testing-library/react/dist/act-compat.js:47:25
      at Object.eventWrapper (node_modules/.pnpm/@testing-library+react@16.3_15d474de7481bb0af842c1b1705139a8/node_modules/@testing-library/react/dist/pure.js:107:28)
      at Object.wrapEvent (node_modules/.pnpm/@testing-library+user-event_1ca100c7362ccf0b1358603d616c282d/node_modules/@testing-library/user-event/dist/cjs/event/wrapEvent.js:6:28)
      at Object.dispatchEvent (node_modules/.pnpm/@testing-library+user-event_1ca100c7362ccf0b1358603d616c282d/node_modules/@testing-library/user-event/dist/cjs/event/dispatchEvent.js:45:22)
      at Object.dispatchUIEvent (node_modules/.pnpm/@testing-library+user-event_1ca100c7362ccf0b1358603d616c282d/node_modules/@testing-library/user-event/dist/cjs/event/dispatchEvent.js:22:26)
      at Mouse.up (node_modules/.pnpm/@testing-library+user-event_1ca100c7362ccf0b1358603d616c282d/node_modules/@testing-library/user-event/dist/cjs/system/pointer/mouse.js:100:30)
      at PointerHost.release (node_modules/.pnpm/@testing-library+user-event_1ca100c7362ccf0b1358603d616c282d/node_modules/@testing-library/user-event/dist/cjs/system/pointer/index.js:87:24)
      at pointerAction (node_modules/.pnpm/@testing-library+user-event_1ca100c7362ccf0b1358603d616c282d/node_modules/@testing-library/user-event/dist/cjs/pointer/index.js:54:47)
      at Object.pointer (node_modules/.pnpm/@testing-library+user-event_1ca100c7362ccf0b1358603d616c282d/node_modules/@testing-library/user-event/dist/cjs/pointer/index.js:27:9)
      at Object.asyncWrapper (node_modules/.pnpm/@testing-library+react@16.3_15d474de7481bb0af842c1b1705139a8/node_modules/@testing-library/react/dist/pure.js:88:22)
      at Object.<anonymous> (src/__tests__/pages/index.test.tsx:1011:7)

PASS src/__tests__/hooks/wizard/useWizard.test.ts
PASS src/__tests__/pages/profile.test.tsx
PASS src/test-utils/__tests__/locale-queries.test.tsx
PASS src/__tests__/components/FollowUpQuestions.test.tsx
PASS src/components/__tests__/ChangeItem.test.tsx
PASS src/components/__tests__/SimpleErrorMessage.test.tsx
PASS src/components/__tests__/AdminCharts.test.tsx
PASS src/components/loading/__tests__/TypingIndicator.test.tsx
PASS src/components/diff/__tests__/PrismHighlighter.test.tsx
  ● Console

    console.error
      Prism highlighting error: Error: Highlighting error
          at Object.<anonymous> (D:\Repositories\meepleai-monorepo\apps\web\src\components\diff\__tests__\PrismHighlighter.test.tsx:123:15)
          at D:\Repositories\meepleai-monorepo\apps\web\node_modules\.pnpm\jest-mock@30.2.0\node_modules\jest-mock\build\index.js:305:39
          at Object.<anonymous> (D:\Repositories\meepleai-monorepo\apps\web\node_modules\.pnpm\jest-mock@30.2.0\node_modules\jest-mock\build\index.js:312:13)
          at Object.mockConstructor [as highlight] (D:\Repositories\meepleai-monorepo\apps\web\node_modules\.pnpm\jest-mock@30.2.0\node_modules\jest-mock\build\index.js:57:19)
          at highlight (D:\Repositories\meepleai-monorepo\apps\web\src\components\diff\PrismHighlighter.tsx:24:20)
          at mountMemo (D:\Repositories\meepleai-monorepo\apps\web\node_modules\.pnpm\react-dom@19.2.0_react@19.2.0\node_modules\react-dom\cjs\react-dom-client.development.js:8777:23)
          at Object.useMemo (D:\Repositories\meepleai-monorepo\apps\web\node_modules\.pnpm\react-dom@19.2.0_react@19.2.0\node_modules\react-dom\cjs\react-dom-client.development.js:26216:18)
          at process.env.NODE_ENV.exports.useMemo (D:\Repositories\meepleai-monorepo\apps\web\node_modules\.pnpm\react@19.2.0\node_modules\react\cjs\react.development.js:1251:34)
          at PrismHighlighter (D:\Repositories\meepleai-monorepo\apps\web\src\components\diff\PrismHighlighter.tsx:22:34)
          at Object.react_stack_bottom_frame (D:\Repositories\meepleai-monorepo\apps\web\node_modules\.pnpm\react-dom@19.2.0_react@19.2.0\node_modules\react-dom\cjs\react-dom-client.development.js:25904:20)
          at renderWithHooks (D:\Repositories\meepleai-monorepo\apps\web\node_modules\.pnpm\react-dom@19.2.0_react@19.2.0\node_modules\react-dom\cjs\react-dom-client.development.js:7662:22)
          at updateFunctionComponent (D:\Repositories\meepleai-monorepo\apps\web\node_modules\.pnpm\react-dom@19.2.0_react@19.2.0\node_modules\react-dom\cjs\react-dom-client.development.js:10166:19)
          at beginWork (D:\Repositories\meepleai-monorepo\apps\web\node_modules\.pnpm\react-dom@19.2.0_react@19.2.0\node_modules\react-dom\cjs\react-dom-client.development.js:11778:18)
          at runWithFiberInDEV (D:\Repositories\meepleai-monorepo\apps\web\node_modules\.pnpm\react-dom@19.2.0_react@19.2.0\node_modules\react-dom\cjs\react-dom-client.development.js:874:13)
          at performUnitOfWork (D:\Repositories\meepleai-monorepo\apps\web\node_modules\.pnpm\react-dom@19.2.0_react@19.2.0\node_modules\react-dom\cjs\react-dom-client.development.js:17641:22)
          at workLoopSync (D:\Repositories\meepleai-monorepo\apps\web\node_modules\.pnpm\react-dom@19.2.0_react@19.2.0\node_modules\react-dom\cjs\react-dom-client.development.js:17469:41)
          at renderRootSync (D:\Repositories\meepleai-monorepo\apps\web\node_modules\.pnpm\react-dom@19.2.0_react@19.2.0\node_modules\react-dom\cjs\react-dom-client.development.js:17450:11)
          at performWorkOnRoot (D:\Repositories\meepleai-monorepo\apps\web\node_modules\.pnpm\react-dom@19.2.0_react@19.2.0\node_modules\react-dom\cjs\react-dom-client.development.js:16504:11)
          at performWorkOnRootViaSchedulerTask (D:\Repositories\meepleai-monorepo\apps\web\node_modules\.pnpm\react-dom@19.2.0_react@19.2.0\node_modules\react-dom\cjs\react-dom-client.development.js:18957:7)
          at flushActQueue (D:\Repositories\meepleai-monorepo\apps\web\node_modules\.pnpm\react@19.2.0\node_modules\react\cjs\react.development.js:590:34)
          at process.env.NODE_ENV.exports.act (D:\Repositories\meepleai-monorepo\apps\web\node_modules\.pnpm\react@19.2.0\node_modules\react\cjs\react.development.js:884:10)
          at D:\Repositories\meepleai-monorepo\apps\web\node_modules\.pnpm\@testing-library+react@16.3_15d474de7481bb0af842c1b1705139a8\node_modules\@testing-library\react\dist\act-compat.js:47:25
          at renderRoot (D:\Repositories\meepleai-monorepo\apps\web\node_modules\.pnpm\@testing-library+react@16.3_15d474de7481bb0af842c1b1705139a8\node_modules\@testing-library\react\dist\pure.js:190:26)
          at render (D:\Repositories\meepleai-monorepo\apps\web\node_modules\.pnpm\@testing-library+react@16.3_15d474de7481bb0af842c1b1705139a8\node_modules\@testing-library\react\dist\pure.js:292:10)
          at Object.<anonymous> (D:\Repositories\meepleai-monorepo\apps\web\src\components\diff\__tests__\PrismHighlighter.test.tsx:144:13)
          at Promise.finally.completed (D:\Repositories\meepleai-monorepo\apps\web\node_modules\.pnpm\jest-circus@30.2.0\node_modules\jest-circus\build\jestAdapterInit.js:1557:28)
          at new Promise (<anonymous>)
          at callAsyncCircusFn (D:\Repositories\meepleai-monorepo\apps\web\node_modules\.pnpm\jest-circus@30.2.0\node_modules\jest-circus\build\jestAdapterInit.js:1497:10)
          at _callCircusTest (D:\Repositories\meepleai-monorepo\apps\web\node_modules\.pnpm\jest-circus@30.2.0\node_modules\jest-circus\build\jestAdapterInit.js:1007:40)
          at processTicksAndRejections (node:internal/process/task_queues:105:5)
          at _runTest (D:\Repositories\meepleai-monorepo\apps\web\node_modules\.pnpm\jest-circus@30.2.0\node_modules\jest-circus\build\jestAdapterInit.js:947:3)
          at D:\Repositories\meepleai-monorepo\apps\web\node_modules\.pnpm\jest-circus@30.2.0\node_modules\jest-circus\build\jestAdapterInit.js:849:7
          at _runTestsForDescribeBlock (D:\Repositories\meepleai-monorepo\apps\web\node_modules\.pnpm\jest-circus@30.2.0\node_modules\jest-circus\build\jestAdapterInit.js:862:11)
          at _runTestsForDescribeBlock (D:\Repositories\meepleai-monorepo\apps\web\node_modules\.pnpm\jest-circus@30.2.0\node_modules\jest-circus\build\jestAdapterInit.js:857:11)
          at _runTestsForDescribeBlock (D:\Repositories\meepleai-monorepo\apps\web\node_modules\.pnpm\jest-circus@30.2.0\node_modules\jest-circus\build\jestAdapterInit.js:857:11)
          at run (D:\Repositories\meepleai-monorepo\apps\web\node_modules\.pnpm\jest-circus@30.2.0\node_modules\jest-circus\build\jestAdapterInit.js:761:3)
          at runAndTransformResultsToJestFormat (D:\Repositories\meepleai-monorepo\apps\web\node_modules\.pnpm\jest-circus@30.2.0\node_modules\jest-circus\build\jestAdapterInit.js:1918:21)
          at jestAdapter (D:\Repositories\meepleai-monorepo\apps\web\node_modules\.pnpm\jest-circus@30.2.0\node_modules\jest-circus\build\runner.js:101:19)
          at runTestInternal (D:\Repositories\meepleai-monorepo\apps\web\node_modules\.pnpm\jest-runner@30.2.0\node_modules\jest-runner\build\testWorker.js:275:16)
          at runTest (D:\Repositories\meepleai-monorepo\apps\web\node_modules\.pnpm\jest-runner@30.2.0\node_modules\jest-runner\build\testWorker.js:343:7)
          at Object.worker (D:\Repositories\meepleai-monorepo\apps\web\node_modules\.pnpm\jest-runner@30.2.0\node_modules\jest-runner\build\testWorker.js:497:12)

    [0m [90m 373 |[39m       [36mreturn[39m[33m;[39m
     [90m 374 |[39m     }
    [31m[1m>[22m[39m[90m 375 |[39m     originalError[33m.[39mcall(console[33m,[39m [33m...[39margs)[33m;[39m
     [90m     |[39m                   [31m[1m^[22m[39m
     [90m 376 |[39m   }[33m;[39m
     [90m 377 |[39m })[33m;[39m
     [90m 378 |[39m[0m

      at console.call [as error] (jest.setup.js:375:19)
      at error (src/components/diff/PrismHighlighter.tsx:26:15)
      at mountMemo (node_modules/.pnpm/react-dom@19.2.0_react@19.2.0/node_modules/react-dom/cjs/react-dom-client.development.js:8777:23)
      at Object.useMemo (node_modules/.pnpm/react-dom@19.2.0_react@19.2.0/node_modules/react-dom/cjs/react-dom-client.development.js:26216:18)
      at process.env.NODE_ENV.exports.useMemo (node_modules/.pnpm/react@19.2.0/node_modules/react/cjs/react.development.js:1251:34)
      at PrismHighlighter (src/components/diff/PrismHighlighter.tsx:22:34)
      at Object.react_stack_bottom_frame (node_modules/.pnpm/react-dom@19.2.0_react@19.2.0/node_modules/react-dom/cjs/react-dom-client.development.js:25904:20)
      at renderWithHooks (node_modules/.pnpm/react-dom@19.2.0_react@19.2.0/node_modules/react-dom/cjs/react-dom-client.development.js:7662:22)
      at updateFunctionComponent (node_modules/.pnpm/react-dom@19.2.0_react@19.2.0/node_modules/react-dom/cjs/react-dom-client.development.js:10166:19)
      at beginWork (node_modules/.pnpm/react-dom@19.2.0_react@19.2.0/node_modules/react-dom/cjs/react-dom-client.development.js:11778:18)
      at runWithFiberInDEV (node_modules/.pnpm/react-dom@19.2.0_react@19.2.0/node_modules/react-dom/cjs/react-dom-client.development.js:874:13)
      at performUnitOfWork (node_modules/.pnpm/react-dom@19.2.0_react@19.2.0/node_modules/react-dom/cjs/react-dom-client.development.js:17641:22)
      at workLoopSync (node_modules/.pnpm/react-dom@19.2.0_react@19.2.0/node_modules/react-dom/cjs/react-dom-client.development.js:17469:41)
      at renderRootSync (node_modules/.pnpm/react-dom@19.2.0_react@19.2.0/node_modules/react-dom/cjs/react-dom-client.development.js:17450:11)
      at performWorkOnRoot (node_modules/.pnpm/react-dom@19.2.0_react@19.2.0/node_modules/react-dom/cjs/react-dom-client.development.js:16504:11)
      at performWorkOnRootViaSchedulerTask (node_modules/.pnpm/react-dom@19.2.0_react@19.2.0/node_modules/react-dom/cjs/react-dom-client.development.js:18957:7)
      at flushActQueue (node_modules/.pnpm/react@19.2.0/node_modules/react/cjs/react.development.js:590:34)
      at process.env.NODE_ENV.exports.act (node_modules/.pnpm/react@19.2.0/node_modules/react/cjs/react.development.js:884:10)
      at node_modules/.pnpm/@testing-library+react@16.3_15d474de7481bb0af842c1b1705139a8/node_modules/@testing-library/react/dist/act-compat.js:47:25
      at renderRoot (node_modules/.pnpm/@testing-library+react@16.3_15d474de7481bb0af842c1b1705139a8/node_modules/@testing-library/react/dist/pure.js:190:26)
      at render (node_modules/.pnpm/@testing-library+react@16.3_15d474de7481bb0af842c1b1705139a8/node_modules/@testing-library/react/dist/pure.js:292:10)
      at Object.<anonymous> (src/components/diff/__tests__/PrismHighlighter.test.tsx:144:13)

    console.error
      Prism highlighting error: Error: Highlighting error
          at Object.<anonymous> (D:\Repositories\meepleai-monorepo\apps\web\src\components\diff\__tests__\PrismHighlighter.test.tsx:123:15)
          at D:\Repositories\meepleai-monorepo\apps\web\node_modules\.pnpm\jest-mock@30.2.0\node_modules\jest-mock\build\index.js:305:39
          at Object.<anonymous> (D:\Repositories\meepleai-monorepo\apps\web\node_modules\.pnpm\jest-mock@30.2.0\node_modules\jest-mock\build\index.js:312:13)
          at Object.mockConstructor [as highlight] (D:\Repositories\meepleai-monorepo\apps\web\node_modules\.pnpm\jest-mock@30.2.0\node_modules\jest-mock\build\index.js:57:19)
          at highlight (D:\Repositories\meepleai-monorepo\apps\web\src\components\diff\PrismHighlighter.tsx:24:20)
          at mountMemo (D:\Repositories\meepleai-monorepo\apps\web\node_modules\.pnpm\react-dom@19.2.0_react@19.2.0\node_modules\react-dom\cjs\react-dom-client.development.js:8777:23)
          at Object.useMemo (D:\Repositories\meepleai-monorepo\apps\web\node_modules\.pnpm\react-dom@19.2.0_react@19.2.0\node_modules\react-dom\cjs\react-dom-client.development.js:26216:18)
          at process.env.NODE_ENV.exports.useMemo (D:\Repositories\meepleai-monorepo\apps\web\node_modules\.pnpm\react@19.2.0\node_modules\react\cjs\react.development.js:1251:34)
          at PrismHighlighter (D:\Repositories\meepleai-monorepo\apps\web\src\components\diff\PrismHighlighter.tsx:22:34)
          at Object.react_stack_bottom_frame (D:\Repositories\meepleai-monorepo\apps\web\node_modules\.pnpm\react-dom@19.2.0_react@19.2.0\node_modules\react-dom\cjs\react-dom-client.development.js:25904:20)
          at renderWithHooks (D:\Repositories\meepleai-monorepo\apps\web\node_modules\.pnpm\react-dom@19.2.0_react@19.2.0\node_modules\react-dom\cjs\react-dom-client.development.js:7662:22)
          at updateFunctionComponent (D:\Repositories\meepleai-monorepo\apps\web\node_modules\.pnpm\react-dom@19.2.0_react@19.2.0\node_modules\react-dom\cjs\react-dom-client.development.js:10166:19)
          at beginWork (D:\Repositories\meepleai-monorepo\apps\web\node_modules\.pnpm\react-dom@19.2.0_react@19.2.0\node_modules\react-dom\cjs\react-dom-client.development.js:11778:18)
          at runWithFiberInDEV (D:\Repositories\meepleai-monorepo\apps\web\node_modules\.pnpm\react-dom@19.2.0_react@19.2.0\node_modules\react-dom\cjs\react-dom-client.development.js:874:13)
          at performUnitOfWork (D:\Repositories\meepleai-monorepo\apps\web\node_modules\.pnpm\react-dom@19.2.0_react@19.2.0\node_modules\react-dom\cjs\react-dom-client.development.js:17641:22)
          at workLoopSync (D:\Repositories\meepleai-monorepo\apps\web\node_modules\.pnpm\react-dom@19.2.0_react@19.2.0\node_modules\react-dom\cjs\react-dom-client.development.js:17469:41)
          at renderRootSync (D:\Repositories\meepleai-monorepo\apps\web\node_modules\.pnpm\react-dom@19.2.0_react@19.2.0\node_modules\react-dom\cjs\react-dom-client.development.js:17450:11)
          at performWorkOnRoot (D:\Repositories\meepleai-monorepo\apps\web\node_modules\.pnpm\react-dom@19.2.0_react@19.2.0\node_modules\react-dom\cjs\react-dom-client.development.js:16504:11)
          at performWorkOnRootViaSchedulerTask (D:\Repositories\meepleai-monorepo\apps\web\node_modules\.pnpm\react-dom@19.2.0_react@19.2.0\node_modules\react-dom\cjs\react-dom-client.development.js:18957:7)
          at flushActQueue (D:\Repositories\meepleai-monorepo\apps\web\node_modules\.pnpm\react@19.2.0\node_modules\react\cjs\react.development.js:590:34)
          at process.env.NODE_ENV.exports.act (D:\Repositories\meepleai-monorepo\apps\web\node_modules\.pnpm\react@19.2.0\node_modules\react\cjs\react.development.js:884:10)
          at D:\Repositories\meepleai-monorepo\apps\web\node_modules\.pnpm\@testing-library+react@16.3_15d474de7481bb0af842c1b1705139a8\node_modules\@testing-library\react\dist\act-compat.js:47:25
          at renderRoot (D:\Repositories\meepleai-monorepo\apps\web\node_modules\.pnpm\@testing-library+react@16.3_15d474de7481bb0af842c1b1705139a8\node_modules\@testing-library\react\dist\pure.js:190:26)
          at render (D:\Repositories\meepleai-monorepo\apps\web\node_modules\.pnpm\@testing-library+react@16.3_15d474de7481bb0af842c1b1705139a8\node_modules\@testing-library\react\dist\pure.js:292:10)
          at Object.<anonymous> (D:\Repositories\meepleai-monorepo\apps\web\src\components\diff\__tests__\PrismHighlighter.test.tsx:159:34)
          at Promise.finally.completed (D:\Repositories\meepleai-monorepo\apps\web\node_modules\.pnpm\jest-circus@30.2.0\node_modules\jest-circus\build\jestAdapterInit.js:1557:28)
          at new Promise (<anonymous>)
          at callAsyncCircusFn (D:\Repositories\meepleai-monorepo\apps\web\node_modules\.pnpm\jest-circus@30.2.0\node_modules\jest-circus\build\jestAdapterInit.js:1497:10)
          at _callCircusTest (D:\Repositories\meepleai-monorepo\apps\web\node_modules\.pnpm\jest-circus@30.2.0\node_modules\jest-circus\build\jestAdapterInit.js:1007:40)
          at processTicksAndRejections (node:internal/process/task_queues:105:5)
          at _runTest (D:\Repositories\meepleai-monorepo\apps\web\node_modules\.pnpm\jest-circus@30.2.0\node_modules\jest-circus\build\jestAdapterInit.js:947:3)
          at D:\Repositories\meepleai-monorepo\apps\web\node_modules\.pnpm\jest-circus@30.2.0\node_modules\jest-circus\build\jestAdapterInit.js:849:7
          at _runTestsForDescribeBlock (D:\Repositories\meepleai-monorepo\apps\web\node_modules\.pnpm\jest-circus@30.2.0\node_modules\jest-circus\build\jestAdapterInit.js:862:11)
          at _runTestsForDescribeBlock (D:\Repositories\meepleai-monorepo\apps\web\node_modules\.pnpm\jest-circus@30.2.0\node_modules\jest-circus\build\jestAdapterInit.js:857:11)
          at _runTestsForDescribeBlock (D:\Repositories\meepleai-monorepo\apps\web\node_modules\.pnpm\jest-circus@30.2.0\node_modules\jest-circus\build\jestAdapterInit.js:857:11)
          at run (D:\Repositories\meepleai-monorepo\apps\web\node_modules\.pnpm\jest-circus@30.2.0\node_modules\jest-circus\build\jestAdapterInit.js:761:3)
          at runAndTransformResultsToJestFormat (D:\Repositories\meepleai-monorepo\apps\web\node_modules\.pnpm\jest-circus@30.2.0\node_modules\jest-circus\build\jestAdapterInit.js:1918:21)
          at jestAdapter (D:\Repositories\meepleai-monorepo\apps\web\node_modules\.pnpm\jest-circus@30.2.0\node_modules\jest-circus\build\runner.js:101:19)
          at runTestInternal (D:\Repositories\meepleai-monorepo\apps\web\node_modules\.pnpm\jest-runner@30.2.0\node_modules\jest-runner\build\testWorker.js:275:16)
          at runTest (D:\Repositories\meepleai-monorepo\apps\web\node_modules\.pnpm\jest-runner@30.2.0\node_modules\jest-runner\build\testWorker.js:343:7)
          at Object.worker (D:\Repositories\meepleai-monorepo\apps\web\node_modules\.pnpm\jest-runner@30.2.0\node_modules\jest-runner\build\testWorker.js:497:12)

    [0m [90m 373 |[39m       [36mreturn[39m[33m;[39m
     [90m 374 |[39m     }
    [31m[1m>[22m[39m[90m 375 |[39m     originalError[33m.[39mcall(console[33m,[39m [33m...[39margs)[33m;[39m
     [90m     |[39m                   [31m[1m^[22m[39m
     [90m 376 |[39m   }[33m;[39m
     [90m 377 |[39m })[33m;[39m
     [90m 378 |[39m[0m

      at console.call [as error] (jest.setup.js:375:19)
      at error (src/components/diff/PrismHighlighter.tsx:26:15)
      at mountMemo (node_modules/.pnpm/react-dom@19.2.0_react@19.2.0/node_modules/react-dom/cjs/react-dom-client.development.js:8777:23)
      at Object.useMemo (node_modules/.pnpm/react-dom@19.2.0_react@19.2.0/node_modules/react-dom/cjs/react-dom-client.development.js:26216:18)
      at process.env.NODE_ENV.exports.useMemo (node_modules/.pnpm/react@19.2.0/node_modules/react/cjs/react.development.js:1251:34)
      at PrismHighlighter (src/components/diff/PrismHighlighter.tsx:22:34)
      at Object.react_stack_bottom_frame (node_modules/.pnpm/react-dom@19.2.0_react@19.2.0/node_modules/react-dom/cjs/react-dom-client.development.js:25904:20)
      at renderWithHooks (node_modules/.pnpm/react-dom@19.2.0_react@19.2.0/node_modules/react-dom/cjs/react-dom-client.development.js:7662:22)
      at updateFunctionComponent (node_modules/.pnpm/react-dom@19.2.0_react@19.2.0/node_modules/react-dom/cjs/react-dom-client.development.js:10166:19)
      at beginWork (node_modules/.pnpm/react-dom@19.2.0_react@19.2.0/node_modules/react-dom/cjs/react-dom-client.development.js:11778:18)
      at runWithFiberInDEV (node_modules/.pnpm/react-dom@19.2.0_react@19.2.0/node_modules/react-dom/cjs/react-dom-client.development.js:874:13)
      at performUnitOfWork (node_modules/.pnpm/react-dom@19.2.0_react@19.2.0/node_modules/react-dom/cjs/react-dom-client.development.js:17641:22)
      at workLoopSync (node_modules/.pnpm/react-dom@19.2.0_react@19.2.0/node_modules/react-dom/cjs/react-dom-client.development.js:17469:41)
      at renderRootSync (node_modules/.pnpm/react-dom@19.2.0_react@19.2.0/node_modules/react-dom/cjs/react-dom-client.development.js:17450:11)
      at performWorkOnRoot (node_modules/.pnpm/react-dom@19.2.0_react@19.2.0/node_modules/react-dom/cjs/react-dom-client.development.js:16504:11)
      at performWorkOnRootViaSchedulerTask (node_modules/.pnpm/react-dom@19.2.0_react@19.2.0/node_modules/react-dom/cjs/react-dom-client.development.js:18957:7)
      at flushActQueue (node_modules/.pnpm/react@19.2.0/node_modules/react/cjs/react.development.js:590:34)
      at process.env.NODE_ENV.exports.act (node_modules/.pnpm/react@19.2.0/node_modules/react/cjs/react.development.js:884:10)
      at node_modules/.pnpm/@testing-library+react@16.3_15d474de7481bb0af842c1b1705139a8/node_modules/@testing-library/react/dist/act-compat.js:47:25
      at renderRoot (node_modules/.pnpm/@testing-library+react@16.3_15d474de7481bb0af842c1b1705139a8/node_modules/@testing-library/react/dist/pure.js:190:26)
      at render (node_modules/.pnpm/@testing-library+react@16.3_15d474de7481bb0af842c1b1705139a8/node_modules/@testing-library/react/dist/pure.js:292:10)
      at Object.<anonymous> (src/components/diff/__tests__/PrismHighlighter.test.tsx:159:34)

    console.error
      Prism highlighting error: Error: Highlighting error
          at Object.<anonymous> (D:\Repositories\meepleai-monorepo\apps\web\src\components\diff\__tests__\PrismHighlighter.test.tsx:123:15)
          at D:\Repositories\meepleai-monorepo\apps\web\node_modules\.pnpm\jest-mock@30.2.0\node_modules\jest-mock\build\index.js:305:39
          at Object.<anonymous> (D:\Repositories\meepleai-monorepo\apps\web\node_modules\.pnpm\jest-mock@30.2.0\node_modules\jest-mock\build\index.js:312:13)
          at Object.mockConstructor [as highlight] (D:\Repositories\meepleai-monorepo\apps\web\node_modules\.pnpm\jest-mock@30.2.0\node_modules\jest-mock\build\index.js:57:19)
          at highlight (D:\Repositories\meepleai-monorepo\apps\web\src\components\diff\PrismHighlighter.tsx:24:20)
          at mountMemo (D:\Repositories\meepleai-monorepo\apps\web\node_modules\.pnpm\react-dom@19.2.0_react@19.2.0\node_modules\react-dom\cjs\react-dom-client.development.js:8777:23)
          at Object.useMemo (D:\Repositories\meepleai-monorepo\apps\web\node_modules\.pnpm\react-dom@19.2.0_react@19.2.0\node_modules\react-dom\cjs\react-dom-client.development.js:26216:18)
          at process.env.NODE_ENV.exports.useMemo (D:\Repositories\meepleai-monorepo\apps\web\node_modules\.pnpm\react@19.2.0\node_modules\react\cjs\react.development.js:1251:34)
          at PrismHighlighter (D:\Repositories\meepleai-monorepo\apps\web\src\components\diff\PrismHighlighter.tsx:22:34)
          at Object.react_stack_bottom_frame (D:\Repositories\meepleai-monorepo\apps\web\node_modules\.pnpm\react-dom@19.2.0_react@19.2.0\node_modules\react-dom\cjs\react-dom-client.development.js:25904:20)
          at renderWithHooks (D:\Repositories\meepleai-monorepo\apps\web\node_modules\.pnpm\react-dom@19.2.0_react@19.2.0\node_modules\react-dom\cjs\react-dom-client.development.js:7662:22)
          at updateFunctionComponent (D:\Repositories\meepleai-monorepo\apps\web\node_modules\.pnpm\react-dom@19.2.0_react@19.2.0\node_modules\react-dom\cjs\react-dom-client.development.js:10166:19)
          at beginWork (D:\Repositories\meepleai-monorepo\apps\web\node_modules\.pnpm\react-dom@19.2.0_react@19.2.0\node_modules\react-dom\cjs\react-dom-client.development.js:11778:18)
          at runWithFiberInDEV (D:\Repositories\meepleai-monorepo\apps\web\node_modules\.pnpm\react-dom@19.2.0_react@19.2.0\node_modules\react-dom\cjs\react-dom-client.development.js:874:13)
          at performUnitOfWork (D:\Repositories\meepleai-monorepo\apps\web\node_modules\.pnpm\react-dom@19.2.0_react@19.2.0\node_modules\react-dom\cjs\react-dom-client.development.js:17641:22)
          at workLoopSync (D:\Repositories\meepleai-monorepo\apps\web\node_modules\.pnpm\react-dom@19.2.0_react@19.2.0\node_modules\react-dom\cjs\react-dom-client.development.js:17469:41)
          at renderRootSync (D:\Repositories\meepleai-monorepo\apps\web\node_modules\.pnpm\react-dom@19.2.0_react@19.2.0\node_modules\react-dom\cjs\react-dom-client.development.js:17450:11)
          at performWorkOnRoot (D:\Repositories\meepleai-monorepo\apps\web\node_modules\.pnpm\react-dom@19.2.0_react@19.2.0\node_modules\react-dom\cjs\react-dom-client.development.js:16504:11)
          at performWorkOnRootViaSchedulerTask (D:\Repositories\meepleai-monorepo\apps\web\node_modules\.pnpm\react-dom@19.2.0_react@19.2.0\node_modules\react-dom\cjs\react-dom-client.development.js:18957:7)
          at flushActQueue (D:\Repositories\meepleai-monorepo\apps\web\node_modules\.pnpm\react@19.2.0\node_modules\react\cjs\react.development.js:590:34)
          at process.env.NODE_ENV.exports.act (D:\Repositories\meepleai-monorepo\apps\web\node_modules\.pnpm\react@19.2.0\node_modules\react\cjs\react.development.js:884:10)
          at D:\Repositories\meepleai-monorepo\apps\web\node_modules\.pnpm\@testing-library+react@16.3_15d474de7481bb0af842c1b1705139a8\node_modules\@testing-library\react\dist\act-compat.js:47:25
          at renderRoot (D:\Repositories\meepleai-monorepo\apps\web\node_modules\.pnpm\@testing-library+react@16.3_15d474de7481bb0af842c1b1705139a8\node_modules\@testing-library\react\dist\pure.js:190:26)
          at render (D:\Repositories\meepleai-monorepo\apps\web\node_modules\.pnpm\@testing-library+react@16.3_15d474de7481bb0af842c1b1705139a8\node_modules\@testing-library\react\dist\pure.js:292:10)
          at Object.<anonymous> (D:\Repositories\meepleai-monorepo\apps\web\src\components\diff\__tests__\PrismHighlighter.test.tsx:174:34)
          at Promise.finally.completed (D:\Repositories\meepleai-monorepo\apps\web\node_modules\.pnpm\jest-circus@30.2.0\node_modules\jest-circus\build\jestAdapterInit.js:1557:28)
          at new Promise (<anonymous>)
          at callAsyncCircusFn (D:\Repositories\meepleai-monorepo\apps\web\node_modules\.pnpm\jest-circus@30.2.0\node_modules\jest-circus\build\jestAdapterInit.js:1497:10)
          at _callCircusTest (D:\Repositories\meepleai-monorepo\apps\web\node_modules\.pnpm\jest-circus@30.2.0\node_modules\jest-circus\build\jestAdapterInit.js:1007:40)
          at processTicksAndRejections (node:internal/process/task_queues:105:5)
          at _runTest (D:\Repositories\meepleai-monorepo\apps\web\node_modules\.pnpm\jest-circus@30.2.0\node_modules\jest-circus\build\jestAdapterInit.js:947:3)
          at D:\Repositories\meepleai-monorepo\apps\web\node_modules\.pnpm\jest-circus@30.2.0\node_modules\jest-circus\build\jestAdapterInit.js:849:7
          at _runTestsForDescribeBlock (D:\Repositories\meepleai-monorepo\apps\web\node_modules\.pnpm\jest-circus@30.2.0\node_modules\jest-circus\build\jestAdapterInit.js:862:11)
          at _runTestsForDescribeBlock (D:\Repositories\meepleai-monorepo\apps\web\node_modules\.pnpm\jest-circus@30.2.0\node_modules\jest-circus\build\jestAdapterInit.js:857:11)
          at _runTestsForDescribeBlock (D:\Repositories\meepleai-monorepo\apps\web\node_modules\.pnpm\jest-circus@30.2.0\node_modules\jest-circus\build\jestAdapterInit.js:857:11)
          at run (D:\Repositories\meepleai-monorepo\apps\web\node_modules\.pnpm\jest-circus@30.2.0\node_modules\jest-circus\build\jestAdapterInit.js:761:3)
          at runAndTransformResultsToJestFormat (D:\Repositories\meepleai-monorepo\apps\web\node_modules\.pnpm\jest-circus@30.2.0\node_modules\jest-circus\build\jestAdapterInit.js:1918:21)
          at jestAdapter (D:\Repositories\meepleai-monorepo\apps\web\node_modules\.pnpm\jest-circus@30.2.0\node_modules\jest-circus\build\runner.js:101:19)
          at runTestInternal (D:\Repositories\meepleai-monorepo\apps\web\node_modules\.pnpm\jest-runner@30.2.0\node_modules\jest-runner\build\testWorker.js:275:16)
          at runTest (D:\Repositories\meepleai-monorepo\apps\web\node_modules\.pnpm\jest-runner@30.2.0\node_modules\jest-runner\build\testWorker.js:343:7)
          at Object.worker (D:\Repositories\meepleai-monorepo\apps\web\node_modules\.pnpm\jest-runner@30.2.0\node_modules\jest-runner\build\testWorker.js:497:12)

    [0m [90m 373 |[39m       [36mreturn[39m[33m;[39m
     [90m 374 |[39m     }
    [31m[1m>[22m[39m[90m 375 |[39m     originalError[33m.[39mcall(console[33m,[39m [33m...[39margs)[33m;[39m
     [90m     |[39m                   [31m[1m^[22m[39m
     [90m 376 |[39m   }[33m;[39m
     [90m 377 |[39m })[33m;[39m
     [90m 378 |[39m[0m

      at console.call [as error] (jest.setup.js:375:19)
      at error (src/components/diff/PrismHighlighter.tsx:26:15)
      at mountMemo (node_modules/.pnpm/react-dom@19.2.0_react@19.2.0/node_modules/react-dom/cjs/react-dom-client.development.js:8777:23)
      at Object.useMemo (node_modules/.pnpm/react-dom@19.2.0_react@19.2.0/node_modules/react-dom/cjs/react-dom-client.development.js:26216:18)
      at process.env.NODE_ENV.exports.useMemo (node_modules/.pnpm/react@19.2.0/node_modules/react/cjs/react.development.js:1251:34)
      at PrismHighlighter (src/components/diff/PrismHighlighter.tsx:22:34)
      at Object.react_stack_bottom_frame (node_modules/.pnpm/react-dom@19.2.0_react@19.2.0/node_modules/react-dom/cjs/react-dom-client.development.js:25904:20)
      at renderWithHooks (node_modules/.pnpm/react-dom@19.2.0_react@19.2.0/node_modules/react-dom/cjs/react-dom-client.development.js:7662:22)
      at updateFunctionComponent (node_modules/.pnpm/react-dom@19.2.0_react@19.2.0/node_modules/react-dom/cjs/react-dom-client.development.js:10166:19)
      at beginWork (node_modules/.pnpm/react-dom@19.2.0_react@19.2.0/node_modules/react-dom/cjs/react-dom-client.development.js:11778:18)
      at runWithFiberInDEV (node_modules/.pnpm/react-dom@19.2.0_react@19.2.0/node_modules/react-dom/cjs/react-dom-client.development.js:874:13)
      at performUnitOfWork (node_modules/.pnpm/react-dom@19.2.0_react@19.2.0/node_modules/react-dom/cjs/react-dom-client.development.js:17641:22)
      at workLoopSync (node_modules/.pnpm/react-dom@19.2.0_react@19.2.0/node_modules/react-dom/cjs/react-dom-client.development.js:17469:41)
      at renderRootSync (node_modules/.pnpm/react-dom@19.2.0_react@19.2.0/node_modules/react-dom/cjs/react-dom-client.development.js:17450:11)
      at performWorkOnRoot (node_modules/.pnpm/react-dom@19.2.0_react@19.2.0/node_modules/react-dom/cjs/react-dom-client.development.js:16504:11)
      at performWorkOnRootViaSchedulerTask (node_modules/.pnpm/react-dom@19.2.0_react@19.2.0/node_modules/react-dom/cjs/react-dom-client.development.js:18957:7)
      at flushActQueue (node_modules/.pnpm/react@19.2.0/node_modules/react/cjs/react.development.js:590:34)
      at process.env.NODE_ENV.exports.act (node_modules/.pnpm/react@19.2.0/node_modules/react/cjs/react.development.js:884:10)
      at node_modules/.pnpm/@testing-library+react@16.3_15d474de7481bb0af842c1b1705139a8/node_modules/@testing-library/react/dist/act-compat.js:47:25
      at renderRoot (node_modules/.pnpm/@testing-library+react@16.3_15d474de7481bb0af842c1b1705139a8/node_modules/@testing-library/react/dist/pure.js:190:26)
      at render (node_modules/.pnpm/@testing-library+react@16.3_15d474de7481bb0af842c1b1705139a8/node_modules/@testing-library/react/dist/pure.js:292:10)
      at Object.<anonymous> (src/components/diff/__tests__/PrismHighlighter.test.tsx:174:34)

    console.error
      Prism highlighting error: Error: Highlighting error
          at Object.<anonymous> (D:\Repositories\meepleai-monorepo\apps\web\src\components\diff\__tests__\PrismHighlighter.test.tsx:123:15)
          at D:\Repositories\meepleai-monorepo\apps\web\node_modules\.pnpm\jest-mock@30.2.0\node_modules\jest-mock\build\index.js:305:39
          at Object.<anonymous> (D:\Repositories\meepleai-monorepo\apps\web\node_modules\.pnpm\jest-mock@30.2.0\node_modules\jest-mock\build\index.js:312:13)
          at Object.mockConstructor [as highlight] (D:\Repositories\meepleai-monorepo\apps\web\node_modules\.pnpm\jest-mock@30.2.0\node_modules\jest-mock\build\index.js:57:19)
          at highlight (D:\Repositories\meepleai-monorepo\apps\web\src\components\diff\PrismHighlighter.tsx:24:20)
          at updateMemo (D:\Repositories\meepleai-monorepo\apps\web\node_modules\.pnpm\react-dom@19.2.0_react@19.2.0\node_modules\react-dom\cjs\react-dom-client.development.js:8795:19)
          at Object.useMemo (D:\Repositories\meepleai-monorepo\apps\web\node_modules\.pnpm\react-dom@19.2.0_react@19.2.0\node_modules\react-dom\cjs\react-dom-client.development.js:26484:18)
          at process.env.NODE_ENV.exports.useMemo (D:\Repositories\meepleai-monorepo\apps\web\node_modules\.pnpm\react@19.2.0\node_modules\react\cjs\react.development.js:1251:34)
          at PrismHighlighter (D:\Repositories\meepleai-monorepo\apps\web\src\components\diff\PrismHighlighter.tsx:22:34)
          at Object.react_stack_bottom_frame (D:\Repositories\meepleai-monorepo\apps\web\node_modules\.pnpm\react-dom@19.2.0_react@19.2.0\node_modules\react-dom\cjs\react-dom-client.development.js:25904:20)
          at renderWithHooks (D:\Repositories\meepleai-monorepo\apps\web\node_modules\.pnpm\react-dom@19.2.0_react@19.2.0\node_modules\react-dom\cjs\react-dom-client.development.js:7662:22)
          at updateFunctionComponent (D:\Repositories\meepleai-monorepo\apps\web\node_modules\.pnpm\react-dom@19.2.0_react@19.2.0\node_modules\react-dom\cjs\react-dom-client.development.js:10166:19)
          at beginWork (D:\Repositories\meepleai-monorepo\apps\web\node_modules\.pnpm\react-dom@19.2.0_react@19.2.0\node_modules\react-dom\cjs\react-dom-client.development.js:11778:18)
          at runWithFiberInDEV (D:\Repositories\meepleai-monorepo\apps\web\node_modules\.pnpm\react-dom@19.2.0_react@19.2.0\node_modules\react-dom\cjs\react-dom-client.development.js:874:13)
          at performUnitOfWork (D:\Repositories\meepleai-monorepo\apps\web\node_modules\.pnpm\react-dom@19.2.0_react@19.2.0\node_modules\react-dom\cjs\react-dom-client.development.js:17641:22)
          at workLoopSync (D:\Repositories\meepleai-monorepo\apps\web\node_modules\.pnpm\react-dom@19.2.0_react@19.2.0\node_modules\react-dom\cjs\react-dom-client.development.js:17469:41)
          at renderRootSync (D:\Repositories\meepleai-monorepo\apps\web\node_modules\.pnpm\react-dom@19.2.0_react@19.2.0\node_modules\react-dom\cjs\react-dom-client.development.js:17450:11)
          at performWorkOnRoot (D:\Repositories\meepleai-monorepo\apps\web\node_modules\.pnpm\react-dom@19.2.0_react@19.2.0\node_modules\react-dom\cjs\react-dom-client.development.js:16504:11)
          at performWorkOnRootViaSchedulerTask (D:\Repositories\meepleai-monorepo\apps\web\node_modules\.pnpm\react-dom@19.2.0_react@19.2.0\node_modules\react-dom\cjs\react-dom-client.development.js:18957:7)
          at flushActQueue (D:\Repositories\meepleai-monorepo\apps\web\node_modules\.pnpm\react@19.2.0\node_modules\react\cjs\react.development.js:590:34)
          at process.env.NODE_ENV.exports.act (D:\Repositories\meepleai-monorepo\apps\web\node_modules\.pnpm\react@19.2.0\node_modules\react\cjs\react.development.js:884:10)
          at D:\Repositories\meepleai-monorepo\apps\web\node_modules\.pnpm\@testing-library+react@16.3_15d474de7481bb0af842c1b1705139a8\node_modules\@testing-library\react\dist\act-compat.js:47:25
          at renderRoot (D:\Repositories\meepleai-monorepo\apps\web\node_modules\.pnpm\@testing-library+react@16.3_15d474de7481bb0af842c1b1705139a8\node_modules\@testing-library\react\dist\pure.js:190:26)
          at rerender (D:\Repositories\meepleai-monorepo\apps\web\node_modules\.pnpm\@testing-library+react@16.3_15d474de7481bb0af842c1b1705139a8\node_modules\@testing-library\react\dist\pure.js:211:7)
          at Object.rerender (D:\Repositories\meepleai-monorepo\apps\web\src\components\diff\__tests__\PrismHighlighter.test.tsx:180:7)
          at Promise.finally.completed (D:\Repositories\meepleai-monorepo\apps\web\node_modules\.pnpm\jest-circus@30.2.0\node_modules\jest-circus\build\jestAdapterInit.js:1557:28)
          at new Promise (<anonymous>)
          at callAsyncCircusFn (D:\Repositories\meepleai-monorepo\apps\web\node_modules\.pnpm\jest-circus@30.2.0\node_modules\jest-circus\build\jestAdapterInit.js:1497:10)
          at _callCircusTest (D:\Repositories\meepleai-monorepo\apps\web\node_modules\.pnpm\jest-circus@30.2.0\node_modules\jest-circus\build\jestAdapterInit.js:1007:40)
          at processTicksAndRejections (node:internal/process/task_queues:105:5)
          at _runTest (D:\Repositories\meepleai-monorepo\apps\web\node_modules\.pnpm\jest-circus@30.2.0\node_modules\jest-circus\build\jestAdapterInit.js:947:3)
          at D:\Repositories\meepleai-monorepo\apps\web\node_modules\.pnpm\jest-circus@30.2.0\node_modules\jest-circus\build\jestAdapterInit.js:849:7
          at _runTestsForDescribeBlock (D:\Repositories\meepleai-monorepo\apps\web\node_modules\.pnpm\jest-circus@30.2.0\node_modules\jest-circus\build\jestAdapterInit.js:862:11)
          at _runTestsForDescribeBlock (D:\Repositories\meepleai-monorepo\apps\web\node_modules\.pnpm\jest-circus@30.2.0\node_modules\jest-circus\build\jestAdapterInit.js:857:11)
          at _runTestsForDescribeBlock (D:\Repositories\meepleai-monorepo\apps\web\node_modules\.pnpm\jest-circus@30.2.0\node_modules\jest-circus\build\jestAdapterInit.js:857:11)
          at run (D:\Repositories\meepleai-monorepo\apps\web\node_modules\.pnpm\jest-circus@30.2.0\node_modules\jest-circus\build\jestAdapterInit.js:761:3)
          at runAndTransformResultsToJestFormat (D:\Repositories\meepleai-monorepo\apps\web\node_modules\.pnpm\jest-circus@30.2.0\node_modules\jest-circus\build\jestAdapterInit.js:1918:21)
          at jestAdapter (D:\Repositories\meepleai-monorepo\apps\web\node_modules\.pnpm\jest-circus@30.2.0\node_modules\jest-circus\build\runner.js:101:19)
          at runTestInternal (D:\Repositories\meepleai-monorepo\apps\web\node_modules\.pnpm\jest-runner@30.2.0\node_modules\jest-runner\build\testWorker.js:275:16)
          at runTest (D:\Repositories\meepleai-monorepo\apps\web\node_modules\.pnpm\jest-runner@30.2.0\node_modules\jest-runner\build\testWorker.js:343:7)
          at Object.worker (D:\Repositories\meepleai-monorepo\apps\web\node_modules\.pnpm\jest-runner@30.2.0\node_modules\jest-runner\build\testWorker.js:497:12)

    [0m [90m 373 |[39m       [36mreturn[39m[33m;[39m
     [90m 374 |[39m     }
    [31m[1m>[22m[39m[90m 375 |[39m     originalError[33m.[39mcall(console[33m,[39m [33m...[39margs)[33m;[39m
     [90m     |[39m                   [31m[1m^[22m[39m
     [90m 376 |[39m   }[33m;[39m
     [90m 377 |[39m })[33m;[39m
     [90m 378 |[39m[0m

      at console.call [as error] (jest.setup.js:375:19)
      at error (src/components/diff/PrismHighlighter.tsx:26:15)
      at updateMemo (node_modules/.pnpm/react-dom@19.2.0_react@19.2.0/node_modules/react-dom/cjs/react-dom-client.development.js:8795:19)
      at Object.useMemo (node_modules/.pnpm/react-dom@19.2.0_react@19.2.0/node_modules/react-dom/cjs/react-dom-client.development.js:26484:18)
      at process.env.NODE_ENV.exports.useMemo (node_modules/.pnpm/react@19.2.0/node_modules/react/cjs/react.development.js:1251:34)
      at PrismHighlighter (src/components/diff/PrismHighlighter.tsx:22:34)
      at Object.react_stack_bottom_frame (node_modules/.pnpm/react-dom@19.2.0_react@19.2.0/node_modules/react-dom/cjs/react-dom-client.development.js:25904:20)
      at renderWithHooks (node_modules/.pnpm/react-dom@19.2.0_react@19.2.0/node_modules/react-dom/cjs/react-dom-client.development.js:7662:22)
      at updateFunctionComponent (node_modules/.pnpm/react-dom@19.2.0_react@19.2.0/node_modules/react-dom/cjs/react-dom-client.development.js:10166:19)
      at beginWork (node_modules/.pnpm/react-dom@19.2.0_react@19.2.0/node_modules/react-dom/cjs/react-dom-client.development.js:11778:18)
      at runWithFiberInDEV (node_modules/.pnpm/react-dom@19.2.0_react@19.2.0/node_modules/react-dom/cjs/react-dom-client.development.js:874:13)
      at performUnitOfWork (node_modules/.pnpm/react-dom@19.2.0_react@19.2.0/node_modules/react-dom/cjs/react-dom-client.development.js:17641:22)
      at workLoopSync (node_modules/.pnpm/react-dom@19.2.0_react@19.2.0/node_modules/react-dom/cjs/react-dom-client.development.js:17469:41)
      at renderRootSync (node_modules/.pnpm/react-dom@19.2.0_react@19.2.0/node_modules/react-dom/cjs/react-dom-client.development.js:17450:11)
      at performWorkOnRoot (node_modules/.pnpm/react-dom@19.2.0_react@19.2.0/node_modules/react-dom/cjs/react-dom-client.development.js:16504:11)
      at performWorkOnRootViaSchedulerTask (node_modules/.pnpm/react-dom@19.2.0_react@19.2.0/node_modules/react-dom/cjs/react-dom-client.development.js:18957:7)
      at flushActQueue (node_modules/.pnpm/react@19.2.0/node_modules/react/cjs/react.development.js:590:34)
      at process.env.NODE_ENV.exports.act (node_modules/.pnpm/react@19.2.0/node_modules/react/cjs/react.development.js:884:10)
      at node_modules/.pnpm/@testing-library+react@16.3_15d474de7481bb0af842c1b1705139a8/node_modules/@testing-library/react/dist/act-compat.js:47:25
      at renderRoot (node_modules/.pnpm/@testing-library+react@16.3_15d474de7481bb0af842c1b1705139a8/node_modules/@testing-library/react/dist/pure.js:190:26)
      at rerender (node_modules/.pnpm/@testing-library+react@16.3_15d474de7481bb0af842c1b1705139a8/node_modules/@testing-library/react/dist/pure.js:211:7)
      at Object.rerender (src/components/diff/__tests__/PrismHighlighter.test.tsx:180:7)

    console.error
      Prism highlighting error: Error: Highlighting error
          at Object.<anonymous> (D:\Repositories\meepleai-monorepo\apps\web\src\components\diff\__tests__\PrismHighlighter.test.tsx:123:15)
          at D:\Repositories\meepleai-monorepo\apps\web\node_modules\.pnpm\jest-mock@30.2.0\node_modules\jest-mock\build\index.js:305:39
          at Object.<anonymous> (D:\Repositories\meepleai-monorepo\apps\web\node_modules\.pnpm\jest-mock@30.2.0\node_modules\jest-mock\build\index.js:312:13)
          at Object.mockConstructor [as highlight] (D:\Repositories\meepleai-monorepo\apps\web\node_modules\.pnpm\jest-mock@30.2.0\node_modules\jest-mock\build\index.js:57:19)
          at highlight (D:\Repositories\meepleai-monorepo\apps\web\src\components\diff\PrismHighlighter.tsx:24:20)
          at mountMemo (D:\Repositories\meepleai-monorepo\apps\web\node_modules\.pnpm\react-dom@19.2.0_react@19.2.0\node_modules\react-dom\cjs\react-dom-client.development.js:8777:23)
          at Object.useMemo (D:\Repositories\meepleai-monorepo\apps\web\node_modules\.pnpm\react-dom@19.2.0_react@19.2.0\node_modules\react-dom\cjs\react-dom-client.development.js:26216:18)
          at process.env.NODE_ENV.exports.useMemo (D:\Repositories\meepleai-monorepo\apps\web\node_modules\.pnpm\react@19.2.0\node_modules\react\cjs\react.development.js:1251:34)
          at PrismHighlighter (D:\Repositories\meepleai-monorepo\apps\web\src\components\diff\PrismHighlighter.tsx:22:34)
          at Object.react_stack_bottom_frame (D:\Repositories\meepleai-monorepo\apps\web\node_modules\.pnpm\react-dom@19.2.0_react@19.2.0\node_modules\react-dom\cjs\react-dom-client.development.js:25904:20)
          at renderWithHooks (D:\Repositories\meepleai-monorepo\apps\web\node_modules\.pnpm\react-dom@19.2.0_react@19.2.0\node_modules\react-dom\cjs\react-dom-client.development.js:7662:22)
          at updateFunctionComponent (D:\Repositories\meepleai-monorepo\apps\web\node_modules\.pnpm\react-dom@19.2.0_react@19.2.0\node_modules\react-dom\cjs\react-dom-client.development.js:10166:19)
          at beginWork (D:\Repositories\meepleai-monorepo\apps\web\node_modules\.pnpm\react-dom@19.2.0_react@19.2.0\node_modules\react-dom\cjs\react-dom-client.development.js:11778:18)
          at runWithFiberInDEV (D:\Repositories\meepleai-monorepo\apps\web\node_modules\.pnpm\react-dom@19.2.0_react@19.2.0\node_modules\react-dom\cjs\react-dom-client.development.js:874:13)
          at performUnitOfWork (D:\Repositories\meepleai-monorepo\apps\web\node_modules\.pnpm\react-dom@19.2.0_react@19.2.0\node_modules\react-dom\cjs\react-dom-client.development.js:17641:22)
          at workLoopSync (D:\Repositories\meepleai-monorepo\apps\web\node_modules\.pnpm\react-dom@19.2.0_react@19.2.0\node_modules\react-dom\cjs\react-dom-client.development.js:17469:41)
          at renderRootSync (D:\Repositories\meepleai-monorepo\apps\web\node_modules\.pnpm\react-dom@19.2.0_react@19.2.0\node_modules\react-dom\cjs\react-dom-client.development.js:17450:11)
          at performWorkOnRoot (D:\Repositories\meepleai-monorepo\apps\web\node_modules\.pnpm\react-dom@19.2.0_react@19.2.0\node_modules\react-dom\cjs\react-dom-client.development.js:16504:11)
          at performWorkOnRootViaSchedulerTask (D:\Repositories\meepleai-monorepo\apps\web\node_modules\.pnpm\react-dom@19.2.0_react@19.2.0\node_modules\react-dom\cjs\react-dom-client.development.js:18957:7)
          at flushActQueue (D:\Repositories\meepleai-monorepo\apps\web\node_modules\.pnpm\react@19.2.0\node_modules\react\cjs\react.development.js:590:34)
          at process.env.NODE_ENV.exports.act (D:\Repositories\meepleai-monorepo\apps\web\node_modules\.pnpm\react@19.2.0\node_modules\react\cjs\react.development.js:884:10)
          at D:\Repositories\meepleai-monorepo\apps\web\node_modules\.pnpm\@testing-library+react@16.3_15d474de7481bb0af842c1b1705139a8\node_modules\@testing-library\react\dist\act-compat.js:47:25
          at renderRoot (D:\Repositories\meepleai-monorepo\apps\web\node_modules\.pnpm\@testing-library+react@16.3_15d474de7481bb0af842c1b1705139a8\node_modules\@testing-library\react\dist\pure.js:190:26)
          at render (D:\Repositories\meepleai-monorepo\apps\web\node_modules\.pnpm\@testing-library+react@16.3_15d474de7481bb0af842c1b1705139a8\node_modules\@testing-library\react\dist\pure.js:292:10)
          at Object.<anonymous> (D:\Repositories\meepleai-monorepo\apps\web\src\components\diff\__tests__\PrismHighlighter.test.tsx:188:34)
          at Promise.finally.completed (D:\Repositories\meepleai-monorepo\apps\web\node_modules\.pnpm\jest-circus@30.2.0\node_modules\jest-circus\build\jestAdapterInit.js:1557:28)
          at new Promise (<anonymous>)
          at callAsyncCircusFn (D:\Repositories\meepleai-monorepo\apps\web\node_modules\.pnpm\jest-circus@30.2.0\node_modules\jest-circus\build\jestAdapterInit.js:1497:10)
          at _callCircusTest (D:\Repositories\meepleai-monorepo\apps\web\node_modules\.pnpm\jest-circus@30.2.0\node_modules\jest-circus\build\jestAdapterInit.js:1007:40)
          at processTicksAndRejections (node:internal/process/task_queues:105:5)
          at _runTest (D:\Repositories\meepleai-monorepo\apps\web\node_modules\.pnpm\jest-circus@30.2.0\node_modules\jest-circus\build\jestAdapterInit.js:947:3)
          at D:\Repositories\meepleai-monorepo\apps\web\node_modules\.pnpm\jest-circus@30.2.0\node_modules\jest-circus\build\jestAdapterInit.js:849:7
          at _runTestsForDescribeBlock (D:\Repositories\meepleai-monorepo\apps\web\node_modules\.pnpm\jest-circus@30.2.0\node_modules\jest-circus\build\jestAdapterInit.js:862:11)
          at _runTestsForDescribeBlock (D:\Repositories\meepleai-monorepo\apps\web\node_modules\.pnpm\jest-circus@30.2.0\node_modules\jest-circus\build\jestAdapterInit.js:857:11)
          at _runTestsForDescribeBlock (D:\Repositories\meepleai-monorepo\apps\web\node_modules\.pnpm\jest-circus@30.2.0\node_modules\jest-circus\build\jestAdapterInit.js:857:11)
          at run (D:\Repositories\meepleai-monorepo\apps\web\node_modules\.pnpm\jest-circus@30.2.0\node_modules\jest-circus\build\jestAdapterInit.js:761:3)
          at runAndTransformResultsToJestFormat (D:\Repositories\meepleai-monorepo\apps\web\node_modules\.pnpm\jest-circus@30.2.0\node_modules\jest-circus\build\jestAdapterInit.js:1918:21)
          at jestAdapter (D:\Repositories\meepleai-monorepo\apps\web\node_modules\.pnpm\jest-circus@30.2.0\node_modules\jest-circus\build\runner.js:101:19)
          at runTestInternal (D:\Repositories\meepleai-monorepo\apps\web\node_modules\.pnpm\jest-runner@30.2.0\node_modules\jest-runner\build\testWorker.js:275:16)
          at runTest (D:\Repositories\meepleai-monorepo\apps\web\node_modules\.pnpm\jest-runner@30.2.0\node_modules\jest-runner\build\testWorker.js:343:7)
          at Object.worker (D:\Repositories\meepleai-monorepo\apps\web\node_modules\.pnpm\jest-runner@30.2.0\node_modules\jest-runner\build\testWorker.js:497:12)

    [0m [90m 373 |[39m       [36mreturn[39m[33m;[39m
     [90m 374 |[39m     }
    [31m[1m>[22m[39m[90m 375 |[39m     originalError[33m.[39mcall(console[33m,[39m [33m...[39margs)[33m;[39m
     [90m     |[39m                   [31m[1m^[22m[39m
     [90m 376 |[39m   }[33m;[39m
     [90m 377 |[39m })[33m;[39m
     [90m 378 |[39m[0m

      at console.call [as error] (jest.setup.js:375:19)
      at error (src/components/diff/PrismHighlighter.tsx:26:15)
      at mountMemo (node_modules/.pnpm/react-dom@19.2.0_react@19.2.0/node_modules/react-dom/cjs/react-dom-client.development.js:8777:23)
      at Object.useMemo (node_modules/.pnpm/react-dom@19.2.0_react@19.2.0/node_modules/react-dom/cjs/react-dom-client.development.js:26216:18)
      at process.env.NODE_ENV.exports.useMemo (node_modules/.pnpm/react@19.2.0/node_modules/react/cjs/react.development.js:1251:34)
      at PrismHighlighter (src/components/diff/PrismHighlighter.tsx:22:34)
      at Object.react_stack_bottom_frame (node_modules/.pnpm/react-dom@19.2.0_react@19.2.0/node_modules/react-dom/cjs/react-dom-client.development.js:25904:20)
      at renderWithHooks (node_modules/.pnpm/react-dom@19.2.0_react@19.2.0/node_modules/react-dom/cjs/react-dom-client.development.js:7662:22)
      at updateFunctionComponent (node_modules/.pnpm/react-dom@19.2.0_react@19.2.0/node_modules/react-dom/cjs/react-dom-client.development.js:10166:19)
      at beginWork (node_modules/.pnpm/react-dom@19.2.0_react@19.2.0/node_modules/react-dom/cjs/react-dom-client.development.js:11778:18)
      at runWithFiberInDEV (node_modules/.pnpm/react-dom@19.2.0_react@19.2.0/node_modules/react-dom/cjs/react-dom-client.development.js:874:13)
      at performUnitOfWork (node_modules/.pnpm/react-dom@19.2.0_react@19.2.0/node_modules/react-dom/cjs/react-dom-client.development.js:17641:22)
      at workLoopSync (node_modules/.pnpm/react-dom@19.2.0_react@19.2.0/node_modules/react-dom/cjs/react-dom-client.development.js:17469:41)
      at renderRootSync (node_modules/.pnpm/react-dom@19.2.0_react@19.2.0/node_modules/react-dom/cjs/react-dom-client.development.js:17450:11)
      at performWorkOnRoot (node_modules/.pnpm/react-dom@19.2.0_react@19.2.0/node_modules/react-dom/cjs/react-dom-client.development.js:16504:11)
      at performWorkOnRootViaSchedulerTask (node_modules/.pnpm/react-dom@19.2.0_react@19.2.0/node_modules/react-dom/cjs/react-dom-client.development.js:18957:7)
      at flushActQueue (node_modules/.pnpm/react@19.2.0/node_modules/react/cjs/react.development.js:590:34)
      at process.env.NODE_ENV.exports.act (node_modules/.pnpm/react@19.2.0/node_modules/react/cjs/react.development.js:884:10)
      at node_modules/.pnpm/@testing-library+react@16.3_15d474de7481bb0af842c1b1705139a8/node_modules/@testing-library/react/dist/act-compat.js:47:25
      at renderRoot (node_modules/.pnpm/@testing-library+react@16.3_15d474de7481bb0af842c1b1705139a8/node_modules/@testing-library/react/dist/pure.js:190:26)
      at render (node_modules/.pnpm/@testing-library+react@16.3_15d474de7481bb0af842c1b1705139a8/node_modules/@testing-library/react/dist/pure.js:292:10)
      at Object.<anonymous> (src/components/diff/__tests__/PrismHighlighter.test.tsx:188:34)

    console.error
      Prism highlighting error: Error: Highlighting error
          at Object.<anonymous> (D:\Repositories\meepleai-monorepo\apps\web\src\components\diff\__tests__\PrismHighlighter.test.tsx:123:15)
          at D:\Repositories\meepleai-monorepo\apps\web\node_modules\.pnpm\jest-mock@30.2.0\node_modules\jest-mock\build\index.js:305:39
          at Object.<anonymous> (D:\Repositories\meepleai-monorepo\apps\web\node_modules\.pnpm\jest-mock@30.2.0\node_modules\jest-mock\build\index.js:312:13)
          at Object.mockConstructor [as highlight] (D:\Repositories\meepleai-monorepo\apps\web\node_modules\.pnpm\jest-mock@30.2.0\node_modules\jest-mock\build\index.js:57:19)
          at highlight (D:\Repositories\meepleai-monorepo\apps\web\src\components\diff\PrismHighlighter.tsx:24:20)
          at mountMemo (D:\Repositories\meepleai-monorepo\apps\web\node_modules\.pnpm\react-dom@19.2.0_react@19.2.0\node_modules\react-dom\cjs\react-dom-client.development.js:8777:23)
          at Object.useMemo (D:\Repositories\meepleai-monorepo\apps\web\node_modules\.pnpm\react-dom@19.2.0_react@19.2.0\node_modules\react-dom\cjs\react-dom-client.development.js:26216:18)
          at process.env.NODE_ENV.exports.useMemo (D:\Repositories\meepleai-monorepo\apps\web\node_modules\.pnpm\react@19.2.0\node_modules\react\cjs\react.development.js:1251:34)
          at PrismHighlighter (D:\Repositories\meepleai-monorepo\apps\web\src\components\diff\PrismHighlighter.tsx:22:34)
          at Object.react_stack_bottom_frame (D:\Repositories\meepleai-monorepo\apps\web\node_modules\.pnpm\react-dom@19.2.0_react@19.2.0\node_modules\react-dom\cjs\react-dom-client.development.js:25904:20)
          at renderWithHooks (D:\Repositories\meepleai-monorepo\apps\web\node_modules\.pnpm\react-dom@19.2.0_react@19.2.0\node_modules\react-dom\cjs\react-dom-client.development.js:7662:22)
          at updateFunctionComponent (D:\Repositories\meepleai-monorepo\apps\web\node_modules\.pnpm\react-dom@19.2.0_react@19.2.0\node_modules\react-dom\cjs\react-dom-client.development.js:10166:19)
          at beginWork (D:\Repositories\meepleai-monorepo\apps\web\node_modules\.pnpm\react-dom@19.2.0_react@19.2.0\node_modules\react-dom\cjs\react-dom-client.development.js:11778:18)
          at runWithFiberInDEV (D:\Repositories\meepleai-monorepo\apps\web\node_modules\.pnpm\react-dom@19.2.0_react@19.2.0\node_modules\react-dom\cjs\react-dom-client.development.js:874:13)
          at performUnitOfWork (D:\Repositories\meepleai-monorepo\apps\web\node_modules\.pnpm\react-dom@19.2.0_react@19.2.0\node_modules\react-dom\cjs\react-dom-client.development.js:17641:22)
          at workLoopSync (D:\Repositories\meepleai-monorepo\apps\web\node_modules\.pnpm\react-dom@19.2.0_react@19.2.0\node_modules\react-dom\cjs\react-dom-client.development.js:17469:41)
          at renderRootSync (D:\Repositories\meepleai-monorepo\apps\web\node_modules\.pnpm\react-dom@19.2.0_react@19.2.0\node_modules\react-dom\cjs\react-dom-client.development.js:17450:11)
          at performWorkOnRoot (D:\Repositories\meepleai-monorepo\apps\web\node_modules\.pnpm\react-dom@19.2.0_react@19.2.0\node_modules\react-dom\cjs\react-dom-client.development.js:16504:11)
          at performWorkOnRootViaSchedulerTask (D:\Repositories\meepleai-monorepo\apps\web\node_modules\.pnpm\react-dom@19.2.0_react@19.2.0\node_modules\react-dom\cjs\react-dom-client.development.js:18957:7)
          at flushActQueue (D:\Repositories\meepleai-monorepo\apps\web\node_modules\.pnpm\react@19.2.0\node_modules\react\cjs\react.development.js:590:34)
          at process.env.NODE_ENV.exports.act (D:\Repositories\meepleai-monorepo\apps\web\node_modules\.pnpm\react@19.2.0\node_modules\react\cjs\react.development.js:884:10)
          at D:\Repositories\meepleai-monorepo\apps\web\node_modules\.pnpm\@testing-library+react@16.3_15d474de7481bb0af842c1b1705139a8\node_modules\@testing-library\react\dist\act-compat.js:47:25
          at renderRoot (D:\Repositories\meepleai-monorepo\apps\web\node_modules\.pnpm\@testing-library+react@16.3_15d474de7481bb0af842c1b1705139a8\node_modules\@testing-library\react\dist\pure.js:190:26)
          at render (D:\Repositories\meepleai-monorepo\apps\web\node_modules\.pnpm\@testing-library+react@16.3_15d474de7481bb0af842c1b1705139a8\node_modules\@testing-library\react\dist\pure.js:292:10)
          at Object.<anonymous> (D:\Repositories\meepleai-monorepo\apps\web\src\components\diff\__tests__\PrismHighlighter.test.tsx:203:35)
          at Promise.finally.completed (D:\Repositories\meepleai-monorepo\apps\web\node_modules\.pnpm\jest-circus@30.2.0\node_modules\jest-circus\build\jestAdapterInit.js:1557:28)
          at new Promise (<anonymous>)
          at callAsyncCircusFn (D:\Repositories\meepleai-monorepo\apps\web\node_modules\.pnpm\jest-circus@30.2.0\node_modules\jest-circus\build\jestAdapterInit.js:1497:10)
          at _callCircusTest (D:\Repositories\meepleai-monorepo\apps\web\node_modules\.pnpm\jest-circus@30.2.0\node_modules\jest-circus\build\jestAdapterInit.js:1007:40)
          at processTicksAndRejections (node:internal/process/task_queues:105:5)
          at _runTest (D:\Repositories\meepleai-monorepo\apps\web\node_modules\.pnpm\jest-circus@30.2.0\node_modules\jest-circus\build\jestAdapterInit.js:947:3)
          at D:\Repositories\meepleai-monorepo\apps\web\node_modules\.pnpm\jest-circus@30.2.0\node_modules\jest-circus\build\jestAdapterInit.js:849:7
          at _runTestsForDescribeBlock (D:\Repositories\meepleai-monorepo\apps\web\node_modules\.pnpm\jest-circus@30.2.0\node_modules\jest-circus\build\jestAdapterInit.js:862:11)
          at _runTestsForDescribeBlock (D:\Repositories\meepleai-monorepo\apps\web\node_modules\.pnpm\jest-circus@30.2.0\node_modules\jest-circus\build\jestAdapterInit.js:857:11)
          at _runTestsForDescribeBlock (D:\Repositories\meepleai-monorepo\apps\web\node_modules\.pnpm\jest-circus@30.2.0\node_modules\jest-circus\build\jestAdapterInit.js:857:11)
          at run (D:\Repositories\meepleai-monorepo\apps\web\node_modules\.pnpm\jest-circus@30.2.0\node_modules\jest-circus\build\jestAdapterInit.js:761:3)
          at runAndTransformResultsToJestFormat (D:\Repositories\meepleai-monorepo\apps\web\node_modules\.pnpm\jest-circus@30.2.0\node_modules\jest-circus\build\jestAdapterInit.js:1918:21)
          at jestAdapter (D:\Repositories\meepleai-monorepo\apps\web\node_modules\.pnpm\jest-circus@30.2.0\node_modules\jest-circus\build\runner.js:101:19)
          at runTestInternal (D:\Repositories\meepleai-monorepo\apps\web\node_modules\.pnpm\jest-runner@30.2.0\node_modules\jest-runner\build\testWorker.js:275:16)
          at runTest (D:\Repositories\meepleai-monorepo\apps\web\node_modules\.pnpm\jest-runner@30.2.0\node_modules\jest-runner\build\testWorker.js:343:7)
          at Object.worker (D:\Repositories\meepleai-monorepo\apps\web\node_modules\.pnpm\jest-runner@30.2.0\node_modules\jest-runner\build\testWorker.js:497:12)

    [0m [90m 373 |[39m       [36mreturn[39m[33m;[39m
     [90m 374 |[39m     }
    [31m[1m>[22m[39m[90m 375 |[39m     originalError[33m.[39mcall(console[33m,[39m [33m...[39margs)[33m;[39m
     [90m     |[39m                   [31m[1m^[22m[39m
     [90m 376 |[39m   }[33m;[39m
     [90m 377 |[39m })[33m;[39m
     [90m 378 |[39m[0m

      at console.call [as error] (jest.setup.js:375:19)
      at error (src/components/diff/PrismHighlighter.tsx:26:15)
      at mountMemo (node_modules/.pnpm/react-dom@19.2.0_react@19.2.0/node_modules/react-dom/cjs/react-dom-client.development.js:8777:23)
      at Object.useMemo (node_modules/.pnpm/react-dom@19.2.0_react@19.2.0/node_modules/react-dom/cjs/react-dom-client.development.js:26216:18)
      at process.env.NODE_ENV.exports.useMemo (node_modules/.pnpm/react@19.2.0/node_modules/react/cjs/react.development.js:1251:34)
      at PrismHighlighter (src/components/diff/PrismHighlighter.tsx:22:34)
      at Object.react_stack_bottom_frame (node_modules/.pnpm/react-dom@19.2.0_react@19.2.0/node_modules/react-dom/cjs/react-dom-client.development.js:25904:20)
      at renderWithHooks (node_modules/.pnpm/react-dom@19.2.0_react@19.2.0/node_modules/react-dom/cjs/react-dom-client.development.js:7662:22)
      at updateFunctionComponent (node_modules/.pnpm/react-dom@19.2.0_react@19.2.0/node_modules/react-dom/cjs/react-dom-client.development.js:10166:19)
      at beginWork (node_modules/.pnpm/react-dom@19.2.0_react@19.2.0/node_modules/react-dom/cjs/react-dom-client.development.js:11778:18)
      at runWithFiberInDEV (node_modules/.pnpm/react-dom@19.2.0_react@19.2.0/node_modules/react-dom/cjs/react-dom-client.development.js:874:13)
      at performUnitOfWork (node_modules/.pnpm/react-dom@19.2.0_react@19.2.0/node_modules/react-dom/cjs/react-dom-client.development.js:17641:22)
      at workLoopSync (node_modules/.pnpm/react-dom@19.2.0_react@19.2.0/node_modules/react-dom/cjs/react-dom-client.development.js:17469:41)
      at renderRootSync (node_modules/.pnpm/react-dom@19.2.0_react@19.2.0/node_modules/react-dom/cjs/react-dom-client.development.js:17450:11)
      at performWorkOnRoot (node_modules/.pnpm/react-dom@19.2.0_react@19.2.0/node_modules/react-dom/cjs/react-dom-client.development.js:16504:11)
      at performWorkOnRootViaSchedulerTask (node_modules/.pnpm/react-dom@19.2.0_react@19.2.0/node_modules/react-dom/cjs/react-dom-client.development.js:18957:7)
      at flushActQueue (node_modules/.pnpm/react@19.2.0/node_modules/react/cjs/react.development.js:590:34)
      at process.env.NODE_ENV.exports.act (node_modules/.pnpm/react@19.2.0/node_modules/react/cjs/react.development.js:884:10)
      at node_modules/.pnpm/@testing-library+react@16.3_15d474de7481bb0af842c1b1705139a8/node_modules/@testing-library/react/dist/act-compat.js:47:25
      at renderRoot (node_modules/.pnpm/@testing-library+react@16.3_15d474de7481bb0af842c1b1705139a8/node_modules/@testing-library/react/dist/pure.js:190:26)
      at render (node_modules/.pnpm/@testing-library+react@16.3_15d474de7481bb0af842c1b1705139a8/node_modules/@testing-library/react/dist/pure.js:292:10)
      at Object.<anonymous> (src/components/diff/__tests__/PrismHighlighter.test.tsx:203:35)

    console.error
      Prism highlighting error: Error: Highlighting error
          at Object.<anonymous> (D:\Repositories\meepleai-monorepo\apps\web\src\components\diff\__tests__\PrismHighlighter.test.tsx:123:15)
          at D:\Repositories\meepleai-monorepo\apps\web\node_modules\.pnpm\jest-mock@30.2.0\node_modules\jest-mock\build\index.js:305:39
          at Object.<anonymous> (D:\Repositories\meepleai-monorepo\apps\web\node_modules\.pnpm\jest-mock@30.2.0\node_modules\jest-mock\build\index.js:312:13)
          at Object.mockConstructor [as highlight] (D:\Repositories\meepleai-monorepo\apps\web\node_modules\.pnpm\jest-mock@30.2.0\node_modules\jest-mock\build\index.js:57:19)
          at highlight (D:\Repositories\meepleai-monorepo\apps\web\src\components\diff\PrismHighlighter.tsx:24:20)
          at mountMemo (D:\Repositories\meepleai-monorepo\apps\web\node_modules\.pnpm\react-dom@19.2.0_react@19.2.0\node_modules\react-dom\cjs\react-dom-client.development.js:8777:23)
          at Object.useMemo (D:\Repositories\meepleai-monorepo\apps\web\node_modules\.pnpm\react-dom@19.2.0_react@19.2.0\node_modules\react-dom\cjs\react-dom-client.development.js:26216:18)
          at process.env.NODE_ENV.exports.useMemo (D:\Repositories\meepleai-monorepo\apps\web\node_modules\.pnpm\react@19.2.0\node_modules\react\cjs\react.development.js:1251:34)
          at PrismHighlighter (D:\Repositories\meepleai-monorepo\apps\web\src\components\diff\PrismHighlighter.tsx:22:34)
          at Object.react_stack_bottom_frame (D:\Repositories\meepleai-monorepo\apps\web\node_modules\.pnpm\react-dom@19.2.0_react@19.2.0\node_modules\react-dom\cjs\react-dom-client.development.js:25904:20)
          at renderWithHooks (D:\Repositories\meepleai-monorepo\apps\web\node_modules\.pnpm\react-dom@19.2.0_react@19.2.0\node_modules\react-dom\cjs\react-dom-client.development.js:7662:22)
          at updateFunctionComponent (D:\Repositories\meepleai-monorepo\apps\web\node_modules\.pnpm\react-dom@19.2.0_react@19.2.0\node_modules\react-dom\cjs\react-dom-client.development.js:10166:19)
          at beginWork (D:\Repositories\meepleai-monorepo\apps\web\node_modules\.pnpm\react-dom@19.2.0_react@19.2.0\node_modules\react-dom\cjs\react-dom-client.development.js:11778:18)
          at runWithFiberInDEV (D:\Repositories\meepleai-monorepo\apps\web\node_modules\.pnpm\react-dom@19.2.0_react@19.2.0\node_modules\react-dom\cjs\react-dom-client.development.js:874:13)
          at performUnitOfWork (D:\Repositories\meepleai-monorepo\apps\web\node_modules\.pnpm\react-dom@19.2.0_react@19.2.0\node_modules\react-dom\cjs\react-dom-client.development.js:17641:22)
          at workLoopSync (D:\Repositories\meepleai-monorepo\apps\web\node_modules\.pnpm\react-dom@19.2.0_react@19.2.0\node_modules\react-dom\cjs\react-dom-client.development.js:17469:41)
          at renderRootSync (D:\Repositories\meepleai-monorepo\apps\web\node_modules\.pnpm\react-dom@19.2.0_react@19.2.0\node_modules\react-dom\cjs\react-dom-client.development.js:17450:11)
          at performWorkOnRoot (D:\Repositories\meepleai-monorepo\apps\web\node_modules\.pnpm\react-dom@19.2.0_react@19.2.0\node_modules\react-dom\cjs\react-dom-client.development.js:16504:11)
          at performWorkOnRootViaSchedulerTask (D:\Repositories\meepleai-monorepo\apps\web\node_modules\.pnpm\react-dom@19.2.0_react@19.2.0\node_modules\react-dom\cjs\react-dom-client.development.js:18957:7)
          at flushActQueue (D:\Repositories\meepleai-monorepo\apps\web\node_modules\.pnpm\react@19.2.0\node_modules\react\cjs\react.development.js:590:34)
          at process.env.NODE_ENV.exports.act (D:\Repositories\meepleai-monorepo\apps\web\node_modules\.pnpm\react@19.2.0\node_modules\react\cjs\react.development.js:884:10)
          at D:\Repositories\meepleai-monorepo\apps\web\node_modules\.pnpm\@testing-library+react@16.3_15d474de7481bb0af842c1b1705139a8\node_modules\@testing-library\react\dist\act-compat.js:47:25
          at renderRoot (D:\Repositories\meepleai-monorepo\apps\web\node_modules\.pnpm\@testing-library+react@16.3_15d474de7481bb0af842c1b1705139a8\node_modules\@testing-library\react\dist\pure.js:190:26)
          at render (D:\Repositories\meepleai-monorepo\apps\web\node_modules\.pnpm\@testing-library+react@16.3_15d474de7481bb0af842c1b1705139a8\node_modules\@testing-library\react\dist\pure.js:292:10)
          at Object.<anonymous> (D:\Repositories\meepleai-monorepo\apps\web\src\components\diff\__tests__\PrismHighlighter.test.tsx:215:35)
          at Promise.finally.completed (D:\Repositories\meepleai-monorepo\apps\web\node_modules\.pnpm\jest-circus@30.2.0\node_modules\jest-circus\build\jestAdapterInit.js:1557:28)
          at new Promise (<anonymous>)
          at callAsyncCircusFn (D:\Repositories\meepleai-monorepo\apps\web\node_modules\.pnpm\jest-circus@30.2.0\node_modules\jest-circus\build\jestAdapterInit.js:1497:10)
          at _callCircusTest (D:\Repositories\meepleai-monorepo\apps\web\node_modules\.pnpm\jest-circus@30.2.0\node_modules\jest-circus\build\jestAdapterInit.js:1007:40)
          at processTicksAndRejections (node:internal/process/task_queues:105:5)
          at _runTest (D:\Repositories\meepleai-monorepo\apps\web\node_modules\.pnpm\jest-circus@30.2.0\node_modules\jest-circus\build\jestAdapterInit.js:947:3)
          at D:\Repositories\meepleai-monorepo\apps\web\node_modules\.pnpm\jest-circus@30.2.0\node_modules\jest-circus\build\jestAdapterInit.js:849:7
          at _runTestsForDescribeBlock (D:\Repositories\meepleai-monorepo\apps\web\node_modules\.pnpm\jest-circus@30.2.0\node_modules\jest-circus\build\jestAdapterInit.js:862:11)
          at _runTestsForDescribeBlock (D:\Repositories\meepleai-monorepo\apps\web\node_modules\.pnpm\jest-circus@30.2.0\node_modules\jest-circus\build\jestAdapterInit.js:857:11)
          at _runTestsForDescribeBlock (D:\Repositories\meepleai-monorepo\apps\web\node_modules\.pnpm\jest-circus@30.2.0\node_modules\jest-circus\build\jestAdapterInit.js:857:11)
          at run (D:\Repositories\meepleai-monorepo\apps\web\node_modules\.pnpm\jest-circus@30.2.0\node_modules\jest-circus\build\jestAdapterInit.js:761:3)
          at runAndTransformResultsToJestFormat (D:\Repositories\meepleai-monorepo\apps\web\node_modules\.pnpm\jest-circus@30.2.0\node_modules\jest-circus\build\jestAdapterInit.js:1918:21)
          at jestAdapter (D:\Repositories\meepleai-monorepo\apps\web\node_modules\.pnpm\jest-circus@30.2.0\node_modules\jest-circus\build\runner.js:101:19)
          at runTestInternal (D:\Repositories\meepleai-monorepo\apps\web\node_modules\.pnpm\jest-runner@30.2.0\node_modules\jest-runner\build\testWorker.js:275:16)
          at runTest (D:\Repositories\meepleai-monorepo\apps\web\node_modules\.pnpm\jest-runner@30.2.0\node_modules\jest-runner\build\testWorker.js:343:7)
          at Object.worker (D:\Repositories\meepleai-monorepo\apps\web\node_modules\.pnpm\jest-runner@30.2.0\node_modules\jest-runner\build\testWorker.js:497:12)

    [0m [90m 373 |[39m       [36mreturn[39m[33m;[39m
     [90m 374 |[39m     }
    [31m[1m>[22m[39m[90m 375 |[39m     originalError[33m.[39mcall(console[33m,[39m [33m...[39margs)[33m;[39m
     [90m     |[39m                   [31m[1m^[22m[39m
     [90m 376 |[39m   }[33m;[39m
     [90m 377 |[39m })[33m;[39m
     [90m 378 |[39m[0m

      at console.call [as error] (jest.setup.js:375:19)
      at error (src/components/diff/PrismHighlighter.tsx:26:15)
      at mountMemo (node_modules/.pnpm/react-dom@19.2.0_react@19.2.0/node_modules/react-dom/cjs/react-dom-client.development.js:8777:23)
      at Object.useMemo (node_modules/.pnpm/react-dom@19.2.0_react@19.2.0/node_modules/react-dom/cjs/react-dom-client.development.js:26216:18)
      at process.env.NODE_ENV.exports.useMemo (node_modules/.pnpm/react@19.2.0/node_modules/react/cjs/react.development.js:1251:34)
      at PrismHighlighter (src/components/diff/PrismHighlighter.tsx:22:34)
      at Object.react_stack_bottom_frame (node_modules/.pnpm/react-dom@19.2.0_react@19.2.0/node_modules/react-dom/cjs/react-dom-client.development.js:25904:20)
      at renderWithHooks (node_modules/.pnpm/react-dom@19.2.0_react@19.2.0/node_modules/react-dom/cjs/react-dom-client.development.js:7662:22)
      at updateFunctionComponent (node_modules/.pnpm/react-dom@19.2.0_react@19.2.0/node_modules/react-dom/cjs/react-dom-client.development.js:10166:19)
      at beginWork (node_modules/.pnpm/react-dom@19.2.0_react@19.2.0/node_modules/react-dom/cjs/react-dom-client.development.js:11778:18)
      at runWithFiberInDEV (node_modules/.pnpm/react-dom@19.2.0_react@19.2.0/node_modules/react-dom/cjs/react-dom-client.development.js:874:13)
      at performUnitOfWork (node_modules/.pnpm/react-dom@19.2.0_react@19.2.0/node_modules/react-dom/cjs/react-dom-client.development.js:17641:22)
      at workLoopSync (node_modules/.pnpm/react-dom@19.2.0_react@19.2.0/node_modules/react-dom/cjs/react-dom-client.development.js:17469:41)
      at renderRootSync (node_modules/.pnpm/react-dom@19.2.0_react@19.2.0/node_modules/react-dom/cjs/react-dom-client.development.js:17450:11)
      at performWorkOnRoot (node_modules/.pnpm/react-dom@19.2.0_react@19.2.0/node_modules/react-dom/cjs/react-dom-client.development.js:16504:11)
      at performWorkOnRootViaSchedulerTask (node_modules/.pnpm/react-dom@19.2.0_react@19.2.0/node_modules/react-dom/cjs/react-dom-client.development.js:18957:7)
      at flushActQueue (node_modules/.pnpm/react@19.2.0/node_modules/react/cjs/react.development.js:590:34)
      at process.env.NODE_ENV.exports.act (node_modules/.pnpm/react@19.2.0/node_modules/react/cjs/react.development.js:884:10)
      at node_modules/.pnpm/@testing-library+react@16.3_15d474de7481bb0af842c1b1705139a8/node_modules/@testing-library/react/dist/act-compat.js:47:25
      at renderRoot (node_modules/.pnpm/@testing-library+react@16.3_15d474de7481bb0af842c1b1705139a8/node_modules/@testing-library/react/dist/pure.js:190:26)
      at render (node_modules/.pnpm/@testing-library+react@16.3_15d474de7481bb0af842c1b1705139a8/node_modules/@testing-library/react/dist/pure.js:292:10)
      at Object.<anonymous> (src/components/diff/__tests__/PrismHighlighter.test.tsx:215:35)

    console.error
      Prism highlighting error: Error: Highlighting error
          at Object.<anonymous> (D:\Repositories\meepleai-monorepo\apps\web\src\components\diff\__tests__\PrismHighlighter.test.tsx:123:15)
          at D:\Repositories\meepleai-monorepo\apps\web\node_modules\.pnpm\jest-mock@30.2.0\node_modules\jest-mock\build\index.js:305:39
          at Object.<anonymous> (D:\Repositories\meepleai-monorepo\apps\web\node_modules\.pnpm\jest-mock@30.2.0\node_modules\jest-mock\build\index.js:312:13)
          at Object.mockConstructor [as highlight] (D:\Repositories\meepleai-monorepo\apps\web\node_modules\.pnpm\jest-mock@30.2.0\node_modules\jest-mock\build\index.js:57:19)
          at highlight (D:\Repositories\meepleai-monorepo\apps\web\src\components\diff\PrismHighlighter.tsx:24:20)
          at mountMemo (D:\Repositories\meepleai-monorepo\apps\web\node_modules\.pnpm\react-dom@19.2.0_react@19.2.0\node_modules\react-dom\cjs\react-dom-client.development.js:8777:23)
          at Object.useMemo (D:\Repositories\meepleai-monorepo\apps\web\node_modules\.pnpm\react-dom@19.2.0_react@19.2.0\node_modules\react-dom\cjs\react-dom-client.development.js:26216:18)
          at process.env.NODE_ENV.exports.useMemo (D:\Repositories\meepleai-monorepo\apps\web\node_modules\.pnpm\react@19.2.0\node_modules\react\cjs\react.development.js:1251:34)
          at PrismHighlighter (D:\Repositories\meepleai-monorepo\apps\web\src\components\diff\PrismHighlighter.tsx:22:34)
          at Object.react_stack_bottom_frame (D:\Repositories\meepleai-monorepo\apps\web\node_modules\.pnpm\react-dom@19.2.0_react@19.2.0\node_modules\react-dom\cjs\react-dom-client.development.js:25904:20)
          at renderWithHooks (D:\Repositories\meepleai-monorepo\apps\web\node_modules\.pnpm\react-dom@19.2.0_react@19.2.0\node_modules\react-dom\cjs\react-dom-client.development.js:7662:22)
          at updateFunctionComponent (D:\Repositories\meepleai-monorepo\apps\web\node_modules\.pnpm\react-dom@19.2.0_react@19.2.0\node_modules\react-dom\cjs\react-dom-client.development.js:10166:19)
          at beginWork (D:\Repositories\meepleai-monorepo\apps\web\node_modules\.pnpm\react-dom@19.2.0_react@19.2.0\node_modules\react-dom\cjs\react-dom-client.development.js:11778:18)
          at runWithFiberInDEV (D:\Repositories\meepleai-monorepo\apps\web\node_modules\.pnpm\react-dom@19.2.0_react@19.2.0\node_modules\react-dom\cjs\react-dom-client.development.js:874:13)
          at performUnitOfWork (D:\Repositories\meepleai-monorepo\apps\web\node_modules\.pnpm\react-dom@19.2.0_react@19.2.0\node_modules\react-dom\cjs\react-dom-client.development.js:17641:22)
          at workLoopSync (D:\Repositories\meepleai-monorepo\apps\web\node_modules\.pnpm\react-dom@19.2.0_react@19.2.0\node_modules\react-dom\cjs\react-dom-client.development.js:17469:41)
          at renderRootSync (D:\Repositories\meepleai-monorepo\apps\web\node_modules\.pnpm\react-dom@19.2.0_react@19.2.0\node_modules\react-dom\cjs\react-dom-client.development.js:17450:11)
          at performWorkOnRoot (D:\Repositories\meepleai-monorepo\apps\web\node_modules\.pnpm\react-dom@19.2.0_react@19.2.0\node_modules\react-dom\cjs\react-dom-client.development.js:16504:11)
          at performWorkOnRootViaSchedulerTask (D:\Repositories\meepleai-monorepo\apps\web\node_modules\.pnpm\react-dom@19.2.0_react@19.2.0\node_modules\react-dom\cjs\react-dom-client.development.js:18957:7)
          at flushActQueue (D:\Repositories\meepleai-monorepo\apps\web\node_modules\.pnpm\react@19.2.0\node_modules\react\cjs\react.development.js:590:34)
          at process.env.NODE_ENV.exports.act (D:\Repositories\meepleai-monorepo\apps\web\node_modules\.pnpm\react@19.2.0\node_modules\react\cjs\react.development.js:884:10)
          at D:\Repositories\meepleai-monorepo\apps\web\node_modules\.pnpm\@testing-library+react@16.3_15d474de7481bb0af842c1b1705139a8\node_modules\@testing-library\react\dist\act-compat.js:47:25
          at renderRoot (D:\Repositories\meepleai-monorepo\apps\web\node_modules\.pnpm\@testing-library+react@16.3_15d474de7481bb0af842c1b1705139a8\node_modules\@testing-library\react\dist\pure.js:190:26)
          at render (D:\Repositories\meepleai-monorepo\apps\web\node_modules\.pnpm\@testing-library+react@16.3_15d474de7481bb0af842c1b1705139a8\node_modules\@testing-library\react\dist\pure.js:292:10)
          at Object.<anonymous> (D:\Repositories\meepleai-monorepo\apps\web\src\components\diff\__tests__\PrismHighlighter.test.tsx:225:35)
          at Promise.finally.completed (D:\Repositories\meepleai-monorepo\apps\web\node_modules\.pnpm\jest-circus@30.2.0\node_modules\jest-circus\build\jestAdapterInit.js:1557:28)
          at new Promise (<anonymous>)
          at callAsyncCircusFn (D:\Repositories\meepleai-monorepo\apps\web\node_modules\.pnpm\jest-circus@30.2.0\node_modules\jest-circus\build\jestAdapterInit.js:1497:10)
          at _callCircusTest (D:\Repositories\meepleai-monorepo\apps\web\node_modules\.pnpm\jest-circus@30.2.0\node_modules\jest-circus\build\jestAdapterInit.js:1007:40)
          at processTicksAndRejections (node:internal/process/task_queues:105:5)
          at _runTest (D:\Repositories\meepleai-monorepo\apps\web\node_modules\.pnpm\jest-circus@30.2.0\node_modules\jest-circus\build\jestAdapterInit.js:947:3)
          at D:\Repositories\meepleai-monorepo\apps\web\node_modules\.pnpm\jest-circus@30.2.0\node_modules\jest-circus\build\jestAdapterInit.js:849:7
          at _runTestsForDescribeBlock (D:\Repositories\meepleai-monorepo\apps\web\node_modules\.pnpm\jest-circus@30.2.0\node_modules\jest-circus\build\jestAdapterInit.js:862:11)
          at _runTestsForDescribeBlock (D:\Repositories\meepleai-monorepo\apps\web\node_modules\.pnpm\jest-circus@30.2.0\node_modules\jest-circus\build\jestAdapterInit.js:857:11)
          at _runTestsForDescribeBlock (D:\Repositories\meepleai-monorepo\apps\web\node_modules\.pnpm\jest-circus@30.2.0\node_modules\jest-circus\build\jestAdapterInit.js:857:11)
          at run (D:\Repositories\meepleai-monorepo\apps\web\node_modules\.pnpm\jest-circus@30.2.0\node_modules\jest-circus\build\jestAdapterInit.js:761:3)
          at runAndTransformResultsToJestFormat (D:\Repositories\meepleai-monorepo\apps\web\node_modules\.pnpm\jest-circus@30.2.0\node_modules\jest-circus\build\jestAdapterInit.js:1918:21)
          at jestAdapter (D:\Repositories\meepleai-monorepo\apps\web\node_modules\.pnpm\jest-circus@30.2.0\node_modules\jest-circus\build\runner.js:101:19)
          at runTestInternal (D:\Repositories\meepleai-monorepo\apps\web\node_modules\.pnpm\jest-runner@30.2.0\node_modules\jest-runner\build\testWorker.js:275:16)
          at runTest (D:\Repositories\meepleai-monorepo\apps\web\node_modules\.pnpm\jest-runner@30.2.0\node_modules\jest-runner\build\testWorker.js:343:7)
          at Object.worker (D:\Repositories\meepleai-monorepo\apps\web\node_modules\.pnpm\jest-runner@30.2.0\node_modules\jest-runner\build\testWorker.js:497:12)

    [0m [90m 373 |[39m       [36mreturn[39m[33m;[39m
     [90m 374 |[39m     }
    [31m[1m>[22m[39m[90m 375 |[39m     originalError[33m.[39mcall(console[33m,[39m [33m...[39margs)[33m;[39m
     [90m     |[39m                   [31m[1m^[22m[39m
     [90m 376 |[39m   }[33m;[39m
     [90m 377 |[39m })[33m;[39m
     [90m 378 |[39m[0m

      at console.call [as error] (jest.setup.js:375:19)
      at error (src/components/diff/PrismHighlighter.tsx:26:15)
      at mountMemo (node_modules/.pnpm/react-dom@19.2.0_react@19.2.0/node_modules/react-dom/cjs/react-dom-client.development.js:8777:23)
      at Object.useMemo (node_modules/.pnpm/react-dom@19.2.0_react@19.2.0/node_modules/react-dom/cjs/react-dom-client.development.js:26216:18)
      at process.env.NODE_ENV.exports.useMemo (node_modules/.pnpm/react@19.2.0/node_modules/react/cjs/react.development.js:1251:34)
      at PrismHighlighter (src/components/diff/PrismHighlighter.tsx:22:34)
      at Object.react_stack_bottom_frame (node_modules/.pnpm/react-dom@19.2.0_react@19.2.0/node_modules/react-dom/cjs/react-dom-client.development.js:25904:20)
      at renderWithHooks (node_modules/.pnpm/react-dom@19.2.0_react@19.2.0/node_modules/react-dom/cjs/react-dom-client.development.js:7662:22)
      at updateFunctionComponent (node_modules/.pnpm/react-dom@19.2.0_react@19.2.0/node_modules/react-dom/cjs/react-dom-client.development.js:10166:19)
      at beginWork (node_modules/.pnpm/react-dom@19.2.0_react@19.2.0/node_modules/react-dom/cjs/react-dom-client.development.js:11778:18)
      at runWithFiberInDEV (node_modules/.pnpm/react-dom@19.2.0_react@19.2.0/node_modules/react-dom/cjs/react-dom-client.development.js:874:13)
      at performUnitOfWork (node_modules/.pnpm/react-dom@19.2.0_react@19.2.0/node_modules/react-dom/cjs/react-dom-client.development.js:17641:22)
      at workLoopSync (node_modules/.pnpm/react-dom@19.2.0_react@19.2.0/node_modules/react-dom/cjs/react-dom-client.development.js:17469:41)
      at renderRootSync (node_modules/.pnpm/react-dom@19.2.0_react@19.2.0/node_modules/react-dom/cjs/react-dom-client.development.js:17450:11)
      at performWorkOnRoot (node_modules/.pnpm/react-dom@19.2.0_react@19.2.0/node_modules/react-dom/cjs/react-dom-client.development.js:16504:11)
      at performWorkOnRootViaSchedulerTask (node_modules/.pnpm/react-dom@19.2.0_react@19.2.0/node_modules/react-dom/cjs/react-dom-client.development.js:18957:7)
      at flushActQueue (node_modules/.pnpm/react@19.2.0/node_modules/react/cjs/react.development.js:590:34)
      at process.env.NODE_ENV.exports.act (node_modules/.pnpm/react@19.2.0/node_modules/react/cjs/react.development.js:884:10)
      at node_modules/.pnpm/@testing-library+react@16.3_15d474de7481bb0af842c1b1705139a8/node_modules/@testing-library/react/dist/act-compat.js:47:25
      at renderRoot (node_modules/.pnpm/@testing-library+react@16.3_15d474de7481bb0af842c1b1705139a8/node_modules/@testing-library/react/dist/pure.js:190:26)
      at render (node_modules/.pnpm/@testing-library+react@16.3_15d474de7481bb0af842c1b1705139a8/node_modules/@testing-library/react/dist/pure.js:292:10)
      at Object.<anonymous> (src/components/diff/__tests__/PrismHighlighter.test.tsx:225:35)

    console.error
      Prism highlighting error: Error: Highlighting error
          at Object.<anonymous> (D:\Repositories\meepleai-monorepo\apps\web\src\components\diff\__tests__\PrismHighlighter.test.tsx:123:15)
          at D:\Repositories\meepleai-monorepo\apps\web\node_modules\.pnpm\jest-mock@30.2.0\node_modules\jest-mock\build\index.js:305:39
          at Object.<anonymous> (D:\Repositories\meepleai-monorepo\apps\web\node_modules\.pnpm\jest-mock@30.2.0\node_modules\jest-mock\build\index.js:312:13)
          at Object.mockConstructor [as highlight] (D:\Repositories\meepleai-monorepo\apps\web\node_modules\.pnpm\jest-mock@30.2.0\node_modules\jest-mock\build\index.js:57:19)
          at highlight (D:\Repositories\meepleai-monorepo\apps\web\src\components\diff\PrismHighlighter.tsx:24:20)
          at mountMemo (D:\Repositories\meepleai-monorepo\apps\web\node_modules\.pnpm\react-dom@19.2.0_react@19.2.0\node_modules\react-dom\cjs\react-dom-client.development.js:8777:23)
          at Object.useMemo (D:\Repositories\meepleai-monorepo\apps\web\node_modules\.pnpm\react-dom@19.2.0_react@19.2.0\node_modules\react-dom\cjs\react-dom-client.development.js:26216:18)
          at process.env.NODE_ENV.exports.useMemo (D:\Repositories\meepleai-monorepo\apps\web\node_modules\.pnpm\react@19.2.0\node_modules\react\cjs\react.development.js:1251:34)
          at PrismHighlighter (D:\Repositories\meepleai-monorepo\apps\web\src\components\diff\PrismHighlighter.tsx:22:34)
          at Object.react_stack_bottom_frame (D:\Repositories\meepleai-monorepo\apps\web\node_modules\.pnpm\react-dom@19.2.0_react@19.2.0\node_modules\react-dom\cjs\react-dom-client.development.js:25904:20)
          at renderWithHooks (D:\Repositories\meepleai-monorepo\apps\web\node_modules\.pnpm\react-dom@19.2.0_react@19.2.0\node_modules\react-dom\cjs\react-dom-client.development.js:7662:22)
          at updateFunctionComponent (D:\Repositories\meepleai-monorepo\apps\web\node_modules\.pnpm\react-dom@19.2.0_react@19.2.0\node_modules\react-dom\cjs\react-dom-client.development.js:10166:19)
          at beginWork (D:\Repositories\meepleai-monorepo\apps\web\node_modules\.pnpm\react-dom@19.2.0_react@19.2.0\node_modules\react-dom\cjs\react-dom-client.development.js:11778:18)
          at runWithFiberInDEV (D:\Repositories\meepleai-monorepo\apps\web\node_modules\.pnpm\react-dom@19.2.0_react@19.2.0\node_modules\react-dom\cjs\react-dom-client.development.js:874:13)
          at performUnitOfWork (D:\Repositories\meepleai-monorepo\apps\web\node_modules\.pnpm\react-dom@19.2.0_react@19.2.0\node_modules\react-dom\cjs\react-dom-client.development.js:17641:22)
          at workLoopSync (D:\Repositories\meepleai-monorepo\apps\web\node_modules\.pnpm\react-dom@19.2.0_react@19.2.0\node_modules\react-dom\cjs\react-dom-client.development.js:17469:41)
          at renderRootSync (D:\Repositories\meepleai-monorepo\apps\web\node_modules\.pnpm\react-dom@19.2.0_react@19.2.0\node_modules\react-dom\cjs\react-dom-client.development.js:17450:11)
          at performWorkOnRoot (D:\Repositories\meepleai-monorepo\apps\web\node_modules\.pnpm\react-dom@19.2.0_react@19.2.0\node_modules\react-dom\cjs\react-dom-client.development.js:16504:11)
          at performWorkOnRootViaSchedulerTask (D:\Repositories\meepleai-monorepo\apps\web\node_modules\.pnpm\react-dom@19.2.0_react@19.2.0\node_modules\react-dom\cjs\react-dom-client.development.js:18957:7)
          at flushActQueue (D:\Repositories\meepleai-monorepo\apps\web\node_modules\.pnpm\react@19.2.0\node_modules\react\cjs\react.development.js:590:34)
          at process.env.NODE_ENV.exports.act (D:\Repositories\meepleai-monorepo\apps\web\node_modules\.pnpm\react@19.2.0\node_modules\react\cjs\react.development.js:884:10)
          at D:\Repositories\meepleai-monorepo\apps\web\node_modules\.pnpm\@testing-library+react@16.3_15d474de7481bb0af842c1b1705139a8\node_modules\@testing-library\react\dist\act-compat.js:47:25
          at renderRoot (D:\Repositories\meepleai-monorepo\apps\web\node_modules\.pnpm\@testing-library+react@16.3_15d474de7481bb0af842c1b1705139a8\node_modules\@testing-library\react\dist\pure.js:190:26)
          at render (D:\Repositories\meepleai-monorepo\apps\web\node_modules\.pnpm\@testing-library+react@16.3_15d474de7481bb0af842c1b1705139a8\node_modules\@testing-library\react\dist\pure.js:292:10)
          at Object.<anonymous> (D:\Repositories\meepleai-monorepo\apps\web\src\components\diff\__tests__\PrismHighlighter.test.tsx:235:35)
          at Promise.finally.completed (D:\Repositories\meepleai-monorepo\apps\web\node_modules\.pnpm\jest-circus@30.2.0\node_modules\jest-circus\build\jestAdapterInit.js:1557:28)
          at new Promise (<anonymous>)
          at callAsyncCircusFn (D:\Repositories\meepleai-monorepo\apps\web\node_modules\.pnpm\jest-circus@30.2.0\node_modules\jest-circus\build\jestAdapterInit.js:1497:10)
          at _callCircusTest (D:\Repositories\meepleai-monorepo\apps\web\node_modules\.pnpm\jest-circus@30.2.0\node_modules\jest-circus\build\jestAdapterInit.js:1007:40)
          at processTicksAndRejections (node:internal/process/task_queues:105:5)
          at _runTest (D:\Repositories\meepleai-monorepo\apps\web\node_modules\.pnpm\jest-circus@30.2.0\node_modules\jest-circus\build\jestAdapterInit.js:947:3)
          at D:\Repositories\meepleai-monorepo\apps\web\node_modules\.pnpm\jest-circus@30.2.0\node_modules\jest-circus\build\jestAdapterInit.js:849:7
          at _runTestsForDescribeBlock (D:\Repositories\meepleai-monorepo\apps\web\node_modules\.pnpm\jest-circus@30.2.0\node_modules\jest-circus\build\jestAdapterInit.js:862:11)
          at _runTestsForDescribeBlock (D:\Repositories\meepleai-monorepo\apps\web\node_modules\.pnpm\jest-circus@30.2.0\node_modules\jest-circus\build\jestAdapterInit.js:857:11)
          at _runTestsForDescribeBlock (D:\Repositories\meepleai-monorepo\apps\web\node_modules\.pnpm\jest-circus@30.2.0\node_modules\jest-circus\build\jestAdapterInit.js:857:11)
          at run (D:\Repositories\meepleai-monorepo\apps\web\node_modules\.pnpm\jest-circus@30.2.0\node_modules\jest-circus\build\jestAdapterInit.js:761:3)
          at runAndTransformResultsToJestFormat (D:\Repositories\meepleai-monorepo\apps\web\node_modules\.pnpm\jest-circus@30.2.0\node_modules\jest-circus\build\jestAdapterInit.js:1918:21)
          at jestAdapter (D:\Repositories\meepleai-monorepo\apps\web\node_modules\.pnpm\jest-circus@30.2.0\node_modules\jest-circus\build\runner.js:101:19)
          at runTestInternal (D:\Repositories\meepleai-monorepo\apps\web\node_modules\.pnpm\jest-runner@30.2.0\node_modules\jest-runner\build\testWorker.js:275:16)
          at runTest (D:\Repositories\meepleai-monorepo\apps\web\node_modules\.pnpm\jest-runner@30.2.0\node_modules\jest-runner\build\testWorker.js:343:7)
          at Object.worker (D:\Repositories\meepleai-monorepo\apps\web\node_modules\.pnpm\jest-runner@30.2.0\node_modules\jest-runner\build\testWorker.js:497:12)

    [0m [90m 373 |[39m       [36mreturn[39m[33m;[39m
     [90m 374 |[39m     }
    [31m[1m>[22m[39m[90m 375 |[39m     originalError[33m.[39mcall(console[33m,[39m [33m...[39margs)[33m;[39m
     [90m     |[39m                   [31m[1m^[22m[39m
     [90m 376 |[39m   }[33m;[39m
     [90m 377 |[39m })[33m;[39m
     [90m 378 |[39m[0m

      at console.call [as error] (jest.setup.js:375:19)
      at error (src/components/diff/PrismHighlighter.tsx:26:15)
      at mountMemo (node_modules/.pnpm/react-dom@19.2.0_react@19.2.0/node_modules/react-dom/cjs/react-dom-client.development.js:8777:23)
      at Object.useMemo (node_modules/.pnpm/react-dom@19.2.0_react@19.2.0/node_modules/react-dom/cjs/react-dom-client.development.js:26216:18)
      at process.env.NODE_ENV.exports.useMemo (node_modules/.pnpm/react@19.2.0/node_modules/react/cjs/react.development.js:1251:34)
      at PrismHighlighter (src/components/diff/PrismHighlighter.tsx:22:34)
      at Object.react_stack_bottom_frame (node_modules/.pnpm/react-dom@19.2.0_react@19.2.0/node_modules/react-dom/cjs/react-dom-client.development.js:25904:20)
      at renderWithHooks (node_modules/.pnpm/react-dom@19.2.0_react@19.2.0/node_modules/react-dom/cjs/react-dom-client.development.js:7662:22)
      at updateFunctionComponent (node_modules/.pnpm/react-dom@19.2.0_react@19.2.0/node_modules/react-dom/cjs/react-dom-client.development.js:10166:19)
      at beginWork (node_modules/.pnpm/react-dom@19.2.0_react@19.2.0/node_modules/react-dom/cjs/react-dom-client.development.js:11778:18)
      at runWithFiberInDEV (node_modules/.pnpm/react-dom@19.2.0_react@19.2.0/node_modules/react-dom/cjs/react-dom-client.development.js:874:13)
      at performUnitOfWork (node_modules/.pnpm/react-dom@19.2.0_react@19.2.0/node_modules/react-dom/cjs/react-dom-client.development.js:17641:22)
      at workLoopSync (node_modules/.pnpm/react-dom@19.2.0_react@19.2.0/node_modules/react-dom/cjs/react-dom-client.development.js:17469:41)
      at renderRootSync (node_modules/.pnpm/react-dom@19.2.0_react@19.2.0/node_modules/react-dom/cjs/react-dom-client.development.js:17450:11)
      at performWorkOnRoot (node_modules/.pnpm/react-dom@19.2.0_react@19.2.0/node_modules/react-dom/cjs/react-dom-client.development.js:16504:11)
      at performWorkOnRootViaSchedulerTask (node_modules/.pnpm/react-dom@19.2.0_react@19.2.0/node_modules/react-dom/cjs/react-dom-client.development.js:18957:7)
      at flushActQueue (node_modules/.pnpm/react@19.2.0/node_modules/react/cjs/react.development.js:590:34)
      at process.env.NODE_ENV.exports.act (node_modules/.pnpm/react@19.2.0/node_modules/react/cjs/react.development.js:884:10)
      at node_modules/.pnpm/@testing-library+react@16.3_15d474de7481bb0af842c1b1705139a8/node_modules/@testing-library/react/dist/act-compat.js:47:25
      at renderRoot (node_modules/.pnpm/@testing-library+react@16.3_15d474de7481bb0af842c1b1705139a8/node_modules/@testing-library/react/dist/pure.js:190:26)
      at render (node_modules/.pnpm/@testing-library+react@16.3_15d474de7481bb0af842c1b1705139a8/node_modules/@testing-library/react/dist/pure.js:292:10)
      at Object.<anonymous> (src/components/diff/__tests__/PrismHighlighter.test.tsx:235:35)

    console.error
      Prism highlighting error: Error: Highlighting error
          at Object.<anonymous> (D:\Repositories\meepleai-monorepo\apps\web\src\components\diff\__tests__\PrismHighlighter.test.tsx:123:15)
          at D:\Repositories\meepleai-monorepo\apps\web\node_modules\.pnpm\jest-mock@30.2.0\node_modules\jest-mock\build\index.js:305:39
          at Object.<anonymous> (D:\Repositories\meepleai-monorepo\apps\web\node_modules\.pnpm\jest-mock@30.2.0\node_modules\jest-mock\build\index.js:312:13)
          at Object.mockConstructor [as highlight] (D:\Repositories\meepleai-monorepo\apps\web\node_modules\.pnpm\jest-mock@30.2.0\node_modules\jest-mock\build\index.js:57:19)
          at highlight (D:\Repositories\meepleai-monorepo\apps\web\src\components\diff\PrismHighlighter.tsx:24:20)
          at mountMemo (D:\Repositories\meepleai-monorepo\apps\web\node_modules\.pnpm\react-dom@19.2.0_react@19.2.0\node_modules\react-dom\cjs\react-dom-client.development.js:8777:23)
          at Object.useMemo (D:\Repositories\meepleai-monorepo\apps\web\node_modules\.pnpm\react-dom@19.2.0_react@19.2.0\node_modules\react-dom\cjs\react-dom-client.development.js:26216:18)
          at process.env.NODE_ENV.exports.useMemo (D:\Repositories\meepleai-monorepo\apps\web\node_modules\.pnpm\react@19.2.0\node_modules\react\cjs\react.development.js:1251:34)
          at PrismHighlighter (D:\Repositories\meepleai-monorepo\apps\web\src\components\diff\PrismHighlighter.tsx:22:34)
          at Object.react_stack_bottom_frame (D:\Repositories\meepleai-monorepo\apps\web\node_modules\.pnpm\react-dom@19.2.0_react@19.2.0\node_modules\react-dom\cjs\react-dom-client.development.js:25904:20)
          at renderWithHooks (D:\Repositories\meepleai-monorepo\apps\web\node_modules\.pnpm\react-dom@19.2.0_react@19.2.0\node_modules\react-dom\cjs\react-dom-client.development.js:7662:22)
          at updateFunctionComponent (D:\Repositories\meepleai-monorepo\apps\web\node_modules\.pnpm\react-dom@19.2.0_react@19.2.0\node_modules\react-dom\cjs\react-dom-client.development.js:10166:19)
          at beginWork (D:\Repositories\meepleai-monorepo\apps\web\node_modules\.pnpm\react-dom@19.2.0_react@19.2.0\node_modules\react-dom\cjs\react-dom-client.development.js:11778:18)
          at runWithFiberInDEV (D:\Repositories\meepleai-monorepo\apps\web\node_modules\.pnpm\react-dom@19.2.0_react@19.2.0\node_modules\react-dom\cjs\react-dom-client.development.js:874:13)
          at performUnitOfWork (D:\Repositories\meepleai-monorepo\apps\web\node_modules\.pnpm\react-dom@19.2.0_react@19.2.0\node_modules\react-dom\cjs\react-dom-client.development.js:17641:22)
          at workLoopSync (D:\Repositories\meepleai-monorepo\apps\web\node_modules\.pnpm\react-dom@19.2.0_react@19.2.0\node_modules\react-dom\cjs\react-dom-client.development.js:17469:41)
          at renderRootSync (D:\Repositories\meepleai-monorepo\apps\web\node_modules\.pnpm\react-dom@19.2.0_react@19.2.0\node_modules\react-dom\cjs\react-dom-client.development.js:17450:11)
          at performWorkOnRoot (D:\Repositories\meepleai-monorepo\apps\web\node_modules\.pnpm\react-dom@19.2.0_react@19.2.0\node_modules\react-dom\cjs\react-dom-client.development.js:16504:11)
          at performWorkOnRootViaSchedulerTask (D:\Repositories\meepleai-monorepo\apps\web\node_modules\.pnpm\react-dom@19.2.0_react@19.2.0\node_modules\react-dom\cjs\react-dom-client.development.js:18957:7)
          at flushActQueue (D:\Repositories\meepleai-monorepo\apps\web\node_modules\.pnpm\react@19.2.0\node_modules\react\cjs\react.development.js:590:34)
          at process.env.NODE_ENV.exports.act (D:\Repositories\meepleai-monorepo\apps\web\node_modules\.pnpm\react@19.2.0\node_modules\react\cjs\react.development.js:884:10)
          at D:\Repositories\meepleai-monorepo\apps\web\node_modules\.pnpm\@testing-library+react@16.3_15d474de7481bb0af842c1b1705139a8\node_modules\@testing-library\react\dist\act-compat.js:47:25
          at renderRoot (D:\Repositories\meepleai-monorepo\apps\web\node_modules\.pnpm\@testing-library+react@16.3_15d474de7481bb0af842c1b1705139a8\node_modules\@testing-library\react\dist\pure.js:190:26)
          at render (D:\Repositories\meepleai-monorepo\apps\web\node_modules\.pnpm\@testing-library+react@16.3_15d474de7481bb0af842c1b1705139a8\node_modules\@testing-library\react\dist\pure.js:292:10)
          at Object.<anonymous> (D:\Repositories\meepleai-monorepo\apps\web\src\components\diff\__tests__\PrismHighlighter.test.tsx:245:35)
          at Promise.finally.completed (D:\Repositories\meepleai-monorepo\apps\web\node_modules\.pnpm\jest-circus@30.2.0\node_modules\jest-circus\build\jestAdapterInit.js:1557:28)
          at new Promise (<anonymous>)
          at callAsyncCircusFn (D:\Repositories\meepleai-monorepo\apps\web\node_modules\.pnpm\jest-circus@30.2.0\node_modules\jest-circus\build\jestAdapterInit.js:1497:10)
          at _callCircusTest (D:\Repositories\meepleai-monorepo\apps\web\node_modules\.pnpm\jest-circus@30.2.0\node_modules\jest-circus\build\jestAdapterInit.js:1007:40)
          at processTicksAndRejections (node:internal/process/task_queues:105:5)
          at _runTest (D:\Repositories\meepleai-monorepo\apps\web\node_modules\.pnpm\jest-circus@30.2.0\node_modules\jest-circus\build\jestAdapterInit.js:947:3)
          at D:\Repositories\meepleai-monorepo\apps\web\node_modules\.pnpm\jest-circus@30.2.0\node_modules\jest-circus\build\jestAdapterInit.js:849:7
          at _runTestsForDescribeBlock (D:\Repositories\meepleai-monorepo\apps\web\node_modules\.pnpm\jest-circus@30.2.0\node_modules\jest-circus\build\jestAdapterInit.js:862:11)
          at _runTestsForDescribeBlock (D:\Repositories\meepleai-monorepo\apps\web\node_modules\.pnpm\jest-circus@30.2.0\node_modules\jest-circus\build\jestAdapterInit.js:857:11)
          at _runTestsForDescribeBlock (D:\Repositories\meepleai-monorepo\apps\web\node_modules\.pnpm\jest-circus@30.2.0\node_modules\jest-circus\build\jestAdapterInit.js:857:11)
          at run (D:\Repositories\meepleai-monorepo\apps\web\node_modules\.pnpm\jest-circus@30.2.0\node_modules\jest-circus\build\jestAdapterInit.js:761:3)
          at runAndTransformResultsToJestFormat (D:\Repositories\meepleai-monorepo\apps\web\node_modules\.pnpm\jest-circus@30.2.0\node_modules\jest-circus\build\jestAdapterInit.js:1918:21)
          at jestAdapter (D:\Repositories\meepleai-monorepo\apps\web\node_modules\.pnpm\jest-circus@30.2.0\node_modules\jest-circus\build\runner.js:101:19)
          at runTestInternal (D:\Repositories\meepleai-monorepo\apps\web\node_modules\.pnpm\jest-runner@30.2.0\node_modules\jest-runner\build\testWorker.js:275:16)
          at runTest (D:\Repositories\meepleai-monorepo\apps\web\node_modules\.pnpm\jest-runner@30.2.0\node_modules\jest-runner\build\testWorker.js:343:7)
          at Object.worker (D:\Repositories\meepleai-monorepo\apps\web\node_modules\.pnpm\jest-runner@30.2.0\node_modules\jest-runner\build\testWorker.js:497:12)

    [0m [90m 373 |[39m       [36mreturn[39m[33m;[39m
     [90m 374 |[39m     }
    [31m[1m>[22m[39m[90m 375 |[39m     originalError[33m.[39mcall(console[33m,[39m [33m...[39margs)[33m;[39m
     [90m     |[39m                   [31m[1m^[22m[39m
     [90m 376 |[39m   }[33m;[39m
     [90m 377 |[39m })[33m;[39m
     [90m 378 |[39m[0m

      at console.call [as error] (jest.setup.js:375:19)
      at error (src/components/diff/PrismHighlighter.tsx:26:15)
      at mountMemo (node_modules/.pnpm/react-dom@19.2.0_react@19.2.0/node_modules/react-dom/cjs/react-dom-client.development.js:8777:23)
      at Object.useMemo (node_modules/.pnpm/react-dom@19.2.0_react@19.2.0/node_modules/react-dom/cjs/react-dom-client.development.js:26216:18)
      at process.env.NODE_ENV.exports.useMemo (node_modules/.pnpm/react@19.2.0/node_modules/react/cjs/react.development.js:1251:34)
      at PrismHighlighter (src/components/diff/PrismHighlighter.tsx:22:34)
      at Object.react_stack_bottom_frame (node_modules/.pnpm/react-dom@19.2.0_react@19.2.0/node_modules/react-dom/cjs/react-dom-client.development.js:25904:20)
      at renderWithHooks (node_modules/.pnpm/react-dom@19.2.0_react@19.2.0/node_modules/react-dom/cjs/react-dom-client.development.js:7662:22)
      at updateFunctionComponent (node_modules/.pnpm/react-dom@19.2.0_react@19.2.0/node_modules/react-dom/cjs/react-dom-client.development.js:10166:19)
      at beginWork (node_modules/.pnpm/react-dom@19.2.0_react@19.2.0/node_modules/react-dom/cjs/react-dom-client.development.js:11778:18)
      at runWithFiberInDEV (node_modules/.pnpm/react-dom@19.2.0_react@19.2.0/node_modules/react-dom/cjs/react-dom-client.development.js:874:13)
      at performUnitOfWork (node_modules/.pnpm/react-dom@19.2.0_react@19.2.0/node_modules/react-dom/cjs/react-dom-client.development.js:17641:22)
      at workLoopSync (node_modules/.pnpm/react-dom@19.2.0_react@19.2.0/node_modules/react-dom/cjs/react-dom-client.development.js:17469:41)
      at renderRootSync (node_modules/.pnpm/react-dom@19.2.0_react@19.2.0/node_modules/react-dom/cjs/react-dom-client.development.js:17450:11)
      at performWorkOnRoot (node_modules/.pnpm/react-dom@19.2.0_react@19.2.0/node_modules/react-dom/cjs/react-dom-client.development.js:16504:11)
      at performWorkOnRootViaSchedulerTask (node_modules/.pnpm/react-dom@19.2.0_react@19.2.0/node_modules/react-dom/cjs/react-dom-client.development.js:18957:7)
      at flushActQueue (node_modules/.pnpm/react@19.2.0/node_modules/react/cjs/react.development.js:590:34)
      at process.env.NODE_ENV.exports.act (node_modules/.pnpm/react@19.2.0/node_modules/react/cjs/react.development.js:884:10)
      at node_modules/.pnpm/@testing-library+react@16.3_15d474de7481bb0af842c1b1705139a8/node_modules/@testing-library/react/dist/act-compat.js:47:25
      at renderRoot (node_modules/.pnpm/@testing-library+react@16.3_15d474de7481bb0af842c1b1705139a8/node_modules/@testing-library/react/dist/pure.js:190:26)
      at render (node_modules/.pnpm/@testing-library+react@16.3_15d474de7481bb0af842c1b1705139a8/node_modules/@testing-library/react/dist/pure.js:292:10)
      at Object.<anonymous> (src/components/diff/__tests__/PrismHighlighter.test.tsx:245:35)

    console.error
      Prism highlighting error: Error: Highlighting error
          at Object.<anonymous> (D:\Repositories\meepleai-monorepo\apps\web\src\components\diff\__tests__\PrismHighlighter.test.tsx:123:15)
          at D:\Repositories\meepleai-monorepo\apps\web\node_modules\.pnpm\jest-mock@30.2.0\node_modules\jest-mock\build\index.js:305:39
          at Object.<anonymous> (D:\Repositories\meepleai-monorepo\apps\web\node_modules\.pnpm\jest-mock@30.2.0\node_modules\jest-mock\build\index.js:312:13)
          at Object.mockConstructor [as highlight] (D:\Repositories\meepleai-monorepo\apps\web\node_modules\.pnpm\jest-mock@30.2.0\node_modules\jest-mock\build\index.js:57:19)
          at highlight (D:\Repositories\meepleai-monorepo\apps\web\src\components\diff\PrismHighlighter.tsx:24:20)
          at mountMemo (D:\Repositories\meepleai-monorepo\apps\web\node_modules\.pnpm\react-dom@19.2.0_react@19.2.0\node_modules\react-dom\cjs\react-dom-client.development.js:8777:23)
          at Object.useMemo (D:\Repositories\meepleai-monorepo\apps\web\node_modules\.pnpm\react-dom@19.2.0_react@19.2.0\node_modules\react-dom\cjs\react-dom-client.development.js:26216:18)
          at process.env.NODE_ENV.exports.useMemo (D:\Repositories\meepleai-monorepo\apps\web\node_modules\.pnpm\react@19.2.0\node_modules\react\cjs\react.development.js:1251:34)
          at PrismHighlighter (D:\Repositories\meepleai-monorepo\apps\web\src\components\diff\PrismHighlighter.tsx:22:34)
          at Object.react_stack_bottom_frame (D:\Repositories\meepleai-monorepo\apps\web\node_modules\.pnpm\react-dom@19.2.0_react@19.2.0\node_modules\react-dom\cjs\react-dom-client.development.js:25904:20)
          at renderWithHooks (D:\Repositories\meepleai-monorepo\apps\web\node_modules\.pnpm\react-dom@19.2.0_react@19.2.0\node_modules\react-dom\cjs\react-dom-client.development.js:7662:22)
          at updateFunctionComponent (D:\Repositories\meepleai-monorepo\apps\web\node_modules\.pnpm\react-dom@19.2.0_react@19.2.0\node_modules\react-dom\cjs\react-dom-client.development.js:10166:19)
          at beginWork (D:\Repositories\meepleai-monorepo\apps\web\node_modules\.pnpm\react-dom@19.2.0_react@19.2.0\node_modules\react-dom\cjs\react-dom-client.development.js:11778:18)
          at runWithFiberInDEV (D:\Repositories\meepleai-monorepo\apps\web\node_modules\.pnpm\react-dom@19.2.0_react@19.2.0\node_modules\react-dom\cjs\react-dom-client.development.js:874:13)
          at performUnitOfWork (D:\Repositories\meepleai-monorepo\apps\web\node_modules\.pnpm\react-dom@19.2.0_react@19.2.0\node_modules\react-dom\cjs\react-dom-client.development.js:17641:22)
          at workLoopSync (D:\Repositories\meepleai-monorepo\apps\web\node_modules\.pnpm\react-dom@19.2.0_react@19.2.0\node_modules\react-dom\cjs\react-dom-client.development.js:17469:41)
          at renderRootSync (D:\Repositories\meepleai-monorepo\apps\web\node_modules\.pnpm\react-dom@19.2.0_react@19.2.0\node_modules\react-dom\cjs\react-dom-client.development.js:17450:11)
          at performWorkOnRoot (D:\Repositories\meepleai-monorepo\apps\web\node_modules\.pnpm\react-dom@19.2.0_react@19.2.0\node_modules\react-dom\cjs\react-dom-client.development.js:16504:11)
          at performWorkOnRootViaSchedulerTask (D:\Repositories\meepleai-monorepo\apps\web\node_modules\.pnpm\react-dom@19.2.0_react@19.2.0\node_modules\react-dom\cjs\react-dom-client.development.js:18957:7)
          at flushActQueue (D:\Repositories\meepleai-monorepo\apps\web\node_modules\.pnpm\react@19.2.0\node_modules\react\cjs\react.development.js:590:34)
          at process.env.NODE_ENV.exports.act (D:\Repositories\meepleai-monorepo\apps\web\node_modules\.pnpm\react@19.2.0\node_modules\react\cjs\react.development.js:884:10)
          at D:\Repositories\meepleai-monorepo\apps\web\node_modules\.pnpm\@testing-library+react@16.3_15d474de7481bb0af842c1b1705139a8\node_modules\@testing-library\react\dist\act-compat.js:47:25
          at renderRoot (D:\Repositories\meepleai-monorepo\apps\web\node_modules\.pnpm\@testing-library+react@16.3_15d474de7481bb0af842c1b1705139a8\node_modules\@testing-library\react\dist\pure.js:190:26)
          at render (D:\Repositories\meepleai-monorepo\apps\web\node_modules\.pnpm\@testing-library+react@16.3_15d474de7481bb0af842c1b1705139a8\node_modules\@testing-library\react\dist\pure.js:292:10)
          at Object.<anonymous> (D:\Repositories\meepleai-monorepo\apps\web\src\components\diff\__tests__\PrismHighlighter.test.tsx:262:35)
          at Promise.finally.completed (D:\Repositories\meepleai-monorepo\apps\web\node_modules\.pnpm\jest-circus@30.2.0\node_modules\jest-circus\build\jestAdapterInit.js:1557:28)
          at new Promise (<anonymous>)
          at callAsyncCircusFn (D:\Repositories\meepleai-monorepo\apps\web\node_modules\.pnpm\jest-circus@30.2.0\node_modules\jest-circus\build\jestAdapterInit.js:1497:10)
          at _callCircusTest (D:\Repositories\meepleai-monorepo\apps\web\node_modules\.pnpm\jest-circus@30.2.0\node_modules\jest-circus\build\jestAdapterInit.js:1007:40)
          at processTicksAndRejections (node:internal/process/task_queues:105:5)
          at _runTest (D:\Repositories\meepleai-monorepo\apps\web\node_modules\.pnpm\jest-circus@30.2.0\node_modules\jest-circus\build\jestAdapterInit.js:947:3)
          at D:\Repositories\meepleai-monorepo\apps\web\node_modules\.pnpm\jest-circus@30.2.0\node_modules\jest-circus\build\jestAdapterInit.js:849:7
          at _runTestsForDescribeBlock (D:\Repositories\meepleai-monorepo\apps\web\node_modules\.pnpm\jest-circus@30.2.0\node_modules\jest-circus\build\jestAdapterInit.js:862:11)
          at _runTestsForDescribeBlock (D:\Repositories\meepleai-monorepo\apps\web\node_modules\.pnpm\jest-circus@30.2.0\node_modules\jest-circus\build\jestAdapterInit.js:857:11)
          at _runTestsForDescribeBlock (D:\Repositories\meepleai-monorepo\apps\web\node_modules\.pnpm\jest-circus@30.2.0\node_modules\jest-circus\build\jestAdapterInit.js:857:11)
          at run (D:\Repositories\meepleai-monorepo\apps\web\node_modules\.pnpm\jest-circus@30.2.0\node_modules\jest-circus\build\jestAdapterInit.js:761:3)
          at runAndTransformResultsToJestFormat (D:\Repositories\meepleai-monorepo\apps\web\node_modules\.pnpm\jest-circus@30.2.0\node_modules\jest-circus\build\jestAdapterInit.js:1918:21)
          at jestAdapter (D:\Repositories\meepleai-monorepo\apps\web\node_modules\.pnpm\jest-circus@30.2.0\node_modules\jest-circus\build\runner.js:101:19)
          at runTestInternal (D:\Repositories\meepleai-monorepo\apps\web\node_modules\.pnpm\jest-runner@30.2.0\node_modules\jest-runner\build\testWorker.js:275:16)
          at runTest (D:\Repositories\meepleai-monorepo\apps\web\node_modules\.pnpm\jest-runner@30.2.0\node_modules\jest-runner\build\testWorker.js:343:7)
          at Object.worker (D:\Repositories\meepleai-monorepo\apps\web\node_modules\.pnpm\jest-runner@30.2.0\node_modules\jest-runner\build\testWorker.js:497:12)

    [0m [90m 373 |[39m       [36mreturn[39m[33m;[39m
     [90m 374 |[39m     }
    [31m[1m>[22m[39m[90m 375 |[39m     originalError[33m.[39mcall(console[33m,[39m [33m...[39margs)[33m;[39m
     [90m     |[39m                   [31m[1m^[22m[39m
     [90m 376 |[39m   }[33m;[39m
     [90m 377 |[39m })[33m;[39m
     [90m 378 |[39m[0m

      at console.call [as error] (jest.setup.js:375:19)
      at error (src/components/diff/PrismHighlighter.tsx:26:15)
      at mountMemo (node_modules/.pnpm/react-dom@19.2.0_react@19.2.0/node_modules/react-dom/cjs/react-dom-client.development.js:8777:23)
      at Object.useMemo (node_modules/.pnpm/react-dom@19.2.0_react@19.2.0/node_modules/react-dom/cjs/react-dom-client.development.js:26216:18)
      at process.env.NODE_ENV.exports.useMemo (node_modules/.pnpm/react@19.2.0/node_modules/react/cjs/react.development.js:1251:34)
      at PrismHighlighter (src/components/diff/PrismHighlighter.tsx:22:34)
      at Object.react_stack_bottom_frame (node_modules/.pnpm/react-dom@19.2.0_react@19.2.0/node_modules/react-dom/cjs/react-dom-client.development.js:25904:20)
      at renderWithHooks (node_modules/.pnpm/react-dom@19.2.0_react@19.2.0/node_modules/react-dom/cjs/react-dom-client.development.js:7662:22)
      at updateFunctionComponent (node_modules/.pnpm/react-dom@19.2.0_react@19.2.0/node_modules/react-dom/cjs/react-dom-client.development.js:10166:19)
      at beginWork (node_modules/.pnpm/react-dom@19.2.0_react@19.2.0/node_modules/react-dom/cjs/react-dom-client.development.js:11778:18)
      at runWithFiberInDEV (node_modules/.pnpm/react-dom@19.2.0_react@19.2.0/node_modules/react-dom/cjs/react-dom-client.development.js:874:13)
      at performUnitOfWork (node_modules/.pnpm/react-dom@19.2.0_react@19.2.0/node_modules/react-dom/cjs/react-dom-client.development.js:17641:22)
      at workLoopSync (node_modules/.pnpm/react-dom@19.2.0_react@19.2.0/node_modules/react-dom/cjs/react-dom-client.development.js:17469:41)
      at renderRootSync (node_modules/.pnpm/react-dom@19.2.0_react@19.2.0/node_modules/react-dom/cjs/react-dom-client.development.js:17450:11)
      at performWorkOnRoot (node_modules/.pnpm/react-dom@19.2.0_react@19.2.0/node_modules/react-dom/cjs/react-dom-client.development.js:16504:11)
      at performWorkOnRootViaSchedulerTask (node_modules/.pnpm/react-dom@19.2.0_react@19.2.0/node_modules/react-dom/cjs/react-dom-client.development.js:18957:7)
      at flushActQueue (node_modules/.pnpm/react@19.2.0/node_modules/react/cjs/react.development.js:590:34)
      at process.env.NODE_ENV.exports.act (node_modules/.pnpm/react@19.2.0/node_modules/react/cjs/react.development.js:884:10)
      at node_modules/.pnpm/@testing-library+react@16.3_15d474de7481bb0af842c1b1705139a8/node_modules/@testing-library/react/dist/act-compat.js:47:25
      at renderRoot (node_modules/.pnpm/@testing-library+react@16.3_15d474de7481bb0af842c1b1705139a8/node_modules/@testing-library/react/dist/pure.js:190:26)
      at render (node_modules/.pnpm/@testing-library+react@16.3_15d474de7481bb0af842c1b1705139a8/node_modules/@testing-library/react/dist/pure.js:292:10)
      at Object.<anonymous> (src/components/diff/__tests__/PrismHighlighter.test.tsx:262:35)

PASS src/__tests__/components/ui/UIProvider.test.tsx
  ● Console

    console.error
      An update to GameProvider inside a test was not wrapped in act(...).
      
      When testing, code that causes React state updates should be wrapped into act(...):
      
      act(() => {
        /* fire events that update state */
      });
      /* assert on the output */
      
      This ensures that you're testing the behavior the user would see in the browser. Learn more at https://react.dev/link/wrap-tests-with-act

    [0m [90m 373 |[39m       [36mreturn[39m[33m;[39m
     [90m 374 |[39m     }
    [31m[1m>[22m[39m[90m 375 |[39m     originalError[33m.[39mcall(console[33m,[39m [33m...[39margs)[33m;[39m
     [90m     |[39m                   [31m[1m^[22m[39m
     [90m 376 |[39m   }[33m;[39m
     [90m 377 |[39m })[33m;[39m
     [90m 378 |[39m[0m

      at console.call [as error] (jest.setup.js:375:19)
      at node_modules/.pnpm/react-dom@19.2.0_react@19.2.0/node_modules/react-dom/cjs/react-dom-client.development.js:18758:19
      at runWithFiberInDEV (node_modules/.pnpm/react-dom@19.2.0_react@19.2.0/node_modules/react-dom/cjs/react-dom-client.development.js:874:13)
      at warnIfUpdatesNotWrappedWithActDEV (node_modules/.pnpm/react-dom@19.2.0_react@19.2.0/node_modules/react-dom/cjs/react-dom-client.development.js:18757:9)
      at scheduleUpdateOnFiber (node_modules/.pnpm/react-dom@19.2.0_react@19.2.0/node_modules/react-dom/cjs/react-dom-client.development.js:16409:11)
      at dispatchSetStateInternal (node_modules/.pnpm/react-dom@19.2.0_react@19.2.0/node_modules/react-dom/cjs/react-dom-client.development.js:9170:13)
      at dispatchSetState (node_modules/.pnpm/react-dom@19.2.0_react@19.2.0/node_modules/react-dom/cjs/react-dom-client.development.js:9127:7)
      at setGames (src/components/game/GameProvider.tsx:84:7)

    console.error
      An update to GameProvider inside a test was not wrapped in act(...).
      
      When testing, code that causes React state updates should be wrapped into act(...):
      
      act(() => {
        /* fire events that update state */
      });
      /* assert on the output */
      
      This ensures that you're testing the behavior the user would see in the browser. Learn more at https://react.dev/link/wrap-tests-with-act

    [0m [90m 373 |[39m       [36mreturn[39m[33m;[39m
     [90m 374 |[39m     }
    [31m[1m>[22m[39m[90m 375 |[39m     originalError[33m.[39mcall(console[33m,[39m [33m...[39margs)[33m;[39m
     [90m     |[39m                   [31m[1m^[22m[39m
     [90m 376 |[39m   }[33m;[39m
     [90m 377 |[39m })[33m;[39m
     [90m 378 |[39m[0m

      at console.call [as error] (jest.setup.js:375:19)
      at node_modules/.pnpm/react-dom@19.2.0_react@19.2.0/node_modules/react-dom/cjs/react-dom-client.development.js:18758:19
      at runWithFiberInDEV (node_modules/.pnpm/react-dom@19.2.0_react@19.2.0/node_modules/react-dom/cjs/react-dom-client.development.js:874:13)
      at warnIfUpdatesNotWrappedWithActDEV (node_modules/.pnpm/react-dom@19.2.0_react@19.2.0/node_modules/react-dom/cjs/react-dom-client.development.js:18757:9)
      at scheduleUpdateOnFiber (node_modules/.pnpm/react-dom@19.2.0_react@19.2.0/node_modules/react-dom/cjs/react-dom-client.development.js:16409:11)
      at dispatchSetStateInternal (node_modules/.pnpm/react-dom@19.2.0_react@19.2.0/node_modules/react-dom/cjs/react-dom-client.development.js:9170:13)
      at dispatchSetState (node_modules/.pnpm/react-dom@19.2.0_react@19.2.0/node_modules/react-dom/cjs/react-dom-client.development.js:9127:7)
      at setSelectedGameId (src/components/game/GameProvider.tsx:88:7)

    console.error
      An update to GameProvider inside a test was not wrapped in act(...).
      
      When testing, code that causes React state updates should be wrapped into act(...):
      
      act(() => {
        /* fire events that update state */
      });
      /* assert on the output */
      
      This ensures that you're testing the behavior the user would see in the browser. Learn more at https://react.dev/link/wrap-tests-with-act

    [0m [90m 373 |[39m       [36mreturn[39m[33m;[39m
     [90m 374 |[39m     }
    [31m[1m>[22m[39m[90m 375 |[39m     originalError[33m.[39mcall(console[33m,[39m [33m...[39margs)[33m;[39m
     [90m     |[39m                   [31m[1m^[22m[39m
     [90m 376 |[39m   }[33m;[39m
     [90m 377 |[39m })[33m;[39m
     [90m 378 |[39m[0m

      at console.call [as error] (jest.setup.js:375:19)
      at node_modules/.pnpm/react-dom@19.2.0_react@19.2.0/node_modules/react-dom/cjs/react-dom-client.development.js:18758:19
      at runWithFiberInDEV (node_modules/.pnpm/react-dom@19.2.0_react@19.2.0/node_modules/react-dom/cjs/react-dom-client.development.js:874:13)
      at warnIfUpdatesNotWrappedWithActDEV (node_modules/.pnpm/react-dom@19.2.0_react@19.2.0/node_modules/react-dom/cjs/react-dom-client.development.js:18757:9)
      at scheduleUpdateOnFiber (node_modules/.pnpm/react-dom@19.2.0_react@19.2.0/node_modules/react-dom/cjs/react-dom-client.development.js:16409:11)
      at dispatchSetStateInternal (node_modules/.pnpm/react-dom@19.2.0_react@19.2.0/node_modules/react-dom/cjs/react-dom-client.development.js:9170:13)
      at dispatchSetState (node_modules/.pnpm/react-dom@19.2.0_react@19.2.0/node_modules/react-dom/cjs/react-dom-client.development.js:9127:7)
      at setLoading (src/components/game/GameProvider.tsx:99:7)

    console.error
      An update to GameProvider inside a test was not wrapped in act(...).
      
      When testing, code that causes React state updates should be wrapped into act(...):
      
      act(() => {
        /* fire events that update state */
      });
      /* assert on the output */
      
      This ensures that you're testing the behavior the user would see in the browser. Learn more at https://react.dev/link/wrap-tests-with-act

    [0m [90m 373 |[39m       [36mreturn[39m[33m;[39m
     [90m 374 |[39m     }
    [31m[1m>[22m[39m[90m 375 |[39m     originalError[33m.[39mcall(console[33m,[39m [33m...[39margs)[33m;[39m
     [90m     |[39m                   [31m[1m^[22m[39m
     [90m 376 |[39m   }[33m;[39m
     [90m 377 |[39m })[33m;[39m
     [90m 378 |[39m[0m

      at console.call [as error] (jest.setup.js:375:19)
      at node_modules/.pnpm/react-dom@19.2.0_react@19.2.0/node_modules/react-dom/cjs/react-dom-client.development.js:18758:19
      at runWithFiberInDEV (node_modules/.pnpm/react-dom@19.2.0_react@19.2.0/node_modules/react-dom/cjs/react-dom-client.development.js:874:13)
      at warnIfUpdatesNotWrappedWithActDEV (node_modules/.pnpm/react-dom@19.2.0_react@19.2.0/node_modules/react-dom/cjs/react-dom-client.development.js:18757:9)
      at scheduleUpdateOnFiber (node_modules/.pnpm/react-dom@19.2.0_react@19.2.0/node_modules/react-dom/cjs/react-dom-client.development.js:16409:11)
      at dispatchSetStateInternal (node_modules/.pnpm/react-dom@19.2.0_react@19.2.0/node_modules/react-dom/cjs/react-dom-client.development.js:9170:13)
      at dispatchSetState (node_modules/.pnpm/react-dom@19.2.0_react@19.2.0/node_modules/react-dom/cjs/react-dom-client.development.js:9127:7)
      at setGames (src/components/game/GameProvider.tsx:84:7)

    console.error
      An update to GameProvider inside a test was not wrapped in act(...).
      
      When testing, code that causes React state updates should be wrapped into act(...):
      
      act(() => {
        /* fire events that update state */
      });
      /* assert on the output */
      
      This ensures that you're testing the behavior the user would see in the browser. Learn more at https://react.dev/link/wrap-tests-with-act

    [0m [90m 373 |[39m       [36mreturn[39m[33m;[39m
     [90m 374 |[39m     }
    [31m[1m>[22m[39m[90m 375 |[39m     originalError[33m.[39mcall(console[33m,[39m [33m...[39margs)[33m;[39m
     [90m     |[39m                   [31m[1m^[22m[39m
     [90m 376 |[39m   }[33m;[39m
     [90m 377 |[39m })[33m;[39m
     [90m 378 |[39m[0m

      at console.call [as error] (jest.setup.js:375:19)
      at node_modules/.pnpm/react-dom@19.2.0_react@19.2.0/node_modules/react-dom/cjs/react-dom-client.development.js:18758:19
      at runWithFiberInDEV (node_modules/.pnpm/react-dom@19.2.0_react@19.2.0/node_modules/react-dom/cjs/react-dom-client.development.js:874:13)
      at warnIfUpdatesNotWrappedWithActDEV (node_modules/.pnpm/react-dom@19.2.0_react@19.2.0/node_modules/react-dom/cjs/react-dom-client.development.js:18757:9)
      at scheduleUpdateOnFiber (node_modules/.pnpm/react-dom@19.2.0_react@19.2.0/node_modules/react-dom/cjs/react-dom-client.development.js:16409:11)
      at dispatchSetStateInternal (node_modules/.pnpm/react-dom@19.2.0_react@19.2.0/node_modules/react-dom/cjs/react-dom-client.development.js:9170:13)
      at dispatchSetState (node_modules/.pnpm/react-dom@19.2.0_react@19.2.0/node_modules/react-dom/cjs/react-dom-client.development.js:9127:7)
      at setSelectedGameId (src/components/game/GameProvider.tsx:88:7)

    console.error
      An update to GameProvider inside a test was not wrapped in act(...).
      
      When testing, code that causes React state updates should be wrapped into act(...):
      
      act(() => {
        /* fire events that update state */
      });
      /* assert on the output */
      
      This ensures that you're testing the behavior the user would see in the browser. Learn more at https://react.dev/link/wrap-tests-with-act

    [0m [90m 373 |[39m       [36mreturn[39m[33m;[39m
     [90m 374 |[39m     }
    [31m[1m>[22m[39m[90m 375 |[39m     originalError[33m.[39mcall(console[33m,[39m [33m...[39margs)[33m;[39m
     [90m     |[39m                   [31m[1m^[22m[39m
     [90m 376 |[39m   }[33m;[39m
     [90m 377 |[39m })[33m;[39m
     [90m 378 |[39m[0m

      at console.call [as error] (jest.setup.js:375:19)
      at node_modules/.pnpm/react-dom@19.2.0_react@19.2.0/node_modules/react-dom/cjs/react-dom-client.development.js:18758:19
      at runWithFiberInDEV (node_modules/.pnpm/react-dom@19.2.0_react@19.2.0/node_modules/react-dom/cjs/react-dom-client.development.js:874:13)
      at warnIfUpdatesNotWrappedWithActDEV (node_modules/.pnpm/react-dom@19.2.0_react@19.2.0/node_modules/react-dom/cjs/react-dom-client.development.js:18757:9)
      at scheduleUpdateOnFiber (node_modules/.pnpm/react-dom@19.2.0_react@19.2.0/node_modules/react-dom/cjs/react-dom-client.development.js:16409:11)
      at dispatchSetStateInternal (node_modules/.pnpm/react-dom@19.2.0_react@19.2.0/node_modules/react-dom/cjs/react-dom-client.development.js:9170:13)
      at dispatchSetState (node_modules/.pnpm/react-dom@19.2.0_react@19.2.0/node_modules/react-dom/cjs/react-dom-client.development.js:9127:7)
      at setLoading (src/components/game/GameProvider.tsx:99:7)

    console.error
      An update to GameProvider inside a test was not wrapped in act(...).
      
      When testing, code that causes React state updates should be wrapped into act(...):
      
      act(() => {
        /* fire events that update state */
      });
      /* assert on the output */
      
      This ensures that you're testing the behavior the user would see in the browser. Learn more at https://react.dev/link/wrap-tests-with-act

    [0m [90m 373 |[39m       [36mreturn[39m[33m;[39m
     [90m 374 |[39m     }
    [31m[1m>[22m[39m[90m 375 |[39m     originalError[33m.[39mcall(console[33m,[39m [33m...[39margs)[33m;[39m
     [90m     |[39m                   [31m[1m^[22m[39m
     [90m 376 |[39m   }[33m;[39m
     [90m 377 |[39m })[33m;[39m
     [90m 378 |[39m[0m

      at console.call [as error] (jest.setup.js:375:19)
      at node_modules/.pnpm/react-dom@19.2.0_react@19.2.0/node_modules/react-dom/cjs/react-dom-client.development.js:18758:19
      at runWithFiberInDEV (node_modules/.pnpm/react-dom@19.2.0_react@19.2.0/node_modules/react-dom/cjs/react-dom-client.development.js:874:13)
      at warnIfUpdatesNotWrappedWithActDEV (node_modules/.pnpm/react-dom@19.2.0_react@19.2.0/node_modules/react-dom/cjs/react-dom-client.development.js:18757:9)
      at scheduleUpdateOnFiber (node_modules/.pnpm/react-dom@19.2.0_react@19.2.0/node_modules/react-dom/cjs/react-dom-client.development.js:16409:11)
      at dispatchSetStateInternal (node_modules/.pnpm/react-dom@19.2.0_react@19.2.0/node_modules/react-dom/cjs/react-dom-client.development.js:9170:13)
      at dispatchSetState (node_modules/.pnpm/react-dom@19.2.0_react@19.2.0/node_modules/react-dom/cjs/react-dom-client.development.js:9127:7)
      at setGames (src/components/game/GameProvider.tsx:84:7)

    console.error
      An update to GameProvider inside a test was not wrapped in act(...).
      
      When testing, code that causes React state updates should be wrapped into act(...):
      
      act(() => {
        /* fire events that update state */
      });
      /* assert on the output */
      
      This ensures that you're testing the behavior the user would see in the browser. Learn more at https://react.dev/link/wrap-tests-with-act

    [0m [90m 373 |[39m       [36mreturn[39m[33m;[39m
     [90m 374 |[39m     }
    [31m[1m>[22m[39m[90m 375 |[39m     originalError[33m.[39mcall(console[33m,[39m [33m...[39margs)[33m;[39m
     [90m     |[39m                   [31m[1m^[22m[39m
     [90m 376 |[39m   }[33m;[39m
     [90m 377 |[39m })[33m;[39m
     [90m 378 |[39m[0m

      at console.call [as error] (jest.setup.js:375:19)
      at node_modules/.pnpm/react-dom@19.2.0_react@19.2.0/node_modules/react-dom/cjs/react-dom-client.development.js:18758:19
      at runWithFiberInDEV (node_modules/.pnpm/react-dom@19.2.0_react@19.2.0/node_modules/react-dom/cjs/react-dom-client.development.js:874:13)
      at warnIfUpdatesNotWrappedWithActDEV (node_modules/.pnpm/react-dom@19.2.0_react@19.2.0/node_modules/react-dom/cjs/react-dom-client.development.js:18757:9)
      at scheduleUpdateOnFiber (node_modules/.pnpm/react-dom@19.2.0_react@19.2.0/node_modules/react-dom/cjs/react-dom-client.development.js:16409:11)
      at dispatchSetStateInternal (node_modules/.pnpm/react-dom@19.2.0_react@19.2.0/node_modules/react-dom/cjs/react-dom-client.development.js:9170:13)
      at dispatchSetState (node_modules/.pnpm/react-dom@19.2.0_react@19.2.0/node_modules/react-dom/cjs/react-dom-client.development.js:9127:7)
      at setSelectedGameId (src/components/game/GameProvider.tsx:88:7)

    console.error
      An update to GameProvider inside a test was not wrapped in act(...).
      
      When testing, code that causes React state updates should be wrapped into act(...):
      
      act(() => {
        /* fire events that update state */
      });
      /* assert on the output */
      
      This ensures that you're testing the behavior the user would see in the browser. Learn more at https://react.dev/link/wrap-tests-with-act

    [0m [90m 373 |[39m       [36mreturn[39m[33m;[39m
     [90m 374 |[39m     }
    [31m[1m>[22m[39m[90m 375 |[39m     originalError[33m.[39mcall(console[33m,[39m [33m...[39margs)[33m;[39m
     [90m     |[39m                   [31m[1m^[22m[39m
     [90m 376 |[39m   }[33m;[39m
     [90m 377 |[39m })[33m;[39m
     [90m 378 |[39m[0m

      at console.call [as error] (jest.setup.js:375:19)
      at node_modules/.pnpm/react-dom@19.2.0_react@19.2.0/node_modules/react-dom/cjs/react-dom-client.development.js:18758:19
      at runWithFiberInDEV (node_modules/.pnpm/react-dom@19.2.0_react@19.2.0/node_modules/react-dom/cjs/react-dom-client.development.js:874:13)
      at warnIfUpdatesNotWrappedWithActDEV (node_modules/.pnpm/react-dom@19.2.0_react@19.2.0/node_modules/react-dom/cjs/react-dom-client.development.js:18757:9)
      at scheduleUpdateOnFiber (node_modules/.pnpm/react-dom@19.2.0_react@19.2.0/node_modules/react-dom/cjs/react-dom-client.development.js:16409:11)
      at dispatchSetStateInternal (node_modules/.pnpm/react-dom@19.2.0_react@19.2.0/node_modules/react-dom/cjs/react-dom-client.development.js:9170:13)
      at dispatchSetState (node_modules/.pnpm/react-dom@19.2.0_react@19.2.0/node_modules/react-dom/cjs/react-dom-client.development.js:9127:7)
      at setLoading (src/components/game/GameProvider.tsx:99:7)

    console.error
      An update to GameProvider inside a test was not wrapped in act(...).
      
      When testing, code that causes React state updates should be wrapped into act(...):
      
      act(() => {
        /* fire events that update state */
      });
      /* assert on the output */
      
      This ensures that you're testing the behavior the user would see in the browser. Learn more at https://react.dev/link/wrap-tests-with-act

    [0m [90m 373 |[39m       [36mreturn[39m[33m;[39m
     [90m 374 |[39m     }
    [31m[1m>[22m[39m[90m 375 |[39m     originalError[33m.[39mcall(console[33m,[39m [33m...[39margs)[33m;[39m
     [90m     |[39m                   [31m[1m^[22m[39m
     [90m 376 |[39m   }[33m;[39m
     [90m 377 |[39m })[33m;[39m
     [90m 378 |[39m[0m

      at console.call [as error] (jest.setup.js:375:19)
      at node_modules/.pnpm/react-dom@19.2.0_react@19.2.0/node_modules/react-dom/cjs/react-dom-client.development.js:18758:19
      at runWithFiberInDEV (node_modules/.pnpm/react-dom@19.2.0_react@19.2.0/node_modules/react-dom/cjs/react-dom-client.development.js:874:13)
      at warnIfUpdatesNotWrappedWithActDEV (node_modules/.pnpm/react-dom@19.2.0_react@19.2.0/node_modules/react-dom/cjs/react-dom-client.development.js:18757:9)
      at scheduleUpdateOnFiber (node_modules/.pnpm/react-dom@19.2.0_react@19.2.0/node_modules/react-dom/cjs/react-dom-client.development.js:16409:11)
      at dispatchSetStateInternal (node_modules/.pnpm/react-dom@19.2.0_react@19.2.0/node_modules/react-dom/cjs/react-dom-client.development.js:9170:13)
      at dispatchSetState (node_modules/.pnpm/react-dom@19.2.0_react@19.2.0/node_modules/react-dom/cjs/react-dom-client.development.js:9127:7)
      at setGames (src/components/game/GameProvider.tsx:84:7)

    console.error
      An update to GameProvider inside a test was not wrapped in act(...).
      
      When testing, code that causes React state updates should be wrapped into act(...):
      
      act(() => {
        /* fire events that update state */
      });
      /* assert on the output */
      
      This ensures that you're testing the behavior the user would see in the browser. Learn more at https://react.dev/link/wrap-tests-with-act

    [0m [90m 373 |[39m       [36mreturn[39m[33m;[39m
     [90m 374 |[39m     }
    [31m[1m>[22m[39m[90m 375 |[39m     originalError[33m.[39mcall(console[33m,[39m [33m...[39margs)[33m;[39m
     [90m     |[39m                   [31m[1m^[22m[39m
     [90m 376 |[39m   }[33m;[39m
     [90m 377 |[39m })[33m;[39m
     [90m 378 |[39m[0m

      at console.call [as error] (jest.setup.js:375:19)
      at node_modules/.pnpm/react-dom@19.2.0_react@19.2.0/node_modules/react-dom/cjs/react-dom-client.development.js:18758:19
      at runWithFiberInDEV (node_modules/.pnpm/react-dom@19.2.0_react@19.2.0/node_modules/react-dom/cjs/react-dom-client.development.js:874:13)
      at warnIfUpdatesNotWrappedWithActDEV (node_modules/.pnpm/react-dom@19.2.0_react@19.2.0/node_modules/react-dom/cjs/react-dom-client.development.js:18757:9)
      at scheduleUpdateOnFiber (node_modules/.pnpm/react-dom@19.2.0_react@19.2.0/node_modules/react-dom/cjs/react-dom-client.development.js:16409:11)
      at dispatchSetStateInternal (node_modules/.pnpm/react-dom@19.2.0_react@19.2.0/node_modules/react-dom/cjs/react-dom-client.development.js:9170:13)
      at dispatchSetState (node_modules/.pnpm/react-dom@19.2.0_react@19.2.0/node_modules/react-dom/cjs/react-dom-client.development.js:9127:7)
      at setSelectedGameId (src/components/game/GameProvider.tsx:88:7)

    console.error
      An update to GameProvider inside a test was not wrapped in act(...).
      
      When testing, code that causes React state updates should be wrapped into act(...):
      
      act(() => {
        /* fire events that update state */
      });
      /* assert on the output */
      
      This ensures that you're testing the behavior the user would see in the browser. Learn more at https://react.dev/link/wrap-tests-with-act

    [0m [90m 373 |[39m       [36mreturn[39m[33m;[39m
     [90m 374 |[39m     }
    [31m[1m>[22m[39m[90m 375 |[39m     originalError[33m.[39mcall(console[33m,[39m [33m...[39margs)[33m;[39m
     [90m     |[39m                   [31m[1m^[22m[39m
     [90m 376 |[39m   }[33m;[39m
     [90m 377 |[39m })[33m;[39m
     [90m 378 |[39m[0m

      at console.call [as error] (jest.setup.js:375:19)
      at node_modules/.pnpm/react-dom@19.2.0_react@19.2.0/node_modules/react-dom/cjs/react-dom-client.development.js:18758:19
      at runWithFiberInDEV (node_modules/.pnpm/react-dom@19.2.0_react@19.2.0/node_modules/react-dom/cjs/react-dom-client.development.js:874:13)
      at warnIfUpdatesNotWrappedWithActDEV (node_modules/.pnpm/react-dom@19.2.0_react@19.2.0/node_modules/react-dom/cjs/react-dom-client.development.js:18757:9)
      at scheduleUpdateOnFiber (node_modules/.pnpm/react-dom@19.2.0_react@19.2.0/node_modules/react-dom/cjs/react-dom-client.development.js:16409:11)
      at dispatchSetStateInternal (node_modules/.pnpm/react-dom@19.2.0_react@19.2.0/node_modules/react-dom/cjs/react-dom-client.development.js:9170:13)
      at dispatchSetState (node_modules/.pnpm/react-dom@19.2.0_react@19.2.0/node_modules/react-dom/cjs/react-dom-client.development.js:9127:7)
      at setLoading (src/components/game/GameProvider.tsx:99:7)

    console.error
      An update to GameProvider inside a test was not wrapped in act(...).
      
      When testing, code that causes React state updates should be wrapped into act(...):
      
      act(() => {
        /* fire events that update state */
      });
      /* assert on the output */
      
      This ensures that you're testing the behavior the user would see in the browser. Learn more at https://react.dev/link/wrap-tests-with-act

    [0m [90m 373 |[39m       [36mreturn[39m[33m;[39m
     [90m 374 |[39m     }
    [31m[1m>[22m[39m[90m 375 |[39m     originalError[33m.[39mcall(console[33m,[39m [33m...[39margs)[33m;[39m
     [90m     |[39m                   [31m[1m^[22m[39m
     [90m 376 |[39m   }[33m;[39m
     [90m 377 |[39m })[33m;[39m
     [90m 378 |[39m[0m

      at console.call [as error] (jest.setup.js:375:19)
      at node_modules/.pnpm/react-dom@19.2.0_react@19.2.0/node_modules/react-dom/cjs/react-dom-client.development.js:18758:19
      at runWithFiberInDEV (node_modules/.pnpm/react-dom@19.2.0_react@19.2.0/node_modules/react-dom/cjs/react-dom-client.development.js:874:13)
      at warnIfUpdatesNotWrappedWithActDEV (node_modules/.pnpm/react-dom@19.2.0_react@19.2.0/node_modules/react-dom/cjs/react-dom-client.development.js:18757:9)
      at scheduleUpdateOnFiber (node_modules/.pnpm/react-dom@19.2.0_react@19.2.0/node_modules/react-dom/cjs/react-dom-client.development.js:16409:11)
      at dispatchSetStateInternal (node_modules/.pnpm/react-dom@19.2.0_react@19.2.0/node_modules/react-dom/cjs/react-dom-client.development.js:9170:13)
      at dispatchSetState (node_modules/.pnpm/react-dom@19.2.0_react@19.2.0/node_modules/react-dom/cjs/react-dom-client.development.js:9127:7)
      at setGames (src/components/game/GameProvider.tsx:84:7)

    console.error
      An update to GameProvider inside a test was not wrapped in act(...).
      
      When testing, code that causes React state updates should be wrapped into act(...):
      
      act(() => {
        /* fire events that update state */
      });
      /* assert on the output */
      
      This ensures that you're testing the behavior the user would see in the browser. Learn more at https://react.dev/link/wrap-tests-with-act

    [0m [90m 373 |[39m       [36mreturn[39m[33m;[39m
     [90m 374 |[39m     }
    [31m[1m>[22m[39m[90m 375 |[39m     originalError[33m.[39mcall(console[33m,[39m [33m...[39margs)[33m;[39m
     [90m     |[39m                   [31m[1m^[22m[39m
     [90m 376 |[39m   }[33m;[39m
     [90m 377 |[39m })[33m;[39m
     [90m 378 |[39m[0m

      at console.call [as error] (jest.setup.js:375:19)
      at node_modules/.pnpm/react-dom@19.2.0_react@19.2.0/node_modules/react-dom/cjs/react-dom-client.development.js:18758:19
      at runWithFiberInDEV (node_modules/.pnpm/react-dom@19.2.0_react@19.2.0/node_modules/react-dom/cjs/react-dom-client.development.js:874:13)
      at warnIfUpdatesNotWrappedWithActDEV (node_modules/.pnpm/react-dom@19.2.0_react@19.2.0/node_modules/react-dom/cjs/react-dom-client.development.js:18757:9)
      at scheduleUpdateOnFiber (node_modules/.pnpm/react-dom@19.2.0_react@19.2.0/node_modules/react-dom/cjs/react-dom-client.development.js:16409:11)
      at dispatchSetStateInternal (node_modules/.pnpm/react-dom@19.2.0_react@19.2.0/node_modules/react-dom/cjs/react-dom-client.development.js:9170:13)
      at dispatchSetState (node_modules/.pnpm/react-dom@19.2.0_react@19.2.0/node_modules/react-dom/cjs/react-dom-client.development.js:9127:7)
      at setSelectedGameId (src/components/game/GameProvider.tsx:88:7)

    console.error
      An update to GameProvider inside a test was not wrapped in act(...).
      
      When testing, code that causes React state updates should be wrapped into act(...):
      
      act(() => {
        /* fire events that update state */
      });
      /* assert on the output */
      
      This ensures that you're testing the behavior the user would see in the browser. Learn more at https://react.dev/link/wrap-tests-with-act

    [0m [90m 373 |[39m       [36mreturn[39m[33m;[39m
     [90m 374 |[39m     }
    [31m[1m>[22m[39m[90m 375 |[39m     originalError[33m.[39mcall(console[33m,[39m [33m...[39margs)[33m;[39m
     [90m     |[39m                   [31m[1m^[22m[39m
     [90m 376 |[39m   }[33m;[39m
     [90m 377 |[39m })[33m;[39m
     [90m 378 |[39m[0m

      at console.call [as error] (jest.setup.js:375:19)
      at node_modules/.pnpm/react-dom@19.2.0_react@19.2.0/node_modules/react-dom/cjs/react-dom-client.development.js:18758:19
      at runWithFiberInDEV (node_modules/.pnpm/react-dom@19.2.0_react@19.2.0/node_modules/react-dom/cjs/react-dom-client.development.js:874:13)
      at warnIfUpdatesNotWrappedWithActDEV (node_modules/.pnpm/react-dom@19.2.0_react@19.2.0/node_modules/react-dom/cjs/react-dom-client.development.js:18757:9)
      at scheduleUpdateOnFiber (node_modules/.pnpm/react-dom@19.2.0_react@19.2.0/node_modules/react-dom/cjs/react-dom-client.development.js:16409:11)
      at dispatchSetStateInternal (node_modules/.pnpm/react-dom@19.2.0_react@19.2.0/node_modules/react-dom/cjs/react-dom-client.development.js:9170:13)
      at dispatchSetState (node_modules/.pnpm/react-dom@19.2.0_react@19.2.0/node_modules/react-dom/cjs/react-dom-client.development.js:9127:7)
      at setLoading (src/components/game/GameProvider.tsx:99:7)

    console.error
      An update to GameProvider inside a test was not wrapped in act(...).
      
      When testing, code that causes React state updates should be wrapped into act(...):
      
      act(() => {
        /* fire events that update state */
      });
      /* assert on the output */
      
      This ensures that you're testing the behavior the user would see in the browser. Learn more at https://react.dev/link/wrap-tests-with-act

    [0m [90m 373 |[39m       [36mreturn[39m[33m;[39m
     [90m 374 |[39m     }
    [31m[1m>[22m[39m[90m 375 |[39m     originalError[33m.[39mcall(console[33m,[39m [33m...[39margs)[33m;[39m
     [90m     |[39m                   [31m[1m^[22m[39m
     [90m 376 |[39m   }[33m;[39m
     [90m 377 |[39m })[33m;[39m
     [90m 378 |[39m[0m

      at console.call [as error] (jest.setup.js:375:19)
      at node_modules/.pnpm/react-dom@19.2.0_react@19.2.0/node_modules/react-dom/cjs/react-dom-client.development.js:18758:19
      at runWithFiberInDEV (node_modules/.pnpm/react-dom@19.2.0_react@19.2.0/node_modules/react-dom/cjs/react-dom-client.development.js:874:13)
      at warnIfUpdatesNotWrappedWithActDEV (node_modules/.pnpm/react-dom@19.2.0_react@19.2.0/node_modules/react-dom/cjs/react-dom-client.development.js:18757:9)
      at scheduleUpdateOnFiber (node_modules/.pnpm/react-dom@19.2.0_react@19.2.0/node_modules/react-dom/cjs/react-dom-client.development.js:16409:11)
      at dispatchSetStateInternal (node_modules/.pnpm/react-dom@19.2.0_react@19.2.0/node_modules/react-dom/cjs/react-dom-client.development.js:9170:13)
      at dispatchSetState (node_modules/.pnpm/react-dom@19.2.0_react@19.2.0/node_modules/react-dom/cjs/react-dom-client.development.js:9127:7)
      at setGames (src/components/game/GameProvider.tsx:84:7)

    console.error
      An update to GameProvider inside a test was not wrapped in act(...).
      
      When testing, code that causes React state updates should be wrapped into act(...):
      
      act(() => {
        /* fire events that update state */
      });
      /* assert on the output */
      
      This ensures that you're testing the behavior the user would see in the browser. Learn more at https://react.dev/link/wrap-tests-with-act

    [0m [90m 373 |[39m       [36mreturn[39m[33m;[39m
     [90m 374 |[39m     }
    [31m[1m>[22m[39m[90m 375 |[39m     originalError[33m.[39mcall(console[33m,[39m [33m...[39margs)[33m;[39m
     [90m     |[39m                   [31m[1m^[22m[39m
     [90m 376 |[39m   }[33m;[39m
     [90m 377 |[39m })[33m;[39m
     [90m 378 |[39m[0m

      at console.call [as error] (jest.setup.js:375:19)
      at node_modules/.pnpm/react-dom@19.2.0_react@19.2.0/node_modules/react-dom/cjs/react-dom-client.development.js:18758:19
      at runWithFiberInDEV (node_modules/.pnpm/react-dom@19.2.0_react@19.2.0/node_modules/react-dom/cjs/react-dom-client.development.js:874:13)
      at warnIfUpdatesNotWrappedWithActDEV (node_modules/.pnpm/react-dom@19.2.0_react@19.2.0/node_modules/react-dom/cjs/react-dom-client.development.js:18757:9)
      at scheduleUpdateOnFiber (node_modules/.pnpm/react-dom@19.2.0_react@19.2.0/node_modules/react-dom/cjs/react-dom-client.development.js:16409:11)
      at dispatchSetStateInternal (node_modules/.pnpm/react-dom@19.2.0_react@19.2.0/node_modules/react-dom/cjs/react-dom-client.development.js:9170:13)
      at dispatchSetState (node_modules/.pnpm/react-dom@19.2.0_react@19.2.0/node_modules/react-dom/cjs/react-dom-client.development.js:9127:7)
      at setSelectedGameId (src/components/game/GameProvider.tsx:88:7)

    console.error
      An update to GameProvider inside a test was not wrapped in act(...).
      
      When testing, code that causes React state updates should be wrapped into act(...):
      
      act(() => {
        /* fire events that update state */
      });
      /* assert on the output */
      
      This ensures that you're testing the behavior the user would see in the browser. Learn more at https://react.dev/link/wrap-tests-with-act

    [0m [90m 373 |[39m       [36mreturn[39m[33m;[39m
     [90m 374 |[39m     }
    [31m[1m>[22m[39m[90m 375 |[39m     originalError[33m.[39mcall(console[33m,[39m [33m...[39margs)[33m;[39m
     [90m     |[39m                   [31m[1m^[22m[39m
     [90m 376 |[39m   }[33m;[39m
     [90m 377 |[39m })[33m;[39m
     [90m 378 |[39m[0m

      at console.call [as error] (jest.setup.js:375:19)
      at node_modules/.pnpm/react-dom@19.2.0_react@19.2.0/node_modules/react-dom/cjs/react-dom-client.development.js:18758:19
      at runWithFiberInDEV (node_modules/.pnpm/react-dom@19.2.0_react@19.2.0/node_modules/react-dom/cjs/react-dom-client.development.js:874:13)
      at warnIfUpdatesNotWrappedWithActDEV (node_modules/.pnpm/react-dom@19.2.0_react@19.2.0/node_modules/react-dom/cjs/react-dom-client.development.js:18757:9)
      at scheduleUpdateOnFiber (node_modules/.pnpm/react-dom@19.2.0_react@19.2.0/node_modules/react-dom/cjs/react-dom-client.development.js:16409:11)
      at dispatchSetStateInternal (node_modules/.pnpm/react-dom@19.2.0_react@19.2.0/node_modules/react-dom/cjs/react-dom-client.development.js:9170:13)
      at dispatchSetState (node_modules/.pnpm/react-dom@19.2.0_react@19.2.0/node_modules/react-dom/cjs/react-dom-client.development.js:9127:7)
      at setLoading (src/components/game/GameProvider.tsx:99:7)

    console.error
      Failed to save edit: Error: Save failed
          at Object.<anonymous> (D:\Repositories\meepleai-monorepo\apps\web\src\__tests__\components\ui\UIProvider.test.tsx:149:59)
          at Promise.finally.completed (D:\Repositories\meepleai-monorepo\apps\web\node_modules\.pnpm\jest-circus@30.2.0\node_modules\jest-circus\build\jestAdapterInit.js:1557:28)
          at new Promise (<anonymous>)
          at callAsyncCircusFn (D:\Repositories\meepleai-monorepo\apps\web\node_modules\.pnpm\jest-circus@30.2.0\node_modules\jest-circus\build\jestAdapterInit.js:1497:10)
          at _callCircusTest (D:\Repositories\meepleai-monorepo\apps\web\node_modules\.pnpm\jest-circus@30.2.0\node_modules\jest-circus\build\jestAdapterInit.js:1007:40)
          at _runTest (D:\Repositories\meepleai-monorepo\apps\web\node_modules\.pnpm\jest-circus@30.2.0\node_modules\jest-circus\build\jestAdapterInit.js:947:3)
          at D:\Repositories\meepleai-monorepo\apps\web\node_modules\.pnpm\jest-circus@30.2.0\node_modules\jest-circus\build\jestAdapterInit.js:849:7
          at _runTestsForDescribeBlock (D:\Repositories\meepleai-monorepo\apps\web\node_modules\.pnpm\jest-circus@30.2.0\node_modules\jest-circus\build\jestAdapterInit.js:862:11)
          at _runTestsForDescribeBlock (D:\Repositories\meepleai-monorepo\apps\web\node_modules\.pnpm\jest-circus@30.2.0\node_modules\jest-circus\build\jestAdapterInit.js:857:11)
          at _runTestsForDescribeBlock (D:\Repositories\meepleai-monorepo\apps\web\node_modules\.pnpm\jest-circus@30.2.0\node_modules\jest-circus\build\jestAdapterInit.js:857:11)
          at run (D:\Repositories\meepleai-monorepo\apps\web\node_modules\.pnpm\jest-circus@30.2.0\node_modules\jest-circus\build\jestAdapterInit.js:761:3)
          at runAndTransformResultsToJestFormat (D:\Repositories\meepleai-monorepo\apps\web\node_modules\.pnpm\jest-circus@30.2.0\node_modules\jest-circus\build\jestAdapterInit.js:1918:21)
          at jestAdapter (D:\Repositories\meepleai-monorepo\apps\web\node_modules\.pnpm\jest-circus@30.2.0\node_modules\jest-circus\build\runner.js:101:19)
          at runTestInternal (D:\Repositories\meepleai-monorepo\apps\web\node_modules\.pnpm\jest-runner@30.2.0\node_modules\jest-runner\build\testWorker.js:275:16)
          at runTest (D:\Repositories\meepleai-monorepo\apps\web\node_modules\.pnpm\jest-runner@30.2.0\node_modules\jest-runner\build\testWorker.js:343:7)
          at Object.worker (D:\Repositories\meepleai-monorepo\apps\web\node_modules\.pnpm\jest-runner@30.2.0\node_modules\jest-runner\build\testWorker.js:497:12)

    [0m [90m 373 |[39m       [36mreturn[39m[33m;[39m
     [90m 374 |[39m     }
    [31m[1m>[22m[39m[90m 375 |[39m     originalError[33m.[39mcall(console[33m,[39m [33m...[39margs)[33m;[39m
     [90m     |[39m                   [31m[1m^[22m[39m
     [90m 376 |[39m   }[33m;[39m
     [90m 377 |[39m })[33m;[39m
     [90m 378 |[39m[0m

      at console.call [as error] (jest.setup.js:375:19)
      at Object.error [as saveEdit] (src/components/ui/UIProvider.tsx:81:15)
      at src/__tests__/components/ui/UIProvider.test.tsx:159:11

    console.error
      An update to GameProvider inside a test was not wrapped in act(...).
      
      When testing, code that causes React state updates should be wrapped into act(...):
      
      act(() => {
        /* fire events that update state */
      });
      /* assert on the output */
      
      This ensures that you're testing the behavior the user would see in the browser. Learn more at https://react.dev/link/wrap-tests-with-act

    [0m [90m 373 |[39m       [36mreturn[39m[33m;[39m
     [90m 374 |[39m     }
    [31m[1m>[22m[39m[90m 375 |[39m     originalError[33m.[39mcall(console[33m,[39m [33m...[39margs)[33m;[39m
     [90m     |[39m                   [31m[1m^[22m[39m
     [90m 376 |[39m   }[33m;[39m
     [90m 377 |[39m })[33m;[39m
     [90m 378 |[39m[0m

      at console.call [as error] (jest.setup.js:375:19)
      at node_modules/.pnpm/react-dom@19.2.0_react@19.2.0/node_modules/react-dom/cjs/react-dom-client.development.js:18758:19
      at runWithFiberInDEV (node_modules/.pnpm/react-dom@19.2.0_react@19.2.0/node_modules/react-dom/cjs/react-dom-client.development.js:874:13)
      at warnIfUpdatesNotWrappedWithActDEV (node_modules/.pnpm/react-dom@19.2.0_react@19.2.0/node_modules/react-dom/cjs/react-dom-client.development.js:18757:9)
      at scheduleUpdateOnFiber (node_modules/.pnpm/react-dom@19.2.0_react@19.2.0/node_modules/react-dom/cjs/react-dom-client.development.js:16409:11)
      at dispatchSetStateInternal (node_modules/.pnpm/react-dom@19.2.0_react@19.2.0/node_modules/react-dom/cjs/react-dom-client.development.js:9170:13)
      at dispatchSetState (node_modules/.pnpm/react-dom@19.2.0_react@19.2.0/node_modules/react-dom/cjs/react-dom-client.development.js:9127:7)
      at setGames (src/components/game/GameProvider.tsx:84:7)

    console.error
      An update to GameProvider inside a test was not wrapped in act(...).
      
      When testing, code that causes React state updates should be wrapped into act(...):
      
      act(() => {
        /* fire events that update state */
      });
      /* assert on the output */
      
      This ensures that you're testing the behavior the user would see in the browser. Learn more at https://react.dev/link/wrap-tests-with-act

    [0m [90m 373 |[39m       [36mreturn[39m[33m;[39m
     [90m 374 |[39m     }
    [31m[1m>[22m[39m[90m 375 |[39m     originalError[33m.[39mcall(console[33m,[39m [33m...[39margs)[33m;[39m
     [90m     |[39m                   [31m[1m^[22m[39m
     [90m 376 |[39m   }[33m;[39m
     [90m 377 |[39m })[33m;[39m
     [90m 378 |[39m[0m

      at console.call [as error] (jest.setup.js:375:19)
      at node_modules/.pnpm/react-dom@19.2.0_react@19.2.0/node_modules/react-dom/cjs/react-dom-client.development.js:18758:19
      at runWithFiberInDEV (node_modules/.pnpm/react-dom@19.2.0_react@19.2.0/node_modules/react-dom/cjs/react-dom-client.development.js:874:13)
      at warnIfUpdatesNotWrappedWithActDEV (node_modules/.pnpm/react-dom@19.2.0_react@19.2.0/node_modules/react-dom/cjs/react-dom-client.development.js:18757:9)
      at scheduleUpdateOnFiber (node_modules/.pnpm/react-dom@19.2.0_react@19.2.0/node_modules/react-dom/cjs/react-dom-client.development.js:16409:11)
      at dispatchSetStateInternal (node_modules/.pnpm/react-dom@19.2.0_react@19.2.0/node_modules/react-dom/cjs/react-dom-client.development.js:9170:13)
      at dispatchSetState (node_modules/.pnpm/react-dom@19.2.0_react@19.2.0/node_modules/react-dom/cjs/react-dom-client.development.js:9127:7)
      at setSelectedGameId (src/components/game/GameProvider.tsx:88:7)

    console.error
      An update to GameProvider inside a test was not wrapped in act(...).
      
      When testing, code that causes React state updates should be wrapped into act(...):
      
      act(() => {
        /* fire events that update state */
      });
      /* assert on the output */
      
      This ensures that you're testing the behavior the user would see in the browser. Learn more at https://react.dev/link/wrap-tests-with-act

    [0m [90m 373 |[39m       [36mreturn[39m[33m;[39m
     [90m 374 |[39m     }
    [31m[1m>[22m[39m[90m 375 |[39m     originalError[33m.[39mcall(console[33m,[39m [33m...[39margs)[33m;[39m
     [90m     |[39m                   [31m[1m^[22m[39m
     [90m 376 |[39m   }[33m;[39m
     [90m 377 |[39m })[33m;[39m
     [90m 378 |[39m[0m

      at console.call [as error] (jest.setup.js:375:19)
      at node_modules/.pnpm/react-dom@19.2.0_react@19.2.0/node_modules/react-dom/cjs/react-dom-client.development.js:18758:19
      at runWithFiberInDEV (node_modules/.pnpm/react-dom@19.2.0_react@19.2.0/node_modules/react-dom/cjs/react-dom-client.development.js:874:13)
      at warnIfUpdatesNotWrappedWithActDEV (node_modules/.pnpm/react-dom@19.2.0_react@19.2.0/node_modules/react-dom/cjs/react-dom-client.development.js:18757:9)
      at scheduleUpdateOnFiber (node_modules/.pnpm/react-dom@19.2.0_react@19.2.0/node_modules/react-dom/cjs/react-dom-client.development.js:16409:11)
      at dispatchSetStateInternal (node_modules/.pnpm/react-dom@19.2.0_react@19.2.0/node_modules/react-dom/cjs/react-dom-client.development.js:9170:13)
      at dispatchSetState (node_modules/.pnpm/react-dom@19.2.0_react@19.2.0/node_modules/react-dom/cjs/react-dom-client.development.js:9127:7)
      at setLoading (src/components/game/GameProvider.tsx:99:7)

    console.error
      An update to GameProvider inside a test was not wrapped in act(...).
      
      When testing, code that causes React state updates should be wrapped into act(...):
      
      act(() => {
        /* fire events that update state */
      });
      /* assert on the output */
      
      This ensures that you're testing the behavior the user would see in the browser. Learn more at https://react.dev/link/wrap-tests-with-act

    [0m [90m 373 |[39m       [36mreturn[39m[33m;[39m
     [90m 374 |[39m     }
    [31m[1m>[22m[39m[90m 375 |[39m     originalError[33m.[39mcall(console[33m,[39m [33m...[39margs)[33m;[39m
     [90m     |[39m                   [31m[1m^[22m[39m
     [90m 376 |[39m   }[33m;[39m
     [90m 377 |[39m })[33m;[39m
     [90m 378 |[39m[0m

      at console.call [as error] (jest.setup.js:375:19)
      at node_modules/.pnpm/react-dom@19.2.0_react@19.2.0/node_modules/react-dom/cjs/react-dom-client.development.js:18758:19
      at runWithFiberInDEV (node_modules/.pnpm/react-dom@19.2.0_react@19.2.0/node_modules/react-dom/cjs/react-dom-client.development.js:874:13)
      at warnIfUpdatesNotWrappedWithActDEV (node_modules/.pnpm/react-dom@19.2.0_react@19.2.0/node_modules/react-dom/cjs/react-dom-client.development.js:18757:9)
      at scheduleUpdateOnFiber (node_modules/.pnpm/react-dom@19.2.0_react@19.2.0/node_modules/react-dom/cjs/react-dom-client.development.js:16409:11)
      at dispatchSetStateInternal (node_modules/.pnpm/react-dom@19.2.0_react@19.2.0/node_modules/react-dom/cjs/react-dom-client.development.js:9170:13)
      at dispatchSetState (node_modules/.pnpm/react-dom@19.2.0_react@19.2.0/node_modules/react-dom/cjs/react-dom-client.development.js:9127:7)
      at setGames (src/components/game/GameProvider.tsx:84:7)

    console.error
      An update to GameProvider inside a test was not wrapped in act(...).
      
      When testing, code that causes React state updates should be wrapped into act(...):
      
      act(() => {
        /* fire events that update state */
      });
      /* assert on the output */
      
      This ensures that you're testing the behavior the user would see in the browser. Learn more at https://react.dev/link/wrap-tests-with-act

    [0m [90m 373 |[39m       [36mreturn[39m[33m;[39m
     [90m 374 |[39m     }
    [31m[1m>[22m[39m[90m 375 |[39m     originalError[33m.[39mcall(console[33m,[39m [33m...[39margs)[33m;[39m
     [90m     |[39m                   [31m[1m^[22m[39m
     [90m 376 |[39m   }[33m;[39m
     [90m 377 |[39m })[33m;[39m
     [90m 378 |[39m[0m

      at console.call [as error] (jest.setup.js:375:19)
      at node_modules/.pnpm/react-dom@19.2.0_react@19.2.0/node_modules/react-dom/cjs/react-dom-client.development.js:18758:19
      at runWithFiberInDEV (node_modules/.pnpm/react-dom@19.2.0_react@19.2.0/node_modules/react-dom/cjs/react-dom-client.development.js:874:13)
      at warnIfUpdatesNotWrappedWithActDEV (node_modules/.pnpm/react-dom@19.2.0_react@19.2.0/node_modules/react-dom/cjs/react-dom-client.development.js:18757:9)
      at scheduleUpdateOnFiber (node_modules/.pnpm/react-dom@19.2.0_react@19.2.0/node_modules/react-dom/cjs/react-dom-client.development.js:16409:11)
      at dispatchSetStateInternal (node_modules/.pnpm/react-dom@19.2.0_react@19.2.0/node_modules/react-dom/cjs/react-dom-client.development.js:9170:13)
      at dispatchSetState (node_modules/.pnpm/react-dom@19.2.0_react@19.2.0/node_modules/react-dom/cjs/react-dom-client.development.js:9127:7)
      at setSelectedGameId (src/components/game/GameProvider.tsx:88:7)

    console.error
      An update to GameProvider inside a test was not wrapped in act(...).
      
      When testing, code that causes React state updates should be wrapped into act(...):
      
      act(() => {
        /* fire events that update state */
      });
      /* assert on the output */
      
      This ensures that you're testing the behavior the user would see in the browser. Learn more at https://react.dev/link/wrap-tests-with-act

    [0m [90m 373 |[39m       [36mreturn[39m[33m;[39m
     [90m 374 |[39m     }
    [31m[1m>[22m[39m[90m 375 |[39m     originalError[33m.[39mcall(console[33m,[39m [33m...[39margs)[33m;[39m
     [90m     |[39m                   [31m[1m^[22m[39m
     [90m 376 |[39m   }[33m;[39m
     [90m 377 |[39m })[33m;[39m
     [90m 378 |[39m[0m

      at console.call [as error] (jest.setup.js:375:19)
      at node_modules/.pnpm/react-dom@19.2.0_react@19.2.0/node_modules/react-dom/cjs/react-dom-client.development.js:18758:19
      at runWithFiberInDEV (node_modules/.pnpm/react-dom@19.2.0_react@19.2.0/node_modules/react-dom/cjs/react-dom-client.development.js:874:13)
      at warnIfUpdatesNotWrappedWithActDEV (node_modules/.pnpm/react-dom@19.2.0_react@19.2.0/node_modules/react-dom/cjs/react-dom-client.development.js:18757:9)
      at scheduleUpdateOnFiber (node_modules/.pnpm/react-dom@19.2.0_react@19.2.0/node_modules/react-dom/cjs/react-dom-client.development.js:16409:11)
      at dispatchSetStateInternal (node_modules/.pnpm/react-dom@19.2.0_react@19.2.0/node_modules/react-dom/cjs/react-dom-client.development.js:9170:13)
      at dispatchSetState (node_modules/.pnpm/react-dom@19.2.0_react@19.2.0/node_modules/react-dom/cjs/react-dom-client.development.js:9127:7)
      at setLoading (src/components/game/GameProvider.tsx:99:7)

    console.error
      An update to GameProvider inside a test was not wrapped in act(...).
      
      When testing, code that causes React state updates should be wrapped into act(...):
      
      act(() => {
        /* fire events that update state */
      });
      /* assert on the output */
      
      This ensures that you're testing the behavior the user would see in the browser. Learn more at https://react.dev/link/wrap-tests-with-act

    [0m [90m 373 |[39m       [36mreturn[39m[33m;[39m
     [90m 374 |[39m     }
    [31m[1m>[22m[39m[90m 375 |[39m     originalError[33m.[39mcall(console[33m,[39m [33m...[39margs)[33m;[39m
     [90m     |[39m                   [31m[1m^[22m[39m
     [90m 376 |[39m   }[33m;[39m
     [90m 377 |[39m })[33m;[39m
     [90m 378 |[39m[0m

      at console.call [as error] (jest.setup.js:375:19)
      at node_modules/.pnpm/react-dom@19.2.0_react@19.2.0/node_modules/react-dom/cjs/react-dom-client.development.js:18758:19
      at runWithFiberInDEV (node_modules/.pnpm/react-dom@19.2.0_react@19.2.0/node_modules/react-dom/cjs/react-dom-client.development.js:874:13)
      at warnIfUpdatesNotWrappedWithActDEV (node_modules/.pnpm/react-dom@19.2.0_react@19.2.0/node_modules/react-dom/cjs/react-dom-client.development.js:18757:9)
      at scheduleUpdateOnFiber (node_modules/.pnpm/react-dom@19.2.0_react@19.2.0/node_modules/react-dom/cjs/react-dom-client.development.js:16409:11)
      at dispatchSetStateInternal (node_modules/.pnpm/react-dom@19.2.0_react@19.2.0/node_modules/react-dom/cjs/react-dom-client.development.js:9170:13)
      at dispatchSetState (node_modules/.pnpm/react-dom@19.2.0_react@19.2.0/node_modules/react-dom/cjs/react-dom-client.development.js:9127:7)
      at setGames (src/components/game/GameProvider.tsx:84:7)

    console.error
      An update to GameProvider inside a test was not wrapped in act(...).
      
      When testing, code that causes React state updates should be wrapped into act(...):
      
      act(() => {
        /* fire events that update state */
      });
      /* assert on the output */
      
      This ensures that you're testing the behavior the user would see in the browser. Learn more at https://react.dev/link/wrap-tests-with-act

    [0m [90m 373 |[39m       [36mreturn[39m[33m;[39m
     [90m 374 |[39m     }
    [31m[1m>[22m[39m[90m 375 |[39m     originalError[33m.[39mcall(console[33m,[39m [33m...[39margs)[33m;[39m
     [90m     |[39m                   [31m[1m^[22m[39m
     [90m 376 |[39m   }[33m;[39m
     [90m 377 |[39m })[33m;[39m
     [90m 378 |[39m[0m

      at console.call [as error] (jest.setup.js:375:19)
      at node_modules/.pnpm/react-dom@19.2.0_react@19.2.0/node_modules/react-dom/cjs/react-dom-client.development.js:18758:19
      at runWithFiberInDEV (node_modules/.pnpm/react-dom@19.2.0_react@19.2.0/node_modules/react-dom/cjs/react-dom-client.development.js:874:13)
      at warnIfUpdatesNotWrappedWithActDEV (node_modules/.pnpm/react-dom@19.2.0_react@19.2.0/node_modules/react-dom/cjs/react-dom-client.development.js:18757:9)
      at scheduleUpdateOnFiber (node_modules/.pnpm/react-dom@19.2.0_react@19.2.0/node_modules/react-dom/cjs/react-dom-client.development.js:16409:11)
      at dispatchSetStateInternal (node_modules/.pnpm/react-dom@19.2.0_react@19.2.0/node_modules/react-dom/cjs/react-dom-client.development.js:9170:13)
      at dispatchSetState (node_modules/.pnpm/react-dom@19.2.0_react@19.2.0/node_modules/react-dom/cjs/react-dom-client.development.js:9127:7)
      at setSelectedGameId (src/components/game/GameProvider.tsx:88:7)

    console.error
      An update to GameProvider inside a test was not wrapped in act(...).
      
      When testing, code that causes React state updates should be wrapped into act(...):
      
      act(() => {
        /* fire events that update state */
      });
      /* assert on the output */
      
      This ensures that you're testing the behavior the user would see in the browser. Learn more at https://react.dev/link/wrap-tests-with-act

    [0m [90m 373 |[39m       [36mreturn[39m[33m;[39m
     [90m 374 |[39m     }
    [31m[1m>[22m[39m[90m 375 |[39m     originalError[33m.[39mcall(console[33m,[39m [33m...[39margs)[33m;[39m
     [90m     |[39m                   [31m[1m^[22m[39m
     [90m 376 |[39m   }[33m;[39m
     [90m 377 |[39m })[33m;[39m
     [90m 378 |[39m[0m

      at console.call [as error] (jest.setup.js:375:19)
      at node_modules/.pnpm/react-dom@19.2.0_react@19.2.0/node_modules/react-dom/cjs/react-dom-client.development.js:18758:19
      at runWithFiberInDEV (node_modules/.pnpm/react-dom@19.2.0_react@19.2.0/node_modules/react-dom/cjs/react-dom-client.development.js:874:13)
      at warnIfUpdatesNotWrappedWithActDEV (node_modules/.pnpm/react-dom@19.2.0_react@19.2.0/node_modules/react-dom/cjs/react-dom-client.development.js:18757:9)
      at scheduleUpdateOnFiber (node_modules/.pnpm/react-dom@19.2.0_react@19.2.0/node_modules/react-dom/cjs/react-dom-client.development.js:16409:11)
      at dispatchSetStateInternal (node_modules/.pnpm/react-dom@19.2.0_react@19.2.0/node_modules/react-dom/cjs/react-dom-client.development.js:9170:13)
      at dispatchSetState (node_modules/.pnpm/react-dom@19.2.0_react@19.2.0/node_modules/react-dom/cjs/react-dom-client.development.js:9127:7)
      at setLoading (src/components/game/GameProvider.tsx:99:7)

    console.error
      An update to GameProvider inside a test was not wrapped in act(...).
      
      When testing, code that causes React state updates should be wrapped into act(...):
      
      act(() => {
        /* fire events that update state */
      });
      /* assert on the output */
      
      This ensures that you're testing the behavior the user would see in the browser. Learn more at https://react.dev/link/wrap-tests-with-act

    [0m [90m 373 |[39m       [36mreturn[39m[33m;[39m
     [90m 374 |[39m     }
    [31m[1m>[22m[39m[90m 375 |[39m     originalError[33m.[39mcall(console[33m,[39m [33m...[39margs)[33m;[39m
     [90m     |[39m                   [31m[1m^[22m[39m
     [90m 376 |[39m   }[33m;[39m
     [90m 377 |[39m })[33m;[39m
     [90m 378 |[39m[0m

      at console.call [as error] (jest.setup.js:375:19)
      at node_modules/.pnpm/react-dom@19.2.0_react@19.2.0/node_modules/react-dom/cjs/react-dom-client.development.js:18758:19
      at runWithFiberInDEV (node_modules/.pnpm/react-dom@19.2.0_react@19.2.0/node_modules/react-dom/cjs/react-dom-client.development.js:874:13)
      at warnIfUpdatesNotWrappedWithActDEV (node_modules/.pnpm/react-dom@19.2.0_react@19.2.0/node_modules/react-dom/cjs/react-dom-client.development.js:18757:9)
      at scheduleUpdateOnFiber (node_modules/.pnpm/react-dom@19.2.0_react@19.2.0/node_modules/react-dom/cjs/react-dom-client.development.js:16409:11)
      at dispatchSetStateInternal (node_modules/.pnpm/react-dom@19.2.0_react@19.2.0/node_modules/react-dom/cjs/react-dom-client.development.js:9170:13)
      at dispatchSetState (node_modules/.pnpm/react-dom@19.2.0_react@19.2.0/node_modules/react-dom/cjs/react-dom-client.development.js:9127:7)
      at setGames (src/components/game/GameProvider.tsx:84:7)

    console.error
      An update to GameProvider inside a test was not wrapped in act(...).
      
      When testing, code that causes React state updates should be wrapped into act(...):
      
      act(() => {
        /* fire events that update state */
      });
      /* assert on the output */
      
      This ensures that you're testing the behavior the user would see in the browser. Learn more at https://react.dev/link/wrap-tests-with-act

    [0m [90m 373 |[39m       [36mreturn[39m[33m;[39m
     [90m 374 |[39m     }
    [31m[1m>[22m[39m[90m 375 |[39m     originalError[33m.[39mcall(console[33m,[39m [33m...[39margs)[33m;[39m
     [90m     |[39m                   [31m[1m^[22m[39m
     [90m 376 |[39m   }[33m;[39m
     [90m 377 |[39m })[33m;[39m
     [90m 378 |[39m[0m

      at console.call [as error] (jest.setup.js:375:19)
      at node_modules/.pnpm/react-dom@19.2.0_react@19.2.0/node_modules/react-dom/cjs/react-dom-client.development.js:18758:19
      at runWithFiberInDEV (node_modules/.pnpm/react-dom@19.2.0_react@19.2.0/node_modules/react-dom/cjs/react-dom-client.development.js:874:13)
      at warnIfUpdatesNotWrappedWithActDEV (node_modules/.pnpm/react-dom@19.2.0_react@19.2.0/node_modules/react-dom/cjs/react-dom-client.development.js:18757:9)
      at scheduleUpdateOnFiber (node_modules/.pnpm/react-dom@19.2.0_react@19.2.0/node_modules/react-dom/cjs/react-dom-client.development.js:16409:11)
      at dispatchSetStateInternal (node_modules/.pnpm/react-dom@19.2.0_react@19.2.0/node_modules/react-dom/cjs/react-dom-client.development.js:9170:13)
      at dispatchSetState (node_modules/.pnpm/react-dom@19.2.0_react@19.2.0/node_modules/react-dom/cjs/react-dom-client.development.js:9127:7)
      at setSelectedGameId (src/components/game/GameProvider.tsx:88:7)

    console.error
      An update to GameProvider inside a test was not wrapped in act(...).
      
      When testing, code that causes React state updates should be wrapped into act(...):
      
      act(() => {
        /* fire events that update state */
      });
      /* assert on the output */
      
      This ensures that you're testing the behavior the user would see in the browser. Learn more at https://react.dev/link/wrap-tests-with-act

    [0m [90m 373 |[39m       [36mreturn[39m[33m;[39m
     [90m 374 |[39m     }
    [31m[1m>[22m[39m[90m 375 |[39m     originalError[33m.[39mcall(console[33m,[39m [33m...[39margs)[33m;[39m
     [90m     |[39m                   [31m[1m^[22m[39m
     [90m 376 |[39m   }[33m;[39m
     [90m 377 |[39m })[33m;[39m
     [90m 378 |[39m[0m

      at console.call [as error] (jest.setup.js:375:19)
      at node_modules/.pnpm/react-dom@19.2.0_react@19.2.0/node_modules/react-dom/cjs/react-dom-client.development.js:18758:19
      at runWithFiberInDEV (node_modules/.pnpm/react-dom@19.2.0_react@19.2.0/node_modules/react-dom/cjs/react-dom-client.development.js:874:13)
      at warnIfUpdatesNotWrappedWithActDEV (node_modules/.pnpm/react-dom@19.2.0_react@19.2.0/node_modules/react-dom/cjs/react-dom-client.development.js:18757:9)
      at scheduleUpdateOnFiber (node_modules/.pnpm/react-dom@19.2.0_react@19.2.0/node_modules/react-dom/cjs/react-dom-client.development.js:16409:11)
      at dispatchSetStateInternal (node_modules/.pnpm/react-dom@19.2.0_react@19.2.0/node_modules/react-dom/cjs/react-dom-client.development.js:9170:13)
      at dispatchSetState (node_modules/.pnpm/react-dom@19.2.0_react@19.2.0/node_modules/react-dom/cjs/react-dom-client.development.js:9127:7)
      at setLoading (src/components/game/GameProvider.tsx:99:7)

    console.error
      An update to GameProvider inside a test was not wrapped in act(...).
      
      When testing, code that causes React state updates should be wrapped into act(...):
      
      act(() => {
        /* fire events that update state */
      });
      /* assert on the output */
      
      This ensures that you're testing the behavior the user would see in the browser. Learn more at https://react.dev/link/wrap-tests-with-act

    [0m [90m 373 |[39m       [36mreturn[39m[33m;[39m
     [90m 374 |[39m     }
    [31m[1m>[22m[39m[90m 375 |[39m     originalError[33m.[39mcall(console[33m,[39m [33m...[39margs)[33m;[39m
     [90m     |[39m                   [31m[1m^[22m[39m
     [90m 376 |[39m   }[33m;[39m
     [90m 377 |[39m })[33m;[39m
     [90m 378 |[39m[0m

      at console.call [as error] (jest.setup.js:375:19)
      at node_modules/.pnpm/react-dom@19.2.0_react@19.2.0/node_modules/react-dom/cjs/react-dom-client.development.js:18758:19
      at runWithFiberInDEV (node_modules/.pnpm/react-dom@19.2.0_react@19.2.0/node_modules/react-dom/cjs/react-dom-client.development.js:874:13)
      at warnIfUpdatesNotWrappedWithActDEV (node_modules/.pnpm/react-dom@19.2.0_react@19.2.0/node_modules/react-dom/cjs/react-dom-client.development.js:18757:9)
      at scheduleUpdateOnFiber (node_modules/.pnpm/react-dom@19.2.0_react@19.2.0/node_modules/react-dom/cjs/react-dom-client.development.js:16409:11)
      at dispatchSetStateInternal (node_modules/.pnpm/react-dom@19.2.0_react@19.2.0/node_modules/react-dom/cjs/react-dom-client.development.js:9170:13)
      at dispatchSetState (node_modules/.pnpm/react-dom@19.2.0_react@19.2.0/node_modules/react-dom/cjs/react-dom-client.development.js:9127:7)
      at setGames (src/components/game/GameProvider.tsx:84:7)

    console.error
      An update to GameProvider inside a test was not wrapped in act(...).
      
      When testing, code that causes React state updates should be wrapped into act(...):
      
      act(() => {
        /* fire events that update state */
      });
      /* assert on the output */
      
      This ensures that you're testing the behavior the user would see in the browser. Learn more at https://react.dev/link/wrap-tests-with-act

    [0m [90m 373 |[39m       [36mreturn[39m[33m;[39m
     [90m 374 |[39m     }
    [31m[1m>[22m[39m[90m 375 |[39m     originalError[33m.[39mcall(console[33m,[39m [33m...[39margs)[33m;[39m
     [90m     |[39m                   [31m[1m^[22m[39m
     [90m 376 |[39m   }[33m;[39m
     [90m 377 |[39m })[33m;[39m
     [90m 378 |[39m[0m

      at console.call [as error] (jest.setup.js:375:19)
      at node_modules/.pnpm/react-dom@19.2.0_react@19.2.0/node_modules/react-dom/cjs/react-dom-client.development.js:18758:19
      at runWithFiberInDEV (node_modules/.pnpm/react-dom@19.2.0_react@19.2.0/node_modules/react-dom/cjs/react-dom-client.development.js:874:13)
      at warnIfUpdatesNotWrappedWithActDEV (node_modules/.pnpm/react-dom@19.2.0_react@19.2.0/node_modules/react-dom/cjs/react-dom-client.development.js:18757:9)
      at scheduleUpdateOnFiber (node_modules/.pnpm/react-dom@19.2.0_react@19.2.0/node_modules/react-dom/cjs/react-dom-client.development.js:16409:11)
      at dispatchSetStateInternal (node_modules/.pnpm/react-dom@19.2.0_react@19.2.0/node_modules/react-dom/cjs/react-dom-client.development.js:9170:13)
      at dispatchSetState (node_modules/.pnpm/react-dom@19.2.0_react@19.2.0/node_modules/react-dom/cjs/react-dom-client.development.js:9127:7)
      at setSelectedGameId (src/components/game/GameProvider.tsx:88:7)

    console.error
      An update to GameProvider inside a test was not wrapped in act(...).
      
      When testing, code that causes React state updates should be wrapped into act(...):
      
      act(() => {
        /* fire events that update state */
      });
      /* assert on the output */
      
      This ensures that you're testing the behavior the user would see in the browser. Learn more at https://react.dev/link/wrap-tests-with-act

    [0m [90m 373 |[39m       [36mreturn[39m[33m;[39m
     [90m 374 |[39m     }
    [31m[1m>[22m[39m[90m 375 |[39m     originalError[33m.[39mcall(console[33m,[39m [33m...[39margs)[33m;[39m
     [90m     |[39m                   [31m[1m^[22m[39m
     [90m 376 |[39m   }[33m;[39m
     [90m 377 |[39m })[33m;[39m
     [90m 378 |[39m[0m

      at console.call [as error] (jest.setup.js:375:19)
      at node_modules/.pnpm/react-dom@19.2.0_react@19.2.0/node_modules/react-dom/cjs/react-dom-client.development.js:18758:19
      at runWithFiberInDEV (node_modules/.pnpm/react-dom@19.2.0_react@19.2.0/node_modules/react-dom/cjs/react-dom-client.development.js:874:13)
      at warnIfUpdatesNotWrappedWithActDEV (node_modules/.pnpm/react-dom@19.2.0_react@19.2.0/node_modules/react-dom/cjs/react-dom-client.development.js:18757:9)
      at scheduleUpdateOnFiber (node_modules/.pnpm/react-dom@19.2.0_react@19.2.0/node_modules/react-dom/cjs/react-dom-client.development.js:16409:11)
      at dispatchSetStateInternal (node_modules/.pnpm/react-dom@19.2.0_react@19.2.0/node_modules/react-dom/cjs/react-dom-client.development.js:9170:13)
      at dispatchSetState (node_modules/.pnpm/react-dom@19.2.0_react@19.2.0/node_modules/react-dom/cjs/react-dom-client.development.js:9127:7)
      at setLoading (src/components/game/GameProvider.tsx:99:7)

PASS src/__tests__/editor.test.tsx
PASS src/__tests__/pages/chat/chat.ui.test.tsx
PASS src/__tests__/pages/auth/callback.test.tsx
PASS src/components/diff/__tests__/SideBySideDiffView.test.tsx
  ● Console

    console.error
      An update to SideBySideDiffView inside a test was not wrapped in act(...).
      
      When testing, code that causes React state updates should be wrapped into act(...):
      
      act(() => {
        /* fire events that update state */
      });
      /* assert on the output */
      
      This ensures that you're testing the behavior the user would see in the browser. Learn more at https://react.dev/link/wrap-tests-with-act

    [0m [90m 373 |[39m       [36mreturn[39m[33m;[39m
     [90m 374 |[39m     }
    [31m[1m>[22m[39m[90m 375 |[39m     originalError[33m.[39mcall(console[33m,[39m [33m...[39margs)[33m;[39m
     [90m     |[39m                   [31m[1m^[22m[39m
     [90m 376 |[39m   }[33m;[39m
     [90m 377 |[39m })[33m;[39m
     [90m 378 |[39m[0m

      at console.call [as error] (jest.setup.js:375:19)
      at node_modules/.pnpm/react-dom@19.2.0_react@19.2.0/node_modules/react-dom/cjs/react-dom-client.development.js:18758:19
      at runWithFiberInDEV (node_modules/.pnpm/react-dom@19.2.0_react@19.2.0/node_modules/react-dom/cjs/react-dom-client.development.js:874:13)
      at warnIfUpdatesNotWrappedWithActDEV (node_modules/.pnpm/react-dom@19.2.0_react@19.2.0/node_modules/react-dom/cjs/react-dom-client.development.js:18757:9)
      at scheduleUpdateOnFiber (node_modules/.pnpm/react-dom@19.2.0_react@19.2.0/node_modules/react-dom/cjs/react-dom-client.development.js:16409:11)
      at dispatchSetStateInternal (node_modules/.pnpm/react-dom@19.2.0_react@19.2.0/node_modules/react-dom/cjs/react-dom-client.development.js:9170:13)
      at dispatchSetState (node_modules/.pnpm/react-dom@19.2.0_react@19.2.0/node_modules/react-dom/cjs/react-dom-client.development.js:9127:7)
      at setLastScrolledSide (src/components/diff/SideBySideDiffView.tsx:32:7)
      at onScroll (src/components/diff/__tests__/SideBySideDiffView.test.tsx:14:30)
      at executeDispatch (node_modules/.pnpm/react-dom@19.2.0_react@19.2.0/node_modules/react-dom/cjs/react-dom-client.development.js:19116:9)
      at runWithFiberInDEV (node_modules/.pnpm/react-dom@19.2.0_react@19.2.0/node_modules/react-dom/cjs/react-dom-client.development.js:874:13)
      at processDispatchQueue (node_modules/.pnpm/react-dom@19.2.0_react@19.2.0/node_modules/react-dom/cjs/react-dom-client.development.js:19166:19)
      at node_modules/.pnpm/react-dom@19.2.0_react@19.2.0/node_modules/react-dom/cjs/react-dom-client.development.js:19767:9
      at batchedUpdates$1 (node_modules/.pnpm/react-dom@19.2.0_react@19.2.0/node_modules/react-dom/cjs/react-dom-client.development.js:3255:40)
      at dispatchEventForPluginEventSystem (node_modules/.pnpm/react-dom@19.2.0_react@19.2.0/node_modules/react-dom/cjs/react-dom-client.development.js:19320:7)
      at dispatchEvent (node_modules/.pnpm/react-dom@19.2.0_react@19.2.0/node_modules/react-dom/cjs/react-dom-client.development.js:23585:11)
      at dispatchDiscreteEvent (node_modules/.pnpm/react-dom@19.2.0_react@19.2.0/node_modules/react-dom/cjs/react-dom-client.development.js:23553:11)
      at HTMLDivElement.callTheUserObjectsOperation (node_modules/.pnpm/jsdom@26.1.0/node_modules/jsdom/lib/jsdom/living/generated/EventListener.js:26:30)
      at innerInvokeEventListeners (node_modules/.pnpm/jsdom@26.1.0/node_modules/jsdom/lib/jsdom/living/events/EventTarget-impl.js:350:25)
      at invokeEventListeners (node_modules/.pnpm/jsdom@26.1.0/node_modules/jsdom/lib/jsdom/living/events/EventTarget-impl.js:286:3)
      at HTMLButtonElementImpl._dispatch (node_modules/.pnpm/jsdom@26.1.0/node_modules/jsdom/lib/jsdom/living/events/EventTarget-impl.js:233:9)
      at fireAnEvent (node_modules/.pnpm/jsdom@26.1.0/node_modules/jsdom/lib/jsdom/living/helpers/events.js:18:36)
      at HTMLButtonElementImpl.click (node_modules/.pnpm/jsdom@26.1.0/node_modules/jsdom/lib/jsdom/living/nodes/HTMLElement-impl.js:85:5)
      at HTMLButtonElement.click (node_modules/.pnpm/jsdom@26.1.0/node_modules/jsdom/lib/jsdom/living/generated/HTMLElement.js:108:34)
      at Object.click (src/components/diff/__tests__/SideBySideDiffView.test.tsx:210:26)

    console.error
      An update to SideBySideDiffView inside a test was not wrapped in act(...).
      
      When testing, code that causes React state updates should be wrapped into act(...):
      
      act(() => {
        /* fire events that update state */
      });
      /* assert on the output */
      
      This ensures that you're testing the behavior the user would see in the browser. Learn more at https://react.dev/link/wrap-tests-with-act

    [0m [90m 373 |[39m       [36mreturn[39m[33m;[39m
     [90m 374 |[39m     }
    [31m[1m>[22m[39m[90m 375 |[39m     originalError[33m.[39mcall(console[33m,[39m [33m...[39margs)[33m;[39m
     [90m     |[39m                   [31m[1m^[22m[39m
     [90m 376 |[39m   }[33m;[39m
     [90m 377 |[39m })[33m;[39m
     [90m 378 |[39m[0m

      at console.call [as error] (jest.setup.js:375:19)
      at node_modules/.pnpm/react-dom@19.2.0_react@19.2.0/node_modules/react-dom/cjs/react-dom-client.development.js:18758:19
      at runWithFiberInDEV (node_modules/.pnpm/react-dom@19.2.0_react@19.2.0/node_modules/react-dom/cjs/react-dom-client.development.js:874:13)
      at warnIfUpdatesNotWrappedWithActDEV (node_modules/.pnpm/react-dom@19.2.0_react@19.2.0/node_modules/react-dom/cjs/react-dom-client.development.js:18757:9)
      at scheduleUpdateOnFiber (node_modules/.pnpm/react-dom@19.2.0_react@19.2.0/node_modules/react-dom/cjs/react-dom-client.development.js:16409:11)
      at dispatchSetStateInternal (node_modules/.pnpm/react-dom@19.2.0_react@19.2.0/node_modules/react-dom/cjs/react-dom-client.development.js:9170:13)
      at dispatchSetState (node_modules/.pnpm/react-dom@19.2.0_react@19.2.0/node_modules/react-dom/cjs/react-dom-client.development.js:9127:7)
      at setRightScrollTop (src/components/diff/SideBySideDiffView.tsx:33:7)
      at onScroll (src/components/diff/__tests__/SideBySideDiffView.test.tsx:14:30)
      at executeDispatch (node_modules/.pnpm/react-dom@19.2.0_react@19.2.0/node_modules/react-dom/cjs/react-dom-client.development.js:19116:9)
      at runWithFiberInDEV (node_modules/.pnpm/react-dom@19.2.0_react@19.2.0/node_modules/react-dom/cjs/react-dom-client.development.js:874:13)
      at processDispatchQueue (node_modules/.pnpm/react-dom@19.2.0_react@19.2.0/node_modules/react-dom/cjs/react-dom-client.development.js:19166:19)
      at node_modules/.pnpm/react-dom@19.2.0_react@19.2.0/node_modules/react-dom/cjs/react-dom-client.development.js:19767:9
      at batchedUpdates$1 (node_modules/.pnpm/react-dom@19.2.0_react@19.2.0/node_modules/react-dom/cjs/react-dom-client.development.js:3255:40)
      at dispatchEventForPluginEventSystem (node_modules/.pnpm/react-dom@19.2.0_react@19.2.0/node_modules/react-dom/cjs/react-dom-client.development.js:19320:7)
      at dispatchEvent (node_modules/.pnpm/react-dom@19.2.0_react@19.2.0/node_modules/react-dom/cjs/react-dom-client.development.js:23585:11)
      at dispatchDiscreteEvent (node_modules/.pnpm/react-dom@19.2.0_react@19.2.0/node_modules/react-dom/cjs/react-dom-client.development.js:23553:11)
      at HTMLDivElement.callTheUserObjectsOperation (node_modules/.pnpm/jsdom@26.1.0/node_modules/jsdom/lib/jsdom/living/generated/EventListener.js:26:30)
      at innerInvokeEventListeners (node_modules/.pnpm/jsdom@26.1.0/node_modules/jsdom/lib/jsdom/living/events/EventTarget-impl.js:350:25)
      at invokeEventListeners (node_modules/.pnpm/jsdom@26.1.0/node_modules/jsdom/lib/jsdom/living/events/EventTarget-impl.js:286:3)
      at HTMLButtonElementImpl._dispatch (node_modules/.pnpm/jsdom@26.1.0/node_modules/jsdom/lib/jsdom/living/events/EventTarget-impl.js:233:9)
      at fireAnEvent (node_modules/.pnpm/jsdom@26.1.0/node_modules/jsdom/lib/jsdom/living/helpers/events.js:18:36)
      at HTMLButtonElementImpl.click (node_modules/.pnpm/jsdom@26.1.0/node_modules/jsdom/lib/jsdom/living/nodes/HTMLElement-impl.js:85:5)
      at HTMLButtonElement.click (node_modules/.pnpm/jsdom@26.1.0/node_modules/jsdom/lib/jsdom/living/generated/HTMLElement.js:108:34)
      at Object.click (src/components/diff/__tests__/SideBySideDiffView.test.tsx:210:26)

    console.error
      An update to SideBySideDiffView inside a test was not wrapped in act(...).
      
      When testing, code that causes React state updates should be wrapped into act(...):
      
      act(() => {
        /* fire events that update state */
      });
      /* assert on the output */
      
      This ensures that you're testing the behavior the user would see in the browser. Learn more at https://react.dev/link/wrap-tests-with-act

    [0m [90m 373 |[39m       [36mreturn[39m[33m;[39m
     [90m 374 |[39m     }
    [31m[1m>[22m[39m[90m 375 |[39m     originalError[33m.[39mcall(console[33m,[39m [33m...[39margs)[33m;[39m
     [90m     |[39m                   [31m[1m^[22m[39m
     [90m 376 |[39m   }[33m;[39m
     [90m 377 |[39m })[33m;[39m
     [90m 378 |[39m[0m

      at console.call [as error] (jest.setup.js:375:19)
      at node_modules/.pnpm/react-dom@19.2.0_react@19.2.0/node_modules/react-dom/cjs/react-dom-client.development.js:18758:19
      at runWithFiberInDEV (node_modules/.pnpm/react-dom@19.2.0_react@19.2.0/node_modules/react-dom/cjs/react-dom-client.development.js:874:13)
      at warnIfUpdatesNotWrappedWithActDEV (node_modules/.pnpm/react-dom@19.2.0_react@19.2.0/node_modules/react-dom/cjs/react-dom-client.development.js:18757:9)
      at scheduleUpdateOnFiber (node_modules/.pnpm/react-dom@19.2.0_react@19.2.0/node_modules/react-dom/cjs/react-dom-client.development.js:16409:11)
      at dispatchSetStateInternal (node_modules/.pnpm/react-dom@19.2.0_react@19.2.0/node_modules/react-dom/cjs/react-dom-client.development.js:9170:13)
      at dispatchSetState (node_modules/.pnpm/react-dom@19.2.0_react@19.2.0/node_modules/react-dom/cjs/react-dom-client.development.js:9127:7)
      at setLastScrolledSide (src/components/diff/SideBySideDiffView.tsx:39:7)
      at onScroll (src/components/diff/__tests__/SideBySideDiffView.test.tsx:14:30)
      at executeDispatch (node_modules/.pnpm/react-dom@19.2.0_react@19.2.0/node_modules/react-dom/cjs/react-dom-client.development.js:19116:9)
      at runWithFiberInDEV (node_modules/.pnpm/react-dom@19.2.0_react@19.2.0/node_modules/react-dom/cjs/react-dom-client.development.js:874:13)
      at processDispatchQueue (node_modules/.pnpm/react-dom@19.2.0_react@19.2.0/node_modules/react-dom/cjs/react-dom-client.development.js:19166:19)
      at node_modules/.pnpm/react-dom@19.2.0_react@19.2.0/node_modules/react-dom/cjs/react-dom-client.development.js:19767:9
      at batchedUpdates$1 (node_modules/.pnpm/react-dom@19.2.0_react@19.2.0/node_modules/react-dom/cjs/react-dom-client.development.js:3255:40)
      at dispatchEventForPluginEventSystem (node_modules/.pnpm/react-dom@19.2.0_react@19.2.0/node_modules/react-dom/cjs/react-dom-client.development.js:19320:7)
      at dispatchEvent (node_modules/.pnpm/react-dom@19.2.0_react@19.2.0/node_modules/react-dom/cjs/react-dom-client.development.js:23585:11)
      at dispatchDiscreteEvent (node_modules/.pnpm/react-dom@19.2.0_react@19.2.0/node_modules/react-dom/cjs/react-dom-client.development.js:23553:11)
      at HTMLDivElement.callTheUserObjectsOperation (node_modules/.pnpm/jsdom@26.1.0/node_modules/jsdom/lib/jsdom/living/generated/EventListener.js:26:30)
      at innerInvokeEventListeners (node_modules/.pnpm/jsdom@26.1.0/node_modules/jsdom/lib/jsdom/living/events/EventTarget-impl.js:350:25)
      at invokeEventListeners (node_modules/.pnpm/jsdom@26.1.0/node_modules/jsdom/lib/jsdom/living/events/EventTarget-impl.js:286:3)
      at HTMLButtonElementImpl._dispatch (node_modules/.pnpm/jsdom@26.1.0/node_modules/jsdom/lib/jsdom/living/events/EventTarget-impl.js:233:9)
      at fireAnEvent (node_modules/.pnpm/jsdom@26.1.0/node_modules/jsdom/lib/jsdom/living/helpers/events.js:18:36)
      at HTMLButtonElementImpl.click (node_modules/.pnpm/jsdom@26.1.0/node_modules/jsdom/lib/jsdom/living/nodes/HTMLElement-impl.js:85:5)
      at HTMLButtonElement.click (node_modules/.pnpm/jsdom@26.1.0/node_modules/jsdom/lib/jsdom/living/generated/HTMLElement.js:108:34)
      at Object.click (src/components/diff/__tests__/SideBySideDiffView.test.tsx:234:27)

    console.error
      An update to SideBySideDiffView inside a test was not wrapped in act(...).
      
      When testing, code that causes React state updates should be wrapped into act(...):
      
      act(() => {
        /* fire events that update state */
      });
      /* assert on the output */
      
      This ensures that you're testing the behavior the user would see in the browser. Learn more at https://react.dev/link/wrap-tests-with-act

    [0m [90m 373 |[39m       [36mreturn[39m[33m;[39m
     [90m 374 |[39m     }
    [31m[1m>[22m[39m[90m 375 |[39m     originalError[33m.[39mcall(console[33m,[39m [33m...[39margs)[33m;[39m
     [90m     |[39m                   [31m[1m^[22m[39m
     [90m 376 |[39m   }[33m;[39m
     [90m 377 |[39m })[33m;[39m
     [90m 378 |[39m[0m

      at console.call [as error] (jest.setup.js:375:19)
      at node_modules/.pnpm/react-dom@19.2.0_react@19.2.0/node_modules/react-dom/cjs/react-dom-client.development.js:18758:19
      at runWithFiberInDEV (node_modules/.pnpm/react-dom@19.2.0_react@19.2.0/node_modules/react-dom/cjs/react-dom-client.development.js:874:13)
      at warnIfUpdatesNotWrappedWithActDEV (node_modules/.pnpm/react-dom@19.2.0_react@19.2.0/node_modules/react-dom/cjs/react-dom-client.development.js:18757:9)
      at scheduleUpdateOnFiber (node_modules/.pnpm/react-dom@19.2.0_react@19.2.0/node_modules/react-dom/cjs/react-dom-client.development.js:16409:11)
      at dispatchSetStateInternal (node_modules/.pnpm/react-dom@19.2.0_react@19.2.0/node_modules/react-dom/cjs/react-dom-client.development.js:9170:13)
      at dispatchSetState (node_modules/.pnpm/react-dom@19.2.0_react@19.2.0/node_modules/react-dom/cjs/react-dom-client.development.js:9127:7)
      at setLeftScrollTop (src/components/diff/SideBySideDiffView.tsx:40:7)
      at onScroll (src/components/diff/__tests__/SideBySideDiffView.test.tsx:14:30)
      at executeDispatch (node_modules/.pnpm/react-dom@19.2.0_react@19.2.0/node_modules/react-dom/cjs/react-dom-client.development.js:19116:9)
      at runWithFiberInDEV (node_modules/.pnpm/react-dom@19.2.0_react@19.2.0/node_modules/react-dom/cjs/react-dom-client.development.js:874:13)
      at processDispatchQueue (node_modules/.pnpm/react-dom@19.2.0_react@19.2.0/node_modules/react-dom/cjs/react-dom-client.development.js:19166:19)
      at node_modules/.pnpm/react-dom@19.2.0_react@19.2.0/node_modules/react-dom/cjs/react-dom-client.development.js:19767:9
      at batchedUpdates$1 (node_modules/.pnpm/react-dom@19.2.0_react@19.2.0/node_modules/react-dom/cjs/react-dom-client.development.js:3255:40)
      at dispatchEventForPluginEventSystem (node_modules/.pnpm/react-dom@19.2.0_react@19.2.0/node_modules/react-dom/cjs/react-dom-client.development.js:19320:7)
      at dispatchEvent (node_modules/.pnpm/react-dom@19.2.0_react@19.2.0/node_modules/react-dom/cjs/react-dom-client.development.js:23585:11)
      at dispatchDiscreteEvent (node_modules/.pnpm/react-dom@19.2.0_react@19.2.0/node_modules/react-dom/cjs/react-dom-client.development.js:23553:11)
      at HTMLDivElement.callTheUserObjectsOperation (node_modules/.pnpm/jsdom@26.1.0/node_modules/jsdom/lib/jsdom/living/generated/EventListener.js:26:30)
      at innerInvokeEventListeners (node_modules/.pnpm/jsdom@26.1.0/node_modules/jsdom/lib/jsdom/living/events/EventTarget-impl.js:350:25)
      at invokeEventListeners (node_modules/.pnpm/jsdom@26.1.0/node_modules/jsdom/lib/jsdom/living/events/EventTarget-impl.js:286:3)
      at HTMLButtonElementImpl._dispatch (node_modules/.pnpm/jsdom@26.1.0/node_modules/jsdom/lib/jsdom/living/events/EventTarget-impl.js:233:9)
      at fireAnEvent (node_modules/.pnpm/jsdom@26.1.0/node_modules/jsdom/lib/jsdom/living/helpers/events.js:18:36)
      at HTMLButtonElementImpl.click (node_modules/.pnpm/jsdom@26.1.0/node_modules/jsdom/lib/jsdom/living/nodes/HTMLElement-impl.js:85:5)
      at HTMLButtonElement.click (node_modules/.pnpm/jsdom@26.1.0/node_modules/jsdom/lib/jsdom/living/generated/HTMLElement.js:108:34)
      at Object.click (src/components/diff/__tests__/SideBySideDiffView.test.tsx:234:27)

    console.error
      An update to SideBySideDiffView inside a test was not wrapped in act(...).
      
      When testing, code that causes React state updates should be wrapped into act(...):
      
      act(() => {
        /* fire events that update state */
      });
      /* assert on the output */
      
      This ensures that you're testing the behavior the user would see in the browser. Learn more at https://react.dev/link/wrap-tests-with-act

    [0m [90m 373 |[39m       [36mreturn[39m[33m;[39m
     [90m 374 |[39m     }
    [31m[1m>[22m[39m[90m 375 |[39m     originalError[33m.[39mcall(console[33m,[39m [33m...[39margs)[33m;[39m
     [90m     |[39m                   [31m[1m^[22m[39m
     [90m 376 |[39m   }[33m;[39m
     [90m 377 |[39m })[33m;[39m
     [90m 378 |[39m[0m

      at console.call [as error] (jest.setup.js:375:19)
      at node_modules/.pnpm/react-dom@19.2.0_react@19.2.0/node_modules/react-dom/cjs/react-dom-client.development.js:18758:19
      at runWithFiberInDEV (node_modules/.pnpm/react-dom@19.2.0_react@19.2.0/node_modules/react-dom/cjs/react-dom-client.development.js:874:13)
      at warnIfUpdatesNotWrappedWithActDEV (node_modules/.pnpm/react-dom@19.2.0_react@19.2.0/node_modules/react-dom/cjs/react-dom-client.development.js:18757:9)
      at scheduleUpdateOnFiber (node_modules/.pnpm/react-dom@19.2.0_react@19.2.0/node_modules/react-dom/cjs/react-dom-client.development.js:16409:11)
      at dispatchSetStateInternal (node_modules/.pnpm/react-dom@19.2.0_react@19.2.0/node_modules/react-dom/cjs/react-dom-client.development.js:9170:13)
      at dispatchSetState (node_modules/.pnpm/react-dom@19.2.0_react@19.2.0/node_modules/react-dom/cjs/react-dom-client.development.js:9127:7)
      at setLastScrolledSide (src/components/diff/SideBySideDiffView.tsx:32:7)
      at onScroll (src/components/diff/__tests__/SideBySideDiffView.test.tsx:14:30)
      at executeDispatch (node_modules/.pnpm/react-dom@19.2.0_react@19.2.0/node_modules/react-dom/cjs/react-dom-client.development.js:19116:9)
      at runWithFiberInDEV (node_modules/.pnpm/react-dom@19.2.0_react@19.2.0/node_modules/react-dom/cjs/react-dom-client.development.js:874:13)
      at processDispatchQueue (node_modules/.pnpm/react-dom@19.2.0_react@19.2.0/node_modules/react-dom/cjs/react-dom-client.development.js:19166:19)
      at node_modules/.pnpm/react-dom@19.2.0_react@19.2.0/node_modules/react-dom/cjs/react-dom-client.development.js:19767:9
      at batchedUpdates$1 (node_modules/.pnpm/react-dom@19.2.0_react@19.2.0/node_modules/react-dom/cjs/react-dom-client.development.js:3255:40)
      at dispatchEventForPluginEventSystem (node_modules/.pnpm/react-dom@19.2.0_react@19.2.0/node_modules/react-dom/cjs/react-dom-client.development.js:19320:7)
      at dispatchEvent (node_modules/.pnpm/react-dom@19.2.0_react@19.2.0/node_modules/react-dom/cjs/react-dom-client.development.js:23585:11)
      at dispatchDiscreteEvent (node_modules/.pnpm/react-dom@19.2.0_react@19.2.0/node_modules/react-dom/cjs/react-dom-client.development.js:23553:11)
      at HTMLDivElement.callTheUserObjectsOperation (node_modules/.pnpm/jsdom@26.1.0/node_modules/jsdom/lib/jsdom/living/generated/EventListener.js:26:30)
      at innerInvokeEventListeners (node_modules/.pnpm/jsdom@26.1.0/node_modules/jsdom/lib/jsdom/living/events/EventTarget-impl.js:350:25)
      at invokeEventListeners (node_modules/.pnpm/jsdom@26.1.0/node_modules/jsdom/lib/jsdom/living/events/EventTarget-impl.js:286:3)
      at HTMLButtonElementImpl._dispatch (node_modules/.pnpm/jsdom@26.1.0/node_modules/jsdom/lib/jsdom/living/events/EventTarget-impl.js:233:9)
      at fireAnEvent (node_modules/.pnpm/jsdom@26.1.0/node_modules/jsdom/lib/jsdom/living/helpers/events.js:18:36)
      at HTMLButtonElementImpl.click (node_modules/.pnpm/jsdom@26.1.0/node_modules/jsdom/lib/jsdom/living/nodes/HTMLElement-impl.js:85:5)
      at HTMLButtonElement.click (node_modules/.pnpm/jsdom@26.1.0/node_modules/jsdom/lib/jsdom/living/generated/HTMLElement.js:108:34)
      at Object.click (src/components/diff/__tests__/SideBySideDiffView.test.tsx:258:26)

    console.error
      An update to SideBySideDiffView inside a test was not wrapped in act(...).
      
      When testing, code that causes React state updates should be wrapped into act(...):
      
      act(() => {
        /* fire events that update state */
      });
      /* assert on the output */
      
      This ensures that you're testing the behavior the user would see in the browser. Learn more at https://react.dev/link/wrap-tests-with-act

    [0m [90m 373 |[39m       [36mreturn[39m[33m;[39m
     [90m 374 |[39m     }
    [31m[1m>[22m[39m[90m 375 |[39m     originalError[33m.[39mcall(console[33m,[39m [33m...[39margs)[33m;[39m
     [90m     |[39m                   [31m[1m^[22m[39m
     [90m 376 |[39m   }[33m;[39m
     [90m 377 |[39m })[33m;[39m
     [90m 378 |[39m[0m

      at console.call [as error] (jest.setup.js:375:19)
      at node_modules/.pnpm/react-dom@19.2.0_react@19.2.0/node_modules/react-dom/cjs/react-dom-client.development.js:18758:19
      at runWithFiberInDEV (node_modules/.pnpm/react-dom@19.2.0_react@19.2.0/node_modules/react-dom/cjs/react-dom-client.development.js:874:13)
      at warnIfUpdatesNotWrappedWithActDEV (node_modules/.pnpm/react-dom@19.2.0_react@19.2.0/node_modules/react-dom/cjs/react-dom-client.development.js:18757:9)
      at scheduleUpdateOnFiber (node_modules/.pnpm/react-dom@19.2.0_react@19.2.0/node_modules/react-dom/cjs/react-dom-client.development.js:16409:11)
      at dispatchSetStateInternal (node_modules/.pnpm/react-dom@19.2.0_react@19.2.0/node_modules/react-dom/cjs/react-dom-client.development.js:9170:13)
      at dispatchSetState (node_modules/.pnpm/react-dom@19.2.0_react@19.2.0/node_modules/react-dom/cjs/react-dom-client.development.js:9127:7)
      at setRightScrollTop (src/components/diff/SideBySideDiffView.tsx:33:7)
      at onScroll (src/components/diff/__tests__/SideBySideDiffView.test.tsx:14:30)
      at executeDispatch (node_modules/.pnpm/react-dom@19.2.0_react@19.2.0/node_modules/react-dom/cjs/react-dom-client.development.js:19116:9)
      at runWithFiberInDEV (node_modules/.pnpm/react-dom@19.2.0_react@19.2.0/node_modules/react-dom/cjs/react-dom-client.development.js:874:13)
      at processDispatchQueue (node_modules/.pnpm/react-dom@19.2.0_react@19.2.0/node_modules/react-dom/cjs/react-dom-client.development.js:19166:19)
      at node_modules/.pnpm/react-dom@19.2.0_react@19.2.0/node_modules/react-dom/cjs/react-dom-client.development.js:19767:9
      at batchedUpdates$1 (node_modules/.pnpm/react-dom@19.2.0_react@19.2.0/node_modules/react-dom/cjs/react-dom-client.development.js:3255:40)
      at dispatchEventForPluginEventSystem (node_modules/.pnpm/react-dom@19.2.0_react@19.2.0/node_modules/react-dom/cjs/react-dom-client.development.js:19320:7)
      at dispatchEvent (node_modules/.pnpm/react-dom@19.2.0_react@19.2.0/node_modules/react-dom/cjs/react-dom-client.development.js:23585:11)
      at dispatchDiscreteEvent (node_modules/.pnpm/react-dom@19.2.0_react@19.2.0/node_modules/react-dom/cjs/react-dom-client.development.js:23553:11)
      at HTMLDivElement.callTheUserObjectsOperation (node_modules/.pnpm/jsdom@26.1.0/node_modules/jsdom/lib/jsdom/living/generated/EventListener.js:26:30)
      at innerInvokeEventListeners (node_modules/.pnpm/jsdom@26.1.0/node_modules/jsdom/lib/jsdom/living/events/EventTarget-impl.js:350:25)
      at invokeEventListeners (node_modules/.pnpm/jsdom@26.1.0/node_modules/jsdom/lib/jsdom/living/events/EventTarget-impl.js:286:3)
      at HTMLButtonElementImpl._dispatch (node_modules/.pnpm/jsdom@26.1.0/node_modules/jsdom/lib/jsdom/living/events/EventTarget-impl.js:233:9)
      at fireAnEvent (node_modules/.pnpm/jsdom@26.1.0/node_modules/jsdom/lib/jsdom/living/helpers/events.js:18:36)
      at HTMLButtonElementImpl.click (node_modules/.pnpm/jsdom@26.1.0/node_modules/jsdom/lib/jsdom/living/nodes/HTMLElement-impl.js:85:5)
      at HTMLButtonElement.click (node_modules/.pnpm/jsdom@26.1.0/node_modules/jsdom/lib/jsdom/living/generated/HTMLElement.js:108:34)
      at Object.click (src/components/diff/__tests__/SideBySideDiffView.test.tsx:258:26)

    console.error
      An update to SideBySideDiffView inside a test was not wrapped in act(...).
      
      When testing, code that causes React state updates should be wrapped into act(...):
      
      act(() => {
        /* fire events that update state */
      });
      /* assert on the output */
      
      This ensures that you're testing the behavior the user would see in the browser. Learn more at https://react.dev/link/wrap-tests-with-act

    [0m [90m 373 |[39m       [36mreturn[39m[33m;[39m
     [90m 374 |[39m     }
    [31m[1m>[22m[39m[90m 375 |[39m     originalError[33m.[39mcall(console[33m,[39m [33m...[39margs)[33m;[39m
     [90m     |[39m                   [31m[1m^[22m[39m
     [90m 376 |[39m   }[33m;[39m
     [90m 377 |[39m })[33m;[39m
     [90m 378 |[39m[0m

      at console.call [as error] (jest.setup.js:375:19)
      at node_modules/.pnpm/react-dom@19.2.0_react@19.2.0/node_modules/react-dom/cjs/react-dom-client.development.js:18758:19
      at runWithFiberInDEV (node_modules/.pnpm/react-dom@19.2.0_react@19.2.0/node_modules/react-dom/cjs/react-dom-client.development.js:874:13)
      at warnIfUpdatesNotWrappedWithActDEV (node_modules/.pnpm/react-dom@19.2.0_react@19.2.0/node_modules/react-dom/cjs/react-dom-client.development.js:18757:9)
      at scheduleUpdateOnFiber (node_modules/.pnpm/react-dom@19.2.0_react@19.2.0/node_modules/react-dom/cjs/react-dom-client.development.js:16409:11)
      at dispatchSetStateInternal (node_modules/.pnpm/react-dom@19.2.0_react@19.2.0/node_modules/react-dom/cjs/react-dom-client.development.js:9170:13)
      at dispatchSetState (node_modules/.pnpm/react-dom@19.2.0_react@19.2.0/node_modules/react-dom/cjs/react-dom-client.development.js:9127:7)
      at setLastScrolledSide (src/components/diff/SideBySideDiffView.tsx:32:7)
      at onScroll (src/components/diff/__tests__/SideBySideDiffView.test.tsx:14:30)
      at executeDispatch (node_modules/.pnpm/react-dom@19.2.0_react@19.2.0/node_modules/react-dom/cjs/react-dom-client.development.js:19116:9)
      at runWithFiberInDEV (node_modules/.pnpm/react-dom@19.2.0_react@19.2.0/node_modules/react-dom/cjs/react-dom-client.development.js:874:13)
      at processDispatchQueue (node_modules/.pnpm/react-dom@19.2.0_react@19.2.0/node_modules/react-dom/cjs/react-dom-client.development.js:19166:19)
      at node_modules/.pnpm/react-dom@19.2.0_react@19.2.0/node_modules/react-dom/cjs/react-dom-client.development.js:19767:9
      at batchedUpdates$1 (node_modules/.pnpm/react-dom@19.2.0_react@19.2.0/node_modules/react-dom/cjs/react-dom-client.development.js:3255:40)
      at dispatchEventForPluginEventSystem (node_modules/.pnpm/react-dom@19.2.0_react@19.2.0/node_modules/react-dom/cjs/react-dom-client.development.js:19320:7)
      at dispatchEvent (node_modules/.pnpm/react-dom@19.2.0_react@19.2.0/node_modules/react-dom/cjs/react-dom-client.development.js:23585:11)
      at dispatchDiscreteEvent (node_modules/.pnpm/react-dom@19.2.0_react@19.2.0/node_modules/react-dom/cjs/react-dom-client.development.js:23553:11)
      at HTMLDivElement.callTheUserObjectsOperation (node_modules/.pnpm/jsdom@26.1.0/node_modules/jsdom/lib/jsdom/living/generated/EventListener.js:26:30)
      at innerInvokeEventListeners (node_modules/.pnpm/jsdom@26.1.0/node_modules/jsdom/lib/jsdom/living/events/EventTarget-impl.js:350:25)
      at invokeEventListeners (node_modules/.pnpm/jsdom@26.1.0/node_modules/jsdom/lib/jsdom/living/events/EventTarget-impl.js:286:3)
      at HTMLButtonElementImpl._dispatch (node_modules/.pnpm/jsdom@26.1.0/node_modules/jsdom/lib/jsdom/living/events/EventTarget-impl.js:233:9)
      at fireAnEvent (node_modules/.pnpm/jsdom@26.1.0/node_modules/jsdom/lib/jsdom/living/helpers/events.js:18:36)
      at HTMLButtonElementImpl.click (node_modules/.pnpm/jsdom@26.1.0/node_modules/jsdom/lib/jsdom/living/nodes/HTMLElement-impl.js:85:5)
      at HTMLButtonElement.click (node_modules/.pnpm/jsdom@26.1.0/node_modules/jsdom/lib/jsdom/living/generated/HTMLElement.js:108:34)
      at Object.click (src/components/diff/__tests__/SideBySideDiffView.test.tsx:259:26)

    console.error
      An update to SideBySideDiffView inside a test was not wrapped in act(...).
      
      When testing, code that causes React state updates should be wrapped into act(...):
      
      act(() => {
        /* fire events that update state */
      });
      /* assert on the output */
      
      This ensures that you're testing the behavior the user would see in the browser. Learn more at https://react.dev/link/wrap-tests-with-act

    [0m [90m 373 |[39m       [36mreturn[39m[33m;[39m
     [90m 374 |[39m     }
    [31m[1m>[22m[39m[90m 375 |[39m     originalError[33m.[39mcall(console[33m,[39m [33m...[39margs)[33m;[39m
     [90m     |[39m                   [31m[1m^[22m[39m
     [90m 376 |[39m   }[33m;[39m
     [90m 377 |[39m })[33m;[39m
     [90m 378 |[39m[0m

      at console.call [as error] (jest.setup.js:375:19)
      at node_modules/.pnpm/react-dom@19.2.0_react@19.2.0/node_modules/react-dom/cjs/react-dom-client.development.js:18758:19
      at runWithFiberInDEV (node_modules/.pnpm/react-dom@19.2.0_react@19.2.0/node_modules/react-dom/cjs/react-dom-client.development.js:874:13)
      at warnIfUpdatesNotWrappedWithActDEV (node_modules/.pnpm/react-dom@19.2.0_react@19.2.0/node_modules/react-dom/cjs/react-dom-client.development.js:18757:9)
      at scheduleUpdateOnFiber (node_modules/.pnpm/react-dom@19.2.0_react@19.2.0/node_modules/react-dom/cjs/react-dom-client.development.js:16409:11)
      at dispatchSetStateInternal (node_modules/.pnpm/react-dom@19.2.0_react@19.2.0/node_modules/react-dom/cjs/react-dom-client.development.js:9170:13)
      at dispatchSetState (node_modules/.pnpm/react-dom@19.2.0_react@19.2.0/node_modules/react-dom/cjs/react-dom-client.development.js:9127:7)
      at setRightScrollTop (src/components/diff/SideBySideDiffView.tsx:33:7)
      at onScroll (src/components/diff/__tests__/SideBySideDiffView.test.tsx:14:30)
      at executeDispatch (node_modules/.pnpm/react-dom@19.2.0_react@19.2.0/node_modules/react-dom/cjs/react-dom-client.development.js:19116:9)
      at runWithFiberInDEV (node_modules/.pnpm/react-dom@19.2.0_react@19.2.0/node_modules/react-dom/cjs/react-dom-client.development.js:874:13)
      at processDispatchQueue (node_modules/.pnpm/react-dom@19.2.0_react@19.2.0/node_modules/react-dom/cjs/react-dom-client.development.js:19166:19)
      at node_modules/.pnpm/react-dom@19.2.0_react@19.2.0/node_modules/react-dom/cjs/react-dom-client.development.js:19767:9
      at batchedUpdates$1 (node_modules/.pnpm/react-dom@19.2.0_react@19.2.0/node_modules/react-dom/cjs/react-dom-client.development.js:3255:40)
      at dispatchEventForPluginEventSystem (node_modules/.pnpm/react-dom@19.2.0_react@19.2.0/node_modules/react-dom/cjs/react-dom-client.development.js:19320:7)
      at dispatchEvent (node_modules/.pnpm/react-dom@19.2.0_react@19.2.0/node_modules/react-dom/cjs/react-dom-client.development.js:23585:11)
      at dispatchDiscreteEvent (node_modules/.pnpm/react-dom@19.2.0_react@19.2.0/node_modules/react-dom/cjs/react-dom-client.development.js:23553:11)
      at HTMLDivElement.callTheUserObjectsOperation (node_modules/.pnpm/jsdom@26.1.0/node_modules/jsdom/lib/jsdom/living/generated/EventListener.js:26:30)
      at innerInvokeEventListeners (node_modules/.pnpm/jsdom@26.1.0/node_modules/jsdom/lib/jsdom/living/events/EventTarget-impl.js:350:25)
      at invokeEventListeners (node_modules/.pnpm/jsdom@26.1.0/node_modules/jsdom/lib/jsdom/living/events/EventTarget-impl.js:286:3)
      at HTMLButtonElementImpl._dispatch (node_modules/.pnpm/jsdom@26.1.0/node_modules/jsdom/lib/jsdom/living/events/EventTarget-impl.js:233:9)
      at fireAnEvent (node_modules/.pnpm/jsdom@26.1.0/node_modules/jsdom/lib/jsdom/living/helpers/events.js:18:36)
      at HTMLButtonElementImpl.click (node_modules/.pnpm/jsdom@26.1.0/node_modules/jsdom/lib/jsdom/living/nodes/HTMLElement-impl.js:85:5)
      at HTMLButtonElement.click (node_modules/.pnpm/jsdom@26.1.0/node_modules/jsdom/lib/jsdom/living/generated/HTMLElement.js:108:34)
      at Object.click (src/components/diff/__tests__/SideBySideDiffView.test.tsx:259:26)

PASS src/__tests__/components/games/GameSearchBar.test.tsx
PASS src/components/accessible/__tests__/AccessibleSkipLink.a11y.test.tsx
PASS src/lib/animations/__tests__/useReducedMotion.test.tsx
PASS src/components/editor/__tests__/ViewModeToggle.test.tsx
PASS src/components/loading/__tests__/LoadingButton.test.tsx
PASS src/lib/__tests__/retryUtils.test.ts
PASS src/test-utils/__tests__/timer-test-helpers.test.ts
PASS src/components/loading/__tests__/MessageAnimator.test.tsx
PASS src/components/__tests__/ErrorDisplay.test.tsx
PASS src/lib/__tests__/api-extended.test.ts
PASS src/__tests__/utils/__tests__/mock-api-presets.test.ts
PASS src/__tests__/pages/chat.test.tsx
PASS src/__tests__/pages/chat/shared/__tests__/chat-test-utils.test.ts
PASS src/__tests__/components/games/GameCard.test.tsx
PASS src/lib/__tests__/diffProcessor.test.ts
PASS src/__tests__/utils/mock-api-router.test.ts
PASS src/components/loading/__tests__/Spinner.test.tsx
PASS src/lib/__tests__/api-final.test.ts
PASS src/lib/__tests__/api.test.ts
PASS src/lib/animations/__tests__/animations.test.ts
PASS src/lib/__tests__/errors.test.ts
PASS src/types/__tests__/index.test.ts
PASS src/__tests__/pages/api/health.test.ts
PASS src/lib/__tests__/logger.test.ts
PASS src/types/__tests__/auth.test.ts
PASS src/types/__tests__/api.test.ts
PASS src/lib/__tests__/errorUtils.test.ts
PASS src/components/__tests__/DiffSummary.test.tsx
PASS src/components/editor/__tests__/EditorToolbar.test.tsx
PASS src/__tests__/pages/settings.test.tsx (22.494 s)
  ● Console

    console.error
      An update to SettingsPage inside a test was not wrapped in act(...).
      
      When testing, code that causes React state updates should be wrapped into act(...):
      
      act(() => {
        /* fire events that update state */
      });
      /* assert on the output */
      
      This ensures that you're testing the behavior the user would see in the browser. Learn more at https://react.dev/link/wrap-tests-with-act

    [0m [90m 373 |[39m       [36mreturn[39m[33m;[39m
     [90m 374 |[39m     }
    [31m[1m>[22m[39m[90m 375 |[39m     originalError[33m.[39mcall(console[33m,[39m [33m...[39margs)[33m;[39m
     [90m     |[39m                   [31m[1m^[22m[39m
     [90m 376 |[39m   }[33m;[39m
     [90m 377 |[39m })[33m;[39m
     [90m 378 |[39m[0m

      at console.call [as error] (jest.setup.js:375:19)
      at node_modules/.pnpm/react-dom@19.2.0_react@19.2.0/node_modules/react-dom/cjs/react-dom-client.development.js:18758:19
      at runWithFiberInDEV (node_modules/.pnpm/react-dom@19.2.0_react@19.2.0/node_modules/react-dom/cjs/react-dom-client.development.js:874:13)
      at warnIfUpdatesNotWrappedWithActDEV (node_modules/.pnpm/react-dom@19.2.0_react@19.2.0/node_modules/react-dom/cjs/react-dom-client.development.js:18757:9)
      at scheduleUpdateOnFiber (node_modules/.pnpm/react-dom@19.2.0_react@19.2.0/node_modules/react-dom/cjs/react-dom-client.development.js:16409:11)
      at dispatchSetStateInternal (node_modules/.pnpm/react-dom@19.2.0_react@19.2.0/node_modules/react-dom/cjs/react-dom-client.development.js:9170:13)
      at dispatchSetState (node_modules/.pnpm/react-dom@19.2.0_react@19.2.0/node_modules/react-dom/cjs/react-dom-client.development.js:9127:7)
      at setProfile (src/pages/settings.tsx:122:7)

    console.error
      An update to SettingsPage inside a test was not wrapped in act(...).
      
      When testing, code that causes React state updates should be wrapped into act(...):
      
      act(() => {
        /* fire events that update state */
      });
      /* assert on the output */
      
      This ensures that you're testing the behavior the user would see in the browser. Learn more at https://react.dev/link/wrap-tests-with-act

    [0m [90m 373 |[39m       [36mreturn[39m[33m;[39m
     [90m 374 |[39m     }
    [31m[1m>[22m[39m[90m 375 |[39m     originalError[33m.[39mcall(console[33m,[39m [33m...[39margs)[33m;[39m
     [90m     |[39m                   [31m[1m^[22m[39m
     [90m 376 |[39m   }[33m;[39m
     [90m 377 |[39m })[33m;[39m
     [90m 378 |[39m[0m

      at console.call [as error] (jest.setup.js:375:19)
      at node_modules/.pnpm/react-dom@19.2.0_react@19.2.0/node_modules/react-dom/cjs/react-dom-client.development.js:18758:19
      at runWithFiberInDEV (node_modules/.pnpm/react-dom@19.2.0_react@19.2.0/node_modules/react-dom/cjs/react-dom-client.development.js:874:13)
      at warnIfUpdatesNotWrappedWithActDEV (node_modules/.pnpm/react-dom@19.2.0_react@19.2.0/node_modules/react-dom/cjs/react-dom-client.development.js:18757:9)
      at scheduleUpdateOnFiber (node_modules/.pnpm/react-dom@19.2.0_react@19.2.0/node_modules/react-dom/cjs/react-dom-client.development.js:16409:11)
      at dispatchSetStateInternal (node_modules/.pnpm/react-dom@19.2.0_react@19.2.0/node_modules/react-dom/cjs/react-dom-client.development.js:9170:13)
      at dispatchSetState (node_modules/.pnpm/react-dom@19.2.0_react@19.2.0/node_modules/react-dom/cjs/react-dom-client.development.js:9127:7)
      at setDisplayName (src/pages/settings.tsx:123:7)

    console.error
      An update to SettingsPage inside a test was not wrapped in act(...).
      
      When testing, code that causes React state updates should be wrapped into act(...):
      
      act(() => {
        /* fire events that update state */
      });
      /* assert on the output */
      
      This ensures that you're testing the behavior the user would see in the browser. Learn more at https://react.dev/link/wrap-tests-with-act

    [0m [90m 373 |[39m       [36mreturn[39m[33m;[39m
     [90m 374 |[39m     }
    [31m[1m>[22m[39m[90m 375 |[39m     originalError[33m.[39mcall(console[33m,[39m [33m...[39margs)[33m;[39m
     [90m     |[39m                   [31m[1m^[22m[39m
     [90m 376 |[39m   }[33m;[39m
     [90m 377 |[39m })[33m;[39m
     [90m 378 |[39m[0m

      at console.call [as error] (jest.setup.js:375:19)
      at node_modules/.pnpm/react-dom@19.2.0_react@19.2.0/node_modules/react-dom/cjs/react-dom-client.development.js:18758:19
      at runWithFiberInDEV (node_modules/.pnpm/react-dom@19.2.0_react@19.2.0/node_modules/react-dom/cjs/react-dom-client.development.js:874:13)
      at warnIfUpdatesNotWrappedWithActDEV (node_modules/.pnpm/react-dom@19.2.0_react@19.2.0/node_modules/react-dom/cjs/react-dom-client.development.js:18757:9)
      at scheduleUpdateOnFiber (node_modules/.pnpm/react-dom@19.2.0_react@19.2.0/node_modules/react-dom/cjs/react-dom-client.development.js:16409:11)
      at dispatchSetStateInternal (node_modules/.pnpm/react-dom@19.2.0_react@19.2.0/node_modules/react-dom/cjs/react-dom-client.development.js:9170:13)
      at dispatchSetState (node_modules/.pnpm/react-dom@19.2.0_react@19.2.0/node_modules/react-dom/cjs/react-dom-client.development.js:9127:7)
      at setEmail (src/pages/settings.tsx:124:7)

    console.error
      An update to SettingsPage inside a test was not wrapped in act(...).
      
      When testing, code that causes React state updates should be wrapped into act(...):
      
      act(() => {
        /* fire events that update state */
      });
      /* assert on the output */
      
      This ensures that you're testing the behavior the user would see in the browser. Learn more at https://react.dev/link/wrap-tests-with-act

    [0m [90m 373 |[39m       [36mreturn[39m[33m;[39m
     [90m 374 |[39m     }
    [31m[1m>[22m[39m[90m 375 |[39m     originalError[33m.[39mcall(console[33m,[39m [33m...[39margs)[33m;[39m
     [90m     |[39m                   [31m[1m^[22m[39m
     [90m 376 |[39m   }[33m;[39m
     [90m 377 |[39m })[33m;[39m
     [90m 378 |[39m[0m

      at console.call [as error] (jest.setup.js:375:19)
      at node_modules/.pnpm/react-dom@19.2.0_react@19.2.0/node_modules/react-dom/cjs/react-dom-client.development.js:18758:19
      at runWithFiberInDEV (node_modules/.pnpm/react-dom@19.2.0_react@19.2.0/node_modules/react-dom/cjs/react-dom-client.development.js:874:13)
      at warnIfUpdatesNotWrappedWithActDEV (node_modules/.pnpm/react-dom@19.2.0_react@19.2.0/node_modules/react-dom/cjs/react-dom-client.development.js:18757:9)
      at scheduleUpdateOnFiber (node_modules/.pnpm/react-dom@19.2.0_react@19.2.0/node_modules/react-dom/cjs/react-dom-client.development.js:16409:11)
      at dispatchSetStateInternal (node_modules/.pnpm/react-dom@19.2.0_react@19.2.0/node_modules/react-dom/cjs/react-dom-client.development.js:9170:13)
      at dispatchSetState (node_modules/.pnpm/react-dom@19.2.0_react@19.2.0/node_modules/react-dom/cjs/react-dom-client.development.js:9127:7)
      at setError (src/pages/settings.tsx:125:7)

    console.error
      An update to SettingsPage inside a test was not wrapped in act(...).
      
      When testing, code that causes React state updates should be wrapped into act(...):
      
      act(() => {
        /* fire events that update state */
      });
      /* assert on the output */
      
      This ensures that you're testing the behavior the user would see in the browser. Learn more at https://react.dev/link/wrap-tests-with-act

    [0m [90m 373 |[39m       [36mreturn[39m[33m;[39m
     [90m 374 |[39m     }
    [31m[1m>[22m[39m[90m 375 |[39m     originalError[33m.[39mcall(console[33m,[39m [33m...[39margs)[33m;[39m
     [90m     |[39m                   [31m[1m^[22m[39m
     [90m 376 |[39m   }[33m;[39m
     [90m 377 |[39m })[33m;[39m
     [90m 378 |[39m[0m

      at console.call [as error] (jest.setup.js:375:19)
      at node_modules/.pnpm/react-dom@19.2.0_react@19.2.0/node_modules/react-dom/cjs/react-dom-client.development.js:18758:19
      at runWithFiberInDEV (node_modules/.pnpm/react-dom@19.2.0_react@19.2.0/node_modules/react-dom/cjs/react-dom-client.development.js:874:13)
      at warnIfUpdatesNotWrappedWithActDEV (node_modules/.pnpm/react-dom@19.2.0_react@19.2.0/node_modules/react-dom/cjs/react-dom-client.development.js:18757:9)
      at scheduleUpdateOnFiber (node_modules/.pnpm/react-dom@19.2.0_react@19.2.0/node_modules/react-dom/cjs/react-dom-client.development.js:16409:11)
      at dispatchSetStateInternal (node_modules/.pnpm/react-dom@19.2.0_react@19.2.0/node_modules/react-dom/cjs/react-dom-client.development.js:9170:13)
      at dispatchSetState (node_modules/.pnpm/react-dom@19.2.0_react@19.2.0/node_modules/react-dom/cjs/react-dom-client.development.js:9127:7)
      at setLoading (src/pages/settings.tsx:130:7)

    console.error
      An update to SettingsPage inside a test was not wrapped in act(...).
      
      When testing, code that causes React state updates should be wrapped into act(...):
      
      act(() => {
        /* fire events that update state */
      });
      /* assert on the output */
      
      This ensures that you're testing the behavior the user would see in the browser. Learn more at https://react.dev/link/wrap-tests-with-act

    [0m [90m 373 |[39m       [36mreturn[39m[33m;[39m
     [90m 374 |[39m     }
    [31m[1m>[22m[39m[90m 375 |[39m     originalError[33m.[39mcall(console[33m,[39m [33m...[39margs)[33m;[39m
     [90m     |[39m                   [31m[1m^[22m[39m
     [90m 376 |[39m   }[33m;[39m
     [90m 377 |[39m })[33m;[39m
     [90m 378 |[39m[0m

      at console.call [as error] (jest.setup.js:375:19)
      at node_modules/.pnpm/react-dom@19.2.0_react@19.2.0/node_modules/react-dom/cjs/react-dom-client.development.js:18758:19
      at runWithFiberInDEV (node_modules/.pnpm/react-dom@19.2.0_react@19.2.0/node_modules/react-dom/cjs/react-dom-client.development.js:874:13)
      at warnIfUpdatesNotWrappedWithActDEV (node_modules/.pnpm/react-dom@19.2.0_react@19.2.0/node_modules/react-dom/cjs/react-dom-client.development.js:18757:9)
      at scheduleUpdateOnFiber (node_modules/.pnpm/react-dom@19.2.0_react@19.2.0/node_modules/react-dom/cjs/react-dom-client.development.js:16409:11)
      at dispatchSetStateInternal (node_modules/.pnpm/react-dom@19.2.0_react@19.2.0/node_modules/react-dom/cjs/react-dom-client.development.js:9170:13)
      at dispatchSetState (node_modules/.pnpm/react-dom@19.2.0_react@19.2.0/node_modules/react-dom/cjs/react-dom-client.development.js:9127:7)
      at setLinkedAccounts (src/pages/settings.tsx:152:9)

    console.error
      Failed to load 2FA status: Error: Network error
          at Object.<anonymous> (D:\Repositories\meepleai-monorepo\apps\web\src\__tests__\pages\settings.test.tsx:1357:52)
          at Promise.finally.completed (D:\Repositories\meepleai-monorepo\apps\web\node_modules\.pnpm\jest-circus@30.2.0\node_modules\jest-circus\build\jestAdapterInit.js:1557:28)
          at new Promise (<anonymous>)
          at callAsyncCircusFn (D:\Repositories\meepleai-monorepo\apps\web\node_modules\.pnpm\jest-circus@30.2.0\node_modules\jest-circus\build\jestAdapterInit.js:1497:10)
          at _callCircusTest (D:\Repositories\meepleai-monorepo\apps\web\node_modules\.pnpm\jest-circus@30.2.0\node_modules\jest-circus\build\jestAdapterInit.js:1007:40)
          at _runTest (D:\Repositories\meepleai-monorepo\apps\web\node_modules\.pnpm\jest-circus@30.2.0\node_modules\jest-circus\build\jestAdapterInit.js:947:3)
          at D:\Repositories\meepleai-monorepo\apps\web\node_modules\.pnpm\jest-circus@30.2.0\node_modules\jest-circus\build\jestAdapterInit.js:849:7
          at _runTestsForDescribeBlock (D:\Repositories\meepleai-monorepo\apps\web\node_modules\.pnpm\jest-circus@30.2.0\node_modules\jest-circus\build\jestAdapterInit.js:862:11)
          at _runTestsForDescribeBlock (D:\Repositories\meepleai-monorepo\apps\web\node_modules\.pnpm\jest-circus@30.2.0\node_modules\jest-circus\build\jestAdapterInit.js:857:11)
          at _runTestsForDescribeBlock (D:\Repositories\meepleai-monorepo\apps\web\node_modules\.pnpm\jest-circus@30.2.0\node_modules\jest-circus\build\jestAdapterInit.js:857:11)
          at run (D:\Repositories\meepleai-monorepo\apps\web\node_modules\.pnpm\jest-circus@30.2.0\node_modules\jest-circus\build\jestAdapterInit.js:761:3)
          at runAndTransformResultsToJestFormat (D:\Repositories\meepleai-monorepo\apps\web\node_modules\.pnpm\jest-circus@30.2.0\node_modules\jest-circus\build\jestAdapterInit.js:1918:21)
          at jestAdapter (D:\Repositories\meepleai-monorepo\apps\web\node_modules\.pnpm\jest-circus@30.2.0\node_modules\jest-circus\build\runner.js:101:19)
          at runTestInternal (D:\Repositories\meepleai-monorepo\apps\web\node_modules\.pnpm\jest-runner@30.2.0\node_modules\jest-runner\build\testWorker.js:275:16)
          at runTest (D:\Repositories\meepleai-monorepo\apps\web\node_modules\.pnpm\jest-runner@30.2.0\node_modules\jest-runner\build\testWorker.js:343:7)
          at Object.worker (D:\Repositories\meepleai-monorepo\apps\web\node_modules\.pnpm\jest-runner@30.2.0\node_modules\jest-runner\build\testWorker.js:497:12)

    [0m [90m 373 |[39m       [36mreturn[39m[33m;[39m
     [90m 374 |[39m     }
    [31m[1m>[22m[39m[90m 375 |[39m     originalError[33m.[39mcall(console[33m,[39m [33m...[39margs)[33m;[39m
     [90m     |[39m                   [31m[1m^[22m[39m
     [90m 376 |[39m   }[33m;[39m
     [90m 377 |[39m })[33m;[39m
     [90m 378 |[39m[0m

      at console.call [as error] (jest.setup.js:375:19)
      at error (src/pages/settings.tsx:139:15)

PASS src/__tests__/pages/upload.test.tsx (33.747 s)
  ● Console

    console.error
      Failed to create game ApiError: Game already exists
          at createApiError (D:\Repositories\meepleai-monorepo\apps\web\src\lib\api.ts:422:10)
          at Object.post (D:\Repositories\meepleai-monorepo\apps\web\src\lib\api.ts:451:13)
          at D:\Repositories\meepleai-monorepo\apps\web\src\hooks\wizard\useGames.ts:68:25
          at D:\Repositories\meepleai-monorepo\apps\web\src\pages\upload.tsx:102:21
          at handleCreate (D:\Repositories\meepleai-monorepo\apps\web\src\components\game\GamePicker.tsx:63:7) {
        statusCode: 400,
        correlationId: 'test-correlation-1763170543783',
        response: {
          ok: false,
          status: 400,
          statusText: 'Error',
          headers: {
            get: [Function: get],
            has: [Function: has],
            forEach: [Function: forEach],
            entries: [Function: entries],
            keys: [Function: keys],
            values: [Function: values]
          },
          json: [Function: json]
        }
      }

    [0m [90m 373 |[39m       [36mreturn[39m[33m;[39m
     [90m 374 |[39m     }
    [31m[1m>[22m[39m[90m 375 |[39m     originalError[33m.[39mcall(console[33m,[39m [33m...[39margs)[33m;[39m
     [90m     |[39m                   [31m[1m^[22m[39m
     [90m 376 |[39m   }[33m;[39m
     [90m 377 |[39m })[33m;[39m
     [90m 378 |[39m[0m

      at console.call [as error] (jest.setup.js:375:19)
      at error (src/hooks/wizard/useGames.ts:74:17)
      at src/pages/upload.tsx:102:21
      at handleCreate (src/components/game/GamePicker.tsx:63:7)

    console.error
      Failed to create game ApiError: Network error
          at createApiError (D:\Repositories\meepleai-monorepo\apps\web\src\lib\api.ts:422:10)
          at Object.post (D:\Repositories\meepleai-monorepo\apps\web\src\lib\api.ts:451:13)
          at D:\Repositories\meepleai-monorepo\apps\web\src\hooks\wizard\useGames.ts:68:25
          at D:\Repositories\meepleai-monorepo\apps\web\src\pages\upload.tsx:102:21
          at handleCreate (D:\Repositories\meepleai-monorepo\apps\web\src\components\game\GamePicker.tsx:63:7) {
        statusCode: 500,
        correlationId: 'test-correlation-1763170544127',
        response: {
          ok: false,
          status: 500,
          statusText: 'Internal Server Error',
          headers: {
            get: [Function: get],
            has: [Function: has],
            forEach: [Function: forEach],
            entries: [Function: entries],
            keys: [Function: keys],
            values: [Function: values]
          },
          json: [Function: json]
        }
      }

    [0m [90m 373 |[39m       [36mreturn[39m[33m;[39m
     [90m 374 |[39m     }
    [31m[1m>[22m[39m[90m 375 |[39m     originalError[33m.[39mcall(console[33m,[39m [33m...[39margs)[33m;[39m
     [90m     |[39m                   [31m[1m^[22m[39m
     [90m 376 |[39m   }[33m;[39m
     [90m 377 |[39m })[33m;[39m
     [90m 378 |[39m[0m

      at console.call [as error] (jest.setup.js:375:19)
      at error (src/hooks/wizard/useGames.ts:74:17)
      at src/pages/upload.tsx:102:21
      at handleCreate (src/components/game/GamePicker.tsx:63:7)


Test Suites: 2 skipped, 159 passed, 159 of 161 total
Tests:       63 skipped, 4263 passed, 4326 total
Snapshots:   13 passed, 13 total
Time:        37.731 s
Ran all test suites.

🧹 Running cleanup script to kill hanging test processes...
=== Test Process Cleanup ===
Memory threshold: 100 MB
 ELIFECYCLE  Test failed. See above for more details.
Write-Host : Errore interno Win32 "Nessun altro processo all'altra estremit� 
della pipe" 0xE9 durante il recupero delle informazioni sul buffer di output 
della console. Contattare il Servizio Supporto Tecnico Clienti Microsoft.
In D:\Repositories\meepleai-monorepo\tools\cleanup-test-processes.ps1:88 car:25
+ ...             Write-Host "[ERROR] Failed to kill $procInfo : $_" -Foreg ...
+                 ~~~~~~~~~~~~~~~~~~~~~~~~~~~~~~~~~~~~~~~~~~~~~~~~~~~~~~~~~
    + CategoryInfo          : ResourceUnavailable: (:) [Write-Host], 
HostException
    + FullyQualifiedErrorId : 
GetConsoleScreenBufferInfo,Microsoft.PowerShell.Commands.WriteHostCommand
 
Write-Host : Errore interno Win32 "Nessun altro processo all'altra estremit� 
della pipe" 0xE9 durante il recupero delle informazioni sul buffer di output 
della console. Contattare il Servizio Supporto Tecnico Clienti Microsoft.
In D:\Repositories\meepleai-monorepo\tools\cleanup-test-processes.ps1:98 car:1
+ Write-Host "`n=== Summary ===" -ForegroundColor Cyan
+ ~~~~~~~~~~~~~~~~~~~~~~~~~~~~~~~~~~~~~~~~~~~~~~~~~~~~
    + CategoryInfo          : ResourceUnavailable: (:) [Write-Host], 
HostException
    + FullyQualifiedErrorId : 
GetConsoleScreenBufferInfo,Microsoft.PowerShell.Commands.WriteHostCommand
 
Write-Host : Errore interno Win32 "Nessun altro processo all'altra estremit� 
della pipe" 0xE9 durante il recupero delle informazioni sul buffer di output 
della console. Contattare il Servizio Supporto Tecnico Clienti Microsoft.
In D:\Repositories\meepleai-monorepo\tools\cleanup-test-processes.ps1:102 car:5
+     Write-Host "Killed $killedCount hanging test processes." -Foregro ...
+     ~~~~~~~~~~~~~~~~~~~~~~~~~~~~~~~~~~~~~~~~~~~~~~~~~~~~~~~~~~~~~~~~~
    + CategoryInfo          : ResourceUnavailable: (:) [Write-Host], 
HostException
    + FullyQualifiedErrorId : 
GetConsoleScreenBufferInfo,Microsoft.PowerShell.Commands.WriteHostCommand
 
Write-Host : Errore interno Win32 "Nessun altro processo all'altra estremit� 
della pipe" 0xE9 durante il recupero delle informazioni sul buffer di output 
della console. Contattare il Servizio Supporto Tecnico Clienti Microsoft.
In D:\Repositories\meepleai-monorepo\tools\cleanup-test-processes.ps1:114 car:1
+ Write-Host "`nMemory: $usedMemoryGB GB / $totalMemoryGB GB ($usagePer ...
+ ~~~~~~~~~~~~~~~~~~~~~~~~~~~~~~~~~~~~~~~~~~~~~~~~~~~~~~~~~~~~~~~~~~~~~
    + CategoryInfo          : ResourceUnavailable: (:) [Write-Host], 
HostException
    + FullyQualifiedErrorId : 
GetConsoleScreenBufferInfo,Microsoft.PowerShell.Commands.WriteHostCommand
 
