// Jest Snapshot v1, https://jestjs.io/docs/snapshot-testing

exports[`LoadingButton Snapshot tests should match snapshot in default state 1`] = `
<button
  aria-busy="false"
  aria-live="polite"
  class="
        inline-flex items-center justify-center gap-2
        transition-opacity duration-200
        
        
      "
  type="button"
>
  Submit
</button>
`;

exports[`LoadingButton Snapshot tests should match snapshot in loading state 1`] = `
<button
  aria-busy="true"
  aria-live="polite"
  class="
        inline-flex items-center justify-center gap-2
        transition-opacity duration-200
        opacity-70 cursor-not-allowed
        
      "
  disabled=""
  type="button"
>
  <div
    class="inline-block animate-spin "
  >
    <svg
      aria-hidden="true"
      fill="none"
      height="24"
      viewBox="0 0 24 24"
      width="24"
      xmlns="http://www.w3.org/2000/svg"
    >
      <circle
        class="opacity-25"
        cx="12"
        cy="12"
        r="10"
        stroke="currentColor"
        stroke-width="4"
      />
      <path
        class="opacity-75"
        d="M4 12a8 8 0 018-8V0C5.373 0 0 5.373 0 12h4zm2 5.291A7.962 7.962 0 014 12H0c0 3.042 1.135 5.824 3 7.938l3-2.647z"
        fill="currentColor"
      />
    </svg>
  </div>
  Processing...
</button>
`;
